[  +23 ms] executing: sysctl hw.optional.arm64
[  +15 ms] Exit code 0 from: sysctl hw.optional.arm64
[        ] hw.optional.arm64: 1
[  +34 ms] Found 22 files which will be executed as Integration Tests.
[   +4 ms] Artifact Instance of 'AndroidGenSnapshotArtifacts' is not required, skipping update.
[        ] Artifact Instance of 'AndroidInternalBuildArtifacts' is not required, skipping update.
[        ] Artifact Instance of 'IOSEngineArtifacts' is not required, skipping update.
[        ] Artifact Instance of 'FlutterWebSdk' is not required, skipping update.
[        ] Artifact Instance of 'LegacyCanvasKitRemover' is not required, skipping update.
[   +1 ms] Artifact Instance of 'WindowsEngineArtifacts' is not required, skipping update.
[        ] Artifact Instance of 'MacOSEngineArtifacts' is not required, skipping update.
[        ] Artifact Instance of 'LinuxEngineArtifacts' is not required, skipping update.
[        ] Artifact Instance of 'LinuxFuchsiaSDKArtifacts' is not required, skipping update.
[        ] Artifact Instance of 'MacOSFuchsiaSDKArtifacts' is not required, skipping update.
[        ] Artifact Instance of 'FlutterRunnerSDKArtifacts' is not required, skipping update.
[        ] Artifact Instance of 'FlutterRunnerDebugSymbols' is not required, skipping update.
[  +42 ms] executing: /Users/carl.stanley/Library/Android/sdk/platform-tools/adb devices -l
[   +7 ms] executing: sysctl hw.optional.arm64
[   +3 ms] Exit code 0 from: sysctl hw.optional.arm64
[        ] hw.optional.arm64: 1
[        ] executing: /usr/bin/arch -arm64e xcrun xcodebuild -version
[ +208 ms] Exit code 0 from: /usr/bin/arch -arm64e xcrun xcodebuild -version
[        ] Xcode 16.0
           Build version 16A242d
[   +1 ms] executing: /usr/bin/arch -arm64e xcrun xcdevice list --timeout 2
[        ] executing: /usr/bin/arch -arm64e xcrun simctl list devices booted
[ +109 ms] /usr/bin/arch -arm64e xcrun simctl list devices booted iOS --json
[        ] executing: /usr/bin/arch -arm64e xcrun simctl list devices booted iOS --json
[  +19 ms] List of devices attached
[  +88 ms] {
             "devices" : {
               "com.apple.CoreSimulator.SimRuntime.iOS-18-0" : [
                 {
                   "lastBootedAt" : "2025-08-05T06:24:12Z",
                   "dataPath" : "\/Users\/carl.stanley\/Library\/Developer\/CoreSimulator\/Devices\/00724C24-F12F-4CA6-A33E-8FD8714B05CA\/data",
                   "dataPathSize" : 3606081536,
                   "logPath" : "\/Users\/carl.stanley\/Library\/Logs\/CoreSimulator\/00724C24-F12F-4CA6-A33E-8FD8714B05CA",
                   "udid" : "00724C24-F12F-4CA6-A33E-8FD8714B05CA",
                   "isAvailable" : true,
                   "logPathSize" : 507904,
                   "deviceTypeIdentifier" : "com.apple.CoreSimulator.SimDeviceType.iPhone-16-Pro",
                   "state" : "Booted",
                   "name" : "iPhone 16 Pro"
                 }
               ]
             }
           }
[+2861 ms] [
             {
               "simulator" : true,
               "operatingSystemVersion" : "18.0 (22A3351)",
               "available" : true,
               "platform" : "com.apple.platform.iphonesimulator",
               "modelCode" : "iPhone17,1",
               "identifier" : "00724C24-F12F-4CA6-A33E-8FD8714B05CA",
               "architecture" : "arm64",
               "modelUTI" : "com.apple.iphone-16-pro-1",
               "modelName" : "iPhone 16 Pro",
               "name" : "iPhone 16 Pro",
               "ignored" : false
             },
             {
               "ignored" : false,
               "modelCode" : "Mac14,10",
               "simulator" : false,
               "modelName" : "MacBook Pro",
               "operatingSystemVersion" : "15.6 (24G84)",
               "identifier" : "00006020-000E51903C33C01E",
               "platform" : "com.apple.platform.macosx",
               "architecture" : "arm64e",
               "interface" : "usb",
               "available" : true,
               "name" : "My Mac",
               "modelUTI" : "com.apple.macbookpro-16-2023"
             },
             {
               "simulator" : true,
               "operatingSystemVersion" : "18.0 (22A3351)",
               "available" : true,
               "platform" : "com.apple.platform.iphonesimulator",
               "modelCode" : "iPad16,6",
               "identifier" : "4B1444FC-5508-4152-A43D-1DE9FCF5A0E3",
               "architecture" : "arm64",
               "modelUTI" : "com.apple.ipad-pro-m4-13-1",
               "modelName" : "iPad Pro 13-inch (M4)",
               "name" : "iPad Pro 13-inch (M4)",
               "ignored" : false
             },
             {
               "simulator" : true,
               "operatingSystemVersion" : "18.0 (22A3351)",
               "available" : true,
               "platform" : "com.apple.platform.iphonesimulator",
               "modelCode" : "iPhone17,4",
               "identifier" : "6748A807-5AE1-4FB6-9AAC-F1F2AF914679",
               "architecture" : "arm64",
               "modelUTI" : "com.apple.iphone-16-plus-1",
               "modelName" : "iPhone 16 Plus",
               "name" : "iPhone 16 Plus",
               "ignored" : false
             },
             {
               "simulator" : true,
               "operatingSystemVersion" : "18.0 (22A3351)",
               "available" : true,
               "platform" : "com.apple.platform.iphonesimulator",
               "modelCode" : "iPad16,4",
               "identifier" : "26302D8F-88C5-4DD0-A134-B2E8A55B0097",
               "architecture" : "arm64",
               "modelUTI" : "com.apple.ipad-pro-m4-1",
               "modelName" : "iPad Pro 11-inch (M4)",
               "name" : "iPad Pro 11-inch (M4)",
               "ignored" : false
             },
             {
               "simulator" : true,
               "operatingSystemVersion" : "18.0 (22A3351)",
               "available" : true,
               "platform" : "com.apple.platform.iphonesimulator",
               "modelCode" : "iPhone14,6",
               "identifier" : "36B1EC5C-3224-4116-B280-55CC970AB1E2",
               "architecture" : "arm64",
               "modelUTI" : "com.apple.iphone-se3-1",
               "modelName" : "iPhone SE (3rd generation)",
               "name" : "iPhone SE (3rd generation)",
               "ignored" : false
             },
             {
               "simulator" : true,
               "operatingSystemVersion" : "18.0 (22A3351)",
               "available" : true,
               "platform" : "com.apple.platform.iphonesimulator",
               "modelCode" : "iPad14,9",
               "identifier" : "CA70008D-FDE6-437C-BB4A-3E3800C502AA",
               "architecture" : "arm64",
               "modelUTI" : "com.apple.ipad-air-m2-1",
               "modelName" : "iPad Air 11-inch (M2)",
               "name" : "iPad Air 11-inch (M2)",
               "ignored" : false
             },
             {
               "simulator" : true,
               "operatingSystemVersion" : "18.0 (22A3351)",
               "available" : true,
               "platform" : "com.apple.platform.iphonesimulator",
               "modelCode" : "iPad13,18",
               "identifier" : "02C17C6C-44C5-4F52-8E87-F685FC95425B",
               "architecture" : "arm64",
               "modelUTI" : "com.apple.ipad-10-1",
               "modelName" : "iPad (10th generation)",
               "name" : "iPad (10th generation)",
               "ignored" : false
             },
             {
               "simulator" : true,
               "operatingSystemVersion" : "18.0 (22A3351)",
               "available" : true,
               "platform" : "com.apple.platform.iphonesimulator",
               "modelCode" : "iPad14,1",
               "identifier" : "809853C7-C4F8-49B3-9615-B524CE60E222",
               "architecture" : "arm64",
               "modelUTI" : "com.apple.ipad-mini6-1",
               "modelName" : "iPad mini (6th generation)",
               "name" : "iPad mini (6th generation)",
               "ignored" : false
             },
             {
               "simulator" : true,
               "operatingSystemVersion" : "18.0 (22A3351)",
               "available" : true,
               "platform" : "com.apple.platform.iphonesimulator",
               "modelCode" : "iPhone17,3",
               "identifier" : "FDC0A1F1-A967-41A5-8FDF-09FA889BC9A7",
               "architecture" : "arm64",
               "modelUTI" : "com.apple.iphone-16-1",
               "modelName" : "iPhone 16",
               "name" : "iPhone 16",
               "ignored" : false
             },
             {
               "simulator" : true,
               "operatingSystemVersion" : "18.0 (22A3351)",
               "available" : true,
               "platform" : "com.apple.platform.iphonesimulator",
               "modelCode" : "iPhone17,2",
               "identifier" : "2877D605-783A-4A20-96F2-A1D353CCA2C0",
               "architecture" : "arm64",
               "modelUTI" : "com.apple.iphone-16-pro-max-1",
               "modelName" : "iPhone 16 Pro Max",
               "name" : "iPhone 16 Pro Max",
               "ignored" : false
             },
             {
               "simulator" : true,
               "operatingSystemVersion" : "18.0 (22A3351)",
               "available" : true,
               "platform" : "com.apple.platform.iphonesimulator",
               "modelCode" : "iPad14,11",
               "identifier" : "C27A5D89-3F90-453C-A214-ABA6FCFF7047",
               "architecture" : "arm64",
               "modelUTI" : "com.apple.ipad-air-m2-13-1",
               "modelName" : "iPad Air 13-inch (M2)",
               "name" : "iPad Air 13-inch (M2)",
               "ignored" : false
             }
           ]
[   +1 ms] executing: /usr/bin/arch -arm64e xcrun devicectl --version
[  +75 ms] executing: /usr/bin/arch -arm64e xcrun devicectl list devices --timeout 5 --json-output /var/folders/20/skb3d8qx2hn9r9z8036y32g40000gp/T/flutter_tools.MwIZIg/core_devices.1JE1Ld/core_device_list.json
[  +54 ms] No devices found.
[        ] {
             "info" : {
               "arguments" : [
                 "devicectl",
                 "list",
                 "devices",
                 "--timeout",
                 "5",
                 "--json-output",
                 "/var/folders/20/skb3d8qx2hn9r9z8036y32g40000gp/T/flutter_tools.MwIZIg/core_devices.1JE1Ld/core_device_list.json"
               ],
               "commandType" : "devicectl.list.devices",
               "environment" : {
                 "TERM" : "xterm-256color"
               },
               "jsonVersion" : 2,
               "outcome" : "success",
               "version" : "397.21"
             },
             "result" : {
               "devices" : [

               ]
             }
           }

[   +3 ms] Artifact Instance of 'AndroidGenSnapshotArtifacts' is not required, skipping update.
[        ] Artifact Instance of 'AndroidInternalBuildArtifacts' is not required, skipping update.
[   +3 ms] Artifact Instance of 'WindowsEngineArtifacts' is not required, skipping update.
[        ] Artifact Instance of 'LinuxEngineArtifacts' is not required, skipping update.
[        ] Artifact Instance of 'LinuxFuchsiaSDKArtifacts' is not required, skipping update.
[        ] Artifact Instance of 'MacOSFuchsiaSDKArtifacts' is not required, skipping update.
[        ] Artifact Instance of 'FlutterRunnerSDKArtifacts' is not required, skipping update.
[        ] Artifact Instance of 'FlutterRunnerDebugSymbols' is not required, skipping update.
[  +40 ms] Skipping pub get: version match.
[   +8 ms] executing: [/Users/carl.stanley/sites/UKCPA/ukcpa_flutter/] /Users/carl.stanley/development/flutter/bin/cache/dart-sdk/bin/dart pub --suppress-analytics deps --json
[ +340 ms] {
             "root": "ukcpa_flutter",
             "packages": [
               {
                 "name": "ukcpa_flutter",
                 "version": "1.0.0+1",
                 "kind": "root",
                 "source": "root",
                 "dependencies": [
                   "flutter",
                   "flutter_localizations",
                   "flutter_riverpod",
                   "riverpod_annotation",
                   "graphql_flutter",
                   "go_router",
                   "flutter_secure_storage",
                   "hive_flutter",
                   "shared_preferences",
                   "flutter_screenutil",
                   "cached_network_image",
                   "shimmer",
                   "flutter_svg",
                   "lottie",
                   "flutter_form_builder",
                   "form_builder_validators",
                   "video_player",
                   "chewie",
                   "local_auth",
                   "intl",
                   "url_launcher",
                   "share_plus",
                   "connectivity_plus",
                   "device_info_plus",
                   "package_info_plus",
                   "permission_handler",
                   "table_calendar",
                   "flutter_datetime_picker_plus",
                   "dio",
                   "pretty_dio_logger",
                   "flutter_dotenv",
                   "logger",
                   "image_picker",
                   "image_cropper",
                   "flutter_markdown",
                   "cupertino_icons",
                   "flutter_launcher_icons",
                   "json_annotation",
                   "mcp_toolkit",
                   "flutter_test",
                   "flutter_lints",
                   "build_runner",
                   "riverpod_generator",
                   "json_serializable",
                   "freezed",
                   "freezed_annotation",
                   "mockito",
                   "integration_test"
                 ],
                 "directDependencies": [
                   "flutter",
                   "flutter_localizations",
                   "flutter_riverpod",
                   "riverpod_annotation",
                   "graphql_flutter",
                   "go_router",
                   "flutter_secure_storage",
                   "hive_flutter",
                   "shared_preferences",
                   "flutter_screenutil",
                   "cached_network_image",
                   "shimmer",
                   "flutter_svg",
                   "lottie",
                   "flutter_form_builder",
                   "form_builder_validators",
                   "video_player",
                   "chewie",
                   "local_auth",
                   "intl",
                   "url_launcher",
                   "share_plus",
                   "connectivity_plus",
                   "device_info_plus",
                   "package_info_plus",
                   "permission_handler",
                   "table_calendar",
                   "flutter_datetime_picker_plus",
                   "dio",
                   "pretty_dio_logger",
                   "flutter_dotenv",
                   "logger",
                   "image_picker",
                   "image_cropper",
                   "flutter_markdown",
                   "cupertino_icons",
                   "flutter_launcher_icons",
                   "json_annotation",
                   "mcp_toolkit"
                 ],
                 "devDependencies": [
                   "flutter_test",
                   "flutter_lints",
                   "build_runner",
                   "riverpod_generator",
                   "json_serializable",
                   "freezed",
                   "freezed_annotation",
                   "mockito",
                   "integration_test"
                 ]
               },
               {
                 "name": "integration_test",
                 "version": "0.0.0",
                 "kind": "dev",
                 "source": "sdk",
                 "dependencies": [
                   "flutter",
                   "flutter_driver",
                   "flutter_test",
                   "path",
                   "vm_service",
                   "async",
                   "boolean_selector",
                   "characters",
                   "clock",
                   "collection",
                   "fake_async",
                   "file",
                   "leak_tracker",
                   "leak_tracker_flutter_testing",
                   "leak_tracker_testing",
                   "matcher",
                   "material_color_utilities",
                   "meta",
                   "source_span",
                   "stack_trace",
                   "stream_channel",
                   "string_scanner",
                   "sync_http",
                   "term_glyph",
                   "test_api",
                   "vector_math",
                   "webdriver"
                 ],
                 "directDependencies": [
                   "flutter",
                   "flutter_driver",
                   "flutter_test",
                   "path",
                   "vm_service",
                   "async",
                   "boolean_selector",
                   "characters",
                   "clock",
                   "collection",
                   "fake_async",
                   "file",
                   "leak_tracker",
                   "leak_tracker_flutter_testing",
                   "leak_tracker_testing",
                   "matcher",
                   "material_color_utilities",
                   "meta",
                   "source_span",
                   "stack_trace",
                   "stream_channel",
                   "string_scanner",
                   "sync_http",
                   "term_glyph",
                   "test_api",
                   "vector_math",
                   "webdriver"
                 ]
               },
               {
                 "name": "webdriver",
                 "version": "3.1.0",
                 "kind": "transitive",
                 "source": "hosted",
                 "dependencies": [
                   "matcher",
                   "path",
                   "stack_trace",
                   "sync_http"
                 ],
                 "directDependencies": [
                   "matcher",
                   "path",
                   "stack_trace",
                   "sync_http"
                 ]
               },
               {
                 "name": "sync_http",
                 "version": "0.3.1",
                 "kind": "transitive",
                 "source": "hosted",
                 "dependencies": [],
                 "directDependencies": []
               },
               {
                 "name": "stack_trace",
                 "version": "1.12.1",
                 "kind": "transitive",
                 "source": "hosted",
                 "dependencies": [
                   "path"
                 ],
                 "directDependencies": [
                   "path"
                 ]
               },
               {
                 "name": "path",
                 "version": "1.9.1",
                 "kind": "transitive",
                 "source": "hosted",
                 "dependencies": [],
                 "directDependencies": []
               },
               {
                 "name": "matcher",
                 "version": "0.12.17",
                 "kind": "transitive",
                 "source": "hosted",
                 "dependencies": [
                   "async",
                   "meta",
                   "stack_trace",
                   "term_glyph",
                   "test_api"
                 ],
                 "directDependencies": [
                   "async",
                   "meta",
                   "stack_trace",
                   "term_glyph",
                   "test_api"
                 ]
               },
               {
                 "name": "test_api",
                 "version": "0.7.4",
                 "kind": "transitive",
                 "source": "hosted",
                 "dependencies": [
                   "async",
                   "boolean_selector",
                   "collection",
                   "meta",
                   "source_span",
                   "stack_trace",
                   "stream_channel",
                   "string_scanner",
                   "term_glyph"
                 ],
                 "directDependencies": [
                   "async",
                   "boolean_selector",
                   "collection",
                   "meta",
                   "source_span",
                   "stack_trace",
                   "stream_channel",
                   "string_scanner",
                   "term_glyph"
                 ]
               },
               {
                 "name": "term_glyph",
                 "version": "1.2.2",
                 "kind": "transitive",
                 "source": "hosted",
                 "dependencies": [],
                 "directDependencies": []
               },
               {
                 "name": "string_scanner",
                 "version": "1.4.1",
                 "kind": "transitive",
                 "source": "hosted",
                 "dependencies": [
                   "source_span"
                 ],
                 "directDependencies": [
                   "source_span"
                 ]
               },
               {
                 "name": "source_span",
                 "version": "1.10.1",
                 "kind": "transitive",
                 "source": "hosted",
                 "dependencies": [
                   "collection",
                   "path",
                   "term_glyph"
                 ],
                 "directDependencies": [
                   "collection",
                   "path",
                   "term_glyph"
                 ]
               },
               {
                 "name": "collection",
                 "version": "1.19.1",
                 "kind": "transitive",
                 "source": "hosted",
                 "dependencies": [],
                 "directDependencies": []
               },
               {
                 "name": "stream_channel",
                 "version": "2.1.4",
                 "kind": "transitive",
                 "source": "hosted",
                 "dependencies": [
                   "async"
                 ],
                 "directDependencies": [
                   "async"
                 ]
               },
               {
                 "name": "async",
                 "version": "2.13.0",
                 "kind": "transitive",
                 "source": "hosted",
                 "dependencies": [
                   "collection",
                   "meta"
                 ],
                 "directDependencies": [
                   "collection",
                   "meta"
                 ]
               },
               {
                 "name": "meta",
                 "version": "1.16.0",
                 "kind": "transitive",
                 "source": "hosted",
                 "dependencies": [],
                 "directDependencies": []
               },
               {
                 "name": "boolean_selector",
                 "version": "2.1.2",
                 "kind": "transitive",
                 "source": "hosted",
                 "dependencies": [
                   "source_span",
                   "string_scanner"
                 ],
                 "directDependencies": [
                   "source_span",
                   "string_scanner"
                 ]
               },
               {
                 "name": "vector_math",
                 "version": "2.1.4",
                 "kind": "transitive",
                 "source": "hosted",
                 "dependencies": [],
                 "directDependencies": []
               },
               {
                 "name": "material_color_utilities",
                 "version": "0.11.1",
                 "kind": "transitive",
                 "source": "hosted",
                 "dependencies": [
                   "collection"
                 ],
                 "directDependencies": [
                   "collection"
                 ]
               },
               {
                 "name": "leak_tracker_testing",
                 "version": "3.0.1",
                 "kind": "transitive",
                 "source": "hosted",
                 "dependencies": [
                   "leak_tracker",
                   "matcher",
                   "meta"
                 ],
                 "directDependencies": [
                   "leak_tracker",
                   "matcher",
                   "meta"
                 ]
               },
               {
                 "name": "leak_tracker",
                 "version": "10.0.9",
                 "kind": "transitive",
                 "source": "hosted",
                 "dependencies": [
                   "clock",
                   "collection",
                   "meta",
                   "path",
                   "vm_service"
                 ],
                 "directDependencies": [
                   "clock",
                   "collection",
                   "meta",
                   "path",
                   "vm_service"
                 ]
               },
               {
                 "name": "vm_service",
                 "version": "15.0.0",
                 "kind": "transitive",
                 "source": "hosted",
                 "dependencies": [],
                 "directDependencies": []
               },
               {
                 "name": "clock",
                 "version": "1.1.2",
                 "kind": "transitive",
                 "source": "hosted",
                 "dependencies": [],
                 "directDependencies": []
               },
               {
                 "name": "leak_tracker_flutter_testing",
                 "version": "3.0.9",
                 "kind": "transitive",
                 "source": "hosted",
                 "dependencies": [
                   "flutter",
                   "leak_tracker",
                   "leak_tracker_testing",
                   "matcher",
                   "meta"
                 ],
                 "directDependencies": [
                   "flutter",
                   "leak_tracker",
                   "leak_tracker_testing",
                   "matcher",
                   "meta"
                 ]
               },
               {
                 "name": "flutter",
                 "version": "0.0.0",
                 "kind": "direct",
                 "source": "sdk",
                 "dependencies": [
                   "characters",
                   "collection",
                   "material_color_utilities",
                   "meta",
                   "vector_math",
                   "sky_engine"
                 ],
                 "directDependencies": [
                   "characters",
                   "collection",
                   "material_color_utilities",
                   "meta",
                   "vector_math",
                   "sky_engine"
                 ]
               },
               {
                 "name": "sky_engine",
                 "version": "0.0.0",
                 "kind": "transitive",
                 "source": "sdk",
                 "dependencies": [],
                 "directDependencies": []
               },
               {
                 "name": "characters",
                 "version": "1.4.0",
                 "kind": "transitive",
                 "source": "hosted",
                 "dependencies": [],
                 "directDependencies": []
               },
               {
                 "name": "file",
                 "version": "7.0.1",
                 "kind": "transitive",
                 "source": "hosted",
                 "dependencies": [
                   "meta",
                   "path"
                 ],
                 "directDependencies": [
                   "meta",
                   "path"
                 ]
               },
               {
                 "name": "fake_async",
                 "version": "1.3.3",
                 "kind": "transitive",
                 "source": "hosted",
                 "dependencies": [
                   "clock",
                   "collection"
                 ],
                 "directDependencies": [
                   "clock",
                   "collection"
                 ]
               },
               {
                 "name": "flutter_test",
                 "version": "0.0.0",
                 "kind": "dev",
                 "source": "sdk",
                 "dependencies": [
                   "flutter",
                   "test_api",
                   "matcher",
                   "path",
                   "fake_async",
                   "clock",
                   "stack_trace",
                   "vector_math",
                   "leak_tracker_flutter_testing",
                   "async",
                   "boolean_selector",
                   "characters",
                   "collection",
                   "leak_tracker",
                   "leak_tracker_testing",
                   "material_color_utilities",
                   "meta",
                   "source_span",
                   "stream_channel",
                   "string_scanner",
                   "term_glyph",
                   "vm_service"
                 ],
                 "directDependencies": [
                   "flutter",
                   "test_api",
                   "matcher",
                   "path",
                   "fake_async",
                   "clock",
                   "stack_trace",
                   "vector_math",
                   "leak_tracker_flutter_testing",
                   "async",
                   "boolean_selector",
                   "characters",
                   "collection",
                   "leak_tracker",
                   "leak_tracker_testing",
                   "material_color_utilities",
                   "meta",
                   "source_span",
                   "stream_channel",
                   "string_scanner",
                   "term_glyph",
                   "vm_service"
                 ]
               },
               {
                 "name": "flutter_driver",
                 "version": "0.0.0",
                 "kind": "transitive",
                 "source": "sdk",
                 "dependencies": [
                   "file",
                   "flutter",
                   "flutter_test",
                   "fuchsia_remote_debug_protocol",
                   "path",
                   "meta",
                   "vm_service",
                   "webdriver",
                   "async",
                   "boolean_selector",
                   "characters",
                   "clock",
                   "collection",
                   "leak_tracker",
                   "leak_tracker_flutter_testing",
                   "leak_tracker_testing",
                   "matcher",
                   "material_color_utilities",
                   "platform",
                   "process",
                   "source_span",
                   "stack_trace",
                   "stream_channel",
                   "string_scanner",
                   "sync_http",
                   "term_glyph",
                   "test_api",
                   "vector_math"
                 ],
                 "directDependencies": [
                   "file",
                   "flutter",
                   "flutter_test",
                   "fuchsia_remote_debug_protocol",
                   "path",
                   "meta",
                   "vm_service",
                   "webdriver",
                   "async",
                   "boolean_selector",
                   "characters",
                   "clock",
                   "collection",
                   "leak_tracker",
                   "leak_tracker_flutter_testing",
                   "leak_tracker_testing",
                   "matcher",
                   "material_color_utilities",
                   "platform",
                   "process",
                   "source_span",
                   "stack_trace",
                   "stream_channel",
                   "string_scanner",
                   "sync_http",
                   "term_glyph",
                   "test_api",
                   "vector_math"
                 ]
               },
               {
                 "name": "process",
                 "version": "5.0.3",
                 "kind": "transitive",
                 "source": "hosted",
                 "dependencies": [
                   "file",
                   "path",
                   "platform"
                 ],
                 "directDependencies": [
                   "file",
                   "path",
                   "platform"
                 ]
               },
               {
                 "name": "platform",
                 "version": "3.1.6",
                 "kind": "transitive",
                 "source": "hosted",
                 "dependencies": [],
                 "directDependencies": []
               },
               {
                 "name": "fuchsia_remote_debug_protocol",
                 "version": "0.0.0",
                 "kind": "transitive",
                 "source": "sdk",
                 "dependencies": [
                   "process",
                   "vm_service",
                   "file",
                   "meta",
                   "path",
                   "platform"
                 ],
                 "directDependencies": [
                   "process",
                   "vm_service",
                   "file",
                   "meta",
                   "path",
                   "platform"
                 ]
               },
               {
                 "name": "mockito",
                 "version": "5.4.4",
                 "kind": "dev",
                 "source": "hosted",
                 "dependencies": [
                   "analyzer",
                   "build",
                   "code_builder",
                   "collection",
                   "dart_style",
                   "matcher",
                   "meta",
                   "path",
                   "source_gen",
                   "test_api"
                 ],
                 "directDependencies": [
                   "analyzer",
                   "build",
                   "code_builder",
                   "collection",
                   "dart_style",
                   "matcher",
                   "meta",
                   "path",
                   "source_gen",
                   "test_api"
                 ]
               },
               {
                 "name": "source_gen",
                 "version": "1.5.0",
                 "kind": "transitive",
                 "source": "hosted",
                 "dependencies": [
                   "analyzer",
                   "async",
                   "build",
                   "dart_style",
                   "glob",
                   "path",
                   "source_span",
                   "yaml"
                 ],
                 "directDependencies": [
                   "analyzer",
                   "async",
                   "build",
                   "dart_style",
                   "glob",
                   "path",
                   "source_span",
                   "yaml"
                 ]
               },
               {
                 "name": "yaml",
                 "version": "3.1.3",
                 "kind": "transitive",
                 "source": "hosted",
                 "dependencies": [
                   "collection",
                   "source_span",
                   "string_scanner"
                 ],
                 "directDependencies": [
                   "collection",
                   "source_span",
                   "string_scanner"
                 ]
               },
               {
                 "name": "glob",
                 "version": "2.1.3",
                 "kind": "transitive",
                 "source": "hosted",
                 "dependencies": [
                   "async",
                   "collection",
                   "file",
                   "path",
                   "string_scanner"
                 ],
                 "directDependencies": [
                   "async",
                   "collection",
                   "file",
                   "path",
                   "string_scanner"
                 ]
               },
               {
                 "name": "dart_style",
                 "version": "2.3.7",
                 "kind": "transitive",
                 "source": "hosted",
                 "dependencies": [
                   "analyzer",
                   "args",
                   "collection",
                   "package_config",
                   "path",
                   "pub_semver",
                   "source_span"
                 ],
                 "directDependencies": [
                   "analyzer",
                   "args",
                   "collection",
                   "package_config",
                   "path",
                   "pub_semver",
                   "source_span"
                 ]
               },
               {
                 "name": "pub_semver",
                 "version": "2.2.0",
                 "kind": "transitive",
                 "source": "hosted",
                 "dependencies": [
                   "collection"
                 ],
                 "directDependencies": [
                   "collection"
                 ]
               },
               {
                 "name": "package_config",
                 "version": "2.2.0",
                 "kind": "transitive",
                 "source": "hosted",
                 "dependencies": [
                   "path"
                 ],
                 "directDependencies": [
                   "path"
                 ]
               },
               {
                 "name": "args",
                 "version": "2.7.0",
                 "kind": "transitive",
                 "source": "hosted",
                 "dependencies": [],
                 "directDependencies": []
               },
               {
                 "name": "analyzer",
                 "version": "6.11.0",
                 "kind": "transitive",
                 "source": "hosted",
                 "dependencies": [
                   "_fe_analyzer_shared",
                   "collection",
                   "convert",
                   "crypto",
                   "glob",
                   "macros",
                   "meta",
                   "package_config",
                   "path",
                   "pub_semver",
                   "source_span",
                   "watcher",
                   "yaml"
                 ],
                 "directDependencies": [
                   "_fe_analyzer_shared",
                   "collection",
                   "convert",
                   "crypto",
                   "glob",
                   "macros",
                   "meta",
                   "package_config",
                   "path",
                   "pub_semver",
                   "source_span",
                   "watcher",
                   "yaml"
                 ]
               },
               {
                 "name": "watcher",
                 "version": "1.1.2",
                 "kind": "transitive",
                 "source": "hosted",
                 "dependencies": [
                   "async",
                   "path"
                 ],
                 "directDependencies": [
                   "async",
                   "path"
                 ]
               },
               {
                 "name": "macros",
                 "version": "0.1.3-main.0",
                 "kind": "transitive",
                 "source": "hosted",
                 "dependencies": [
                   "_macros"
                 ],
                 "directDependencies": [
                   "_macros"
                 ]
               },
               {
                 "name": "_macros",
                 "version": "0.3.3",
                 "kind": "transitive",
                 "source": "sdk",
                 "dependencies": [],
                 "directDependencies": []
               },
               {
                 "name": "crypto",
                 "version": "3.0.6",
                 "kind": "transitive",
                 "source": "hosted",
                 "dependencies": [
                   "typed_data"
                 ],
                 "directDependencies": [
                   "typed_data"
                 ]
               },
               {
                 "name": "typed_data",
                 "version": "1.4.0",
                 "kind": "transitive",
                 "source": "hosted",
                 "dependencies": [
                   "collection"
                 ],
                 "directDependencies": [
                   "collection"
                 ]
               },
               {
                 "name": "convert",
                 "version": "3.1.2",
                 "kind": "transitive",
                 "source": "hosted",
                 "dependencies": [
                   "typed_data"
                 ],
                 "directDependencies": [
                   "typed_data"
                 ]
               },
               {
                 "name": "_fe_analyzer_shared",
                 "version": "76.0.0",
                 "kind": "transitive",
                 "source": "hosted",
                 "dependencies": [
                   "meta"
                 ],
                 "directDependencies": [
                   "meta"
                 ]
               },
               {
                 "name": "build",
                 "version": "2.4.1",
                 "kind": "transitive",
                 "source": "hosted",
                 "dependencies": [
                   "analyzer",
                   "async",
                   "convert",
                   "crypto",
                   "glob",
                   "logging",
                   "meta",
                   "package_config",
                   "path"
                 ],
                 "directDependencies": [
                   "analyzer",
                   "async",
                   "convert",
                   "crypto",
                   "glob",
                   "logging",
                   "meta",
                   "package_config",
                   "path"
                 ]
               },
               {
                 "name": "logging",
                 "version": "1.3.0",
                 "kind": "transitive",
                 "source": "hosted",
                 "dependencies": [],
                 "directDependencies": []
               },
               {
                 "name": "code_builder",
                 "version": "4.10.1",
                 "kind": "transitive",
                 "source": "hosted",
                 "dependencies": [
                   "built_collection",
                   "built_value",
                   "collection",
                   "matcher",
                   "meta"
                 ],
                 "directDependencies": [
                   "built_collection",
                   "built_value",
                   "collection",
                   "matcher",
                   "meta"
                 ]
               },
               {
                 "name": "built_value",
                 "version": "8.11.0",
                 "kind": "transitive",
                 "source": "hosted",
                 "dependencies": [
                   "built_collection",
                   "collection",
                   "fixnum",
                   "meta"
                 ],
                 "directDependencies": [
                   "built_collection",
                   "collection",
                   "fixnum",
                   "meta"
                 ]
               },
               {
                 "name": "fixnum",
                 "version": "1.1.1",
                 "kind": "transitive",
                 "source": "hosted",
                 "dependencies": [],
                 "directDependencies": []
               },
               {
                 "name": "built_collection",
                 "version": "5.1.1",
                 "kind": "transitive",
                 "source": "hosted",
                 "dependencies": [],
                 "directDependencies": []
               },
               {
                 "name": "freezed_annotation",
                 "version": "2.4.4",
                 "kind": "dev",
                 "source": "hosted",
                 "dependencies": [
                   "collection",
                   "json_annotation",
                   "meta"
                 ],
                 "directDependencies": [
                   "collection",
                   "json_annotation",
                   "meta"
                 ]
               },
               {
                 "name": "json_annotation",
                 "version": "4.9.0",
                 "kind": "direct",
                 "source": "hosted",
                 "dependencies": [
                   "meta"
                 ],
                 "directDependencies": [
                   "meta"
                 ]
               },
               {
                 "name": "freezed",
                 "version": "2.5.7",
                 "kind": "dev",
                 "source": "hosted",
                 "dependencies": [
                   "analyzer",
                   "build",
                   "build_config",
                   "collection",
                   "meta",
                   "source_gen",
                   "freezed_annotation",
                   "json_annotation",
                   "dart_style"
                 ],
                 "directDependencies": [
                   "analyzer",
                   "build",
                   "build_config",
                   "collection",
                   "meta",
                   "source_gen",
                   "freezed_annotation",
                   "json_annotation",
                   "dart_style"
                 ]
               },
               {
                 "name": "build_config",
                 "version": "1.1.1",
                 "kind": "transitive",
                 "source": "hosted",
                 "dependencies": [
                   "checked_yaml",
                   "json_annotation",
                   "path",
                   "pubspec_parse",
                   "yaml"
                 ],
                 "directDependencies": [
                   "checked_yaml",
                   "json_annotation",
                   "path",
                   "pubspec_parse",
                   "yaml"
                 ]
               },
               {
                 "name": "pubspec_parse",
                 "version": "1.4.0",
                 "kind": "transitive",
                 "source": "hosted",
                 "dependencies": [
                   "checked_yaml",
                   "collection",
                   "json_annotation",
                   "pub_semver",
                   "yaml"
                 ],
                 "directDependencies": [
                   "checked_yaml",
                   "collection",
                   "json_annotation",
                   "pub_semver",
                   "yaml"
                 ]
               },
               {
                 "name": "checked_yaml",
                 "version": "2.0.3",
                 "kind": "transitive",
                 "source": "hosted",
                 "dependencies": [
                   "json_annotation",
                   "source_span",
                   "yaml"
                 ],
                 "directDependencies": [
                   "json_annotation",
                   "source_span",
                   "yaml"
                 ]
               },
               {
                 "name": "json_serializable",
                 "version": "6.9.0",
                 "kind": "dev",
                 "source": "hosted",
                 "dependencies": [
                   "analyzer",
                   "async",
                   "build",
                   "build_config",
                   "collection",
                   "json_annotation",
                   "meta",
                   "path",
                   "pub_semver",
                   "pubspec_parse",
                   "source_gen",
                   "source_helper"
                 ],
                 "directDependencies": [
                   "analyzer",
                   "async",
                   "build",
                   "build_config",
                   "collection",
                   "json_annotation",
                   "meta",
                   "path",
                   "pub_semver",
                   "pubspec_parse",
                   "source_gen",
                   "source_helper"
                 ]
               },
               {
                 "name": "source_helper",
                 "version": "1.3.5",
                 "kind": "transitive",
                 "source": "hosted",
                 "dependencies": [
                   "analyzer",
                   "collection",
                   "source_gen"
                 ],
                 "directDependencies": [
                   "analyzer",
                   "collection",
                   "source_gen"
                 ]
               },
               {
                 "name": "riverpod_generator",
                 "version": "2.6.3",
                 "kind": "dev",
                 "source": "hosted",
                 "dependencies": [
                   "analyzer",
                   "build",
                   "build_config",
                   "collection",
                   "crypto",
                   "meta",
                   "path",
                   "riverpod_analyzer_utils",
                   "riverpod_annotation",
                   "source_gen"
                 ],
                 "directDependencies": [
                   "analyzer",
                   "build",
                   "build_config",
                   "collection",
                   "crypto",
                   "meta",
                   "path",
                   "riverpod_analyzer_utils",
                   "riverpod_annotation",
                   "source_gen"
                 ]
               },
               {
                 "name": "riverpod_annotation",
                 "version": "2.6.1",
                 "kind": "direct",
                 "source": "hosted",
                 "dependencies": [
                   "meta",
                   "riverpod"
                 ],
                 "directDependencies": [
                   "meta",
                   "riverpod"
                 ]
               },
               {
                 "name": "riverpod",
                 "version": "2.6.1",
                 "kind": "transitive",
                 "source": "hosted",
                 "dependencies": [
                   "collection",
                   "meta",
                   "stack_trace",
                   "state_notifier"
                 ],
                 "directDependencies": [
                   "collection",
                   "meta",
                   "stack_trace",
                   "state_notifier"
                 ]
               },
               {
                 "name": "state_notifier",
                 "version": "1.0.0",
                 "kind": "transitive",
                 "source": "hosted",
                 "dependencies": [
                   "meta"
                 ],
                 "directDependencies": [
                   "meta"
                 ]
               },
               {
                 "name": "riverpod_analyzer_utils",
                 "version": "0.5.8",
                 "kind": "transitive",
                 "source": "hosted",
                 "dependencies": [
                   "analyzer",
                   "collection",
                   "crypto",
                   "custom_lint_core",
                   "freezed_annotation",
                   "meta",
                   "path",
                   "source_span"
                 ],
                 "directDependencies": [
                   "analyzer",
                   "collection",
                   "crypto",
                   "custom_lint_core",
                   "freezed_annotation",
                   "meta",
                   "path",
                   "source_span"
                 ]
               },
               {
                 "name": "custom_lint_core",
                 "version": "0.7.0",
                 "kind": "transitive",
                 "source": "hosted",
                 "dependencies": [
                   "analyzer",
                   "analyzer_plugin",
                   "collection",
                   "custom_lint_visitor",
                   "glob",
                   "matcher",
                   "meta",
                   "package_config",
                   "path",
                   "pubspec_parse",
                   "source_span",
                   "uuid",
                   "yaml"
                 ],
                 "directDependencies": [
                   "analyzer",
                   "analyzer_plugin",
                   "collection",
                   "custom_lint_visitor",
                   "glob",
                   "matcher",
                   "meta",
                   "package_config",
                   "path",
                   "pubspec_parse",
                   "source_span",
                   "uuid",
                   "yaml"
                 ]
               },
               {
                 "name": "uuid",
                 "version": "4.5.1",
                 "kind": "transitive",
                 "source": "hosted",
                 "dependencies": [
                   "crypto",
                   "sprintf",
                   "meta",
                   "fixnum"
                 ],
                 "directDependencies": [
                   "crypto",
                   "sprintf",
                   "meta",
                   "fixnum"
                 ]
               },
               {
                 "name": "sprintf",
                 "version": "7.0.0",
                 "kind": "transitive",
                 "source": "hosted",
                 "dependencies": [],
                 "directDependencies": []
               },
               {
                 "name": "custom_lint_visitor",
                 "version": "1.0.0+6.11.0",
                 "kind": "transitive",
                 "source": "hosted",
                 "dependencies": [
                   "analyzer"
                 ],
                 "directDependencies": [
                   "analyzer"
                 ]
               },
               {
                 "name": "analyzer_plugin",
                 "version": "0.11.3",
                 "kind": "transitive",
                 "source": "hosted",
                 "dependencies": [
                   "analyzer",
                   "collection",
                   "dart_style",
                   "pub_semver",
                   "yaml"
                 ],
                 "directDependencies": [
                   "analyzer",
                   "collection",
                   "dart_style",
                   "pub_semver",
                   "yaml"
                 ]
               },
               {
                 "name": "build_runner",
                 "version": "2.4.13",
                 "kind": "dev",
                 "source": "hosted",
                 "dependencies": [
                   "analyzer",
                   "args",
                   "async",
                   "build",
                   "build_config",
                   "build_daemon",
                   "build_resolvers",
                   "build_runner_core",
                   "code_builder",
                   "collection",
                   "crypto",
                   "dart_style",
                   "frontend_server_client",
                   "glob",
                   "graphs",
                   "http_multi_server",
                   "io",
                   "js",
                   "logging",
                   "meta",
                   "mime",
                   "package_config",
                   "path",
                   "pool",
                   "pub_semver",
                   "pubspec_parse",
                   "shelf",
                   "shelf_web_socket",
                   "stack_trace",
                   "stream_transform",
                   "timing",
                   "watcher",
                   "web_socket_channel",
                   "yaml"
                 ],
                 "directDependencies": [
                   "analyzer",
                   "args",
                   "async",
                   "build",
                   "build_config",
                   "build_daemon",
                   "build_resolvers",
                   "build_runner_core",
                   "code_builder",
                   "collection",
                   "crypto",
                   "dart_style",
                   "frontend_server_client",
                   "glob",
                   "graphs",
                   "http_multi_server",
                   "io",
                   "js",
                   "logging",
                   "meta",
                   "mime",
                   "package_config",
                   "path",
                   "pool",
                   "pub_semver",
                   "pubspec_parse",
                   "shelf",
                   "shelf_web_socket",
                   "stack_trace",
                   "stream_transform",
                   "timing",
                   "watcher",
                   "web_socket_channel",
                   "yaml"
                 ]
               },
               {
                 "name": "web_socket_channel",
                 "version": "3.0.3",
                 "kind": "transitive",
                 "source": "hosted",
                 "dependencies": [
                   "async",
                   "crypto",
                   "stream_channel",
                   "web",
                   "web_socket"
                 ],
                 "directDependencies": [
                   "async",
                   "crypto",
                   "stream_channel",
                   "web",
                   "web_socket"
                 ]
               },
               {
                 "name": "web_socket",
                 "version": "1.0.1",
                 "kind": "transitive",
                 "source": "hosted",
                 "dependencies": [
                   "web"
                 ],
                 "directDependencies": [
                   "web"
                 ]
               },
               {
                 "name": "web",
                 "version": "1.1.1",
                 "kind": "transitive",
                 "source": "hosted",
                 "dependencies": [],
                 "directDependencies": []
               },
               {
                 "name": "timing",
                 "version": "1.0.2",
                 "kind": "transitive",
                 "source": "hosted",
                 "dependencies": [
                   "json_annotation"
                 ],
                 "directDependencies": [
                   "json_annotation"
                 ]
               },
               {
                 "name": "stream_transform",
                 "version": "2.1.1",
                 "kind": "transitive",
                 "source": "hosted",
                 "dependencies": [],
                 "directDependencies": []
               },
               {
                 "name": "shelf_web_socket",
                 "version": "2.0.1",
                 "kind": "transitive",
                 "source": "hosted",
                 "dependencies": [
                   "shelf",
                   "stream_channel",
                   "web_socket_channel"
                 ],
                 "directDependencies": [
                   "shelf",
                   "stream_channel",
                   "web_socket_channel"
                 ]
               },
               {
                 "name": "shelf",
                 "version": "1.4.1",
                 "kind": "transitive",
                 "source": "hosted",
                 "dependencies": [
                   "async",
                   "collection",
                   "http_parser",
                   "path",
                   "stack_trace",
                   "stream_channel"
                 ],
                 "directDependencies": [
                   "async",
                   "collection",
                   "http_parser",
                   "path",
                   "stack_trace",
                   "stream_channel"
                 ]
               },
               {
                 "name": "http_parser",
                 "version": "4.0.2",
                 "kind": "transitive",
                 "source": "hosted",
                 "dependencies": [
                   "collection",
                   "source_span",
                   "string_scanner",
                   "typed_data"
                 ],
                 "directDependencies": [
                   "collection",
                   "source_span",
                   "string_scanner",
                   "typed_data"
                 ]
               },
               {
                 "name": "pool",
                 "version": "1.5.1",
                 "kind": "transitive",
                 "source": "hosted",
                 "dependencies": [
                   "async",
                   "stack_trace"
                 ],
                 "directDependencies": [
                   "async",
                   "stack_trace"
                 ]
               },
               {
                 "name": "mime",
                 "version": "1.0.6",
                 "kind": "transitive",
                 "source": "hosted",
                 "dependencies": [],
                 "directDependencies": []
               },
               {
                 "name": "js",
                 "version": "0.6.7",
                 "kind": "transitive",
                 "source": "hosted",
                 "dependencies": [
                   "meta"
                 ],
                 "directDependencies": [
                   "meta"
                 ]
               },
               {
                 "name": "io",
                 "version": "1.0.5",
                 "kind": "transitive",
                 "source": "hosted",
                 "dependencies": [
                   "meta",
                   "path",
                   "string_scanner"
                 ],
                 "directDependencies": [
                   "meta",
                   "path",
                   "string_scanner"
                 ]
               },
               {
                 "name": "http_multi_server",
                 "version": "3.2.2",
                 "kind": "transitive",
                 "source": "hosted",
                 "dependencies": [
                   "async"
                 ],
                 "directDependencies": [
                   "async"
                 ]
               },
               {
                 "name": "graphs",
                 "version": "2.3.2",
                 "kind": "transitive",
                 "source": "hosted",
                 "dependencies": [
                   "collection"
                 ],
                 "directDependencies": [
                   "collection"
                 ]
               },
               {
                 "name": "frontend_server_client",
                 "version": "4.0.0",
                 "kind": "transitive",
                 "source": "hosted",
                 "dependencies": [
                   "async",
                   "path"
                 ],
                 "directDependencies": [
                   "async",
                   "path"
                 ]
               },
               {
                 "name": "build_runner_core",
                 "version": "7.3.2",
                 "kind": "transitive",
                 "source": "hosted",
                 "dependencies": [
                   "async",
                   "build",
                   "build_config",
                   "build_resolvers",
                   "collection",
                   "convert",
                   "crypto",
                   "glob",
                   "graphs",
                   "json_annotation",
                   "logging",
                   "meta",
                   "package_config",
                   "path",
                   "pool",
                   "timing",
                   "watcher",
                   "yaml"
                 ],
                 "directDependencies": [
                   "async",
                   "build",
                   "build_config",
                   "build_resolvers",
                   "collection",
                   "convert",
                   "crypto",
                   "glob",
                   "graphs",
                   "json_annotation",
                   "logging",
                   "meta",
                   "package_config",
                   "path",
                   "pool",
                   "timing",
                   "watcher",
                   "yaml"
                 ]
               },
               {
                 "name": "build_resolvers",
                 "version": "2.4.2",
                 "kind": "transitive",
                 "source": "hosted",
                 "dependencies": [
                   "analyzer",
                   "async",
                   "build",
                   "collection",
                   "convert",
                   "crypto",
                   "graphs",
                   "logging",
                   "package_config",
                   "path",
                   "pool",
                   "pub_semver",
                   "stream_transform",
                   "yaml"
                 ],
                 "directDependencies": [
                   "analyzer",
                   "async",
                   "build",
                   "collection",
                   "convert",
                   "crypto",
                   "graphs",
                   "logging",
                   "package_config",
                   "path",
                   "pool",
                   "pub_semver",
                   "stream_transform",
                   "yaml"
                 ]
               },
               {
                 "name": "build_daemon",
                 "version": "4.0.2",
                 "kind": "transitive",
                 "source": "hosted",
                 "dependencies": [
                   "built_collection",
                   "built_value",
                   "crypto",
                   "http_multi_server",
                   "logging",
                   "path",
                   "pool",
                   "shelf",
                   "shelf_web_socket",
                   "stream_transform",
                   "watcher",
                   "web_socket_channel"
                 ],
                 "directDependencies": [
                   "built_collection",
                   "built_value",
                   "crypto",
                   "http_multi_server",
                   "logging",
                   "path",
                   "pool",
                   "shelf",
                   "shelf_web_socket",
                   "stream_transform",
                   "watcher",
                   "web_socket_channel"
                 ]
               },
               {
                 "name": "flutter_lints",
                 "version": "3.0.2",
                 "kind": "dev",
                 "source": "hosted",
                 "dependencies": [
                   "lints"
                 ],
                 "directDependencies": [
                   "lints"
                 ]
               },
               {
                 "name": "lints",
                 "version": "3.0.0",
                 "kind": "transitive",
                 "source": "hosted",
                 "dependencies": [],
                 "directDependencies": []
               },
               {
                 "name": "mcp_toolkit",
                 "version": "0.2.3",
                 "kind": "direct",
                 "source": "hosted",
                 "dependencies": [
                   "collection",
                   "dart_mcp",
                   "equatable",
                   "flutter",
                   "from_json_to_json",
                   "is_dart_empty_or_not",
                   "universal_io"
                 ],
                 "directDependencies": [
                   "collection",
                   "dart_mcp",
                   "equatable",
                   "flutter",
                   "from_json_to_json",
                   "is_dart_empty_or_not",
                   "universal_io"
                 ]
               },
               {
                 "name": "universal_io",
                 "version": "2.2.2",
                 "kind": "transitive",
                 "source": "hosted",
                 "dependencies": [
                   "collection",
                   "meta",
                   "typed_data"
                 ],
                 "directDependencies": [
                   "collection",
                   "meta",
                   "typed_data"
                 ]
               },
               {
                 "name": "is_dart_empty_or_not",
                 "version": "0.2.3",
                 "kind": "transitive",
                 "source": "hosted",
                 "dependencies": [],
                 "directDependencies": []
               },
               {
                 "name": "from_json_to_json",
                 "version": "0.2.1",
                 "kind": "transitive",
                 "source": "hosted",
                 "dependencies": [
                   "collection",
                   "is_dart_empty_or_not"
                 ],
                 "directDependencies": [
                   "collection",
                   "is_dart_empty_or_not"
                 ]
               },
               {
                 "name": "equatable",
                 "version": "2.0.7",
                 "kind": "transitive",
                 "source": "hosted",
                 "dependencies": [
                   "collection",
                   "meta"
                 ],
                 "directDependencies": [
                   "collection",
                   "meta"
                 ]
               },
               {
                 "name": "dart_mcp",
                 "version": "0.2.2",
                 "kind": "transitive",
                 "source": "hosted",
                 "dependencies": [
                   "async",
                   "collection",
                   "json_rpc_2",
                   "meta",
                   "stream_channel",
                   "stream_transform"
                 ],
                 "directDependencies": [
                   "async",
                   "collection",
                   "json_rpc_2",
                   "meta",
                   "stream_channel",
                   "stream_transform"
                 ]
               },
               {
                 "name": "json_rpc_2",
                 "version": "4.0.0",
                 "kind": "transitive",
                 "source": "hosted",
                 "dependencies": [
                   "stack_trace",
                   "stream_channel"
                 ],
                 "directDependencies": [
                   "stack_trace",
                   "stream_channel"
                 ]
               },
               {
                 "name": "flutter_launcher_icons",
                 "version": "0.13.1",
                 "kind": "direct",
                 "source": "hosted",
                 "dependencies": [
                   "args",
                   "checked_yaml",
                   "cli_util",
                   "image",
                   "json_annotation",
                   "path",
                   "yaml"
                 ],
                 "directDependencies": [
                   "args",
                   "checked_yaml",
                   "cli_util",
                   "image",
                   "json_annotation",
                   "path",
                   "yaml"
                 ]
               },
               {
                 "name": "image",
                 "version": "4.3.0",
                 "kind": "transitive",
                 "source": "hosted",
                 "dependencies": [
                   "archive",
                   "meta",
                   "xml"
                 ],
                 "directDependencies": [
                   "archive",
                   "meta",
                   "xml"
                 ]
               },
               {
                 "name": "xml",
                 "version": "6.5.0",
                 "kind": "transitive",
                 "source": "hosted",
                 "dependencies": [
                   "collection",
                   "meta",
                   "petitparser"
                 ],
                 "directDependencies": [
                   "collection",
                   "meta",
                   "petitparser"
                 ]
               },
               {
                 "name": "petitparser",
                 "version": "6.0.2",
                 "kind": "transitive",
                 "source": "hosted",
                 "dependencies": [
                   "meta"
                 ],
                 "directDependencies": [
                   "meta"
                 ]
               },
               {
                 "name": "archive",
                 "version": "3.6.1",
                 "kind": "transitive",
                 "source": "hosted",
                 "dependencies": [
                   "crypto",
                   "path"
                 ],
                 "directDependencies": [
                   "crypto",
                   "path"
                 ]
               },
               {
                 "name": "cli_util",
                 "version": "0.4.2",
                 "kind": "transitive",
                 "source": "hosted",
                 "dependencies": [
                   "meta",
                   "path"
                 ],
                 "directDependencies": [
                   "meta",
                   "path"
                 ]
               },
               {
                 "name": "cupertino_icons",
                 "version": "1.0.8",
                 "kind": "direct",
                 "source": "hosted",
                 "dependencies": [],
                 "directDependencies": []
               },
               {
                 "name": "flutter_markdown",
                 "version": "0.7.7+1",
                 "kind": "direct",
                 "source": "hosted",
                 "dependencies": [
                   "flutter",
                   "markdown",
                   "meta",
                   "path"
                 ],
                 "directDependencies": [
                   "flutter",
                   "markdown",
                   "meta",
                   "path"
                 ]
               },
               {
                 "name": "markdown",
                 "version": "7.3.0",
                 "kind": "transitive",
                 "source": "hosted",
                 "dependencies": [
                   "args",
                   "meta"
                 ],
                 "directDependencies": [
                   "args",
                   "meta"
                 ]
               },
               {
                 "name": "image_cropper",
                 "version": "9.1.0",
                 "kind": "direct",
                 "source": "hosted",
                 "dependencies": [
                   "flutter",
                   "image_cropper_platform_interface",
                   "image_cropper_for_web"
                 ],
                 "directDependencies": [
                   "flutter",
                   "image_cropper_platform_interface",
                   "image_cropper_for_web"
                 ]
               },
               {
                 "name": "image_cropper_for_web",
                 "version": "6.1.0",
                 "kind": "transitive",
                 "source": "hosted",
                 "dependencies": [
                   "flutter",
                   "flutter_web_plugins",
                   "image_cropper_platform_interface",
                   "web"
                 ],
                 "directDependencies": [
                   "flutter",
                   "flutter_web_plugins",
                   "image_cropper_platform_interface",
                   "web"
                 ]
               },
               {
                 "name": "image_cropper_platform_interface",
                 "version": "7.1.0",
                 "kind": "transitive",
                 "source": "hosted",
                 "dependencies": [
                   "flutter",
                   "plugin_platform_interface",
                   "http"
                 ],
                 "directDependencies": [
                   "flutter",
                   "plugin_platform_interface",
                   "http"
                 ]
               },
               {
                 "name": "http",
                 "version": "1.4.0",
                 "kind": "transitive",
                 "source": "hosted",
                 "dependencies": [
                   "async",
                   "http_parser",
                   "meta",
                   "web"
                 ],
                 "directDependencies": [
                   "async",
                   "http_parser",
                   "meta",
                   "web"
                 ]
               },
               {
                 "name": "plugin_platform_interface",
                 "version": "2.1.8",
                 "kind": "transitive",
                 "source": "hosted",
                 "dependencies": [
                   "meta"
                 ],
                 "directDependencies": [
                   "meta"
                 ]
               },
               {
                 "name": "flutter_web_plugins",
                 "version": "0.0.0",
                 "kind": "transitive",
                 "source": "sdk",
                 "dependencies": [
                   "flutter",
                   "characters",
                   "collection",
                   "material_color_utilities",
                   "meta",
                   "vector_math"
                 ],
                 "directDependencies": [
                   "flutter",
                   "characters",
                   "collection",
                   "material_color_utilities",
                   "meta",
                   "vector_math"
                 ]
               },
               {
                 "name": "image_picker",
                 "version": "1.1.2",
                 "kind": "direct",
                 "source": "hosted",
                 "dependencies": [
                   "flutter",
                   "image_picker_android",
                   "image_picker_for_web",
                   "image_picker_ios",
                   "image_picker_linux",
                   "image_picker_macos",
                   "image_picker_platform_interface",
                   "image_picker_windows"
                 ],
                 "directDependencies": [
                   "flutter",
                   "image_picker_android",
                   "image_picker_for_web",
                   "image_picker_ios",
                   "image_picker_linux",
                   "image_picker_macos",
                   "image_picker_platform_interface",
                   "image_picker_windows"
                 ]
               },
               {
                 "name": "image_picker_windows",
                 "version": "0.2.1+1",
                 "kind": "transitive",
                 "source": "hosted",
                 "dependencies": [
                   "file_selector_platform_interface",
                   "file_selector_windows",
                   "flutter",
                   "image_picker_platform_interface"
                 ],
                 "directDependencies": [
                   "file_selector_platform_interface",
                   "file_selector_windows",
                   "flutter",
                   "image_picker_platform_interface"
                 ]
               },
               {
                 "name": "image_picker_platform_interface",
                 "version": "2.10.1",
                 "kind": "transitive",
                 "source": "hosted",
                 "dependencies": [
                   "cross_file",
                   "flutter",
                   "http",
                   "plugin_platform_interface"
                 ],
                 "directDependencies": [
                   "cross_file",
                   "flutter",
                   "http",
                   "plugin_platform_interface"
                 ]
               },
               {
                 "name": "cross_file",
                 "version": "0.3.4+2",
                 "kind": "transitive",
                 "source": "hosted",
                 "dependencies": [
                   "meta",
                   "web"
                 ],
                 "directDependencies": [
                   "meta",
                   "web"
                 ]
               },
               {
                 "name": "file_selector_windows",
                 "version": "0.9.3+4",
                 "kind": "transitive",
                 "source": "hosted",
                 "dependencies": [
                   "cross_file",
                   "file_selector_platform_interface",
                   "flutter"
                 ],
                 "directDependencies": [
                   "cross_file",
                   "file_selector_platform_interface",
                   "flutter"
                 ]
               },
               {
                 "name": "file_selector_platform_interface",
                 "version": "2.6.2",
                 "kind": "transitive",
                 "source": "hosted",
                 "dependencies": [
                   "cross_file",
                   "flutter",
                   "http",
                   "plugin_platform_interface"
                 ],
                 "directDependencies": [
                   "cross_file",
                   "flutter",
                   "http",
                   "plugin_platform_interface"
                 ]
               },
               {
                 "name": "image_picker_macos",
                 "version": "0.2.1+2",
                 "kind": "transitive",
                 "source": "hosted",
                 "dependencies": [
                   "file_selector_macos",
                   "file_selector_platform_interface",
                   "flutter",
                   "image_picker_platform_interface"
                 ],
                 "directDependencies": [
                   "file_selector_macos",
                   "file_selector_platform_interface",
                   "flutter",
                   "image_picker_platform_interface"
                 ]
               },
               {
                 "name": "file_selector_macos",
                 "version": "0.9.4+2",
                 "kind": "transitive",
                 "source": "hosted",
                 "dependencies": [
                   "cross_file",
                   "file_selector_platform_interface",
                   "flutter"
                 ],
                 "directDependencies": [
                   "cross_file",
                   "file_selector_platform_interface",
                   "flutter"
                 ]
               },
               {
                 "name": "image_picker_linux",
                 "version": "0.2.1+2",
                 "kind": "transitive",
                 "source": "hosted",
                 "dependencies": [
                   "file_selector_linux",
                   "file_selector_platform_interface",
                   "flutter",
                   "image_picker_platform_interface"
                 ],
                 "directDependencies": [
                   "file_selector_linux",
                   "file_selector_platform_interface",
                   "flutter",
                   "image_picker_platform_interface"
                 ]
               },
               {
                 "name": "file_selector_linux",
                 "version": "0.9.3+2",
                 "kind": "transitive",
                 "source": "hosted",
                 "dependencies": [
                   "cross_file",
                   "file_selector_platform_interface",
                   "flutter"
                 ],
                 "directDependencies": [
                   "cross_file",
                   "file_selector_platform_interface",
                   "flutter"
                 ]
               },
               {
                 "name": "image_picker_ios",
                 "version": "0.8.12+2",
                 "kind": "transitive",
                 "source": "hosted",
                 "dependencies": [
                   "flutter",
                   "image_picker_platform_interface"
                 ],
                 "directDependencies": [
                   "flutter",
                   "image_picker_platform_interface"
                 ]
               },
               {
                 "name": "image_picker_for_web",
                 "version": "3.0.6",
                 "kind": "transitive",
                 "source": "hosted",
                 "dependencies": [
                   "flutter",
                   "flutter_web_plugins",
                   "image_picker_platform_interface",
                   "mime",
                   "web"
                 ],
                 "directDependencies": [
                   "flutter",
                   "flutter_web_plugins",
                   "image_picker_platform_interface",
                   "mime",
                   "web"
                 ]
               },
               {
                 "name": "image_picker_android",
                 "version": "0.8.12+21",
                 "kind": "transitive",
                 "source": "hosted",
                 "dependencies": [
                   "flutter",
                   "flutter_plugin_android_lifecycle",
                   "image_picker_platform_interface"
                 ],
                 "directDependencies": [
                   "flutter",
                   "flutter_plugin_android_lifecycle",
                   "image_picker_platform_interface"
                 ]
               },
               {
                 "name": "flutter_plugin_android_lifecycle",
                 "version": "2.0.26",
                 "kind": "transitive",
                 "source": "hosted",
                 "dependencies": [
                   "flutter"
                 ],
                 "directDependencies": [
                   "flutter"
                 ]
               },
               {
                 "name": "logger",
                 "version": "2.6.0",
                 "kind": "direct",
                 "source": "hosted",
                 "dependencies": [],
                 "directDependencies": []
               },
               {
                 "name": "flutter_dotenv",
                 "version": "5.2.1",
                 "kind": "direct",
                 "source": "hosted",
                 "dependencies": [
                   "flutter"
                 ],
                 "directDependencies": [
                   "flutter"
                 ]
               },
               {
                 "name": "pretty_dio_logger",
                 "version": "1.4.0",
                 "kind": "direct",
                 "source": "hosted",
                 "dependencies": [
                   "dio"
                 ],
                 "directDependencies": [
                   "dio"
                 ]
               },
               {
                 "name": "dio",
                 "version": "5.8.0+1",
                 "kind": "direct",
                 "source": "hosted",
                 "dependencies": [
                   "async",
                   "collection",
                   "http_parser",
                   "meta",
                   "path",
                   "dio_web_adapter"
                 ],
                 "directDependencies": [
                   "async",
                   "collection",
                   "http_parser",
                   "meta",
                   "path",
                   "dio_web_adapter"
                 ]
               },
               {
                 "name": "dio_web_adapter",
                 "version": "2.1.1",
                 "kind": "transitive",
                 "source": "hosted",
                 "dependencies": [
                   "dio",
                   "http_parser",
                   "meta",
                   "web"
                 ],
                 "directDependencies": [
                   "dio",
                   "http_parser",
                   "meta",
                   "web"
                 ]
               },
               {
                 "name": "flutter_datetime_picker_plus",
                 "version": "2.2.0",
                 "kind": "direct",
                 "source": "hosted",
                 "dependencies": [
                   "flutter"
                 ],
                 "directDependencies": [
                   "flutter"
                 ]
               },
               {
                 "name": "table_calendar",
                 "version": "3.2.0",
                 "kind": "direct",
                 "source": "hosted",
                 "dependencies": [
                   "flutter",
                   "intl",
                   "simple_gesture_detector"
                 ],
                 "directDependencies": [
                   "flutter",
                   "intl",
                   "simple_gesture_detector"
                 ]
               },
               {
                 "name": "simple_gesture_detector",
                 "version": "0.2.1",
                 "kind": "transitive",
                 "source": "hosted",
                 "dependencies": [
                   "flutter"
                 ],
                 "directDependencies": [
                   "flutter"
                 ]
               },
               {
                 "name": "intl",
                 "version": "0.20.2",
                 "kind": "direct",
                 "source": "hosted",
                 "dependencies": [
                   "clock",
                   "meta",
                   "path"
                 ],
                 "directDependencies": [
                   "clock",
                   "meta",
                   "path"
                 ]
               },
               {
                 "name": "permission_handler",
                 "version": "11.4.0",
                 "kind": "direct",
                 "source": "hosted",
                 "dependencies": [
                   "flutter",
                   "meta",
                   "permission_handler_android",
                   "permission_handler_apple",
                   "permission_handler_html",
                   "permission_handler_windows",
                   "permission_handler_platform_interface"
                 ],
                 "directDependencies": [
                   "flutter",
                   "meta",
                   "permission_handler_android",
                   "permission_handler_apple",
                   "permission_handler_html",
                   "permission_handler_windows",
                   "permission_handler_platform_interface"
                 ]
               },
               {
                 "name": "permission_handler_platform_interface",
                 "version": "4.3.0",
                 "kind": "transitive",
                 "source": "hosted",
                 "dependencies": [
                   "flutter",
                   "meta",
                   "plugin_platform_interface"
                 ],
                 "directDependencies": [
                   "flutter",
                   "meta",
                   "plugin_platform_interface"
                 ]
               },
               {
                 "name": "permission_handler_windows",
                 "version": "0.2.1",
                 "kind": "transitive",
                 "source": "hosted",
                 "dependencies": [
                   "flutter",
                   "permission_handler_platform_interface"
                 ],
                 "directDependencies": [
                   "flutter",
                   "permission_handler_platform_interface"
                 ]
               },
               {
                 "name": "permission_handler_html",
                 "version": "0.1.3+5",
                 "kind": "transitive",
                 "source": "hosted",
                 "dependencies": [
                   "flutter",
                   "flutter_web_plugins",
                   "permission_handler_platform_interface",
                   "web"
                 ],
                 "directDependencies": [
                   "flutter",
                   "flutter_web_plugins",
                   "permission_handler_platform_interface",
                   "web"
                 ]
               },
               {
                 "name": "permission_handler_apple",
                 "version": "9.4.7",
                 "kind": "transitive",
                 "source": "hosted",
                 "dependencies": [
                   "flutter",
                   "permission_handler_platform_interface"
                 ],
                 "directDependencies": [
                   "flutter",
                   "permission_handler_platform_interface"
                 ]
               },
               {
                 "name": "permission_handler_android",
                 "version": "12.1.0",
                 "kind": "transitive",
                 "source": "hosted",
                 "dependencies": [
                   "flutter",
                   "permission_handler_platform_interface"
                 ],
                 "directDependencies": [
                   "flutter",
                   "permission_handler_platform_interface"
                 ]
               },
               {
                 "name": "package_info_plus",
                 "version": "4.2.0",
                 "kind": "direct",
                 "source": "hosted",
                 "dependencies": [
                   "ffi",
                   "flutter",
                   "flutter_web_plugins",
                   "http",
                   "meta",
                   "path",
                   "package_info_plus_platform_interface",
                   "win32"
                 ],
                 "directDependencies": [
                   "ffi",
                   "flutter",
                   "flutter_web_plugins",
                   "http",
                   "meta",
                   "path",
                   "package_info_plus_platform_interface",
                   "win32"
                 ]
               },
               {
                 "name": "win32",
                 "version": "5.10.1",
                 "kind": "transitive",
                 "source": "hosted",
                 "dependencies": [
                   "ffi"
                 ],
                 "directDependencies": [
                   "ffi"
                 ]
               },
               {
                 "name": "ffi",
                 "version": "2.1.3",
                 "kind": "transitive",
                 "source": "hosted",
                 "dependencies": [],
                 "directDependencies": []
               },
               {
                 "name": "package_info_plus_platform_interface",
                 "version": "2.0.1",
                 "kind": "transitive",
                 "source": "hosted",
                 "dependencies": [
                   "flutter",
                   "meta",
                   "plugin_platform_interface"
                 ],
                 "directDependencies": [
                   "flutter",
                   "meta",
                   "plugin_platform_interface"
                 ]
               },
               {
                 "name": "device_info_plus",
                 "version": "9.1.2",
                 "kind": "direct",
                 "source": "hosted",
                 "dependencies": [
                   "device_info_plus_platform_interface",
                   "ffi",
                   "file",
                   "flutter",
                   "flutter_web_plugins",
                   "meta",
                   "win32",
                   "win32_registry"
                 ],
                 "directDependencies": [
                   "device_info_plus_platform_interface",
                   "ffi",
                   "file",
                   "flutter",
                   "flutter_web_plugins",
                   "meta",
                   "win32",
                   "win32_registry"
                 ]
               },
               {
                 "name": "win32_registry",
                 "version": "1.1.5",
                 "kind": "transitive",
                 "source": "hosted",
                 "dependencies": [
                   "ffi",
                   "win32"
                 ],
                 "directDependencies": [
                   "ffi",
                   "win32"
                 ]
               },
               {
                 "name": "device_info_plus_platform_interface",
                 "version": "7.0.2",
                 "kind": "transitive",
                 "source": "hosted",
                 "dependencies": [
                   "flutter",
                   "meta",
                   "plugin_platform_interface"
                 ],
                 "directDependencies": [
                   "flutter",
                   "meta",
                   "plugin_platform_interface"
                 ]
               },
               {
                 "name": "connectivity_plus",
                 "version": "5.0.2",
                 "kind": "direct",
                 "source": "hosted",
                 "dependencies": [
                   "flutter",
                   "flutter_web_plugins",
                   "connectivity_plus_platform_interface",
                   "js",
                   "meta",
                   "nm"
                 ],
                 "directDependencies": [
                   "flutter",
                   "flutter_web_plugins",
                   "connectivity_plus_platform_interface",
                   "js",
                   "meta",
                   "nm"
                 ]
               },
               {
                 "name": "nm",
                 "version": "0.5.0",
                 "kind": "transitive",
                 "source": "hosted",
                 "dependencies": [
                   "dbus"
                 ],
                 "directDependencies": [
                   "dbus"
                 ]
               },
               {
                 "name": "dbus",
                 "version": "0.7.11",
                 "kind": "transitive",
                 "source": "hosted",
                 "dependencies": [
                   "args",
                   "ffi",
                   "meta",
                   "xml"
                 ],
                 "directDependencies": [
                   "args",
                   "ffi",
                   "meta",
                   "xml"
                 ]
               },
               {
                 "name": "connectivity_plus_platform_interface",
                 "version": "1.2.4",
                 "kind": "transitive",
                 "source": "hosted",
                 "dependencies": [
                   "flutter",
                   "meta",
                   "plugin_platform_interface"
                 ],
                 "directDependencies": [
                   "flutter",
                   "meta",
                   "plugin_platform_interface"
                 ]
               },
               {
                 "name": "share_plus",
                 "version": "7.2.2",
                 "kind": "direct",
                 "source": "hosted",
                 "dependencies": [
                   "cross_file",
                   "meta",
                   "mime",
                   "flutter",
                   "flutter_web_plugins",
                   "share_plus_platform_interface",
                   "file",
                   "url_launcher_web",
                   "url_launcher_windows",
                   "url_launcher_linux",
                   "url_launcher_platform_interface",
                   "ffi",
                   "win32"
                 ],
                 "directDependencies": [
                   "cross_file",
                   "meta",
                   "mime",
                   "flutter",
                   "flutter_web_plugins",
                   "share_plus_platform_interface",
                   "file",
                   "url_launcher_web",
                   "url_launcher_windows",
                   "url_launcher_linux",
                   "url_launcher_platform_interface",
                   "ffi",
                   "win32"
                 ]
               },
               {
                 "name": "url_launcher_platform_interface",
                 "version": "2.3.2",
                 "kind": "transitive",
                 "source": "hosted",
                 "dependencies": [
                   "flutter",
                   "plugin_platform_interface"
                 ],
                 "directDependencies": [
                   "flutter",
                   "plugin_platform_interface"
                 ]
               },
               {
                 "name": "url_launcher_linux",
                 "version": "3.2.1",
                 "kind": "transitive",
                 "source": "hosted",
                 "dependencies": [
                   "flutter",
                   "url_launcher_platform_interface"
                 ],
                 "directDependencies": [
                   "flutter",
                   "url_launcher_platform_interface"
                 ]
               },
               {
                 "name": "url_launcher_windows",
                 "version": "3.1.4",
                 "kind": "transitive",
                 "source": "hosted",
                 "dependencies": [
                   "flutter",
                   "url_launcher_platform_interface"
                 ],
                 "directDependencies": [
                   "flutter",
                   "url_launcher_platform_interface"
                 ]
               },
               {
                 "name": "url_launcher_web",
                 "version": "2.3.3",
                 "kind": "transitive",
                 "source": "hosted",
                 "dependencies": [
                   "flutter",
                   "flutter_web_plugins",
                   "url_launcher_platform_interface",
                   "web"
                 ],
                 "directDependencies": [
                   "flutter",
                   "flutter_web_plugins",
                   "url_launcher_platform_interface",
                   "web"
                 ]
               },
               {
                 "name": "share_plus_platform_interface",
                 "version": "3.4.0",
                 "kind": "transitive",
                 "source": "hosted",
                 "dependencies": [
                   "cross_file",
                   "flutter",
                   "meta",
                   "mime",
                   "plugin_platform_interface",
                   "path_provider",
                   "uuid"
                 ],
                 "directDependencies": [
                   "cross_file",
                   "flutter",
                   "meta",
                   "mime",
                   "plugin_platform_interface",
                   "path_provider",
                   "uuid"
                 ]
               },
               {
                 "name": "path_provider",
                 "version": "2.1.5",
                 "kind": "transitive",
                 "source": "hosted",
                 "dependencies": [
                   "flutter",
                   "path_provider_android",
                   "path_provider_foundation",
                   "path_provider_linux",
                   "path_provider_platform_interface",
                   "path_provider_windows"
                 ],
                 "directDependencies": [
                   "flutter",
                   "path_provider_android",
                   "path_provider_foundation",
                   "path_provider_linux",
                   "path_provider_platform_interface",
                   "path_provider_windows"
                 ]
               },
               {
                 "name": "path_provider_windows",
                 "version": "2.3.0",
                 "kind": "transitive",
                 "source": "hosted",
                 "dependencies": [
                   "ffi",
                   "flutter",
                   "path",
                   "path_provider_platform_interface"
                 ],
                 "directDependencies": [
                   "ffi",
                   "flutter",
                   "path",
                   "path_provider_platform_interface"
                 ]
               },
               {
                 "name": "path_provider_platform_interface",
                 "version": "2.1.2",
                 "kind": "transitive",
                 "source": "hosted",
                 "dependencies": [
                   "flutter",
                   "platform",
                   "plugin_platform_interface"
                 ],
                 "directDependencies": [
                   "flutter",
                   "platform",
                   "plugin_platform_interface"
                 ]
               },
               {
                 "name": "path_provider_linux",
                 "version": "2.2.1",
                 "kind": "transitive",
                 "source": "hosted",
                 "dependencies": [
                   "ffi",
                   "flutter",
                   "path",
                   "path_provider_platform_interface",
                   "xdg_directories"
                 ],
                 "directDependencies": [
                   "ffi",
                   "flutter",
                   "path",
                   "path_provider_platform_interface",
                   "xdg_directories"
                 ]
               },
               {
                 "name": "xdg_directories",
                 "version": "1.1.0",
                 "kind": "transitive",
                 "source": "hosted",
                 "dependencies": [
                   "meta",
                   "path"
                 ],
                 "directDependencies": [
                   "meta",
                   "path"
                 ]
               },
               {
                 "name": "path_provider_foundation",
                 "version": "2.4.1",
                 "kind": "transitive",
                 "source": "hosted",
                 "dependencies": [
                   "flutter",
                   "path_provider_platform_interface"
                 ],
                 "directDependencies": [
                   "flutter",
                   "path_provider_platform_interface"
                 ]
               },
               {
                 "name": "path_provider_android",
                 "version": "2.2.15",
                 "kind": "transitive",
                 "source": "hosted",
                 "dependencies": [
                   "flutter",
                   "path_provider_platform_interface"
                 ],
                 "directDependencies": [
                   "flutter",
                   "path_provider_platform_interface"
                 ]
               },
               {
                 "name": "url_launcher",
                 "version": "6.3.1",
                 "kind": "direct",
                 "source": "hosted",
                 "dependencies": [
                   "flutter",
                   "url_launcher_android",
                   "url_launcher_ios",
                   "url_launcher_linux",
                   "url_launcher_macos",
                   "url_launcher_platform_interface",
                   "url_launcher_web",
                   "url_launcher_windows"
                 ],
                 "directDependencies": [
                   "flutter",
                   "url_launcher_android",
                   "url_launcher_ios",
                   "url_launcher_linux",
                   "url_launcher_macos",
                   "url_launcher_platform_interface",
                   "url_launcher_web",
                   "url_launcher_windows"
                 ]
               },
               {
                 "name": "url_launcher_macos",
                 "version": "3.2.2",
                 "kind": "transitive",
                 "source": "hosted",
                 "dependencies": [
                   "flutter",
                   "url_launcher_platform_interface"
                 ],
                 "directDependencies": [
                   "flutter",
                   "url_launcher_platform_interface"
                 ]
               },
               {
                 "name": "url_launcher_ios",
                 "version": "6.3.3",
                 "kind": "transitive",
                 "source": "hosted",
                 "dependencies": [
                   "flutter",
                   "url_launcher_platform_interface"
                 ],
                 "directDependencies": [
                   "flutter",
                   "url_launcher_platform_interface"
                 ]
               },
               {
                 "name": "url_launcher_android",
                 "version": "6.3.14",
                 "kind": "transitive",
                 "source": "hosted",
                 "dependencies": [
                   "flutter",
                   "url_launcher_platform_interface"
                 ],
                 "directDependencies": [
                   "flutter",
                   "url_launcher_platform_interface"
                 ]
               },
               {
                 "name": "local_auth",
                 "version": "2.3.0",
                 "kind": "direct",
                 "source": "hosted",
                 "dependencies": [
                   "flutter",
                   "local_auth_android",
                   "local_auth_darwin",
                   "local_auth_platform_interface",
                   "local_auth_windows"
                 ],
                 "directDependencies": [
                   "flutter",
                   "local_auth_android",
                   "local_auth_darwin",
                   "local_auth_platform_interface",
                   "local_auth_windows"
                 ]
               },
               {
                 "name": "local_auth_windows",
                 "version": "1.0.11",
                 "kind": "transitive",
                 "source": "hosted",
                 "dependencies": [
                   "flutter",
                   "local_auth_platform_interface"
                 ],
                 "directDependencies": [
                   "flutter",
                   "local_auth_platform_interface"
                 ]
               },
               {
                 "name": "local_auth_platform_interface",
                 "version": "1.0.10",
                 "kind": "transitive",
                 "source": "hosted",
                 "dependencies": [
                   "flutter",
                   "plugin_platform_interface"
                 ],
                 "directDependencies": [
                   "flutter",
                   "plugin_platform_interface"
                 ]
               },
               {
                 "name": "local_auth_darwin",
                 "version": "1.4.3",
                 "kind": "transitive",
                 "source": "hosted",
                 "dependencies": [
                   "flutter",
                   "intl",
                   "local_auth_platform_interface"
                 ],
                 "directDependencies": [
                   "flutter",
                   "intl",
                   "local_auth_platform_interface"
                 ]
               },
               {
                 "name": "local_auth_android",
                 "version": "1.0.47",
                 "kind": "transitive",
                 "source": "hosted",
                 "dependencies": [
                   "flutter",
                   "flutter_plugin_android_lifecycle",
                   "intl",
                   "local_auth_platform_interface"
                 ],
                 "directDependencies": [
                   "flutter",
                   "flutter_plugin_android_lifecycle",
                   "intl",
                   "local_auth_platform_interface"
                 ]
               },
               {
                 "name": "chewie",
                 "version": "1.7.5",
                 "kind": "direct",
                 "source": "hosted",
                 "dependencies": [
                   "cupertino_icons",
                   "flutter",
                   "provider",
                   "video_player",
                   "wakelock_plus"
                 ],
                 "directDependencies": [
                   "cupertino_icons",
                   "flutter",
                   "provider",
                   "video_player",
                   "wakelock_plus"
                 ]
               },
               {
                 "name": "wakelock_plus",
                 "version": "1.1.4",
                 "kind": "transitive",
                 "source": "hosted",
                 "dependencies": [
                   "flutter",
                   "flutter_web_plugins",
                   "meta",
                   "wakelock_plus_platform_interface",
                   "win32",
                   "dbus",
                   "package_info_plus",
                   "js"
                 ],
                 "directDependencies": [
                   "flutter",
                   "flutter_web_plugins",
                   "meta",
                   "wakelock_plus_platform_interface",
                   "win32",
                   "dbus",
                   "package_info_plus",
                   "js"
                 ]
               },
               {
                 "name": "wakelock_plus_platform_interface",
                 "version": "1.2.3",
                 "kind": "transitive",
                 "source": "hosted",
                 "dependencies": [
                   "flutter",
                   "plugin_platform_interface",
                   "meta"
                 ],
                 "directDependencies": [
                   "flutter",
                   "plugin_platform_interface",
                   "meta"
                 ]
               },
               {
                 "name": "video_player",
                 "version": "2.9.5",
                 "kind": "direct",
                 "source": "hosted",
                 "dependencies": [
                   "flutter",
                   "html",
                   "video_player_android",
                   "video_player_avfoundation",
                   "video_player_platform_interface",
                   "video_player_web"
                 ],
                 "directDependencies": [
                   "flutter",
                   "html",
                   "video_player_android",
                   "video_player_avfoundation",
                   "video_player_platform_interface",
                   "video_player_web"
                 ]
               },
               {
                 "name": "video_player_web",
                 "version": "2.3.5",
                 "kind": "transitive",
                 "source": "hosted",
                 "dependencies": [
                   "flutter",
                   "flutter_web_plugins",
                   "video_player_platform_interface",
                   "web"
                 ],
                 "directDependencies": [
                   "flutter",
                   "flutter_web_plugins",
                   "video_player_platform_interface",
                   "web"
                 ]
               },
               {
                 "name": "video_player_platform_interface",
                 "version": "6.3.0",
                 "kind": "transitive",
                 "source": "hosted",
                 "dependencies": [
                   "flutter",
                   "plugin_platform_interface"
                 ],
                 "directDependencies": [
                   "flutter",
                   "plugin_platform_interface"
                 ]
               },
               {
                 "name": "video_player_avfoundation",
                 "version": "2.7.1",
                 "kind": "transitive",
                 "source": "hosted",
                 "dependencies": [
                   "flutter",
                   "video_player_platform_interface"
                 ],
                 "directDependencies": [
                   "flutter",
                   "video_player_platform_interface"
                 ]
               },
               {
                 "name": "video_player_android",
                 "version": "2.7.16",
                 "kind": "transitive",
                 "source": "hosted",
                 "dependencies": [
                   "flutter",
                   "video_player_platform_interface"
                 ],
                 "directDependencies": [
                   "flutter",
                   "video_player_platform_interface"
                 ]
               },
               {
                 "name": "html",
                 "version": "0.15.6",
                 "kind": "transitive",
                 "source": "hosted",
                 "dependencies": [
                   "csslib",
                   "source_span"
                 ],
                 "directDependencies": [
                   "csslib",
                   "source_span"
                 ]
               },
               {
                 "name": "csslib",
                 "version": "1.0.2",
                 "kind": "transitive",
                 "source": "hosted",
                 "dependencies": [
                   "source_span"
                 ],
                 "directDependencies": [
                   "source_span"
                 ]
               },
               {
                 "name": "provider",
                 "version": "6.1.5",
                 "kind": "transitive",
                 "source": "hosted",
                 "dependencies": [
                   "collection",
                   "flutter",
                   "nested"
                 ],
                 "directDependencies": [
                   "collection",
                   "flutter",
                   "nested"
                 ]
               },
               {
                 "name": "nested",
                 "version": "1.0.0",
                 "kind": "transitive",
                 "source": "hosted",
                 "dependencies": [
                   "flutter"
                 ],
                 "directDependencies": [
                   "flutter"
                 ]
               },
               {
                 "name": "form_builder_validators",
                 "version": "11.2.0",
                 "kind": "direct",
                 "source": "hosted",
                 "dependencies": [
                   "flutter",
                   "flutter_localizations",
                   "intl"
                 ],
                 "directDependencies": [
                   "flutter",
                   "flutter_localizations",
                   "intl"
                 ]
               },
               {
                 "name": "flutter_localizations",
                 "version": "0.0.0",
                 "kind": "direct",
                 "source": "sdk",
                 "dependencies": [
                   "flutter",
                   "intl",
                   "characters",
                   "clock",
                   "collection",
                   "material_color_utilities",
                   "meta",
                   "path",
                   "vector_math"
                 ],
                 "directDependencies": [
                   "flutter",
                   "intl",
                   "characters",
                   "clock",
                   "collection",
                   "material_color_utilities",
                   "meta",
                   "path",
                   "vector_math"
                 ]
               },
               {
                 "name": "flutter_form_builder",
                 "version": "10.1.0",
                 "kind": "direct",
                 "source": "hosted",
                 "dependencies": [
                   "flutter",
                   "intl"
                 ],
                 "directDependencies": [
                   "flutter",
                   "intl"
                 ]
               },
               {
                 "name": "lottie",
                 "version": "2.7.0",
                 "kind": "direct",
                 "source": "hosted",
                 "dependencies": [
                   "archive",
                   "flutter",
                   "path",
                   "vector_math"
                 ],
                 "directDependencies": [
                   "archive",
                   "flutter",
                   "path",
                   "vector_math"
                 ]
               },
               {
                 "name": "flutter_svg",
                 "version": "2.1.0",
                 "kind": "direct",
                 "source": "hosted",
                 "dependencies": [
                   "flutter",
                   "http",
                   "vector_graphics",
                   "vector_graphics_codec",
                   "vector_graphics_compiler"
                 ],
                 "directDependencies": [
                   "flutter",
                   "http",
                   "vector_graphics",
                   "vector_graphics_codec",
                   "vector_graphics_compiler"
                 ]
               },
               {
                 "name": "vector_graphics_compiler",
                 "version": "1.1.16",
                 "kind": "transitive",
                 "source": "hosted",
                 "dependencies": [
                   "args",
                   "meta",
                   "path",
                   "path_parsing",
                   "vector_graphics_codec",
                   "xml"
                 ],
                 "directDependencies": [
                   "args",
                   "meta",
                   "path",
                   "path_parsing",
                   "vector_graphics_codec",
                   "xml"
                 ]
               },
               {
                 "name": "vector_graphics_codec",
                 "version": "1.1.13",
                 "kind": "transitive",
                 "source": "hosted",
                 "dependencies": [],
                 "directDependencies": []
               },
               {
                 "name": "path_parsing",
                 "version": "1.1.0",
                 "kind": "transitive",
                 "source": "hosted",
                 "dependencies": [
                   "meta",
                   "vector_math"
                 ],
                 "directDependencies": [
                   "meta",
                   "vector_math"
                 ]
               },
               {
                 "name": "vector_graphics",
                 "version": "1.1.18",
                 "kind": "transitive",
                 "source": "hosted",
                 "dependencies": [
                   "flutter",
                   "http",
                   "vector_graphics_codec"
                 ],
                 "directDependencies": [
                   "flutter",
                   "http",
                   "vector_graphics_codec"
                 ]
               },
               {
                 "name": "shimmer",
                 "version": "3.0.0",
                 "kind": "direct",
                 "source": "hosted",
                 "dependencies": [
                   "flutter"
                 ],
                 "directDependencies": [
                   "flutter"
                 ]
               },
               {
                 "name": "cached_network_image",
                 "version": "3.4.1",
                 "kind": "direct",
                 "source": "hosted",
                 "dependencies": [
                   "cached_network_image_platform_interface",
                   "cached_network_image_web",
                   "flutter",
                   "flutter_cache_manager",
                   "octo_image"
                 ],
                 "directDependencies": [
                   "cached_network_image_platform_interface",
                   "cached_network_image_web",
                   "flutter",
                   "flutter_cache_manager",
                   "octo_image"
                 ]
               },
               {
                 "name": "octo_image",
                 "version": "2.1.0",
                 "kind": "transitive",
                 "source": "hosted",
                 "dependencies": [
                   "flutter"
                 ],
                 "directDependencies": [
                   "flutter"
                 ]
               },
               {
                 "name": "flutter_cache_manager",
                 "version": "3.4.1",
                 "kind": "transitive",
                 "source": "hosted",
                 "dependencies": [
                   "clock",
                   "collection",
                   "file",
                   "flutter",
                   "http",
                   "path",
                   "path_provider",
                   "rxdart",
                   "sqflite",
                   "uuid"
                 ],
                 "directDependencies": [
                   "clock",
                   "collection",
                   "file",
                   "flutter",
                   "http",
                   "path",
                   "path_provider",
                   "rxdart",
                   "sqflite",
                   "uuid"
                 ]
               },
               {
                 "name": "sqflite",
                 "version": "2.4.1",
                 "kind": "transitive",
                 "source": "hosted",
                 "dependencies": [
                   "flutter",
                   "sqflite_android",
                   "sqflite_darwin",
                   "sqflite_platform_interface",
                   "sqflite_common",
                   "path"
                 ],
                 "directDependencies": [
                   "flutter",
                   "sqflite_android",
                   "sqflite_darwin",
                   "sqflite_platform_interface",
                   "sqflite_common",
                   "path"
                 ]
               },
               {
                 "name": "sqflite_common",
                 "version": "2.5.4+6",
                 "kind": "transitive",
                 "source": "hosted",
                 "dependencies": [
                   "synchronized",
                   "path",
                   "meta"
                 ],
                 "directDependencies": [
                   "synchronized",
                   "path",
                   "meta"
                 ]
               },
               {
                 "name": "synchronized",
                 "version": "3.3.0+3",
                 "kind": "transitive",
                 "source": "hosted",
                 "dependencies": [],
                 "directDependencies": []
               },
               {
                 "name": "sqflite_platform_interface",
                 "version": "2.4.0",
                 "kind": "transitive",
                 "source": "hosted",
                 "dependencies": [
                   "flutter",
                   "platform",
                   "sqflite_common",
                   "plugin_platform_interface",
                   "meta"
                 ],
                 "directDependencies": [
                   "flutter",
                   "platform",
                   "sqflite_common",
                   "plugin_platform_interface",
                   "meta"
                 ]
               },
               {
                 "name": "sqflite_darwin",
                 "version": "2.4.1+1",
                 "kind": "transitive",
                 "source": "hosted",
                 "dependencies": [
                   "flutter",
                   "sqflite_platform_interface",
                   "meta",
                   "sqflite_common",
                   "path"
                 ],
                 "directDependencies": [
                   "flutter",
                   "sqflite_platform_interface",
                   "meta",
                   "sqflite_common",
                   "path"
                 ]
               },
               {
                 "name": "sqflite_android",
                 "version": "2.4.0",
                 "kind": "transitive",
                 "source": "hosted",
                 "dependencies": [
                   "flutter",
                   "sqflite_common",
                   "path",
                   "sqflite_platform_interface"
                 ],
                 "directDependencies": [
                   "flutter",
                   "sqflite_common",
                   "path",
                   "sqflite_platform_interface"
                 ]
               },
               {
                 "name": "rxdart",
                 "version": "0.28.0",
                 "kind": "transitive",
                 "source": "hosted",
                 "dependencies": [],
                 "directDependencies": []
               },
               {
                 "name": "cached_network_image_web",
                 "version": "1.3.1",
                 "kind": "transitive",
                 "source": "hosted",
                 "dependencies": [
                   "cached_network_image_platform_interface",
                   "flutter",
                   "flutter_cache_manager",
                   "web"
                 ],
                 "directDependencies": [
                   "cached_network_image_platform_interface",
                   "flutter",
                   "flutter_cache_manager",
                   "web"
                 ]
               },
               {
                 "name": "cached_network_image_platform_interface",
                 "version": "4.1.1",
                 "kind": "transitive",
                 "source": "hosted",
                 "dependencies": [
                   "flutter",
                   "flutter_cache_manager"
                 ],
                 "directDependencies": [
                   "flutter",
                   "flutter_cache_manager"
                 ]
               },
               {
                 "name": "flutter_screenutil",
                 "version": "5.9.3",
                 "kind": "direct",
                 "source": "hosted",
                 "dependencies": [
                   "flutter"
                 ],
                 "directDependencies": [
                   "flutter"
                 ]
               },
               {
                 "name": "shared_preferences",
                 "version": "2.5.3",
                 "kind": "direct",
                 "source": "hosted",
                 "dependencies": [
                   "flutter",
                   "shared_preferences_android",
                   "shared_preferences_foundation",
                   "shared_preferences_linux",
                   "shared_preferences_platform_interface",
                   "shared_preferences_web",
                   "shared_preferences_windows"
                 ],
                 "directDependencies": [
                   "flutter",
                   "shared_preferences_android",
                   "shared_preferences_foundation",
                   "shared_preferences_linux",
                   "shared_preferences_platform_interface",
                   "shared_preferences_web",
                   "shared_preferences_windows"
                 ]
               },
               {
                 "name": "shared_preferences_windows",
                 "version": "2.4.1",
                 "kind": "transitive",
                 "source": "hosted",
                 "dependencies": [
                   "file",
                   "flutter",
                   "path",
                   "path_provider_platform_interface",
                   "path_provider_windows",
                   "shared_preferences_platform_interface"
                 ],
                 "directDependencies": [
                   "file",
                   "flutter",
                   "path",
                   "path_provider_platform_interface",
                   "path_provider_windows",
                   "shared_preferences_platform_interface"
                 ]
               },
               {
                 "name": "shared_preferences_platform_interface",
                 "version": "2.4.1",
                 "kind": "transitive",
                 "source": "hosted",
                 "dependencies": [
                   "flutter",
                   "plugin_platform_interface"
                 ],
                 "directDependencies": [
                   "flutter",
                   "plugin_platform_interface"
                 ]
               },
               {
                 "name": "shared_preferences_web",
                 "version": "2.4.3",
                 "kind": "transitive",
                 "source": "hosted",
                 "dependencies": [
                   "flutter",
                   "flutter_web_plugins",
                   "shared_preferences_platform_interface",
                   "web"
                 ],
                 "directDependencies": [
                   "flutter",
                   "flutter_web_plugins",
                   "shared_preferences_platform_interface",
                   "web"
                 ]
               },
               {
                 "name": "shared_preferences_linux",
                 "version": "2.4.1",
                 "kind": "transitive",
                 "source": "hosted",
                 "dependencies": [
                   "file",
                   "flutter",
                   "path",
                   "path_provider_linux",
                   "path_provider_platform_interface",
                   "shared_preferences_platform_interface"
                 ],
                 "directDependencies": [
                   "file",
                   "flutter",
                   "path",
                   "path_provider_linux",
                   "path_provider_platform_interface",
                   "shared_preferences_platform_interface"
                 ]
               },
               {
                 "name": "shared_preferences_foundation",
                 "version": "2.5.4",
                 "kind": "transitive",
                 "source": "hosted",
                 "dependencies": [
                   "flutter",
                   "shared_preferences_platform_interface"
                 ],
                 "directDependencies": [
                   "flutter",
                   "shared_preferences_platform_interface"
                 ]
               },
               {
                 "name": "shared_preferences_android",
                 "version": "2.4.7",
                 "kind": "transitive",
                 "source": "hosted",
                 "dependencies": [
                   "flutter",
                   "shared_preferences_platform_interface"
                 ],
                 "directDependencies": [
                   "flutter",
                   "shared_preferences_platform_interface"
                 ]
               },
               {
                 "name": "hive_flutter",
                 "version": "1.1.0",
                 "kind": "direct",
                 "source": "hosted",
                 "dependencies": [
                   "flutter",
                   "hive",
                   "path_provider",
                   "path"
                 ],
                 "directDependencies": [
                   "flutter",
                   "hive",
                   "path_provider",
                   "path"
                 ]
               },
               {
                 "name": "hive",
                 "version": "2.2.3",
                 "kind": "transitive",
                 "source": "hosted",
                 "dependencies": [
                   "meta",
                   "crypto"
                 ],
                 "directDependencies": [
                   "meta",
                   "crypto"
                 ]
               },
               {
                 "name": "flutter_secure_storage",
                 "version": "9.2.4",
                 "kind": "direct",
                 "source": "hosted",
                 "dependencies": [
                   "flutter",
                   "flutter_secure_storage_linux",
                   "flutter_secure_storage_macos",
                   "flutter_secure_storage_platform_interface",
                   "flutter_secure_storage_web",
                   "flutter_secure_storage_windows",
                   "meta"
                 ],
                 "directDependencies": [
                   "flutter",
                   "flutter_secure_storage_linux",
                   "flutter_secure_storage_macos",
                   "flutter_secure_storage_platform_interface",
                   "flutter_secure_storage_web",
                   "flutter_secure_storage_windows",
                   "meta"
                 ]
               },
               {
                 "name": "flutter_secure_storage_windows",
                 "version": "3.1.2",
                 "kind": "transitive",
                 "source": "hosted",
                 "dependencies": [
                   "ffi",
                   "flutter",
                   "flutter_secure_storage_platform_interface",
                   "path",
                   "path_provider",
                   "win32"
                 ],
                 "directDependencies": [
                   "ffi",
                   "flutter",
                   "flutter_secure_storage_platform_interface",
                   "path",
                   "path_provider",
                   "win32"
                 ]
               },
               {
                 "name": "flutter_secure_storage_platform_interface",
                 "version": "1.1.2",
                 "kind": "transitive",
                 "source": "hosted",
                 "dependencies": [
                   "flutter",
                   "plugin_platform_interface"
                 ],
                 "directDependencies": [
                   "flutter",
                   "plugin_platform_interface"
                 ]
               },
               {
                 "name": "flutter_secure_storage_web",
                 "version": "1.2.1",
                 "kind": "transitive",
                 "source": "hosted",
                 "dependencies": [
                   "flutter",
                   "flutter_secure_storage_platform_interface",
                   "flutter_web_plugins",
                   "js"
                 ],
                 "directDependencies": [
                   "flutter",
                   "flutter_secure_storage_platform_interface",
                   "flutter_web_plugins",
                   "js"
                 ]
               },
               {
                 "name": "flutter_secure_storage_macos",
                 "version": "3.1.3",
                 "kind": "transitive",
                 "source": "hosted",
                 "dependencies": [
                   "flutter",
                   "flutter_secure_storage_platform_interface"
                 ],
                 "directDependencies": [
                   "flutter",
                   "flutter_secure_storage_platform_interface"
                 ]
               },
               {
                 "name": "flutter_secure_storage_linux",
                 "version": "1.2.3",
                 "kind": "transitive",
                 "source": "hosted",
                 "dependencies": [
                   "flutter",
                   "flutter_secure_storage_platform_interface"
                 ],
                 "directDependencies": [
                   "flutter",
                   "flutter_secure_storage_platform_interface"
                 ]
               },
               {
                 "name": "go_router",
                 "version": "12.1.3",
                 "kind": "direct",
                 "source": "hosted",
                 "dependencies": [
                   "collection",
                   "flutter",
                   "flutter_web_plugins",
                   "logging",
                   "meta"
                 ],
                 "directDependencies": [
                   "collection",
                   "flutter",
                   "flutter_web_plugins",
                   "logging",
                   "meta"
                 ]
               },
               {
                 "name": "graphql_flutter",
                 "version": "5.2.0-beta.6",
                 "kind": "direct",
                 "source": "hosted",
                 "dependencies": [
                   "graphql",
                   "gql_exec",
                   "flutter",
                   "meta",
                   "path_provider",
                   "path",
                   "connectivity_plus",
                   "hive",
                   "plugin_platform_interface",
                   "flutter_hooks"
                 ],
                 "directDependencies": [
                   "graphql",
                   "gql_exec",
                   "flutter",
                   "meta",
                   "path_provider",
                   "path",
                   "connectivity_plus",
                   "hive",
                   "plugin_platform_interface",
                   "flutter_hooks"
                 ]
               },
               {
                 "name": "flutter_hooks",
                 "version": "0.20.5",
                 "kind": "transitive",
                 "source": "hosted",
                 "dependencies": [
                   "flutter"
                 ],
                 "directDependencies": [
                   "flutter"
                 ]
               },
               {
                 "name": "gql_exec",
                 "version": "1.1.1-alpha+1699813812660",
                 "kind": "transitive",
                 "source": "hosted",
                 "dependencies": [
                   "collection",
                   "gql",
                   "meta"
                 ],
                 "directDependencies": [
                   "collection",
                   "gql",
                   "meta"
                 ]
               },
               {
                 "name": "gql",
                 "version": "1.0.1-alpha+1730759315362",
                 "kind": "transitive",
                 "source": "hosted",
                 "dependencies": [
                   "collection",
                   "meta",
                   "source_span",
                   "yaml"
                 ],
                 "directDependencies": [
                   "collection",
                   "meta",
                   "source_span",
                   "yaml"
                 ]
               },
               {
                 "name": "graphql",
                 "version": "5.2.1",
                 "kind": "transitive",
                 "source": "hosted",
                 "dependencies": [
                   "meta",
                   "path",
                   "gql",
                   "gql_exec",
                   "gql_link",
                   "gql_http_link",
                   "gql_transform_link",
                   "gql_error_link",
                   "gql_dedupe_link",
                   "hive",
                   "normalize",
                   "http",
                   "collection",
                   "web_socket_channel",
                   "stream_channel",
                   "rxdart",
                   "uuid"
                 ],
                 "directDependencies": [
                   "meta",
                   "path",
                   "gql",
                   "gql_exec",
                   "gql_link",
                   "gql_http_link",
                   "gql_transform_link",
                   "gql_error_link",
                   "gql_dedupe_link",
                   "hive",
                   "normalize",
                   "http",
                   "collection",
                   "web_socket_channel",
                   "stream_channel",
                   "rxdart",
                   "uuid"
                 ]
               },
               {
                 "name": "normalize",
                 "version": "0.9.1",
                 "kind": "transitive",
                 "source": "hosted",
                 "dependencies": [
                   "gql",
                   "collection"
                 ],
                 "directDependencies": [
                   "gql",
                   "collection"
                 ]
               },
               {
                 "name": "gql_dedupe_link",
                 "version": "2.0.4-alpha+1715521079596",
                 "kind": "transitive",
                 "source": "hosted",
                 "dependencies": [
                   "async",
                   "gql_exec",
                   "gql_link",
                   "meta"
                 ],
                 "directDependencies": [
                   "async",
                   "gql_exec",
                   "gql_link",
                   "meta"
                 ]
               },
               {
                 "name": "gql_link",
                 "version": "1.0.1-alpha+1730759315378",
                 "kind": "transitive",
                 "source": "hosted",
                 "dependencies": [
                   "gql",
                   "gql_exec",
                   "meta"
                 ],
                 "directDependencies": [
                   "gql",
                   "gql_exec",
                   "meta"
                 ]
               },
               {
                 "name": "gql_error_link",
                 "version": "1.0.0+1",
                 "kind": "transitive",
                 "source": "hosted",
                 "dependencies": [
                   "async",
                   "gql_exec",
                   "gql_link",
                   "meta"
                 ],
                 "directDependencies": [
                   "async",
                   "gql_exec",
                   "gql_link",
                   "meta"
                 ]
               },
               {
                 "name": "gql_transform_link",
                 "version": "1.0.0",
                 "kind": "transitive",
                 "source": "hosted",
                 "dependencies": [
                   "gql_exec",
                   "gql_link"
                 ],
                 "directDependencies": [
                   "gql_exec",
                   "gql_link"
                 ]
               },
               {
                 "name": "gql_http_link",
                 "version": "1.1.0",
                 "kind": "transitive",
                 "source": "hosted",
                 "dependencies": [
                   "gql",
                   "gql_exec",
                   "gql_link",
                   "http",
                   "http_parser",
                   "meta"
                 ],
                 "directDependencies": [
                   "gql",
                   "gql_exec",
                   "gql_link",
                   "http",
                   "http_parser",
                   "meta"
                 ]
               },
               {
                 "name": "flutter_riverpod",
                 "version": "2.6.1",
                 "kind": "direct",
                 "source": "hosted",
                 "dependencies": [
                   "collection",
                   "flutter",
                   "meta",
                   "riverpod",
                   "state_notifier"
                 ],
                 "directDependencies": [
                   "collection",
                   "flutter",
                   "meta",
                   "riverpod",
                   "state_notifier"
                 ]
               }
             ],
             "sdks": [
               {
                 "name": "Dart",
                 "version": "3.8.1"
               },
               {
                 "name": "Flutter",
                 "version": "3.32.8"
               }
             ],
             "executables": [
               "flutter_launcher_icons",
               "flutter_launcher_icons:generate",
               "flutter_launcher_icons:main",
               "build_runner",
               "build_runner:graph_inspector",
               "mockito:codegen"
             ]
           }
[  +34 ms] Found plugin connectivity_plus at /Users/carl.stanley/.pub-cache/hosted/pub.dev/connectivity_plus-5.0.2/
[   +8 ms] Found plugin device_info_plus at /Users/carl.stanley/.pub-cache/hosted/pub.dev/device_info_plus-9.1.2/
[   +4 ms] Found plugin file_selector_linux at /Users/carl.stanley/.pub-cache/hosted/pub.dev/file_selector_linux-0.9.3+2/
[        ] Found plugin file_selector_macos at /Users/carl.stanley/.pub-cache/hosted/pub.dev/file_selector_macos-0.9.4+2/
[        ] Found plugin file_selector_windows at /Users/carl.stanley/.pub-cache/hosted/pub.dev/file_selector_windows-0.9.3+4/
[   +3 ms] Found plugin flutter_plugin_android_lifecycle at /Users/carl.stanley/.pub-cache/hosted/pub.dev/flutter_plugin_android_lifecycle-2.0.26/
[   +1 ms] Found plugin flutter_secure_storage at /Users/carl.stanley/.pub-cache/hosted/pub.dev/flutter_secure_storage-9.2.4/
[        ] Found plugin flutter_secure_storage_linux at /Users/carl.stanley/.pub-cache/hosted/pub.dev/flutter_secure_storage_linux-1.2.3/
[        ] Found plugin flutter_secure_storage_macos at /Users/carl.stanley/.pub-cache/hosted/pub.dev/flutter_secure_storage_macos-3.1.3/
[   +1 ms] Found plugin flutter_secure_storage_web at /Users/carl.stanley/.pub-cache/hosted/pub.dev/flutter_secure_storage_web-1.2.1/
[        ] Found plugin flutter_secure_storage_windows at /Users/carl.stanley/.pub-cache/hosted/pub.dev/flutter_secure_storage_windows-3.1.2/
[  +13 ms] Found plugin image_cropper at /Users/carl.stanley/.pub-cache/hosted/pub.dev/image_cropper-9.1.0/
[        ] Found plugin image_cropper_for_web at /Users/carl.stanley/.pub-cache/hosted/pub.dev/image_cropper_for_web-6.1.0/
[   +1 ms] Found plugin image_picker at /Users/carl.stanley/.pub-cache/hosted/pub.dev/image_picker-1.1.2/
[        ] Found plugin image_picker_android at /Users/carl.stanley/.pub-cache/hosted/pub.dev/image_picker_android-0.8.12+21/
[        ] Found plugin image_picker_for_web at /Users/carl.stanley/.pub-cache/hosted/pub.dev/image_picker_for_web-3.0.6/
[        ] Found plugin image_picker_ios at /Users/carl.stanley/.pub-cache/hosted/pub.dev/image_picker_ios-0.8.12+2/
[        ] Found plugin image_picker_linux at /Users/carl.stanley/.pub-cache/hosted/pub.dev/image_picker_linux-0.2.1+2/
[        ] Found plugin image_picker_macos at /Users/carl.stanley/.pub-cache/hosted/pub.dev/image_picker_macos-0.2.1+2/
[   +1 ms] Found plugin image_picker_windows at /Users/carl.stanley/.pub-cache/hosted/pub.dev/image_picker_windows-0.2.1+1/
[   +4 ms] Found plugin local_auth at /Users/carl.stanley/.pub-cache/hosted/pub.dev/local_auth-2.3.0/
[        ] Found plugin local_auth_android at /Users/carl.stanley/.pub-cache/hosted/pub.dev/local_auth_android-1.0.47/
[        ] Found plugin local_auth_darwin at /Users/carl.stanley/.pub-cache/hosted/pub.dev/local_auth_darwin-1.4.3/
[        ] Found plugin local_auth_windows at /Users/carl.stanley/.pub-cache/hosted/pub.dev/local_auth_windows-1.0.11/
[   +5 ms] Found plugin package_info_plus at /Users/carl.stanley/.pub-cache/hosted/pub.dev/package_info_plus-4.2.0/
[   +1 ms] Found plugin path_provider at /Users/carl.stanley/.pub-cache/hosted/pub.dev/path_provider-2.1.5/
[        ] Found plugin path_provider_android at /Users/carl.stanley/.pub-cache/hosted/pub.dev/path_provider_android-2.2.15/
[        ] Found plugin path_provider_foundation at /Users/carl.stanley/.pub-cache/hosted/pub.dev/path_provider_foundation-2.4.1/
[        ] Found plugin path_provider_linux at /Users/carl.stanley/.pub-cache/hosted/pub.dev/path_provider_linux-2.2.1/
[        ] Found plugin path_provider_windows at /Users/carl.stanley/.pub-cache/hosted/pub.dev/path_provider_windows-2.3.0/
[        ] Found plugin permission_handler at /Users/carl.stanley/.pub-cache/hosted/pub.dev/permission_handler-11.4.0/
[        ] Found plugin permission_handler_android at /Users/carl.stanley/.pub-cache/hosted/pub.dev/permission_handler_android-12.1.0/
[        ] Found plugin permission_handler_apple at /Users/carl.stanley/.pub-cache/hosted/pub.dev/permission_handler_apple-9.4.7/
[        ] Found plugin permission_handler_html at /Users/carl.stanley/.pub-cache/hosted/pub.dev/permission_handler_html-0.1.3+5/
[        ] Found plugin permission_handler_windows at /Users/carl.stanley/.pub-cache/hosted/pub.dev/permission_handler_windows-0.2.1/
[   +4 ms] Found plugin share_plus at /Users/carl.stanley/.pub-cache/hosted/pub.dev/share_plus-7.2.2/
[        ] Found plugin shared_preferences at /Users/carl.stanley/.pub-cache/hosted/pub.dev/shared_preferences-2.5.3/
[        ] Found plugin shared_preferences_android at /Users/carl.stanley/.pub-cache/hosted/pub.dev/shared_preferences_android-2.4.7/
[        ] Found plugin shared_preferences_foundation at /Users/carl.stanley/.pub-cache/hosted/pub.dev/shared_preferences_foundation-2.5.4/
[        ] Found plugin shared_preferences_linux at /Users/carl.stanley/.pub-cache/hosted/pub.dev/shared_preferences_linux-2.4.1/
[        ] Found plugin shared_preferences_web at /Users/carl.stanley/.pub-cache/hosted/pub.dev/shared_preferences_web-2.4.3/
[        ] Found plugin shared_preferences_windows at /Users/carl.stanley/.pub-cache/hosted/pub.dev/shared_preferences_windows-2.4.1/
[   +5 ms] Found plugin sqflite at /Users/carl.stanley/.pub-cache/hosted/pub.dev/sqflite-2.4.1/
[        ] Found plugin sqflite_android at /Users/carl.stanley/.pub-cache/hosted/pub.dev/sqflite_android-2.4.0/
[   +1 ms] Found plugin sqflite_darwin at /Users/carl.stanley/.pub-cache/hosted/pub.dev/sqflite_darwin-2.4.1+1/
[   +5 ms] Found plugin url_launcher at /Users/carl.stanley/.pub-cache/hosted/pub.dev/url_launcher-6.3.1/
[        ] Found plugin url_launcher_android at /Users/carl.stanley/.pub-cache/hosted/pub.dev/url_launcher_android-6.3.14/
[        ] Found plugin url_launcher_ios at /Users/carl.stanley/.pub-cache/hosted/pub.dev/url_launcher_ios-6.3.3/
[        ] Found plugin url_launcher_linux at /Users/carl.stanley/.pub-cache/hosted/pub.dev/url_launcher_linux-3.2.1/
[        ] Found plugin url_launcher_macos at /Users/carl.stanley/.pub-cache/hosted/pub.dev/url_launcher_macos-3.2.2/
[        ] Found plugin url_launcher_web at /Users/carl.stanley/.pub-cache/hosted/pub.dev/url_launcher_web-2.3.3/
[        ] Found plugin url_launcher_windows at /Users/carl.stanley/.pub-cache/hosted/pub.dev/url_launcher_windows-3.1.4/
[   +2 ms] Found plugin video_player at /Users/carl.stanley/.pub-cache/hosted/pub.dev/video_player-2.9.5/
[        ] Found plugin video_player_android at /Users/carl.stanley/.pub-cache/hosted/pub.dev/video_player_android-2.7.16/
[        ] Found plugin video_player_avfoundation at /Users/carl.stanley/.pub-cache/hosted/pub.dev/video_player_avfoundation-2.7.1/
[   +1 ms] Found plugin video_player_web at /Users/carl.stanley/.pub-cache/hosted/pub.dev/video_player_web-2.3.5/
[        ] Found plugin wakelock_plus at /Users/carl.stanley/.pub-cache/hosted/pub.dev/wakelock_plus-1.1.4/
[   +6 ms] Found plugin integration_test at /Users/carl.stanley/development/flutter/packages/integration_test/
[  +10 ms] executing: [/Users/carl.stanley/sites/UKCPA/ukcpa_flutter/] /Users/carl.stanley/development/flutter/bin/cache/dart-sdk/bin/dart pub --suppress-analytics deps --json
[ +256 ms] {
             "root": "ukcpa_flutter",
             "packages": [
               {
                 "name": "ukcpa_flutter",
                 "version": "1.0.0+1",
                 "kind": "root",
                 "source": "root",
                 "dependencies": [
                   "flutter",
                   "flutter_localizations",
                   "flutter_riverpod",
                   "riverpod_annotation",
                   "graphql_flutter",
                   "go_router",
                   "flutter_secure_storage",
                   "hive_flutter",
                   "shared_preferences",
                   "flutter_screenutil",
                   "cached_network_image",
                   "shimmer",
                   "flutter_svg",
                   "lottie",
                   "flutter_form_builder",
                   "form_builder_validators",
                   "video_player",
                   "chewie",
                   "local_auth",
                   "intl",
                   "url_launcher",
                   "share_plus",
                   "connectivity_plus",
                   "device_info_plus",
                   "package_info_plus",
                   "permission_handler",
                   "table_calendar",
                   "flutter_datetime_picker_plus",
                   "dio",
                   "pretty_dio_logger",
                   "flutter_dotenv",
                   "logger",
                   "image_picker",
                   "image_cropper",
                   "flutter_markdown",
                   "cupertino_icons",
                   "flutter_launcher_icons",
                   "json_annotation",
                   "mcp_toolkit",
                   "flutter_test",
                   "flutter_lints",
                   "build_runner",
                   "riverpod_generator",
                   "json_serializable",
                   "freezed",
                   "freezed_annotation",
                   "mockito",
                   "integration_test"
                 ],
                 "directDependencies": [
                   "flutter",
                   "flutter_localizations",
                   "flutter_riverpod",
                   "riverpod_annotation",
                   "graphql_flutter",
                   "go_router",
                   "flutter_secure_storage",
                   "hive_flutter",
                   "shared_preferences",
                   "flutter_screenutil",
                   "cached_network_image",
                   "shimmer",
                   "flutter_svg",
                   "lottie",
                   "flutter_form_builder",
                   "form_builder_validators",
                   "video_player",
                   "chewie",
                   "local_auth",
                   "intl",
                   "url_launcher",
                   "share_plus",
                   "connectivity_plus",
                   "device_info_plus",
                   "package_info_plus",
                   "permission_handler",
                   "table_calendar",
                   "flutter_datetime_picker_plus",
                   "dio",
                   "pretty_dio_logger",
                   "flutter_dotenv",
                   "logger",
                   "image_picker",
                   "image_cropper",
                   "flutter_markdown",
                   "cupertino_icons",
                   "flutter_launcher_icons",
                   "json_annotation",
                   "mcp_toolkit"
                 ],
                 "devDependencies": [
                   "flutter_test",
                   "flutter_lints",
                   "build_runner",
                   "riverpod_generator",
                   "json_serializable",
                   "freezed",
                   "freezed_annotation",
                   "mockito",
                   "integration_test"
                 ]
               },
               {
                 "name": "integration_test",
                 "version": "0.0.0",
                 "kind": "dev",
                 "source": "sdk",
                 "dependencies": [
                   "flutter",
                   "flutter_driver",
                   "flutter_test",
                   "path",
                   "vm_service",
                   "async",
                   "boolean_selector",
                   "characters",
                   "clock",
                   "collection",
                   "fake_async",
                   "file",
                   "leak_tracker",
                   "leak_tracker_flutter_testing",
                   "leak_tracker_testing",
                   "matcher",
                   "material_color_utilities",
                   "meta",
                   "source_span",
                   "stack_trace",
                   "stream_channel",
                   "string_scanner",
                   "sync_http",
                   "term_glyph",
                   "test_api",
                   "vector_math",
                   "webdriver"
                 ],
                 "directDependencies": [
                   "flutter",
                   "flutter_driver",
                   "flutter_test",
                   "path",
                   "vm_service",
                   "async",
                   "boolean_selector",
                   "characters",
                   "clock",
                   "collection",
                   "fake_async",
                   "file",
                   "leak_tracker",
                   "leak_tracker_flutter_testing",
                   "leak_tracker_testing",
                   "matcher",
                   "material_color_utilities",
                   "meta",
                   "source_span",
                   "stack_trace",
                   "stream_channel",
                   "string_scanner",
                   "sync_http",
                   "term_glyph",
                   "test_api",
                   "vector_math",
                   "webdriver"
                 ]
               },
               {
                 "name": "webdriver",
                 "version": "3.1.0",
                 "kind": "transitive",
                 "source": "hosted",
                 "dependencies": [
                   "matcher",
                   "path",
                   "stack_trace",
                   "sync_http"
                 ],
                 "directDependencies": [
                   "matcher",
                   "path",
                   "stack_trace",
                   "sync_http"
                 ]
               },
               {
                 "name": "sync_http",
                 "version": "0.3.1",
                 "kind": "transitive",
                 "source": "hosted",
                 "dependencies": [],
                 "directDependencies": []
               },
               {
                 "name": "stack_trace",
                 "version": "1.12.1",
                 "kind": "transitive",
                 "source": "hosted",
                 "dependencies": [
                   "path"
                 ],
                 "directDependencies": [
                   "path"
                 ]
               },
               {
                 "name": "path",
                 "version": "1.9.1",
                 "kind": "transitive",
                 "source": "hosted",
                 "dependencies": [],
                 "directDependencies": []
               },
               {
                 "name": "matcher",
                 "version": "0.12.17",
                 "kind": "transitive",
                 "source": "hosted",
                 "dependencies": [
                   "async",
                   "meta",
                   "stack_trace",
                   "term_glyph",
                   "test_api"
                 ],
                 "directDependencies": [
                   "async",
                   "meta",
                   "stack_trace",
                   "term_glyph",
                   "test_api"
                 ]
               },
               {
                 "name": "test_api",
                 "version": "0.7.4",
                 "kind": "transitive",
                 "source": "hosted",
                 "dependencies": [
                   "async",
                   "boolean_selector",
                   "collection",
                   "meta",
                   "source_span",
                   "stack_trace",
                   "stream_channel",
                   "string_scanner",
                   "term_glyph"
                 ],
                 "directDependencies": [
                   "async",
                   "boolean_selector",
                   "collection",
                   "meta",
                   "source_span",
                   "stack_trace",
                   "stream_channel",
                   "string_scanner",
                   "term_glyph"
                 ]
               },
               {
                 "name": "term_glyph",
                 "version": "1.2.2",
                 "kind": "transitive",
                 "source": "hosted",
                 "dependencies": [],
                 "directDependencies": []
               },
               {
                 "name": "string_scanner",
                 "version": "1.4.1",
                 "kind": "transitive",
                 "source": "hosted",
                 "dependencies": [
                   "source_span"
                 ],
                 "directDependencies": [
                   "source_span"
                 ]
               },
               {
                 "name": "source_span",
                 "version": "1.10.1",
                 "kind": "transitive",
                 "source": "hosted",
                 "dependencies": [
                   "collection",
                   "path",
                   "term_glyph"
                 ],
                 "directDependencies": [
                   "collection",
                   "path",
                   "term_glyph"
                 ]
               },
               {
                 "name": "collection",
                 "version": "1.19.1",
                 "kind": "transitive",
                 "source": "hosted",
                 "dependencies": [],
                 "directDependencies": []
               },
               {
                 "name": "stream_channel",
                 "version": "2.1.4",
                 "kind": "transitive",
                 "source": "hosted",
                 "dependencies": [
                   "async"
                 ],
                 "directDependencies": [
                   "async"
                 ]
               },
               {
                 "name": "async",
                 "version": "2.13.0",
                 "kind": "transitive",
                 "source": "hosted",
                 "dependencies": [
                   "collection",
                   "meta"
                 ],
                 "directDependencies": [
                   "collection",
                   "meta"
                 ]
               },
               {
                 "name": "meta",
                 "version": "1.16.0",
                 "kind": "transitive",
                 "source": "hosted",
                 "dependencies": [],
                 "directDependencies": []
               },
               {
                 "name": "boolean_selector",
                 "version": "2.1.2",
                 "kind": "transitive",
                 "source": "hosted",
                 "dependencies": [
                   "source_span",
                   "string_scanner"
                 ],
                 "directDependencies": [
                   "source_span",
                   "string_scanner"
                 ]
               },
               {
                 "name": "vector_math",
                 "version": "2.1.4",
                 "kind": "transitive",
                 "source": "hosted",
                 "dependencies": [],
                 "directDependencies": []
               },
               {
                 "name": "material_color_utilities",
                 "version": "0.11.1",
                 "kind": "transitive",
                 "source": "hosted",
                 "dependencies": [
                   "collection"
                 ],
                 "directDependencies": [
                   "collection"
                 ]
               },
               {
                 "name": "leak_tracker_testing",
                 "version": "3.0.1",
                 "kind": "transitive",
                 "source": "hosted",
                 "dependencies": [
                   "leak_tracker",
                   "matcher",
                   "meta"
                 ],
                 "directDependencies": [
                   "leak_tracker",
                   "matcher",
                   "meta"
                 ]
               },
               {
                 "name": "leak_tracker",
                 "version": "10.0.9",
                 "kind": "transitive",
                 "source": "hosted",
                 "dependencies": [
                   "clock",
                   "collection",
                   "meta",
                   "path",
                   "vm_service"
                 ],
                 "directDependencies": [
                   "clock",
                   "collection",
                   "meta",
                   "path",
                   "vm_service"
                 ]
               },
               {
                 "name": "vm_service",
                 "version": "15.0.0",
                 "kind": "transitive",
                 "source": "hosted",
                 "dependencies": [],
                 "directDependencies": []
               },
               {
                 "name": "clock",
                 "version": "1.1.2",
                 "kind": "transitive",
                 "source": "hosted",
                 "dependencies": [],
                 "directDependencies": []
               },
               {
                 "name": "leak_tracker_flutter_testing",
                 "version": "3.0.9",
                 "kind": "transitive",
                 "source": "hosted",
                 "dependencies": [
                   "flutter",
                   "leak_tracker",
                   "leak_tracker_testing",
                   "matcher",
                   "meta"
                 ],
                 "directDependencies": [
                   "flutter",
                   "leak_tracker",
                   "leak_tracker_testing",
                   "matcher",
                   "meta"
                 ]
               },
               {
                 "name": "flutter",
                 "version": "0.0.0",
                 "kind": "direct",
                 "source": "sdk",
                 "dependencies": [
                   "characters",
                   "collection",
                   "material_color_utilities",
                   "meta",
                   "vector_math",
                   "sky_engine"
                 ],
                 "directDependencies": [
                   "characters",
                   "collection",
                   "material_color_utilities",
                   "meta",
                   "vector_math",
                   "sky_engine"
                 ]
               },
               {
                 "name": "sky_engine",
                 "version": "0.0.0",
                 "kind": "transitive",
                 "source": "sdk",
                 "dependencies": [],
                 "directDependencies": []
               },
               {
                 "name": "characters",
                 "version": "1.4.0",
                 "kind": "transitive",
                 "source": "hosted",
                 "dependencies": [],
                 "directDependencies": []
               },
               {
                 "name": "file",
                 "version": "7.0.1",
                 "kind": "transitive",
                 "source": "hosted",
                 "dependencies": [
                   "meta",
                   "path"
                 ],
                 "directDependencies": [
                   "meta",
                   "path"
                 ]
               },
               {
                 "name": "fake_async",
                 "version": "1.3.3",
                 "kind": "transitive",
                 "source": "hosted",
                 "dependencies": [
                   "clock",
                   "collection"
                 ],
                 "directDependencies": [
                   "clock",
                   "collection"
                 ]
               },
               {
                 "name": "flutter_test",
                 "version": "0.0.0",
                 "kind": "dev",
                 "source": "sdk",
                 "dependencies": [
                   "flutter",
                   "test_api",
                   "matcher",
                   "path",
                   "fake_async",
                   "clock",
                   "stack_trace",
                   "vector_math",
                   "leak_tracker_flutter_testing",
                   "async",
                   "boolean_selector",
                   "characters",
                   "collection",
                   "leak_tracker",
                   "leak_tracker_testing",
                   "material_color_utilities",
                   "meta",
                   "source_span",
                   "stream_channel",
                   "string_scanner",
                   "term_glyph",
                   "vm_service"
                 ],
                 "directDependencies": [
                   "flutter",
                   "test_api",
                   "matcher",
                   "path",
                   "fake_async",
                   "clock",
                   "stack_trace",
                   "vector_math",
                   "leak_tracker_flutter_testing",
                   "async",
                   "boolean_selector",
                   "characters",
                   "collection",
                   "leak_tracker",
                   "leak_tracker_testing",
                   "material_color_utilities",
                   "meta",
                   "source_span",
                   "stream_channel",
                   "string_scanner",
                   "term_glyph",
                   "vm_service"
                 ]
               },
               {
                 "name": "flutter_driver",
                 "version": "0.0.0",
                 "kind": "transitive",
                 "source": "sdk",
                 "dependencies": [
                   "file",
                   "flutter",
                   "flutter_test",
                   "fuchsia_remote_debug_protocol",
                   "path",
                   "meta",
                   "vm_service",
                   "webdriver",
                   "async",
                   "boolean_selector",
                   "characters",
                   "clock",
                   "collection",
                   "leak_tracker",
                   "leak_tracker_flutter_testing",
                   "leak_tracker_testing",
                   "matcher",
                   "material_color_utilities",
                   "platform",
                   "process",
                   "source_span",
                   "stack_trace",
                   "stream_channel",
                   "string_scanner",
                   "sync_http",
                   "term_glyph",
                   "test_api",
                   "vector_math"
                 ],
                 "directDependencies": [
                   "file",
                   "flutter",
                   "flutter_test",
                   "fuchsia_remote_debug_protocol",
                   "path",
                   "meta",
                   "vm_service",
                   "webdriver",
                   "async",
                   "boolean_selector",
                   "characters",
                   "clock",
                   "collection",
                   "leak_tracker",
                   "leak_tracker_flutter_testing",
                   "leak_tracker_testing",
                   "matcher",
                   "material_color_utilities",
                   "platform",
                   "process",
                   "source_span",
                   "stack_trace",
                   "stream_channel",
                   "string_scanner",
                   "sync_http",
                   "term_glyph",
                   "test_api",
                   "vector_math"
                 ]
               },
               {
                 "name": "process",
                 "version": "5.0.3",
                 "kind": "transitive",
                 "source": "hosted",
                 "dependencies": [
                   "file",
                   "path",
                   "platform"
                 ],
                 "directDependencies": [
                   "file",
                   "path",
                   "platform"
                 ]
               },
               {
                 "name": "platform",
                 "version": "3.1.6",
                 "kind": "transitive",
                 "source": "hosted",
                 "dependencies": [],
                 "directDependencies": []
               },
               {
                 "name": "fuchsia_remote_debug_protocol",
                 "version": "0.0.0",
                 "kind": "transitive",
                 "source": "sdk",
                 "dependencies": [
                   "process",
                   "vm_service",
                   "file",
                   "meta",
                   "path",
                   "platform"
                 ],
                 "directDependencies": [
                   "process",
                   "vm_service",
                   "file",
                   "meta",
                   "path",
                   "platform"
                 ]
               },
               {
                 "name": "mockito",
                 "version": "5.4.4",
                 "kind": "dev",
                 "source": "hosted",
                 "dependencies": [
                   "analyzer",
                   "build",
                   "code_builder",
                   "collection",
                   "dart_style",
                   "matcher",
                   "meta",
                   "path",
                   "source_gen",
                   "test_api"
                 ],
                 "directDependencies": [
                   "analyzer",
                   "build",
                   "code_builder",
                   "collection",
                   "dart_style",
                   "matcher",
                   "meta",
                   "path",
                   "source_gen",
                   "test_api"
                 ]
               },
               {
                 "name": "source_gen",
                 "version": "1.5.0",
                 "kind": "transitive",
                 "source": "hosted",
                 "dependencies": [
                   "analyzer",
                   "async",
                   "build",
                   "dart_style",
                   "glob",
                   "path",
                   "source_span",
                   "yaml"
                 ],
                 "directDependencies": [
                   "analyzer",
                   "async",
                   "build",
                   "dart_style",
                   "glob",
                   "path",
                   "source_span",
                   "yaml"
                 ]
               },
               {
                 "name": "yaml",
                 "version": "3.1.3",
                 "kind": "transitive",
                 "source": "hosted",
                 "dependencies": [
                   "collection",
                   "source_span",
                   "string_scanner"
                 ],
                 "directDependencies": [
                   "collection",
                   "source_span",
                   "string_scanner"
                 ]
               },
               {
                 "name": "glob",
                 "version": "2.1.3",
                 "kind": "transitive",
                 "source": "hosted",
                 "dependencies": [
                   "async",
                   "collection",
                   "file",
                   "path",
                   "string_scanner"
                 ],
                 "directDependencies": [
                   "async",
                   "collection",
                   "file",
                   "path",
                   "string_scanner"
                 ]
               },
               {
                 "name": "dart_style",
                 "version": "2.3.7",
                 "kind": "transitive",
                 "source": "hosted",
                 "dependencies": [
                   "analyzer",
                   "args",
                   "collection",
                   "package_config",
                   "path",
                   "pub_semver",
                   "source_span"
                 ],
                 "directDependencies": [
                   "analyzer",
                   "args",
                   "collection",
                   "package_config",
                   "path",
                   "pub_semver",
                   "source_span"
                 ]
               },
               {
                 "name": "pub_semver",
                 "version": "2.2.0",
                 "kind": "transitive",
                 "source": "hosted",
                 "dependencies": [
                   "collection"
                 ],
                 "directDependencies": [
                   "collection"
                 ]
               },
               {
                 "name": "package_config",
                 "version": "2.2.0",
                 "kind": "transitive",
                 "source": "hosted",
                 "dependencies": [
                   "path"
                 ],
                 "directDependencies": [
                   "path"
                 ]
               },
               {
                 "name": "args",
                 "version": "2.7.0",
                 "kind": "transitive",
                 "source": "hosted",
                 "dependencies": [],
                 "directDependencies": []
               },
               {
                 "name": "analyzer",
                 "version": "6.11.0",
                 "kind": "transitive",
                 "source": "hosted",
                 "dependencies": [
                   "_fe_analyzer_shared",
                   "collection",
                   "convert",
                   "crypto",
                   "glob",
                   "macros",
                   "meta",
                   "package_config",
                   "path",
                   "pub_semver",
                   "source_span",
                   "watcher",
                   "yaml"
                 ],
                 "directDependencies": [
                   "_fe_analyzer_shared",
                   "collection",
                   "convert",
                   "crypto",
                   "glob",
                   "macros",
                   "meta",
                   "package_config",
                   "path",
                   "pub_semver",
                   "source_span",
                   "watcher",
                   "yaml"
                 ]
               },
               {
                 "name": "watcher",
                 "version": "1.1.2",
                 "kind": "transitive",
                 "source": "hosted",
                 "dependencies": [
                   "async",
                   "path"
                 ],
                 "directDependencies": [
                   "async",
                   "path"
                 ]
               },
               {
                 "name": "macros",
                 "version": "0.1.3-main.0",
                 "kind": "transitive",
                 "source": "hosted",
                 "dependencies": [
                   "_macros"
                 ],
                 "directDependencies": [
                   "_macros"
                 ]
               },
               {
                 "name": "_macros",
                 "version": "0.3.3",
                 "kind": "transitive",
                 "source": "sdk",
                 "dependencies": [],
                 "directDependencies": []
               },
               {
                 "name": "crypto",
                 "version": "3.0.6",
                 "kind": "transitive",
                 "source": "hosted",
                 "dependencies": [
                   "typed_data"
                 ],
                 "directDependencies": [
                   "typed_data"
                 ]
               },
               {
                 "name": "typed_data",
                 "version": "1.4.0",
                 "kind": "transitive",
                 "source": "hosted",
                 "dependencies": [
                   "collection"
                 ],
                 "directDependencies": [
                   "collection"
                 ]
               },
               {
                 "name": "convert",
                 "version": "3.1.2",
                 "kind": "transitive",
                 "source": "hosted",
                 "dependencies": [
                   "typed_data"
                 ],
                 "directDependencies": [
                   "typed_data"
                 ]
               },
               {
                 "name": "_fe_analyzer_shared",
                 "version": "76.0.0",
                 "kind": "transitive",
                 "source": "hosted",
                 "dependencies": [
                   "meta"
                 ],
                 "directDependencies": [
                   "meta"
                 ]
               },
               {
                 "name": "build",
                 "version": "2.4.1",
                 "kind": "transitive",
                 "source": "hosted",
                 "dependencies": [
                   "analyzer",
                   "async",
                   "convert",
                   "crypto",
                   "glob",
                   "logging",
                   "meta",
                   "package_config",
                   "path"
                 ],
                 "directDependencies": [
                   "analyzer",
                   "async",
                   "convert",
                   "crypto",
                   "glob",
                   "logging",
                   "meta",
                   "package_config",
                   "path"
                 ]
               },
               {
                 "name": "logging",
                 "version": "1.3.0",
                 "kind": "transitive",
                 "source": "hosted",
                 "dependencies": [],
                 "directDependencies": []
               },
               {
                 "name": "code_builder",
                 "version": "4.10.1",
                 "kind": "transitive",
                 "source": "hosted",
                 "dependencies": [
                   "built_collection",
                   "built_value",
                   "collection",
                   "matcher",
                   "meta"
                 ],
                 "directDependencies": [
                   "built_collection",
                   "built_value",
                   "collection",
                   "matcher",
                   "meta"
                 ]
               },
               {
                 "name": "built_value",
                 "version": "8.11.0",
                 "kind": "transitive",
                 "source": "hosted",
                 "dependencies": [
                   "built_collection",
                   "collection",
                   "fixnum",
                   "meta"
                 ],
                 "directDependencies": [
                   "built_collection",
                   "collection",
                   "fixnum",
                   "meta"
                 ]
               },
               {
                 "name": "fixnum",
                 "version": "1.1.1",
                 "kind": "transitive",
                 "source": "hosted",
                 "dependencies": [],
                 "directDependencies": []
               },
               {
                 "name": "built_collection",
                 "version": "5.1.1",
                 "kind": "transitive",
                 "source": "hosted",
                 "dependencies": [],
                 "directDependencies": []
               },
               {
                 "name": "freezed_annotation",
                 "version": "2.4.4",
                 "kind": "dev",
                 "source": "hosted",
                 "dependencies": [
                   "collection",
                   "json_annotation",
                   "meta"
                 ],
                 "directDependencies": [
                   "collection",
                   "json_annotation",
                   "meta"
                 ]
               },
               {
                 "name": "json_annotation",
                 "version": "4.9.0",
                 "kind": "direct",
                 "source": "hosted",
                 "dependencies": [
                   "meta"
                 ],
                 "directDependencies": [
                   "meta"
                 ]
               },
               {
                 "name": "freezed",
                 "version": "2.5.7",
                 "kind": "dev",
                 "source": "hosted",
                 "dependencies": [
                   "analyzer",
                   "build",
                   "build_config",
                   "collection",
                   "meta",
                   "source_gen",
                   "freezed_annotation",
                   "json_annotation",
                   "dart_style"
                 ],
                 "directDependencies": [
                   "analyzer",
                   "build",
                   "build_config",
                   "collection",
                   "meta",
                   "source_gen",
                   "freezed_annotation",
                   "json_annotation",
                   "dart_style"
                 ]
               },
               {
                 "name": "build_config",
                 "version": "1.1.1",
                 "kind": "transitive",
                 "source": "hosted",
                 "dependencies": [
                   "checked_yaml",
                   "json_annotation",
                   "path",
                   "pubspec_parse",
                   "yaml"
                 ],
                 "directDependencies": [
                   "checked_yaml",
                   "json_annotation",
                   "path",
                   "pubspec_parse",
                   "yaml"
                 ]
               },
               {
                 "name": "pubspec_parse",
                 "version": "1.4.0",
                 "kind": "transitive",
                 "source": "hosted",
                 "dependencies": [
                   "checked_yaml",
                   "collection",
                   "json_annotation",
                   "pub_semver",
                   "yaml"
                 ],
                 "directDependencies": [
                   "checked_yaml",
                   "collection",
                   "json_annotation",
                   "pub_semver",
                   "yaml"
                 ]
               },
               {
                 "name": "checked_yaml",
                 "version": "2.0.3",
                 "kind": "transitive",
                 "source": "hosted",
                 "dependencies": [
                   "json_annotation",
                   "source_span",
                   "yaml"
                 ],
                 "directDependencies": [
                   "json_annotation",
                   "source_span",
                   "yaml"
                 ]
               },
               {
                 "name": "json_serializable",
                 "version": "6.9.0",
                 "kind": "dev",
                 "source": "hosted",
                 "dependencies": [
                   "analyzer",
                   "async",
                   "build",
                   "build_config",
                   "collection",
                   "json_annotation",
                   "meta",
                   "path",
                   "pub_semver",
                   "pubspec_parse",
                   "source_gen",
                   "source_helper"
                 ],
                 "directDependencies": [
                   "analyzer",
                   "async",
                   "build",
                   "build_config",
                   "collection",
                   "json_annotation",
                   "meta",
                   "path",
                   "pub_semver",
                   "pubspec_parse",
                   "source_gen",
                   "source_helper"
                 ]
               },
               {
                 "name": "source_helper",
                 "version": "1.3.5",
                 "kind": "transitive",
                 "source": "hosted",
                 "dependencies": [
                   "analyzer",
                   "collection",
                   "source_gen"
                 ],
                 "directDependencies": [
                   "analyzer",
                   "collection",
                   "source_gen"
                 ]
               },
               {
                 "name": "riverpod_generator",
                 "version": "2.6.3",
                 "kind": "dev",
                 "source": "hosted",
                 "dependencies": [
                   "analyzer",
                   "build",
                   "build_config",
                   "collection",
                   "crypto",
                   "meta",
                   "path",
                   "riverpod_analyzer_utils",
                   "riverpod_annotation",
                   "source_gen"
                 ],
                 "directDependencies": [
                   "analyzer",
                   "build",
                   "build_config",
                   "collection",
                   "crypto",
                   "meta",
                   "path",
                   "riverpod_analyzer_utils",
                   "riverpod_annotation",
                   "source_gen"
                 ]
               },
               {
                 "name": "riverpod_annotation",
                 "version": "2.6.1",
                 "kind": "direct",
                 "source": "hosted",
                 "dependencies": [
                   "meta",
                   "riverpod"
                 ],
                 "directDependencies": [
                   "meta",
                   "riverpod"
                 ]
               },
               {
                 "name": "riverpod",
                 "version": "2.6.1",
                 "kind": "transitive",
                 "source": "hosted",
                 "dependencies": [
                   "collection",
                   "meta",
                   "stack_trace",
                   "state_notifier"
                 ],
                 "directDependencies": [
                   "collection",
                   "meta",
                   "stack_trace",
                   "state_notifier"
                 ]
               },
               {
                 "name": "state_notifier",
                 "version": "1.0.0",
                 "kind": "transitive",
                 "source": "hosted",
                 "dependencies": [
                   "meta"
                 ],
                 "directDependencies": [
                   "meta"
                 ]
               },
               {
                 "name": "riverpod_analyzer_utils",
                 "version": "0.5.8",
                 "kind": "transitive",
                 "source": "hosted",
                 "dependencies": [
                   "analyzer",
                   "collection",
                   "crypto",
                   "custom_lint_core",
                   "freezed_annotation",
                   "meta",
                   "path",
                   "source_span"
                 ],
                 "directDependencies": [
                   "analyzer",
                   "collection",
                   "crypto",
                   "custom_lint_core",
                   "freezed_annotation",
                   "meta",
                   "path",
                   "source_span"
                 ]
               },
               {
                 "name": "custom_lint_core",
                 "version": "0.7.0",
                 "kind": "transitive",
                 "source": "hosted",
                 "dependencies": [
                   "analyzer",
                   "analyzer_plugin",
                   "collection",
                   "custom_lint_visitor",
                   "glob",
                   "matcher",
                   "meta",
                   "package_config",
                   "path",
                   "pubspec_parse",
                   "source_span",
                   "uuid",
                   "yaml"
                 ],
                 "directDependencies": [
                   "analyzer",
                   "analyzer_plugin",
                   "collection",
                   "custom_lint_visitor",
                   "glob",
                   "matcher",
                   "meta",
                   "package_config",
                   "path",
                   "pubspec_parse",
                   "source_span",
                   "uuid",
                   "yaml"
                 ]
               },
               {
                 "name": "uuid",
                 "version": "4.5.1",
                 "kind": "transitive",
                 "source": "hosted",
                 "dependencies": [
                   "crypto",
                   "sprintf",
                   "meta",
                   "fixnum"
                 ],
                 "directDependencies": [
                   "crypto",
                   "sprintf",
                   "meta",
                   "fixnum"
                 ]
               },
               {
                 "name": "sprintf",
                 "version": "7.0.0",
                 "kind": "transitive",
                 "source": "hosted",
                 "dependencies": [],
                 "directDependencies": []
               },
               {
                 "name": "custom_lint_visitor",
                 "version": "1.0.0+6.11.0",
                 "kind": "transitive",
                 "source": "hosted",
                 "dependencies": [
                   "analyzer"
                 ],
                 "directDependencies": [
                   "analyzer"
                 ]
               },
               {
                 "name": "analyzer_plugin",
                 "version": "0.11.3",
                 "kind": "transitive",
                 "source": "hosted",
                 "dependencies": [
                   "analyzer",
                   "collection",
                   "dart_style",
                   "pub_semver",
                   "yaml"
                 ],
                 "directDependencies": [
                   "analyzer",
                   "collection",
                   "dart_style",
                   "pub_semver",
                   "yaml"
                 ]
               },
               {
                 "name": "build_runner",
                 "version": "2.4.13",
                 "kind": "dev",
                 "source": "hosted",
                 "dependencies": [
                   "analyzer",
                   "args",
                   "async",
                   "build",
                   "build_config",
                   "build_daemon",
                   "build_resolvers",
                   "build_runner_core",
                   "code_builder",
                   "collection",
                   "crypto",
                   "dart_style",
                   "frontend_server_client",
                   "glob",
                   "graphs",
                   "http_multi_server",
                   "io",
                   "js",
                   "logging",
                   "meta",
                   "mime",
                   "package_config",
                   "path",
                   "pool",
                   "pub_semver",
                   "pubspec_parse",
                   "shelf",
                   "shelf_web_socket",
                   "stack_trace",
                   "stream_transform",
                   "timing",
                   "watcher",
                   "web_socket_channel",
                   "yaml"
                 ],
                 "directDependencies": [
                   "analyzer",
                   "args",
                   "async",
                   "build",
                   "build_config",
                   "build_daemon",
                   "build_resolvers",
                   "build_runner_core",
                   "code_builder",
                   "collection",
                   "crypto",
                   "dart_style",
                   "frontend_server_client",
                   "glob",
                   "graphs",
                   "http_multi_server",
                   "io",
                   "js",
                   "logging",
                   "meta",
                   "mime",
                   "package_config",
                   "path",
                   "pool",
                   "pub_semver",
                   "pubspec_parse",
                   "shelf",
                   "shelf_web_socket",
                   "stack_trace",
                   "stream_transform",
                   "timing",
                   "watcher",
                   "web_socket_channel",
                   "yaml"
                 ]
               },
               {
                 "name": "web_socket_channel",
                 "version": "3.0.3",
                 "kind": "transitive",
                 "source": "hosted",
                 "dependencies": [
                   "async",
                   "crypto",
                   "stream_channel",
                   "web",
                   "web_socket"
                 ],
                 "directDependencies": [
                   "async",
                   "crypto",
                   "stream_channel",
                   "web",
                   "web_socket"
                 ]
               },
               {
                 "name": "web_socket",
                 "version": "1.0.1",
                 "kind": "transitive",
                 "source": "hosted",
                 "dependencies": [
                   "web"
                 ],
                 "directDependencies": [
                   "web"
                 ]
               },
               {
                 "name": "web",
                 "version": "1.1.1",
                 "kind": "transitive",
                 "source": "hosted",
                 "dependencies": [],
                 "directDependencies": []
               },
               {
                 "name": "timing",
                 "version": "1.0.2",
                 "kind": "transitive",
                 "source": "hosted",
                 "dependencies": [
                   "json_annotation"
                 ],
                 "directDependencies": [
                   "json_annotation"
                 ]
               },
               {
                 "name": "stream_transform",
                 "version": "2.1.1",
                 "kind": "transitive",
                 "source": "hosted",
                 "dependencies": [],
                 "directDependencies": []
               },
               {
                 "name": "shelf_web_socket",
                 "version": "2.0.1",
                 "kind": "transitive",
                 "source": "hosted",
                 "dependencies": [
                   "shelf",
                   "stream_channel",
                   "web_socket_channel"
                 ],
                 "directDependencies": [
                   "shelf",
                   "stream_channel",
                   "web_socket_channel"
                 ]
               },
               {
                 "name": "shelf",
                 "version": "1.4.1",
                 "kind": "transitive",
                 "source": "hosted",
                 "dependencies": [
                   "async",
                   "collection",
                   "http_parser",
                   "path",
                   "stack_trace",
                   "stream_channel"
                 ],
                 "directDependencies": [
                   "async",
                   "collection",
                   "http_parser",
                   "path",
                   "stack_trace",
                   "stream_channel"
                 ]
               },
               {
                 "name": "http_parser",
                 "version": "4.0.2",
                 "kind": "transitive",
                 "source": "hosted",
                 "dependencies": [
                   "collection",
                   "source_span",
                   "string_scanner",
                   "typed_data"
                 ],
                 "directDependencies": [
                   "collection",
                   "source_span",
                   "string_scanner",
                   "typed_data"
                 ]
               },
               {
                 "name": "pool",
                 "version": "1.5.1",
                 "kind": "transitive",
                 "source": "hosted",
                 "dependencies": [
                   "async",
                   "stack_trace"
                 ],
                 "directDependencies": [
                   "async",
                   "stack_trace"
                 ]
               },
               {
                 "name": "mime",
                 "version": "1.0.6",
                 "kind": "transitive",
                 "source": "hosted",
                 "dependencies": [],
                 "directDependencies": []
               },
               {
                 "name": "js",
                 "version": "0.6.7",
                 "kind": "transitive",
                 "source": "hosted",
                 "dependencies": [
                   "meta"
                 ],
                 "directDependencies": [
                   "meta"
                 ]
               },
               {
                 "name": "io",
                 "version": "1.0.5",
                 "kind": "transitive",
                 "source": "hosted",
                 "dependencies": [
                   "meta",
                   "path",
                   "string_scanner"
                 ],
                 "directDependencies": [
                   "meta",
                   "path",
                   "string_scanner"
                 ]
               },
               {
                 "name": "http_multi_server",
                 "version": "3.2.2",
                 "kind": "transitive",
                 "source": "hosted",
                 "dependencies": [
                   "async"
                 ],
                 "directDependencies": [
                   "async"
                 ]
               },
               {
                 "name": "graphs",
                 "version": "2.3.2",
                 "kind": "transitive",
                 "source": "hosted",
                 "dependencies": [
                   "collection"
                 ],
                 "directDependencies": [
                   "collection"
                 ]
               },
               {
                 "name": "frontend_server_client",
                 "version": "4.0.0",
                 "kind": "transitive",
                 "source": "hosted",
                 "dependencies": [
                   "async",
                   "path"
                 ],
                 "directDependencies": [
                   "async",
                   "path"
                 ]
               },
               {
                 "name": "build_runner_core",
                 "version": "7.3.2",
                 "kind": "transitive",
                 "source": "hosted",
                 "dependencies": [
                   "async",
                   "build",
                   "build_config",
                   "build_resolvers",
                   "collection",
                   "convert",
                   "crypto",
                   "glob",
                   "graphs",
                   "json_annotation",
                   "logging",
                   "meta",
                   "package_config",
                   "path",
                   "pool",
                   "timing",
                   "watcher",
                   "yaml"
                 ],
                 "directDependencies": [
                   "async",
                   "build",
                   "build_config",
                   "build_resolvers",
                   "collection",
                   "convert",
                   "crypto",
                   "glob",
                   "graphs",
                   "json_annotation",
                   "logging",
                   "meta",
                   "package_config",
                   "path",
                   "pool",
                   "timing",
                   "watcher",
                   "yaml"
                 ]
               },
               {
                 "name": "build_resolvers",
                 "version": "2.4.2",
                 "kind": "transitive",
                 "source": "hosted",
                 "dependencies": [
                   "analyzer",
                   "async",
                   "build",
                   "collection",
                   "convert",
                   "crypto",
                   "graphs",
                   "logging",
                   "package_config",
                   "path",
                   "pool",
                   "pub_semver",
                   "stream_transform",
                   "yaml"
                 ],
                 "directDependencies": [
                   "analyzer",
                   "async",
                   "build",
                   "collection",
                   "convert",
                   "crypto",
                   "graphs",
                   "logging",
                   "package_config",
                   "path",
                   "pool",
                   "pub_semver",
                   "stream_transform",
                   "yaml"
                 ]
               },
               {
                 "name": "build_daemon",
                 "version": "4.0.2",
                 "kind": "transitive",
                 "source": "hosted",
                 "dependencies": [
                   "built_collection",
                   "built_value",
                   "crypto",
                   "http_multi_server",
                   "logging",
                   "path",
                   "pool",
                   "shelf",
                   "shelf_web_socket",
                   "stream_transform",
                   "watcher",
                   "web_socket_channel"
                 ],
                 "directDependencies": [
                   "built_collection",
                   "built_value",
                   "crypto",
                   "http_multi_server",
                   "logging",
                   "path",
                   "pool",
                   "shelf",
                   "shelf_web_socket",
                   "stream_transform",
                   "watcher",
                   "web_socket_channel"
                 ]
               },
               {
                 "name": "flutter_lints",
                 "version": "3.0.2",
                 "kind": "dev",
                 "source": "hosted",
                 "dependencies": [
                   "lints"
                 ],
                 "directDependencies": [
                   "lints"
                 ]
               },
               {
                 "name": "lints",
                 "version": "3.0.0",
                 "kind": "transitive",
                 "source": "hosted",
                 "dependencies": [],
                 "directDependencies": []
               },
               {
                 "name": "mcp_toolkit",
                 "version": "0.2.3",
                 "kind": "direct",
                 "source": "hosted",
                 "dependencies": [
                   "collection",
                   "dart_mcp",
                   "equatable",
                   "flutter",
                   "from_json_to_json",
                   "is_dart_empty_or_not",
                   "universal_io"
                 ],
                 "directDependencies": [
                   "collection",
                   "dart_mcp",
                   "equatable",
                   "flutter",
                   "from_json_to_json",
                   "is_dart_empty_or_not",
                   "universal_io"
                 ]
               },
               {
                 "name": "universal_io",
                 "version": "2.2.2",
                 "kind": "transitive",
                 "source": "hosted",
                 "dependencies": [
                   "collection",
                   "meta",
                   "typed_data"
                 ],
                 "directDependencies": [
                   "collection",
                   "meta",
                   "typed_data"
                 ]
               },
               {
                 "name": "is_dart_empty_or_not",
                 "version": "0.2.3",
                 "kind": "transitive",
                 "source": "hosted",
                 "dependencies": [],
                 "directDependencies": []
               },
               {
                 "name": "from_json_to_json",
                 "version": "0.2.1",
                 "kind": "transitive",
                 "source": "hosted",
                 "dependencies": [
                   "collection",
                   "is_dart_empty_or_not"
                 ],
                 "directDependencies": [
                   "collection",
                   "is_dart_empty_or_not"
                 ]
               },
               {
                 "name": "equatable",
                 "version": "2.0.7",
                 "kind": "transitive",
                 "source": "hosted",
                 "dependencies": [
                   "collection",
                   "meta"
                 ],
                 "directDependencies": [
                   "collection",
                   "meta"
                 ]
               },
               {
                 "name": "dart_mcp",
                 "version": "0.2.2",
                 "kind": "transitive",
                 "source": "hosted",
                 "dependencies": [
                   "async",
                   "collection",
                   "json_rpc_2",
                   "meta",
                   "stream_channel",
                   "stream_transform"
                 ],
                 "directDependencies": [
                   "async",
                   "collection",
                   "json_rpc_2",
                   "meta",
                   "stream_channel",
                   "stream_transform"
                 ]
               },
               {
                 "name": "json_rpc_2",
                 "version": "4.0.0",
                 "kind": "transitive",
                 "source": "hosted",
                 "dependencies": [
                   "stack_trace",
                   "stream_channel"
                 ],
                 "directDependencies": [
                   "stack_trace",
                   "stream_channel"
                 ]
               },
               {
                 "name": "flutter_launcher_icons",
                 "version": "0.13.1",
                 "kind": "direct",
                 "source": "hosted",
                 "dependencies": [
                   "args",
                   "checked_yaml",
                   "cli_util",
                   "image",
                   "json_annotation",
                   "path",
                   "yaml"
                 ],
                 "directDependencies": [
                   "args",
                   "checked_yaml",
                   "cli_util",
                   "image",
                   "json_annotation",
                   "path",
                   "yaml"
                 ]
               },
               {
                 "name": "image",
                 "version": "4.3.0",
                 "kind": "transitive",
                 "source": "hosted",
                 "dependencies": [
                   "archive",
                   "meta",
                   "xml"
                 ],
                 "directDependencies": [
                   "archive",
                   "meta",
                   "xml"
                 ]
               },
               {
                 "name": "xml",
                 "version": "6.5.0",
                 "kind": "transitive",
                 "source": "hosted",
                 "dependencies": [
                   "collection",
                   "meta",
                   "petitparser"
                 ],
                 "directDependencies": [
                   "collection",
                   "meta",
                   "petitparser"
                 ]
               },
               {
                 "name": "petitparser",
                 "version": "6.0.2",
                 "kind": "transitive",
                 "source": "hosted",
                 "dependencies": [
                   "meta"
                 ],
                 "directDependencies": [
                   "meta"
                 ]
               },
               {
                 "name": "archive",
                 "version": "3.6.1",
                 "kind": "transitive",
                 "source": "hosted",
                 "dependencies": [
                   "crypto",
                   "path"
                 ],
                 "directDependencies": [
                   "crypto",
                   "path"
                 ]
               },
               {
                 "name": "cli_util",
                 "version": "0.4.2",
                 "kind": "transitive",
                 "source": "hosted",
                 "dependencies": [
                   "meta",
                   "path"
                 ],
                 "directDependencies": [
                   "meta",
                   "path"
                 ]
               },
               {
                 "name": "cupertino_icons",
                 "version": "1.0.8",
                 "kind": "direct",
                 "source": "hosted",
                 "dependencies": [],
                 "directDependencies": []
               },
               {
                 "name": "flutter_markdown",
                 "version": "0.7.7+1",
                 "kind": "direct",
                 "source": "hosted",
                 "dependencies": [
                   "flutter",
                   "markdown",
                   "meta",
                   "path"
                 ],
                 "directDependencies": [
                   "flutter",
                   "markdown",
                   "meta",
                   "path"
                 ]
               },
               {
                 "name": "markdown",
                 "version": "7.3.0",
                 "kind": "transitive",
                 "source": "hosted",
                 "dependencies": [
                   "args",
                   "meta"
                 ],
                 "directDependencies": [
                   "args",
                   "meta"
                 ]
               },
               {
                 "name": "image_cropper",
                 "version": "9.1.0",
                 "kind": "direct",
                 "source": "hosted",
                 "dependencies": [
                   "flutter",
                   "image_cropper_platform_interface",
                   "image_cropper_for_web"
                 ],
                 "directDependencies": [
                   "flutter",
                   "image_cropper_platform_interface",
                   "image_cropper_for_web"
                 ]
               },
               {
                 "name": "image_cropper_for_web",
                 "version": "6.1.0",
                 "kind": "transitive",
                 "source": "hosted",
                 "dependencies": [
                   "flutter",
                   "flutter_web_plugins",
                   "image_cropper_platform_interface",
                   "web"
                 ],
                 "directDependencies": [
                   "flutter",
                   "flutter_web_plugins",
                   "image_cropper_platform_interface",
                   "web"
                 ]
               },
               {
                 "name": "image_cropper_platform_interface",
                 "version": "7.1.0",
                 "kind": "transitive",
                 "source": "hosted",
                 "dependencies": [
                   "flutter",
                   "plugin_platform_interface",
                   "http"
                 ],
                 "directDependencies": [
                   "flutter",
                   "plugin_platform_interface",
                   "http"
                 ]
               },
               {
                 "name": "http",
                 "version": "1.4.0",
                 "kind": "transitive",
                 "source": "hosted",
                 "dependencies": [
                   "async",
                   "http_parser",
                   "meta",
                   "web"
                 ],
                 "directDependencies": [
                   "async",
                   "http_parser",
                   "meta",
                   "web"
                 ]
               },
               {
                 "name": "plugin_platform_interface",
                 "version": "2.1.8",
                 "kind": "transitive",
                 "source": "hosted",
                 "dependencies": [
                   "meta"
                 ],
                 "directDependencies": [
                   "meta"
                 ]
               },
               {
                 "name": "flutter_web_plugins",
                 "version": "0.0.0",
                 "kind": "transitive",
                 "source": "sdk",
                 "dependencies": [
                   "flutter",
                   "characters",
                   "collection",
                   "material_color_utilities",
                   "meta",
                   "vector_math"
                 ],
                 "directDependencies": [
                   "flutter",
                   "characters",
                   "collection",
                   "material_color_utilities",
                   "meta",
                   "vector_math"
                 ]
               },
               {
                 "name": "image_picker",
                 "version": "1.1.2",
                 "kind": "direct",
                 "source": "hosted",
                 "dependencies": [
                   "flutter",
                   "image_picker_android",
                   "image_picker_for_web",
                   "image_picker_ios",
                   "image_picker_linux",
                   "image_picker_macos",
                   "image_picker_platform_interface",
                   "image_picker_windows"
                 ],
                 "directDependencies": [
                   "flutter",
                   "image_picker_android",
                   "image_picker_for_web",
                   "image_picker_ios",
                   "image_picker_linux",
                   "image_picker_macos",
                   "image_picker_platform_interface",
                   "image_picker_windows"
                 ]
               },
               {
                 "name": "image_picker_windows",
                 "version": "0.2.1+1",
                 "kind": "transitive",
                 "source": "hosted",
                 "dependencies": [
                   "file_selector_platform_interface",
                   "file_selector_windows",
                   "flutter",
                   "image_picker_platform_interface"
                 ],
                 "directDependencies": [
                   "file_selector_platform_interface",
                   "file_selector_windows",
                   "flutter",
                   "image_picker_platform_interface"
                 ]
               },
               {
                 "name": "image_picker_platform_interface",
                 "version": "2.10.1",
                 "kind": "transitive",
                 "source": "hosted",
                 "dependencies": [
                   "cross_file",
                   "flutter",
                   "http",
                   "plugin_platform_interface"
                 ],
                 "directDependencies": [
                   "cross_file",
                   "flutter",
                   "http",
                   "plugin_platform_interface"
                 ]
               },
               {
                 "name": "cross_file",
                 "version": "0.3.4+2",
                 "kind": "transitive",
                 "source": "hosted",
                 "dependencies": [
                   "meta",
                   "web"
                 ],
                 "directDependencies": [
                   "meta",
                   "web"
                 ]
               },
               {
                 "name": "file_selector_windows",
                 "version": "0.9.3+4",
                 "kind": "transitive",
                 "source": "hosted",
                 "dependencies": [
                   "cross_file",
                   "file_selector_platform_interface",
                   "flutter"
                 ],
                 "directDependencies": [
                   "cross_file",
                   "file_selector_platform_interface",
                   "flutter"
                 ]
               },
               {
                 "name": "file_selector_platform_interface",
                 "version": "2.6.2",
                 "kind": "transitive",
                 "source": "hosted",
                 "dependencies": [
                   "cross_file",
                   "flutter",
                   "http",
                   "plugin_platform_interface"
                 ],
                 "directDependencies": [
                   "cross_file",
                   "flutter",
                   "http",
                   "plugin_platform_interface"
                 ]
               },
               {
                 "name": "image_picker_macos",
                 "version": "0.2.1+2",
                 "kind": "transitive",
                 "source": "hosted",
                 "dependencies": [
                   "file_selector_macos",
                   "file_selector_platform_interface",
                   "flutter",
                   "image_picker_platform_interface"
                 ],
                 "directDependencies": [
                   "file_selector_macos",
                   "file_selector_platform_interface",
                   "flutter",
                   "image_picker_platform_interface"
                 ]
               },
               {
                 "name": "file_selector_macos",
                 "version": "0.9.4+2",
                 "kind": "transitive",
                 "source": "hosted",
                 "dependencies": [
                   "cross_file",
                   "file_selector_platform_interface",
                   "flutter"
                 ],
                 "directDependencies": [
                   "cross_file",
                   "file_selector_platform_interface",
                   "flutter"
                 ]
               },
               {
                 "name": "image_picker_linux",
                 "version": "0.2.1+2",
                 "kind": "transitive",
                 "source": "hosted",
                 "dependencies": [
                   "file_selector_linux",
                   "file_selector_platform_interface",
                   "flutter",
                   "image_picker_platform_interface"
                 ],
                 "directDependencies": [
                   "file_selector_linux",
                   "file_selector_platform_interface",
                   "flutter",
                   "image_picker_platform_interface"
                 ]
               },
               {
                 "name": "file_selector_linux",
                 "version": "0.9.3+2",
                 "kind": "transitive",
                 "source": "hosted",
                 "dependencies": [
                   "cross_file",
                   "file_selector_platform_interface",
                   "flutter"
                 ],
                 "directDependencies": [
                   "cross_file",
                   "file_selector_platform_interface",
                   "flutter"
                 ]
               },
               {
                 "name": "image_picker_ios",
                 "version": "0.8.12+2",
                 "kind": "transitive",
                 "source": "hosted",
                 "dependencies": [
                   "flutter",
                   "image_picker_platform_interface"
                 ],
                 "directDependencies": [
                   "flutter",
                   "image_picker_platform_interface"
                 ]
               },
               {
                 "name": "image_picker_for_web",
                 "version": "3.0.6",
                 "kind": "transitive",
                 "source": "hosted",
                 "dependencies": [
                   "flutter",
                   "flutter_web_plugins",
                   "image_picker_platform_interface",
                   "mime",
                   "web"
                 ],
                 "directDependencies": [
                   "flutter",
                   "flutter_web_plugins",
                   "image_picker_platform_interface",
                   "mime",
                   "web"
                 ]
               },
               {
                 "name": "image_picker_android",
                 "version": "0.8.12+21",
                 "kind": "transitive",
                 "source": "hosted",
                 "dependencies": [
                   "flutter",
                   "flutter_plugin_android_lifecycle",
                   "image_picker_platform_interface"
                 ],
                 "directDependencies": [
                   "flutter",
                   "flutter_plugin_android_lifecycle",
                   "image_picker_platform_interface"
                 ]
               },
               {
                 "name": "flutter_plugin_android_lifecycle",
                 "version": "2.0.26",
                 "kind": "transitive",
                 "source": "hosted",
                 "dependencies": [
                   "flutter"
                 ],
                 "directDependencies": [
                   "flutter"
                 ]
               },
               {
                 "name": "logger",
                 "version": "2.6.0",
                 "kind": "direct",
                 "source": "hosted",
                 "dependencies": [],
                 "directDependencies": []
               },
               {
                 "name": "flutter_dotenv",
                 "version": "5.2.1",
                 "kind": "direct",
                 "source": "hosted",
                 "dependencies": [
                   "flutter"
                 ],
                 "directDependencies": [
                   "flutter"
                 ]
               },
               {
                 "name": "pretty_dio_logger",
                 "version": "1.4.0",
                 "kind": "direct",
                 "source": "hosted",
                 "dependencies": [
                   "dio"
                 ],
                 "directDependencies": [
                   "dio"
                 ]
               },
               {
                 "name": "dio",
                 "version": "5.8.0+1",
                 "kind": "direct",
                 "source": "hosted",
                 "dependencies": [
                   "async",
                   "collection",
                   "http_parser",
                   "meta",
                   "path",
                   "dio_web_adapter"
                 ],
                 "directDependencies": [
                   "async",
                   "collection",
                   "http_parser",
                   "meta",
                   "path",
                   "dio_web_adapter"
                 ]
               },
               {
                 "name": "dio_web_adapter",
                 "version": "2.1.1",
                 "kind": "transitive",
                 "source": "hosted",
                 "dependencies": [
                   "dio",
                   "http_parser",
                   "meta",
                   "web"
                 ],
                 "directDependencies": [
                   "dio",
                   "http_parser",
                   "meta",
                   "web"
                 ]
               },
               {
                 "name": "flutter_datetime_picker_plus",
                 "version": "2.2.0",
                 "kind": "direct",
                 "source": "hosted",
                 "dependencies": [
                   "flutter"
                 ],
                 "directDependencies": [
                   "flutter"
                 ]
               },
               {
                 "name": "table_calendar",
                 "version": "3.2.0",
                 "kind": "direct",
                 "source": "hosted",
                 "dependencies": [
                   "flutter",
                   "intl",
                   "simple_gesture_detector"
                 ],
                 "directDependencies": [
                   "flutter",
                   "intl",
                   "simple_gesture_detector"
                 ]
               },
               {
                 "name": "simple_gesture_detector",
                 "version": "0.2.1",
                 "kind": "transitive",
                 "source": "hosted",
                 "dependencies": [
                   "flutter"
                 ],
                 "directDependencies": [
                   "flutter"
                 ]
               },
               {
                 "name": "intl",
                 "version": "0.20.2",
                 "kind": "direct",
                 "source": "hosted",
                 "dependencies": [
                   "clock",
                   "meta",
                   "path"
                 ],
                 "directDependencies": [
                   "clock",
                   "meta",
                   "path"
                 ]
               },
               {
                 "name": "permission_handler",
                 "version": "11.4.0",
                 "kind": "direct",
                 "source": "hosted",
                 "dependencies": [
                   "flutter",
                   "meta",
                   "permission_handler_android",
                   "permission_handler_apple",
                   "permission_handler_html",
                   "permission_handler_windows",
                   "permission_handler_platform_interface"
                 ],
                 "directDependencies": [
                   "flutter",
                   "meta",
                   "permission_handler_android",
                   "permission_handler_apple",
                   "permission_handler_html",
                   "permission_handler_windows",
                   "permission_handler_platform_interface"
                 ]
               },
               {
                 "name": "permission_handler_platform_interface",
                 "version": "4.3.0",
                 "kind": "transitive",
                 "source": "hosted",
                 "dependencies": [
                   "flutter",
                   "meta",
                   "plugin_platform_interface"
                 ],
                 "directDependencies": [
                   "flutter",
                   "meta",
                   "plugin_platform_interface"
                 ]
               },
               {
                 "name": "permission_handler_windows",
                 "version": "0.2.1",
                 "kind": "transitive",
                 "source": "hosted",
                 "dependencies": [
                   "flutter",
                   "permission_handler_platform_interface"
                 ],
                 "directDependencies": [
                   "flutter",
                   "permission_handler_platform_interface"
                 ]
               },
               {
                 "name": "permission_handler_html",
                 "version": "0.1.3+5",
                 "kind": "transitive",
                 "source": "hosted",
                 "dependencies": [
                   "flutter",
                   "flutter_web_plugins",
                   "permission_handler_platform_interface",
                   "web"
                 ],
                 "directDependencies": [
                   "flutter",
                   "flutter_web_plugins",
                   "permission_handler_platform_interface",
                   "web"
                 ]
               },
               {
                 "name": "permission_handler_apple",
                 "version": "9.4.7",
                 "kind": "transitive",
                 "source": "hosted",
                 "dependencies": [
                   "flutter",
                   "permission_handler_platform_interface"
                 ],
                 "directDependencies": [
                   "flutter",
                   "permission_handler_platform_interface"
                 ]
               },
               {
                 "name": "permission_handler_android",
                 "version": "12.1.0",
                 "kind": "transitive",
                 "source": "hosted",
                 "dependencies": [
                   "flutter",
                   "permission_handler_platform_interface"
                 ],
                 "directDependencies": [
                   "flutter",
                   "permission_handler_platform_interface"
                 ]
               },
               {
                 "name": "package_info_plus",
                 "version": "4.2.0",
                 "kind": "direct",
                 "source": "hosted",
                 "dependencies": [
                   "ffi",
                   "flutter",
                   "flutter_web_plugins",
                   "http",
                   "meta",
                   "path",
                   "package_info_plus_platform_interface",
                   "win32"
                 ],
                 "directDependencies": [
                   "ffi",
                   "flutter",
                   "flutter_web_plugins",
                   "http",
                   "meta",
                   "path",
                   "package_info_plus_platform_interface",
                   "win32"
                 ]
               },
               {
                 "name": "win32",
                 "version": "5.10.1",
                 "kind": "transitive",
                 "source": "hosted",
                 "dependencies": [
                   "ffi"
                 ],
                 "directDependencies": [
                   "ffi"
                 ]
               },
               {
                 "name": "ffi",
                 "version": "2.1.3",
                 "kind": "transitive",
                 "source": "hosted",
                 "dependencies": [],
                 "directDependencies": []
               },
               {
                 "name": "package_info_plus_platform_interface",
                 "version": "2.0.1",
                 "kind": "transitive",
                 "source": "hosted",
                 "dependencies": [
                   "flutter",
                   "meta",
                   "plugin_platform_interface"
                 ],
                 "directDependencies": [
                   "flutter",
                   "meta",
                   "plugin_platform_interface"
                 ]
               },
               {
                 "name": "device_info_plus",
                 "version": "9.1.2",
                 "kind": "direct",
                 "source": "hosted",
                 "dependencies": [
                   "device_info_plus_platform_interface",
                   "ffi",
                   "file",
                   "flutter",
                   "flutter_web_plugins",
                   "meta",
                   "win32",
                   "win32_registry"
                 ],
                 "directDependencies": [
                   "device_info_plus_platform_interface",
                   "ffi",
                   "file",
                   "flutter",
                   "flutter_web_plugins",
                   "meta",
                   "win32",
                   "win32_registry"
                 ]
               },
               {
                 "name": "win32_registry",
                 "version": "1.1.5",
                 "kind": "transitive",
                 "source": "hosted",
                 "dependencies": [
                   "ffi",
                   "win32"
                 ],
                 "directDependencies": [
                   "ffi",
                   "win32"
                 ]
               },
               {
                 "name": "device_info_plus_platform_interface",
                 "version": "7.0.2",
                 "kind": "transitive",
                 "source": "hosted",
                 "dependencies": [
                   "flutter",
                   "meta",
                   "plugin_platform_interface"
                 ],
                 "directDependencies": [
                   "flutter",
                   "meta",
                   "plugin_platform_interface"
                 ]
               },
               {
                 "name": "connectivity_plus",
                 "version": "5.0.2",
                 "kind": "direct",
                 "source": "hosted",
                 "dependencies": [
                   "flutter",
                   "flutter_web_plugins",
                   "connectivity_plus_platform_interface",
                   "js",
                   "meta",
                   "nm"
                 ],
                 "directDependencies": [
                   "flutter",
                   "flutter_web_plugins",
                   "connectivity_plus_platform_interface",
                   "js",
                   "meta",
                   "nm"
                 ]
               },
               {
                 "name": "nm",
                 "version": "0.5.0",
                 "kind": "transitive",
                 "source": "hosted",
                 "dependencies": [
                   "dbus"
                 ],
                 "directDependencies": [
                   "dbus"
                 ]
               },
               {
                 "name": "dbus",
                 "version": "0.7.11",
                 "kind": "transitive",
                 "source": "hosted",
                 "dependencies": [
                   "args",
                   "ffi",
                   "meta",
                   "xml"
                 ],
                 "directDependencies": [
                   "args",
                   "ffi",
                   "meta",
                   "xml"
                 ]
               },
               {
                 "name": "connectivity_plus_platform_interface",
                 "version": "1.2.4",
                 "kind": "transitive",
                 "source": "hosted",
                 "dependencies": [
                   "flutter",
                   "meta",
                   "plugin_platform_interface"
                 ],
                 "directDependencies": [
                   "flutter",
                   "meta",
                   "plugin_platform_interface"
                 ]
               },
               {
                 "name": "share_plus",
                 "version": "7.2.2",
                 "kind": "direct",
                 "source": "hosted",
                 "dependencies": [
                   "cross_file",
                   "meta",
                   "mime",
                   "flutter",
                   "flutter_web_plugins",
                   "share_plus_platform_interface",
                   "file",
                   "url_launcher_web",
                   "url_launcher_windows",
                   "url_launcher_linux",
                   "url_launcher_platform_interface",
                   "ffi",
                   "win32"
                 ],
                 "directDependencies": [
                   "cross_file",
                   "meta",
                   "mime",
                   "flutter",
                   "flutter_web_plugins",
                   "share_plus_platform_interface",
                   "file",
                   "url_launcher_web",
                   "url_launcher_windows",
                   "url_launcher_linux",
                   "url_launcher_platform_interface",
                   "ffi",
                   "win32"
                 ]
               },
               {
                 "name": "url_launcher_platform_interface",
                 "version": "2.3.2",
                 "kind": "transitive",
                 "source": "hosted",
                 "dependencies": [
                   "flutter",
                   "plugin_platform_interface"
                 ],
                 "directDependencies": [
                   "flutter",
                   "plugin_platform_interface"
                 ]
               },
               {
                 "name": "url_launcher_linux",
                 "version": "3.2.1",
                 "kind": "transitive",
                 "source": "hosted",
                 "dependencies": [
                   "flutter",
                   "url_launcher_platform_interface"
                 ],
                 "directDependencies": [
                   "flutter",
                   "url_launcher_platform_interface"
                 ]
               },
               {
                 "name": "url_launcher_windows",
                 "version": "3.1.4",
                 "kind": "transitive",
                 "source": "hosted",
                 "dependencies": [
                   "flutter",
                   "url_launcher_platform_interface"
                 ],
                 "directDependencies": [
                   "flutter",
                   "url_launcher_platform_interface"
                 ]
               },
               {
                 "name": "url_launcher_web",
                 "version": "2.3.3",
                 "kind": "transitive",
                 "source": "hosted",
                 "dependencies": [
                   "flutter",
                   "flutter_web_plugins",
                   "url_launcher_platform_interface",
                   "web"
                 ],
                 "directDependencies": [
                   "flutter",
                   "flutter_web_plugins",
                   "url_launcher_platform_interface",
                   "web"
                 ]
               },
               {
                 "name": "share_plus_platform_interface",
                 "version": "3.4.0",
                 "kind": "transitive",
                 "source": "hosted",
                 "dependencies": [
                   "cross_file",
                   "flutter",
                   "meta",
                   "mime",
                   "plugin_platform_interface",
                   "path_provider",
                   "uuid"
                 ],
                 "directDependencies": [
                   "cross_file",
                   "flutter",
                   "meta",
                   "mime",
                   "plugin_platform_interface",
                   "path_provider",
                   "uuid"
                 ]
               },
               {
                 "name": "path_provider",
                 "version": "2.1.5",
                 "kind": "transitive",
                 "source": "hosted",
                 "dependencies": [
                   "flutter",
                   "path_provider_android",
                   "path_provider_foundation",
                   "path_provider_linux",
                   "path_provider_platform_interface",
                   "path_provider_windows"
                 ],
                 "directDependencies": [
                   "flutter",
                   "path_provider_android",
                   "path_provider_foundation",
                   "path_provider_linux",
                   "path_provider_platform_interface",
                   "path_provider_windows"
                 ]
               },
               {
                 "name": "path_provider_windows",
                 "version": "2.3.0",
                 "kind": "transitive",
                 "source": "hosted",
                 "dependencies": [
                   "ffi",
                   "flutter",
                   "path",
                   "path_provider_platform_interface"
                 ],
                 "directDependencies": [
                   "ffi",
                   "flutter",
                   "path",
                   "path_provider_platform_interface"
                 ]
               },
               {
                 "name": "path_provider_platform_interface",
                 "version": "2.1.2",
                 "kind": "transitive",
                 "source": "hosted",
                 "dependencies": [
                   "flutter",
                   "platform",
                   "plugin_platform_interface"
                 ],
                 "directDependencies": [
                   "flutter",
                   "platform",
                   "plugin_platform_interface"
                 ]
               },
               {
                 "name": "path_provider_linux",
                 "version": "2.2.1",
                 "kind": "transitive",
                 "source": "hosted",
                 "dependencies": [
                   "ffi",
                   "flutter",
                   "path",
                   "path_provider_platform_interface",
                   "xdg_directories"
                 ],
                 "directDependencies": [
                   "ffi",
                   "flutter",
                   "path",
                   "path_provider_platform_interface",
                   "xdg_directories"
                 ]
               },
               {
                 "name": "xdg_directories",
                 "version": "1.1.0",
                 "kind": "transitive",
                 "source": "hosted",
                 "dependencies": [
                   "meta",
                   "path"
                 ],
                 "directDependencies": [
                   "meta",
                   "path"
                 ]
               },
               {
                 "name": "path_provider_foundation",
                 "version": "2.4.1",
                 "kind": "transitive",
                 "source": "hosted",
                 "dependencies": [
                   "flutter",
                   "path_provider_platform_interface"
                 ],
                 "directDependencies": [
                   "flutter",
                   "path_provider_platform_interface"
                 ]
               },
               {
                 "name": "path_provider_android",
                 "version": "2.2.15",
                 "kind": "transitive",
                 "source": "hosted",
                 "dependencies": [
                   "flutter",
                   "path_provider_platform_interface"
                 ],
                 "directDependencies": [
                   "flutter",
                   "path_provider_platform_interface"
                 ]
               },
               {
                 "name": "url_launcher",
                 "version": "6.3.1",
                 "kind": "direct",
                 "source": "hosted",
                 "dependencies": [
                   "flutter",
                   "url_launcher_android",
                   "url_launcher_ios",
                   "url_launcher_linux",
                   "url_launcher_macos",
                   "url_launcher_platform_interface",
                   "url_launcher_web",
                   "url_launcher_windows"
                 ],
                 "directDependencies": [
                   "flutter",
                   "url_launcher_android",
                   "url_launcher_ios",
                   "url_launcher_linux",
                   "url_launcher_macos",
                   "url_launcher_platform_interface",
                   "url_launcher_web",
                   "url_launcher_windows"
                 ]
               },
               {
                 "name": "url_launcher_macos",
                 "version": "3.2.2",
                 "kind": "transitive",
                 "source": "hosted",
                 "dependencies": [
                   "flutter",
                   "url_launcher_platform_interface"
                 ],
                 "directDependencies": [
                   "flutter",
                   "url_launcher_platform_interface"
                 ]
               },
               {
                 "name": "url_launcher_ios",
                 "version": "6.3.3",
                 "kind": "transitive",
                 "source": "hosted",
                 "dependencies": [
                   "flutter",
                   "url_launcher_platform_interface"
                 ],
                 "directDependencies": [
                   "flutter",
                   "url_launcher_platform_interface"
                 ]
               },
               {
                 "name": "url_launcher_android",
                 "version": "6.3.14",
                 "kind": "transitive",
                 "source": "hosted",
                 "dependencies": [
                   "flutter",
                   "url_launcher_platform_interface"
                 ],
                 "directDependencies": [
                   "flutter",
                   "url_launcher_platform_interface"
                 ]
               },
               {
                 "name": "local_auth",
                 "version": "2.3.0",
                 "kind": "direct",
                 "source": "hosted",
                 "dependencies": [
                   "flutter",
                   "local_auth_android",
                   "local_auth_darwin",
                   "local_auth_platform_interface",
                   "local_auth_windows"
                 ],
                 "directDependencies": [
                   "flutter",
                   "local_auth_android",
                   "local_auth_darwin",
                   "local_auth_platform_interface",
                   "local_auth_windows"
                 ]
               },
               {
                 "name": "local_auth_windows",
                 "version": "1.0.11",
                 "kind": "transitive",
                 "source": "hosted",
                 "dependencies": [
                   "flutter",
                   "local_auth_platform_interface"
                 ],
                 "directDependencies": [
                   "flutter",
                   "local_auth_platform_interface"
                 ]
               },
               {
                 "name": "local_auth_platform_interface",
                 "version": "1.0.10",
                 "kind": "transitive",
                 "source": "hosted",
                 "dependencies": [
                   "flutter",
                   "plugin_platform_interface"
                 ],
                 "directDependencies": [
                   "flutter",
                   "plugin_platform_interface"
                 ]
               },
               {
                 "name": "local_auth_darwin",
                 "version": "1.4.3",
                 "kind": "transitive",
                 "source": "hosted",
                 "dependencies": [
                   "flutter",
                   "intl",
                   "local_auth_platform_interface"
                 ],
                 "directDependencies": [
                   "flutter",
                   "intl",
                   "local_auth_platform_interface"
                 ]
               },
               {
                 "name": "local_auth_android",
                 "version": "1.0.47",
                 "kind": "transitive",
                 "source": "hosted",
                 "dependencies": [
                   "flutter",
                   "flutter_plugin_android_lifecycle",
                   "intl",
                   "local_auth_platform_interface"
                 ],
                 "directDependencies": [
                   "flutter",
                   "flutter_plugin_android_lifecycle",
                   "intl",
                   "local_auth_platform_interface"
                 ]
               },
               {
                 "name": "chewie",
                 "version": "1.7.5",
                 "kind": "direct",
                 "source": "hosted",
                 "dependencies": [
                   "cupertino_icons",
                   "flutter",
                   "provider",
                   "video_player",
                   "wakelock_plus"
                 ],
                 "directDependencies": [
                   "cupertino_icons",
                   "flutter",
                   "provider",
                   "video_player",
                   "wakelock_plus"
                 ]
               },
               {
                 "name": "wakelock_plus",
                 "version": "1.1.4",
                 "kind": "transitive",
                 "source": "hosted",
                 "dependencies": [
                   "flutter",
                   "flutter_web_plugins",
                   "meta",
                   "wakelock_plus_platform_interface",
                   "win32",
                   "dbus",
                   "package_info_plus",
                   "js"
                 ],
                 "directDependencies": [
                   "flutter",
                   "flutter_web_plugins",
                   "meta",
                   "wakelock_plus_platform_interface",
                   "win32",
                   "dbus",
                   "package_info_plus",
                   "js"
                 ]
               },
               {
                 "name": "wakelock_plus_platform_interface",
                 "version": "1.2.3",
                 "kind": "transitive",
                 "source": "hosted",
                 "dependencies": [
                   "flutter",
                   "plugin_platform_interface",
                   "meta"
                 ],
                 "directDependencies": [
                   "flutter",
                   "plugin_platform_interface",
                   "meta"
                 ]
               },
               {
                 "name": "video_player",
                 "version": "2.9.5",
                 "kind": "direct",
                 "source": "hosted",
                 "dependencies": [
                   "flutter",
                   "html",
                   "video_player_android",
                   "video_player_avfoundation",
                   "video_player_platform_interface",
                   "video_player_web"
                 ],
                 "directDependencies": [
                   "flutter",
                   "html",
                   "video_player_android",
                   "video_player_avfoundation",
                   "video_player_platform_interface",
                   "video_player_web"
                 ]
               },
               {
                 "name": "video_player_web",
                 "version": "2.3.5",
                 "kind": "transitive",
                 "source": "hosted",
                 "dependencies": [
                   "flutter",
                   "flutter_web_plugins",
                   "video_player_platform_interface",
                   "web"
                 ],
                 "directDependencies": [
                   "flutter",
                   "flutter_web_plugins",
                   "video_player_platform_interface",
                   "web"
                 ]
               },
               {
                 "name": "video_player_platform_interface",
                 "version": "6.3.0",
                 "kind": "transitive",
                 "source": "hosted",
                 "dependencies": [
                   "flutter",
                   "plugin_platform_interface"
                 ],
                 "directDependencies": [
                   "flutter",
                   "plugin_platform_interface"
                 ]
               },
               {
                 "name": "video_player_avfoundation",
                 "version": "2.7.1",
                 "kind": "transitive",
                 "source": "hosted",
                 "dependencies": [
                   "flutter",
                   "video_player_platform_interface"
                 ],
                 "directDependencies": [
                   "flutter",
                   "video_player_platform_interface"
                 ]
               },
               {
                 "name": "video_player_android",
                 "version": "2.7.16",
                 "kind": "transitive",
                 "source": "hosted",
                 "dependencies": [
                   "flutter",
                   "video_player_platform_interface"
                 ],
                 "directDependencies": [
                   "flutter",
                   "video_player_platform_interface"
                 ]
               },
               {
                 "name": "html",
                 "version": "0.15.6",
                 "kind": "transitive",
                 "source": "hosted",
                 "dependencies": [
                   "csslib",
                   "source_span"
                 ],
                 "directDependencies": [
                   "csslib",
                   "source_span"
                 ]
               },
               {
                 "name": "csslib",
                 "version": "1.0.2",
                 "kind": "transitive",
                 "source": "hosted",
                 "dependencies": [
                   "source_span"
                 ],
                 "directDependencies": [
                   "source_span"
                 ]
               },
               {
                 "name": "provider",
                 "version": "6.1.5",
                 "kind": "transitive",
                 "source": "hosted",
                 "dependencies": [
                   "collection",
                   "flutter",
                   "nested"
                 ],
                 "directDependencies": [
                   "collection",
                   "flutter",
                   "nested"
                 ]
               },
               {
                 "name": "nested",
                 "version": "1.0.0",
                 "kind": "transitive",
                 "source": "hosted",
                 "dependencies": [
                   "flutter"
                 ],
                 "directDependencies": [
                   "flutter"
                 ]
               },
               {
                 "name": "form_builder_validators",
                 "version": "11.2.0",
                 "kind": "direct",
                 "source": "hosted",
                 "dependencies": [
                   "flutter",
                   "flutter_localizations",
                   "intl"
                 ],
                 "directDependencies": [
                   "flutter",
                   "flutter_localizations",
                   "intl"
                 ]
               },
               {
                 "name": "flutter_localizations",
                 "version": "0.0.0",
                 "kind": "direct",
                 "source": "sdk",
                 "dependencies": [
                   "flutter",
                   "intl",
                   "characters",
                   "clock",
                   "collection",
                   "material_color_utilities",
                   "meta",
                   "path",
                   "vector_math"
                 ],
                 "directDependencies": [
                   "flutter",
                   "intl",
                   "characters",
                   "clock",
                   "collection",
                   "material_color_utilities",
                   "meta",
                   "path",
                   "vector_math"
                 ]
               },
               {
                 "name": "flutter_form_builder",
                 "version": "10.1.0",
                 "kind": "direct",
                 "source": "hosted",
                 "dependencies": [
                   "flutter",
                   "intl"
                 ],
                 "directDependencies": [
                   "flutter",
                   "intl"
                 ]
               },
               {
                 "name": "lottie",
                 "version": "2.7.0",
                 "kind": "direct",
                 "source": "hosted",
                 "dependencies": [
                   "archive",
                   "flutter",
                   "path",
                   "vector_math"
                 ],
                 "directDependencies": [
                   "archive",
                   "flutter",
                   "path",
                   "vector_math"
                 ]
               },
               {
                 "name": "flutter_svg",
                 "version": "2.1.0",
                 "kind": "direct",
                 "source": "hosted",
                 "dependencies": [
                   "flutter",
                   "http",
                   "vector_graphics",
                   "vector_graphics_codec",
                   "vector_graphics_compiler"
                 ],
                 "directDependencies": [
                   "flutter",
                   "http",
                   "vector_graphics",
                   "vector_graphics_codec",
                   "vector_graphics_compiler"
                 ]
               },
               {
                 "name": "vector_graphics_compiler",
                 "version": "1.1.16",
                 "kind": "transitive",
                 "source": "hosted",
                 "dependencies": [
                   "args",
                   "meta",
                   "path",
                   "path_parsing",
                   "vector_graphics_codec",
                   "xml"
                 ],
                 "directDependencies": [
                   "args",
                   "meta",
                   "path",
                   "path_parsing",
                   "vector_graphics_codec",
                   "xml"
                 ]
               },
               {
                 "name": "vector_graphics_codec",
                 "version": "1.1.13",
                 "kind": "transitive",
                 "source": "hosted",
                 "dependencies": [],
                 "directDependencies": []
               },
               {
                 "name": "path_parsing",
                 "version": "1.1.0",
                 "kind": "transitive",
                 "source": "hosted",
                 "dependencies": [
                   "meta",
                   "vector_math"
                 ],
                 "directDependencies": [
                   "meta",
                   "vector_math"
                 ]
               },
               {
                 "name": "vector_graphics",
                 "version": "1.1.18",
                 "kind": "transitive",
                 "source": "hosted",
                 "dependencies": [
                   "flutter",
                   "http",
                   "vector_graphics_codec"
                 ],
                 "directDependencies": [
                   "flutter",
                   "http",
                   "vector_graphics_codec"
                 ]
               },
               {
                 "name": "shimmer",
                 "version": "3.0.0",
                 "kind": "direct",
                 "source": "hosted",
                 "dependencies": [
                   "flutter"
                 ],
                 "directDependencies": [
                   "flutter"
                 ]
               },
               {
                 "name": "cached_network_image",
                 "version": "3.4.1",
                 "kind": "direct",
                 "source": "hosted",
                 "dependencies": [
                   "cached_network_image_platform_interface",
                   "cached_network_image_web",
                   "flutter",
                   "flutter_cache_manager",
                   "octo_image"
                 ],
                 "directDependencies": [
                   "cached_network_image_platform_interface",
                   "cached_network_image_web",
                   "flutter",
                   "flutter_cache_manager",
                   "octo_image"
                 ]
               },
               {
                 "name": "octo_image",
                 "version": "2.1.0",
                 "kind": "transitive",
                 "source": "hosted",
                 "dependencies": [
                   "flutter"
                 ],
                 "directDependencies": [
                   "flutter"
                 ]
               },
               {
                 "name": "flutter_cache_manager",
                 "version": "3.4.1",
                 "kind": "transitive",
                 "source": "hosted",
                 "dependencies": [
                   "clock",
                   "collection",
                   "file",
                   "flutter",
                   "http",
                   "path",
                   "path_provider",
                   "rxdart",
                   "sqflite",
                   "uuid"
                 ],
                 "directDependencies": [
                   "clock",
                   "collection",
                   "file",
                   "flutter",
                   "http",
                   "path",
                   "path_provider",
                   "rxdart",
                   "sqflite",
                   "uuid"
                 ]
               },
               {
                 "name": "sqflite",
                 "version": "2.4.1",
                 "kind": "transitive",
                 "source": "hosted",
                 "dependencies": [
                   "flutter",
                   "sqflite_android",
                   "sqflite_darwin",
                   "sqflite_platform_interface",
                   "sqflite_common",
                   "path"
                 ],
                 "directDependencies": [
                   "flutter",
                   "sqflite_android",
                   "sqflite_darwin",
                   "sqflite_platform_interface",
                   "sqflite_common",
                   "path"
                 ]
               },
               {
                 "name": "sqflite_common",
                 "version": "2.5.4+6",
                 "kind": "transitive",
                 "source": "hosted",
                 "dependencies": [
                   "synchronized",
                   "path",
                   "meta"
                 ],
                 "directDependencies": [
                   "synchronized",
                   "path",
                   "meta"
                 ]
               },
               {
                 "name": "synchronized",
                 "version": "3.3.0+3",
                 "kind": "transitive",
                 "source": "hosted",
                 "dependencies": [],
                 "directDependencies": []
               },
               {
                 "name": "sqflite_platform_interface",
                 "version": "2.4.0",
                 "kind": "transitive",
                 "source": "hosted",
                 "dependencies": [
                   "flutter",
                   "platform",
                   "sqflite_common",
                   "plugin_platform_interface",
                   "meta"
                 ],
                 "directDependencies": [
                   "flutter",
                   "platform",
                   "sqflite_common",
                   "plugin_platform_interface",
                   "meta"
                 ]
               },
               {
                 "name": "sqflite_darwin",
                 "version": "2.4.1+1",
                 "kind": "transitive",
                 "source": "hosted",
                 "dependencies": [
                   "flutter",
                   "sqflite_platform_interface",
                   "meta",
                   "sqflite_common",
                   "path"
                 ],
                 "directDependencies": [
                   "flutter",
                   "sqflite_platform_interface",
                   "meta",
                   "sqflite_common",
                   "path"
                 ]
               },
               {
                 "name": "sqflite_android",
                 "version": "2.4.0",
                 "kind": "transitive",
                 "source": "hosted",
                 "dependencies": [
                   "flutter",
                   "sqflite_common",
                   "path",
                   "sqflite_platform_interface"
                 ],
                 "directDependencies": [
                   "flutter",
                   "sqflite_common",
                   "path",
                   "sqflite_platform_interface"
                 ]
               },
               {
                 "name": "rxdart",
                 "version": "0.28.0",
                 "kind": "transitive",
                 "source": "hosted",
                 "dependencies": [],
                 "directDependencies": []
               },
               {
                 "name": "cached_network_image_web",
                 "version": "1.3.1",
                 "kind": "transitive",
                 "source": "hosted",
                 "dependencies": [
                   "cached_network_image_platform_interface",
                   "flutter",
                   "flutter_cache_manager",
                   "web"
                 ],
                 "directDependencies": [
                   "cached_network_image_platform_interface",
                   "flutter",
                   "flutter_cache_manager",
                   "web"
                 ]
               },
               {
                 "name": "cached_network_image_platform_interface",
                 "version": "4.1.1",
                 "kind": "transitive",
                 "source": "hosted",
                 "dependencies": [
                   "flutter",
                   "flutter_cache_manager"
                 ],
                 "directDependencies": [
                   "flutter",
                   "flutter_cache_manager"
                 ]
               },
               {
                 "name": "flutter_screenutil",
                 "version": "5.9.3",
                 "kind": "direct",
                 "source": "hosted",
                 "dependencies": [
                   "flutter"
                 ],
                 "directDependencies": [
                   "flutter"
                 ]
               },
               {
                 "name": "shared_preferences",
                 "version": "2.5.3",
                 "kind": "direct",
                 "source": "hosted",
                 "dependencies": [
                   "flutter",
                   "shared_preferences_android",
                   "shared_preferences_foundation",
                   "shared_preferences_linux",
                   "shared_preferences_platform_interface",
                   "shared_preferences_web",
                   "shared_preferences_windows"
                 ],
                 "directDependencies": [
                   "flutter",
                   "shared_preferences_android",
                   "shared_preferences_foundation",
                   "shared_preferences_linux",
                   "shared_preferences_platform_interface",
                   "shared_preferences_web",
                   "shared_preferences_windows"
                 ]
               },
               {
                 "name": "shared_preferences_windows",
                 "version": "2.4.1",
                 "kind": "transitive",
                 "source": "hosted",
                 "dependencies": [
                   "file",
                   "flutter",
                   "path",
                   "path_provider_platform_interface",
                   "path_provider_windows",
                   "shared_preferences_platform_interface"
                 ],
                 "directDependencies": [
                   "file",
                   "flutter",
                   "path",
                   "path_provider_platform_interface",
                   "path_provider_windows",
                   "shared_preferences_platform_interface"
                 ]
               },
               {
                 "name": "shared_preferences_platform_interface",
                 "version": "2.4.1",
                 "kind": "transitive",
                 "source": "hosted",
                 "dependencies": [
                   "flutter",
                   "plugin_platform_interface"
                 ],
                 "directDependencies": [
                   "flutter",
                   "plugin_platform_interface"
                 ]
               },
               {
                 "name": "shared_preferences_web",
                 "version": "2.4.3",
                 "kind": "transitive",
                 "source": "hosted",
                 "dependencies": [
                   "flutter",
                   "flutter_web_plugins",
                   "shared_preferences_platform_interface",
                   "web"
                 ],
                 "directDependencies": [
                   "flutter",
                   "flutter_web_plugins",
                   "shared_preferences_platform_interface",
                   "web"
                 ]
               },
               {
                 "name": "shared_preferences_linux",
                 "version": "2.4.1",
                 "kind": "transitive",
                 "source": "hosted",
                 "dependencies": [
                   "file",
                   "flutter",
                   "path",
                   "path_provider_linux",
                   "path_provider_platform_interface",
                   "shared_preferences_platform_interface"
                 ],
                 "directDependencies": [
                   "file",
                   "flutter",
                   "path",
                   "path_provider_linux",
                   "path_provider_platform_interface",
                   "shared_preferences_platform_interface"
                 ]
               },
               {
                 "name": "shared_preferences_foundation",
                 "version": "2.5.4",
                 "kind": "transitive",
                 "source": "hosted",
                 "dependencies": [
                   "flutter",
                   "shared_preferences_platform_interface"
                 ],
                 "directDependencies": [
                   "flutter",
                   "shared_preferences_platform_interface"
                 ]
               },
               {
                 "name": "shared_preferences_android",
                 "version": "2.4.7",
                 "kind": "transitive",
                 "source": "hosted",
                 "dependencies": [
                   "flutter",
                   "shared_preferences_platform_interface"
                 ],
                 "directDependencies": [
                   "flutter",
                   "shared_preferences_platform_interface"
                 ]
               },
               {
                 "name": "hive_flutter",
                 "version": "1.1.0",
                 "kind": "direct",
                 "source": "hosted",
                 "dependencies": [
                   "flutter",
                   "hive",
                   "path_provider",
                   "path"
                 ],
                 "directDependencies": [
                   "flutter",
                   "hive",
                   "path_provider",
                   "path"
                 ]
               },
               {
                 "name": "hive",
                 "version": "2.2.3",
                 "kind": "transitive",
                 "source": "hosted",
                 "dependencies": [
                   "meta",
                   "crypto"
                 ],
                 "directDependencies": [
                   "meta",
                   "crypto"
                 ]
               },
               {
                 "name": "flutter_secure_storage",
                 "version": "9.2.4",
                 "kind": "direct",
                 "source": "hosted",
                 "dependencies": [
                   "flutter",
                   "flutter_secure_storage_linux",
                   "flutter_secure_storage_macos",
                   "flutter_secure_storage_platform_interface",
                   "flutter_secure_storage_web",
                   "flutter_secure_storage_windows",
                   "meta"
                 ],
                 "directDependencies": [
                   "flutter",
                   "flutter_secure_storage_linux",
                   "flutter_secure_storage_macos",
                   "flutter_secure_storage_platform_interface",
                   "flutter_secure_storage_web",
                   "flutter_secure_storage_windows",
                   "meta"
                 ]
               },
               {
                 "name": "flutter_secure_storage_windows",
                 "version": "3.1.2",
                 "kind": "transitive",
                 "source": "hosted",
                 "dependencies": [
                   "ffi",
                   "flutter",
                   "flutter_secure_storage_platform_interface",
                   "path",
                   "path_provider",
                   "win32"
                 ],
                 "directDependencies": [
                   "ffi",
                   "flutter",
                   "flutter_secure_storage_platform_interface",
                   "path",
                   "path_provider",
                   "win32"
                 ]
               },
               {
                 "name": "flutter_secure_storage_platform_interface",
                 "version": "1.1.2",
                 "kind": "transitive",
                 "source": "hosted",
                 "dependencies": [
                   "flutter",
                   "plugin_platform_interface"
                 ],
                 "directDependencies": [
                   "flutter",
                   "plugin_platform_interface"
                 ]
               },
               {
                 "name": "flutter_secure_storage_web",
                 "version": "1.2.1",
                 "kind": "transitive",
                 "source": "hosted",
                 "dependencies": [
                   "flutter",
                   "flutter_secure_storage_platform_interface",
                   "flutter_web_plugins",
                   "js"
                 ],
                 "directDependencies": [
                   "flutter",
                   "flutter_secure_storage_platform_interface",
                   "flutter_web_plugins",
                   "js"
                 ]
               },
               {
                 "name": "flutter_secure_storage_macos",
                 "version": "3.1.3",
                 "kind": "transitive",
                 "source": "hosted",
                 "dependencies": [
                   "flutter",
                   "flutter_secure_storage_platform_interface"
                 ],
                 "directDependencies": [
                   "flutter",
                   "flutter_secure_storage_platform_interface"
                 ]
               },
               {
                 "name": "flutter_secure_storage_linux",
                 "version": "1.2.3",
                 "kind": "transitive",
                 "source": "hosted",
                 "dependencies": [
                   "flutter",
                   "flutter_secure_storage_platform_interface"
                 ],
                 "directDependencies": [
                   "flutter",
                   "flutter_secure_storage_platform_interface"
                 ]
               },
               {
                 "name": "go_router",
                 "version": "12.1.3",
                 "kind": "direct",
                 "source": "hosted",
                 "dependencies": [
                   "collection",
                   "flutter",
                   "flutter_web_plugins",
                   "logging",
                   "meta"
                 ],
                 "directDependencies": [
                   "collection",
                   "flutter",
                   "flutter_web_plugins",
                   "logging",
                   "meta"
                 ]
               },
               {
                 "name": "graphql_flutter",
                 "version": "5.2.0-beta.6",
                 "kind": "direct",
                 "source": "hosted",
                 "dependencies": [
                   "graphql",
                   "gql_exec",
                   "flutter",
                   "meta",
                   "path_provider",
                   "path",
                   "connectivity_plus",
                   "hive",
                   "plugin_platform_interface",
                   "flutter_hooks"
                 ],
                 "directDependencies": [
                   "graphql",
                   "gql_exec",
                   "flutter",
                   "meta",
                   "path_provider",
                   "path",
                   "connectivity_plus",
                   "hive",
                   "plugin_platform_interface",
                   "flutter_hooks"
                 ]
               },
               {
                 "name": "flutter_hooks",
                 "version": "0.20.5",
                 "kind": "transitive",
                 "source": "hosted",
                 "dependencies": [
                   "flutter"
                 ],
                 "directDependencies": [
                   "flutter"
                 ]
               },
               {
                 "name": "gql_exec",
                 "version": "1.1.1-alpha+1699813812660",
                 "kind": "transitive",
                 "source": "hosted",
                 "dependencies": [
                   "collection",
                   "gql",
                   "meta"
                 ],
                 "directDependencies": [
                   "collection",
                   "gql",
                   "meta"
                 ]
               },
               {
                 "name": "gql",
                 "version": "1.0.1-alpha+1730759315362",
                 "kind": "transitive",
                 "source": "hosted",
                 "dependencies": [
                   "collection",
                   "meta",
                   "source_span",
                   "yaml"
                 ],
                 "directDependencies": [
                   "collection",
                   "meta",
                   "source_span",
                   "yaml"
                 ]
               },
               {
                 "name": "graphql",
                 "version": "5.2.1",
                 "kind": "transitive",
                 "source": "hosted",
                 "dependencies": [
                   "meta",
                   "path",
                   "gql",
                   "gql_exec",
                   "gql_link",
                   "gql_http_link",
                   "gql_transform_link",
                   "gql_error_link",
                   "gql_dedupe_link",
                   "hive",
                   "normalize",
                   "http",
                   "collection",
                   "web_socket_channel",
                   "stream_channel",
                   "rxdart",
                   "uuid"
                 ],
                 "directDependencies": [
                   "meta",
                   "path",
                   "gql",
                   "gql_exec",
                   "gql_link",
                   "gql_http_link",
                   "gql_transform_link",
                   "gql_error_link",
                   "gql_dedupe_link",
                   "hive",
                   "normalize",
                   "http",
                   "collection",
                   "web_socket_channel",
                   "stream_channel",
                   "rxdart",
                   "uuid"
                 ]
               },
               {
                 "name": "normalize",
                 "version": "0.9.1",
                 "kind": "transitive",
                 "source": "hosted",
                 "dependencies": [
                   "gql",
                   "collection"
                 ],
                 "directDependencies": [
                   "gql",
                   "collection"
                 ]
               },
               {
                 "name": "gql_dedupe_link",
                 "version": "2.0.4-alpha+1715521079596",
                 "kind": "transitive",
                 "source": "hosted",
                 "dependencies": [
                   "async",
                   "gql_exec",
                   "gql_link",
                   "meta"
                 ],
                 "directDependencies": [
                   "async",
                   "gql_exec",
                   "gql_link",
                   "meta"
                 ]
               },
               {
                 "name": "gql_link",
                 "version": "1.0.1-alpha+1730759315378",
                 "kind": "transitive",
                 "source": "hosted",
                 "dependencies": [
                   "gql",
                   "gql_exec",
                   "meta"
                 ],
                 "directDependencies": [
                   "gql",
                   "gql_exec",
                   "meta"
                 ]
               },
               {
                 "name": "gql_error_link",
                 "version": "1.0.0+1",
                 "kind": "transitive",
                 "source": "hosted",
                 "dependencies": [
                   "async",
                   "gql_exec",
                   "gql_link",
                   "meta"
                 ],
                 "directDependencies": [
                   "async",
                   "gql_exec",
                   "gql_link",
                   "meta"
                 ]
               },
               {
                 "name": "gql_transform_link",
                 "version": "1.0.0",
                 "kind": "transitive",
                 "source": "hosted",
                 "dependencies": [
                   "gql_exec",
                   "gql_link"
                 ],
                 "directDependencies": [
                   "gql_exec",
                   "gql_link"
                 ]
               },
               {
                 "name": "gql_http_link",
                 "version": "1.1.0",
                 "kind": "transitive",
                 "source": "hosted",
                 "dependencies": [
                   "gql",
                   "gql_exec",
                   "gql_link",
                   "http",
                   "http_parser",
                   "meta"
                 ],
                 "directDependencies": [
                   "gql",
                   "gql_exec",
                   "gql_link",
                   "http",
                   "http_parser",
                   "meta"
                 ]
               },
               {
                 "name": "flutter_riverpod",
                 "version": "2.6.1",
                 "kind": "direct",
                 "source": "hosted",
                 "dependencies": [
                   "collection",
                   "flutter",
                   "meta",
                   "riverpod",
                   "state_notifier"
                 ],
                 "directDependencies": [
                   "collection",
                   "flutter",
                   "meta",
                   "riverpod",
                   "state_notifier"
                 ]
               }
             ],
             "sdks": [
               {
                 "name": "Dart",
                 "version": "3.8.1"
               },
               {
                 "name": "Flutter",
                 "version": "3.32.8"
               }
             ],
             "executables": [
               "flutter_launcher_icons",
               "flutter_launcher_icons:generate",
               "flutter_launcher_icons:main",
               "build_runner",
               "build_runner:graph_inspector",
               "mockito:codegen"
             ]
           }
[  +12 ms] Found plugin connectivity_plus at /Users/carl.stanley/.pub-cache/hosted/pub.dev/connectivity_plus-5.0.2/
[   +3 ms] Found plugin device_info_plus at /Users/carl.stanley/.pub-cache/hosted/pub.dev/device_info_plus-9.1.2/
[   +2 ms] Found plugin file_selector_linux at /Users/carl.stanley/.pub-cache/hosted/pub.dev/file_selector_linux-0.9.3+2/
[        ] Found plugin file_selector_macos at /Users/carl.stanley/.pub-cache/hosted/pub.dev/file_selector_macos-0.9.4+2/
[        ] Found plugin file_selector_windows at /Users/carl.stanley/.pub-cache/hosted/pub.dev/file_selector_windows-0.9.3+4/
[   +2 ms] Found plugin flutter_plugin_android_lifecycle at /Users/carl.stanley/.pub-cache/hosted/pub.dev/flutter_plugin_android_lifecycle-2.0.26/
[        ] Found plugin flutter_secure_storage at /Users/carl.stanley/.pub-cache/hosted/pub.dev/flutter_secure_storage-9.2.4/
[        ] Found plugin flutter_secure_storage_linux at /Users/carl.stanley/.pub-cache/hosted/pub.dev/flutter_secure_storage_linux-1.2.3/
[        ] Found plugin flutter_secure_storage_macos at /Users/carl.stanley/.pub-cache/hosted/pub.dev/flutter_secure_storage_macos-3.1.3/
[        ] Found plugin flutter_secure_storage_web at /Users/carl.stanley/.pub-cache/hosted/pub.dev/flutter_secure_storage_web-1.2.1/
[        ] Found plugin flutter_secure_storage_windows at /Users/carl.stanley/.pub-cache/hosted/pub.dev/flutter_secure_storage_windows-3.1.2/
[   +5 ms] Found plugin image_cropper at /Users/carl.stanley/.pub-cache/hosted/pub.dev/image_cropper-9.1.0/
[        ] Found plugin image_cropper_for_web at /Users/carl.stanley/.pub-cache/hosted/pub.dev/image_cropper_for_web-6.1.0/
[        ] Found plugin image_picker at /Users/carl.stanley/.pub-cache/hosted/pub.dev/image_picker-1.1.2/
[        ] Found plugin image_picker_android at /Users/carl.stanley/.pub-cache/hosted/pub.dev/image_picker_android-0.8.12+21/
[        ] Found plugin image_picker_for_web at /Users/carl.stanley/.pub-cache/hosted/pub.dev/image_picker_for_web-3.0.6/
[        ] Found plugin image_picker_ios at /Users/carl.stanley/.pub-cache/hosted/pub.dev/image_picker_ios-0.8.12+2/
[        ] Found plugin image_picker_linux at /Users/carl.stanley/.pub-cache/hosted/pub.dev/image_picker_linux-0.2.1+2/
[        ] Found plugin image_picker_macos at /Users/carl.stanley/.pub-cache/hosted/pub.dev/image_picker_macos-0.2.1+2/
[        ] Found plugin image_picker_windows at /Users/carl.stanley/.pub-cache/hosted/pub.dev/image_picker_windows-0.2.1+1/
[   +2 ms] Found plugin local_auth at /Users/carl.stanley/.pub-cache/hosted/pub.dev/local_auth-2.3.0/
[        ] Found plugin local_auth_android at /Users/carl.stanley/.pub-cache/hosted/pub.dev/local_auth_android-1.0.47/
[        ] Found plugin local_auth_darwin at /Users/carl.stanley/.pub-cache/hosted/pub.dev/local_auth_darwin-1.4.3/
[        ] Found plugin local_auth_windows at /Users/carl.stanley/.pub-cache/hosted/pub.dev/local_auth_windows-1.0.11/
[   +3 ms] Found plugin package_info_plus at /Users/carl.stanley/.pub-cache/hosted/pub.dev/package_info_plus-4.2.0/
[        ] Found plugin path_provider at /Users/carl.stanley/.pub-cache/hosted/pub.dev/path_provider-2.1.5/
[        ] Found plugin path_provider_android at /Users/carl.stanley/.pub-cache/hosted/pub.dev/path_provider_android-2.2.15/
[        ] Found plugin path_provider_foundation at /Users/carl.stanley/.pub-cache/hosted/pub.dev/path_provider_foundation-2.4.1/
[        ] Found plugin path_provider_linux at /Users/carl.stanley/.pub-cache/hosted/pub.dev/path_provider_linux-2.2.1/
[        ] Found plugin path_provider_windows at /Users/carl.stanley/.pub-cache/hosted/pub.dev/path_provider_windows-2.3.0/
[        ] Found plugin permission_handler at /Users/carl.stanley/.pub-cache/hosted/pub.dev/permission_handler-11.4.0/
[        ] Found plugin permission_handler_android at /Users/carl.stanley/.pub-cache/hosted/pub.dev/permission_handler_android-12.1.0/
[        ] Found plugin permission_handler_apple at /Users/carl.stanley/.pub-cache/hosted/pub.dev/permission_handler_apple-9.4.7/
[        ] Found plugin permission_handler_html at /Users/carl.stanley/.pub-cache/hosted/pub.dev/permission_handler_html-0.1.3+5/
[        ] Found plugin permission_handler_windows at /Users/carl.stanley/.pub-cache/hosted/pub.dev/permission_handler_windows-0.2.1/
[   +3 ms] Found plugin share_plus at /Users/carl.stanley/.pub-cache/hosted/pub.dev/share_plus-7.2.2/
[        ] Found plugin shared_preferences at /Users/carl.stanley/.pub-cache/hosted/pub.dev/shared_preferences-2.5.3/
[        ] Found plugin shared_preferences_android at /Users/carl.stanley/.pub-cache/hosted/pub.dev/shared_preferences_android-2.4.7/
[        ] Found plugin shared_preferences_foundation at /Users/carl.stanley/.pub-cache/hosted/pub.dev/shared_preferences_foundation-2.5.4/
[        ] Found plugin shared_preferences_linux at /Users/carl.stanley/.pub-cache/hosted/pub.dev/shared_preferences_linux-2.4.1/
[        ] Found plugin shared_preferences_web at /Users/carl.stanley/.pub-cache/hosted/pub.dev/shared_preferences_web-2.4.3/
[        ] Found plugin shared_preferences_windows at /Users/carl.stanley/.pub-cache/hosted/pub.dev/shared_preferences_windows-2.4.1/
[   +2 ms] Found plugin sqflite at /Users/carl.stanley/.pub-cache/hosted/pub.dev/sqflite-2.4.1/
[        ] Found plugin sqflite_android at /Users/carl.stanley/.pub-cache/hosted/pub.dev/sqflite_android-2.4.0/
[        ] Found plugin sqflite_darwin at /Users/carl.stanley/.pub-cache/hosted/pub.dev/sqflite_darwin-2.4.1+1/
[   +3 ms] Found plugin url_launcher at /Users/carl.stanley/.pub-cache/hosted/pub.dev/url_launcher-6.3.1/
[        ] Found plugin url_launcher_android at /Users/carl.stanley/.pub-cache/hosted/pub.dev/url_launcher_android-6.3.14/
[        ] Found plugin url_launcher_ios at /Users/carl.stanley/.pub-cache/hosted/pub.dev/url_launcher_ios-6.3.3/
[        ] Found plugin url_launcher_linux at /Users/carl.stanley/.pub-cache/hosted/pub.dev/url_launcher_linux-3.2.1/
[        ] Found plugin url_launcher_macos at /Users/carl.stanley/.pub-cache/hosted/pub.dev/url_launcher_macos-3.2.2/
[        ] Found plugin url_launcher_web at /Users/carl.stanley/.pub-cache/hosted/pub.dev/url_launcher_web-2.3.3/
[        ] Found plugin url_launcher_windows at /Users/carl.stanley/.pub-cache/hosted/pub.dev/url_launcher_windows-3.1.4/
[   +1 ms] Found plugin video_player at /Users/carl.stanley/.pub-cache/hosted/pub.dev/video_player-2.9.5/
[        ] Found plugin video_player_android at /Users/carl.stanley/.pub-cache/hosted/pub.dev/video_player_android-2.7.16/
[        ] Found plugin video_player_avfoundation at /Users/carl.stanley/.pub-cache/hosted/pub.dev/video_player_avfoundation-2.7.1/
[        ] Found plugin video_player_web at /Users/carl.stanley/.pub-cache/hosted/pub.dev/video_player_web-2.3.5/
[        ] Found plugin wakelock_plus at /Users/carl.stanley/.pub-cache/hosted/pub.dev/wakelock_plus-1.1.4/
[   +5 ms] Found plugin integration_test at /Users/carl.stanley/development/flutter/packages/integration_test/
[  +12 ms] executing: [/Users/carl.stanley/sites/UKCPA/ukcpa_flutter/] /Users/carl.stanley/development/flutter/bin/cache/dart-sdk/bin/dart pub --suppress-analytics deps --json
[ +259 ms] {
             "root": "ukcpa_flutter",
             "packages": [
               {
                 "name": "ukcpa_flutter",
                 "version": "1.0.0+1",
                 "kind": "root",
                 "source": "root",
                 "dependencies": [
                   "flutter",
                   "flutter_localizations",
                   "flutter_riverpod",
                   "riverpod_annotation",
                   "graphql_flutter",
                   "go_router",
                   "flutter_secure_storage",
                   "hive_flutter",
                   "shared_preferences",
                   "flutter_screenutil",
                   "cached_network_image",
                   "shimmer",
                   "flutter_svg",
                   "lottie",
                   "flutter_form_builder",
                   "form_builder_validators",
                   "video_player",
                   "chewie",
                   "local_auth",
                   "intl",
                   "url_launcher",
                   "share_plus",
                   "connectivity_plus",
                   "device_info_plus",
                   "package_info_plus",
                   "permission_handler",
                   "table_calendar",
                   "flutter_datetime_picker_plus",
                   "dio",
                   "pretty_dio_logger",
                   "flutter_dotenv",
                   "logger",
                   "image_picker",
                   "image_cropper",
                   "flutter_markdown",
                   "cupertino_icons",
                   "flutter_launcher_icons",
                   "json_annotation",
                   "mcp_toolkit",
                   "flutter_test",
                   "flutter_lints",
                   "build_runner",
                   "riverpod_generator",
                   "json_serializable",
                   "freezed",
                   "freezed_annotation",
                   "mockito",
                   "integration_test"
                 ],
                 "directDependencies": [
                   "flutter",
                   "flutter_localizations",
                   "flutter_riverpod",
                   "riverpod_annotation",
                   "graphql_flutter",
                   "go_router",
                   "flutter_secure_storage",
                   "hive_flutter",
                   "shared_preferences",
                   "flutter_screenutil",
                   "cached_network_image",
                   "shimmer",
                   "flutter_svg",
                   "lottie",
                   "flutter_form_builder",
                   "form_builder_validators",
                   "video_player",
                   "chewie",
                   "local_auth",
                   "intl",
                   "url_launcher",
                   "share_plus",
                   "connectivity_plus",
                   "device_info_plus",
                   "package_info_plus",
                   "permission_handler",
                   "table_calendar",
                   "flutter_datetime_picker_plus",
                   "dio",
                   "pretty_dio_logger",
                   "flutter_dotenv",
                   "logger",
                   "image_picker",
                   "image_cropper",
                   "flutter_markdown",
                   "cupertino_icons",
                   "flutter_launcher_icons",
                   "json_annotation",
                   "mcp_toolkit"
                 ],
                 "devDependencies": [
                   "flutter_test",
                   "flutter_lints",
                   "build_runner",
                   "riverpod_generator",
                   "json_serializable",
                   "freezed",
                   "freezed_annotation",
                   "mockito",
                   "integration_test"
                 ]
               },
               {
                 "name": "integration_test",
                 "version": "0.0.0",
                 "kind": "dev",
                 "source": "sdk",
                 "dependencies": [
                   "flutter",
                   "flutter_driver",
                   "flutter_test",
                   "path",
                   "vm_service",
                   "async",
                   "boolean_selector",
                   "characters",
                   "clock",
                   "collection",
                   "fake_async",
                   "file",
                   "leak_tracker",
                   "leak_tracker_flutter_testing",
                   "leak_tracker_testing",
                   "matcher",
                   "material_color_utilities",
                   "meta",
                   "source_span",
                   "stack_trace",
                   "stream_channel",
                   "string_scanner",
                   "sync_http",
                   "term_glyph",
                   "test_api",
                   "vector_math",
                   "webdriver"
                 ],
                 "directDependencies": [
                   "flutter",
                   "flutter_driver",
                   "flutter_test",
                   "path",
                   "vm_service",
                   "async",
                   "boolean_selector",
                   "characters",
                   "clock",
                   "collection",
                   "fake_async",
                   "file",
                   "leak_tracker",
                   "leak_tracker_flutter_testing",
                   "leak_tracker_testing",
                   "matcher",
                   "material_color_utilities",
                   "meta",
                   "source_span",
                   "stack_trace",
                   "stream_channel",
                   "string_scanner",
                   "sync_http",
                   "term_glyph",
                   "test_api",
                   "vector_math",
                   "webdriver"
                 ]
               },
               {
                 "name": "webdriver",
                 "version": "3.1.0",
                 "kind": "transitive",
                 "source": "hosted",
                 "dependencies": [
                   "matcher",
                   "path",
                   "stack_trace",
                   "sync_http"
                 ],
                 "directDependencies": [
                   "matcher",
                   "path",
                   "stack_trace",
                   "sync_http"
                 ]
               },
               {
                 "name": "sync_http",
                 "version": "0.3.1",
                 "kind": "transitive",
                 "source": "hosted",
                 "dependencies": [],
                 "directDependencies": []
               },
               {
                 "name": "stack_trace",
                 "version": "1.12.1",
                 "kind": "transitive",
                 "source": "hosted",
                 "dependencies": [
                   "path"
                 ],
                 "directDependencies": [
                   "path"
                 ]
               },
               {
                 "name": "path",
                 "version": "1.9.1",
                 "kind": "transitive",
                 "source": "hosted",
                 "dependencies": [],
                 "directDependencies": []
               },
               {
                 "name": "matcher",
                 "version": "0.12.17",
                 "kind": "transitive",
                 "source": "hosted",
                 "dependencies": [
                   "async",
                   "meta",
                   "stack_trace",
                   "term_glyph",
                   "test_api"
                 ],
                 "directDependencies": [
                   "async",
                   "meta",
                   "stack_trace",
                   "term_glyph",
                   "test_api"
                 ]
               },
               {
                 "name": "test_api",
                 "version": "0.7.4",
                 "kind": "transitive",
                 "source": "hosted",
                 "dependencies": [
                   "async",
                   "boolean_selector",
                   "collection",
                   "meta",
                   "source_span",
                   "stack_trace",
                   "stream_channel",
                   "string_scanner",
                   "term_glyph"
                 ],
                 "directDependencies": [
                   "async",
                   "boolean_selector",
                   "collection",
                   "meta",
                   "source_span",
                   "stack_trace",
                   "stream_channel",
                   "string_scanner",
                   "term_glyph"
                 ]
               },
               {
                 "name": "term_glyph",
                 "version": "1.2.2",
                 "kind": "transitive",
                 "source": "hosted",
                 "dependencies": [],
                 "directDependencies": []
               },
               {
                 "name": "string_scanner",
                 "version": "1.4.1",
                 "kind": "transitive",
                 "source": "hosted",
                 "dependencies": [
                   "source_span"
                 ],
                 "directDependencies": [
                   "source_span"
                 ]
               },
               {
                 "name": "source_span",
                 "version": "1.10.1",
                 "kind": "transitive",
                 "source": "hosted",
                 "dependencies": [
                   "collection",
                   "path",
                   "term_glyph"
                 ],
                 "directDependencies": [
                   "collection",
                   "path",
                   "term_glyph"
                 ]
               },
               {
                 "name": "collection",
                 "version": "1.19.1",
                 "kind": "transitive",
                 "source": "hosted",
                 "dependencies": [],
                 "directDependencies": []
               },
               {
                 "name": "stream_channel",
                 "version": "2.1.4",
                 "kind": "transitive",
                 "source": "hosted",
                 "dependencies": [
                   "async"
                 ],
                 "directDependencies": [
                   "async"
                 ]
               },
               {
                 "name": "async",
                 "version": "2.13.0",
                 "kind": "transitive",
                 "source": "hosted",
                 "dependencies": [
                   "collection",
                   "meta"
                 ],
                 "directDependencies": [
                   "collection",
                   "meta"
                 ]
               },
               {
                 "name": "meta",
                 "version": "1.16.0",
                 "kind": "transitive",
                 "source": "hosted",
                 "dependencies": [],
                 "directDependencies": []
               },
               {
                 "name": "boolean_selector",
                 "version": "2.1.2",
                 "kind": "transitive",
                 "source": "hosted",
                 "dependencies": [
                   "source_span",
                   "string_scanner"
                 ],
                 "directDependencies": [
                   "source_span",
                   "string_scanner"
                 ]
               },
               {
                 "name": "vector_math",
                 "version": "2.1.4",
                 "kind": "transitive",
                 "source": "hosted",
                 "dependencies": [],
                 "directDependencies": []
               },
               {
                 "name": "material_color_utilities",
                 "version": "0.11.1",
                 "kind": "transitive",
                 "source": "hosted",
                 "dependencies": [
                   "collection"
                 ],
                 "directDependencies": [
                   "collection"
                 ]
               },
               {
                 "name": "leak_tracker_testing",
                 "version": "3.0.1",
                 "kind": "transitive",
                 "source": "hosted",
                 "dependencies": [
                   "leak_tracker",
                   "matcher",
                   "meta"
                 ],
                 "directDependencies": [
                   "leak_tracker",
                   "matcher",
                   "meta"
                 ]
               },
               {
                 "name": "leak_tracker",
                 "version": "10.0.9",
                 "kind": "transitive",
                 "source": "hosted",
                 "dependencies": [
                   "clock",
                   "collection",
                   "meta",
                   "path",
                   "vm_service"
                 ],
                 "directDependencies": [
                   "clock",
                   "collection",
                   "meta",
                   "path",
                   "vm_service"
                 ]
               },
               {
                 "name": "vm_service",
                 "version": "15.0.0",
                 "kind": "transitive",
                 "source": "hosted",
                 "dependencies": [],
                 "directDependencies": []
               },
               {
                 "name": "clock",
                 "version": "1.1.2",
                 "kind": "transitive",
                 "source": "hosted",
                 "dependencies": [],
                 "directDependencies": []
               },
               {
                 "name": "leak_tracker_flutter_testing",
                 "version": "3.0.9",
                 "kind": "transitive",
                 "source": "hosted",
                 "dependencies": [
                   "flutter",
                   "leak_tracker",
                   "leak_tracker_testing",
                   "matcher",
                   "meta"
                 ],
                 "directDependencies": [
                   "flutter",
                   "leak_tracker",
                   "leak_tracker_testing",
                   "matcher",
                   "meta"
                 ]
               },
               {
                 "name": "flutter",
                 "version": "0.0.0",
                 "kind": "direct",
                 "source": "sdk",
                 "dependencies": [
                   "characters",
                   "collection",
                   "material_color_utilities",
                   "meta",
                   "vector_math",
                   "sky_engine"
                 ],
                 "directDependencies": [
                   "characters",
                   "collection",
                   "material_color_utilities",
                   "meta",
                   "vector_math",
                   "sky_engine"
                 ]
               },
               {
                 "name": "sky_engine",
                 "version": "0.0.0",
                 "kind": "transitive",
                 "source": "sdk",
                 "dependencies": [],
                 "directDependencies": []
               },
               {
                 "name": "characters",
                 "version": "1.4.0",
                 "kind": "transitive",
                 "source": "hosted",
                 "dependencies": [],
                 "directDependencies": []
               },
               {
                 "name": "file",
                 "version": "7.0.1",
                 "kind": "transitive",
                 "source": "hosted",
                 "dependencies": [
                   "meta",
                   "path"
                 ],
                 "directDependencies": [
                   "meta",
                   "path"
                 ]
               },
               {
                 "name": "fake_async",
                 "version": "1.3.3",
                 "kind": "transitive",
                 "source": "hosted",
                 "dependencies": [
                   "clock",
                   "collection"
                 ],
                 "directDependencies": [
                   "clock",
                   "collection"
                 ]
               },
               {
                 "name": "flutter_test",
                 "version": "0.0.0",
                 "kind": "dev",
                 "source": "sdk",
                 "dependencies": [
                   "flutter",
                   "test_api",
                   "matcher",
                   "path",
                   "fake_async",
                   "clock",
                   "stack_trace",
                   "vector_math",
                   "leak_tracker_flutter_testing",
                   "async",
                   "boolean_selector",
                   "characters",
                   "collection",
                   "leak_tracker",
                   "leak_tracker_testing",
                   "material_color_utilities",
                   "meta",
                   "source_span",
                   "stream_channel",
                   "string_scanner",
                   "term_glyph",
                   "vm_service"
                 ],
                 "directDependencies": [
                   "flutter",
                   "test_api",
                   "matcher",
                   "path",
                   "fake_async",
                   "clock",
                   "stack_trace",
                   "vector_math",
                   "leak_tracker_flutter_testing",
                   "async",
                   "boolean_selector",
                   "characters",
                   "collection",
                   "leak_tracker",
                   "leak_tracker_testing",
                   "material_color_utilities",
                   "meta",
                   "source_span",
                   "stream_channel",
                   "string_scanner",
                   "term_glyph",
                   "vm_service"
                 ]
               },
               {
                 "name": "flutter_driver",
                 "version": "0.0.0",
                 "kind": "transitive",
                 "source": "sdk",
                 "dependencies": [
                   "file",
                   "flutter",
                   "flutter_test",
                   "fuchsia_remote_debug_protocol",
                   "path",
                   "meta",
                   "vm_service",
                   "webdriver",
                   "async",
                   "boolean_selector",
                   "characters",
                   "clock",
                   "collection",
                   "leak_tracker",
                   "leak_tracker_flutter_testing",
                   "leak_tracker_testing",
                   "matcher",
                   "material_color_utilities",
                   "platform",
                   "process",
                   "source_span",
                   "stack_trace",
                   "stream_channel",
                   "string_scanner",
                   "sync_http",
                   "term_glyph",
                   "test_api",
                   "vector_math"
                 ],
                 "directDependencies": [
                   "file",
                   "flutter",
                   "flutter_test",
                   "fuchsia_remote_debug_protocol",
                   "path",
                   "meta",
                   "vm_service",
                   "webdriver",
                   "async",
                   "boolean_selector",
                   "characters",
                   "clock",
                   "collection",
                   "leak_tracker",
                   "leak_tracker_flutter_testing",
                   "leak_tracker_testing",
                   "matcher",
                   "material_color_utilities",
                   "platform",
                   "process",
                   "source_span",
                   "stack_trace",
                   "stream_channel",
                   "string_scanner",
                   "sync_http",
                   "term_glyph",
                   "test_api",
                   "vector_math"
                 ]
               },
               {
                 "name": "process",
                 "version": "5.0.3",
                 "kind": "transitive",
                 "source": "hosted",
                 "dependencies": [
                   "file",
                   "path",
                   "platform"
                 ],
                 "directDependencies": [
                   "file",
                   "path",
                   "platform"
                 ]
               },
               {
                 "name": "platform",
                 "version": "3.1.6",
                 "kind": "transitive",
                 "source": "hosted",
                 "dependencies": [],
                 "directDependencies": []
               },
               {
                 "name": "fuchsia_remote_debug_protocol",
                 "version": "0.0.0",
                 "kind": "transitive",
                 "source": "sdk",
                 "dependencies": [
                   "process",
                   "vm_service",
                   "file",
                   "meta",
                   "path",
                   "platform"
                 ],
                 "directDependencies": [
                   "process",
                   "vm_service",
                   "file",
                   "meta",
                   "path",
                   "platform"
                 ]
               },
               {
                 "name": "mockito",
                 "version": "5.4.4",
                 "kind": "dev",
                 "source": "hosted",
                 "dependencies": [
                   "analyzer",
                   "build",
                   "code_builder",
                   "collection",
                   "dart_style",
                   "matcher",
                   "meta",
                   "path",
                   "source_gen",
                   "test_api"
                 ],
                 "directDependencies": [
                   "analyzer",
                   "build",
                   "code_builder",
                   "collection",
                   "dart_style",
                   "matcher",
                   "meta",
                   "path",
                   "source_gen",
                   "test_api"
                 ]
               },
               {
                 "name": "source_gen",
                 "version": "1.5.0",
                 "kind": "transitive",
                 "source": "hosted",
                 "dependencies": [
                   "analyzer",
                   "async",
                   "build",
                   "dart_style",
                   "glob",
                   "path",
                   "source_span",
                   "yaml"
                 ],
                 "directDependencies": [
                   "analyzer",
                   "async",
                   "build",
                   "dart_style",
                   "glob",
                   "path",
                   "source_span",
                   "yaml"
                 ]
               },
               {
                 "name": "yaml",
                 "version": "3.1.3",
                 "kind": "transitive",
                 "source": "hosted",
                 "dependencies": [
                   "collection",
                   "source_span",
                   "string_scanner"
                 ],
                 "directDependencies": [
                   "collection",
                   "source_span",
                   "string_scanner"
                 ]
               },
               {
                 "name": "glob",
                 "version": "2.1.3",
                 "kind": "transitive",
                 "source": "hosted",
                 "dependencies": [
                   "async",
                   "collection",
                   "file",
                   "path",
                   "string_scanner"
                 ],
                 "directDependencies": [
                   "async",
                   "collection",
                   "file",
                   "path",
                   "string_scanner"
                 ]
               },
               {
                 "name": "dart_style",
                 "version": "2.3.7",
                 "kind": "transitive",
                 "source": "hosted",
                 "dependencies": [
                   "analyzer",
                   "args",
                   "collection",
                   "package_config",
                   "path",
                   "pub_semver",
                   "source_span"
                 ],
                 "directDependencies": [
                   "analyzer",
                   "args",
                   "collection",
                   "package_config",
                   "path",
                   "pub_semver",
                   "source_span"
                 ]
               },
               {
                 "name": "pub_semver",
                 "version": "2.2.0",
                 "kind": "transitive",
                 "source": "hosted",
                 "dependencies": [
                   "collection"
                 ],
                 "directDependencies": [
                   "collection"
                 ]
               },
               {
                 "name": "package_config",
                 "version": "2.2.0",
                 "kind": "transitive",
                 "source": "hosted",
                 "dependencies": [
                   "path"
                 ],
                 "directDependencies": [
                   "path"
                 ]
               },
               {
                 "name": "args",
                 "version": "2.7.0",
                 "kind": "transitive",
                 "source": "hosted",
                 "dependencies": [],
                 "directDependencies": []
               },
               {
                 "name": "analyzer",
                 "version": "6.11.0",
                 "kind": "transitive",
                 "source": "hosted",
                 "dependencies": [
                   "_fe_analyzer_shared",
                   "collection",
                   "convert",
                   "crypto",
                   "glob",
                   "macros",
                   "meta",
                   "package_config",
                   "path",
                   "pub_semver",
                   "source_span",
                   "watcher",
                   "yaml"
                 ],
                 "directDependencies": [
                   "_fe_analyzer_shared",
                   "collection",
                   "convert",
                   "crypto",
                   "glob",
                   "macros",
                   "meta",
                   "package_config",
                   "path",
                   "pub_semver",
                   "source_span",
                   "watcher",
                   "yaml"
                 ]
               },
               {
                 "name": "watcher",
                 "version": "1.1.2",
                 "kind": "transitive",
                 "source": "hosted",
                 "dependencies": [
                   "async",
                   "path"
                 ],
                 "directDependencies": [
                   "async",
                   "path"
                 ]
               },
               {
                 "name": "macros",
                 "version": "0.1.3-main.0",
                 "kind": "transitive",
                 "source": "hosted",
                 "dependencies": [
                   "_macros"
                 ],
                 "directDependencies": [
                   "_macros"
                 ]
               },
               {
                 "name": "_macros",
                 "version": "0.3.3",
                 "kind": "transitive",
                 "source": "sdk",
                 "dependencies": [],
                 "directDependencies": []
               },
               {
                 "name": "crypto",
                 "version": "3.0.6",
                 "kind": "transitive",
                 "source": "hosted",
                 "dependencies": [
                   "typed_data"
                 ],
                 "directDependencies": [
                   "typed_data"
                 ]
               },
               {
                 "name": "typed_data",
                 "version": "1.4.0",
                 "kind": "transitive",
                 "source": "hosted",
                 "dependencies": [
                   "collection"
                 ],
                 "directDependencies": [
                   "collection"
                 ]
               },
               {
                 "name": "convert",
                 "version": "3.1.2",
                 "kind": "transitive",
                 "source": "hosted",
                 "dependencies": [
                   "typed_data"
                 ],
                 "directDependencies": [
                   "typed_data"
                 ]
               },
               {
                 "name": "_fe_analyzer_shared",
                 "version": "76.0.0",
                 "kind": "transitive",
                 "source": "hosted",
                 "dependencies": [
                   "meta"
                 ],
                 "directDependencies": [
                   "meta"
                 ]
               },
               {
                 "name": "build",
                 "version": "2.4.1",
                 "kind": "transitive",
                 "source": "hosted",
                 "dependencies": [
                   "analyzer",
                   "async",
                   "convert",
                   "crypto",
                   "glob",
                   "logging",
                   "meta",
                   "package_config",
                   "path"
                 ],
                 "directDependencies": [
                   "analyzer",
                   "async",
                   "convert",
                   "crypto",
                   "glob",
                   "logging",
                   "meta",
                   "package_config",
                   "path"
                 ]
               },
               {
                 "name": "logging",
                 "version": "1.3.0",
                 "kind": "transitive",
                 "source": "hosted",
                 "dependencies": [],
                 "directDependencies": []
               },
               {
                 "name": "code_builder",
                 "version": "4.10.1",
                 "kind": "transitive",
                 "source": "hosted",
                 "dependencies": [
                   "built_collection",
                   "built_value",
                   "collection",
                   "matcher",
                   "meta"
                 ],
                 "directDependencies": [
                   "built_collection",
                   "built_value",
                   "collection",
                   "matcher",
                   "meta"
                 ]
               },
               {
                 "name": "built_value",
                 "version": "8.11.0",
                 "kind": "transitive",
                 "source": "hosted",
                 "dependencies": [
                   "built_collection",
                   "collection",
                   "fixnum",
                   "meta"
                 ],
                 "directDependencies": [
                   "built_collection",
                   "collection",
                   "fixnum",
                   "meta"
                 ]
               },
               {
                 "name": "fixnum",
                 "version": "1.1.1",
                 "kind": "transitive",
                 "source": "hosted",
                 "dependencies": [],
                 "directDependencies": []
               },
               {
                 "name": "built_collection",
                 "version": "5.1.1",
                 "kind": "transitive",
                 "source": "hosted",
                 "dependencies": [],
                 "directDependencies": []
               },
               {
                 "name": "freezed_annotation",
                 "version": "2.4.4",
                 "kind": "dev",
                 "source": "hosted",
                 "dependencies": [
                   "collection",
                   "json_annotation",
                   "meta"
                 ],
                 "directDependencies": [
                   "collection",
                   "json_annotation",
                   "meta"
                 ]
               },
               {
                 "name": "json_annotation",
                 "version": "4.9.0",
                 "kind": "direct",
                 "source": "hosted",
                 "dependencies": [
                   "meta"
                 ],
                 "directDependencies": [
                   "meta"
                 ]
               },
               {
                 "name": "freezed",
                 "version": "2.5.7",
                 "kind": "dev",
                 "source": "hosted",
                 "dependencies": [
                   "analyzer",
                   "build",
                   "build_config",
                   "collection",
                   "meta",
                   "source_gen",
                   "freezed_annotation",
                   "json_annotation",
                   "dart_style"
                 ],
                 "directDependencies": [
                   "analyzer",
                   "build",
                   "build_config",
                   "collection",
                   "meta",
                   "source_gen",
                   "freezed_annotation",
                   "json_annotation",
                   "dart_style"
                 ]
               },
               {
                 "name": "build_config",
                 "version": "1.1.1",
                 "kind": "transitive",
                 "source": "hosted",
                 "dependencies": [
                   "checked_yaml",
                   "json_annotation",
                   "path",
                   "pubspec_parse",
                   "yaml"
                 ],
                 "directDependencies": [
                   "checked_yaml",
                   "json_annotation",
                   "path",
                   "pubspec_parse",
                   "yaml"
                 ]
               },
               {
                 "name": "pubspec_parse",
                 "version": "1.4.0",
                 "kind": "transitive",
                 "source": "hosted",
                 "dependencies": [
                   "checked_yaml",
                   "collection",
                   "json_annotation",
                   "pub_semver",
                   "yaml"
                 ],
                 "directDependencies": [
                   "checked_yaml",
                   "collection",
                   "json_annotation",
                   "pub_semver",
                   "yaml"
                 ]
               },
               {
                 "name": "checked_yaml",
                 "version": "2.0.3",
                 "kind": "transitive",
                 "source": "hosted",
                 "dependencies": [
                   "json_annotation",
                   "source_span",
                   "yaml"
                 ],
                 "directDependencies": [
                   "json_annotation",
                   "source_span",
                   "yaml"
                 ]
               },
               {
                 "name": "json_serializable",
                 "version": "6.9.0",
                 "kind": "dev",
                 "source": "hosted",
                 "dependencies": [
                   "analyzer",
                   "async",
                   "build",
                   "build_config",
                   "collection",
                   "json_annotation",
                   "meta",
                   "path",
                   "pub_semver",
                   "pubspec_parse",
                   "source_gen",
                   "source_helper"
                 ],
                 "directDependencies": [
                   "analyzer",
                   "async",
                   "build",
                   "build_config",
                   "collection",
                   "json_annotation",
                   "meta",
                   "path",
                   "pub_semver",
                   "pubspec_parse",
                   "source_gen",
                   "source_helper"
                 ]
               },
               {
                 "name": "source_helper",
                 "version": "1.3.5",
                 "kind": "transitive",
                 "source": "hosted",
                 "dependencies": [
                   "analyzer",
                   "collection",
                   "source_gen"
                 ],
                 "directDependencies": [
                   "analyzer",
                   "collection",
                   "source_gen"
                 ]
               },
               {
                 "name": "riverpod_generator",
                 "version": "2.6.3",
                 "kind": "dev",
                 "source": "hosted",
                 "dependencies": [
                   "analyzer",
                   "build",
                   "build_config",
                   "collection",
                   "crypto",
                   "meta",
                   "path",
                   "riverpod_analyzer_utils",
                   "riverpod_annotation",
                   "source_gen"
                 ],
                 "directDependencies": [
                   "analyzer",
                   "build",
                   "build_config",
                   "collection",
                   "crypto",
                   "meta",
                   "path",
                   "riverpod_analyzer_utils",
                   "riverpod_annotation",
                   "source_gen"
                 ]
               },
               {
                 "name": "riverpod_annotation",
                 "version": "2.6.1",
                 "kind": "direct",
                 "source": "hosted",
                 "dependencies": [
                   "meta",
                   "riverpod"
                 ],
                 "directDependencies": [
                   "meta",
                   "riverpod"
                 ]
               },
               {
                 "name": "riverpod",
                 "version": "2.6.1",
                 "kind": "transitive",
                 "source": "hosted",
                 "dependencies": [
                   "collection",
                   "meta",
                   "stack_trace",
                   "state_notifier"
                 ],
                 "directDependencies": [
                   "collection",
                   "meta",
                   "stack_trace",
                   "state_notifier"
                 ]
               },
               {
                 "name": "state_notifier",
                 "version": "1.0.0",
                 "kind": "transitive",
                 "source": "hosted",
                 "dependencies": [
                   "meta"
                 ],
                 "directDependencies": [
                   "meta"
                 ]
               },
               {
                 "name": "riverpod_analyzer_utils",
                 "version": "0.5.8",
                 "kind": "transitive",
                 "source": "hosted",
                 "dependencies": [
                   "analyzer",
                   "collection",
                   "crypto",
                   "custom_lint_core",
                   "freezed_annotation",
                   "meta",
                   "path",
                   "source_span"
                 ],
                 "directDependencies": [
                   "analyzer",
                   "collection",
                   "crypto",
                   "custom_lint_core",
                   "freezed_annotation",
                   "meta",
                   "path",
                   "source_span"
                 ]
               },
               {
                 "name": "custom_lint_core",
                 "version": "0.7.0",
                 "kind": "transitive",
                 "source": "hosted",
                 "dependencies": [
                   "analyzer",
                   "analyzer_plugin",
                   "collection",
                   "custom_lint_visitor",
                   "glob",
                   "matcher",
                   "meta",
                   "package_config",
                   "path",
                   "pubspec_parse",
                   "source_span",
                   "uuid",
                   "yaml"
                 ],
                 "directDependencies": [
                   "analyzer",
                   "analyzer_plugin",
                   "collection",
                   "custom_lint_visitor",
                   "glob",
                   "matcher",
                   "meta",
                   "package_config",
                   "path",
                   "pubspec_parse",
                   "source_span",
                   "uuid",
                   "yaml"
                 ]
               },
               {
                 "name": "uuid",
                 "version": "4.5.1",
                 "kind": "transitive",
                 "source": "hosted",
                 "dependencies": [
                   "crypto",
                   "sprintf",
                   "meta",
                   "fixnum"
                 ],
                 "directDependencies": [
                   "crypto",
                   "sprintf",
                   "meta",
                   "fixnum"
                 ]
               },
               {
                 "name": "sprintf",
                 "version": "7.0.0",
                 "kind": "transitive",
                 "source": "hosted",
                 "dependencies": [],
                 "directDependencies": []
               },
               {
                 "name": "custom_lint_visitor",
                 "version": "1.0.0+6.11.0",
                 "kind": "transitive",
                 "source": "hosted",
                 "dependencies": [
                   "analyzer"
                 ],
                 "directDependencies": [
                   "analyzer"
                 ]
               },
               {
                 "name": "analyzer_plugin",
                 "version": "0.11.3",
                 "kind": "transitive",
                 "source": "hosted",
                 "dependencies": [
                   "analyzer",
                   "collection",
                   "dart_style",
                   "pub_semver",
                   "yaml"
                 ],
                 "directDependencies": [
                   "analyzer",
                   "collection",
                   "dart_style",
                   "pub_semver",
                   "yaml"
                 ]
               },
               {
                 "name": "build_runner",
                 "version": "2.4.13",
                 "kind": "dev",
                 "source": "hosted",
                 "dependencies": [
                   "analyzer",
                   "args",
                   "async",
                   "build",
                   "build_config",
                   "build_daemon",
                   "build_resolvers",
                   "build_runner_core",
                   "code_builder",
                   "collection",
                   "crypto",
                   "dart_style",
                   "frontend_server_client",
                   "glob",
                   "graphs",
                   "http_multi_server",
                   "io",
                   "js",
                   "logging",
                   "meta",
                   "mime",
                   "package_config",
                   "path",
                   "pool",
                   "pub_semver",
                   "pubspec_parse",
                   "shelf",
                   "shelf_web_socket",
                   "stack_trace",
                   "stream_transform",
                   "timing",
                   "watcher",
                   "web_socket_channel",
                   "yaml"
                 ],
                 "directDependencies": [
                   "analyzer",
                   "args",
                   "async",
                   "build",
                   "build_config",
                   "build_daemon",
                   "build_resolvers",
                   "build_runner_core",
                   "code_builder",
                   "collection",
                   "crypto",
                   "dart_style",
                   "frontend_server_client",
                   "glob",
                   "graphs",
                   "http_multi_server",
                   "io",
                   "js",
                   "logging",
                   "meta",
                   "mime",
                   "package_config",
                   "path",
                   "pool",
                   "pub_semver",
                   "pubspec_parse",
                   "shelf",
                   "shelf_web_socket",
                   "stack_trace",
                   "stream_transform",
                   "timing",
                   "watcher",
                   "web_socket_channel",
                   "yaml"
                 ]
               },
               {
                 "name": "web_socket_channel",
                 "version": "3.0.3",
                 "kind": "transitive",
                 "source": "hosted",
                 "dependencies": [
                   "async",
                   "crypto",
                   "stream_channel",
                   "web",
                   "web_socket"
                 ],
                 "directDependencies": [
                   "async",
                   "crypto",
                   "stream_channel",
                   "web",
                   "web_socket"
                 ]
               },
               {
                 "name": "web_socket",
                 "version": "1.0.1",
                 "kind": "transitive",
                 "source": "hosted",
                 "dependencies": [
                   "web"
                 ],
                 "directDependencies": [
                   "web"
                 ]
               },
               {
                 "name": "web",
                 "version": "1.1.1",
                 "kind": "transitive",
                 "source": "hosted",
                 "dependencies": [],
                 "directDependencies": []
               },
               {
                 "name": "timing",
                 "version": "1.0.2",
                 "kind": "transitive",
                 "source": "hosted",
                 "dependencies": [
                   "json_annotation"
                 ],
                 "directDependencies": [
                   "json_annotation"
                 ]
               },
               {
                 "name": "stream_transform",
                 "version": "2.1.1",
                 "kind": "transitive",
                 "source": "hosted",
                 "dependencies": [],
                 "directDependencies": []
               },
               {
                 "name": "shelf_web_socket",
                 "version": "2.0.1",
                 "kind": "transitive",
                 "source": "hosted",
                 "dependencies": [
                   "shelf",
                   "stream_channel",
                   "web_socket_channel"
                 ],
                 "directDependencies": [
                   "shelf",
                   "stream_channel",
                   "web_socket_channel"
                 ]
               },
               {
                 "name": "shelf",
                 "version": "1.4.1",
                 "kind": "transitive",
                 "source": "hosted",
                 "dependencies": [
                   "async",
                   "collection",
                   "http_parser",
                   "path",
                   "stack_trace",
                   "stream_channel"
                 ],
                 "directDependencies": [
                   "async",
                   "collection",
                   "http_parser",
                   "path",
                   "stack_trace",
                   "stream_channel"
                 ]
               },
               {
                 "name": "http_parser",
                 "version": "4.0.2",
                 "kind": "transitive",
                 "source": "hosted",
                 "dependencies": [
                   "collection",
                   "source_span",
                   "string_scanner",
                   "typed_data"
                 ],
                 "directDependencies": [
                   "collection",
                   "source_span",
                   "string_scanner",
                   "typed_data"
                 ]
               },
               {
                 "name": "pool",
                 "version": "1.5.1",
                 "kind": "transitive",
                 "source": "hosted",
                 "dependencies": [
                   "async",
                   "stack_trace"
                 ],
                 "directDependencies": [
                   "async",
                   "stack_trace"
                 ]
               },
               {
                 "name": "mime",
                 "version": "1.0.6",
                 "kind": "transitive",
                 "source": "hosted",
                 "dependencies": [],
                 "directDependencies": []
               },
               {
                 "name": "js",
                 "version": "0.6.7",
                 "kind": "transitive",
                 "source": "hosted",
                 "dependencies": [
                   "meta"
                 ],
                 "directDependencies": [
                   "meta"
                 ]
               },
               {
                 "name": "io",
                 "version": "1.0.5",
                 "kind": "transitive",
                 "source": "hosted",
                 "dependencies": [
                   "meta",
                   "path",
                   "string_scanner"
                 ],
                 "directDependencies": [
                   "meta",
                   "path",
                   "string_scanner"
                 ]
               },
               {
                 "name": "http_multi_server",
                 "version": "3.2.2",
                 "kind": "transitive",
                 "source": "hosted",
                 "dependencies": [
                   "async"
                 ],
                 "directDependencies": [
                   "async"
                 ]
               },
               {
                 "name": "graphs",
                 "version": "2.3.2",
                 "kind": "transitive",
                 "source": "hosted",
                 "dependencies": [
                   "collection"
                 ],
                 "directDependencies": [
                   "collection"
                 ]
               },
               {
                 "name": "frontend_server_client",
                 "version": "4.0.0",
                 "kind": "transitive",
                 "source": "hosted",
                 "dependencies": [
                   "async",
                   "path"
                 ],
                 "directDependencies": [
                   "async",
                   "path"
                 ]
               },
               {
                 "name": "build_runner_core",
                 "version": "7.3.2",
                 "kind": "transitive",
                 "source": "hosted",
                 "dependencies": [
                   "async",
                   "build",
                   "build_config",
                   "build_resolvers",
                   "collection",
                   "convert",
                   "crypto",
                   "glob",
                   "graphs",
                   "json_annotation",
                   "logging",
                   "meta",
                   "package_config",
                   "path",
                   "pool",
                   "timing",
                   "watcher",
                   "yaml"
                 ],
                 "directDependencies": [
                   "async",
                   "build",
                   "build_config",
                   "build_resolvers",
                   "collection",
                   "convert",
                   "crypto",
                   "glob",
                   "graphs",
                   "json_annotation",
                   "logging",
                   "meta",
                   "package_config",
                   "path",
                   "pool",
                   "timing",
                   "watcher",
                   "yaml"
                 ]
               },
               {
                 "name": "build_resolvers",
                 "version": "2.4.2",
                 "kind": "transitive",
                 "source": "hosted",
                 "dependencies": [
                   "analyzer",
                   "async",
                   "build",
                   "collection",
                   "convert",
                   "crypto",
                   "graphs",
                   "logging",
                   "package_config",
                   "path",
                   "pool",
                   "pub_semver",
                   "stream_transform",
                   "yaml"
                 ],
                 "directDependencies": [
                   "analyzer",
                   "async",
                   "build",
                   "collection",
                   "convert",
                   "crypto",
                   "graphs",
                   "logging",
                   "package_config",
                   "path",
                   "pool",
                   "pub_semver",
                   "stream_transform",
                   "yaml"
                 ]
               },
               {
                 "name": "build_daemon",
                 "version": "4.0.2",
                 "kind": "transitive",
                 "source": "hosted",
                 "dependencies": [
                   "built_collection",
                   "built_value",
                   "crypto",
                   "http_multi_server",
                   "logging",
                   "path",
                   "pool",
                   "shelf",
                   "shelf_web_socket",
                   "stream_transform",
                   "watcher",
                   "web_socket_channel"
                 ],
                 "directDependencies": [
                   "built_collection",
                   "built_value",
                   "crypto",
                   "http_multi_server",
                   "logging",
                   "path",
                   "pool",
                   "shelf",
                   "shelf_web_socket",
                   "stream_transform",
                   "watcher",
                   "web_socket_channel"
                 ]
               },
               {
                 "name": "flutter_lints",
                 "version": "3.0.2",
                 "kind": "dev",
                 "source": "hosted",
                 "dependencies": [
                   "lints"
                 ],
                 "directDependencies": [
                   "lints"
                 ]
               },
               {
                 "name": "lints",
                 "version": "3.0.0",
                 "kind": "transitive",
                 "source": "hosted",
                 "dependencies": [],
                 "directDependencies": []
               },
               {
                 "name": "mcp_toolkit",
                 "version": "0.2.3",
                 "kind": "direct",
                 "source": "hosted",
                 "dependencies": [
                   "collection",
                   "dart_mcp",
                   "equatable",
                   "flutter",
                   "from_json_to_json",
                   "is_dart_empty_or_not",
                   "universal_io"
                 ],
                 "directDependencies": [
                   "collection",
                   "dart_mcp",
                   "equatable",
                   "flutter",
                   "from_json_to_json",
                   "is_dart_empty_or_not",
                   "universal_io"
                 ]
               },
               {
                 "name": "universal_io",
                 "version": "2.2.2",
                 "kind": "transitive",
                 "source": "hosted",
                 "dependencies": [
                   "collection",
                   "meta",
                   "typed_data"
                 ],
                 "directDependencies": [
                   "collection",
                   "meta",
                   "typed_data"
                 ]
               },
               {
                 "name": "is_dart_empty_or_not",
                 "version": "0.2.3",
                 "kind": "transitive",
                 "source": "hosted",
                 "dependencies": [],
                 "directDependencies": []
               },
               {
                 "name": "from_json_to_json",
                 "version": "0.2.1",
                 "kind": "transitive",
                 "source": "hosted",
                 "dependencies": [
                   "collection",
                   "is_dart_empty_or_not"
                 ],
                 "directDependencies": [
                   "collection",
                   "is_dart_empty_or_not"
                 ]
               },
               {
                 "name": "equatable",
                 "version": "2.0.7",
                 "kind": "transitive",
                 "source": "hosted",
                 "dependencies": [
                   "collection",
                   "meta"
                 ],
                 "directDependencies": [
                   "collection",
                   "meta"
                 ]
               },
               {
                 "name": "dart_mcp",
                 "version": "0.2.2",
                 "kind": "transitive",
                 "source": "hosted",
                 "dependencies": [
                   "async",
                   "collection",
                   "json_rpc_2",
                   "meta",
                   "stream_channel",
                   "stream_transform"
                 ],
                 "directDependencies": [
                   "async",
                   "collection",
                   "json_rpc_2",
                   "meta",
                   "stream_channel",
                   "stream_transform"
                 ]
               },
               {
                 "name": "json_rpc_2",
                 "version": "4.0.0",
                 "kind": "transitive",
                 "source": "hosted",
                 "dependencies": [
                   "stack_trace",
                   "stream_channel"
                 ],
                 "directDependencies": [
                   "stack_trace",
                   "stream_channel"
                 ]
               },
               {
                 "name": "flutter_launcher_icons",
                 "version": "0.13.1",
                 "kind": "direct",
                 "source": "hosted",
                 "dependencies": [
                   "args",
                   "checked_yaml",
                   "cli_util",
                   "image",
                   "json_annotation",
                   "path",
                   "yaml"
                 ],
                 "directDependencies": [
                   "args",
                   "checked_yaml",
                   "cli_util",
                   "image",
                   "json_annotation",
                   "path",
                   "yaml"
                 ]
               },
               {
                 "name": "image",
                 "version": "4.3.0",
                 "kind": "transitive",
                 "source": "hosted",
                 "dependencies": [
                   "archive",
                   "meta",
                   "xml"
                 ],
                 "directDependencies": [
                   "archive",
                   "meta",
                   "xml"
                 ]
               },
               {
                 "name": "xml",
                 "version": "6.5.0",
                 "kind": "transitive",
                 "source": "hosted",
                 "dependencies": [
                   "collection",
                   "meta",
                   "petitparser"
                 ],
                 "directDependencies": [
                   "collection",
                   "meta",
                   "petitparser"
                 ]
               },
               {
                 "name": "petitparser",
                 "version": "6.0.2",
                 "kind": "transitive",
                 "source": "hosted",
                 "dependencies": [
                   "meta"
                 ],
                 "directDependencies": [
                   "meta"
                 ]
               },
               {
                 "name": "archive",
                 "version": "3.6.1",
                 "kind": "transitive",
                 "source": "hosted",
                 "dependencies": [
                   "crypto",
                   "path"
                 ],
                 "directDependencies": [
                   "crypto",
                   "path"
                 ]
               },
               {
                 "name": "cli_util",
                 "version": "0.4.2",
                 "kind": "transitive",
                 "source": "hosted",
                 "dependencies": [
                   "meta",
                   "path"
                 ],
                 "directDependencies": [
                   "meta",
                   "path"
                 ]
               },
               {
                 "name": "cupertino_icons",
                 "version": "1.0.8",
                 "kind": "direct",
                 "source": "hosted",
                 "dependencies": [],
                 "directDependencies": []
               },
               {
                 "name": "flutter_markdown",
                 "version": "0.7.7+1",
                 "kind": "direct",
                 "source": "hosted",
                 "dependencies": [
                   "flutter",
                   "markdown",
                   "meta",
                   "path"
                 ],
                 "directDependencies": [
                   "flutter",
                   "markdown",
                   "meta",
                   "path"
                 ]
               },
               {
                 "name": "markdown",
                 "version": "7.3.0",
                 "kind": "transitive",
                 "source": "hosted",
                 "dependencies": [
                   "args",
                   "meta"
                 ],
                 "directDependencies": [
                   "args",
                   "meta"
                 ]
               },
               {
                 "name": "image_cropper",
                 "version": "9.1.0",
                 "kind": "direct",
                 "source": "hosted",
                 "dependencies": [
                   "flutter",
                   "image_cropper_platform_interface",
                   "image_cropper_for_web"
                 ],
                 "directDependencies": [
                   "flutter",
                   "image_cropper_platform_interface",
                   "image_cropper_for_web"
                 ]
               },
               {
                 "name": "image_cropper_for_web",
                 "version": "6.1.0",
                 "kind": "transitive",
                 "source": "hosted",
                 "dependencies": [
                   "flutter",
                   "flutter_web_plugins",
                   "image_cropper_platform_interface",
                   "web"
                 ],
                 "directDependencies": [
                   "flutter",
                   "flutter_web_plugins",
                   "image_cropper_platform_interface",
                   "web"
                 ]
               },
               {
                 "name": "image_cropper_platform_interface",
                 "version": "7.1.0",
                 "kind": "transitive",
                 "source": "hosted",
                 "dependencies": [
                   "flutter",
                   "plugin_platform_interface",
                   "http"
                 ],
                 "directDependencies": [
                   "flutter",
                   "plugin_platform_interface",
                   "http"
                 ]
               },
               {
                 "name": "http",
                 "version": "1.4.0",
                 "kind": "transitive",
                 "source": "hosted",
                 "dependencies": [
                   "async",
                   "http_parser",
                   "meta",
                   "web"
                 ],
                 "directDependencies": [
                   "async",
                   "http_parser",
                   "meta",
                   "web"
                 ]
               },
               {
                 "name": "plugin_platform_interface",
                 "version": "2.1.8",
                 "kind": "transitive",
                 "source": "hosted",
                 "dependencies": [
                   "meta"
                 ],
                 "directDependencies": [
                   "meta"
                 ]
               },
               {
                 "name": "flutter_web_plugins",
                 "version": "0.0.0",
                 "kind": "transitive",
                 "source": "sdk",
                 "dependencies": [
                   "flutter",
                   "characters",
                   "collection",
                   "material_color_utilities",
                   "meta",
                   "vector_math"
                 ],
                 "directDependencies": [
                   "flutter",
                   "characters",
                   "collection",
                   "material_color_utilities",
                   "meta",
                   "vector_math"
                 ]
               },
               {
                 "name": "image_picker",
                 "version": "1.1.2",
                 "kind": "direct",
                 "source": "hosted",
                 "dependencies": [
                   "flutter",
                   "image_picker_android",
                   "image_picker_for_web",
                   "image_picker_ios",
                   "image_picker_linux",
                   "image_picker_macos",
                   "image_picker_platform_interface",
                   "image_picker_windows"
                 ],
                 "directDependencies": [
                   "flutter",
                   "image_picker_android",
                   "image_picker_for_web",
                   "image_picker_ios",
                   "image_picker_linux",
                   "image_picker_macos",
                   "image_picker_platform_interface",
                   "image_picker_windows"
                 ]
               },
               {
                 "name": "image_picker_windows",
                 "version": "0.2.1+1",
                 "kind": "transitive",
                 "source": "hosted",
                 "dependencies": [
                   "file_selector_platform_interface",
                   "file_selector_windows",
                   "flutter",
                   "image_picker_platform_interface"
                 ],
                 "directDependencies": [
                   "file_selector_platform_interface",
                   "file_selector_windows",
                   "flutter",
                   "image_picker_platform_interface"
                 ]
               },
               {
                 "name": "image_picker_platform_interface",
                 "version": "2.10.1",
                 "kind": "transitive",
                 "source": "hosted",
                 "dependencies": [
                   "cross_file",
                   "flutter",
                   "http",
                   "plugin_platform_interface"
                 ],
                 "directDependencies": [
                   "cross_file",
                   "flutter",
                   "http",
                   "plugin_platform_interface"
                 ]
               },
               {
                 "name": "cross_file",
                 "version": "0.3.4+2",
                 "kind": "transitive",
                 "source": "hosted",
                 "dependencies": [
                   "meta",
                   "web"
                 ],
                 "directDependencies": [
                   "meta",
                   "web"
                 ]
               },
               {
                 "name": "file_selector_windows",
                 "version": "0.9.3+4",
                 "kind": "transitive",
                 "source": "hosted",
                 "dependencies": [
                   "cross_file",
                   "file_selector_platform_interface",
                   "flutter"
                 ],
                 "directDependencies": [
                   "cross_file",
                   "file_selector_platform_interface",
                   "flutter"
                 ]
               },
               {
                 "name": "file_selector_platform_interface",
                 "version": "2.6.2",
                 "kind": "transitive",
                 "source": "hosted",
                 "dependencies": [
                   "cross_file",
                   "flutter",
                   "http",
                   "plugin_platform_interface"
                 ],
                 "directDependencies": [
                   "cross_file",
                   "flutter",
                   "http",
                   "plugin_platform_interface"
                 ]
               },
               {
                 "name": "image_picker_macos",
                 "version": "0.2.1+2",
                 "kind": "transitive",
                 "source": "hosted",
                 "dependencies": [
                   "file_selector_macos",
                   "file_selector_platform_interface",
                   "flutter",
                   "image_picker_platform_interface"
                 ],
                 "directDependencies": [
                   "file_selector_macos",
                   "file_selector_platform_interface",
                   "flutter",
                   "image_picker_platform_interface"
                 ]
               },
               {
                 "name": "file_selector_macos",
                 "version": "0.9.4+2",
                 "kind": "transitive",
                 "source": "hosted",
                 "dependencies": [
                   "cross_file",
                   "file_selector_platform_interface",
                   "flutter"
                 ],
                 "directDependencies": [
                   "cross_file",
                   "file_selector_platform_interface",
                   "flutter"
                 ]
               },
               {
                 "name": "image_picker_linux",
                 "version": "0.2.1+2",
                 "kind": "transitive",
                 "source": "hosted",
                 "dependencies": [
                   "file_selector_linux",
                   "file_selector_platform_interface",
                   "flutter",
                   "image_picker_platform_interface"
                 ],
                 "directDependencies": [
                   "file_selector_linux",
                   "file_selector_platform_interface",
                   "flutter",
                   "image_picker_platform_interface"
                 ]
               },
               {
                 "name": "file_selector_linux",
                 "version": "0.9.3+2",
                 "kind": "transitive",
                 "source": "hosted",
                 "dependencies": [
                   "cross_file",
                   "file_selector_platform_interface",
                   "flutter"
                 ],
                 "directDependencies": [
                   "cross_file",
                   "file_selector_platform_interface",
                   "flutter"
                 ]
               },
               {
                 "name": "image_picker_ios",
                 "version": "0.8.12+2",
                 "kind": "transitive",
                 "source": "hosted",
                 "dependencies": [
                   "flutter",
                   "image_picker_platform_interface"
                 ],
                 "directDependencies": [
                   "flutter",
                   "image_picker_platform_interface"
                 ]
               },
               {
                 "name": "image_picker_for_web",
                 "version": "3.0.6",
                 "kind": "transitive",
                 "source": "hosted",
                 "dependencies": [
                   "flutter",
                   "flutter_web_plugins",
                   "image_picker_platform_interface",
                   "mime",
                   "web"
                 ],
                 "directDependencies": [
                   "flutter",
                   "flutter_web_plugins",
                   "image_picker_platform_interface",
                   "mime",
                   "web"
                 ]
               },
               {
                 "name": "image_picker_android",
                 "version": "0.8.12+21",
                 "kind": "transitive",
                 "source": "hosted",
                 "dependencies": [
                   "flutter",
                   "flutter_plugin_android_lifecycle",
                   "image_picker_platform_interface"
                 ],
                 "directDependencies": [
                   "flutter",
                   "flutter_plugin_android_lifecycle",
                   "image_picker_platform_interface"
                 ]
               },
               {
                 "name": "flutter_plugin_android_lifecycle",
                 "version": "2.0.26",
                 "kind": "transitive",
                 "source": "hosted",
                 "dependencies": [
                   "flutter"
                 ],
                 "directDependencies": [
                   "flutter"
                 ]
               },
               {
                 "name": "logger",
                 "version": "2.6.0",
                 "kind": "direct",
                 "source": "hosted",
                 "dependencies": [],
                 "directDependencies": []
               },
               {
                 "name": "flutter_dotenv",
                 "version": "5.2.1",
                 "kind": "direct",
                 "source": "hosted",
                 "dependencies": [
                   "flutter"
                 ],
                 "directDependencies": [
                   "flutter"
                 ]
               },
               {
                 "name": "pretty_dio_logger",
                 "version": "1.4.0",
                 "kind": "direct",
                 "source": "hosted",
                 "dependencies": [
                   "dio"
                 ],
                 "directDependencies": [
                   "dio"
                 ]
               },
               {
                 "name": "dio",
                 "version": "5.8.0+1",
                 "kind": "direct",
                 "source": "hosted",
                 "dependencies": [
                   "async",
                   "collection",
                   "http_parser",
                   "meta",
                   "path",
                   "dio_web_adapter"
                 ],
                 "directDependencies": [
                   "async",
                   "collection",
                   "http_parser",
                   "meta",
                   "path",
                   "dio_web_adapter"
                 ]
               },
               {
                 "name": "dio_web_adapter",
                 "version": "2.1.1",
                 "kind": "transitive",
                 "source": "hosted",
                 "dependencies": [
                   "dio",
                   "http_parser",
                   "meta",
                   "web"
                 ],
                 "directDependencies": [
                   "dio",
                   "http_parser",
                   "meta",
                   "web"
                 ]
               },
               {
                 "name": "flutter_datetime_picker_plus",
                 "version": "2.2.0",
                 "kind": "direct",
                 "source": "hosted",
                 "dependencies": [
                   "flutter"
                 ],
                 "directDependencies": [
                   "flutter"
                 ]
               },
               {
                 "name": "table_calendar",
                 "version": "3.2.0",
                 "kind": "direct",
                 "source": "hosted",
                 "dependencies": [
                   "flutter",
                   "intl",
                   "simple_gesture_detector"
                 ],
                 "directDependencies": [
                   "flutter",
                   "intl",
                   "simple_gesture_detector"
                 ]
               },
               {
                 "name": "simple_gesture_detector",
                 "version": "0.2.1",
                 "kind": "transitive",
                 "source": "hosted",
                 "dependencies": [
                   "flutter"
                 ],
                 "directDependencies": [
                   "flutter"
                 ]
               },
               {
                 "name": "intl",
                 "version": "0.20.2",
                 "kind": "direct",
                 "source": "hosted",
                 "dependencies": [
                   "clock",
                   "meta",
                   "path"
                 ],
                 "directDependencies": [
                   "clock",
                   "meta",
                   "path"
                 ]
               },
               {
                 "name": "permission_handler",
                 "version": "11.4.0",
                 "kind": "direct",
                 "source": "hosted",
                 "dependencies": [
                   "flutter",
                   "meta",
                   "permission_handler_android",
                   "permission_handler_apple",
                   "permission_handler_html",
                   "permission_handler_windows",
                   "permission_handler_platform_interface"
                 ],
                 "directDependencies": [
                   "flutter",
                   "meta",
                   "permission_handler_android",
                   "permission_handler_apple",
                   "permission_handler_html",
                   "permission_handler_windows",
                   "permission_handler_platform_interface"
                 ]
               },
               {
                 "name": "permission_handler_platform_interface",
                 "version": "4.3.0",
                 "kind": "transitive",
                 "source": "hosted",
                 "dependencies": [
                   "flutter",
                   "meta",
                   "plugin_platform_interface"
                 ],
                 "directDependencies": [
                   "flutter",
                   "meta",
                   "plugin_platform_interface"
                 ]
               },
               {
                 "name": "permission_handler_windows",
                 "version": "0.2.1",
                 "kind": "transitive",
                 "source": "hosted",
                 "dependencies": [
                   "flutter",
                   "permission_handler_platform_interface"
                 ],
                 "directDependencies": [
                   "flutter",
                   "permission_handler_platform_interface"
                 ]
               },
               {
                 "name": "permission_handler_html",
                 "version": "0.1.3+5",
                 "kind": "transitive",
                 "source": "hosted",
                 "dependencies": [
                   "flutter",
                   "flutter_web_plugins",
                   "permission_handler_platform_interface",
                   "web"
                 ],
                 "directDependencies": [
                   "flutter",
                   "flutter_web_plugins",
                   "permission_handler_platform_interface",
                   "web"
                 ]
               },
               {
                 "name": "permission_handler_apple",
                 "version": "9.4.7",
                 "kind": "transitive",
                 "source": "hosted",
                 "dependencies": [
                   "flutter",
                   "permission_handler_platform_interface"
                 ],
                 "directDependencies": [
                   "flutter",
                   "permission_handler_platform_interface"
                 ]
               },
               {
                 "name": "permission_handler_android",
                 "version": "12.1.0",
                 "kind": "transitive",
                 "source": "hosted",
                 "dependencies": [
                   "flutter",
                   "permission_handler_platform_interface"
                 ],
                 "directDependencies": [
                   "flutter",
                   "permission_handler_platform_interface"
                 ]
               },
               {
                 "name": "package_info_plus",
                 "version": "4.2.0",
                 "kind": "direct",
                 "source": "hosted",
                 "dependencies": [
                   "ffi",
                   "flutter",
                   "flutter_web_plugins",
                   "http",
                   "meta",
                   "path",
                   "package_info_plus_platform_interface",
                   "win32"
                 ],
                 "directDependencies": [
                   "ffi",
                   "flutter",
                   "flutter_web_plugins",
                   "http",
                   "meta",
                   "path",
                   "package_info_plus_platform_interface",
                   "win32"
                 ]
               },
               {
                 "name": "win32",
                 "version": "5.10.1",
                 "kind": "transitive",
                 "source": "hosted",
                 "dependencies": [
                   "ffi"
                 ],
                 "directDependencies": [
                   "ffi"
                 ]
               },
               {
                 "name": "ffi",
                 "version": "2.1.3",
                 "kind": "transitive",
                 "source": "hosted",
                 "dependencies": [],
                 "directDependencies": []
               },
               {
                 "name": "package_info_plus_platform_interface",
                 "version": "2.0.1",
                 "kind": "transitive",
                 "source": "hosted",
                 "dependencies": [
                   "flutter",
                   "meta",
                   "plugin_platform_interface"
                 ],
                 "directDependencies": [
                   "flutter",
                   "meta",
                   "plugin_platform_interface"
                 ]
               },
               {
                 "name": "device_info_plus",
                 "version": "9.1.2",
                 "kind": "direct",
                 "source": "hosted",
                 "dependencies": [
                   "device_info_plus_platform_interface",
                   "ffi",
                   "file",
                   "flutter",
                   "flutter_web_plugins",
                   "meta",
                   "win32",
                   "win32_registry"
                 ],
                 "directDependencies": [
                   "device_info_plus_platform_interface",
                   "ffi",
                   "file",
                   "flutter",
                   "flutter_web_plugins",
                   "meta",
                   "win32",
                   "win32_registry"
                 ]
               },
               {
                 "name": "win32_registry",
                 "version": "1.1.5",
                 "kind": "transitive",
                 "source": "hosted",
                 "dependencies": [
                   "ffi",
                   "win32"
                 ],
                 "directDependencies": [
                   "ffi",
                   "win32"
                 ]
               },
               {
                 "name": "device_info_plus_platform_interface",
                 "version": "7.0.2",
                 "kind": "transitive",
                 "source": "hosted",
                 "dependencies": [
                   "flutter",
                   "meta",
                   "plugin_platform_interface"
                 ],
                 "directDependencies": [
                   "flutter",
                   "meta",
                   "plugin_platform_interface"
                 ]
               },
               {
                 "name": "connectivity_plus",
                 "version": "5.0.2",
                 "kind": "direct",
                 "source": "hosted",
                 "dependencies": [
                   "flutter",
                   "flutter_web_plugins",
                   "connectivity_plus_platform_interface",
                   "js",
                   "meta",
                   "nm"
                 ],
                 "directDependencies": [
                   "flutter",
                   "flutter_web_plugins",
                   "connectivity_plus_platform_interface",
                   "js",
                   "meta",
                   "nm"
                 ]
               },
               {
                 "name": "nm",
                 "version": "0.5.0",
                 "kind": "transitive",
                 "source": "hosted",
                 "dependencies": [
                   "dbus"
                 ],
                 "directDependencies": [
                   "dbus"
                 ]
               },
               {
                 "name": "dbus",
                 "version": "0.7.11",
                 "kind": "transitive",
                 "source": "hosted",
                 "dependencies": [
                   "args",
                   "ffi",
                   "meta",
                   "xml"
                 ],
                 "directDependencies": [
                   "args",
                   "ffi",
                   "meta",
                   "xml"
                 ]
               },
               {
                 "name": "connectivity_plus_platform_interface",
                 "version": "1.2.4",
                 "kind": "transitive",
                 "source": "hosted",
                 "dependencies": [
                   "flutter",
                   "meta",
                   "plugin_platform_interface"
                 ],
                 "directDependencies": [
                   "flutter",
                   "meta",
                   "plugin_platform_interface"
                 ]
               },
               {
                 "name": "share_plus",
                 "version": "7.2.2",
                 "kind": "direct",
                 "source": "hosted",
                 "dependencies": [
                   "cross_file",
                   "meta",
                   "mime",
                   "flutter",
                   "flutter_web_plugins",
                   "share_plus_platform_interface",
                   "file",
                   "url_launcher_web",
                   "url_launcher_windows",
                   "url_launcher_linux",
                   "url_launcher_platform_interface",
                   "ffi",
                   "win32"
                 ],
                 "directDependencies": [
                   "cross_file",
                   "meta",
                   "mime",
                   "flutter",
                   "flutter_web_plugins",
                   "share_plus_platform_interface",
                   "file",
                   "url_launcher_web",
                   "url_launcher_windows",
                   "url_launcher_linux",
                   "url_launcher_platform_interface",
                   "ffi",
                   "win32"
                 ]
               },
               {
                 "name": "url_launcher_platform_interface",
                 "version": "2.3.2",
                 "kind": "transitive",
                 "source": "hosted",
                 "dependencies": [
                   "flutter",
                   "plugin_platform_interface"
                 ],
                 "directDependencies": [
                   "flutter",
                   "plugin_platform_interface"
                 ]
               },
               {
                 "name": "url_launcher_linux",
                 "version": "3.2.1",
                 "kind": "transitive",
                 "source": "hosted",
                 "dependencies": [
                   "flutter",
                   "url_launcher_platform_interface"
                 ],
                 "directDependencies": [
                   "flutter",
                   "url_launcher_platform_interface"
                 ]
               },
               {
                 "name": "url_launcher_windows",
                 "version": "3.1.4",
                 "kind": "transitive",
                 "source": "hosted",
                 "dependencies": [
                   "flutter",
                   "url_launcher_platform_interface"
                 ],
                 "directDependencies": [
                   "flutter",
                   "url_launcher_platform_interface"
                 ]
               },
               {
                 "name": "url_launcher_web",
                 "version": "2.3.3",
                 "kind": "transitive",
                 "source": "hosted",
                 "dependencies": [
                   "flutter",
                   "flutter_web_plugins",
                   "url_launcher_platform_interface",
                   "web"
                 ],
                 "directDependencies": [
                   "flutter",
                   "flutter_web_plugins",
                   "url_launcher_platform_interface",
                   "web"
                 ]
               },
               {
                 "name": "share_plus_platform_interface",
                 "version": "3.4.0",
                 "kind": "transitive",
                 "source": "hosted",
                 "dependencies": [
                   "cross_file",
                   "flutter",
                   "meta",
                   "mime",
                   "plugin_platform_interface",
                   "path_provider",
                   "uuid"
                 ],
                 "directDependencies": [
                   "cross_file",
                   "flutter",
                   "meta",
                   "mime",
                   "plugin_platform_interface",
                   "path_provider",
                   "uuid"
                 ]
               },
               {
                 "name": "path_provider",
                 "version": "2.1.5",
                 "kind": "transitive",
                 "source": "hosted",
                 "dependencies": [
                   "flutter",
                   "path_provider_android",
                   "path_provider_foundation",
                   "path_provider_linux",
                   "path_provider_platform_interface",
                   "path_provider_windows"
                 ],
                 "directDependencies": [
                   "flutter",
                   "path_provider_android",
                   "path_provider_foundation",
                   "path_provider_linux",
                   "path_provider_platform_interface",
                   "path_provider_windows"
                 ]
               },
               {
                 "name": "path_provider_windows",
                 "version": "2.3.0",
                 "kind": "transitive",
                 "source": "hosted",
                 "dependencies": [
                   "ffi",
                   "flutter",
                   "path",
                   "path_provider_platform_interface"
                 ],
                 "directDependencies": [
                   "ffi",
                   "flutter",
                   "path",
                   "path_provider_platform_interface"
                 ]
               },
               {
                 "name": "path_provider_platform_interface",
                 "version": "2.1.2",
                 "kind": "transitive",
                 "source": "hosted",
                 "dependencies": [
                   "flutter",
                   "platform",
                   "plugin_platform_interface"
                 ],
                 "directDependencies": [
                   "flutter",
                   "platform",
                   "plugin_platform_interface"
                 ]
               },
               {
                 "name": "path_provider_linux",
                 "version": "2.2.1",
                 "kind": "transitive",
                 "source": "hosted",
                 "dependencies": [
                   "ffi",
                   "flutter",
                   "path",
                   "path_provider_platform_interface",
                   "xdg_directories"
                 ],
                 "directDependencies": [
                   "ffi",
                   "flutter",
                   "path",
                   "path_provider_platform_interface",
                   "xdg_directories"
                 ]
               },
               {
                 "name": "xdg_directories",
                 "version": "1.1.0",
                 "kind": "transitive",
                 "source": "hosted",
                 "dependencies": [
                   "meta",
                   "path"
                 ],
                 "directDependencies": [
                   "meta",
                   "path"
                 ]
               },
               {
                 "name": "path_provider_foundation",
                 "version": "2.4.1",
                 "kind": "transitive",
                 "source": "hosted",
                 "dependencies": [
                   "flutter",
                   "path_provider_platform_interface"
                 ],
                 "directDependencies": [
                   "flutter",
                   "path_provider_platform_interface"
                 ]
               },
               {
                 "name": "path_provider_android",
                 "version": "2.2.15",
                 "kind": "transitive",
                 "source": "hosted",
                 "dependencies": [
                   "flutter",
                   "path_provider_platform_interface"
                 ],
                 "directDependencies": [
                   "flutter",
                   "path_provider_platform_interface"
                 ]
               },
               {
                 "name": "url_launcher",
                 "version": "6.3.1",
                 "kind": "direct",
                 "source": "hosted",
                 "dependencies": [
                   "flutter",
                   "url_launcher_android",
                   "url_launcher_ios",
                   "url_launcher_linux",
                   "url_launcher_macos",
                   "url_launcher_platform_interface",
                   "url_launcher_web",
                   "url_launcher_windows"
                 ],
                 "directDependencies": [
                   "flutter",
                   "url_launcher_android",
                   "url_launcher_ios",
                   "url_launcher_linux",
                   "url_launcher_macos",
                   "url_launcher_platform_interface",
                   "url_launcher_web",
                   "url_launcher_windows"
                 ]
               },
               {
                 "name": "url_launcher_macos",
                 "version": "3.2.2",
                 "kind": "transitive",
                 "source": "hosted",
                 "dependencies": [
                   "flutter",
                   "url_launcher_platform_interface"
                 ],
                 "directDependencies": [
                   "flutter",
                   "url_launcher_platform_interface"
                 ]
               },
               {
                 "name": "url_launcher_ios",
                 "version": "6.3.3",
                 "kind": "transitive",
                 "source": "hosted",
                 "dependencies": [
                   "flutter",
                   "url_launcher_platform_interface"
                 ],
                 "directDependencies": [
                   "flutter",
                   "url_launcher_platform_interface"
                 ]
               },
               {
                 "name": "url_launcher_android",
                 "version": "6.3.14",
                 "kind": "transitive",
                 "source": "hosted",
                 "dependencies": [
                   "flutter",
                   "url_launcher_platform_interface"
                 ],
                 "directDependencies": [
                   "flutter",
                   "url_launcher_platform_interface"
                 ]
               },
               {
                 "name": "local_auth",
                 "version": "2.3.0",
                 "kind": "direct",
                 "source": "hosted",
                 "dependencies": [
                   "flutter",
                   "local_auth_android",
                   "local_auth_darwin",
                   "local_auth_platform_interface",
                   "local_auth_windows"
                 ],
                 "directDependencies": [
                   "flutter",
                   "local_auth_android",
                   "local_auth_darwin",
                   "local_auth_platform_interface",
                   "local_auth_windows"
                 ]
               },
               {
                 "name": "local_auth_windows",
                 "version": "1.0.11",
                 "kind": "transitive",
                 "source": "hosted",
                 "dependencies": [
                   "flutter",
                   "local_auth_platform_interface"
                 ],
                 "directDependencies": [
                   "flutter",
                   "local_auth_platform_interface"
                 ]
               },
               {
                 "name": "local_auth_platform_interface",
                 "version": "1.0.10",
                 "kind": "transitive",
                 "source": "hosted",
                 "dependencies": [
                   "flutter",
                   "plugin_platform_interface"
                 ],
                 "directDependencies": [
                   "flutter",
                   "plugin_platform_interface"
                 ]
               },
               {
                 "name": "local_auth_darwin",
                 "version": "1.4.3",
                 "kind": "transitive",
                 "source": "hosted",
                 "dependencies": [
                   "flutter",
                   "intl",
                   "local_auth_platform_interface"
                 ],
                 "directDependencies": [
                   "flutter",
                   "intl",
                   "local_auth_platform_interface"
                 ]
               },
               {
                 "name": "local_auth_android",
                 "version": "1.0.47",
                 "kind": "transitive",
                 "source": "hosted",
                 "dependencies": [
                   "flutter",
                   "flutter_plugin_android_lifecycle",
                   "intl",
                   "local_auth_platform_interface"
                 ],
                 "directDependencies": [
                   "flutter",
                   "flutter_plugin_android_lifecycle",
                   "intl",
                   "local_auth_platform_interface"
                 ]
               },
               {
                 "name": "chewie",
                 "version": "1.7.5",
                 "kind": "direct",
                 "source": "hosted",
                 "dependencies": [
                   "cupertino_icons",
                   "flutter",
                   "provider",
                   "video_player",
                   "wakelock_plus"
                 ],
                 "directDependencies": [
                   "cupertino_icons",
                   "flutter",
                   "provider",
                   "video_player",
                   "wakelock_plus"
                 ]
               },
               {
                 "name": "wakelock_plus",
                 "version": "1.1.4",
                 "kind": "transitive",
                 "source": "hosted",
                 "dependencies": [
                   "flutter",
                   "flutter_web_plugins",
                   "meta",
                   "wakelock_plus_platform_interface",
                   "win32",
                   "dbus",
                   "package_info_plus",
                   "js"
                 ],
                 "directDependencies": [
                   "flutter",
                   "flutter_web_plugins",
                   "meta",
                   "wakelock_plus_platform_interface",
                   "win32",
                   "dbus",
                   "package_info_plus",
                   "js"
                 ]
               },
               {
                 "name": "wakelock_plus_platform_interface",
                 "version": "1.2.3",
                 "kind": "transitive",
                 "source": "hosted",
                 "dependencies": [
                   "flutter",
                   "plugin_platform_interface",
                   "meta"
                 ],
                 "directDependencies": [
                   "flutter",
                   "plugin_platform_interface",
                   "meta"
                 ]
               },
               {
                 "name": "video_player",
                 "version": "2.9.5",
                 "kind": "direct",
                 "source": "hosted",
                 "dependencies": [
                   "flutter",
                   "html",
                   "video_player_android",
                   "video_player_avfoundation",
                   "video_player_platform_interface",
                   "video_player_web"
                 ],
                 "directDependencies": [
                   "flutter",
                   "html",
                   "video_player_android",
                   "video_player_avfoundation",
                   "video_player_platform_interface",
                   "video_player_web"
                 ]
               },
               {
                 "name": "video_player_web",
                 "version": "2.3.5",
                 "kind": "transitive",
                 "source": "hosted",
                 "dependencies": [
                   "flutter",
                   "flutter_web_plugins",
                   "video_player_platform_interface",
                   "web"
                 ],
                 "directDependencies": [
                   "flutter",
                   "flutter_web_plugins",
                   "video_player_platform_interface",
                   "web"
                 ]
               },
               {
                 "name": "video_player_platform_interface",
                 "version": "6.3.0",
                 "kind": "transitive",
                 "source": "hosted",
                 "dependencies": [
                   "flutter",
                   "plugin_platform_interface"
                 ],
                 "directDependencies": [
                   "flutter",
                   "plugin_platform_interface"
                 ]
               },
               {
                 "name": "video_player_avfoundation",
                 "version": "2.7.1",
                 "kind": "transitive",
                 "source": "hosted",
                 "dependencies": [
                   "flutter",
                   "video_player_platform_interface"
                 ],
                 "directDependencies": [
                   "flutter",
                   "video_player_platform_interface"
                 ]
               },
               {
                 "name": "video_player_android",
                 "version": "2.7.16",
                 "kind": "transitive",
                 "source": "hosted",
                 "dependencies": [
                   "flutter",
                   "video_player_platform_interface"
                 ],
                 "directDependencies": [
                   "flutter",
                   "video_player_platform_interface"
                 ]
               },
               {
                 "name": "html",
                 "version": "0.15.6",
                 "kind": "transitive",
                 "source": "hosted",
                 "dependencies": [
                   "csslib",
                   "source_span"
                 ],
                 "directDependencies": [
                   "csslib",
                   "source_span"
                 ]
               },
               {
                 "name": "csslib",
                 "version": "1.0.2",
                 "kind": "transitive",
                 "source": "hosted",
                 "dependencies": [
                   "source_span"
                 ],
                 "directDependencies": [
                   "source_span"
                 ]
               },
               {
                 "name": "provider",
                 "version": "6.1.5",
                 "kind": "transitive",
                 "source": "hosted",
                 "dependencies": [
                   "collection",
                   "flutter",
                   "nested"
                 ],
                 "directDependencies": [
                   "collection",
                   "flutter",
                   "nested"
                 ]
               },
               {
                 "name": "nested",
                 "version": "1.0.0",
                 "kind": "transitive",
                 "source": "hosted",
                 "dependencies": [
                   "flutter"
                 ],
                 "directDependencies": [
                   "flutter"
                 ]
               },
               {
                 "name": "form_builder_validators",
                 "version": "11.2.0",
                 "kind": "direct",
                 "source": "hosted",
                 "dependencies": [
                   "flutter",
                   "flutter_localizations",
                   "intl"
                 ],
                 "directDependencies": [
                   "flutter",
                   "flutter_localizations",
                   "intl"
                 ]
               },
               {
                 "name": "flutter_localizations",
                 "version": "0.0.0",
                 "kind": "direct",
                 "source": "sdk",
                 "dependencies": [
                   "flutter",
                   "intl",
                   "characters",
                   "clock",
                   "collection",
                   "material_color_utilities",
                   "meta",
                   "path",
                   "vector_math"
                 ],
                 "directDependencies": [
                   "flutter",
                   "intl",
                   "characters",
                   "clock",
                   "collection",
                   "material_color_utilities",
                   "meta",
                   "path",
                   "vector_math"
                 ]
               },
               {
                 "name": "flutter_form_builder",
                 "version": "10.1.0",
                 "kind": "direct",
                 "source": "hosted",
                 "dependencies": [
                   "flutter",
                   "intl"
                 ],
                 "directDependencies": [
                   "flutter",
                   "intl"
                 ]
               },
               {
                 "name": "lottie",
                 "version": "2.7.0",
                 "kind": "direct",
                 "source": "hosted",
                 "dependencies": [
                   "archive",
                   "flutter",
                   "path",
                   "vector_math"
                 ],
                 "directDependencies": [
                   "archive",
                   "flutter",
                   "path",
                   "vector_math"
                 ]
               },
               {
                 "name": "flutter_svg",
                 "version": "2.1.0",
                 "kind": "direct",
                 "source": "hosted",
                 "dependencies": [
                   "flutter",
                   "http",
                   "vector_graphics",
                   "vector_graphics_codec",
                   "vector_graphics_compiler"
                 ],
                 "directDependencies": [
                   "flutter",
                   "http",
                   "vector_graphics",
                   "vector_graphics_codec",
                   "vector_graphics_compiler"
                 ]
               },
               {
                 "name": "vector_graphics_compiler",
                 "version": "1.1.16",
                 "kind": "transitive",
                 "source": "hosted",
                 "dependencies": [
                   "args",
                   "meta",
                   "path",
                   "path_parsing",
                   "vector_graphics_codec",
                   "xml"
                 ],
                 "directDependencies": [
                   "args",
                   "meta",
                   "path",
                   "path_parsing",
                   "vector_graphics_codec",
                   "xml"
                 ]
               },
               {
                 "name": "vector_graphics_codec",
                 "version": "1.1.13",
                 "kind": "transitive",
                 "source": "hosted",
                 "dependencies": [],
                 "directDependencies": []
               },
               {
                 "name": "path_parsing",
                 "version": "1.1.0",
                 "kind": "transitive",
                 "source": "hosted",
                 "dependencies": [
                   "meta",
                   "vector_math"
                 ],
                 "directDependencies": [
                   "meta",
                   "vector_math"
                 ]
               },
               {
                 "name": "vector_graphics",
                 "version": "1.1.18",
                 "kind": "transitive",
                 "source": "hosted",
                 "dependencies": [
                   "flutter",
                   "http",
                   "vector_graphics_codec"
                 ],
                 "directDependencies": [
                   "flutter",
                   "http",
                   "vector_graphics_codec"
                 ]
               },
               {
                 "name": "shimmer",
                 "version": "3.0.0",
                 "kind": "direct",
                 "source": "hosted",
                 "dependencies": [
                   "flutter"
                 ],
                 "directDependencies": [
                   "flutter"
                 ]
               },
               {
                 "name": "cached_network_image",
                 "version": "3.4.1",
                 "kind": "direct",
                 "source": "hosted",
                 "dependencies": [
                   "cached_network_image_platform_interface",
                   "cached_network_image_web",
                   "flutter",
                   "flutter_cache_manager",
                   "octo_image"
                 ],
                 "directDependencies": [
                   "cached_network_image_platform_interface",
                   "cached_network_image_web",
                   "flutter",
                   "flutter_cache_manager",
                   "octo_image"
                 ]
               },
               {
                 "name": "octo_image",
                 "version": "2.1.0",
                 "kind": "transitive",
                 "source": "hosted",
                 "dependencies": [
                   "flutter"
                 ],
                 "directDependencies": [
                   "flutter"
                 ]
               },
               {
                 "name": "flutter_cache_manager",
                 "version": "3.4.1",
                 "kind": "transitive",
                 "source": "hosted",
                 "dependencies": [
                   "clock",
                   "collection",
                   "file",
                   "flutter",
                   "http",
                   "path",
                   "path_provider",
                   "rxdart",
                   "sqflite",
                   "uuid"
                 ],
                 "directDependencies": [
                   "clock",
                   "collection",
                   "file",
                   "flutter",
                   "http",
                   "path",
                   "path_provider",
                   "rxdart",
                   "sqflite",
                   "uuid"
                 ]
               },
               {
                 "name": "sqflite",
                 "version": "2.4.1",
                 "kind": "transitive",
                 "source": "hosted",
                 "dependencies": [
                   "flutter",
                   "sqflite_android",
                   "sqflite_darwin",
                   "sqflite_platform_interface",
                   "sqflite_common",
                   "path"
                 ],
                 "directDependencies": [
                   "flutter",
                   "sqflite_android",
                   "sqflite_darwin",
                   "sqflite_platform_interface",
                   "sqflite_common",
                   "path"
                 ]
               },
               {
                 "name": "sqflite_common",
                 "version": "2.5.4+6",
                 "kind": "transitive",
                 "source": "hosted",
                 "dependencies": [
                   "synchronized",
                   "path",
                   "meta"
                 ],
                 "directDependencies": [
                   "synchronized",
                   "path",
                   "meta"
                 ]
               },
               {
                 "name": "synchronized",
                 "version": "3.3.0+3",
                 "kind": "transitive",
                 "source": "hosted",
                 "dependencies": [],
                 "directDependencies": []
               },
               {
                 "name": "sqflite_platform_interface",
                 "version": "2.4.0",
                 "kind": "transitive",
                 "source": "hosted",
                 "dependencies": [
                   "flutter",
                   "platform",
                   "sqflite_common",
                   "plugin_platform_interface",
                   "meta"
                 ],
                 "directDependencies": [
                   "flutter",
                   "platform",
                   "sqflite_common",
                   "plugin_platform_interface",
                   "meta"
                 ]
               },
               {
                 "name": "sqflite_darwin",
                 "version": "2.4.1+1",
                 "kind": "transitive",
                 "source": "hosted",
                 "dependencies": [
                   "flutter",
                   "sqflite_platform_interface",
                   "meta",
                   "sqflite_common",
                   "path"
                 ],
                 "directDependencies": [
                   "flutter",
                   "sqflite_platform_interface",
                   "meta",
                   "sqflite_common",
                   "path"
                 ]
               },
               {
                 "name": "sqflite_android",
                 "version": "2.4.0",
                 "kind": "transitive",
                 "source": "hosted",
                 "dependencies": [
                   "flutter",
                   "sqflite_common",
                   "path",
                   "sqflite_platform_interface"
                 ],
                 "directDependencies": [
                   "flutter",
                   "sqflite_common",
                   "path",
                   "sqflite_platform_interface"
                 ]
               },
               {
                 "name": "rxdart",
                 "version": "0.28.0",
                 "kind": "transitive",
                 "source": "hosted",
                 "dependencies": [],
                 "directDependencies": []
               },
               {
                 "name": "cached_network_image_web",
                 "version": "1.3.1",
                 "kind": "transitive",
                 "source": "hosted",
                 "dependencies": [
                   "cached_network_image_platform_interface",
                   "flutter",
                   "flutter_cache_manager",
                   "web"
                 ],
                 "directDependencies": [
                   "cached_network_image_platform_interface",
                   "flutter",
                   "flutter_cache_manager",
                   "web"
                 ]
               },
               {
                 "name": "cached_network_image_platform_interface",
                 "version": "4.1.1",
                 "kind": "transitive",
                 "source": "hosted",
                 "dependencies": [
                   "flutter",
                   "flutter_cache_manager"
                 ],
                 "directDependencies": [
                   "flutter",
                   "flutter_cache_manager"
                 ]
               },
               {
                 "name": "flutter_screenutil",
                 "version": "5.9.3",
                 "kind": "direct",
                 "source": "hosted",
                 "dependencies": [
                   "flutter"
                 ],
                 "directDependencies": [
                   "flutter"
                 ]
               },
               {
                 "name": "shared_preferences",
                 "version": "2.5.3",
                 "kind": "direct",
                 "source": "hosted",
                 "dependencies": [
                   "flutter",
                   "shared_preferences_android",
                   "shared_preferences_foundation",
                   "shared_preferences_linux",
                   "shared_preferences_platform_interface",
                   "shared_preferences_web",
                   "shared_preferences_windows"
                 ],
                 "directDependencies": [
                   "flutter",
                   "shared_preferences_android",
                   "shared_preferences_foundation",
                   "shared_preferences_linux",
                   "shared_preferences_platform_interface",
                   "shared_preferences_web",
                   "shared_preferences_windows"
                 ]
               },
               {
                 "name": "shared_preferences_windows",
                 "version": "2.4.1",
                 "kind": "transitive",
                 "source": "hosted",
                 "dependencies": [
                   "file",
                   "flutter",
                   "path",
                   "path_provider_platform_interface",
                   "path_provider_windows",
                   "shared_preferences_platform_interface"
                 ],
                 "directDependencies": [
                   "file",
                   "flutter",
                   "path",
                   "path_provider_platform_interface",
                   "path_provider_windows",
                   "shared_preferences_platform_interface"
                 ]
               },
               {
                 "name": "shared_preferences_platform_interface",
                 "version": "2.4.1",
                 "kind": "transitive",
                 "source": "hosted",
                 "dependencies": [
                   "flutter",
                   "plugin_platform_interface"
                 ],
                 "directDependencies": [
                   "flutter",
                   "plugin_platform_interface"
                 ]
               },
               {
                 "name": "shared_preferences_web",
                 "version": "2.4.3",
                 "kind": "transitive",
                 "source": "hosted",
                 "dependencies": [
                   "flutter",
                   "flutter_web_plugins",
                   "shared_preferences_platform_interface",
                   "web"
                 ],
                 "directDependencies": [
                   "flutter",
                   "flutter_web_plugins",
                   "shared_preferences_platform_interface",
                   "web"
                 ]
               },
               {
                 "name": "shared_preferences_linux",
                 "version": "2.4.1",
                 "kind": "transitive",
                 "source": "hosted",
                 "dependencies": [
                   "file",
                   "flutter",
                   "path",
                   "path_provider_linux",
                   "path_provider_platform_interface",
                   "shared_preferences_platform_interface"
                 ],
                 "directDependencies": [
                   "file",
                   "flutter",
                   "path",
                   "path_provider_linux",
                   "path_provider_platform_interface",
                   "shared_preferences_platform_interface"
                 ]
               },
               {
                 "name": "shared_preferences_foundation",
                 "version": "2.5.4",
                 "kind": "transitive",
                 "source": "hosted",
                 "dependencies": [
                   "flutter",
                   "shared_preferences_platform_interface"
                 ],
                 "directDependencies": [
                   "flutter",
                   "shared_preferences_platform_interface"
                 ]
               },
               {
                 "name": "shared_preferences_android",
                 "version": "2.4.7",
                 "kind": "transitive",
                 "source": "hosted",
                 "dependencies": [
                   "flutter",
                   "shared_preferences_platform_interface"
                 ],
                 "directDependencies": [
                   "flutter",
                   "shared_preferences_platform_interface"
                 ]
               },
               {
                 "name": "hive_flutter",
                 "version": "1.1.0",
                 "kind": "direct",
                 "source": "hosted",
                 "dependencies": [
                   "flutter",
                   "hive",
                   "path_provider",
                   "path"
                 ],
                 "directDependencies": [
                   "flutter",
                   "hive",
                   "path_provider",
                   "path"
                 ]
               },
               {
                 "name": "hive",
                 "version": "2.2.3",
                 "kind": "transitive",
                 "source": "hosted",
                 "dependencies": [
                   "meta",
                   "crypto"
                 ],
                 "directDependencies": [
                   "meta",
                   "crypto"
                 ]
               },
               {
                 "name": "flutter_secure_storage",
                 "version": "9.2.4",
                 "kind": "direct",
                 "source": "hosted",
                 "dependencies": [
                   "flutter",
                   "flutter_secure_storage_linux",
                   "flutter_secure_storage_macos",
                   "flutter_secure_storage_platform_interface",
                   "flutter_secure_storage_web",
                   "flutter_secure_storage_windows",
                   "meta"
                 ],
                 "directDependencies": [
                   "flutter",
                   "flutter_secure_storage_linux",
                   "flutter_secure_storage_macos",
                   "flutter_secure_storage_platform_interface",
                   "flutter_secure_storage_web",
                   "flutter_secure_storage_windows",
                   "meta"
                 ]
               },
               {
                 "name": "flutter_secure_storage_windows",
                 "version": "3.1.2",
                 "kind": "transitive",
                 "source": "hosted",
                 "dependencies": [
                   "ffi",
                   "flutter",
                   "flutter_secure_storage_platform_interface",
                   "path",
                   "path_provider",
                   "win32"
                 ],
                 "directDependencies": [
                   "ffi",
                   "flutter",
                   "flutter_secure_storage_platform_interface",
                   "path",
                   "path_provider",
                   "win32"
                 ]
               },
               {
                 "name": "flutter_secure_storage_platform_interface",
                 "version": "1.1.2",
                 "kind": "transitive",
                 "source": "hosted",
                 "dependencies": [
                   "flutter",
                   "plugin_platform_interface"
                 ],
                 "directDependencies": [
                   "flutter",
                   "plugin_platform_interface"
                 ]
               },
               {
                 "name": "flutter_secure_storage_web",
                 "version": "1.2.1",
                 "kind": "transitive",
                 "source": "hosted",
                 "dependencies": [
                   "flutter",
                   "flutter_secure_storage_platform_interface",
                   "flutter_web_plugins",
                   "js"
                 ],
                 "directDependencies": [
                   "flutter",
                   "flutter_secure_storage_platform_interface",
                   "flutter_web_plugins",
                   "js"
                 ]
               },
               {
                 "name": "flutter_secure_storage_macos",
                 "version": "3.1.3",
                 "kind": "transitive",
                 "source": "hosted",
                 "dependencies": [
                   "flutter",
                   "flutter_secure_storage_platform_interface"
                 ],
                 "directDependencies": [
                   "flutter",
                   "flutter_secure_storage_platform_interface"
                 ]
               },
               {
                 "name": "flutter_secure_storage_linux",
                 "version": "1.2.3",
                 "kind": "transitive",
                 "source": "hosted",
                 "dependencies": [
                   "flutter",
                   "flutter_secure_storage_platform_interface"
                 ],
                 "directDependencies": [
                   "flutter",
                   "flutter_secure_storage_platform_interface"
                 ]
               },
               {
                 "name": "go_router",
                 "version": "12.1.3",
                 "kind": "direct",
                 "source": "hosted",
                 "dependencies": [
                   "collection",
                   "flutter",
                   "flutter_web_plugins",
                   "logging",
                   "meta"
                 ],
                 "directDependencies": [
                   "collection",
                   "flutter",
                   "flutter_web_plugins",
                   "logging",
                   "meta"
                 ]
               },
               {
                 "name": "graphql_flutter",
                 "version": "5.2.0-beta.6",
                 "kind": "direct",
                 "source": "hosted",
                 "dependencies": [
                   "graphql",
                   "gql_exec",
                   "flutter",
                   "meta",
                   "path_provider",
                   "path",
                   "connectivity_plus",
                   "hive",
                   "plugin_platform_interface",
                   "flutter_hooks"
                 ],
                 "directDependencies": [
                   "graphql",
                   "gql_exec",
                   "flutter",
                   "meta",
                   "path_provider",
                   "path",
                   "connectivity_plus",
                   "hive",
                   "plugin_platform_interface",
                   "flutter_hooks"
                 ]
               },
               {
                 "name": "flutter_hooks",
                 "version": "0.20.5",
                 "kind": "transitive",
                 "source": "hosted",
                 "dependencies": [
                   "flutter"
                 ],
                 "directDependencies": [
                   "flutter"
                 ]
               },
               {
                 "name": "gql_exec",
                 "version": "1.1.1-alpha+1699813812660",
                 "kind": "transitive",
                 "source": "hosted",
                 "dependencies": [
                   "collection",
                   "gql",
                   "meta"
                 ],
                 "directDependencies": [
                   "collection",
                   "gql",
                   "meta"
                 ]
               },
               {
                 "name": "gql",
                 "version": "1.0.1-alpha+1730759315362",
                 "kind": "transitive",
                 "source": "hosted",
                 "dependencies": [
                   "collection",
                   "meta",
                   "source_span",
                   "yaml"
                 ],
                 "directDependencies": [
                   "collection",
                   "meta",
                   "source_span",
                   "yaml"
                 ]
               },
               {
                 "name": "graphql",
                 "version": "5.2.1",
                 "kind": "transitive",
                 "source": "hosted",
                 "dependencies": [
                   "meta",
                   "path",
                   "gql",
                   "gql_exec",
                   "gql_link",
                   "gql_http_link",
                   "gql_transform_link",
                   "gql_error_link",
                   "gql_dedupe_link",
                   "hive",
                   "normalize",
                   "http",
                   "collection",
                   "web_socket_channel",
                   "stream_channel",
                   "rxdart",
                   "uuid"
                 ],
                 "directDependencies": [
                   "meta",
                   "path",
                   "gql",
                   "gql_exec",
                   "gql_link",
                   "gql_http_link",
                   "gql_transform_link",
                   "gql_error_link",
                   "gql_dedupe_link",
                   "hive",
                   "normalize",
                   "http",
                   "collection",
                   "web_socket_channel",
                   "stream_channel",
                   "rxdart",
                   "uuid"
                 ]
               },
               {
                 "name": "normalize",
                 "version": "0.9.1",
                 "kind": "transitive",
                 "source": "hosted",
                 "dependencies": [
                   "gql",
                   "collection"
                 ],
                 "directDependencies": [
                   "gql",
                   "collection"
                 ]
               },
               {
                 "name": "gql_dedupe_link",
                 "version": "2.0.4-alpha+1715521079596",
                 "kind": "transitive",
                 "source": "hosted",
                 "dependencies": [
                   "async",
                   "gql_exec",
                   "gql_link",
                   "meta"
                 ],
                 "directDependencies": [
                   "async",
                   "gql_exec",
                   "gql_link",
                   "meta"
                 ]
               },
               {
                 "name": "gql_link",
                 "version": "1.0.1-alpha+1730759315378",
                 "kind": "transitive",
                 "source": "hosted",
                 "dependencies": [
                   "gql",
                   "gql_exec",
                   "meta"
                 ],
                 "directDependencies": [
                   "gql",
                   "gql_exec",
                   "meta"
                 ]
               },
               {
                 "name": "gql_error_link",
                 "version": "1.0.0+1",
                 "kind": "transitive",
                 "source": "hosted",
                 "dependencies": [
                   "async",
                   "gql_exec",
                   "gql_link",
                   "meta"
                 ],
                 "directDependencies": [
                   "async",
                   "gql_exec",
                   "gql_link",
                   "meta"
                 ]
               },
               {
                 "name": "gql_transform_link",
                 "version": "1.0.0",
                 "kind": "transitive",
                 "source": "hosted",
                 "dependencies": [
                   "gql_exec",
                   "gql_link"
                 ],
                 "directDependencies": [
                   "gql_exec",
                   "gql_link"
                 ]
               },
               {
                 "name": "gql_http_link",
                 "version": "1.1.0",
                 "kind": "transitive",
                 "source": "hosted",
                 "dependencies": [
                   "gql",
                   "gql_exec",
                   "gql_link",
                   "http",
                   "http_parser",
                   "meta"
                 ],
                 "directDependencies": [
                   "gql",
                   "gql_exec",
                   "gql_link",
                   "http",
                   "http_parser",
                   "meta"
                 ]
               },
               {
                 "name": "flutter_riverpod",
                 "version": "2.6.1",
                 "kind": "direct",
                 "source": "hosted",
                 "dependencies": [
                   "collection",
                   "flutter",
                   "meta",
                   "riverpod",
                   "state_notifier"
                 ],
                 "directDependencies": [
                   "collection",
                   "flutter",
                   "meta",
                   "riverpod",
                   "state_notifier"
                 ]
               }
             ],
             "sdks": [
               {
                 "name": "Dart",
                 "version": "3.8.1"
               },
               {
                 "name": "Flutter",
                 "version": "3.32.8"
               }
             ],
             "executables": [
               "flutter_launcher_icons",
               "flutter_launcher_icons:generate",
               "flutter_launcher_icons:main",
               "build_runner",
               "build_runner:graph_inspector",
               "mockito:codegen"
             ]
           }
[  +10 ms] Found plugin connectivity_plus at /Users/carl.stanley/.pub-cache/hosted/pub.dev/connectivity_plus-5.0.2/
[   +2 ms] Found plugin device_info_plus at /Users/carl.stanley/.pub-cache/hosted/pub.dev/device_info_plus-9.1.2/
[   +1 ms] Found plugin file_selector_linux at /Users/carl.stanley/.pub-cache/hosted/pub.dev/file_selector_linux-0.9.3+2/
[        ] Found plugin file_selector_macos at /Users/carl.stanley/.pub-cache/hosted/pub.dev/file_selector_macos-0.9.4+2/
[        ] Found plugin file_selector_windows at /Users/carl.stanley/.pub-cache/hosted/pub.dev/file_selector_windows-0.9.3+4/
[   +2 ms] Found plugin flutter_plugin_android_lifecycle at /Users/carl.stanley/.pub-cache/hosted/pub.dev/flutter_plugin_android_lifecycle-2.0.26/
[        ] Found plugin flutter_secure_storage at /Users/carl.stanley/.pub-cache/hosted/pub.dev/flutter_secure_storage-9.2.4/
[        ] Found plugin flutter_secure_storage_linux at /Users/carl.stanley/.pub-cache/hosted/pub.dev/flutter_secure_storage_linux-1.2.3/
[        ] Found plugin flutter_secure_storage_macos at /Users/carl.stanley/.pub-cache/hosted/pub.dev/flutter_secure_storage_macos-3.1.3/
[        ] Found plugin flutter_secure_storage_web at /Users/carl.stanley/.pub-cache/hosted/pub.dev/flutter_secure_storage_web-1.2.1/
[        ] Found plugin flutter_secure_storage_windows at /Users/carl.stanley/.pub-cache/hosted/pub.dev/flutter_secure_storage_windows-3.1.2/
[   +5 ms] Found plugin image_cropper at /Users/carl.stanley/.pub-cache/hosted/pub.dev/image_cropper-9.1.0/
[        ] Found plugin image_cropper_for_web at /Users/carl.stanley/.pub-cache/hosted/pub.dev/image_cropper_for_web-6.1.0/
[        ] Found plugin image_picker at /Users/carl.stanley/.pub-cache/hosted/pub.dev/image_picker-1.1.2/
[        ] Found plugin image_picker_android at /Users/carl.stanley/.pub-cache/hosted/pub.dev/image_picker_android-0.8.12+21/
[        ] Found plugin image_picker_for_web at /Users/carl.stanley/.pub-cache/hosted/pub.dev/image_picker_for_web-3.0.6/
[        ] Found plugin image_picker_ios at /Users/carl.stanley/.pub-cache/hosted/pub.dev/image_picker_ios-0.8.12+2/
[        ] Found plugin image_picker_linux at /Users/carl.stanley/.pub-cache/hosted/pub.dev/image_picker_linux-0.2.1+2/
[        ] Found plugin image_picker_macos at /Users/carl.stanley/.pub-cache/hosted/pub.dev/image_picker_macos-0.2.1+2/
[        ] Found plugin image_picker_windows at /Users/carl.stanley/.pub-cache/hosted/pub.dev/image_picker_windows-0.2.1+1/
[   +2 ms] Found plugin local_auth at /Users/carl.stanley/.pub-cache/hosted/pub.dev/local_auth-2.3.0/
[        ] Found plugin local_auth_android at /Users/carl.stanley/.pub-cache/hosted/pub.dev/local_auth_android-1.0.47/
[        ] Found plugin local_auth_darwin at /Users/carl.stanley/.pub-cache/hosted/pub.dev/local_auth_darwin-1.4.3/
[        ] Found plugin local_auth_windows at /Users/carl.stanley/.pub-cache/hosted/pub.dev/local_auth_windows-1.0.11/
[   +3 ms] Found plugin package_info_plus at /Users/carl.stanley/.pub-cache/hosted/pub.dev/package_info_plus-4.2.0/
[        ] Found plugin path_provider at /Users/carl.stanley/.pub-cache/hosted/pub.dev/path_provider-2.1.5/
[        ] Found plugin path_provider_android at /Users/carl.stanley/.pub-cache/hosted/pub.dev/path_provider_android-2.2.15/
[        ] Found plugin path_provider_foundation at /Users/carl.stanley/.pub-cache/hosted/pub.dev/path_provider_foundation-2.4.1/
[        ] Found plugin path_provider_linux at /Users/carl.stanley/.pub-cache/hosted/pub.dev/path_provider_linux-2.2.1/
[        ] Found plugin path_provider_windows at /Users/carl.stanley/.pub-cache/hosted/pub.dev/path_provider_windows-2.3.0/
[        ] Found plugin permission_handler at /Users/carl.stanley/.pub-cache/hosted/pub.dev/permission_handler-11.4.0/
[        ] Found plugin permission_handler_android at /Users/carl.stanley/.pub-cache/hosted/pub.dev/permission_handler_android-12.1.0/
[        ] Found plugin permission_handler_apple at /Users/carl.stanley/.pub-cache/hosted/pub.dev/permission_handler_apple-9.4.7/
[        ] Found plugin permission_handler_html at /Users/carl.stanley/.pub-cache/hosted/pub.dev/permission_handler_html-0.1.3+5/
[        ] Found plugin permission_handler_windows at /Users/carl.stanley/.pub-cache/hosted/pub.dev/permission_handler_windows-0.2.1/
[   +3 ms] Found plugin share_plus at /Users/carl.stanley/.pub-cache/hosted/pub.dev/share_plus-7.2.2/
[        ] Found plugin shared_preferences at /Users/carl.stanley/.pub-cache/hosted/pub.dev/shared_preferences-2.5.3/
[        ] Found plugin shared_preferences_android at /Users/carl.stanley/.pub-cache/hosted/pub.dev/shared_preferences_android-2.4.7/
[        ] Found plugin shared_preferences_foundation at /Users/carl.stanley/.pub-cache/hosted/pub.dev/shared_preferences_foundation-2.5.4/
[        ] Found plugin shared_preferences_linux at /Users/carl.stanley/.pub-cache/hosted/pub.dev/shared_preferences_linux-2.4.1/
[        ] Found plugin shared_preferences_web at /Users/carl.stanley/.pub-cache/hosted/pub.dev/shared_preferences_web-2.4.3/
[        ] Found plugin shared_preferences_windows at /Users/carl.stanley/.pub-cache/hosted/pub.dev/shared_preferences_windows-2.4.1/
[   +2 ms] Found plugin sqflite at /Users/carl.stanley/.pub-cache/hosted/pub.dev/sqflite-2.4.1/
[        ] Found plugin sqflite_android at /Users/carl.stanley/.pub-cache/hosted/pub.dev/sqflite_android-2.4.0/
[        ] Found plugin sqflite_darwin at /Users/carl.stanley/.pub-cache/hosted/pub.dev/sqflite_darwin-2.4.1+1/
[   +2 ms] Found plugin url_launcher at /Users/carl.stanley/.pub-cache/hosted/pub.dev/url_launcher-6.3.1/
[        ] Found plugin url_launcher_android at /Users/carl.stanley/.pub-cache/hosted/pub.dev/url_launcher_android-6.3.14/
[        ] Found plugin url_launcher_ios at /Users/carl.stanley/.pub-cache/hosted/pub.dev/url_launcher_ios-6.3.3/
[        ] Found plugin url_launcher_linux at /Users/carl.stanley/.pub-cache/hosted/pub.dev/url_launcher_linux-3.2.1/
[        ] Found plugin url_launcher_macos at /Users/carl.stanley/.pub-cache/hosted/pub.dev/url_launcher_macos-3.2.2/
[        ] Found plugin url_launcher_web at /Users/carl.stanley/.pub-cache/hosted/pub.dev/url_launcher_web-2.3.3/
[        ] Found plugin url_launcher_windows at /Users/carl.stanley/.pub-cache/hosted/pub.dev/url_launcher_windows-3.1.4/
[   +1 ms] Found plugin video_player at /Users/carl.stanley/.pub-cache/hosted/pub.dev/video_player-2.9.5/
[        ] Found plugin video_player_android at /Users/carl.stanley/.pub-cache/hosted/pub.dev/video_player_android-2.7.16/
[        ] Found plugin video_player_avfoundation at /Users/carl.stanley/.pub-cache/hosted/pub.dev/video_player_avfoundation-2.7.1/
[        ] Found plugin video_player_web at /Users/carl.stanley/.pub-cache/hosted/pub.dev/video_player_web-2.3.5/
[        ] Found plugin wakelock_plus at /Users/carl.stanley/.pub-cache/hosted/pub.dev/wakelock_plus-1.1.4/
[   +4 ms] Found plugin integration_test at /Users/carl.stanley/development/flutter/packages/integration_test/
[  +64 ms] No packages with native assets. Skipping native assets compilation.
[        ] Writing native assets json to file:///Users/carl.stanley/sites/UKCPA/ukcpa_flutter/build/native_assets/macos/native_assets.json.
[        ] Writing /Users/carl.stanley/sites/UKCPA/ukcpa_flutter/build/native_assets/macos/native_assets.json done.
[ +139 ms] Manifest contained wildcard assets. Inserting missing file into build graph to force rerun. for more information see #56466.
[   +6 ms] executing: /usr/bin/arch -arm64e xcrun xcdevice list --timeout 5
[   +8 ms] running test package with arguments: [--no-color, --concurrency=1, --chain-stack-traces, --, file:///Users/carl.stanley/sites/UKCPA/ukcpa_flutter/integration_test/app_test.dart, file:///Users/carl.stanley/sites/UKCPA/ukcpa_flutter/integration_test/flows/simple_validation_test.dart, file:///Users/carl.stanley/sites/UKCPA/ukcpa_flutter/integration_test/flows/basic_ui_test.dart, file:///Users/carl.stanley/sites/UKCPA/ukcpa_flutter/integration_test/flows/course_detail_navigation_test.dart, file:///Users/carl.stanley/sites/UKCPA/ukcpa_flutter/integration_test/flows/simplified_auth_test.dart, file:///Users/carl.stanley/sites/UKCPA/ukcpa_flutter/integration_test/flows/initialization_test.dart, file:///Users/carl.stanley/sites/UKCPA/ukcpa_flutter/integration_test/flows/search_filter_test.dart, file:///Users/carl.stanley/sites/UKCPA/ukcpa_flutter/integration_test/flows/environment_test.dart, file:///Users/carl.stanley/sites/UKCPA/ukcpa_flutter/integration_test/flows/cross_platform_test.dart, file:///Users/carl.stanley/sites/UKCPA/ukcpa_flutter/integration_test/flows/basket_management_test.dart, file:///Users/carl.stanley/sites/UKCPA/ukcpa_flutter/integration_test/flows/working_auth_test.dart, file:///Users/carl.stanley/sites/UKCPA/ukcpa_flutter/integration_test/flows/minimal_auth_test.dart, file:///Users/carl.stanley/sites/UKCPA/ukcpa_flutter/integration_test/flows/debug_auth_test.dart, file:///Users/carl.stanley/sites/UKCPA/ukcpa_flutter/integration_test/flows/e2e_smoke_test.dart, file:///Users/carl.stanley/sites/UKCPA/ukcpa_flutter/integration_test/flows/fixed_auth_test.dart, file:///Users/carl.stanley/sites/UKCPA/ukcpa_flutter/integration_test/flows/basket_flow_test.dart, file:///Users/carl.stanley/sites/UKCPA/ukcpa_flutter/integration_test/flows/course_discovery_flow_test.dart, file:///Users/carl.stanley/sites/UKCPA/ukcpa_flutter/integration_test/flows/auth_flow_test.dart, file:///Users/carl.stanley/sites/UKCPA/ukcpa_flutter/integration_test/flows/order_completion_test.dart, file:///Users/carl.stanley/sites/UKCPA/ukcpa_flutter/integration_test/flows/demo_failure_test.dart, file:///Users/carl.stanley/sites/UKCPA/ukcpa_flutter/integration_test/flows/checkout_flow_test.dart, file:///Users/carl.stanley/sites/UKCPA/ukcpa_flutter/integration_test/flows/protected_route_test.dart]
00:00 +0: loading /Users/carl.stanley/sites/UKCPA/ukcpa_flutter/integration_test/app_test.dart                                                                                                         [ +161 ms] test 0: starting test /Users/carl.stanley/sites/UKCPA/ukcpa_flutter/integration_test/app_test.dart
[   +2 ms] Stopping scan for flutter_test_config.dart; found project root at /Users/carl.stanley/sites/UKCPA/ukcpa_flutter
[        ] test 0: starting test device
[   +1 ms] test 0: awaiting connection to test device
[   +5 ms] executing: [/Users/carl.stanley/sites/UKCPA/ukcpa_flutter/ios/] /usr/bin/arch -arm64e xcrun xcodebuild -list
[ +709 ms] Command line invocation:
               /Applications/Xcode.app/Contents/Developer/usr/bin/xcodebuild -list

           User defaults from command line:
               IDEPackageSupportUseBuiltinSCM = YES

           Information about project "Runner":
               Targets:
                   Runner
                   RunnerTests

               Build Configurations:
                   Debug
                   Release
                   Profile

               If no build configuration is specified and -scheme is not passed then "Release" is used.

               Schemes:
                   Runner
[   +2 ms] executing: [/Users/carl.stanley/sites/UKCPA/ukcpa_flutter/ios/Runner.xcodeproj/] /usr/bin/arch -arm64e xcrun xcodebuild -project /Users/carl.stanley/sites/UKCPA/ukcpa_flutter/ios/Runner.xcodeproj -scheme Runner -configuration Debug -destination generic/platform=iOS -showBuildSettings BUILD_DIR=/Users/carl.stanley/sites/UKCPA/ukcpa_flutter/build/ios
[        ] executing: [/Users/carl.stanley/sites/UKCPA/ukcpa_flutter/ios/Runner.xcodeproj/] /usr/bin/arch -arm64e xcrun xcodebuild -project /Users/carl.stanley/sites/UKCPA/ukcpa_flutter/ios/Runner.xcodeproj -scheme Runner -configuration Debug -destination generic/platform=iOS -showBuildSettings BUILD_DIR=/Users/carl.stanley/sites/UKCPA/ukcpa_flutter/build/ios
00:01 +0: loading /Users/carl.stanley/sites/UKCPA/ukcpa_flutter/integration_test/app_test.dart                                                                                                         [ +771 ms] Command line invocation:
               /Applications/Xcode.app/Contents/Developer/usr/bin/xcodebuild -project /Users/carl.stanley/sites/UKCPA/ukcpa_flutter/ios/Runner.xcodeproj -scheme Runner -configuration Debug -destination generic/platform=iOS -showBuildSettings BUILD_DIR=/Users/carl.stanley/sites/UKCPA/ukcpa_flutter/build/ios

           User defaults from command line:
               IDEPackageSupportUseBuiltinSCM = YES

           Build settings from command line:
               BUILD_DIR = /Users/carl.stanley/sites/UKCPA/ukcpa_flutter/build/ios

           Build settings for action build and target Runner:
               ACTION = build
               AD_HOC_CODE_SIGNING_ALLOWED = NO
               AGGREGATE_TRACKED_DOMAINS = YES
               ALLOW_BUILD_REQUEST_OVERRIDES = NO
               ALLOW_TARGET_PLATFORM_SPECIALIZATION = NO
               ALTERNATE_GROUP = staff
               ALTERNATE_MODE = u+w,go-w,a+rX
               ALTERNATE_OWNER = carl.stanley
               ALTERNATIVE_DISTRIBUTION_WEB = NO
               ALWAYS_EMBED_SWIFT_STANDARD_LIBRARIES = YES
               ALWAYS_SEARCH_USER_PATHS = NO
               ALWAYS_USE_SEPARATE_HEADERMAPS = NO
               APPLE_INTERNAL_DEVELOPER_DIR = /AppleInternal/Developer
               APPLE_INTERNAL_DIR = /AppleInternal
               APPLE_INTERNAL_DOCUMENTATION_DIR = /AppleInternal/Documentation
               APPLE_INTERNAL_LIBRARY_DIR = /AppleInternal/Library
               APPLE_INTERNAL_TOOLS = /AppleInternal/Developer/Tools
               APPLICATION_EXTENSION_API_ONLY = NO
               APPLY_RULES_IN_COPY_FILES = NO
               APPLY_RULES_IN_COPY_HEADERS = NO
               APP_SHORTCUTS_ENABLE_FLEXIBLE_MATCHING = YES
               ARCHS = arm64
               ARCHS_STANDARD = arm64
               ARCHS_STANDARD_32_64_BIT = armv7 arm64
               ARCHS_STANDARD_32_BIT = armv7
               ARCHS_STANDARD_64_BIT = arm64
               ARCHS_STANDARD_INCLUDING_64_BIT = arm64
               ARCHS_UNIVERSAL_IPHONE_OS = armv7 arm64
               ASSETCATALOG_COMPILER_APPICON_NAME = AppIcon
               ASSETCATALOG_COMPILER_GENERATE_ASSET_SYMBOLS = YES
               ASSETCATALOG_COMPILER_GENERATE_SWIFT_ASSET_SYMBOL_EXTENSIONS = YES
               AUTOMATICALLY_MERGE_DEPENDENCIES = NO
               AVAILABLE_PLATFORMS = appletvos appletvsimulator driverkit iphoneos iphonesimulator macosx watchos watchsimulator xros xrsimulator
               BITCODE_GENERATION_MODE = marker
               BUILD_ACTIVE_RESOURCES_ONLY = NO
               BUILD_COMPONENTS = headers build
               BUILD_DIR = /Users/carl.stanley/sites/UKCPA/ukcpa_flutter/build/ios
               BUILD_LIBRARY_FOR_DISTRIBUTION = NO
               BUILD_ROOT = /Users/carl.stanley/Library/Developer/Xcode/DerivedData/Runner-gwhubuzlrmjbyefytsnivwcvbkjq/Build/Products
               BUILD_STYLE = 
               BUILD_VARIANTS = normal
               BUILT_PRODUCTS_DIR = /Users/carl.stanley/sites/UKCPA/ukcpa_flutter/build/ios/Debug-iphoneos
               BUNDLE_CONTENTS_FOLDER_PATH_deep = Contents/
               BUNDLE_EXECUTABLE_FOLDER_NAME_deep = MacOS
               BUNDLE_EXTENSIONS_FOLDER_PATH = Extensions
               BUNDLE_FORMAT = shallow
               BUNDLE_FRAMEWORKS_FOLDER_PATH = Frameworks
               BUNDLE_PLUGINS_FOLDER_PATH = PlugIns
               BUNDLE_PRIVATE_HEADERS_FOLDER_PATH = PrivateHeaders
               BUNDLE_PUBLIC_HEADERS_FOLDER_PATH = Headers
               CACHE_ROOT = /var/folders/20/skb3d8qx2hn9r9z8036y32g40000gp/C/com.apple.DeveloperTools/16.0-16A242d/Xcode
               CCHROOT = /var/folders/20/skb3d8qx2hn9r9z8036y32g40000gp/C/com.apple.DeveloperTools/16.0-16A242d/Xcode
               CHMOD = /bin/chmod
               CHOWN = /usr/sbin/chown
               CLANG_ANALYZER_NONNULL = YES
               CLANG_CACHE_FINE_GRAINED_OUTPUTS = YES
               CLANG_CXX_LANGUAGE_STANDARD = gnu++0x
               CLANG_CXX_LIBRARY = libc++
               CLANG_ENABLE_EXPLICIT_MODULES = YES
               CLANG_ENABLE_MODULES = YES
               CLANG_ENABLE_OBJC_ARC = YES
               CLANG_MODULES_BUILD_SESSION_FILE = /Users/carl.stanley/Library/Developer/Xcode/DerivedData/ModuleCache.noindex/Session.modulevalidation
               CLANG_WARN_BLOCK_CAPTURE_AUTORELEASING = YES
               CLANG_WARN_BOOL_CONVERSION = YES
               CLANG_WARN_COMMA = YES
               CLANG_WARN_CONSTANT_CONVERSION = YES
               CLANG_WARN_DEPRECATED_OBJC_IMPLEMENTATIONS = YES
               CLANG_WARN_DIRECT_OBJC_ISA_USAGE = YES_ERROR
               CLANG_WARN_EMPTY_BODY = YES
               CLANG_WARN_ENUM_CONVERSION = YES
               CLANG_WARN_INFINITE_RECURSION = YES
               CLANG_WARN_INT_CONVERSION = YES
               CLANG_WARN_NON_LITERAL_NULL_CONVERSION = YES
               CLANG_WARN_OBJC_IMPLICIT_RETAIN_SELF = YES
               CLANG_WARN_OBJC_LITERAL_CONVERSION = YES
               CLANG_WARN_OBJC_ROOT_CLASS = YES_ERROR
               CLANG_WARN_QUOTED_INCLUDE_IN_FRAMEWORK_HEADER = NO
               CLANG_WARN_RANGE_LOOP_ANALYSIS = YES
               CLANG_WARN_STRICT_PROTOTYPES = YES
               CLANG_WARN_SUSPICIOUS_MOVE = YES
               CLANG_WARN_UNREACHABLE_CODE = YES
               CLANG_WARN__DUPLICATE_METHOD_MATCH = YES
               CLASS_FILE_DIR = /Users/carl.stanley/Library/Developer/Xcode/DerivedData/Runner-gwhubuzlrmjbyefytsnivwcvbkjq/Build/Intermediates.noindex/Runner.build/Debug-iphoneos/Runner.build/JavaClasses
               CLEAN_PRECOMPS = YES
               CLONE_HEADERS = NO
               COCOAPODS_PARALLEL_CODE_SIGN = true
               CODESIGNING_FOLDER_PATH = /Users/carl.stanley/sites/UKCPA/ukcpa_flutter/build/ios/Debug-iphoneos/Runner.app
               CODE_SIGNING_ALLOWED = YES
               CODE_SIGNING_REQUIRED = YES
               CODE_SIGN_CONTEXT_CLASS = XCiPhoneOSCodeSignContext
               CODE_SIGN_IDENTITY = iPhone Developer
               CODE_SIGN_INJECT_BASE_ENTITLEMENTS = YES
               COLOR_DIAGNOSTICS = NO
               COMBINE_HIDPI_IMAGES = NO
               COMPILATION_CACHE_CAS_PATH = /Users/carl.stanley/Library/Developer/Xcode/DerivedData/CompilationCache.noindex
               COMPILATION_CACHE_KEEP_CAS_DIRECTORY = YES
               COMPILER_INDEX_STORE_ENABLE = Default
               COMPOSITE_SDK_DIRS = /Users/carl.stanley/Library/Developer/Xcode/DerivedData/Runner-gwhubuzlrmjbyefytsnivwcvbkjq/Build/Intermediates.noindex/CompositeSDKs
               COMPRESS_PNG_FILES = YES
               CONFIGURATION = Debug
               CONFIGURATION_BUILD_DIR = /Users/carl.stanley/sites/UKCPA/ukcpa_flutter/build/ios/Debug-iphoneos
               CONFIGURATION_TEMP_DIR = /Users/carl.stanley/Library/Developer/Xcode/DerivedData/Runner-gwhubuzlrmjbyefytsnivwcvbkjq/Build/Intermediates.noindex/Runner.build/Debug-iphoneos
               CONTENTS_FOLDER_PATH = Runner.app
               CONTENTS_FOLDER_PATH_SHALLOW_BUNDLE_NO = Runner.app/Contents
               CONTENTS_FOLDER_PATH_SHALLOW_BUNDLE_YES = Runner.app
               COPYING_PRESERVES_HFS_DATA = NO
               COPY_HEADERS_RUN_UNIFDEF = NO
               COPY_PHASE_STRIP = NO
               CORRESPONDING_SIMULATOR_PLATFORM_DIR = /Applications/Xcode.app/Contents/Developer/Platforms/iPhoneSimulator.platform
               CORRESPONDING_SIMULATOR_PLATFORM_NAME = iphonesimulator
               CORRESPONDING_SIMULATOR_SDK_DIR = /Applications/Xcode.app/Contents/Developer/Platforms/iPhoneSimulator.platform/Developer/SDKs/iPhoneSimulator18.0.sdk
               CORRESPONDING_SIMULATOR_SDK_NAME = iphonesimulator18.0
               CP = /bin/cp
               CREATE_INFOPLIST_SECTION_IN_BINARY = NO
               CURRENT_ARCH = undefined_arch
               CURRENT_PROJECT_VERSION = 1
               CURRENT_VARIANT = normal
               DART_DEFINES = RkxVVFRFUl9WRVJTSU9OPTMuMzIuOA==,RkxVVFRFUl9DSEFOTkVMPXN0YWJsZQ==,RkxVVFRFUl9HSVRfVVJMPWh0dHBzOi8vZ2l0aHViLmNvbS9mbHV0dGVyL2ZsdXR0ZXIuZ2l0,RkxVVFRFUl9GUkFNRVdPUktfUkVWSVNJT049ZWRhZGE3YzU2ZQ==,RkxVVFRFUl9FTkdJTkVfUkVWSVNJT049ZWYwY2QwMDA5MQ==,RkxVVFRFUl9EQVJUX1ZFUlNJT049My44LjE=,SU5URUdSQVRJT05fVEVTVF9TSE9VTERfUkVQT1JUX1JFU1VMVFNfVE9fTkFUSVZFPWZhbHNl
               DART_OBFUSCATION = false
               DEAD_CODE_STRIPPING = YES
               DEBUGGING_SYMBOLS = YES
               DEBUG_INFORMATION_FORMAT = dwarf
               DEBUG_INFORMATION_VERSION = compiler-default
               DEFAULT_COMPILER = com.apple.compilers.llvm.clang.1_0
               DEFAULT_DEXT_INSTALL_PATH = /System/Library/DriverExtensions
               DEFAULT_KEXT_INSTALL_PATH = /System/Library/Extensions
               DEFINES_MODULE = NO
               DEPLOYMENT_LOCATION = NO
               DEPLOYMENT_POSTPROCESSING = NO
               DEPLOYMENT_TARGET_SETTING_NAME = IPHONEOS_DEPLOYMENT_TARGET
               DEPLOYMENT_TARGET_SUGGESTED_VALUES = 12.0 12.1 12.2 12.3 12.4 13.0 13.1 13.2 13.3 13.4 13.5 13.6 14.0 14.1 14.2 14.3 14.4 14.5 14.6 14.7 15.0 15.1 15.2 15.3 15.4 15.5 15.6 16.0 16.1 16.2 16.3 16.4 16.5 16.6 17.0 17.1 17.2 17.3 17.4 17.5 17.6 18.0
               DERIVED_FILES_DIR = /Users/carl.stanley/Library/Developer/Xcode/DerivedData/Runner-gwhubuzlrmjbyefytsnivwcvbkjq/Build/Intermediates.noindex/Runner.build/Debug-iphoneos/Runner.build/DerivedSources
               DERIVED_FILE_DIR = /Users/carl.stanley/Library/Developer/Xcode/DerivedData/Runner-gwhubuzlrmjbyefytsnivwcvbkjq/Build/Intermediates.noindex/Runner.build/Debug-iphoneos/Runner.build/DerivedSources
               DERIVED_SOURCES_DIR = /Users/carl.stanley/Library/Developer/Xcode/DerivedData/Runner-gwhubuzlrmjbyefytsnivwcvbkjq/Build/Intermediates.noindex/Runner.build/Debug-iphoneos/Runner.build/DerivedSources
               DERIVE_MACCATALYST_PRODUCT_BUNDLE_IDENTIFIER = NO
               DEVELOPER_APPLICATIONS_DIR = /Applications/Xcode.app/Contents/Developer/Applications
               DEVELOPER_BIN_DIR = /Applications/Xcode.app/Contents/Developer/usr/bin
               DEVELOPER_DIR = /Applications/Xcode.app/Contents/Developer
               DEVELOPER_FRAMEWORKS_DIR = /Applications/Xcode.app/Contents/Developer/Library/Frameworks
               DEVELOPER_FRAMEWORKS_DIR_QUOTED = /Applications/Xcode.app/Contents/Developer/Library/Frameworks
               DEVELOPER_LIBRARY_DIR = /Applications/Xcode.app/Contents/Developer/Library
               DEVELOPER_SDK_DIR = /Applications/Xcode.app/Contents/Developer/Platforms/MacOSX.platform/Developer/SDKs
               DEVELOPER_TOOLS_DIR = /Applications/Xcode.app/Contents/Developer/Tools
               DEVELOPER_USR_DIR = /Applications/Xcode.app/Contents/Developer/usr
               DEVELOPMENT_LANGUAGE = en
               DIFF = /usr/bin/diff
               DOCUMENTATION_FOLDER_PATH = Runner.app/en.lproj/Documentation
               DONT_GENERATE_INFOPLIST_FILE = NO
               DSTROOT = /tmp/Runner.dst
               DT_TOOLCHAIN_DIR = /Applications/Xcode.app/Contents/Developer/Toolchains/XcodeDefault.xctoolchain
               DWARF_DSYM_FILE_NAME = Runner.app.dSYM
               DWARF_DSYM_FILE_SHOULD_ACCOMPANY_PRODUCT = NO
               DWARF_DSYM_FOLDER_PATH = /Users/carl.stanley/sites/UKCPA/ukcpa_flutter/build/ios/Debug-iphoneos
               DYNAMIC_LIBRARY_EXTENSION = dylib
               EAGER_COMPILATION_ALLOW_SCRIPTS = NO
               EAGER_LINKING = NO
               EFFECTIVE_PLATFORM_NAME = -iphoneos
               EMBEDDED_CONTENT_CONTAINS_SWIFT = NO
               EMBEDDED_PROFILE_NAME = embedded.mobileprovision
               EMBED_ASSET_PACKS_IN_PRODUCT_BUNDLE = NO
               ENABLE_APP_SANDBOX = NO
               ENABLE_BITCODE = NO
               ENABLE_CODE_COVERAGE = YES
               ENABLE_DEBUG_DYLIB = YES
               ENABLE_DEFAULT_HEADER_SEARCH_PATHS = YES
               ENABLE_DEFAULT_SEARCH_PATHS = YES
               ENABLE_HARDENED_RUNTIME = NO
               ENABLE_HEADER_DEPENDENCIES = YES
               ENABLE_ON_DEMAND_RESOURCES = YES
               ENABLE_STRICT_OBJC_MSGSEND = YES
               ENABLE_TESTABILITY = YES
               ENABLE_TESTING_SEARCH_PATHS = NO
               ENABLE_USER_SCRIPT_SANDBOXING = NO
               ENTITLEMENTS_ALLOWED = YES
               ENTITLEMENTS_DESTINATION = Signature
               ENTITLEMENTS_REQUIRED = NO
               EXCLUDED_ARCHS = armv7
               EXCLUDED_INSTALLSRC_SUBDIRECTORY_PATTERNS = .DS_Store .svn .git .hg CVS
               EXCLUDED_RECURSIVE_SEARCH_PATH_SUBDIRECTORIES = *.nib *.lproj *.framework *.gch *.xcode* *.xcassets (*) .DS_Store CVS .svn .git .hg *.pbproj *.pbxproj
               EXECUTABLES_FOLDER_PATH = Runner.app/Executables
               EXECUTABLE_FOLDER_PATH = Runner.app
               EXECUTABLE_FOLDER_PATH_SHALLOW_BUNDLE_NO = Runner.app/MacOS
               EXECUTABLE_FOLDER_PATH_SHALLOW_BUNDLE_YES = Runner.app
               EXECUTABLE_NAME = Runner
               EXECUTABLE_PATH = Runner.app/Runner
               EXTENSIONS_FOLDER_PATH = Runner.app/Extensions
               FILE_LIST = /Users/carl.stanley/Library/Developer/Xcode/DerivedData/Runner-gwhubuzlrmjbyefytsnivwcvbkjq/Build/Intermediates.noindex/Runner.build/Debug-iphoneos/Runner.build/Objects/LinkFileList
               FIXED_FILES_DIR = /Users/carl.stanley/Library/Developer/Xcode/DerivedData/Runner-gwhubuzlrmjbyefytsnivwcvbkjq/Build/Intermediates.noindex/Runner.build/Debug-iphoneos/Runner.build/FixedFiles
               FLUTTER_APPLICATION_PATH = /Users/carl.stanley/sites/UKCPA/ukcpa_flutter
               FLUTTER_BUILD_DIR = build
               FLUTTER_BUILD_NAME = 1.0.0
               FLUTTER_BUILD_NUMBER = 1
               FLUTTER_ROOT = /Users/carl.stanley/development/flutter
               FLUTTER_TARGET = /var/folders/20/skb3d8qx2hn9r9z8036y32g40000gp/T/flutter_tools.ObPJ9E/flutter_test_listener.VOuFG7/listener.dart
               FRAMEWORKS_FOLDER_PATH = Runner.app/Frameworks
               FRAMEWORK_FLAG_PREFIX = -framework
               FRAMEWORK_SEARCH_PATHS = /Users/carl.stanley/sites/UKCPA/ukcpa_flutter/build/ios/Debug-iphoneos  "/Users/carl.stanley/sites/UKCPA/ukcpa_flutter/build/ios/Debug-iphoneos/ReachabilitySwift" "/Users/carl.stanley/sites/UKCPA/ukcpa_flutter/build/ios/Debug-iphoneos/TOCropViewController" "/Users/carl.stanley/sites/UKCPA/ukcpa_flutter/build/ios/Debug-iphoneos/connectivity_plus" "/Users/carl.stanley/sites/UKCPA/ukcpa_flutter/build/ios/Debug-iphoneos/device_info_plus" "/Users/carl.stanley/sites/UKCPA/ukcpa_flutter/build/ios/Debug-iphoneos/flutter_secure_storage" "/Users/carl.stanley/sites/UKCPA/ukcpa_flutter/build/ios/Debug-iphoneos/image_cropper" "/Users/carl.stanley/sites/UKCPA/ukcpa_flutter/build/ios/Debug-iphoneos/image_picker_ios" "/Users/carl.stanley/sites/UKCPA/ukcpa_flutter/build/ios/Debug-iphoneos/integration_test" "/Users/carl.stanley/sites/UKCPA/ukcpa_flutter/build/ios/Debug-iphoneos/local_auth_darwin" "/Users/carl.stanley/sites/UKCPA/ukcpa_flutter/build/ios/Debug-iphoneos/package_info_plus" "/Users/carl.stanley/sites/UKCPA/ukcpa_flutter/build/ios/Debug-iphoneos/path_provider_foundation" "/Users/carl.stanley/sites/UKCPA/ukcpa_flutter/build/ios/Debug-iphoneos/permission_handler_apple" "/Users/carl.stanley/sites/UKCPA/ukcpa_flutter/build/ios/Debug-iphoneos/share_plus" "/Users/carl.stanley/sites/UKCPA/ukcpa_flutter/build/ios/Debug-iphoneos/shared_preferences_foundation" "/Users/carl.stanley/sites/UKCPA/ukcpa_flutter/build/ios/Debug-iphoneos/sqflite_darwin" "/Users/carl.stanley/sites/UKCPA/ukcpa_flutter/build/ios/Debug-iphoneos/url_launcher_ios" "/Users/carl.stanley/sites/UKCPA/ukcpa_flutter/build/ios/Debug-iphoneos/video_player_avfoundation" "/Users/carl.stanley/sites/UKCPA/ukcpa_flutter/build/ios/Debug-iphoneos/wakelock_plus"
               FRAMEWORK_VERSION = A
               FULL_PRODUCT_NAME = Runner.app
               FUSE_BUILD_PHASES = YES
               FUSE_BUILD_SCRIPT_PHASES = NO
               GCC3_VERSION = 3.3
               GCC_C_LANGUAGE_STANDARD = gnu99
               GCC_DYNAMIC_NO_PIC = NO
               GCC_INLINES_ARE_PRIVATE_EXTERN = YES
               GCC_NO_COMMON_BLOCKS = YES
               GCC_OPTIMIZATION_LEVEL = 0
               GCC_PFE_FILE_C_DIALECTS = c objective-c c++ objective-c++
               GCC_PREPROCESSOR_DEFINITIONS = DEBUG=1  COCOAPODS=1
               GCC_SYMBOLS_PRIVATE_EXTERN = NO
               GCC_THUMB_SUPPORT = YES
               GCC_TREAT_WARNINGS_AS_ERRORS = NO
               GCC_VERSION = com.apple.compilers.llvm.clang.1_0
               GCC_VERSION_IDENTIFIER = com_apple_compilers_llvm_clang_1_0
               GCC_WARN_64_TO_32_BIT_CONVERSION = YES
               GCC_WARN_ABOUT_RETURN_TYPE = YES_ERROR
               GCC_WARN_UNDECLARED_SELECTOR = YES
               GCC_WARN_UNINITIALIZED_AUTOS = YES_AGGRESSIVE
               GCC_WARN_UNUSED_FUNCTION = YES
               GCC_WARN_UNUSED_VARIABLE = YES
               GENERATED_MODULEMAP_DIR = /Users/carl.stanley/Library/Developer/Xcode/DerivedData/Runner-gwhubuzlrmjbyefytsnivwcvbkjq/Build/Intermediates.noindex/GeneratedModuleMaps-iphoneos
               GENERATE_INFOPLIST_FILE = NO
               GENERATE_INTERMEDIATE_TEXT_BASED_STUBS = YES
               GENERATE_MASTER_OBJECT_FILE = NO
               GENERATE_PKGINFO_FILE = YES
               GENERATE_PROFILING_CODE = NO
               GENERATE_TEXT_BASED_STUBS = NO
               GID = 20
               GROUP = staff
               HEADERMAP_INCLUDES_FLAT_ENTRIES_FOR_TARGET_BEING_BUILT = YES
               HEADERMAP_INCLUDES_FRAMEWORK_ENTRIES_FOR_ALL_PRODUCT_TYPES = YES
               HEADERMAP_INCLUDES_FRAMEWORK_ENTRIES_FOR_TARGETS_NOT_BEING_BUILT = YES
               HEADERMAP_INCLUDES_NONPUBLIC_NONPRIVATE_HEADERS = YES
               HEADERMAP_INCLUDES_PROJECT_HEADERS = YES
               HEADERMAP_USES_FRAMEWORK_PREFIX_ENTRIES = YES
               HEADERMAP_USES_VFS = NO
               HEADER_SEARCH_PATHS = /Users/carl.stanley/sites/UKCPA/ukcpa_flutter/build/ios/Debug-iphoneos/include  "/Users/carl.stanley/sites/UKCPA/ukcpa_flutter/build/ios/Debug-iphoneos/ReachabilitySwift/Reachability.framework/Headers" "/Users/carl.stanley/sites/UKCPA/ukcpa_flutter/build/ios/Debug-iphoneos/TOCropViewController/TOCropViewController.framework/Headers" "/Users/carl.stanley/sites/UKCPA/ukcpa_flutter/build/ios/Debug-iphoneos/connectivity_plus/connectivity_plus.framework/Headers" "/Users/carl.stanley/sites/UKCPA/ukcpa_flutter/build/ios/Debug-iphoneos/device_info_plus/device_info_plus.framework/Headers" "/Users/carl.stanley/sites/UKCPA/ukcpa_flutter/build/ios/Debug-iphoneos/flutter_secure_storage/flutter_secure_storage.framework/Headers" "/Users/carl.stanley/sites/UKCPA/ukcpa_flutter/build/ios/Debug-iphoneos/image_cropper/image_cropper.framework/Headers" "/Users/carl.stanley/sites/UKCPA/ukcpa_flutter/build/ios/Debug-iphoneos/image_picker_ios/image_picker_ios.framework/Headers" "/Users/carl.stanley/sites/UKCPA/ukcpa_flutter/build/ios/Debug-iphoneos/integration_test/integration_test.framework/Headers" "/Users/carl.stanley/sites/UKCPA/ukcpa_flutter/build/ios/Debug-iphoneos/local_auth_darwin/local_auth_darwin.framework/Headers" "/Users/carl.stanley/sites/UKCPA/ukcpa_flutter/build/ios/Debug-iphoneos/package_info_plus/package_info_plus.framework/Headers" "/Users/carl.stanley/sites/UKCPA/ukcpa_flutter/build/ios/Debug-iphoneos/path_provider_foundation/path_provider_foundation.framework/Headers" "/Users/carl.stanley/sites/UKCPA/ukcpa_flutter/build/ios/Debug-iphoneos/permission_handler_apple/permission_handler_apple.framework/Headers" "/Users/carl.stanley/sites/UKCPA/ukcpa_flutter/build/ios/Debug-iphoneos/share_plus/share_plus.framework/Headers" "/Users/carl.stanley/sites/UKCPA/ukcpa_flutter/build/ios/Debug-iphoneos/shared_preferences_foundation/shared_preferences_foundation.framework/Headers" "/Users/carl.stanley/sites/UKCPA/ukcpa_flutter/build/ios/Debug-iphoneos/sqflite_darwin/sqflite_darwin.framework/Headers" "/Users/carl.stanley/sites/UKCPA/ukcpa_flutter/build/ios/Debug-iphoneos/url_launcher_ios/url_launcher_ios.framework/Headers" "/Users/carl.stanley/sites/UKCPA/ukcpa_flutter/build/ios/Debug-iphoneos/video_player_avfoundation/video_player_avfoundation.framework/Headers" "/Users/carl.stanley/sites/UKCPA/ukcpa_flutter/build/ios/Debug-iphoneos/wakelock_plus/wakelock_plus.framework/Headers"
               HIDE_BITCODE_SYMBOLS = YES
               HOME = /Users/carl.stanley
               HOST_ARCH = arm64
               HOST_PLATFORM = macosx
               ICONV = /usr/bin/iconv
               IMPLICIT_DEPENDENCY_DOMAIN = default
               INFOPLIST_ENABLE_CFBUNDLEICONS_MERGE = YES
               INFOPLIST_EXPAND_BUILD_SETTINGS = YES
               INFOPLIST_FILE = Runner/Info.plist
               INFOPLIST_OUTPUT_FORMAT = binary
               INFOPLIST_PATH = Runner.app/Info.plist
               INFOPLIST_PREPROCESS = NO
               INFOSTRINGS_PATH = Runner.app/en.lproj/InfoPlist.strings
               INLINE_PRIVATE_FRAMEWORKS = NO
               INSTALLHDRS_COPY_PHASE = NO
               INSTALLHDRS_SCRIPT_PHASE = NO
               INSTALL_DIR = /tmp/Runner.dst/Applications
               INSTALL_GROUP = staff
               INSTALL_MODE_FLAG = u+w,go-w,a+rX
               INSTALL_OWNER = carl.stanley
               INSTALL_PATH = /Applications
               INSTALL_ROOT = /tmp/Runner.dst
               IPHONEOS_DEPLOYMENT_TARGET = 12.0
               IS_UNOPTIMIZED_BUILD = YES
               JAVAC_DEFAULT_FLAGS = -J-Xms64m -J-XX:NewSize=4M -J-Dfile.encoding=UTF8
               JAVA_APP_STUB = /System/Library/Frameworks/JavaVM.framework/Resources/MacOS/JavaApplicationStub
               JAVA_ARCHIVE_CLASSES = YES
               JAVA_ARCHIVE_TYPE = JAR
               JAVA_COMPILER = /usr/bin/javac
               JAVA_FOLDER_PATH = Runner.app/Java
               JAVA_FRAMEWORK_RESOURCES_DIRS = Resources
               JAVA_JAR_FLAGS = cv
               JAVA_SOURCE_SUBDIR = .
               JAVA_USE_DEPENDENCIES = YES
               JAVA_ZIP_FLAGS = -urg
               JIKES_DEFAULT_FLAGS = +E +OLDCSO
               KASAN_CFLAGS_CLASSIC = -DKASAN=1 -DKASAN_CLASSIC=1 -fsanitize=address -mllvm -asan-globals-live-support -mllvm -asan-force-dynamic-shadow
               KASAN_CFLAGS_TBI = -DKASAN=1 -DKASAN_TBI=1 -fsanitize=kernel-hwaddress -mllvm -hwasan-recover=0 -mllvm -hwasan-instrument-atomics=0 -mllvm -hwasan-instrument-stack=1 -mllvm -hwasan-generate-tags-with-calls=1 -mllvm -hwasan-instrument-with-calls=1 -mllvm -hwasan-use-short-granules=0 -mllvm -hwasan-memory-access-callback-prefix=__asan_
               KASAN_DEFAULT_CFLAGS = -DKASAN=1 -DKASAN_CLASSIC=1 -fsanitize=address -mllvm -asan-globals-live-support -mllvm -asan-force-dynamic-shadow
               KEEP_PRIVATE_EXTERNS = NO
               LD_DEPENDENCY_INFO_FILE = /Users/carl.stanley/Library/Developer/Xcode/DerivedData/Runner-gwhubuzlrmjbyefytsnivwcvbkjq/Build/Intermediates.noindex/Runner.build/Debug-iphoneos/Runner.build/Objects-normal/undefined_arch/Runner_dependency_info.dat
               LD_EXPORT_SYMBOLS = YES
               LD_GENERATE_MAP_FILE = NO
               LD_MAP_FILE_PATH = /Users/carl.stanley/Library/Developer/Xcode/DerivedData/Runner-gwhubuzlrmjbyefytsnivwcvbkjq/Build/Intermediates.noindex/Runner.build/Debug-iphoneos/Runner.build/Runner-LinkMap-normal-undefined_arch.txt
               LD_NO_PIE = NO
               LD_QUOTE_LINKER_ARGUMENTS_FOR_COMPILER_DRIVER = YES
               LD_RUNPATH_SEARCH_PATHS =  /usr/lib/swift '@executable_path/Frameworks' '@loader_path/Frameworks' @executable_path/Frameworks
               LD_RUNPATH_SEARCH_PATHS_YES = @loader_path/../Frameworks
               LD_SHARED_CACHE_ELIGIBLE = Automatic
               LD_WARN_DUPLICATE_LIBRARIES = NO
               LD_WARN_UNUSED_DYLIBS = NO
               LEGACY_DEVELOPER_DIR = /Applications/Xcode.app/Contents/PlugIns/Xcode3Core.ideplugin/Contents/SharedSupport/Developer
               LEX = lex
               LIBRARY_DEXT_INSTALL_PATH = /Library/DriverExtensions
               LIBRARY_FLAG_NOSPACE = YES
               LIBRARY_FLAG_PREFIX = -l
               LIBRARY_KEXT_INSTALL_PATH = /Library/Extensions
               LIBRARY_SEARCH_PATHS = /Users/carl.stanley/sites/UKCPA/ukcpa_flutter/build/ios/Debug-iphoneos /Applications/Xcode.app/Contents/Developer/Toolchains/XcodeDefault.xctoolchain/usr/lib/swift/iphoneos /Applications/Xcode.app/Contents/Developer/Platforms/iPhoneOS.platform/Developer/SDKs/iPhoneOS18.0.sdk/usr/lib/swift /Applications/Xcode.app/Contents/Developer/Toolchains/XcodeDefault.xctoolchain/usr/lib/swift/iphoneos/ /Applications/Xcode.app/Contents/Developer/Platforms/iPhoneOS.platform/Developer/SDKs/iPhoneOS18.0.sdk/usr/lib/swift
               LINKER_DISPLAYS_MANGLED_NAMES = NO
               LINK_FILE_LIST_normal_arm64 = /Users/carl.stanley/Library/Developer/Xcode/DerivedData/Runner-gwhubuzlrmjbyefytsnivwcvbkjq/Build/Intermediates.noindex/Runner.build/Debug-iphoneos/Runner.build/Objects-normal/arm64/Runner.LinkFileList
               LINK_OBJC_RUNTIME = YES
               LINK_WITH_STANDARD_LIBRARIES = YES
               LLVM_TARGET_TRIPLE_OS_VERSION = ios12.0
               LLVM_TARGET_TRIPLE_VENDOR = apple
               LM_AUX_CONST_METADATA_LIST_PATH_normal_arm64 = /Users/carl.stanley/Library/Developer/Xcode/DerivedData/Runner-gwhubuzlrmjbyefytsnivwcvbkjq/Build/Intermediates.noindex/Runner.build/Debug-iphoneos/Runner.build/Objects-normal/arm64/Runner.SwiftConstValuesFileList
               LOCALIZATION_EXPORT_SUPPORTED = YES
               LOCALIZATION_PREFERS_STRING_CATALOGS = NO
               LOCALIZED_RESOURCES_FOLDER_PATH = Runner.app/en.lproj
               LOCALIZED_STRING_MACRO_NAMES = NSLocalizedString CFCopyLocalizedString
               LOCALIZED_STRING_SWIFTUI_SUPPORT = YES
               LOCAL_ADMIN_APPS_DIR = /Applications/Utilities
               LOCAL_APPS_DIR = /Applications
               LOCAL_DEVELOPER_DIR = /Library/Developer
               LOCAL_LIBRARY_DIR = /Library
               LOCROOT = /Users/carl.stanley/sites/UKCPA/ukcpa_flutter/ios
               LOCSYMROOT = /Users/carl.stanley/sites/UKCPA/ukcpa_flutter/ios
               MACH_O_TYPE = mh_execute
               MAC_OS_X_PRODUCT_BUILD_VERSION = 24G84
               MAC_OS_X_VERSION_ACTUAL = 150600
               MAC_OS_X_VERSION_MAJOR = 150000
               MAC_OS_X_VERSION_MINOR = 150600
               MAKE_MERGEABLE = NO
               MERGEABLE_LIBRARY = NO
               MERGED_BINARY_TYPE = none
               MERGE_LINKED_LIBRARIES = NO
               METAL_LIBRARY_FILE_BASE = default
               METAL_LIBRARY_OUTPUT_DIR = /Users/carl.stanley/sites/UKCPA/ukcpa_flutter/build/ios/Debug-iphoneos/Runner.app
               MODULES_FOLDER_PATH = Runner.app/Modules
               MODULE_CACHE_DIR = /Users/carl.stanley/Library/Developer/Xcode/DerivedData/ModuleCache.noindex
               MTL_ENABLE_DEBUG_INFO = YES
               NATIVE_ARCH = arm64
               NATIVE_ARCH_32_BIT = arm
               NATIVE_ARCH_64_BIT = arm64
               NATIVE_ARCH_ACTUAL = arm64
               NO_COMMON = YES
               OBJECT_FILE_DIR = /Users/carl.stanley/Library/Developer/Xcode/DerivedData/Runner-gwhubuzlrmjbyefytsnivwcvbkjq/Build/Intermediates.noindex/Runner.build/Debug-iphoneos/Runner.build/Objects
               OBJECT_FILE_DIR_normal = /Users/carl.stanley/Library/Developer/Xcode/DerivedData/Runner-gwhubuzlrmjbyefytsnivwcvbkjq/Build/Intermediates.noindex/Runner.build/Debug-iphoneos/Runner.build/Objects-normal
               OBJROOT = /Users/carl.stanley/Library/Developer/Xcode/DerivedData/Runner-gwhubuzlrmjbyefytsnivwcvbkjq/Build/Intermediates.noindex
               ONLY_ACTIVE_ARCH = NO
               OS = MACOS
               OSAC = /usr/bin/osacompile
               OTHER_LDFLAGS =  -ObjC -framework "CoreTelephony" -framework "Reachability" -framework "SystemConfiguration" -framework "TOCropViewController" -framework "UIKit" -framework "connectivity_plus" -framework "device_info_plus" -framework "flutter_secure_storage" -framework "image_cropper" -framework "image_picker_ios" -framework "integration_test" -framework "local_auth_darwin" -framework "package_info_plus" -framework "path_provider_foundation" -framework "permission_handler_apple" -framework "share_plus" -framework "shared_preferences_foundation" -framework "sqflite_darwin" -framework "url_launcher_ios" -framework "video_player_avfoundation" -framework "wakelock_plus" -weak_framework "LinkPresentation"
               OTHER_MODULE_VERIFIER_FLAGS =  "-F/Users/carl.stanley/sites/UKCPA/ukcpa_flutter/build/ios/Debug-iphoneos/Flutter" "-F/Users/carl.stanley/sites/UKCPA/ukcpa_flutter/build/ios/Debug-iphoneos/ReachabilitySwift" "-F/Users/carl.stanley/sites/UKCPA/ukcpa_flutter/build/ios/Debug-iphoneos/TOCropViewController" "-F/Users/carl.stanley/sites/UKCPA/ukcpa_flutter/build/ios/Debug-iphoneos/connectivity_plus" "-F/Users/carl.stanley/sites/UKCPA/ukcpa_flutter/build/ios/Debug-iphoneos/device_info_plus" "-F/Users/carl.stanley/sites/UKCPA/ukcpa_flutter/build/ios/Debug-iphoneos/flutter_secure_storage" "-F/Users/carl.stanley/sites/UKCPA/ukcpa_flutter/build/ios/Debug-iphoneos/image_cropper" "-F/Users/carl.stanley/sites/UKCPA/ukcpa_flutter/build/ios/Debug-iphoneos/image_picker_ios" "-F/Users/carl.stanley/sites/UKCPA/ukcpa_flutter/build/ios/Debug-iphoneos/integration_test" "-F/Users/carl.stanley/sites/UKCPA/ukcpa_flutter/build/ios/Debug-iphoneos/local_auth_darwin" "-F/Users/carl.stanley/sites/UKCPA/ukcpa_flutter/build/ios/Debug-iphoneos/package_info_plus" "-F/Users/carl.stanley/sites/UKCPA/ukcpa_flutter/build/ios/Debug-iphoneos/path_provider_foundation" "-F/Users/carl.stanley/sites/UKCPA/ukcpa_flutter/build/ios/Debug-iphoneos/permission_handler_apple" "-F/Users/carl.stanley/sites/UKCPA/ukcpa_flutter/build/ios/Debug-iphoneos/share_plus" "-F/Users/carl.stanley/sites/UKCPA/ukcpa_flutter/build/ios/Debug-iphoneos/shared_preferences_foundation" "-F/Users/carl.stanley/sites/UKCPA/ukcpa_flutter/build/ios/Debug-iphoneos/sqflite_darwin" "-F/Users/carl.stanley/sites/UKCPA/ukcpa_flutter/build/ios/Debug-iphoneos/url_launcher_ios" "-F/Users/carl.stanley/sites/UKCPA/ukcpa_flutter/build/ios/Debug-iphoneos/video_player_avfoundation" "-F/Users/carl.stanley/sites/UKCPA/ukcpa_flutter/build/ios/Debug-iphoneos/wakelock_plus"
               OTHER_SWIFT_FLAGS =  -D COCOAPODS
               PACKAGE_CONFIG = /Users/carl.stanley/sites/UKCPA/ukcpa_flutter/.dart_tool/package_config.json
               PACKAGE_TYPE = com.apple.package-type.wrapper.application
               PASCAL_STRINGS = YES
               PATH = /Applications/Xcode.app/Contents/SharedFrameworks/XCBuild.framework/Versions/A/PlugIns/XCBBuildService.bundle/Contents/PlugIns/XCBSpecifications.ideplugin/Contents/Resources:/Applications/Xcode.app/Contents/SharedFrameworks/XCBuild.framework/Versions/A/PlugIns/XCBBuildService.bundle/Contents/PlugIns/XCBSpecifications.ideplugin:/Applications/Xcode.app/Contents/Developer/Toolchains/XcodeDefault.xctoolchain/usr/bin:/Applications/Xcode.app/Contents/Developer/Toolchains/XcodeDefault.xctoolchain/usr/appleinternal/bin:/Applications/Xcode.app/Contents/Developer/Toolchains/XcodeDefault.xctoolchain/usr/local/bin:/Applications/Xcode.app/Contents/Developer/Toolchains/XcodeDefault.xctoolchain/usr/libexec:/Applications/Xcode.app/Contents/Developer/Platforms/iPhoneOS.platform/usr/bin:/Applications/Xcode.app/Contents/Developer/Platforms/iPhoneOS.platform/usr/appleinternal/bin:/Applications/Xcode.app/Contents/Developer/Platforms/iPhoneOS.platform/usr/local/bin:/Applications/Xcode.app/Contents/Developer/Platforms/iPhoneOS.platform/Developer/usr/bin:/Applications/Xcode.app/Contents/Developer/Platforms/iPhoneOS.platform/Developer/usr/local/bin:/Applications/Xcode.app/Contents/Developer/usr/bin:/Applications/Xcode.app/Contents/Developer/usr/local/bin:/opt/homebrew/Cellar/pyenv-virtualenv/1.2.4/shims:/Users/carl.stanley/.pyenv/shims:/Users/carl.stanley/.pyenv/bin:/Users/carl.stanley/.nvm/versions/node/v18.17.0/bin:/Users/carl.stanley/development/flutter/bin:/opt/homebrew/bin:/opt/homebrew/sbin:/Users/carl.stanley/.local/bin:/usr/local/bin:/System/Cryptexes/App/usr/bin:/usr/bin:/bin:/usr/sbin:/sbin:/var/run/com.apple.security.cryptexd/codex.system/bootstrap/usr/local/bin:/var/run/com.apple.security.cryptexd/codex.system/bootstrap/usr/bin:/var/run/com.apple.security.cryptexd/codex.system/bootstrap/usr/appleinternal/bin:/Library/Apple/usr/bin:/usr/local/sbin:/usr/local/go/bin:/Users/carl.stanley/.pub-cache/bin
               PATH_PREFIXES_EXCLUDED_FROM_HEADER_DEPENDENCIES = /usr/include /usr/local/include /System/Library/Frameworks /System/Library/PrivateFrameworks /Applications/Xcode.app/Contents/Developer/Headers /Applications/Xcode.app/Contents/Developer/SDKs /Applications/Xcode.app/Contents/Developer/Platforms
               PBDEVELOPMENTPLIST_PATH = Runner.app/pbdevelopment.plist
               PER_ARCH_OBJECT_FILE_DIR = /Users/carl.stanley/Library/Developer/Xcode/DerivedData/Runner-gwhubuzlrmjbyefytsnivwcvbkjq/Build/Intermediates.noindex/Runner.build/Debug-iphoneos/Runner.build/Objects-normal/undefined_arch
               PER_VARIANT_OBJECT_FILE_DIR = /Users/carl.stanley/Library/Developer/Xcode/DerivedData/Runner-gwhubuzlrmjbyefytsnivwcvbkjq/Build/Intermediates.noindex/Runner.build/Debug-iphoneos/Runner.build/Objects-normal
               PKGINFO_FILE_PATH = /Users/carl.stanley/Library/Developer/Xcode/DerivedData/Runner-gwhubuzlrmjbyefytsnivwcvbkjq/Build/Intermediates.noindex/Runner.build/Debug-iphoneos/Runner.build/PkgInfo
               PKGINFO_PATH = Runner.app/PkgInfo
               PLATFORM_DEVELOPER_APPLICATIONS_DIR = /Applications/Xcode.app/Contents/Developer/Platforms/iPhoneOS.platform/Developer/Applications
               PLATFORM_DEVELOPER_BIN_DIR = /Applications/Xcode.app/Contents/Developer/Platforms/iPhoneOS.platform/Developer/usr/bin
               PLATFORM_DEVELOPER_LIBRARY_DIR = /Applications/Xcode.app/Contents/Developer/Platforms/iPhoneOS.platform/Developer/Library
               PLATFORM_DEVELOPER_SDK_DIR = /Applications/Xcode.app/Contents/Developer/Platforms/iPhoneOS.platform/Developer/SDKs
               PLATFORM_DEVELOPER_TOOLS_DIR = /Applications/Xcode.app/Contents/Developer/Platforms/iPhoneOS.platform/Developer/Tools
               PLATFORM_DEVELOPER_USR_DIR = /Applications/Xcode.app/Contents/Developer/Platforms/iPhoneOS.platform/Developer/usr
               PLATFORM_DIR = /Applications/Xcode.app/Contents/Developer/Platforms/iPhoneOS.platform
               PLATFORM_DISPLAY_NAME = iOS
               PLATFORM_FAMILY_NAME = iOS
               PLATFORM_NAME = iphoneos
               PLATFORM_PREFERRED_ARCH = arm64
               PLATFORM_PRODUCT_BUILD_VERSION = 22A3362
               PLIST_FILE_OUTPUT_FORMAT = binary
               PLUGINS_FOLDER_PATH = Runner.app/PlugIns
               PODS_BUILD_DIR = /Users/carl.stanley/sites/UKCPA/ukcpa_flutter/build/ios
               PODS_CONFIGURATION_BUILD_DIR = /Users/carl.stanley/sites/UKCPA/ukcpa_flutter/build/ios/Debug-iphoneos
               PODS_PODFILE_DIR_PATH = /Users/carl.stanley/sites/UKCPA/ukcpa_flutter/ios/.
               PODS_ROOT = /Users/carl.stanley/sites/UKCPA/ukcpa_flutter/ios/Pods
               PODS_XCFRAMEWORKS_BUILD_DIR = /Users/carl.stanley/sites/UKCPA/ukcpa_flutter/build/ios/Debug-iphoneos/XCFrameworkIntermediates
               PRECOMPS_INCLUDE_HEADERS_FROM_BUILT_PRODUCTS_DIR = YES
               PRECOMP_DESTINATION_DIR = /Users/carl.stanley/Library/Developer/Xcode/DerivedData/Runner-gwhubuzlrmjbyefytsnivwcvbkjq/Build/Intermediates.noindex/Runner.build/Debug-iphoneos/Runner.build/PrefixHeaders
               PRIVATE_HEADERS_FOLDER_PATH = Runner.app/PrivateHeaders
               PROCESSED_INFOPLIST_PATH = /Users/carl.stanley/Library/Developer/Xcode/DerivedData/Runner-gwhubuzlrmjbyefytsnivwcvbkjq/Build/Intermediates.noindex/Runner.build/Debug-iphoneos/Runner.build/Objects-normal/undefined_arch/Processed-Info.plist
               PRODUCT_BUNDLE_IDENTIFIER = com.example.ukcpaFlutter
               PRODUCT_BUNDLE_PACKAGE_TYPE = APPL
               PRODUCT_MODULE_NAME = Runner
               PRODUCT_NAME = Runner
               PRODUCT_SETTINGS_PATH = /Users/carl.stanley/sites/UKCPA/ukcpa_flutter/ios/Runner/Info.plist
               PRODUCT_TYPE = com.apple.product-type.application
               PROFILING_CODE = NO
               PROJECT = Runner
               PROJECT_DERIVED_FILE_DIR = /Users/carl.stanley/Library/Developer/Xcode/DerivedData/Runner-gwhubuzlrmjbyefytsnivwcvbkjq/Build/Intermediates.noindex/Runner.build/DerivedSources
               PROJECT_DIR = /Users/carl.stanley/sites/UKCPA/ukcpa_flutter/ios
               PROJECT_FILE_PATH = /Users/carl.stanley/sites/UKCPA/ukcpa_flutter/ios/Runner.xcodeproj
               PROJECT_GUID = 18c1723432283e0cc55f10a6dcfd9e02
               PROJECT_NAME = Runner
               PROJECT_TEMP_DIR = /Users/carl.stanley/Library/Developer/Xcode/DerivedData/Runner-gwhubuzlrmjbyefytsnivwcvbkjq/Build/Intermediates.noindex/Runner.build
               PROJECT_TEMP_ROOT = /Users/carl.stanley/Library/Developer/Xcode/DerivedData/Runner-gwhubuzlrmjbyefytsnivwcvbkjq/Build/Intermediates.noindex
               PROVISIONING_PROFILE_REQUIRED = YES
               PROVISIONING_PROFILE_REQUIRED_YES_YES = YES
               PROVISIONING_PROFILE_SUPPORTED = YES
               PUBLIC_HEADERS_FOLDER_PATH = Runner.app/Headers
               RECOMMENDED_IPHONEOS_DEPLOYMENT_TARGET = 15.0
               RECURSIVE_SEARCH_PATHS_FOLLOW_SYMLINKS = YES
               REMOVE_CVS_FROM_RESOURCES = YES
               REMOVE_GIT_FROM_RESOURCES = YES
               REMOVE_HEADERS_FROM_EMBEDDED_BUNDLES = YES
               REMOVE_HG_FROM_RESOURCES = YES
               REMOVE_STATIC_EXECUTABLES_FROM_EMBEDDED_BUNDLES = YES
               REMOVE_SVN_FROM_RESOURCES = YES
               RESCHEDULE_INDEPENDENT_HEADERS_PHASES = YES
               REZ_COLLECTOR_DIR = /Users/carl.stanley/Library/Developer/Xcode/DerivedData/Runner-gwhubuzlrmjbyefytsnivwcvbkjq/Build/Intermediates.noindex/Runner.build/Debug-iphoneos/Runner.build/ResourceManagerResources
               REZ_OBJECTS_DIR = /Users/carl.stanley/Library/Developer/Xcode/DerivedData/Runner-gwhubuzlrmjbyefytsnivwcvbkjq/Build/Intermediates.noindex/Runner.build/Debug-iphoneos/Runner.build/ResourceManagerResources/Objects
               REZ_SEARCH_PATHS = /Users/carl.stanley/sites/UKCPA/ukcpa_flutter/build/ios/Debug-iphoneos 
               SCAN_ALL_SOURCE_FILES_FOR_INCLUDES = NO
               SCRIPTS_FOLDER_PATH = Runner.app/Scripts
               SDKROOT = /Applications/Xcode.app/Contents/Developer/Platforms/iPhoneOS.platform/Developer/SDKs/iPhoneOS18.0.sdk
               SDK_DIR = /Applications/Xcode.app/Contents/Developer/Platforms/iPhoneOS.platform/Developer/SDKs/iPhoneOS18.0.sdk
               SDK_DIR_iphoneos = /Applications/Xcode.app/Contents/Developer/Platforms/iPhoneOS.platform/Developer/SDKs/iPhoneOS18.0.sdk
               SDK_DIR_iphoneos18_0 = /Applications/Xcode.app/Contents/Developer/Platforms/iPhoneOS.platform/Developer/SDKs/iPhoneOS18.0.sdk
               SDK_NAME = iphoneos18.0
               SDK_NAMES = iphoneos18.0
               SDK_PRODUCT_BUILD_VERSION = 22A3362
               SDK_STAT_CACHE_DIR = /Users/carl.stanley/Library/Developer/Xcode/DerivedData
               SDK_STAT_CACHE_ENABLE = YES
               SDK_STAT_CACHE_PATH = /Users/carl.stanley/Library/Developer/Xcode/DerivedData/SDKStatCaches.noindex/iphoneos18.0-22A3362-8ec3fe4dca91fa9a941eaa2d5faad0e4.sdkstatcache
               SDK_VERSION = 18.0
               SDK_VERSION_ACTUAL = 180000
               SDK_VERSION_MAJOR = 180000
               SDK_VERSION_MINOR = 180000
               SED = /usr/bin/sed
               SEPARATE_STRIP = NO
               SEPARATE_SYMBOL_EDIT = NO
               SET_DIR_MODE_OWNER_GROUP = YES
               SET_FILE_MODE_OWNER_GROUP = NO
               SHALLOW_BUNDLE = YES
               SHALLOW_BUNDLE_TRIPLE = ios
               SHALLOW_BUNDLE_ios_macabi = NO
               SHALLOW_BUNDLE_macos = NO
               SHARED_DERIVED_FILE_DIR = /Users/carl.stanley/sites/UKCPA/ukcpa_flutter/build/ios/Debug-iphoneos/DerivedSources
               SHARED_FRAMEWORKS_FOLDER_PATH = Runner.app/SharedFrameworks
               SHARED_PRECOMPS_DIR = /Users/carl.stanley/Library/Developer/Xcode/DerivedData/Runner-gwhubuzlrmjbyefytsnivwcvbkjq/Build/Intermediates.noindex/PrecompiledHeaders
               SHARED_SUPPORT_FOLDER_PATH = Runner.app/SharedSupport
               SKIP_INSTALL = NO
               SOURCE_ROOT = /Users/carl.stanley/sites/UKCPA/ukcpa_flutter/ios
               SRCROOT = /Users/carl.stanley/sites/UKCPA/ukcpa_flutter/ios
               STRINGSDATA_DIR = /Users/carl.stanley/Library/Developer/Xcode/DerivedData/Runner-gwhubuzlrmjbyefytsnivwcvbkjq/Build/Intermediates.noindex/Runner.build/Debug-iphoneos/Runner.build/Objects-normal/undefined_arch
               STRINGSDATA_ROOT = /Users/carl.stanley/Library/Developer/Xcode/DerivedData/Runner-gwhubuzlrmjbyefytsnivwcvbkjq/Build/Intermediates.noindex/Runner.build/Debug-iphoneos/Runner.build
               STRINGS_FILE_INFOPLIST_RENAME = YES
               STRINGS_FILE_OUTPUT_ENCODING = binary
               STRIP_BITCODE_FROM_COPIED_FILES = YES
               STRIP_INSTALLED_PRODUCT = NO
               STRIP_STYLE = all
               STRIP_SWIFT_SYMBOLS = YES
               SUPPORTED_DEVICE_FAMILIES = 1,2
               SUPPORTED_PLATFORMS = iphoneos iphonesimulator
               SUPPORTS_MACCATALYST = NO
               SUPPORTS_MAC_DESIGNED_FOR_IPHONE_IPAD = YES
               SUPPORTS_ON_DEMAND_RESOURCES = YES
               SUPPORTS_TEXT_BASED_API = NO
               SUPPORTS_XR_DESIGNED_FOR_IPHONE_IPAD = YES
               SUPPRESS_WARNINGS = NO
               SWIFT_EMIT_LOC_STRINGS = NO
               SWIFT_OBJC_BRIDGING_HEADER = Runner/Runner-Bridging-Header.h
               SWIFT_OPTIMIZATION_LEVEL = -Onone
               SWIFT_PLATFORM_TARGET_PREFIX = ios
               SWIFT_RESPONSE_FILE_PATH_normal_arm64 = /Users/carl.stanley/Library/Developer/Xcode/DerivedData/Runner-gwhubuzlrmjbyefytsnivwcvbkjq/Build/Intermediates.noindex/Runner.build/Debug-iphoneos/Runner.build/Objects-normal/arm64/Runner.SwiftFileList
               SWIFT_VERSION = 5.0
               SYMROOT = /Users/carl.stanley/Library/Developer/Xcode/DerivedData/Runner-gwhubuzlrmjbyefytsnivwcvbkjq/Build/Products
               SYSTEM_ADMIN_APPS_DIR = /Applications/Utilities
               SYSTEM_APPS_DIR = /Applications
               SYSTEM_CORE_SERVICES_DIR = /System/Library/CoreServices
               SYSTEM_DEMOS_DIR = /Applications/Extras
               SYSTEM_DEVELOPER_APPS_DIR = /Applications/Xcode.app/Contents/Developer/Applications
               SYSTEM_DEVELOPER_BIN_DIR = /Applications/Xcode.app/Contents/Developer/usr/bin
               SYSTEM_DEVELOPER_DEMOS_DIR = /Applications/Xcode.app/Contents/Developer/Applications/Utilities/Built Examples
               SYSTEM_DEVELOPER_DIR = /Applications/Xcode.app/Contents/Developer
               SYSTEM_DEVELOPER_DOC_DIR = /Applications/Xcode.app/Contents/Developer/ADC Reference Library
               SYSTEM_DEVELOPER_GRAPHICS_TOOLS_DIR = /Applications/Xcode.app/Contents/Developer/Applications/Graphics Tools
               SYSTEM_DEVELOPER_JAVA_TOOLS_DIR = /Applications/Xcode.app/Contents/Developer/Applications/Java Tools
               SYSTEM_DEVELOPER_PERFORMANCE_TOOLS_DIR = /Applications/Xcode.app/Contents/Developer/Applications/Performance Tools
               SYSTEM_DEVELOPER_RELEASENOTES_DIR = /Applications/Xcode.app/Contents/Developer/ADC Reference Library/releasenotes
               SYSTEM_DEVELOPER_TOOLS = /Applications/Xcode.app/Contents/Developer/Tools
               SYSTEM_DEVELOPER_TOOLS_DOC_DIR = /Applications/Xcode.app/Contents/Developer/ADC Reference Library/documentation/DeveloperTools
               SYSTEM_DEVELOPER_TOOLS_RELEASENOTES_DIR = /Applications/Xcode.app/Contents/Developer/ADC Reference Library/releasenotes/DeveloperTools
               SYSTEM_DEVELOPER_USR_DIR = /Applications/Xcode.app/Contents/Developer/usr
               SYSTEM_DEVELOPER_UTILITIES_DIR = /Applications/Xcode.app/Contents/Developer/Applications/Utilities
               SYSTEM_DEXT_INSTALL_PATH = /System/Library/DriverExtensions
               SYSTEM_DOCUMENTATION_DIR = /Library/Documentation
               SYSTEM_EXTENSIONS_FOLDER_PATH = Runner.app/SystemExtensions
               SYSTEM_EXTENSIONS_FOLDER_PATH_SHALLOW_BUNDLE_NO = Runner.app/Library/SystemExtensions
               SYSTEM_EXTENSIONS_FOLDER_PATH_SHALLOW_BUNDLE_YES = Runner.app/SystemExtensions
               SYSTEM_KEXT_INSTALL_PATH = /System/Library/Extensions
               SYSTEM_LIBRARY_DIR = /System/Library
               TAPI_DEMANGLE = YES
               TAPI_ENABLE_PROJECT_HEADERS = NO
               TAPI_LANGUAGE = objective-c
               TAPI_LANGUAGE_STANDARD = compiler-default
               TAPI_USE_SRCROOT = YES
               TAPI_VERIFY_MODE = Pedantic
               TARGETED_DEVICE_FAMILY = 1,2
               TARGETNAME = Runner
               TARGET_BUILD_DIR = /Users/carl.stanley/sites/UKCPA/ukcpa_flutter/build/ios/Debug-iphoneos
               TARGET_NAME = Runner
               TARGET_TEMP_DIR = /Users/carl.stanley/Library/Developer/Xcode/DerivedData/Runner-gwhubuzlrmjbyefytsnivwcvbkjq/Build/Intermediates.noindex/Runner.build/Debug-iphoneos/Runner.build
               TEMP_DIR = /Users/carl.stanley/Library/Developer/Xcode/DerivedData/Runner-gwhubuzlrmjbyefytsnivwcvbkjq/Build/Intermediates.noindex/Runner.build/Debug-iphoneos/Runner.build
               TEMP_FILES_DIR = /Users/carl.stanley/Library/Developer/Xcode/DerivedData/Runner-gwhubuzlrmjbyefytsnivwcvbkjq/Build/Intermediates.noindex/Runner.build/Debug-iphoneos/Runner.build
               TEMP_FILE_DIR = /Users/carl.stanley/Library/Developer/Xcode/DerivedData/Runner-gwhubuzlrmjbyefytsnivwcvbkjq/Build/Intermediates.noindex/Runner.build/Debug-iphoneos/Runner.build
               TEMP_ROOT = /Users/carl.stanley/Library/Developer/Xcode/DerivedData/Runner-gwhubuzlrmjbyefytsnivwcvbkjq/Build/Intermediates.noindex
               TEST_FRAMEWORK_SEARCH_PATHS =  /Applications/Xcode.app/Contents/Developer/Platforms/iPhoneOS.platform/Developer/Library/Frameworks /Applications/Xcode.app/Contents/Developer/Platforms/iPhoneOS.platform/Developer/SDKs/iPhoneOS18.0.sdk/Developer/Library/Frameworks
               TEST_LIBRARY_SEARCH_PATHS =  /Applications/Xcode.app/Contents/Developer/Platforms/iPhoneOS.platform/Developer/usr/lib
               TOOLCHAINS = com.apple.dt.toolchain.XcodeDefault
               TOOLCHAIN_DIR = /Applications/Xcode.app/Contents/Developer/Toolchains/XcodeDefault.xctoolchain
               TRACK_WIDGET_CREATION = true
               TREAT_MISSING_BASELINES_AS_TEST_FAILURES = NO
               TREAT_MISSING_SCRIPT_PHASE_OUTPUTS_AS_ERRORS = NO
               TREE_SHAKE_ICONS = false
               UID = 502
               UNINSTALLED_PRODUCTS_DIR = /Users/carl.stanley/Library/Developer/Xcode/DerivedData/Runner-gwhubuzlrmjbyefytsnivwcvbkjq/Build/Intermediates.noindex/UninstalledProducts
               UNLOCALIZED_RESOURCES_FOLDER_PATH = Runner.app
               UNLOCALIZED_RESOURCES_FOLDER_PATH_SHALLOW_BUNDLE_NO = Runner.app/Resources
               UNLOCALIZED_RESOURCES_FOLDER_PATH_SHALLOW_BUNDLE_YES = Runner.app
               UNSTRIPPED_PRODUCT = NO
               USER = carl.stanley
               USER_APPS_DIR = /Users/carl.stanley/Applications
               USER_LIBRARY_DIR = /Users/carl.stanley/Library
               USE_DYNAMIC_NO_PIC = YES
               USE_HEADERMAP = YES
               USE_HEADER_SYMLINKS = NO
               USE_RECURSIVE_SCRIPT_INPUTS_IN_SCRIPT_PHASES = YES
               VALIDATE_DEVELOPMENT_ASSET_PATHS = YES_ERROR
               VALIDATE_PRODUCT = NO
               VALID_ARCHS = arm64 arm64e armv7 armv7s
               VERBOSE_PBXCP = NO
               VERSIONING_SYSTEM = apple-generic
               VERSIONPLIST_PATH = Runner.app/version.plist
               VERSION_INFO_BUILDER = carl.stanley
               VERSION_INFO_FILE = Runner_vers.c
               VERSION_INFO_STRING = "@(#)PROGRAM:Runner  PROJECT:Runner-1"
               WORKSPACE_DIR = /Users/carl.stanley/sites/UKCPA/ukcpa_flutter/ios/Runner.xcodeproj
               WRAPPER_EXTENSION = app
               WRAPPER_NAME = Runner.app
               WRAPPER_SUFFIX = .app
               WRAP_ASSET_PACKS_IN_SEPARATE_DIRECTORIES = NO
               XCODE_APP_SUPPORT_DIR = /Applications/Xcode.app/Contents/Developer/Library/Xcode
               XCODE_PRODUCT_BUILD_VERSION = 16A242d
               XCODE_VERSION_ACTUAL = 1600
               XCODE_VERSION_MAJOR = 1600
               XCODE_VERSION_MINOR = 1600
               XPCSERVICES_FOLDER_PATH = Runner.app/XPCServices
               YACC = yacc
               _WRAPPER_CONTENTS_DIR_SHALLOW_BUNDLE_NO = /Contents
               _WRAPPER_PARENT_PATH_SHALLOW_BUNDLE_NO = /..
               _WRAPPER_RESOURCES_DIR_SHALLOW_BUNDLE_NO = /Resources
               __IS_NOT_MACOS = YES
               __IS_NOT_MACOS_macosx = NO
               __IS_NOT_SIMULATOR = YES
               __IS_NOT_SIMULATOR_simulator = NO
               arch = undefined_arch
               variant = normal
[   +4 ms] executing: /usr/bin/plutil -convert xml1 -o - /Users/carl.stanley/sites/UKCPA/ukcpa_flutter/ios/Runner/Info.plist
[  +63 ms] Exit code 0 from: /usr/bin/plutil -convert xml1 -o - /Users/carl.stanley/sites/UKCPA/ukcpa_flutter/ios/Runner/Info.plist
[        ] <?xml version="1.0" encoding="UTF-8"?>
           <!DOCTYPE plist PUBLIC "-//Apple//DTD PLIST 1.0//EN" "http://www.apple.com/DTDs/PropertyList-1.0.dtd">
           <plist version="1.0">
           <dict>
           	<key>CADisableMinimumFrameDurationOnPhone</key>
           	<true/>
           	<key>CFBundleDevelopmentRegion</key>
           	<string>$(DEVELOPMENT_LANGUAGE)</string>
           	<key>CFBundleDisplayName</key>
           	<string>Ukcpa Flutter</string>
           	<key>CFBundleExecutable</key>
           	<string>$(EXECUTABLE_NAME)</string>
           	<key>CFBundleIdentifier</key>
           	<string>$(PRODUCT_BUNDLE_IDENTIFIER)</string>
           	<key>CFBundleInfoDictionaryVersion</key>
           	<string>6.0</string>
           	<key>CFBundleName</key>
           	<string>ukcpa_flutter</string>
           	<key>CFBundlePackageType</key>
           	<string>APPL</string>
           	<key>CFBundleShortVersionString</key>
           	<string>$(FLUTTER_BUILD_NAME)</string>
           	<key>CFBundleSignature</key>
           	<string>????</string>
           	<key>CFBundleVersion</key>
           	<string>$(FLUTTER_BUILD_NUMBER)</string>
           	<key>LSRequiresIPhoneOS</key>
           	<true/>
           	<key>UIApplicationSupportsIndirectInputEvents</key>
           	<true/>
           	<key>UILaunchStoryboardName</key>
           	<string>LaunchScreen</string>
           	<key>UIMainStoryboardFile</key>
           	<string>Main</string>
           	<key>UISupportedInterfaceOrientations</key>
           	<array>
           		<string>UIInterfaceOrientationPortrait</string>
           		<string>UIInterfaceOrientationLandscapeLeft</string>
           		<string>UIInterfaceOrientationLandscapeRight</string>
           	</array>
           	<key>UISupportedInterfaceOrientations~ipad</key>
           	<array>
           		<string>UIInterfaceOrientationPortrait</string>
           		<string>UIInterfaceOrientationPortraitUpsideDown</string>
           		<string>UIInterfaceOrientationLandscapeLeft</string>
           		<string>UIInterfaceOrientationLandscapeRight</string>
           	</array>
           </dict>
           </plist>
[  +32 ms] Building Runner for 00724C24-F12F-4CA6-A33E-8FD8714B05CA.
[  +20 ms] The Swift Package Manager feature is off. Skipping the migration that adds Swift Package Manager integration...
[  +10 ms] executing: xattr -r -d com.apple.FinderInfo /Users/carl.stanley/sites/UKCPA/ukcpa_flutter
[ +205 ms] Failed to remove xattr com.apple.FinderInfo from /Users/carl.stanley/sites/UKCPA/ukcpa_flutter
[   +1 ms] executing: [/Users/carl.stanley/sites/UKCPA/ukcpa_flutter/ios/Runner.xcodeproj/] /usr/bin/arch -arm64e xcrun xcodebuild -project /Users/carl.stanley/sites/UKCPA/ukcpa_flutter/ios/Runner.xcodeproj -scheme Runner -configuration Debug -sdk iphonesimulator -destination id=00724C24-F12F-4CA6-A33E-8FD8714B05CA -showBuildSettings BUILD_DIR=/Users/carl.stanley/sites/UKCPA/ukcpa_flutter/build/ios
[        ] executing: [/Users/carl.stanley/sites/UKCPA/ukcpa_flutter/ios/Runner.xcodeproj/] /usr/bin/arch -arm64e xcrun xcodebuild -project /Users/carl.stanley/sites/UKCPA/ukcpa_flutter/ios/Runner.xcodeproj -scheme Runner -configuration Debug -sdk iphonesimulator -destination id=00724C24-F12F-4CA6-A33E-8FD8714B05CA -showBuildSettings BUILD_DIR=/Users/carl.stanley/sites/UKCPA/ukcpa_flutter/build/ios
00:02 +0: loading /Users/carl.stanley/sites/UKCPA/ukcpa_flutter/integration_test/app_test.dart                                                                                                         [ +725 ms] Command line invocation:
               /Applications/Xcode.app/Contents/Developer/usr/bin/xcodebuild -project /Users/carl.stanley/sites/UKCPA/ukcpa_flutter/ios/Runner.xcodeproj -scheme Runner -configuration Debug -sdk iphonesimulator -destination id=00724C24-F12F-4CA6-A33E-8FD8714B05CA -showBuildSettings BUILD_DIR=/Users/carl.stanley/sites/UKCPA/ukcpa_flutter/build/ios

           User defaults from command line:
               IDEPackageSupportUseBuiltinSCM = YES

           Build settings from command line:
               BUILD_DIR = /Users/carl.stanley/sites/UKCPA/ukcpa_flutter/build/ios
               SDKROOT = iphonesimulator18.0

           Build settings for action build and target Runner:
               ACTION = build
               AD_HOC_CODE_SIGNING_ALLOWED = YES
               AGGREGATE_TRACKED_DOMAINS = YES
               ALLOW_BUILD_REQUEST_OVERRIDES = NO
               ALLOW_TARGET_PLATFORM_SPECIALIZATION = NO
               ALTERNATE_GROUP = staff
               ALTERNATE_MODE = u+w,go-w,a+rX
               ALTERNATE_OWNER = carl.stanley
               ALTERNATIVE_DISTRIBUTION_WEB = NO
               ALWAYS_EMBED_SWIFT_STANDARD_LIBRARIES = YES
               ALWAYS_SEARCH_USER_PATHS = NO
               ALWAYS_USE_SEPARATE_HEADERMAPS = NO
               APPLE_INTERNAL_DEVELOPER_DIR = /AppleInternal/Developer
               APPLE_INTERNAL_DIR = /AppleInternal
               APPLE_INTERNAL_DOCUMENTATION_DIR = /AppleInternal/Documentation
               APPLE_INTERNAL_LIBRARY_DIR = /AppleInternal/Library
               APPLE_INTERNAL_TOOLS = /AppleInternal/Developer/Tools
               APPLICATION_EXTENSION_API_ONLY = NO
               APPLY_RULES_IN_COPY_FILES = NO
               APPLY_RULES_IN_COPY_HEADERS = NO
               APP_SHORTCUTS_ENABLE_FLEXIBLE_MATCHING = YES
               ARCHS = arm64
               ARCHS_STANDARD = arm64 x86_64
               ARCHS_STANDARD_32_64_BIT = arm64 i386 x86_64
               ARCHS_STANDARD_32_BIT = i386
               ARCHS_STANDARD_64_BIT = arm64 x86_64
               ARCHS_STANDARD_INCLUDING_64_BIT = arm64 x86_64
               ARCHS_UNIVERSAL_IPHONE_OS = arm64 i386 x86_64
               ASSETCATALOG_COMPILER_APPICON_NAME = AppIcon
               ASSETCATALOG_COMPILER_GENERATE_ASSET_SYMBOLS = YES
               ASSETCATALOG_COMPILER_GENERATE_SWIFT_ASSET_SYMBOL_EXTENSIONS = YES
               ASSETCATALOG_FILTER_FOR_DEVICE_MODEL = iPhone17,1
               ASSETCATALOG_FILTER_FOR_DEVICE_OS_VERSION = 18.0
               ASSETCATALOG_FILTER_FOR_THINNING_DEVICE_CONFIGURATION = iPhone17,1
               AUTOMATICALLY_MERGE_DEPENDENCIES = NO
               AVAILABLE_PLATFORMS = appletvos appletvsimulator driverkit iphoneos iphonesimulator macosx watchos watchsimulator xros xrsimulator
               BITCODE_GENERATION_MODE = marker
               BUILD_ACTIVE_RESOURCES_ONLY = YES
               BUILD_COMPONENTS = headers build
               BUILD_DIR = /Users/carl.stanley/sites/UKCPA/ukcpa_flutter/build/ios
               BUILD_LIBRARY_FOR_DISTRIBUTION = NO
               BUILD_ROOT = /Users/carl.stanley/Library/Developer/Xcode/DerivedData/Runner-gwhubuzlrmjbyefytsnivwcvbkjq/Build/Products
               BUILD_STYLE = 
               BUILD_VARIANTS = normal
               BUILT_PRODUCTS_DIR = /Users/carl.stanley/sites/UKCPA/ukcpa_flutter/build/ios/Debug-iphonesimulator
               BUNDLE_CONTENTS_FOLDER_PATH_deep = Contents/
               BUNDLE_EXECUTABLE_FOLDER_NAME_deep = MacOS
               BUNDLE_EXTENSIONS_FOLDER_PATH = Extensions
               BUNDLE_FORMAT = shallow
               BUNDLE_FRAMEWORKS_FOLDER_PATH = Frameworks
               BUNDLE_PLUGINS_FOLDER_PATH = PlugIns
               BUNDLE_PRIVATE_HEADERS_FOLDER_PATH = PrivateHeaders
               BUNDLE_PUBLIC_HEADERS_FOLDER_PATH = Headers
               CACHE_ROOT = /var/folders/20/skb3d8qx2hn9r9z8036y32g40000gp/C/com.apple.DeveloperTools/16.0-16A242d/Xcode
               CCHROOT = /var/folders/20/skb3d8qx2hn9r9z8036y32g40000gp/C/com.apple.DeveloperTools/16.0-16A242d/Xcode
               CHMOD = /bin/chmod
               CHOWN = /usr/sbin/chown
               CLANG_ANALYZER_NONNULL = YES
               CLANG_CACHE_FINE_GRAINED_OUTPUTS = YES
               CLANG_CXX_LANGUAGE_STANDARD = gnu++0x
               CLANG_CXX_LIBRARY = libc++
               CLANG_ENABLE_EXPLICIT_MODULES = YES
               CLANG_ENABLE_MODULES = YES
               CLANG_ENABLE_OBJC_ARC = YES
               CLANG_MODULES_BUILD_SESSION_FILE = /Users/carl.stanley/Library/Developer/Xcode/DerivedData/ModuleCache.noindex/Session.modulevalidation
               CLANG_WARN_BLOCK_CAPTURE_AUTORELEASING = YES
               CLANG_WARN_BOOL_CONVERSION = YES
               CLANG_WARN_COMMA = YES
               CLANG_WARN_CONSTANT_CONVERSION = YES
               CLANG_WARN_DEPRECATED_OBJC_IMPLEMENTATIONS = YES
               CLANG_WARN_DIRECT_OBJC_ISA_USAGE = YES_ERROR
               CLANG_WARN_EMPTY_BODY = YES
               CLANG_WARN_ENUM_CONVERSION = YES
               CLANG_WARN_INFINITE_RECURSION = YES
               CLANG_WARN_INT_CONVERSION = YES
               CLANG_WARN_NON_LITERAL_NULL_CONVERSION = YES
               CLANG_WARN_OBJC_IMPLICIT_RETAIN_SELF = YES
               CLANG_WARN_OBJC_LITERAL_CONVERSION = YES
               CLANG_WARN_OBJC_ROOT_CLASS = YES_ERROR
               CLANG_WARN_QUOTED_INCLUDE_IN_FRAMEWORK_HEADER = NO
               CLANG_WARN_RANGE_LOOP_ANALYSIS = YES
               CLANG_WARN_STRICT_PROTOTYPES = YES
               CLANG_WARN_SUSPICIOUS_MOVE = YES
               CLANG_WARN_UNREACHABLE_CODE = YES
               CLANG_WARN__DUPLICATE_METHOD_MATCH = YES
               CLASS_FILE_DIR = /Users/carl.stanley/Library/Developer/Xcode/DerivedData/Runner-gwhubuzlrmjbyefytsnivwcvbkjq/Build/Intermediates.noindex/Runner.build/Debug-iphonesimulator/Runner.build/JavaClasses
               CLEAN_PRECOMPS = YES
               CLONE_HEADERS = NO
               COCOAPODS_PARALLEL_CODE_SIGN = true
               CODESIGNING_FOLDER_PATH = /Users/carl.stanley/sites/UKCPA/ukcpa_flutter/build/ios/Debug-iphonesimulator/Runner.app
               CODE_SIGNING_ALLOWED = YES
               CODE_SIGNING_REQUIRED = YES
               CODE_SIGN_CONTEXT_CLASS = XCiPhoneSimulatorCodeSignContext
               CODE_SIGN_IDENTITY = -
               CODE_SIGN_INJECT_BASE_ENTITLEMENTS = YES
               COLOR_DIAGNOSTICS = NO
               COMBINE_HIDPI_IMAGES = NO
               COMPILATION_CACHE_CAS_PATH = /Users/carl.stanley/Library/Developer/Xcode/DerivedData/CompilationCache.noindex
               COMPILATION_CACHE_KEEP_CAS_DIRECTORY = YES
               COMPILER_INDEX_STORE_ENABLE = Default
               COMPOSITE_SDK_DIRS = /Users/carl.stanley/Library/Developer/Xcode/DerivedData/Runner-gwhubuzlrmjbyefytsnivwcvbkjq/Build/Intermediates.noindex/CompositeSDKs
               COMPRESS_PNG_FILES = YES
               CONFIGURATION = Debug
               CONFIGURATION_BUILD_DIR = /Users/carl.stanley/sites/UKCPA/ukcpa_flutter/build/ios/Debug-iphonesimulator
               CONFIGURATION_TEMP_DIR = /Users/carl.stanley/Library/Developer/Xcode/DerivedData/Runner-gwhubuzlrmjbyefytsnivwcvbkjq/Build/Intermediates.noindex/Runner.build/Debug-iphonesimulator
               CONTENTS_FOLDER_PATH = Runner.app
               CONTENTS_FOLDER_PATH_SHALLOW_BUNDLE_NO = Runner.app/Contents
               CONTENTS_FOLDER_PATH_SHALLOW_BUNDLE_YES = Runner.app
               COPYING_PRESERVES_HFS_DATA = NO
               COPY_HEADERS_RUN_UNIFDEF = NO
               COPY_PHASE_STRIP = NO
               CORRESPONDING_DEVICE_PLATFORM_DIR = /Applications/Xcode.app/Contents/Developer/Platforms/iPhoneOS.platform
               CORRESPONDING_DEVICE_PLATFORM_NAME = iphoneos
               CORRESPONDING_DEVICE_SDK_DIR = /Applications/Xcode.app/Contents/Developer/Platforms/iPhoneOS.platform/Developer/SDKs/iPhoneOS18.0.sdk
               CORRESPONDING_DEVICE_SDK_NAME = iphoneos18.0
               CP = /bin/cp
               CREATE_INFOPLIST_SECTION_IN_BINARY = NO
               CURRENT_ARCH = undefined_arch
               CURRENT_PROJECT_VERSION = 1
               CURRENT_VARIANT = normal
               DART_DEFINES = RkxVVFRFUl9WRVJTSU9OPTMuMzIuOA==,RkxVVFRFUl9DSEFOTkVMPXN0YWJsZQ==,RkxVVFRFUl9HSVRfVVJMPWh0dHBzOi8vZ2l0aHViLmNvbS9mbHV0dGVyL2ZsdXR0ZXIuZ2l0,RkxVVFRFUl9GUkFNRVdPUktfUkVWSVNJT049ZWRhZGE3YzU2ZQ==,RkxVVFRFUl9FTkdJTkVfUkVWSVNJT049ZWYwY2QwMDA5MQ==,RkxVVFRFUl9EQVJUX1ZFUlNJT049My44LjE=,SU5URUdSQVRJT05fVEVTVF9TSE9VTERfUkVQT1JUX1JFU1VMVFNfVE9fTkFUSVZFPWZhbHNl
               DART_OBFUSCATION = false
               DEAD_CODE_STRIPPING = YES
               DEBUGGING_SYMBOLS = YES
               DEBUG_INFORMATION_FORMAT = dwarf
               DEBUG_INFORMATION_VERSION = compiler-default
               DEFAULT_COMPILER = com.apple.compilers.llvm.clang.1_0
               DEFAULT_DEXT_INSTALL_PATH = /System/Library/DriverExtensions
               DEFAULT_KEXT_INSTALL_PATH = /System/Library/Extensions
               DEFINES_MODULE = NO
               DEPLOYMENT_LOCATION = NO
               DEPLOYMENT_POSTPROCESSING = NO
               DEPLOYMENT_TARGET_SETTING_NAME = IPHONEOS_DEPLOYMENT_TARGET
               DEPLOYMENT_TARGET_SUGGESTED_VALUES = 12.0 12.1 12.2 12.3 12.4 13.0 13.1 13.2 13.3 13.4 13.5 13.6 14.0 14.1 14.2 14.3 14.4 14.5 14.6 14.7 15.0 15.1 15.2 15.3 15.4 15.5 15.6 16.0 16.1 16.2 16.3 16.4 16.5 16.6 17.0 17.1 17.2 17.3 17.4 17.5 17.6 18.0
               DERIVED_FILES_DIR = /Users/carl.stanley/Library/Developer/Xcode/DerivedData/Runner-gwhubuzlrmjbyefytsnivwcvbkjq/Build/Intermediates.noindex/Runner.build/Debug-iphonesimulator/Runner.build/DerivedSources
               DERIVED_FILE_DIR = /Users/carl.stanley/Library/Developer/Xcode/DerivedData/Runner-gwhubuzlrmjbyefytsnivwcvbkjq/Build/Intermediates.noindex/Runner.build/Debug-iphonesimulator/Runner.build/DerivedSources
               DERIVED_SOURCES_DIR = /Users/carl.stanley/Library/Developer/Xcode/DerivedData/Runner-gwhubuzlrmjbyefytsnivwcvbkjq/Build/Intermediates.noindex/Runner.build/Debug-iphonesimulator/Runner.build/DerivedSources
               DEVELOPER_APPLICATIONS_DIR = /Applications/Xcode.app/Contents/Developer/Applications
               DEVELOPER_BIN_DIR = /Applications/Xcode.app/Contents/Developer/usr/bin
               DEVELOPER_DIR = /Applications/Xcode.app/Contents/Developer
               DEVELOPER_FRAMEWORKS_DIR = /Applications/Xcode.app/Contents/Developer/Library/Frameworks
               DEVELOPER_FRAMEWORKS_DIR_QUOTED = /Applications/Xcode.app/Contents/Developer/Library/Frameworks
               DEVELOPER_LIBRARY_DIR = /Applications/Xcode.app/Contents/Developer/Library
               DEVELOPER_SDK_DIR = /Applications/Xcode.app/Contents/Developer/Platforms/MacOSX.platform/Developer/SDKs
               DEVELOPER_TOOLS_DIR = /Applications/Xcode.app/Contents/Developer/Tools
               DEVELOPER_USR_DIR = /Applications/Xcode.app/Contents/Developer/usr
               DEVELOPMENT_LANGUAGE = en
               DIFF = /usr/bin/diff
               DOCUMENTATION_FOLDER_PATH = Runner.app/en.lproj/Documentation
               DONT_GENERATE_INFOPLIST_FILE = NO
               DSTROOT = /tmp/Runner.dst
               DT_TOOLCHAIN_DIR = /Applications/Xcode.app/Contents/Developer/Toolchains/XcodeDefault.xctoolchain
               DWARF_DSYM_FILE_NAME = Runner.app.dSYM
               DWARF_DSYM_FILE_SHOULD_ACCOMPANY_PRODUCT = NO
               DWARF_DSYM_FOLDER_PATH = /Users/carl.stanley/sites/UKCPA/ukcpa_flutter/build/ios/Debug-iphonesimulator
               DYNAMIC_LIBRARY_EXTENSION = dylib
               EAGER_COMPILATION_ALLOW_SCRIPTS = NO
               EAGER_LINKING = NO
               EFFECTIVE_PLATFORM_NAME = -iphonesimulator
               EMBEDDED_CONTENT_CONTAINS_SWIFT = NO
               EMBED_ASSET_PACKS_IN_PRODUCT_BUNDLE = NO
               ENABLE_APP_SANDBOX = NO
               ENABLE_BITCODE = NO
               ENABLE_CODE_COVERAGE = YES
               ENABLE_DEBUG_DYLIB = YES
               ENABLE_DEFAULT_HEADER_SEARCH_PATHS = YES
               ENABLE_DEFAULT_SEARCH_PATHS = YES
               ENABLE_HARDENED_RUNTIME = NO
               ENABLE_HEADER_DEPENDENCIES = YES
               ENABLE_ON_DEMAND_RESOURCES = YES
               ENABLE_STRICT_OBJC_MSGSEND = YES
               ENABLE_TESTABILITY = YES
               ENABLE_TESTING_SEARCH_PATHS = NO
               ENABLE_USER_SCRIPT_SANDBOXING = NO
               ENTITLEMENTS_ALLOWED = NO
               ENTITLEMENTS_DESTINATION = __entitlements
               ENTITLEMENTS_REQUIRED = NO
               EXCLUDED_ARCHS = i386
               EXCLUDED_INSTALLSRC_SUBDIRECTORY_PATTERNS = .DS_Store .svn .git .hg CVS
               EXCLUDED_RECURSIVE_SEARCH_PATH_SUBDIRECTORIES = *.nib *.lproj *.framework *.gch *.xcode* *.xcassets (*) .DS_Store CVS .svn .git .hg *.pbproj *.pbxproj
               EXECUTABLES_FOLDER_PATH = Runner.app/Executables
               EXECUTABLE_FOLDER_PATH = Runner.app
               EXECUTABLE_FOLDER_PATH_SHALLOW_BUNDLE_NO = Runner.app/MacOS
               EXECUTABLE_FOLDER_PATH_SHALLOW_BUNDLE_YES = Runner.app
               EXECUTABLE_NAME = Runner
               EXECUTABLE_PATH = Runner.app/Runner
               EXTENSIONS_FOLDER_PATH = Runner.app/Extensions
               FILE_LIST = /Users/carl.stanley/Library/Developer/Xcode/DerivedData/Runner-gwhubuzlrmjbyefytsnivwcvbkjq/Build/Intermediates.noindex/Runner.build/Debug-iphonesimulator/Runner.build/Objects/LinkFileList
               FIXED_FILES_DIR = /Users/carl.stanley/Library/Developer/Xcode/DerivedData/Runner-gwhubuzlrmjbyefytsnivwcvbkjq/Build/Intermediates.noindex/Runner.build/Debug-iphonesimulator/Runner.build/FixedFiles
               FLUTTER_APPLICATION_PATH = /Users/carl.stanley/sites/UKCPA/ukcpa_flutter
               FLUTTER_BUILD_DIR = build
               FLUTTER_BUILD_NAME = 1.0.0
               FLUTTER_BUILD_NUMBER = 1
               FLUTTER_ROOT = /Users/carl.stanley/development/flutter
               FLUTTER_TARGET = /var/folders/20/skb3d8qx2hn9r9z8036y32g40000gp/T/flutter_tools.ObPJ9E/flutter_test_listener.VOuFG7/listener.dart
               FRAMEWORKS_FOLDER_PATH = Runner.app/Frameworks
               FRAMEWORK_FLAG_PREFIX = -framework
               FRAMEWORK_SEARCH_PATHS = /Users/carl.stanley/sites/UKCPA/ukcpa_flutter/build/ios/Debug-iphonesimulator  "/Users/carl.stanley/sites/UKCPA/ukcpa_flutter/build/ios/Debug-iphonesimulator/ReachabilitySwift" "/Users/carl.stanley/sites/UKCPA/ukcpa_flutter/build/ios/Debug-iphonesimulator/TOCropViewController" "/Users/carl.stanley/sites/UKCPA/ukcpa_flutter/build/ios/Debug-iphonesimulator/connectivity_plus" "/Users/carl.stanley/sites/UKCPA/ukcpa_flutter/build/ios/Debug-iphonesimulator/device_info_plus" "/Users/carl.stanley/sites/UKCPA/ukcpa_flutter/build/ios/Debug-iphonesimulator/flutter_secure_storage" "/Users/carl.stanley/sites/UKCPA/ukcpa_flutter/build/ios/Debug-iphonesimulator/image_cropper" "/Users/carl.stanley/sites/UKCPA/ukcpa_flutter/build/ios/Debug-iphonesimulator/image_picker_ios" "/Users/carl.stanley/sites/UKCPA/ukcpa_flutter/build/ios/Debug-iphonesimulator/integration_test" "/Users/carl.stanley/sites/UKCPA/ukcpa_flutter/build/ios/Debug-iphonesimulator/local_auth_darwin" "/Users/carl.stanley/sites/UKCPA/ukcpa_flutter/build/ios/Debug-iphonesimulator/package_info_plus" "/Users/carl.stanley/sites/UKCPA/ukcpa_flutter/build/ios/Debug-iphonesimulator/path_provider_foundation" "/Users/carl.stanley/sites/UKCPA/ukcpa_flutter/build/ios/Debug-iphonesimulator/permission_handler_apple" "/Users/carl.stanley/sites/UKCPA/ukcpa_flutter/build/ios/Debug-iphonesimulator/share_plus" "/Users/carl.stanley/sites/UKCPA/ukcpa_flutter/build/ios/Debug-iphonesimulator/shared_preferences_foundation" "/Users/carl.stanley/sites/UKCPA/ukcpa_flutter/build/ios/Debug-iphonesimulator/sqflite_darwin" "/Users/carl.stanley/sites/UKCPA/ukcpa_flutter/build/ios/Debug-iphonesimulator/url_launcher_ios" "/Users/carl.stanley/sites/UKCPA/ukcpa_flutter/build/ios/Debug-iphonesimulator/video_player_avfoundation" "/Users/carl.stanley/sites/UKCPA/ukcpa_flutter/build/ios/Debug-iphonesimulator/wakelock_plus"
               FRAMEWORK_VERSION = A
               FULL_PRODUCT_NAME = Runner.app
               FUSE_BUILD_PHASES = YES
               FUSE_BUILD_SCRIPT_PHASES = NO
               GCC3_VERSION = 3.3
               GCC_C_LANGUAGE_STANDARD = gnu99
               GCC_DYNAMIC_NO_PIC = NO
               GCC_INLINES_ARE_PRIVATE_EXTERN = YES
               GCC_NO_COMMON_BLOCKS = YES
               GCC_OBJC_LEGACY_DISPATCH = YES
               GCC_OPTIMIZATION_LEVEL = 0
               GCC_PFE_FILE_C_DIALECTS = c objective-c c++ objective-c++
               GCC_PREPROCESSOR_DEFINITIONS = DEBUG=1  COCOAPODS=1
               GCC_SYMBOLS_PRIVATE_EXTERN = NO
               GCC_TREAT_WARNINGS_AS_ERRORS = NO
               GCC_VERSION = com.apple.compilers.llvm.clang.1_0
               GCC_VERSION_IDENTIFIER = com_apple_compilers_llvm_clang_1_0
               GCC_WARN_64_TO_32_BIT_CONVERSION = YES
               GCC_WARN_ABOUT_RETURN_TYPE = YES_ERROR
               GCC_WARN_UNDECLARED_SELECTOR = YES
               GCC_WARN_UNINITIALIZED_AUTOS = YES_AGGRESSIVE
               GCC_WARN_UNUSED_FUNCTION = YES
               GCC_WARN_UNUSED_VARIABLE = YES
               GENERATED_MODULEMAP_DIR = /Users/carl.stanley/Library/Developer/Xcode/DerivedData/Runner-gwhubuzlrmjbyefytsnivwcvbkjq/Build/Intermediates.noindex/GeneratedModuleMaps-iphonesimulator
               GENERATE_INFOPLIST_FILE = NO
               GENERATE_INTERMEDIATE_TEXT_BASED_STUBS = YES
               GENERATE_MASTER_OBJECT_FILE = NO
               GENERATE_PKGINFO_FILE = YES
               GENERATE_PROFILING_CODE = NO
               GENERATE_TEXT_BASED_STUBS = NO
               GID = 20
               GROUP = staff
               HEADERMAP_INCLUDES_FLAT_ENTRIES_FOR_TARGET_BEING_BUILT = YES
               HEADERMAP_INCLUDES_FRAMEWORK_ENTRIES_FOR_ALL_PRODUCT_TYPES = YES
               HEADERMAP_INCLUDES_FRAMEWORK_ENTRIES_FOR_TARGETS_NOT_BEING_BUILT = YES
               HEADERMAP_INCLUDES_NONPUBLIC_NONPRIVATE_HEADERS = YES
               HEADERMAP_INCLUDES_PROJECT_HEADERS = YES
               HEADERMAP_USES_FRAMEWORK_PREFIX_ENTRIES = YES
               HEADERMAP_USES_VFS = NO
               HEADER_SEARCH_PATHS = /Users/carl.stanley/sites/UKCPA/ukcpa_flutter/build/ios/Debug-iphonesimulator/include  "/Users/carl.stanley/sites/UKCPA/ukcpa_flutter/build/ios/Debug-iphonesimulator/ReachabilitySwift/Reachability.framework/Headers" "/Users/carl.stanley/sites/UKCPA/ukcpa_flutter/build/ios/Debug-iphonesimulator/TOCropViewController/TOCropViewController.framework/Headers" "/Users/carl.stanley/sites/UKCPA/ukcpa_flutter/build/ios/Debug-iphonesimulator/connectivity_plus/connectivity_plus.framework/Headers" "/Users/carl.stanley/sites/UKCPA/ukcpa_flutter/build/ios/Debug-iphonesimulator/device_info_plus/device_info_plus.framework/Headers" "/Users/carl.stanley/sites/UKCPA/ukcpa_flutter/build/ios/Debug-iphonesimulator/flutter_secure_storage/flutter_secure_storage.framework/Headers" "/Users/carl.stanley/sites/UKCPA/ukcpa_flutter/build/ios/Debug-iphonesimulator/image_cropper/image_cropper.framework/Headers" "/Users/carl.stanley/sites/UKCPA/ukcpa_flutter/build/ios/Debug-iphonesimulator/image_picker_ios/image_picker_ios.framework/Headers" "/Users/carl.stanley/sites/UKCPA/ukcpa_flutter/build/ios/Debug-iphonesimulator/integration_test/integration_test.framework/Headers" "/Users/carl.stanley/sites/UKCPA/ukcpa_flutter/build/ios/Debug-iphonesimulator/local_auth_darwin/local_auth_darwin.framework/Headers" "/Users/carl.stanley/sites/UKCPA/ukcpa_flutter/build/ios/Debug-iphonesimulator/package_info_plus/package_info_plus.framework/Headers" "/Users/carl.stanley/sites/UKCPA/ukcpa_flutter/build/ios/Debug-iphonesimulator/path_provider_foundation/path_provider_foundation.framework/Headers" "/Users/carl.stanley/sites/UKCPA/ukcpa_flutter/build/ios/Debug-iphonesimulator/permission_handler_apple/permission_handler_apple.framework/Headers" "/Users/carl.stanley/sites/UKCPA/ukcpa_flutter/build/ios/Debug-iphonesimulator/share_plus/share_plus.framework/Headers" "/Users/carl.stanley/sites/UKCPA/ukcpa_flutter/build/ios/Debug-iphonesimulator/shared_preferences_foundation/shared_preferences_foundation.framework/Headers" "/Users/carl.stanley/sites/UKCPA/ukcpa_flutter/build/ios/Debug-iphonesimulator/sqflite_darwin/sqflite_darwin.framework/Headers" "/Users/carl.stanley/sites/UKCPA/ukcpa_flutter/build/ios/Debug-iphonesimulator/url_launcher_ios/url_launcher_ios.framework/Headers" "/Users/carl.stanley/sites/UKCPA/ukcpa_flutter/build/ios/Debug-iphonesimulator/video_player_avfoundation/video_player_avfoundation.framework/Headers" "/Users/carl.stanley/sites/UKCPA/ukcpa_flutter/build/ios/Debug-iphonesimulator/wakelock_plus/wakelock_plus.framework/Headers"
               HIDE_BITCODE_SYMBOLS = YES
               HOME = /Users/carl.stanley
               HOST_ARCH = arm64
               HOST_PLATFORM = macosx
               ICONV = /usr/bin/iconv
               IMPLICIT_DEPENDENCY_DOMAIN = default
               INFOPLIST_ENABLE_CFBUNDLEICONS_MERGE = YES
               INFOPLIST_EXPAND_BUILD_SETTINGS = YES
               INFOPLIST_FILE = Runner/Info.plist
               INFOPLIST_OUTPUT_FORMAT = binary
               INFOPLIST_PATH = Runner.app/Info.plist
               INFOPLIST_PREPROCESS = NO
               INFOSTRINGS_PATH = Runner.app/en.lproj/InfoPlist.strings
               INLINE_PRIVATE_FRAMEWORKS = NO
               INSTALLHDRS_COPY_PHASE = NO
               INSTALLHDRS_SCRIPT_PHASE = NO
               INSTALL_DIR = /tmp/Runner.dst/Applications
               INSTALL_GROUP = staff
               INSTALL_MODE_FLAG = u+w,go-w,a+rX
               INSTALL_OWNER = carl.stanley
               INSTALL_PATH = /Applications
               INSTALL_ROOT = /tmp/Runner.dst
               IPHONEOS_DEPLOYMENT_TARGET = 12.0
               IS_UNOPTIMIZED_BUILD = YES
               JAVAC_DEFAULT_FLAGS = -J-Xms64m -J-XX:NewSize=4M -J-Dfile.encoding=UTF8
               JAVA_APP_STUB = /System/Library/Frameworks/JavaVM.framework/Resources/MacOS/JavaApplicationStub
               JAVA_ARCHIVE_CLASSES = YES
               JAVA_ARCHIVE_TYPE = JAR
               JAVA_COMPILER = /usr/bin/javac
               JAVA_FOLDER_PATH = Runner.app/Java
               JAVA_FRAMEWORK_RESOURCES_DIRS = Resources
               JAVA_JAR_FLAGS = cv
               JAVA_SOURCE_SUBDIR = .
               JAVA_USE_DEPENDENCIES = YES
               JAVA_ZIP_FLAGS = -urg
               JIKES_DEFAULT_FLAGS = +E +OLDCSO
               KEEP_PRIVATE_EXTERNS = NO
               LD_DEPENDENCY_INFO_FILE = /Users/carl.stanley/Library/Developer/Xcode/DerivedData/Runner-gwhubuzlrmjbyefytsnivwcvbkjq/Build/Intermediates.noindex/Runner.build/Debug-iphonesimulator/Runner.build/Objects-normal/undefined_arch/Runner_dependency_info.dat
               LD_EXPORT_SYMBOLS = YES
               LD_GENERATE_MAP_FILE = NO
               LD_MAP_FILE_PATH = /Users/carl.stanley/Library/Developer/Xcode/DerivedData/Runner-gwhubuzlrmjbyefytsnivwcvbkjq/Build/Intermediates.noindex/Runner.build/Debug-iphonesimulator/Runner.build/Runner-LinkMap-normal-undefined_arch.txt
               LD_NO_PIE = NO
               LD_QUOTE_LINKER_ARGUMENTS_FOR_COMPILER_DRIVER = YES
               LD_RUNPATH_SEARCH_PATHS =  /usr/lib/swift '@executable_path/Frameworks' '@loader_path/Frameworks' @executable_path/Frameworks
               LD_RUNPATH_SEARCH_PATHS_YES = @loader_path/../Frameworks
               LD_SHARED_CACHE_ELIGIBLE = Automatic
               LD_WARN_DUPLICATE_LIBRARIES = NO
               LD_WARN_UNUSED_DYLIBS = NO
               LEGACY_DEVELOPER_DIR = /Applications/Xcode.app/Contents/PlugIns/Xcode3Core.ideplugin/Contents/SharedSupport/Developer
               LEX = lex
               LIBRARY_DEXT_INSTALL_PATH = /Library/DriverExtensions
               LIBRARY_FLAG_NOSPACE = YES
               LIBRARY_FLAG_PREFIX = -l
               LIBRARY_KEXT_INSTALL_PATH = /Library/Extensions
               LIBRARY_SEARCH_PATHS = /Users/carl.stanley/sites/UKCPA/ukcpa_flutter/build/ios/Debug-iphonesimulator /Applications/Xcode.app/Contents/Developer/Toolchains/XcodeDefault.xctoolchain/usr/lib/swift/iphonesimulator /Applications/Xcode.app/Contents/Developer/Platforms/iPhoneSimulator.platform/Developer/SDKs/iPhoneSimulator18.0.sdk/usr/lib/swift /Applications/Xcode.app/Contents/Developer/Toolchains/XcodeDefault.xctoolchain/usr/lib/swift/iphonesimulator/ /Applications/Xcode.app/Contents/Developer/Platforms/iPhoneSimulator.platform/Developer/SDKs/iPhoneSimulator18.0.sdk/usr/lib/swift
               LINKER_DISPLAYS_MANGLED_NAMES = NO
               LINK_FILE_LIST_normal_arm64 = /Users/carl.stanley/Library/Developer/Xcode/DerivedData/Runner-gwhubuzlrmjbyefytsnivwcvbkjq/Build/Intermediates.noindex/Runner.build/Debug-iphonesimulator/Runner.build/Objects-normal/arm64/Runner.LinkFileList
               LINK_OBJC_RUNTIME = YES
               LINK_WITH_STANDARD_LIBRARIES = YES
               LLVM_TARGET_TRIPLE_OS_VERSION = ios12.0
               LLVM_TARGET_TRIPLE_SUFFIX = -simulator
               LLVM_TARGET_TRIPLE_VENDOR = apple
               LM_AUX_CONST_METADATA_LIST_PATH_normal_arm64 = /Users/carl.stanley/Library/Developer/Xcode/DerivedData/Runner-gwhubuzlrmjbyefytsnivwcvbkjq/Build/Intermediates.noindex/Runner.build/Debug-iphonesimulator/Runner.build/Objects-normal/arm64/Runner.SwiftConstValuesFileList
               LOCALIZATION_EXPORT_SUPPORTED = YES
               LOCALIZATION_PREFERS_STRING_CATALOGS = NO
               LOCALIZED_RESOURCES_FOLDER_PATH = Runner.app/en.lproj
               LOCALIZED_STRING_MACRO_NAMES = NSLocalizedString CFCopyLocalizedString
               LOCALIZED_STRING_SWIFTUI_SUPPORT = YES
               LOCAL_ADMIN_APPS_DIR = /Applications/Utilities
               LOCAL_APPS_DIR = /Applications
               LOCAL_DEVELOPER_DIR = /Library/Developer
               LOCAL_LIBRARY_DIR = /Library
               LOCROOT = /Users/carl.stanley/sites/UKCPA/ukcpa_flutter/ios
               LOCSYMROOT = /Users/carl.stanley/sites/UKCPA/ukcpa_flutter/ios
               MACH_O_TYPE = mh_execute
               MAC_OS_X_PRODUCT_BUILD_VERSION = 24G84
               MAC_OS_X_VERSION_ACTUAL = 150600
               MAC_OS_X_VERSION_MAJOR = 150000
               MAC_OS_X_VERSION_MINOR = 150600
               MAKE_MERGEABLE = NO
               MERGEABLE_LIBRARY = NO
               MERGED_BINARY_TYPE = none
               MERGE_LINKED_LIBRARIES = NO
               METAL_LIBRARY_FILE_BASE = default
               METAL_LIBRARY_OUTPUT_DIR = /Users/carl.stanley/sites/UKCPA/ukcpa_flutter/build/ios/Debug-iphonesimulator/Runner.app
               MODULES_FOLDER_PATH = Runner.app/Modules
               MODULE_CACHE_DIR = /Users/carl.stanley/Library/Developer/Xcode/DerivedData/ModuleCache.noindex
               MTL_ENABLE_DEBUG_INFO = YES
               NATIVE_ARCH = arm64
               NATIVE_ARCH_32_BIT = arm
               NATIVE_ARCH_64_BIT = arm64
               NATIVE_ARCH_ACTUAL = arm64
               NO_COMMON = YES
               OBJC_ABI_VERSION = 2
               OBJECT_FILE_DIR = /Users/carl.stanley/Library/Developer/Xcode/DerivedData/Runner-gwhubuzlrmjbyefytsnivwcvbkjq/Build/Intermediates.noindex/Runner.build/Debug-iphonesimulator/Runner.build/Objects
               OBJECT_FILE_DIR_normal = /Users/carl.stanley/Library/Developer/Xcode/DerivedData/Runner-gwhubuzlrmjbyefytsnivwcvbkjq/Build/Intermediates.noindex/Runner.build/Debug-iphonesimulator/Runner.build/Objects-normal
               OBJROOT = /Users/carl.stanley/Library/Developer/Xcode/DerivedData/Runner-gwhubuzlrmjbyefytsnivwcvbkjq/Build/Intermediates.noindex
               ONLY_ACTIVE_ARCH = YES
               OS = MACOS
               OSAC = /usr/bin/osacompile
               OTHER_LDFLAGS =  -ObjC -framework "CoreTelephony" -framework "Reachability" -framework "SystemConfiguration" -framework "TOCropViewController" -framework "UIKit" -framework "connectivity_plus" -framework "device_info_plus" -framework "flutter_secure_storage" -framework "image_cropper" -framework "image_picker_ios" -framework "integration_test" -framework "local_auth_darwin" -framework "package_info_plus" -framework "path_provider_foundation" -framework "permission_handler_apple" -framework "share_plus" -framework "shared_preferences_foundation" -framework "sqflite_darwin" -framework "url_launcher_ios" -framework "video_player_avfoundation" -framework "wakelock_plus" -weak_framework "LinkPresentation"
               OTHER_MODULE_VERIFIER_FLAGS =  "-F/Users/carl.stanley/sites/UKCPA/ukcpa_flutter/build/ios/Debug-iphonesimulator/Flutter" "-F/Users/carl.stanley/sites/UKCPA/ukcpa_flutter/build/ios/Debug-iphonesimulator/ReachabilitySwift" "-F/Users/carl.stanley/sites/UKCPA/ukcpa_flutter/build/ios/Debug-iphonesimulator/TOCropViewController" "-F/Users/carl.stanley/sites/UKCPA/ukcpa_flutter/build/ios/Debug-iphonesimulator/connectivity_plus" "-F/Users/carl.stanley/sites/UKCPA/ukcpa_flutter/build/ios/Debug-iphonesimulator/device_info_plus" "-F/Users/carl.stanley/sites/UKCPA/ukcpa_flutter/build/ios/Debug-iphonesimulator/flutter_secure_storage" "-F/Users/carl.stanley/sites/UKCPA/ukcpa_flutter/build/ios/Debug-iphonesimulator/image_cropper" "-F/Users/carl.stanley/sites/UKCPA/ukcpa_flutter/build/ios/Debug-iphonesimulator/image_picker_ios" "-F/Users/carl.stanley/sites/UKCPA/ukcpa_flutter/build/ios/Debug-iphonesimulator/integration_test" "-F/Users/carl.stanley/sites/UKCPA/ukcpa_flutter/build/ios/Debug-iphonesimulator/local_auth_darwin" "-F/Users/carl.stanley/sites/UKCPA/ukcpa_flutter/build/ios/Debug-iphonesimulator/package_info_plus" "-F/Users/carl.stanley/sites/UKCPA/ukcpa_flutter/build/ios/Debug-iphonesimulator/path_provider_foundation" "-F/Users/carl.stanley/sites/UKCPA/ukcpa_flutter/build/ios/Debug-iphonesimulator/permission_handler_apple" "-F/Users/carl.stanley/sites/UKCPA/ukcpa_flutter/build/ios/Debug-iphonesimulator/share_plus" "-F/Users/carl.stanley/sites/UKCPA/ukcpa_flutter/build/ios/Debug-iphonesimulator/shared_preferences_foundation" "-F/Users/carl.stanley/sites/UKCPA/ukcpa_flutter/build/ios/Debug-iphonesimulator/sqflite_darwin" "-F/Users/carl.stanley/sites/UKCPA/ukcpa_flutter/build/ios/Debug-iphonesimulator/url_launcher_ios" "-F/Users/carl.stanley/sites/UKCPA/ukcpa_flutter/build/ios/Debug-iphonesimulator/video_player_avfoundation" "-F/Users/carl.stanley/sites/UKCPA/ukcpa_flutter/build/ios/Debug-iphonesimulator/wakelock_plus"
               OTHER_SWIFT_FLAGS =  -D COCOAPODS
               PACKAGE_CONFIG = /Users/carl.stanley/sites/UKCPA/ukcpa_flutter/.dart_tool/package_config.json
               PACKAGE_TYPE = com.apple.package-type.wrapper.application
               PASCAL_STRINGS = YES
               PATH = /Applications/Xcode.app/Contents/SharedFrameworks/XCBuild.framework/Versions/A/PlugIns/XCBBuildService.bundle/Contents/PlugIns/XCBSpecifications.ideplugin/Contents/Resources:/Applications/Xcode.app/Contents/SharedFrameworks/XCBuild.framework/Versions/A/PlugIns/XCBBuildService.bundle/Contents/PlugIns/XCBSpecifications.ideplugin:/Applications/Xcode.app/Contents/Developer/Toolchains/XcodeDefault.xctoolchain/usr/bin:/Applications/Xcode.app/Contents/Developer/Toolchains/XcodeDefault.xctoolchain/usr/appleinternal/bin:/Applications/Xcode.app/Contents/Developer/Toolchains/XcodeDefault.xctoolchain/usr/local/bin:/Applications/Xcode.app/Contents/Developer/Toolchains/XcodeDefault.xctoolchain/usr/libexec:/Applications/Xcode.app/Contents/Developer/Platforms/iPhoneSimulator.platform/usr/bin:/Applications/Xcode.app/Contents/Developer/Platforms/iPhoneSimulator.platform/usr/appleinternal/bin:/Applications/Xcode.app/Contents/Developer/Platforms/iPhoneSimulator.platform/usr/local/bin:/Applications/Xcode.app/Contents/Developer/Platforms/iPhoneSimulator.platform/Developer/usr/bin:/Applications/Xcode.app/Contents/Developer/Platforms/iPhoneSimulator.platform/Developer/usr/local/bin:/Applications/Xcode.app/Contents/Developer/usr/bin:/Applications/Xcode.app/Contents/Developer/usr/local/bin:/opt/homebrew/Cellar/pyenv-virtualenv/1.2.4/shims:/Users/carl.stanley/.pyenv/shims:/Users/carl.stanley/.pyenv/bin:/Users/carl.stanley/.nvm/versions/node/v18.17.0/bin:/Users/carl.stanley/development/flutter/bin:/opt/homebrew/bin:/opt/homebrew/sbin:/Users/carl.stanley/.local/bin:/usr/local/bin:/System/Cryptexes/App/usr/bin:/usr/bin:/bin:/usr/sbin:/sbin:/var/run/com.apple.security.cryptexd/codex.system/bootstrap/usr/local/bin:/var/run/com.apple.security.cryptexd/codex.system/bootstrap/usr/bin:/var/run/com.apple.security.cryptexd/codex.system/bootstrap/usr/appleinternal/bin:/Library/Apple/usr/bin:/usr/local/sbin:/usr/local/go/bin:/Users/carl.stanley/.pub-cache/bin
               PATH_PREFIXES_EXCLUDED_FROM_HEADER_DEPENDENCIES = /usr/include /usr/local/include /System/Library/Frameworks /System/Library/PrivateFrameworks /Applications/Xcode.app/Contents/Developer/Headers /Applications/Xcode.app/Contents/Developer/SDKs /Applications/Xcode.app/Contents/Developer/Platforms
               PBDEVELOPMENTPLIST_PATH = Runner.app/pbdevelopment.plist
               PER_ARCH_OBJECT_FILE_DIR = /Users/carl.stanley/Library/Developer/Xcode/DerivedData/Runner-gwhubuzlrmjbyefytsnivwcvbkjq/Build/Intermediates.noindex/Runner.build/Debug-iphonesimulator/Runner.build/Objects-normal/undefined_arch
               PER_VARIANT_OBJECT_FILE_DIR = /Users/carl.stanley/Library/Developer/Xcode/DerivedData/Runner-gwhubuzlrmjbyefytsnivwcvbkjq/Build/Intermediates.noindex/Runner.build/Debug-iphonesimulator/Runner.build/Objects-normal
               PKGINFO_FILE_PATH = /Users/carl.stanley/Library/Developer/Xcode/DerivedData/Runner-gwhubuzlrmjbyefytsnivwcvbkjq/Build/Intermediates.noindex/Runner.build/Debug-iphonesimulator/Runner.build/PkgInfo
               PKGINFO_PATH = Runner.app/PkgInfo
               PLATFORM_DEVELOPER_APPLICATIONS_DIR = /Applications/Xcode.app/Contents/Developer/Platforms/iPhoneSimulator.platform/Developer/Applications
               PLATFORM_DEVELOPER_BIN_DIR = /Applications/Xcode.app/Contents/Developer/Platforms/iPhoneSimulator.platform/Developer/usr/bin
               PLATFORM_DEVELOPER_LIBRARY_DIR = /Applications/Xcode.app/Contents/Developer/Platforms/iPhoneSimulator.platform/Developer/Library
               PLATFORM_DEVELOPER_SDK_DIR = /Applications/Xcode.app/Contents/Developer/Platforms/iPhoneSimulator.platform/Developer/SDKs
               PLATFORM_DEVELOPER_TOOLS_DIR = /Applications/Xcode.app/Contents/Developer/Platforms/iPhoneSimulator.platform/Developer/Tools
               PLATFORM_DEVELOPER_USR_DIR = /Applications/Xcode.app/Contents/Developer/Platforms/iPhoneSimulator.platform/Developer/usr
               PLATFORM_DIR = /Applications/Xcode.app/Contents/Developer/Platforms/iPhoneSimulator.platform
               PLATFORM_DISPLAY_NAME = iOS Simulator
               PLATFORM_FAMILY_NAME = iOS
               PLATFORM_NAME = iphonesimulator
               PLATFORM_PREFERRED_ARCH = x86_64
               PLATFORM_PRODUCT_BUILD_VERSION = 22A3362
               PLIST_FILE_OUTPUT_FORMAT = binary
               PLUGINS_FOLDER_PATH = Runner.app/PlugIns
               PODS_BUILD_DIR = /Users/carl.stanley/sites/UKCPA/ukcpa_flutter/build/ios
               PODS_CONFIGURATION_BUILD_DIR = /Users/carl.stanley/sites/UKCPA/ukcpa_flutter/build/ios/Debug-iphonesimulator
               PODS_PODFILE_DIR_PATH = /Users/carl.stanley/sites/UKCPA/ukcpa_flutter/ios/.
               PODS_ROOT = /Users/carl.stanley/sites/UKCPA/ukcpa_flutter/ios/Pods
               PODS_XCFRAMEWORKS_BUILD_DIR = /Users/carl.stanley/sites/UKCPA/ukcpa_flutter/build/ios/Debug-iphonesimulator/XCFrameworkIntermediates
               PRECOMPS_INCLUDE_HEADERS_FROM_BUILT_PRODUCTS_DIR = YES
               PRECOMP_DESTINATION_DIR = /Users/carl.stanley/Library/Developer/Xcode/DerivedData/Runner-gwhubuzlrmjbyefytsnivwcvbkjq/Build/Intermediates.noindex/Runner.build/Debug-iphonesimulator/Runner.build/PrefixHeaders
               PRIVATE_HEADERS_FOLDER_PATH = Runner.app/PrivateHeaders
               PROCESSED_INFOPLIST_PATH = /Users/carl.stanley/Library/Developer/Xcode/DerivedData/Runner-gwhubuzlrmjbyefytsnivwcvbkjq/Build/Intermediates.noindex/Runner.build/Debug-iphonesimulator/Runner.build/Objects-normal/undefined_arch/Processed-Info.plist
               PRODUCT_BUNDLE_IDENTIFIER = com.example.ukcpaFlutter
               PRODUCT_BUNDLE_PACKAGE_TYPE = APPL
               PRODUCT_MODULE_NAME = Runner
               PRODUCT_NAME = Runner
               PRODUCT_SETTINGS_PATH = /Users/carl.stanley/sites/UKCPA/ukcpa_flutter/ios/Runner/Info.plist
               PRODUCT_TYPE = com.apple.product-type.application
               PROFILING_CODE = NO
               PROJECT = Runner
               PROJECT_DERIVED_FILE_DIR = /Users/carl.stanley/Library/Developer/Xcode/DerivedData/Runner-gwhubuzlrmjbyefytsnivwcvbkjq/Build/Intermediates.noindex/Runner.build/DerivedSources
               PROJECT_DIR = /Users/carl.stanley/sites/UKCPA/ukcpa_flutter/ios
               PROJECT_FILE_PATH = /Users/carl.stanley/sites/UKCPA/ukcpa_flutter/ios/Runner.xcodeproj
               PROJECT_GUID = 18c1723432283e0cc55f10a6dcfd9e02
               PROJECT_NAME = Runner
               PROJECT_TEMP_DIR = /Users/carl.stanley/Library/Developer/Xcode/DerivedData/Runner-gwhubuzlrmjbyefytsnivwcvbkjq/Build/Intermediates.noindex/Runner.build
               PROJECT_TEMP_ROOT = /Users/carl.stanley/Library/Developer/Xcode/DerivedData/Runner-gwhubuzlrmjbyefytsnivwcvbkjq/Build/Intermediates.noindex
               PROVISIONING_PROFILE_REQUIRED = NO
               PROVISIONING_PROFILE_REQUIRED_YES_YES = YES
               PROVISIONING_PROFILE_SUPPORTED = YES
               PUBLIC_HEADERS_FOLDER_PATH = Runner.app/Headers
               RECOMMENDED_IPHONEOS_DEPLOYMENT_TARGET = 15.0
               RECURSIVE_SEARCH_PATHS_FOLLOW_SYMLINKS = YES
               REMOVE_CVS_FROM_RESOURCES = YES
               REMOVE_GIT_FROM_RESOURCES = YES
               REMOVE_HEADERS_FROM_EMBEDDED_BUNDLES = YES
               REMOVE_HG_FROM_RESOURCES = YES
               REMOVE_STATIC_EXECUTABLES_FROM_EMBEDDED_BUNDLES = YES
               REMOVE_SVN_FROM_RESOURCES = YES
               RESCHEDULE_INDEPENDENT_HEADERS_PHASES = YES
               REZ_COLLECTOR_DIR = /Users/carl.stanley/Library/Developer/Xcode/DerivedData/Runner-gwhubuzlrmjbyefytsnivwcvbkjq/Build/Intermediates.noindex/Runner.build/Debug-iphonesimulator/Runner.build/ResourceManagerResources
               REZ_OBJECTS_DIR = /Users/carl.stanley/Library/Developer/Xcode/DerivedData/Runner-gwhubuzlrmjbyefytsnivwcvbkjq/Build/Intermediates.noindex/Runner.build/Debug-iphonesimulator/Runner.build/ResourceManagerResources/Objects
               REZ_SEARCH_PATHS = /Users/carl.stanley/sites/UKCPA/ukcpa_flutter/build/ios/Debug-iphonesimulator 
               SCAN_ALL_SOURCE_FILES_FOR_INCLUDES = NO
               SCRIPTS_FOLDER_PATH = Runner.app/Scripts
               SDKROOT = /Applications/Xcode.app/Contents/Developer/Platforms/iPhoneSimulator.platform/Developer/SDKs/iPhoneSimulator18.0.sdk
               SDK_DIR = /Applications/Xcode.app/Contents/Developer/Platforms/iPhoneSimulator.platform/Developer/SDKs/iPhoneSimulator18.0.sdk
               SDK_DIR_iphonesimulator = /Applications/Xcode.app/Contents/Developer/Platforms/iPhoneSimulator.platform/Developer/SDKs/iPhoneSimulator18.0.sdk
               SDK_DIR_iphonesimulator18_0 = /Applications/Xcode.app/Contents/Developer/Platforms/iPhoneSimulator.platform/Developer/SDKs/iPhoneSimulator18.0.sdk
               SDK_NAME = iphonesimulator18.0
               SDK_NAMES = iphonesimulator18.0
               SDK_PRODUCT_BUILD_VERSION = 22A3362
               SDK_STAT_CACHE_DIR = /Users/carl.stanley/Library/Developer/Xcode/DerivedData
               SDK_STAT_CACHE_ENABLE = YES
               SDK_STAT_CACHE_PATH = /Users/carl.stanley/Library/Developer/Xcode/DerivedData/SDKStatCaches.noindex/iphonesimulator18.0-22A3362-db63dc9361471f152f572502bdbfe70a.sdkstatcache
               SDK_VERSION = 18.0
               SDK_VERSION_ACTUAL = 180000
               SDK_VERSION_MAJOR = 180000
               SDK_VERSION_MINOR = 180000
               SED = /usr/bin/sed
               SEPARATE_STRIP = NO
               SEPARATE_SYMBOL_EDIT = NO
               SET_DIR_MODE_OWNER_GROUP = YES
               SET_FILE_MODE_OWNER_GROUP = NO
               SHALLOW_BUNDLE = YES
               SHALLOW_BUNDLE_TRIPLE = ios-simulator
               SHALLOW_BUNDLE_ios_macabi = NO
               SHALLOW_BUNDLE_macos = NO
               SHARED_DERIVED_FILE_DIR = /Users/carl.stanley/sites/UKCPA/ukcpa_flutter/build/ios/Debug-iphonesimulator/DerivedSources
               SHARED_FRAMEWORKS_FOLDER_PATH = Runner.app/SharedFrameworks
               SHARED_PRECOMPS_DIR = /Users/carl.stanley/Library/Developer/Xcode/DerivedData/Runner-gwhubuzlrmjbyefytsnivwcvbkjq/Build/Intermediates.noindex/PrecompiledHeaders
               SHARED_SUPPORT_FOLDER_PATH = Runner.app/SharedSupport
               SKIP_INSTALL = NO
               SOURCE_ROOT = /Users/carl.stanley/sites/UKCPA/ukcpa_flutter/ios
               SRCROOT = /Users/carl.stanley/sites/UKCPA/ukcpa_flutter/ios
               STRINGSDATA_DIR = /Users/carl.stanley/Library/Developer/Xcode/DerivedData/Runner-gwhubuzlrmjbyefytsnivwcvbkjq/Build/Intermediates.noindex/Runner.build/Debug-iphonesimulator/Runner.build/Objects-normal/undefined_arch
               STRINGSDATA_ROOT = /Users/carl.stanley/Library/Developer/Xcode/DerivedData/Runner-gwhubuzlrmjbyefytsnivwcvbkjq/Build/Intermediates.noindex/Runner.build/Debug-iphonesimulator/Runner.build
               STRINGS_FILE_INFOPLIST_RENAME = YES
               STRINGS_FILE_OUTPUT_ENCODING = binary
               STRIP_BITCODE_FROM_COPIED_FILES = NO
               STRIP_INSTALLED_PRODUCT = NO
               STRIP_STYLE = all
               STRIP_SWIFT_SYMBOLS = YES
               SUPPORTED_DEVICE_FAMILIES = 1,2
               SUPPORTED_PLATFORMS = iphoneos iphonesimulator
               SUPPORTS_MACCATALYST = NO
               SUPPORTS_ON_DEMAND_RESOURCES = YES
               SUPPORTS_TEXT_BASED_API = NO
               SUPPRESS_WARNINGS = NO
               SWIFT_EMIT_LOC_STRINGS = NO
               SWIFT_OBJC_BRIDGING_HEADER = Runner/Runner-Bridging-Header.h
               SWIFT_OPTIMIZATION_LEVEL = -Onone
               SWIFT_PLATFORM_TARGET_PREFIX = ios
               SWIFT_RESPONSE_FILE_PATH_normal_arm64 = /Users/carl.stanley/Library/Developer/Xcode/DerivedData/Runner-gwhubuzlrmjbyefytsnivwcvbkjq/Build/Intermediates.noindex/Runner.build/Debug-iphonesimulator/Runner.build/Objects-normal/arm64/Runner.SwiftFileList
               SWIFT_VERSION = 5.0
               SYMROOT = /Users/carl.stanley/Library/Developer/Xcode/DerivedData/Runner-gwhubuzlrmjbyefytsnivwcvbkjq/Build/Products
               SYSTEM_ADMIN_APPS_DIR = /Applications/Utilities
               SYSTEM_APPS_DIR = /Applications
               SYSTEM_CORE_SERVICES_DIR = /System/Library/CoreServices
               SYSTEM_DEMOS_DIR = /Applications/Extras
               SYSTEM_DEVELOPER_APPS_DIR = /Applications/Xcode.app/Contents/Developer/Applications
               SYSTEM_DEVELOPER_BIN_DIR = /Applications/Xcode.app/Contents/Developer/usr/bin
               SYSTEM_DEVELOPER_DEMOS_DIR = /Applications/Xcode.app/Contents/Developer/Applications/Utilities/Built Examples
               SYSTEM_DEVELOPER_DIR = /Applications/Xcode.app/Contents/Developer
               SYSTEM_DEVELOPER_DOC_DIR = /Applications/Xcode.app/Contents/Developer/ADC Reference Library
               SYSTEM_DEVELOPER_GRAPHICS_TOOLS_DIR = /Applications/Xcode.app/Contents/Developer/Applications/Graphics Tools
               SYSTEM_DEVELOPER_JAVA_TOOLS_DIR = /Applications/Xcode.app/Contents/Developer/Applications/Java Tools
               SYSTEM_DEVELOPER_PERFORMANCE_TOOLS_DIR = /Applications/Xcode.app/Contents/Developer/Applications/Performance Tools
               SYSTEM_DEVELOPER_RELEASENOTES_DIR = /Applications/Xcode.app/Contents/Developer/ADC Reference Library/releasenotes
               SYSTEM_DEVELOPER_TOOLS = /Applications/Xcode.app/Contents/Developer/Tools
               SYSTEM_DEVELOPER_TOOLS_DOC_DIR = /Applications/Xcode.app/Contents/Developer/ADC Reference Library/documentation/DeveloperTools
               SYSTEM_DEVELOPER_TOOLS_RELEASENOTES_DIR = /Applications/Xcode.app/Contents/Developer/ADC Reference Library/releasenotes/DeveloperTools
               SYSTEM_DEVELOPER_USR_DIR = /Applications/Xcode.app/Contents/Developer/usr
               SYSTEM_DEVELOPER_UTILITIES_DIR = /Applications/Xcode.app/Contents/Developer/Applications/Utilities
               SYSTEM_DEXT_INSTALL_PATH = /System/Library/DriverExtensions
               SYSTEM_DOCUMENTATION_DIR = /Library/Documentation
               SYSTEM_EXTENSIONS_FOLDER_PATH = Runner.app/SystemExtensions
               SYSTEM_EXTENSIONS_FOLDER_PATH_SHALLOW_BUNDLE_NO = Runner.app/Library/SystemExtensions
               SYSTEM_EXTENSIONS_FOLDER_PATH_SHALLOW_BUNDLE_YES = Runner.app/SystemExtensions
               SYSTEM_KEXT_INSTALL_PATH = /System/Library/Extensions
               SYSTEM_LIBRARY_DIR = /System/Library
               TAPI_DEMANGLE = YES
               TAPI_ENABLE_PROJECT_HEADERS = NO
               TAPI_LANGUAGE = objective-c
               TAPI_LANGUAGE_STANDARD = compiler-default
               TAPI_USE_SRCROOT = YES
               TAPI_VERIFY_MODE = Pedantic
               TARGETED_DEVICE_FAMILY = 1,2
               TARGETNAME = Runner
               TARGET_BUILD_DIR = /Users/carl.stanley/sites/UKCPA/ukcpa_flutter/build/ios/Debug-iphonesimulator
               TARGET_DEVICE_IDENTIFIER = 00724C24-F12F-4CA6-A33E-8FD8714B05CA
               TARGET_DEVICE_MODEL = iPhone17,1
               TARGET_DEVICE_OS_VERSION = 18.0
               TARGET_DEVICE_PLATFORM_NAME = iphonesimulator
               TARGET_NAME = Runner
               TARGET_TEMP_DIR = /Users/carl.stanley/Library/Developer/Xcode/DerivedData/Runner-gwhubuzlrmjbyefytsnivwcvbkjq/Build/Intermediates.noindex/Runner.build/Debug-iphonesimulator/Runner.build
               TEMP_DIR = /Users/carl.stanley/Library/Developer/Xcode/DerivedData/Runner-gwhubuzlrmjbyefytsnivwcvbkjq/Build/Intermediates.noindex/Runner.build/Debug-iphonesimulator/Runner.build
               TEMP_FILES_DIR = /Users/carl.stanley/Library/Developer/Xcode/DerivedData/Runner-gwhubuzlrmjbyefytsnivwcvbkjq/Build/Intermediates.noindex/Runner.build/Debug-iphonesimulator/Runner.build
               TEMP_FILE_DIR = /Users/carl.stanley/Library/Developer/Xcode/DerivedData/Runner-gwhubuzlrmjbyefytsnivwcvbkjq/Build/Intermediates.noindex/Runner.build/Debug-iphonesimulator/Runner.build
               TEMP_ROOT = /Users/carl.stanley/Library/Developer/Xcode/DerivedData/Runner-gwhubuzlrmjbyefytsnivwcvbkjq/Build/Intermediates.noindex
               TEST_FRAMEWORK_SEARCH_PATHS =  /Applications/Xcode.app/Contents/Developer/Platforms/iPhoneSimulator.platform/Developer/Library/Frameworks /Applications/Xcode.app/Contents/Developer/Platforms/iPhoneSimulator.platform/Developer/SDKs/iPhoneSimulator18.0.sdk/Developer/Library/Frameworks
               TEST_LIBRARY_SEARCH_PATHS =  /Applications/Xcode.app/Contents/Developer/Platforms/iPhoneSimulator.platform/Developer/usr/lib
               TOOLCHAINS = com.apple.dt.toolchain.XcodeDefault
               TOOLCHAIN_DIR = /Applications/Xcode.app/Contents/Developer/Toolchains/XcodeDefault.xctoolchain
               TRACK_WIDGET_CREATION = true
               TREAT_MISSING_BASELINES_AS_TEST_FAILURES = NO
               TREAT_MISSING_SCRIPT_PHASE_OUTPUTS_AS_ERRORS = NO
               TREE_SHAKE_ICONS = false
               UID = 502
               UNINSTALLED_PRODUCTS_DIR = /Users/carl.stanley/Library/Developer/Xcode/DerivedData/Runner-gwhubuzlrmjbyefytsnivwcvbkjq/Build/Intermediates.noindex/UninstalledProducts
               UNLOCALIZED_RESOURCES_FOLDER_PATH = Runner.app
               UNLOCALIZED_RESOURCES_FOLDER_PATH_SHALLOW_BUNDLE_NO = Runner.app/Resources
               UNLOCALIZED_RESOURCES_FOLDER_PATH_SHALLOW_BUNDLE_YES = Runner.app
               UNSTRIPPED_PRODUCT = NO
               USER = carl.stanley
               USER_APPS_DIR = /Users/carl.stanley/Applications
               USER_LIBRARY_DIR = /Users/carl.stanley/Library
               USE_DYNAMIC_NO_PIC = YES
               USE_HEADERMAP = YES
               USE_HEADER_SYMLINKS = NO
               USE_RECURSIVE_SCRIPT_INPUTS_IN_SCRIPT_PHASES = YES
               VALIDATE_DEVELOPMENT_ASSET_PATHS = YES_ERROR
               VALIDATE_PRODUCT = NO
               VALID_ARCHS = arm64 arm64e i386 x86_64
               VERBOSE_PBXCP = NO
               VERSIONING_SYSTEM = apple-generic
               VERSIONPLIST_PATH = Runner.app/version.plist
               VERSION_INFO_BUILDER = carl.stanley
               VERSION_INFO_FILE = Runner_vers.c
               VERSION_INFO_STRING = "@(#)PROGRAM:Runner  PROJECT:Runner-1"
               WORKSPACE_DIR = /Users/carl.stanley/sites/UKCPA/ukcpa_flutter/ios/Runner.xcodeproj
               WRAPPER_EXTENSION = app
               WRAPPER_NAME = Runner.app
               WRAPPER_SUFFIX = .app
               WRAP_ASSET_PACKS_IN_SEPARATE_DIRECTORIES = NO
               XCODE_APP_SUPPORT_DIR = /Applications/Xcode.app/Contents/Developer/Library/Xcode
               XCODE_PRODUCT_BUILD_VERSION = 16A242d
               XCODE_VERSION_ACTUAL = 1600
               XCODE_VERSION_MAJOR = 1600
               XCODE_VERSION_MINOR = 1600
               XPCSERVICES_FOLDER_PATH = Runner.app/XPCServices
               YACC = yacc
               _WRAPPER_CONTENTS_DIR_SHALLOW_BUNDLE_NO = /Contents
               _WRAPPER_PARENT_PATH_SHALLOW_BUNDLE_NO = /..
               _WRAPPER_RESOURCES_DIR_SHALLOW_BUNDLE_NO = /Resources
               __IS_NOT_MACOS = YES
               __IS_NOT_MACOS_macosx = NO
               __IS_NOT_SIMULATOR = NO
               __IS_NOT_SIMULATOR_simulator = NO
               arch = undefined_arch
               variant = normal


           --- xcodebuild: WARNING: Using the first of multiple matching destinations:
           { platform:iOS Simulator, id:00724C24-F12F-4CA6-A33E-8FD8714B05CA, OS:18.0, name:iPhone 16 Pro }
           { platform:iOS Simulator, id:00724C24-F12F-4CA6-A33E-8FD8714B05CA, OS:18.0, name:iPhone 16 Pro }
[   +2 ms] executing: [/Users/carl.stanley/sites/UKCPA/ukcpa_flutter/ios/Pods/Pods.xcodeproj/] /usr/bin/arch -arm64e xcrun xcodebuild -alltargets -sdk iphonesimulator -project /Users/carl.stanley/sites/UKCPA/ukcpa_flutter/ios/Pods/Pods.xcodeproj -showBuildSettings BUILD_DIR=/Users/carl.stanley/sites/UKCPA/ukcpa_flutter/build/ios OBJROOT=/Users/carl.stanley/sites/UKCPA/ukcpa_flutter/build/ios
[        ] executing: [/Users/carl.stanley/sites/UKCPA/ukcpa_flutter/ios/Pods/Pods.xcodeproj/] /usr/bin/arch -arm64e xcrun xcodebuild -alltargets -sdk iphonesimulator -project /Users/carl.stanley/sites/UKCPA/ukcpa_flutter/ios/Pods/Pods.xcodeproj -showBuildSettings BUILD_DIR=/Users/carl.stanley/sites/UKCPA/ukcpa_flutter/build/ios OBJROOT=/Users/carl.stanley/sites/UKCPA/ukcpa_flutter/build/ios
00:03 +0: loading /Users/carl.stanley/sites/UKCPA/ukcpa_flutter/integration_test/app_test.dart                                                                                                         [+1018 ms] Command line invocation:
               /Applications/Xcode.app/Contents/Developer/usr/bin/xcodebuild -alltargets -sdk iphonesimulator -project /Users/carl.stanley/sites/UKCPA/ukcpa_flutter/ios/Pods/Pods.xcodeproj -showBuildSettings BUILD_DIR=/Users/carl.stanley/sites/UKCPA/ukcpa_flutter/build/ios OBJROOT=/Users/carl.stanley/sites/UKCPA/ukcpa_flutter/build/ios

           User defaults from command line:
               IDEPackageSupportUseBuiltinSCM = YES

           Build settings from command line:
               BUILD_DIR = /Users/carl.stanley/sites/UKCPA/ukcpa_flutter/build/ios
               OBJROOT = /Users/carl.stanley/sites/UKCPA/ukcpa_flutter/build/ios
               SDKROOT = iphonesimulator18.0

           Build settings for action build and target connectivity_plus:
               ACTION = build
               AD_HOC_CODE_SIGNING_ALLOWED = YES
               ALLOW_BUILD_REQUEST_OVERRIDES = NO
               ALLOW_TARGET_PLATFORM_SPECIALIZATION = NO
               ALTERNATE_GROUP = staff
               ALTERNATE_MODE = u+w,go-w,a+rX
               ALTERNATE_OWNER = carl.stanley
               ALTERNATIVE_DISTRIBUTION_WEB = NO
               ALWAYS_EMBED_SWIFT_STANDARD_LIBRARIES = NO
               ALWAYS_SEARCH_USER_PATHS = NO
               ALWAYS_USE_SEPARATE_HEADERMAPS = NO
               APPLE_INTERNAL_DEVELOPER_DIR = /AppleInternal/Developer
               APPLE_INTERNAL_DIR = /AppleInternal
               APPLE_INTERNAL_DOCUMENTATION_DIR = /AppleInternal/Documentation
               APPLE_INTERNAL_LIBRARY_DIR = /AppleInternal/Library
               APPLE_INTERNAL_TOOLS = /AppleInternal/Developer/Tools
               APPLICATION_EXTENSION_API_ONLY = NO
               APPLY_RULES_IN_COPY_FILES = NO
               APPLY_RULES_IN_COPY_HEADERS = NO
               APP_SHORTCUTS_ENABLE_FLEXIBLE_MATCHING = YES
               ARCHS = arm64 x86_64
               ARCHS_STANDARD = arm64 x86_64
               ARCHS_STANDARD_32_64_BIT = arm64 i386 x86_64
               ARCHS_STANDARD_32_BIT = i386
               ARCHS_STANDARD_64_BIT = arm64 x86_64
               ARCHS_STANDARD_INCLUDING_64_BIT = arm64 x86_64
               ARCHS_UNIVERSAL_IPHONE_OS = arm64 i386 x86_64
               ASSETCATALOG_COMPILER_GENERATE_ASSET_SYMBOLS = YES
               AUTOMATICALLY_MERGE_DEPENDENCIES = NO
               AVAILABLE_PLATFORMS = appletvos appletvsimulator driverkit iphoneos iphonesimulator macosx watchos watchsimulator xros xrsimulator
               BITCODE_GENERATION_MODE = marker
               BUILD_ACTIVE_RESOURCES_ONLY = NO
               BUILD_COMPONENTS = headers build
               BUILD_DIR = /Users/carl.stanley/sites/UKCPA/ukcpa_flutter/build/ios
               BUILD_LIBRARY_FOR_DISTRIBUTION = NO
               BUILD_ROOT = /Users/carl.stanley/sites/UKCPA/ukcpa_flutter/ios/build
               BUILD_STYLE = 
               BUILD_VARIANTS = normal
               BUILT_PRODUCTS_DIR = /Users/carl.stanley/sites/UKCPA/ukcpa_flutter/build/ios/Release-iphonesimulator/connectivity_plus
               BUNDLE_CONTENTS_FOLDER_PATH_deep = Contents/
               BUNDLE_EXECUTABLE_FOLDER_NAME_deep = MacOS
               BUNDLE_EXTENSIONS_FOLDER_PATH = Extensions
               BUNDLE_FORMAT = shallow
               BUNDLE_FRAMEWORKS_FOLDER_PATH = Frameworks
               BUNDLE_PLUGINS_FOLDER_PATH = PlugIns
               BUNDLE_PRIVATE_HEADERS_FOLDER_PATH = PrivateHeaders
               BUNDLE_PUBLIC_HEADERS_FOLDER_PATH = Headers
               CACHE_ROOT = /var/folders/20/skb3d8qx2hn9r9z8036y32g40000gp/C/com.apple.DeveloperTools/16.0-16A242d/Xcode
               CCHROOT = /var/folders/20/skb3d8qx2hn9r9z8036y32g40000gp/C/com.apple.DeveloperTools/16.0-16A242d/Xcode
               CHMOD = /bin/chmod
               CHOWN = /usr/sbin/chown
               CLANG_ANALYZER_LOCALIZABILITY_NONLOCALIZED = YES
               CLANG_ANALYZER_NONNULL = YES
               CLANG_ANALYZER_NUMBER_OBJECT_CONVERSION = YES_AGGRESSIVE
               CLANG_CACHE_FINE_GRAINED_OUTPUTS = YES
               CLANG_CXX_LANGUAGE_STANDARD = gnu++14
               CLANG_CXX_LIBRARY = libc++
               CLANG_ENABLE_EXPLICIT_MODULES = YES
               CLANG_ENABLE_MODULES = YES
               CLANG_ENABLE_OBJC_ARC = YES
               CLANG_ENABLE_OBJC_WEAK = NO
               CLANG_MODULES_BUILD_SESSION_FILE = /var/folders/20/skb3d8qx2hn9r9z8036y32g40000gp/C/org.llvm.clang/ModuleCache.noindex/Session.modulevalidation
               CLANG_WARN_BLOCK_CAPTURE_AUTORELEASING = YES
               CLANG_WARN_BOOL_CONVERSION = YES
               CLANG_WARN_COMMA = YES
               CLANG_WARN_CONSTANT_CONVERSION = YES
               CLANG_WARN_DEPRECATED_OBJC_IMPLEMENTATIONS = YES
               CLANG_WARN_DIRECT_OBJC_ISA_USAGE = YES_ERROR
               CLANG_WARN_DOCUMENTATION_COMMENTS = YES
               CLANG_WARN_EMPTY_BODY = YES
               CLANG_WARN_ENUM_CONVERSION = YES
               CLANG_WARN_INFINITE_RECURSION = YES
               CLANG_WARN_INT_CONVERSION = YES
               CLANG_WARN_NON_LITERAL_NULL_CONVERSION = YES
               CLANG_WARN_OBJC_IMPLICIT_RETAIN_SELF = YES
               CLANG_WARN_OBJC_LITERAL_CONVERSION = YES
               CLANG_WARN_OBJC_ROOT_CLASS = YES_ERROR
               CLANG_WARN_QUOTED_INCLUDE_IN_FRAMEWORK_HEADER = NO
               CLANG_WARN_RANGE_LOOP_ANALYSIS = YES
               CLANG_WARN_STRICT_PROTOTYPES = YES
               CLANG_WARN_SUSPICIOUS_MOVE = YES
               CLANG_WARN_UNGUARDED_AVAILABILITY = YES_AGGRESSIVE
               CLANG_WARN_UNREACHABLE_CODE = YES
               CLANG_WARN__DUPLICATE_METHOD_MATCH = YES
               CLASS_FILE_DIR = /Users/carl.stanley/sites/UKCPA/ukcpa_flutter/build/ios/Pods.build/Release-iphonesimulator/connectivity_plus.build/JavaClasses
               CLEAN_PRECOMPS = YES
               CLONE_HEADERS = NO
               CODESIGNING_FOLDER_PATH = /Users/carl.stanley/sites/UKCPA/ukcpa_flutter/build/ios/Release-iphonesimulator/connectivity_plus/connectivity_plus.framework
               CODE_SIGNING_ALLOWED = YES
               CODE_SIGNING_REQUIRED = NO
               CODE_SIGNING_REQUIRES_TEAM = YES
               CODE_SIGN_CONTEXT_CLASS = XCiPhoneSimulatorCodeSignContext
               CODE_SIGN_IDENTITY = -
               CODE_SIGN_INJECT_BASE_ENTITLEMENTS = YES
               COLOR_DIAGNOSTICS = NO
               COMBINE_HIDPI_IMAGES = NO
               COMPILATION_CACHE_CAS_PATH = /var/folders/20/skb3d8qx2hn9r9z8036y32g40000gp/C/com.apple.DeveloperTools/16.0-16A242d/Xcode/CompilationCache.noindex
               COMPILATION_CACHE_KEEP_CAS_DIRECTORY = YES
               COMPILER_INDEX_STORE_ENABLE = Default
               COMPOSITE_SDK_DIRS = /Users/carl.stanley/sites/UKCPA/ukcpa_flutter/build/ios/CompositeSDKs
               COMPRESS_PNG_FILES = YES
               CONFIGURATION = Release
               CONFIGURATION_BUILD_DIR = /Users/carl.stanley/sites/UKCPA/ukcpa_flutter/build/ios/Release-iphonesimulator/connectivity_plus
               CONFIGURATION_TEMP_DIR = /Users/carl.stanley/sites/UKCPA/ukcpa_flutter/build/ios/Pods.build/Release-iphonesimulator
               CONTENTS_FOLDER_PATH = connectivity_plus.framework
               CONTENTS_FOLDER_PATH_SHALLOW_BUNDLE_NO = connectivity_plus.framework/A
               CONTENTS_FOLDER_PATH_SHALLOW_BUNDLE_YES = connectivity_plus.framework
               COPYING_PRESERVES_HFS_DATA = NO
               COPY_HEADERS_RUN_UNIFDEF = NO
               COPY_PHASE_STRIP = NO
               CORRESPONDING_DEVICE_PLATFORM_DIR = /Applications/Xcode.app/Contents/Developer/Platforms/iPhoneOS.platform
               CORRESPONDING_DEVICE_PLATFORM_NAME = iphoneos
               CORRESPONDING_DEVICE_SDK_DIR = /Applications/Xcode.app/Contents/Developer/Platforms/iPhoneOS.platform/Developer/SDKs/iPhoneOS18.0.sdk
               CORRESPONDING_DEVICE_SDK_NAME = iphoneos18.0
               CP = /bin/cp
               CREATE_INFOPLIST_SECTION_IN_BINARY = NO
               CURRENT_ARCH = undefined_arch
               CURRENT_PROJECT_VERSION = 1
               CURRENT_VARIANT = normal
               CURRENT_VERSION = Current
               DEAD_CODE_STRIPPING = YES
               DEBUGGING_SYMBOLS = YES
               DEBUG_INFORMATION_FORMAT = dwarf-with-dsym
               DEBUG_INFORMATION_VERSION = compiler-default
               DEFAULT_COMPILER = com.apple.compilers.llvm.clang.1_0
               DEFAULT_DEXT_INSTALL_PATH = /System/Library/DriverExtensions
               DEFAULT_KEXT_INSTALL_PATH = /System/Library/Extensions
               DEFINES_MODULE = YES
               DEPLOYMENT_LOCATION = NO
               DEPLOYMENT_POSTPROCESSING = NO
               DEPLOYMENT_TARGET_SETTING_NAME = IPHONEOS_DEPLOYMENT_TARGET
               DEPLOYMENT_TARGET_SUGGESTED_VALUES = 12.0 12.1 12.2 12.3 12.4 13.0 13.1 13.2 13.3 13.4 13.5 13.6 14.0 14.1 14.2 14.3 14.4 14.5 14.6 14.7 15.0 15.1 15.2 15.3 15.4 15.5 15.6 16.0 16.1 16.2 16.3 16.4 16.5 16.6 17.0 17.1 17.2 17.3 17.4 17.5 17.6 18.0
               DERIVED_FILES_DIR = /Users/carl.stanley/sites/UKCPA/ukcpa_flutter/build/ios/Pods.build/Release-iphonesimulator/connectivity_plus.build/DerivedSources
               DERIVED_FILE_DIR = /Users/carl.stanley/sites/UKCPA/ukcpa_flutter/build/ios/Pods.build/Release-iphonesimulator/connectivity_plus.build/DerivedSources
               DERIVED_SOURCES_DIR = /Users/carl.stanley/sites/UKCPA/ukcpa_flutter/build/ios/Pods.build/Release-iphonesimulator/connectivity_plus.build/DerivedSources
               DEVELOPER_APPLICATIONS_DIR = /Applications/Xcode.app/Contents/Developer/Applications
               DEVELOPER_BIN_DIR = /Applications/Xcode.app/Contents/Developer/usr/bin
               DEVELOPER_DIR = /Applications/Xcode.app/Contents/Developer
               DEVELOPER_FRAMEWORKS_DIR = /Applications/Xcode.app/Contents/Developer/Library/Frameworks
               DEVELOPER_FRAMEWORKS_DIR_QUOTED = /Applications/Xcode.app/Contents/Developer/Library/Frameworks
               DEVELOPER_LIBRARY_DIR = /Applications/Xcode.app/Contents/Developer/Library
               DEVELOPER_SDK_DIR = /Applications/Xcode.app/Contents/Developer/Platforms/MacOSX.platform/Developer/SDKs
               DEVELOPER_TOOLS_DIR = /Applications/Xcode.app/Contents/Developer/Tools
               DEVELOPER_USR_DIR = /Applications/Xcode.app/Contents/Developer/usr
               DEVELOPMENT_LANGUAGE = en
               DIFF = /usr/bin/diff
               DOCUMENTATION_FOLDER_PATH = connectivity_plus.framework/en.lproj/Documentation
               DONT_GENERATE_INFOPLIST_FILE = NO
               DSTROOT = /tmp/Pods.dst
               DT_TOOLCHAIN_DIR = /Applications/Xcode.app/Contents/Developer/Toolchains/XcodeDefault.xctoolchain
               DWARF_DSYM_FILE_NAME = connectivity_plus.framework.dSYM
               DWARF_DSYM_FILE_SHOULD_ACCOMPANY_PRODUCT = NO
               DWARF_DSYM_FOLDER_PATH = /Users/carl.stanley/sites/UKCPA/ukcpa_flutter/build/ios/Release-iphonesimulator/connectivity_plus
               DYLIB_COMPATIBILITY_VERSION = 1
               DYLIB_CURRENT_VERSION = 1
               DYLIB_INSTALL_NAME_BASE = @rpath
               DYNAMIC_LIBRARY_EXTENSION = dylib
               EAGER_COMPILATION_ALLOW_SCRIPTS = NO
               EAGER_LINKING = NO
               EFFECTIVE_PLATFORM_NAME = -iphonesimulator
               EMBEDDED_CONTENT_CONTAINS_SWIFT = NO
               EMBED_ASSET_PACKS_IN_PRODUCT_BUNDLE = NO
               ENABLE_APP_SANDBOX = NO
               ENABLE_BITCODE = NO
               ENABLE_CODE_COVERAGE = YES
               ENABLE_DEFAULT_HEADER_SEARCH_PATHS = YES
               ENABLE_DEFAULT_SEARCH_PATHS = YES
               ENABLE_HARDENED_RUNTIME = NO
               ENABLE_HEADER_DEPENDENCIES = YES
               ENABLE_MODULE_VERIFIER = NO
               ENABLE_NS_ASSERTIONS = NO
               ENABLE_ON_DEMAND_RESOURCES = NO
               ENABLE_STRICT_OBJC_MSGSEND = YES
               ENABLE_TESTABILITY = NO
               ENABLE_TESTING_SEARCH_PATHS = NO
               ENABLE_USER_SCRIPT_SANDBOXING = NO
               ENTITLEMENTS_DESTINATION = __entitlements
               ENTITLEMENTS_REQUIRED = NO
               EXCLUDED_ARCHS =  i386
               EXCLUDED_INSTALLSRC_SUBDIRECTORY_PATTERNS = .DS_Store .svn .git .hg CVS
               EXCLUDED_RECURSIVE_SEARCH_PATH_SUBDIRECTORIES = *.nib *.lproj *.framework *.gch *.xcode* *.xcassets (*) .DS_Store CVS .svn .git .hg *.pbproj *.pbxproj
               EXECUTABLES_FOLDER_PATH = connectivity_plus.framework/en.lproj
               EXECUTABLE_FOLDER_PATH = connectivity_plus.framework
               EXECUTABLE_FOLDER_PATH_SHALLOW_BUNDLE_NO = connectivity_plus.framework
               EXECUTABLE_FOLDER_PATH_SHALLOW_BUNDLE_YES = connectivity_plus.framework
               EXECUTABLE_NAME = connectivity_plus
               EXECUTABLE_PATH = connectivity_plus.framework/connectivity_plus
               EXTENSIONS_FOLDER_PATH = connectivity_plus.framework/Extensions
               FILE_LIST = /Users/carl.stanley/sites/UKCPA/ukcpa_flutter/build/ios/Pods.build/Release-iphonesimulator/connectivity_plus.build/Objects/LinkFileList
               FIXED_FILES_DIR = /Users/carl.stanley/sites/UKCPA/ukcpa_flutter/build/ios/Pods.build/Release-iphonesimulator/connectivity_plus.build/FixedFiles
               FRAMEWORKS_FOLDER_PATH = connectivity_plus.framework/Frameworks
               FRAMEWORK_FLAG_PREFIX = -framework
               FRAMEWORK_SEARCH_PATHS = /Users/carl.stanley/sites/UKCPA/ukcpa_flutter/build/ios/Release-iphonesimulator/connectivity_plus "/Users/carl.stanley/development/flutter/bin/cache/artifacts/engine/ios-release/Flutter.xcframework/ios-arm64_x86_64-simulator"  "/Users/carl.stanley/sites/UKCPA/ukcpa_flutter/build/ios/Release-iphonesimulator/ReachabilitySwift"
               FRAMEWORK_VERSION = A
               FULL_PRODUCT_NAME = connectivity_plus.framework
               FUSE_BUILD_PHASES = YES
               FUSE_BUILD_SCRIPT_PHASES = NO
               GCC3_VERSION = 3.3
               GCC_C_LANGUAGE_STANDARD = gnu11
               GCC_INLINES_ARE_PRIVATE_EXTERN = YES
               GCC_NO_COMMON_BLOCKS = YES
               GCC_OBJC_LEGACY_DISPATCH = YES
               GCC_PFE_FILE_C_DIALECTS = c objective-c c++ objective-c++
               GCC_PREFIX_HEADER = Target Support Files/connectivity_plus/connectivity_plus-prefix.pch
               GCC_PREPROCESSOR_DEFINITIONS = POD_CONFIGURATION_RELEASE=1  COCOAPODS=1
               GCC_TREAT_WARNINGS_AS_ERRORS = NO
               GCC_VERSION = com.apple.compilers.llvm.clang.1_0
               GCC_VERSION_IDENTIFIER = com_apple_compilers_llvm_clang_1_0
               GCC_WARN_64_TO_32_BIT_CONVERSION = YES
               GCC_WARN_ABOUT_RETURN_TYPE = YES_ERROR
               GCC_WARN_UNDECLARED_SELECTOR = YES
               GCC_WARN_UNINITIALIZED_AUTOS = YES_AGGRESSIVE
               GCC_WARN_UNUSED_FUNCTION = YES
               GCC_WARN_UNUSED_VARIABLE = YES
               GENERATED_MODULEMAP_DIR = /Users/carl.stanley/sites/UKCPA/ukcpa_flutter/build/ios/GeneratedModuleMaps-iphonesimulator
               GENERATE_INFOPLIST_FILE = NO
               GENERATE_INTERMEDIATE_TEXT_BASED_STUBS = YES
               GENERATE_MASTER_OBJECT_FILE = NO
               GENERATE_PKGINFO_FILE = NO
               GENERATE_PROFILING_CODE = NO
               GENERATE_TEXT_BASED_STUBS = NO
               GID = 20
               GROUP = staff
               HEADERMAP_INCLUDES_FLAT_ENTRIES_FOR_TARGET_BEING_BUILT = YES
               HEADERMAP_INCLUDES_FRAMEWORK_ENTRIES_FOR_ALL_PRODUCT_TYPES = YES
               HEADERMAP_INCLUDES_FRAMEWORK_ENTRIES_FOR_TARGETS_NOT_BEING_BUILT = YES
               HEADERMAP_INCLUDES_NONPUBLIC_NONPRIVATE_HEADERS = YES
               HEADERMAP_INCLUDES_PROJECT_HEADERS = YES
               HEADERMAP_USES_FRAMEWORK_PREFIX_ENTRIES = YES
               HEADERMAP_USES_VFS = YES
               HEADER_SEARCH_PATHS = /Users/carl.stanley/sites/UKCPA/ukcpa_flutter/build/ios/Release-iphonesimulator/connectivity_plus/include 
               HIDE_BITCODE_SYMBOLS = YES
               HOME = /Users/carl.stanley
               HOST_ARCH = arm64
               HOST_PLATFORM = macosx
               ICONV = /usr/bin/iconv
               IMPLICIT_DEPENDENCY_DOMAIN = default
               INFOPLIST_ENABLE_CFBUNDLEICONS_MERGE = YES
               INFOPLIST_EXPAND_BUILD_SETTINGS = YES
               INFOPLIST_FILE = Target Support Files/connectivity_plus/connectivity_plus-Info.plist
               INFOPLIST_OUTPUT_FORMAT = binary
               INFOPLIST_PATH = connectivity_plus.framework/Info.plist
               INFOPLIST_PREPROCESS = NO
               INFOSTRINGS_PATH = connectivity_plus.framework/en.lproj/InfoPlist.strings
               INLINE_PRIVATE_FRAMEWORKS = NO
               INSTALLHDRS_COPY_PHASE = NO
               INSTALLHDRS_SCRIPT_PHASE = NO
               INSTALL_DIR = /tmp/Pods.dst/Library/Frameworks
               INSTALL_GROUP = staff
               INSTALL_MODE_FLAG = u+w,go-w,a+rX
               INSTALL_OWNER = carl.stanley
               INSTALL_PATH = /Library/Frameworks
               INSTALL_ROOT = /tmp/Pods.dst
               IPHONEOS_DEPLOYMENT_TARGET = 13.0
               IS_UNOPTIMIZED_BUILD = NO
               JAVAC_DEFAULT_FLAGS = -J-Xms64m -J-XX:NewSize=4M -J-Dfile.encoding=UTF8
               JAVA_APP_STUB = /System/Library/Frameworks/JavaVM.framework/Resources/MacOS/JavaApplicationStub
               JAVA_ARCHIVE_CLASSES = YES
               JAVA_ARCHIVE_TYPE = JAR
               JAVA_COMPILER = /usr/bin/javac
               JAVA_FOLDER_PATH = connectivity_plus.framework/Java
               JAVA_FRAMEWORK_RESOURCES_DIRS = Resources
               JAVA_JAR_FLAGS = cv
               JAVA_SOURCE_SUBDIR = .
               JAVA_USE_DEPENDENCIES = YES
               JAVA_ZIP_FLAGS = -urg
               JIKES_DEFAULT_FLAGS = +E +OLDCSO
               KEEP_PRIVATE_EXTERNS = NO
               LD_DEPENDENCY_INFO_FILE = /Users/carl.stanley/sites/UKCPA/ukcpa_flutter/build/ios/Pods.build/Release-iphonesimulator/connectivity_plus.build/Objects-normal/undefined_arch/connectivity_plus_dependency_info.dat
               LD_DYLIB_INSTALL_NAME = @rpath/connectivity_plus.framework/connectivity_plus
               LD_EXPORT_SYMBOLS = YES
               LD_GENERATE_MAP_FILE = NO
               LD_MAP_FILE_PATH = /Users/carl.stanley/sites/UKCPA/ukcpa_flutter/build/ios/Pods.build/Release-iphonesimulator/connectivity_plus.build/connectivity_plus-LinkMap-normal-undefined_arch.txt
               LD_NO_PIE = NO
               LD_QUOTE_LINKER_ARGUMENTS_FOR_COMPILER_DRIVER = YES
               LD_RUNPATH_SEARCH_PATHS =  @executable_path/Frameworks @loader_path/Frameworks
               LD_SHARED_CACHE_ELIGIBLE = Automatic
               LD_WARN_DUPLICATE_LIBRARIES = NO
               LD_WARN_UNUSED_DYLIBS = NO
               LEGACY_DEVELOPER_DIR = /Applications/Xcode.app/Contents/PlugIns/Xcode3Core.ideplugin/Contents/SharedSupport/Developer
               LEX = lex
               LIBRARY_DEXT_INSTALL_PATH = /Library/DriverExtensions
               LIBRARY_FLAG_NOSPACE = YES
               LIBRARY_FLAG_PREFIX = -l
               LIBRARY_KEXT_INSTALL_PATH = /Library/Extensions
               LIBRARY_SEARCH_PATHS = /Users/carl.stanley/sites/UKCPA/ukcpa_flutter/build/ios/Release-iphonesimulator/connectivity_plus /Applications/Xcode.app/Contents/Developer/Toolchains/XcodeDefault.xctoolchain/usr/lib/swift/iphonesimulator /Applications/Xcode.app/Contents/Developer/Platforms/iPhoneSimulator.platform/Developer/SDKs/iPhoneSimulator18.0.sdk/usr/lib/swift
               LINKER_DISPLAYS_MANGLED_NAMES = NO
               LINK_FILE_LIST_normal_arm64 = /Users/carl.stanley/sites/UKCPA/ukcpa_flutter/build/ios/Pods.build/Release-iphonesimulator/connectivity_plus.build/Objects-normal/arm64/connectivity_plus.LinkFileList
               LINK_FILE_LIST_normal_x86_64 = /Users/carl.stanley/sites/UKCPA/ukcpa_flutter/build/ios/Pods.build/Release-iphonesimulator/connectivity_plus.build/Objects-normal/x86_64/connectivity_plus.LinkFileList
               LINK_OBJC_RUNTIME = YES
               LINK_WITH_STANDARD_LIBRARIES = YES
               LLVM_TARGET_TRIPLE_OS_VERSION = ios13.0
               LLVM_TARGET_TRIPLE_SUFFIX = -simulator
               LLVM_TARGET_TRIPLE_VENDOR = apple
               LM_AUX_CONST_METADATA_LIST_PATH_normal_arm64 = /Users/carl.stanley/sites/UKCPA/ukcpa_flutter/build/ios/Pods.build/Release-iphonesimulator/connectivity_plus.build/Objects-normal/arm64/connectivity_plus.SwiftConstValuesFileList
               LM_AUX_CONST_METADATA_LIST_PATH_normal_x86_64 = /Users/carl.stanley/sites/UKCPA/ukcpa_flutter/build/ios/Pods.build/Release-iphonesimulator/connectivity_plus.build/Objects-normal/x86_64/connectivity_plus.SwiftConstValuesFileList
               LOCALIZATION_EXPORT_SUPPORTED = YES
               LOCALIZATION_PREFERS_STRING_CATALOGS = NO
               LOCALIZED_RESOURCES_FOLDER_PATH = connectivity_plus.framework/en.lproj
               LOCALIZED_STRING_MACRO_NAMES = NSLocalizedString CFCopyLocalizedString
               LOCALIZED_STRING_SWIFTUI_SUPPORT = YES
               LOCAL_ADMIN_APPS_DIR = /Applications/Utilities
               LOCAL_APPS_DIR = /Applications
               LOCAL_DEVELOPER_DIR = /Library/Developer
               LOCAL_LIBRARY_DIR = /Library
               LOCROOT = /Users/carl.stanley/sites/UKCPA/ukcpa_flutter/ios/Pods
               LOCSYMROOT = /Users/carl.stanley/sites/UKCPA/ukcpa_flutter/ios/Pods
               MACH_O_TYPE = mh_dylib
               MAC_OS_X_PRODUCT_BUILD_VERSION = 24G84
               MAC_OS_X_VERSION_ACTUAL = 150600
               MAC_OS_X_VERSION_MAJOR = 150000
               MAC_OS_X_VERSION_MINOR = 150600
               MAKE_MERGEABLE = NO
               MERGEABLE_LIBRARY = NO
               MERGED_BINARY_TYPE = none
               MERGE_LINKED_LIBRARIES = NO
               METAL_LIBRARY_FILE_BASE = default
               METAL_LIBRARY_OUTPUT_DIR = /Users/carl.stanley/sites/UKCPA/ukcpa_flutter/build/ios/Release-iphonesimulator/connectivity_plus/connectivity_plus.framework
               MODULEMAP_FILE = Target Support Files/connectivity_plus/connectivity_plus.modulemap
               MODULES_FOLDER_PATH = connectivity_plus.framework/Modules
               MTL_ENABLE_DEBUG_INFO = NO
               MTL_FAST_MATH = YES
               NATIVE_ARCH = arm64
               NATIVE_ARCH_32_BIT = arm
               NATIVE_ARCH_64_BIT = arm64
               NATIVE_ARCH_ACTUAL = arm64
               NO_COMMON = YES
               OBJC_ABI_VERSION = 2
               OBJECT_FILE_DIR = /Users/carl.stanley/sites/UKCPA/ukcpa_flutter/build/ios/Pods.build/Release-iphonesimulator/connectivity_plus.build/Objects
               OBJECT_FILE_DIR_normal = /Users/carl.stanley/sites/UKCPA/ukcpa_flutter/build/ios/Pods.build/Release-iphonesimulator/connectivity_plus.build/Objects-normal
               OBJROOT = /Users/carl.stanley/sites/UKCPA/ukcpa_flutter/build/ios
               ONLY_ACTIVE_ARCH = NO
               OS = MACOS
               OSAC = /usr/bin/osacompile
               OTHER_LDFLAGS =  -framework "CoreTelephony" -framework "Reachability" -framework "SystemConfiguration" -framework Flutter
               OTHER_SWIFT_FLAGS =  -D COCOAPODS
               PACKAGE_TYPE = com.apple.package-type.wrapper.framework
               PASCAL_STRINGS = YES
               PATH = /Applications/Xcode.app/Contents/SharedFrameworks/XCBuild.framework/Versions/A/PlugIns/XCBBuildService.bundle/Contents/PlugIns/XCBSpecifications.ideplugin/Contents/Resources:/Applications/Xcode.app/Contents/SharedFrameworks/XCBuild.framework/Versions/A/PlugIns/XCBBuildService.bundle/Contents/PlugIns/XCBSpecifications.ideplugin:/Applications/Xcode.app/Contents/Developer/Toolchains/XcodeDefault.xctoolchain/usr/bin:/Applications/Xcode.app/Contents/Developer/Toolchains/XcodeDefault.xctoolchain/usr/appleinternal/bin:/Applications/Xcode.app/Contents/Developer/Toolchains/XcodeDefault.xctoolchain/usr/local/bin:/Applications/Xcode.app/Contents/Developer/Toolchains/XcodeDefault.xctoolchain/usr/libexec:/Applications/Xcode.app/Contents/Developer/Platforms/iPhoneSimulator.platform/usr/bin:/Applications/Xcode.app/Contents/Developer/Platforms/iPhoneSimulator.platform/usr/appleinternal/bin:/Applications/Xcode.app/Contents/Developer/Platforms/iPhoneSimulator.platform/usr/local/bin:/Applications/Xcode.app/Contents/Developer/Platforms/iPhoneSimulator.platform/Developer/usr/bin:/Applications/Xcode.app/Contents/Developer/Platforms/iPhoneSimulator.platform/Developer/usr/local/bin:/Applications/Xcode.app/Contents/Developer/usr/bin:/Applications/Xcode.app/Contents/Developer/usr/local/bin:/opt/homebrew/Cellar/pyenv-virtualenv/1.2.4/shims:/Users/carl.stanley/.pyenv/shims:/Users/carl.stanley/.pyenv/bin:/Users/carl.stanley/.nvm/versions/node/v18.17.0/bin:/Users/carl.stanley/development/flutter/bin:/opt/homebrew/bin:/opt/homebrew/sbin:/Users/carl.stanley/.local/bin:/usr/local/bin:/System/Cryptexes/App/usr/bin:/usr/bin:/bin:/usr/sbin:/sbin:/var/run/com.apple.security.cryptexd/codex.system/bootstrap/usr/local/bin:/var/run/com.apple.security.cryptexd/codex.system/bootstrap/usr/bin:/var/run/com.apple.security.cryptexd/codex.system/bootstrap/usr/appleinternal/bin:/Library/Apple/usr/bin:/usr/local/sbin:/usr/local/go/bin:/Users/carl.stanley/.pub-cache/bin
               PATH_PREFIXES_EXCLUDED_FROM_HEADER_DEPENDENCIES = /usr/include /usr/local/include /System/Library/Frameworks /System/Library/PrivateFrameworks /Applications/Xcode.app/Contents/Developer/Headers /Applications/Xcode.app/Contents/Developer/SDKs /Applications/Xcode.app/Contents/Developer/Platforms
               PBDEVELOPMENTPLIST_PATH = connectivity_plus.framework/pbdevelopment.plist
               PER_ARCH_OBJECT_FILE_DIR = /Users/carl.stanley/sites/UKCPA/ukcpa_flutter/build/ios/Pods.build/Release-iphonesimulator/connectivity_plus.build/Objects-normal/undefined_arch
               PER_VARIANT_OBJECT_FILE_DIR = /Users/carl.stanley/sites/UKCPA/ukcpa_flutter/build/ios/Pods.build/Release-iphonesimulator/connectivity_plus.build/Objects-normal
               PKGINFO_FILE_PATH = /Users/carl.stanley/sites/UKCPA/ukcpa_flutter/build/ios/Pods.build/Release-iphonesimulator/connectivity_plus.build/PkgInfo
               PKGINFO_PATH = connectivity_plus.framework/PkgInfo
               PLATFORM_DEVELOPER_APPLICATIONS_DIR = /Applications/Xcode.app/Contents/Developer/Platforms/iPhoneSimulator.platform/Developer/Applications
               PLATFORM_DEVELOPER_BIN_DIR = /Applications/Xcode.app/Contents/Developer/Platforms/iPhoneSimulator.platform/Developer/usr/bin
               PLATFORM_DEVELOPER_LIBRARY_DIR = /Applications/Xcode.app/Contents/Developer/Platforms/iPhoneSimulator.platform/Developer/Library
               PLATFORM_DEVELOPER_SDK_DIR = /Applications/Xcode.app/Contents/Developer/Platforms/iPhoneSimulator.platform/Developer/SDKs
               PLATFORM_DEVELOPER_TOOLS_DIR = /Applications/Xcode.app/Contents/Developer/Platforms/iPhoneSimulator.platform/Developer/Tools
               PLATFORM_DEVELOPER_USR_DIR = /Applications/Xcode.app/Contents/Developer/Platforms/iPhoneSimulator.platform/Developer/usr
               PLATFORM_DIR = /Applications/Xcode.app/Contents/Developer/Platforms/iPhoneSimulator.platform
               PLATFORM_DISPLAY_NAME = iOS Simulator
               PLATFORM_FAMILY_NAME = iOS
               PLATFORM_NAME = iphonesimulator
               PLATFORM_PREFERRED_ARCH = x86_64
               PLATFORM_PRODUCT_BUILD_VERSION = 22A3362
               PLIST_FILE_OUTPUT_FORMAT = binary
               PLUGINS_FOLDER_PATH = connectivity_plus.framework/PlugIns
               PODS_BUILD_DIR = /Users/carl.stanley/sites/UKCPA/ukcpa_flutter/build/ios
               PODS_CONFIGURATION_BUILD_DIR = /Users/carl.stanley/sites/UKCPA/ukcpa_flutter/build/ios/Release-iphonesimulator
               PODS_DEVELOPMENT_LANGUAGE = en
               PODS_ROOT = /Users/carl.stanley/sites/UKCPA/ukcpa_flutter/ios/Pods
               PODS_TARGET_SRCROOT = /Users/carl.stanley/sites/UKCPA/ukcpa_flutter/ios/Pods/../.symlinks/plugins/connectivity_plus/ios
               PODS_XCFRAMEWORKS_BUILD_DIR = /Users/carl.stanley/sites/UKCPA/ukcpa_flutter/build/ios/Release-iphonesimulator/XCFrameworkIntermediates
               PRECOMPS_INCLUDE_HEADERS_FROM_BUILT_PRODUCTS_DIR = YES
               PRECOMP_DESTINATION_DIR = /Users/carl.stanley/sites/UKCPA/ukcpa_flutter/build/ios/Pods.build/Release-iphonesimulator/connectivity_plus.build/PrefixHeaders
               PRIVATE_HEADERS_FOLDER_PATH = connectivity_plus.framework/PrivateHeaders
               PROCESSED_INFOPLIST_PATH = /Users/carl.stanley/sites/UKCPA/ukcpa_flutter/build/ios/Pods.build/Release-iphonesimulator/connectivity_plus.build/Objects-normal/undefined_arch/Processed-Info.plist
               PRODUCT_BUNDLE_IDENTIFIER = org.cocoapods.connectivity-plus
               PRODUCT_BUNDLE_PACKAGE_TYPE = FMWK
               PRODUCT_MODULE_NAME = connectivity_plus
               PRODUCT_NAME = connectivity_plus
               PRODUCT_SETTINGS_PATH = /Users/carl.stanley/sites/UKCPA/ukcpa_flutter/ios/Pods/Target Support Files/connectivity_plus/connectivity_plus-Info.plist
               PRODUCT_TYPE = com.apple.product-type.framework
               PROFILING_CODE = NO
               PROJECT = Pods
               PROJECT_DERIVED_FILE_DIR = /Users/carl.stanley/sites/UKCPA/ukcpa_flutter/build/ios/Pods.build/DerivedSources
               PROJECT_DIR = /Users/carl.stanley/sites/UKCPA/ukcpa_flutter/ios/Pods
               PROJECT_FILE_PATH = /Users/carl.stanley/sites/UKCPA/ukcpa_flutter/ios/Pods/Pods.xcodeproj
               PROJECT_GUID = bfdfe7dc352907fc980b868725387e98
               PROJECT_NAME = Pods
               PROJECT_TEMP_DIR = /Users/carl.stanley/sites/UKCPA/ukcpa_flutter/build/ios/Pods.build
               PROJECT_TEMP_ROOT = /Users/carl.stanley/sites/UKCPA/ukcpa_flutter/build/ios
               PUBLIC_HEADERS_FOLDER_PATH = connectivity_plus.framework/Headers
               RECOMMENDED_IPHONEOS_DEPLOYMENT_TARGET = 15.0
               RECURSIVE_SEARCH_PATHS_FOLLOW_SYMLINKS = YES
               REMOVE_CVS_FROM_RESOURCES = YES
               REMOVE_GIT_FROM_RESOURCES = YES
               REMOVE_HEADERS_FROM_EMBEDDED_BUNDLES = YES
               REMOVE_HG_FROM_RESOURCES = YES
               REMOVE_STATIC_EXECUTABLES_FROM_EMBEDDED_BUNDLES = YES
               REMOVE_SVN_FROM_RESOURCES = YES
               RESCHEDULE_INDEPENDENT_HEADERS_PHASES = YES
               REZ_COLLECTOR_DIR = /Users/carl.stanley/sites/UKCPA/ukcpa_flutter/build/ios/Pods.build/Release-iphonesimulator/connectivity_plus.build/ResourceManagerResources
               REZ_OBJECTS_DIR = /Users/carl.stanley/sites/UKCPA/ukcpa_flutter/build/ios/Pods.build/Release-iphonesimulator/connectivity_plus.build/ResourceManagerResources/Objects
               REZ_SEARCH_PATHS = /Users/carl.stanley/sites/UKCPA/ukcpa_flutter/build/ios/Release-iphonesimulator/connectivity_plus 
               SCAN_ALL_SOURCE_FILES_FOR_INCLUDES = NO
               SCRIPTS_FOLDER_PATH = connectivity_plus.framework/Scripts
               SDKROOT = /Applications/Xcode.app/Contents/Developer/Platforms/iPhoneSimulator.platform/Developer/SDKs/iPhoneSimulator18.0.sdk
               SDK_DIR = /Applications/Xcode.app/Contents/Developer/Platforms/iPhoneSimulator.platform/Developer/SDKs/iPhoneSimulator18.0.sdk
               SDK_DIR_iphonesimulator = /Applications/Xcode.app/Contents/Developer/Platforms/iPhoneSimulator.platform/Developer/SDKs/iPhoneSimulator18.0.sdk
               SDK_DIR_iphonesimulator18_0 = /Applications/Xcode.app/Contents/Developer/Platforms/iPhoneSimulator.platform/Developer/SDKs/iPhoneSimulator18.0.sdk
               SDK_NAME = iphonesimulator18.0
               SDK_NAMES = iphonesimulator18.0
               SDK_PRODUCT_BUILD_VERSION = 22A3362
               SDK_STAT_CACHE_DIR = /var/folders/20/skb3d8qx2hn9r9z8036y32g40000gp/C/com.apple.DeveloperTools/16.0-16A242d/Xcode
               SDK_STAT_CACHE_ENABLE = YES
               SDK_STAT_CACHE_PATH = /var/folders/20/skb3d8qx2hn9r9z8036y32g40000gp/C/com.apple.DeveloperTools/16.0-16A242d/Xcode/SDKStatCaches.noindex/iphonesimulator18.0-22A3362-db63dc9361471f152f572502bdbfe70a.sdkstatcache
               SDK_VERSION = 18.0
               SDK_VERSION_ACTUAL = 180000
               SDK_VERSION_MAJOR = 180000
               SDK_VERSION_MINOR = 180000
               SED = /usr/bin/sed
               SEPARATE_STRIP = NO
               SEPARATE_SYMBOL_EDIT = NO
               SET_DIR_MODE_OWNER_GROUP = YES
               SET_FILE_MODE_OWNER_GROUP = NO
               SHALLOW_BUNDLE = YES
               SHALLOW_BUNDLE_TRIPLE = ios-simulator
               SHALLOW_BUNDLE_ios_macabi = NO
               SHALLOW_BUNDLE_macos = NO
               SHARED_DERIVED_FILE_DIR = /Users/carl.stanley/sites/UKCPA/ukcpa_flutter/build/ios/Release-iphonesimulator/connectivity_plus/DerivedSources
               SHARED_FRAMEWORKS_FOLDER_PATH = connectivity_plus.framework/SharedFrameworks
               SHARED_PRECOMPS_DIR = /Users/carl.stanley/sites/UKCPA/ukcpa_flutter/build/ios/SharedPrecompiledHeaders
               SHARED_SUPPORT_FOLDER_PATH = connectivity_plus.framework
               SKIP_INSTALL = YES
               SOURCE_ROOT = /Users/carl.stanley/sites/UKCPA/ukcpa_flutter/ios/Pods
               SRCROOT = /Users/carl.stanley/sites/UKCPA/ukcpa_flutter/ios/Pods
               STRINGSDATA_DIR = /Users/carl.stanley/sites/UKCPA/ukcpa_flutter/build/ios/Pods.build/Release-iphonesimulator/connectivity_plus.build/Objects-normal/undefined_arch
               STRINGSDATA_ROOT = /Users/carl.stanley/sites/UKCPA/ukcpa_flutter/build/ios/Pods.build/Release-iphonesimulator/connectivity_plus.build
               STRINGS_FILE_INFOPLIST_RENAME = YES
               STRINGS_FILE_OUTPUT_ENCODING = binary
               STRIP_BITCODE_FROM_COPIED_FILES = NO
               STRIP_INSTALLED_PRODUCT = NO
               STRIP_STYLE = debugging
               STRIP_SWIFT_SYMBOLS = YES
               SUPPORTED_DEVICE_FAMILIES = 1,2
               SUPPORTED_PLATFORMS = iphoneos iphonesimulator
               SUPPORTS_TEXT_BASED_API = NO
               SUPPRESS_WARNINGS = NO
               SWIFT_ACTIVE_COMPILATION_CONDITIONS =  
               SWIFT_COMPILATION_MODE = wholemodule
               SWIFT_EMIT_LOC_STRINGS = NO
               SWIFT_INSTALL_MODULE_FOR_DEPLOYMENT = YES
               SWIFT_INSTALL_OBJC_HEADER = YES
               SWIFT_OPTIMIZATION_LEVEL = -O
               SWIFT_PLATFORM_TARGET_PREFIX = ios
               SWIFT_RESPONSE_FILE_PATH_normal_arm64 = /Users/carl.stanley/sites/UKCPA/ukcpa_flutter/build/ios/Pods.build/Release-iphonesimulator/connectivity_plus.build/Objects-normal/arm64/connectivity_plus.SwiftFileList
               SWIFT_RESPONSE_FILE_PATH_normal_x86_64 = /Users/carl.stanley/sites/UKCPA/ukcpa_flutter/build/ios/Pods.build/Release-iphonesimulator/connectivity_plus.build/Objects-normal/x86_64/connectivity_plus.SwiftFileList
               SWIFT_VERSION = 5.0
               SYMROOT = /Users/carl.stanley/sites/UKCPA/ukcpa_flutter/ios/build
               SYSTEM_ADMIN_APPS_DIR = /Applications/Utilities
               SYSTEM_APPS_DIR = /Applications
               SYSTEM_CORE_SERVICES_DIR = /System/Library/CoreServices
               SYSTEM_DEMOS_DIR = /Applications/Extras
               SYSTEM_DEVELOPER_APPS_DIR = /Applications/Xcode.app/Contents/Developer/Applications
               SYSTEM_DEVELOPER_BIN_DIR = /Applications/Xcode.app/Contents/Developer/usr/bin
               SYSTEM_DEVELOPER_DEMOS_DIR = /Applications/Xcode.app/Contents/Developer/Applications/Utilities/Built Examples
               SYSTEM_DEVELOPER_DIR = /Applications/Xcode.app/Contents/Developer
               SYSTEM_DEVELOPER_DOC_DIR = /Applications/Xcode.app/Contents/Developer/ADC Reference Library
               SYSTEM_DEVELOPER_GRAPHICS_TOOLS_DIR = /Applications/Xcode.app/Contents/Developer/Applications/Graphics Tools
               SYSTEM_DEVELOPER_JAVA_TOOLS_DIR = /Applications/Xcode.app/Contents/Developer/Applications/Java Tools
               SYSTEM_DEVELOPER_PERFORMANCE_TOOLS_DIR = /Applications/Xcode.app/Contents/Developer/Applications/Performance Tools
               SYSTEM_DEVELOPER_RELEASENOTES_DIR = /Applications/Xcode.app/Contents/Developer/ADC Reference Library/releasenotes
               SYSTEM_DEVELOPER_TOOLS = /Applications/Xcode.app/Contents/Developer/Tools
               SYSTEM_DEVELOPER_TOOLS_DOC_DIR = /Applications/Xcode.app/Contents/Developer/ADC Reference Library/documentation/DeveloperTools
               SYSTEM_DEVELOPER_TOOLS_RELEASENOTES_DIR = /Applications/Xcode.app/Contents/Developer/ADC Reference Library/releasenotes/DeveloperTools
               SYSTEM_DEVELOPER_USR_DIR = /Applications/Xcode.app/Contents/Developer/usr
               SYSTEM_DEVELOPER_UTILITIES_DIR = /Applications/Xcode.app/Contents/Developer/Applications/Utilities
               SYSTEM_DEXT_INSTALL_PATH = /System/Library/DriverExtensions
               SYSTEM_DOCUMENTATION_DIR = /Library/Documentation
               SYSTEM_EXTENSIONS_FOLDER_PATH = connectivity_plus.framework/SystemExtensions
               SYSTEM_EXTENSIONS_FOLDER_PATH_SHALLOW_BUNDLE_NO = connectivity_plus.framework/Library/SystemExtensions
               SYSTEM_EXTENSIONS_FOLDER_PATH_SHALLOW_BUNDLE_YES = connectivity_plus.framework/SystemExtensions
               SYSTEM_KEXT_INSTALL_PATH = /System/Library/Extensions
               SYSTEM_LIBRARY_DIR = /System/Library
               TAPI_DEMANGLE = YES
               TAPI_ENABLE_PROJECT_HEADERS = NO
               TAPI_LANGUAGE = objective-c
               TAPI_LANGUAGE_STANDARD = compiler-default
               TAPI_USE_SRCROOT = YES
               TAPI_VERIFY_MODE = Pedantic
               TARGETED_DEVICE_FAMILY = 1,2
               TARGETNAME = connectivity_plus
               TARGET_BUILD_DIR = /Users/carl.stanley/sites/UKCPA/ukcpa_flutter/build/ios/Release-iphonesimulator/connectivity_plus
               TARGET_NAME = connectivity_plus
               TARGET_TEMP_DIR = /Users/carl.stanley/sites/UKCPA/ukcpa_flutter/build/ios/Pods.build/Release-iphonesimulator/connectivity_plus.build
               TEMP_DIR = /Users/carl.stanley/sites/UKCPA/ukcpa_flutter/build/ios/Pods.build/Release-iphonesimulator/connectivity_plus.build
               TEMP_FILES_DIR = /Users/carl.stanley/sites/UKCPA/ukcpa_flutter/build/ios/Pods.build/Release-iphonesimulator/connectivity_plus.build
               TEMP_FILE_DIR = /Users/carl.stanley/sites/UKCPA/ukcpa_flutter/build/ios/Pods.build/Release-iphonesimulator/connectivity_plus.build
               TEMP_ROOT = /Users/carl.stanley/sites/UKCPA/ukcpa_flutter/build/ios
               TEST_FRAMEWORK_SEARCH_PATHS =  /Applications/Xcode.app/Contents/Developer/Platforms/iPhoneSimulator.platform/Developer/Library/Frameworks /Applications/Xcode.app/Contents/Developer/Platforms/iPhoneSimulator.platform/Developer/SDKs/iPhoneSimulator18.0.sdk/Developer/Library/Frameworks
               TEST_LIBRARY_SEARCH_PATHS =  /Applications/Xcode.app/Contents/Developer/Platforms/iPhoneSimulator.platform/Developer/usr/lib
               TOOLCHAINS = com.apple.dt.toolchain.XcodeDefault
               TOOLCHAIN_DIR = /Applications/Xcode.app/Contents/Developer/Toolchains/XcodeDefault.xctoolchain
               TREAT_MISSING_BASELINES_AS_TEST_FAILURES = NO
               TREAT_MISSING_SCRIPT_PHASE_OUTPUTS_AS_ERRORS = NO
               UID = 502
               UNINSTALLED_PRODUCTS_DIR = /Users/carl.stanley/sites/UKCPA/ukcpa_flutter/build/ios/UninstalledProducts
               UNLOCALIZED_RESOURCES_FOLDER_PATH = connectivity_plus.framework
               UNLOCALIZED_RESOURCES_FOLDER_PATH_SHALLOW_BUNDLE_NO = connectivity_plus.framework/Resources
               UNLOCALIZED_RESOURCES_FOLDER_PATH_SHALLOW_BUNDLE_YES = connectivity_plus.framework
               UNSTRIPPED_PRODUCT = NO
               USER = carl.stanley
               USER_APPS_DIR = /Users/carl.stanley/Applications
               USER_LIBRARY_DIR = /Users/carl.stanley/Library
               USE_DYNAMIC_NO_PIC = YES
               USE_HEADERMAP = YES
               USE_HEADER_SYMLINKS = NO
               USE_RECURSIVE_SCRIPT_INPUTS_IN_SCRIPT_PHASES = YES
               VALIDATE_DEVELOPMENT_ASSET_PATHS = YES_ERROR
               VALIDATE_PRODUCT = YES
               VALID_ARCHS = arm64 x86_64
               VERBOSE_PBXCP = NO
               VERSIONING_SYSTEM = apple-generic
               VERSIONPLIST_PATH = connectivity_plus.framework/version.plist
               VERSIONS_FOLDER_PATH = connectivity_plus.framework
               VERSIONS_FOLDER_PATH_SHALLOW_BUNDLE_NO = connectivity_plus.framework/Versions
               VERSIONS_FOLDER_PATH_SHALLOW_BUNDLE_YES = connectivity_plus.framework
               VERSION_INFO_BUILDER = carl.stanley
               VERSION_INFO_FILE = connectivity_plus_vers.c
               VERSION_INFO_STRING = "@(#)PROGRAM:connectivity_plus  PROJECT:Pods-1"
               WORKSPACE_DIR = /Users/carl.stanley/sites/UKCPA/ukcpa_flutter/ios/Pods/Pods.xcodeproj
               WRAPPER_EXTENSION = framework
               WRAPPER_NAME = connectivity_plus.framework
               WRAPPER_SUFFIX = .framework
               WRAP_ASSET_PACKS_IN_SEPARATE_DIRECTORIES = NO
               XCODE_APP_SUPPORT_DIR = /Applications/Xcode.app/Contents/Developer/Library/Xcode
               XCODE_PRODUCT_BUILD_VERSION = 16A242d
               XCODE_VERSION_ACTUAL = 1600
               XCODE_VERSION_MAJOR = 1600
               XCODE_VERSION_MINOR = 1600
               XPCSERVICES_FOLDER_PATH = connectivity_plus.framework/XPCServices
               YACC = yacc
               _WRAPPER_CONTENTS_DIR_SHALLOW_BUNDLE_NO = /Contents
               _WRAPPER_PARENT_PATH_SHALLOW_BUNDLE_NO = /..
               _WRAPPER_RESOURCES_DIR_SHALLOW_BUNDLE_NO = /Resources
               arch = undefined_arch
               variant = normal

           Build settings for action build and target device_info_plus:
               ACTION = build
               AD_HOC_CODE_SIGNING_ALLOWED = YES
               ALLOW_BUILD_REQUEST_OVERRIDES = NO
               ALLOW_TARGET_PLATFORM_SPECIALIZATION = NO
               ALTERNATE_GROUP = staff
               ALTERNATE_MODE = u+w,go-w,a+rX
               ALTERNATE_OWNER = carl.stanley
               ALTERNATIVE_DISTRIBUTION_WEB = NO
               ALWAYS_EMBED_SWIFT_STANDARD_LIBRARIES = NO
               ALWAYS_SEARCH_USER_PATHS = NO
               ALWAYS_USE_SEPARATE_HEADERMAPS = NO
               APPLE_INTERNAL_DEVELOPER_DIR = /AppleInternal/Developer
               APPLE_INTERNAL_DIR = /AppleInternal
               APPLE_INTERNAL_DOCUMENTATION_DIR = /AppleInternal/Documentation
               APPLE_INTERNAL_LIBRARY_DIR = /AppleInternal/Library
               APPLE_INTERNAL_TOOLS = /AppleInternal/Developer/Tools
               APPLICATION_EXTENSION_API_ONLY = NO
               APPLY_RULES_IN_COPY_FILES = NO
               APPLY_RULES_IN_COPY_HEADERS = NO
               APP_SHORTCUTS_ENABLE_FLEXIBLE_MATCHING = YES
               ARCHS = arm64 x86_64
               ARCHS_STANDARD = arm64 x86_64
               ARCHS_STANDARD_32_64_BIT = arm64 i386 x86_64
               ARCHS_STANDARD_32_BIT = i386
               ARCHS_STANDARD_64_BIT = arm64 x86_64
               ARCHS_STANDARD_INCLUDING_64_BIT = arm64 x86_64
               ARCHS_UNIVERSAL_IPHONE_OS = arm64 i386 x86_64
               ASSETCATALOG_COMPILER_GENERATE_ASSET_SYMBOLS = YES
               AUTOMATICALLY_MERGE_DEPENDENCIES = NO
               AVAILABLE_PLATFORMS = appletvos appletvsimulator driverkit iphoneos iphonesimulator macosx watchos watchsimulator xros xrsimulator
               BITCODE_GENERATION_MODE = marker
               BUILD_ACTIVE_RESOURCES_ONLY = NO
               BUILD_COMPONENTS = headers build
               BUILD_DIR = /Users/carl.stanley/sites/UKCPA/ukcpa_flutter/build/ios
               BUILD_LIBRARY_FOR_DISTRIBUTION = NO
               BUILD_ROOT = /Users/carl.stanley/sites/UKCPA/ukcpa_flutter/ios/build
               BUILD_STYLE = 
               BUILD_VARIANTS = normal
               BUILT_PRODUCTS_DIR = /Users/carl.stanley/sites/UKCPA/ukcpa_flutter/build/ios/Release-iphonesimulator/device_info_plus
               BUNDLE_CONTENTS_FOLDER_PATH_deep = Contents/
               BUNDLE_EXECUTABLE_FOLDER_NAME_deep = MacOS
               BUNDLE_EXTENSIONS_FOLDER_PATH = Extensions
               BUNDLE_FORMAT = shallow
               BUNDLE_FRAMEWORKS_FOLDER_PATH = Frameworks
               BUNDLE_PLUGINS_FOLDER_PATH = PlugIns
               BUNDLE_PRIVATE_HEADERS_FOLDER_PATH = PrivateHeaders
               BUNDLE_PUBLIC_HEADERS_FOLDER_PATH = Headers
               CACHE_ROOT = /var/folders/20/skb3d8qx2hn9r9z8036y32g40000gp/C/com.apple.DeveloperTools/16.0-16A242d/Xcode
               CCHROOT = /var/folders/20/skb3d8qx2hn9r9z8036y32g40000gp/C/com.apple.DeveloperTools/16.0-16A242d/Xcode
               CHMOD = /bin/chmod
               CHOWN = /usr/sbin/chown
               CLANG_ANALYZER_LOCALIZABILITY_NONLOCALIZED = YES
               CLANG_ANALYZER_NONNULL = YES
               CLANG_ANALYZER_NUMBER_OBJECT_CONVERSION = YES_AGGRESSIVE
               CLANG_CACHE_FINE_GRAINED_OUTPUTS = YES
               CLANG_CXX_LANGUAGE_STANDARD = gnu++14
               CLANG_CXX_LIBRARY = libc++
               CLANG_ENABLE_EXPLICIT_MODULES = YES
               CLANG_ENABLE_MODULES = YES
               CLANG_ENABLE_OBJC_ARC = YES
               CLANG_ENABLE_OBJC_WEAK = NO
               CLANG_MODULES_BUILD_SESSION_FILE = /var/folders/20/skb3d8qx2hn9r9z8036y32g40000gp/C/org.llvm.clang/ModuleCache.noindex/Session.modulevalidation
               CLANG_WARN_BLOCK_CAPTURE_AUTORELEASING = YES
               CLANG_WARN_BOOL_CONVERSION = YES
               CLANG_WARN_COMMA = YES
               CLANG_WARN_CONSTANT_CONVERSION = YES
               CLANG_WARN_DEPRECATED_OBJC_IMPLEMENTATIONS = YES
               CLANG_WARN_DIRECT_OBJC_ISA_USAGE = YES_ERROR
               CLANG_WARN_DOCUMENTATION_COMMENTS = YES
               CLANG_WARN_EMPTY_BODY = YES
               CLANG_WARN_ENUM_CONVERSION = YES
               CLANG_WARN_INFINITE_RECURSION = YES
               CLANG_WARN_INT_CONVERSION = YES
               CLANG_WARN_NON_LITERAL_NULL_CONVERSION = YES
               CLANG_WARN_OBJC_IMPLICIT_RETAIN_SELF = YES
               CLANG_WARN_OBJC_LITERAL_CONVERSION = YES
               CLANG_WARN_OBJC_ROOT_CLASS = YES_ERROR
               CLANG_WARN_QUOTED_INCLUDE_IN_FRAMEWORK_HEADER = NO
               CLANG_WARN_RANGE_LOOP_ANALYSIS = YES
               CLANG_WARN_STRICT_PROTOTYPES = YES
               CLANG_WARN_SUSPICIOUS_MOVE = YES
               CLANG_WARN_UNGUARDED_AVAILABILITY = YES_AGGRESSIVE
               CLANG_WARN_UNREACHABLE_CODE = YES
               CLANG_WARN__DUPLICATE_METHOD_MATCH = YES
               CLASS_FILE_DIR = /Users/carl.stanley/sites/UKCPA/ukcpa_flutter/build/ios/Pods.build/Release-iphonesimulator/device_info_plus.build/JavaClasses
               CLEAN_PRECOMPS = YES
               CLONE_HEADERS = NO
               CODESIGNING_FOLDER_PATH = /Users/carl.stanley/sites/UKCPA/ukcpa_flutter/build/ios/Release-iphonesimulator/device_info_plus/device_info_plus.framework
               CODE_SIGNING_ALLOWED = YES
               CODE_SIGNING_REQUIRED = NO
               CODE_SIGNING_REQUIRES_TEAM = YES
               CODE_SIGN_CONTEXT_CLASS = XCiPhoneSimulatorCodeSignContext
               CODE_SIGN_IDENTITY = -
               CODE_SIGN_INJECT_BASE_ENTITLEMENTS = YES
               COLOR_DIAGNOSTICS = NO
               COMBINE_HIDPI_IMAGES = NO
               COMPILATION_CACHE_CAS_PATH = /var/folders/20/skb3d8qx2hn9r9z8036y32g40000gp/C/com.apple.DeveloperTools/16.0-16A242d/Xcode/CompilationCache.noindex
               COMPILATION_CACHE_KEEP_CAS_DIRECTORY = YES
               COMPILER_INDEX_STORE_ENABLE = Default
               COMPOSITE_SDK_DIRS = /Users/carl.stanley/sites/UKCPA/ukcpa_flutter/build/ios/CompositeSDKs
               COMPRESS_PNG_FILES = YES
               CONFIGURATION = Release
               CONFIGURATION_BUILD_DIR = /Users/carl.stanley/sites/UKCPA/ukcpa_flutter/build/ios/Release-iphonesimulator/device_info_plus
               CONFIGURATION_TEMP_DIR = /Users/carl.stanley/sites/UKCPA/ukcpa_flutter/build/ios/Pods.build/Release-iphonesimulator
               CONTENTS_FOLDER_PATH = device_info_plus.framework
               CONTENTS_FOLDER_PATH_SHALLOW_BUNDLE_NO = device_info_plus.framework/A
               CONTENTS_FOLDER_PATH_SHALLOW_BUNDLE_YES = device_info_plus.framework
               COPYING_PRESERVES_HFS_DATA = NO
               COPY_HEADERS_RUN_UNIFDEF = NO
               COPY_PHASE_STRIP = NO
               CORRESPONDING_DEVICE_PLATFORM_DIR = /Applications/Xcode.app/Contents/Developer/Platforms/iPhoneOS.platform
               CORRESPONDING_DEVICE_PLATFORM_NAME = iphoneos
               CORRESPONDING_DEVICE_SDK_DIR = /Applications/Xcode.app/Contents/Developer/Platforms/iPhoneOS.platform/Developer/SDKs/iPhoneOS18.0.sdk
               CORRESPONDING_DEVICE_SDK_NAME = iphoneos18.0
               CP = /bin/cp
               CREATE_INFOPLIST_SECTION_IN_BINARY = NO
               CURRENT_ARCH = undefined_arch
               CURRENT_PROJECT_VERSION = 1
               CURRENT_VARIANT = normal
               CURRENT_VERSION = Current
               DEAD_CODE_STRIPPING = YES
               DEBUGGING_SYMBOLS = YES
               DEBUG_INFORMATION_FORMAT = dwarf-with-dsym
               DEBUG_INFORMATION_VERSION = compiler-default
               DEFAULT_COMPILER = com.apple.compilers.llvm.clang.1_0
               DEFAULT_DEXT_INSTALL_PATH = /System/Library/DriverExtensions
               DEFAULT_KEXT_INSTALL_PATH = /System/Library/Extensions
               DEFINES_MODULE = YES
               DEPLOYMENT_LOCATION = NO
               DEPLOYMENT_POSTPROCESSING = NO
               DEPLOYMENT_TARGET_SETTING_NAME = IPHONEOS_DEPLOYMENT_TARGET
               DEPLOYMENT_TARGET_SUGGESTED_VALUES = 12.0 12.1 12.2 12.3 12.4 13.0 13.1 13.2 13.3 13.4 13.5 13.6 14.0 14.1 14.2 14.3 14.4 14.5 14.6 14.7 15.0 15.1 15.2 15.3 15.4 15.5 15.6 16.0 16.1 16.2 16.3 16.4 16.5 16.6 17.0 17.1 17.2 17.3 17.4 17.5 17.6 18.0
               DERIVED_FILES_DIR = /Users/carl.stanley/sites/UKCPA/ukcpa_flutter/build/ios/Pods.build/Release-iphonesimulator/device_info_plus.build/DerivedSources
               DERIVED_FILE_DIR = /Users/carl.stanley/sites/UKCPA/ukcpa_flutter/build/ios/Pods.build/Release-iphonesimulator/device_info_plus.build/DerivedSources
               DERIVED_SOURCES_DIR = /Users/carl.stanley/sites/UKCPA/ukcpa_flutter/build/ios/Pods.build/Release-iphonesimulator/device_info_plus.build/DerivedSources
               DEVELOPER_APPLICATIONS_DIR = /Applications/Xcode.app/Contents/Developer/Applications
               DEVELOPER_BIN_DIR = /Applications/Xcode.app/Contents/Developer/usr/bin
               DEVELOPER_DIR = /Applications/Xcode.app/Contents/Developer
               DEVELOPER_FRAMEWORKS_DIR = /Applications/Xcode.app/Contents/Developer/Library/Frameworks
               DEVELOPER_FRAMEWORKS_DIR_QUOTED = /Applications/Xcode.app/Contents/Developer/Library/Frameworks
               DEVELOPER_LIBRARY_DIR = /Applications/Xcode.app/Contents/Developer/Library
               DEVELOPER_SDK_DIR = /Applications/Xcode.app/Contents/Developer/Platforms/MacOSX.platform/Developer/SDKs
               DEVELOPER_TOOLS_DIR = /Applications/Xcode.app/Contents/Developer/Tools
               DEVELOPER_USR_DIR = /Applications/Xcode.app/Contents/Developer/usr
               DEVELOPMENT_LANGUAGE = en
               DIFF = /usr/bin/diff
               DOCUMENTATION_FOLDER_PATH = device_info_plus.framework/en.lproj/Documentation
               DONT_GENERATE_INFOPLIST_FILE = NO
               DSTROOT = /tmp/Pods.dst
               DT_TOOLCHAIN_DIR = /Applications/Xcode.app/Contents/Developer/Toolchains/XcodeDefault.xctoolchain
               DWARF_DSYM_FILE_NAME = device_info_plus.framework.dSYM
               DWARF_DSYM_FILE_SHOULD_ACCOMPANY_PRODUCT = NO
               DWARF_DSYM_FOLDER_PATH = /Users/carl.stanley/sites/UKCPA/ukcpa_flutter/build/ios/Release-iphonesimulator/device_info_plus
               DYLIB_COMPATIBILITY_VERSION = 1
               DYLIB_CURRENT_VERSION = 1
               DYLIB_INSTALL_NAME_BASE = @rpath
               DYNAMIC_LIBRARY_EXTENSION = dylib
               EAGER_COMPILATION_ALLOW_SCRIPTS = NO
               EAGER_LINKING = NO
               EFFECTIVE_PLATFORM_NAME = -iphonesimulator
               EMBEDDED_CONTENT_CONTAINS_SWIFT = NO
               EMBED_ASSET_PACKS_IN_PRODUCT_BUNDLE = NO
               ENABLE_APP_SANDBOX = NO
               ENABLE_BITCODE = NO
               ENABLE_CODE_COVERAGE = YES
               ENABLE_DEFAULT_HEADER_SEARCH_PATHS = YES
               ENABLE_DEFAULT_SEARCH_PATHS = YES
               ENABLE_HARDENED_RUNTIME = NO
               ENABLE_HEADER_DEPENDENCIES = YES
               ENABLE_MODULE_VERIFIER = NO
               ENABLE_NS_ASSERTIONS = NO
               ENABLE_ON_DEMAND_RESOURCES = NO
               ENABLE_STRICT_OBJC_MSGSEND = YES
               ENABLE_TESTABILITY = NO
               ENABLE_TESTING_SEARCH_PATHS = NO
               ENABLE_USER_SCRIPT_SANDBOXING = NO
               ENTITLEMENTS_DESTINATION = __entitlements
               ENTITLEMENTS_REQUIRED = NO
               EXCLUDED_ARCHS =  i386
               EXCLUDED_INSTALLSRC_SUBDIRECTORY_PATTERNS = .DS_Store .svn .git .hg CVS
               EXCLUDED_RECURSIVE_SEARCH_PATH_SUBDIRECTORIES = *.nib *.lproj *.framework *.gch *.xcode* *.xcassets (*) .DS_Store CVS .svn .git .hg *.pbproj *.pbxproj
               EXECUTABLES_FOLDER_PATH = device_info_plus.framework/en.lproj
               EXECUTABLE_FOLDER_PATH = device_info_plus.framework
               EXECUTABLE_FOLDER_PATH_SHALLOW_BUNDLE_NO = device_info_plus.framework
               EXECUTABLE_FOLDER_PATH_SHALLOW_BUNDLE_YES = device_info_plus.framework
               EXECUTABLE_NAME = device_info_plus
               EXECUTABLE_PATH = device_info_plus.framework/device_info_plus
               EXTENSIONS_FOLDER_PATH = device_info_plus.framework/Extensions
               FILE_LIST = /Users/carl.stanley/sites/UKCPA/ukcpa_flutter/build/ios/Pods.build/Release-iphonesimulator/device_info_plus.build/Objects/LinkFileList
               FIXED_FILES_DIR = /Users/carl.stanley/sites/UKCPA/ukcpa_flutter/build/ios/Pods.build/Release-iphonesimulator/device_info_plus.build/FixedFiles
               FRAMEWORKS_FOLDER_PATH = device_info_plus.framework/Frameworks
               FRAMEWORK_FLAG_PREFIX = -framework
               FRAMEWORK_SEARCH_PATHS = /Users/carl.stanley/sites/UKCPA/ukcpa_flutter/build/ios/Release-iphonesimulator/device_info_plus "/Users/carl.stanley/development/flutter/bin/cache/artifacts/engine/ios-release/Flutter.xcframework/ios-arm64_x86_64-simulator" 
               FRAMEWORK_VERSION = A
               FULL_PRODUCT_NAME = device_info_plus.framework
               FUSE_BUILD_PHASES = YES
               FUSE_BUILD_SCRIPT_PHASES = NO
               GCC3_VERSION = 3.3
               GCC_C_LANGUAGE_STANDARD = gnu11
               GCC_INLINES_ARE_PRIVATE_EXTERN = YES
               GCC_NO_COMMON_BLOCKS = YES
               GCC_OBJC_LEGACY_DISPATCH = YES
               GCC_PFE_FILE_C_DIALECTS = c objective-c c++ objective-c++
               GCC_PREFIX_HEADER = Target Support Files/device_info_plus/device_info_plus-prefix.pch
               GCC_PREPROCESSOR_DEFINITIONS = POD_CONFIGURATION_RELEASE=1  COCOAPODS=1
               GCC_TREAT_WARNINGS_AS_ERRORS = NO
               GCC_VERSION = com.apple.compilers.llvm.clang.1_0
               GCC_VERSION_IDENTIFIER = com_apple_compilers_llvm_clang_1_0
               GCC_WARN_64_TO_32_BIT_CONVERSION = YES
               GCC_WARN_ABOUT_RETURN_TYPE = YES_ERROR
               GCC_WARN_UNDECLARED_SELECTOR = YES
               GCC_WARN_UNINITIALIZED_AUTOS = YES_AGGRESSIVE
               GCC_WARN_UNUSED_FUNCTION = YES
               GCC_WARN_UNUSED_VARIABLE = YES
               GENERATED_MODULEMAP_DIR = /Users/carl.stanley/sites/UKCPA/ukcpa_flutter/build/ios/GeneratedModuleMaps-iphonesimulator
               GENERATE_INFOPLIST_FILE = NO
               GENERATE_INTERMEDIATE_TEXT_BASED_STUBS = YES
               GENERATE_MASTER_OBJECT_FILE = NO
               GENERATE_PKGINFO_FILE = NO
               GENERATE_PROFILING_CODE = NO
               GENERATE_TEXT_BASED_STUBS = NO
               GID = 20
               GROUP = staff
               HEADERMAP_INCLUDES_FLAT_ENTRIES_FOR_TARGET_BEING_BUILT = YES
               HEADERMAP_INCLUDES_FRAMEWORK_ENTRIES_FOR_ALL_PRODUCT_TYPES = YES
               HEADERMAP_INCLUDES_FRAMEWORK_ENTRIES_FOR_TARGETS_NOT_BEING_BUILT = YES
               HEADERMAP_INCLUDES_NONPUBLIC_NONPRIVATE_HEADERS = YES
               HEADERMAP_INCLUDES_PROJECT_HEADERS = YES
               HEADERMAP_USES_FRAMEWORK_PREFIX_ENTRIES = YES
               HEADERMAP_USES_VFS = YES
               HEADER_SEARCH_PATHS = /Users/carl.stanley/sites/UKCPA/ukcpa_flutter/build/ios/Release-iphonesimulator/device_info_plus/include 
               HIDE_BITCODE_SYMBOLS = YES
               HOME = /Users/carl.stanley
               HOST_ARCH = arm64
               HOST_PLATFORM = macosx
               ICONV = /usr/bin/iconv
               IMPLICIT_DEPENDENCY_DOMAIN = default
               INFOPLIST_ENABLE_CFBUNDLEICONS_MERGE = YES
               INFOPLIST_EXPAND_BUILD_SETTINGS = YES
               INFOPLIST_FILE = Target Support Files/device_info_plus/device_info_plus-Info.plist
               INFOPLIST_OUTPUT_FORMAT = binary
               INFOPLIST_PATH = device_info_plus.framework/Info.plist
               INFOPLIST_PREPROCESS = NO
               INFOSTRINGS_PATH = device_info_plus.framework/en.lproj/InfoPlist.strings
               INLINE_PRIVATE_FRAMEWORKS = NO
               INSTALLHDRS_COPY_PHASE = NO
               INSTALLHDRS_SCRIPT_PHASE = NO
               INSTALL_DIR = /tmp/Pods.dst/Library/Frameworks
               INSTALL_GROUP = staff
               INSTALL_MODE_FLAG = u+w,go-w,a+rX
               INSTALL_OWNER = carl.stanley
               INSTALL_PATH = /Library/Frameworks
               INSTALL_ROOT = /tmp/Pods.dst
               IPHONEOS_DEPLOYMENT_TARGET = 13.0
               IS_UNOPTIMIZED_BUILD = NO
               JAVAC_DEFAULT_FLAGS = -J-Xms64m -J-XX:NewSize=4M -J-Dfile.encoding=UTF8
               JAVA_APP_STUB = /System/Library/Frameworks/JavaVM.framework/Resources/MacOS/JavaApplicationStub
               JAVA_ARCHIVE_CLASSES = YES
               JAVA_ARCHIVE_TYPE = JAR
               JAVA_COMPILER = /usr/bin/javac
               JAVA_FOLDER_PATH = device_info_plus.framework/Java
               JAVA_FRAMEWORK_RESOURCES_DIRS = Resources
               JAVA_JAR_FLAGS = cv
               JAVA_SOURCE_SUBDIR = .
               JAVA_USE_DEPENDENCIES = YES
               JAVA_ZIP_FLAGS = -urg
               JIKES_DEFAULT_FLAGS = +E +OLDCSO
               KEEP_PRIVATE_EXTERNS = NO
               LD_DEPENDENCY_INFO_FILE = /Users/carl.stanley/sites/UKCPA/ukcpa_flutter/build/ios/Pods.build/Release-iphonesimulator/device_info_plus.build/Objects-normal/undefined_arch/device_info_plus_dependency_info.dat
               LD_DYLIB_INSTALL_NAME = @rpath/device_info_plus.framework/device_info_plus
               LD_EXPORT_SYMBOLS = YES
               LD_GENERATE_MAP_FILE = NO
               LD_MAP_FILE_PATH = /Users/carl.stanley/sites/UKCPA/ukcpa_flutter/build/ios/Pods.build/Release-iphonesimulator/device_info_plus.build/device_info_plus-LinkMap-normal-undefined_arch.txt
               LD_NO_PIE = NO
               LD_QUOTE_LINKER_ARGUMENTS_FOR_COMPILER_DRIVER = YES
               LD_RUNPATH_SEARCH_PATHS =  @executable_path/Frameworks @loader_path/Frameworks
               LD_SHARED_CACHE_ELIGIBLE = Automatic
               LD_WARN_DUPLICATE_LIBRARIES = NO
               LD_WARN_UNUSED_DYLIBS = NO
               LEGACY_DEVELOPER_DIR = /Applications/Xcode.app/Contents/PlugIns/Xcode3Core.ideplugin/Contents/SharedSupport/Developer
               LEX = lex
               LIBRARY_DEXT_INSTALL_PATH = /Library/DriverExtensions
               LIBRARY_FLAG_NOSPACE = YES
               LIBRARY_FLAG_PREFIX = -l
               LIBRARY_KEXT_INSTALL_PATH = /Library/Extensions
               LIBRARY_SEARCH_PATHS = /Users/carl.stanley/sites/UKCPA/ukcpa_flutter/build/ios/Release-iphonesimulator/device_info_plus 
               LINKER_DISPLAYS_MANGLED_NAMES = NO
               LINK_FILE_LIST_normal_arm64 = /Users/carl.stanley/sites/UKCPA/ukcpa_flutter/build/ios/Pods.build/Release-iphonesimulator/device_info_plus.build/Objects-normal/arm64/device_info_plus.LinkFileList
               LINK_FILE_LIST_normal_x86_64 = /Users/carl.stanley/sites/UKCPA/ukcpa_flutter/build/ios/Pods.build/Release-iphonesimulator/device_info_plus.build/Objects-normal/x86_64/device_info_plus.LinkFileList
               LINK_OBJC_RUNTIME = YES
               LINK_WITH_STANDARD_LIBRARIES = YES
               LLVM_TARGET_TRIPLE_OS_VERSION = ios13.0
               LLVM_TARGET_TRIPLE_SUFFIX = -simulator
               LLVM_TARGET_TRIPLE_VENDOR = apple
               LM_AUX_CONST_METADATA_LIST_PATH_normal_arm64 = /Users/carl.stanley/sites/UKCPA/ukcpa_flutter/build/ios/Pods.build/Release-iphonesimulator/device_info_plus.build/Objects-normal/arm64/device_info_plus.SwiftConstValuesFileList
               LM_AUX_CONST_METADATA_LIST_PATH_normal_x86_64 = /Users/carl.stanley/sites/UKCPA/ukcpa_flutter/build/ios/Pods.build/Release-iphonesimulator/device_info_plus.build/Objects-normal/x86_64/device_info_plus.SwiftConstValuesFileList
               LOCALIZATION_EXPORT_SUPPORTED = YES
               LOCALIZATION_PREFERS_STRING_CATALOGS = NO
               LOCALIZED_RESOURCES_FOLDER_PATH = device_info_plus.framework/en.lproj
               LOCALIZED_STRING_MACRO_NAMES = NSLocalizedString CFCopyLocalizedString
               LOCALIZED_STRING_SWIFTUI_SUPPORT = YES
               LOCAL_ADMIN_APPS_DIR = /Applications/Utilities
               LOCAL_APPS_DIR = /Applications
               LOCAL_DEVELOPER_DIR = /Library/Developer
               LOCAL_LIBRARY_DIR = /Library
               LOCROOT = /Users/carl.stanley/sites/UKCPA/ukcpa_flutter/ios/Pods
               LOCSYMROOT = /Users/carl.stanley/sites/UKCPA/ukcpa_flutter/ios/Pods
               MACH_O_TYPE = mh_dylib
               MAC_OS_X_PRODUCT_BUILD_VERSION = 24G84
               MAC_OS_X_VERSION_ACTUAL = 150600
               MAC_OS_X_VERSION_MAJOR = 150000
               MAC_OS_X_VERSION_MINOR = 150600
               MAKE_MERGEABLE = NO
               MERGEABLE_LIBRARY = NO
               MERGED_BINARY_TYPE = none
               MERGE_LINKED_LIBRARIES = NO
               METAL_LIBRARY_FILE_BASE = default
               METAL_LIBRARY_OUTPUT_DIR = /Users/carl.stanley/sites/UKCPA/ukcpa_flutter/build/ios/Release-iphonesimulator/device_info_plus/device_info_plus.framework
               MODULEMAP_FILE = Target Support Files/device_info_plus/device_info_plus.modulemap
               MODULES_FOLDER_PATH = device_info_plus.framework/Modules
               MTL_ENABLE_DEBUG_INFO = NO
               MTL_FAST_MATH = YES
               NATIVE_ARCH = arm64
               NATIVE_ARCH_32_BIT = arm
               NATIVE_ARCH_64_BIT = arm64
               NATIVE_ARCH_ACTUAL = arm64
               NO_COMMON = YES
               OBJC_ABI_VERSION = 2
               OBJECT_FILE_DIR = /Users/carl.stanley/sites/UKCPA/ukcpa_flutter/build/ios/Pods.build/Release-iphonesimulator/device_info_plus.build/Objects
               OBJECT_FILE_DIR_normal = /Users/carl.stanley/sites/UKCPA/ukcpa_flutter/build/ios/Pods.build/Release-iphonesimulator/device_info_plus.build/Objects-normal
               OBJROOT = /Users/carl.stanley/sites/UKCPA/ukcpa_flutter/build/ios
               ONLY_ACTIVE_ARCH = NO
               OS = MACOS
               OSAC = /usr/bin/osacompile
               OTHER_LDFLAGS =  -framework Flutter
               PACKAGE_TYPE = com.apple.package-type.wrapper.framework
               PASCAL_STRINGS = YES
               PATH = /Applications/Xcode.app/Contents/SharedFrameworks/XCBuild.framework/Versions/A/PlugIns/XCBBuildService.bundle/Contents/PlugIns/XCBSpecifications.ideplugin/Contents/Resources:/Applications/Xcode.app/Contents/SharedFrameworks/XCBuild.framework/Versions/A/PlugIns/XCBBuildService.bundle/Contents/PlugIns/XCBSpecifications.ideplugin:/Applications/Xcode.app/Contents/Developer/Toolchains/XcodeDefault.xctoolchain/usr/bin:/Applications/Xcode.app/Contents/Developer/Toolchains/XcodeDefault.xctoolchain/usr/appleinternal/bin:/Applications/Xcode.app/Contents/Developer/Toolchains/XcodeDefault.xctoolchain/usr/local/bin:/Applications/Xcode.app/Contents/Developer/Toolchains/XcodeDefault.xctoolchain/usr/libexec:/Applications/Xcode.app/Contents/Developer/Platforms/iPhoneSimulator.platform/usr/bin:/Applications/Xcode.app/Contents/Developer/Platforms/iPhoneSimulator.platform/usr/appleinternal/bin:/Applications/Xcode.app/Contents/Developer/Platforms/iPhoneSimulator.platform/usr/local/bin:/Applications/Xcode.app/Contents/Developer/Platforms/iPhoneSimulator.platform/Developer/usr/bin:/Applications/Xcode.app/Contents/Developer/Platforms/iPhoneSimulator.platform/Developer/usr/local/bin:/Applications/Xcode.app/Contents/Developer/usr/bin:/Applications/Xcode.app/Contents/Developer/usr/local/bin:/opt/homebrew/Cellar/pyenv-virtualenv/1.2.4/shims:/Users/carl.stanley/.pyenv/shims:/Users/carl.stanley/.pyenv/bin:/Users/carl.stanley/.nvm/versions/node/v18.17.0/bin:/Users/carl.stanley/development/flutter/bin:/opt/homebrew/bin:/opt/homebrew/sbin:/Users/carl.stanley/.local/bin:/usr/local/bin:/System/Cryptexes/App/usr/bin:/usr/bin:/bin:/usr/sbin:/sbin:/var/run/com.apple.security.cryptexd/codex.system/bootstrap/usr/local/bin:/var/run/com.apple.security.cryptexd/codex.system/bootstrap/usr/bin:/var/run/com.apple.security.cryptexd/codex.system/bootstrap/usr/appleinternal/bin:/Library/Apple/usr/bin:/usr/local/sbin:/usr/local/go/bin:/Users/carl.stanley/.pub-cache/bin
               PATH_PREFIXES_EXCLUDED_FROM_HEADER_DEPENDENCIES = /usr/include /usr/local/include /System/Library/Frameworks /System/Library/PrivateFrameworks /Applications/Xcode.app/Contents/Developer/Headers /Applications/Xcode.app/Contents/Developer/SDKs /Applications/Xcode.app/Contents/Developer/Platforms
               PBDEVELOPMENTPLIST_PATH = device_info_plus.framework/pbdevelopment.plist
               PER_ARCH_OBJECT_FILE_DIR = /Users/carl.stanley/sites/UKCPA/ukcpa_flutter/build/ios/Pods.build/Release-iphonesimulator/device_info_plus.build/Objects-normal/undefined_arch
               PER_VARIANT_OBJECT_FILE_DIR = /Users/carl.stanley/sites/UKCPA/ukcpa_flutter/build/ios/Pods.build/Release-iphonesimulator/device_info_plus.build/Objects-normal
               PKGINFO_FILE_PATH = /Users/carl.stanley/sites/UKCPA/ukcpa_flutter/build/ios/Pods.build/Release-iphonesimulator/device_info_plus.build/PkgInfo
               PKGINFO_PATH = device_info_plus.framework/PkgInfo
               PLATFORM_DEVELOPER_APPLICATIONS_DIR = /Applications/Xcode.app/Contents/Developer/Platforms/iPhoneSimulator.platform/Developer/Applications
               PLATFORM_DEVELOPER_BIN_DIR = /Applications/Xcode.app/Contents/Developer/Platforms/iPhoneSimulator.platform/Developer/usr/bin
               PLATFORM_DEVELOPER_LIBRARY_DIR = /Applications/Xcode.app/Contents/Developer/Platforms/iPhoneSimulator.platform/Developer/Library
               PLATFORM_DEVELOPER_SDK_DIR = /Applications/Xcode.app/Contents/Developer/Platforms/iPhoneSimulator.platform/Developer/SDKs
               PLATFORM_DEVELOPER_TOOLS_DIR = /Applications/Xcode.app/Contents/Developer/Platforms/iPhoneSimulator.platform/Developer/Tools
               PLATFORM_DEVELOPER_USR_DIR = /Applications/Xcode.app/Contents/Developer/Platforms/iPhoneSimulator.platform/Developer/usr
               PLATFORM_DIR = /Applications/Xcode.app/Contents/Developer/Platforms/iPhoneSimulator.platform
               PLATFORM_DISPLAY_NAME = iOS Simulator
               PLATFORM_FAMILY_NAME = iOS
               PLATFORM_NAME = iphonesimulator
               PLATFORM_PREFERRED_ARCH = x86_64
               PLATFORM_PRODUCT_BUILD_VERSION = 22A3362
               PLIST_FILE_OUTPUT_FORMAT = binary
               PLUGINS_FOLDER_PATH = device_info_plus.framework/PlugIns
               PODS_BUILD_DIR = /Users/carl.stanley/sites/UKCPA/ukcpa_flutter/build/ios
               PODS_CONFIGURATION_BUILD_DIR = /Users/carl.stanley/sites/UKCPA/ukcpa_flutter/build/ios/Release-iphonesimulator
               PODS_DEVELOPMENT_LANGUAGE = en
               PODS_ROOT = /Users/carl.stanley/sites/UKCPA/ukcpa_flutter/ios/Pods
               PODS_TARGET_SRCROOT = /Users/carl.stanley/sites/UKCPA/ukcpa_flutter/ios/Pods/../.symlinks/plugins/device_info_plus/ios
               PODS_XCFRAMEWORKS_BUILD_DIR = /Users/carl.stanley/sites/UKCPA/ukcpa_flutter/build/ios/Release-iphonesimulator/XCFrameworkIntermediates
               PRECOMPS_INCLUDE_HEADERS_FROM_BUILT_PRODUCTS_DIR = YES
               PRECOMP_DESTINATION_DIR = /Users/carl.stanley/sites/UKCPA/ukcpa_flutter/build/ios/Pods.build/Release-iphonesimulator/device_info_plus.build/PrefixHeaders
               PRIVATE_HEADERS_FOLDER_PATH = device_info_plus.framework/PrivateHeaders
               PROCESSED_INFOPLIST_PATH = /Users/carl.stanley/sites/UKCPA/ukcpa_flutter/build/ios/Pods.build/Release-iphonesimulator/device_info_plus.build/Objects-normal/undefined_arch/Processed-Info.plist
               PRODUCT_BUNDLE_IDENTIFIER = org.cocoapods.device-info-plus
               PRODUCT_BUNDLE_PACKAGE_TYPE = FMWK
               PRODUCT_MODULE_NAME = device_info_plus
               PRODUCT_NAME = device_info_plus
               PRODUCT_SETTINGS_PATH = /Users/carl.stanley/sites/UKCPA/ukcpa_flutter/ios/Pods/Target Support Files/device_info_plus/device_info_plus-Info.plist
               PRODUCT_TYPE = com.apple.product-type.framework
               PROFILING_CODE = NO
               PROJECT = Pods
               PROJECT_DERIVED_FILE_DIR = /Users/carl.stanley/sites/UKCPA/ukcpa_flutter/build/ios/Pods.build/DerivedSources
               PROJECT_DIR = /Users/carl.stanley/sites/UKCPA/ukcpa_flutter/ios/Pods
               PROJECT_FILE_PATH = /Users/carl.stanley/sites/UKCPA/ukcpa_flutter/ios/Pods/Pods.xcodeproj
               PROJECT_GUID = bfdfe7dc352907fc980b868725387e98
               PROJECT_NAME = Pods
               PROJECT_TEMP_DIR = /Users/carl.stanley/sites/UKCPA/ukcpa_flutter/build/ios/Pods.build
               PROJECT_TEMP_ROOT = /Users/carl.stanley/sites/UKCPA/ukcpa_flutter/build/ios
               PUBLIC_HEADERS_FOLDER_PATH = device_info_plus.framework/Headers
               RECOMMENDED_IPHONEOS_DEPLOYMENT_TARGET = 15.0
               RECURSIVE_SEARCH_PATHS_FOLLOW_SYMLINKS = YES
               REMOVE_CVS_FROM_RESOURCES = YES
               REMOVE_GIT_FROM_RESOURCES = YES
               REMOVE_HEADERS_FROM_EMBEDDED_BUNDLES = YES
               REMOVE_HG_FROM_RESOURCES = YES
               REMOVE_STATIC_EXECUTABLES_FROM_EMBEDDED_BUNDLES = YES
               REMOVE_SVN_FROM_RESOURCES = YES
               RESCHEDULE_INDEPENDENT_HEADERS_PHASES = YES
               REZ_COLLECTOR_DIR = /Users/carl.stanley/sites/UKCPA/ukcpa_flutter/build/ios/Pods.build/Release-iphonesimulator/device_info_plus.build/ResourceManagerResources
               REZ_OBJECTS_DIR = /Users/carl.stanley/sites/UKCPA/ukcpa_flutter/build/ios/Pods.build/Release-iphonesimulator/device_info_plus.build/ResourceManagerResources/Objects
               REZ_SEARCH_PATHS = /Users/carl.stanley/sites/UKCPA/ukcpa_flutter/build/ios/Release-iphonesimulator/device_info_plus 
               SCAN_ALL_SOURCE_FILES_FOR_INCLUDES = NO
               SCRIPTS_FOLDER_PATH = device_info_plus.framework/Scripts
               SDKROOT = /Applications/Xcode.app/Contents/Developer/Platforms/iPhoneSimulator.platform/Developer/SDKs/iPhoneSimulator18.0.sdk
               SDK_DIR = /Applications/Xcode.app/Contents/Developer/Platforms/iPhoneSimulator.platform/Developer/SDKs/iPhoneSimulator18.0.sdk
               SDK_DIR_iphonesimulator = /Applications/Xcode.app/Contents/Developer/Platforms/iPhoneSimulator.platform/Developer/SDKs/iPhoneSimulator18.0.sdk
               SDK_DIR_iphonesimulator18_0 = /Applications/Xcode.app/Contents/Developer/Platforms/iPhoneSimulator.platform/Developer/SDKs/iPhoneSimulator18.0.sdk
               SDK_NAME = iphonesimulator18.0
               SDK_NAMES = iphonesimulator18.0
               SDK_PRODUCT_BUILD_VERSION = 22A3362
               SDK_STAT_CACHE_DIR = /var/folders/20/skb3d8qx2hn9r9z8036y32g40000gp/C/com.apple.DeveloperTools/16.0-16A242d/Xcode
               SDK_STAT_CACHE_ENABLE = YES
               SDK_STAT_CACHE_PATH = /var/folders/20/skb3d8qx2hn9r9z8036y32g40000gp/C/com.apple.DeveloperTools/16.0-16A242d/Xcode/SDKStatCaches.noindex/iphonesimulator18.0-22A3362-db63dc9361471f152f572502bdbfe70a.sdkstatcache
               SDK_VERSION = 18.0
               SDK_VERSION_ACTUAL = 180000
               SDK_VERSION_MAJOR = 180000
               SDK_VERSION_MINOR = 180000
               SED = /usr/bin/sed
               SEPARATE_STRIP = NO
               SEPARATE_SYMBOL_EDIT = NO
               SET_DIR_MODE_OWNER_GROUP = YES
               SET_FILE_MODE_OWNER_GROUP = NO
               SHALLOW_BUNDLE = YES
               SHALLOW_BUNDLE_TRIPLE = ios-simulator
               SHALLOW_BUNDLE_ios_macabi = NO
               SHALLOW_BUNDLE_macos = NO
               SHARED_DERIVED_FILE_DIR = /Users/carl.stanley/sites/UKCPA/ukcpa_flutter/build/ios/Release-iphonesimulator/device_info_plus/DerivedSources
               SHARED_FRAMEWORKS_FOLDER_PATH = device_info_plus.framework/SharedFrameworks
               SHARED_PRECOMPS_DIR = /Users/carl.stanley/sites/UKCPA/ukcpa_flutter/build/ios/SharedPrecompiledHeaders
               SHARED_SUPPORT_FOLDER_PATH = device_info_plus.framework
               SKIP_INSTALL = YES
               SOURCE_ROOT = /Users/carl.stanley/sites/UKCPA/ukcpa_flutter/ios/Pods
               SRCROOT = /Users/carl.stanley/sites/UKCPA/ukcpa_flutter/ios/Pods
               STRINGSDATA_DIR = /Users/carl.stanley/sites/UKCPA/ukcpa_flutter/build/ios/Pods.build/Release-iphonesimulator/device_info_plus.build/Objects-normal/undefined_arch
               STRINGSDATA_ROOT = /Users/carl.stanley/sites/UKCPA/ukcpa_flutter/build/ios/Pods.build/Release-iphonesimulator/device_info_plus.build
               STRINGS_FILE_INFOPLIST_RENAME = YES
               STRINGS_FILE_OUTPUT_ENCODING = binary
               STRIP_BITCODE_FROM_COPIED_FILES = NO
               STRIP_INSTALLED_PRODUCT = NO
               STRIP_STYLE = debugging
               STRIP_SWIFT_SYMBOLS = YES
               SUPPORTED_DEVICE_FAMILIES = 1,2
               SUPPORTED_PLATFORMS = iphoneos iphonesimulator
               SUPPORTS_TEXT_BASED_API = NO
               SUPPRESS_WARNINGS = NO
               SWIFT_ACTIVE_COMPILATION_CONDITIONS =  
               SWIFT_COMPILATION_MODE = wholemodule
               SWIFT_EMIT_LOC_STRINGS = NO
               SWIFT_INSTALL_MODULE_FOR_DEPLOYMENT = YES
               SWIFT_INSTALL_OBJC_HEADER = YES
               SWIFT_OPTIMIZATION_LEVEL = -O
               SWIFT_PLATFORM_TARGET_PREFIX = ios
               SWIFT_RESPONSE_FILE_PATH_normal_arm64 = /Users/carl.stanley/sites/UKCPA/ukcpa_flutter/build/ios/Pods.build/Release-iphonesimulator/device_info_plus.build/Objects-normal/arm64/device_info_plus.SwiftFileList
               SWIFT_RESPONSE_FILE_PATH_normal_x86_64 = /Users/carl.stanley/sites/UKCPA/ukcpa_flutter/build/ios/Pods.build/Release-iphonesimulator/device_info_plus.build/Objects-normal/x86_64/device_info_plus.SwiftFileList
               SWIFT_VERSION = 5.0
               SYMROOT = /Users/carl.stanley/sites/UKCPA/ukcpa_flutter/ios/build
               SYSTEM_ADMIN_APPS_DIR = /Applications/Utilities
               SYSTEM_APPS_DIR = /Applications
               SYSTEM_CORE_SERVICES_DIR = /System/Library/CoreServices
               SYSTEM_DEMOS_DIR = /Applications/Extras
               SYSTEM_DEVELOPER_APPS_DIR = /Applications/Xcode.app/Contents/Developer/Applications
               SYSTEM_DEVELOPER_BIN_DIR = /Applications/Xcode.app/Contents/Developer/usr/bin
               SYSTEM_DEVELOPER_DEMOS_DIR = /Applications/Xcode.app/Contents/Developer/Applications/Utilities/Built Examples
               SYSTEM_DEVELOPER_DIR = /Applications/Xcode.app/Contents/Developer
               SYSTEM_DEVELOPER_DOC_DIR = /Applications/Xcode.app/Contents/Developer/ADC Reference Library
               SYSTEM_DEVELOPER_GRAPHICS_TOOLS_DIR = /Applications/Xcode.app/Contents/Developer/Applications/Graphics Tools
               SYSTEM_DEVELOPER_JAVA_TOOLS_DIR = /Applications/Xcode.app/Contents/Developer/Applications/Java Tools
               SYSTEM_DEVELOPER_PERFORMANCE_TOOLS_DIR = /Applications/Xcode.app/Contents/Developer/Applications/Performance Tools
               SYSTEM_DEVELOPER_RELEASENOTES_DIR = /Applications/Xcode.app/Contents/Developer/ADC Reference Library/releasenotes
               SYSTEM_DEVELOPER_TOOLS = /Applications/Xcode.app/Contents/Developer/Tools
               SYSTEM_DEVELOPER_TOOLS_DOC_DIR = /Applications/Xcode.app/Contents/Developer/ADC Reference Library/documentation/DeveloperTools
               SYSTEM_DEVELOPER_TOOLS_RELEASENOTES_DIR = /Applications/Xcode.app/Contents/Developer/ADC Reference Library/releasenotes/DeveloperTools
               SYSTEM_DEVELOPER_USR_DIR = /Applications/Xcode.app/Contents/Developer/usr
               SYSTEM_DEVELOPER_UTILITIES_DIR = /Applications/Xcode.app/Contents/Developer/Applications/Utilities
               SYSTEM_DEXT_INSTALL_PATH = /System/Library/DriverExtensions
               SYSTEM_DOCUMENTATION_DIR = /Library/Documentation
               SYSTEM_EXTENSIONS_FOLDER_PATH = device_info_plus.framework/SystemExtensions
               SYSTEM_EXTENSIONS_FOLDER_PATH_SHALLOW_BUNDLE_NO = device_info_plus.framework/Library/SystemExtensions
               SYSTEM_EXTENSIONS_FOLDER_PATH_SHALLOW_BUNDLE_YES = device_info_plus.framework/SystemExtensions
               SYSTEM_KEXT_INSTALL_PATH = /System/Library/Extensions
               SYSTEM_LIBRARY_DIR = /System/Library
               TAPI_DEMANGLE = YES
               TAPI_ENABLE_PROJECT_HEADERS = NO
               TAPI_LANGUAGE = objective-c
               TAPI_LANGUAGE_STANDARD = compiler-default
               TAPI_USE_SRCROOT = YES
               TAPI_VERIFY_MODE = Pedantic
               TARGETED_DEVICE_FAMILY = 1,2
               TARGETNAME = device_info_plus
               TARGET_BUILD_DIR = /Users/carl.stanley/sites/UKCPA/ukcpa_flutter/build/ios/Release-iphonesimulator/device_info_plus
               TARGET_NAME = device_info_plus
               TARGET_TEMP_DIR = /Users/carl.stanley/sites/UKCPA/ukcpa_flutter/build/ios/Pods.build/Release-iphonesimulator/device_info_plus.build
               TEMP_DIR = /Users/carl.stanley/sites/UKCPA/ukcpa_flutter/build/ios/Pods.build/Release-iphonesimulator/device_info_plus.build
               TEMP_FILES_DIR = /Users/carl.stanley/sites/UKCPA/ukcpa_flutter/build/ios/Pods.build/Release-iphonesimulator/device_info_plus.build
               TEMP_FILE_DIR = /Users/carl.stanley/sites/UKCPA/ukcpa_flutter/build/ios/Pods.build/Release-iphonesimulator/device_info_plus.build
               TEMP_ROOT = /Users/carl.stanley/sites/UKCPA/ukcpa_flutter/build/ios
               TEST_FRAMEWORK_SEARCH_PATHS =  /Applications/Xcode.app/Contents/Developer/Platforms/iPhoneSimulator.platform/Developer/Library/Frameworks /Applications/Xcode.app/Contents/Developer/Platforms/iPhoneSimulator.platform/Developer/SDKs/iPhoneSimulator18.0.sdk/Developer/Library/Frameworks
               TEST_LIBRARY_SEARCH_PATHS =  /Applications/Xcode.app/Contents/Developer/Platforms/iPhoneSimulator.platform/Developer/usr/lib
               TOOLCHAINS = com.apple.dt.toolchain.XcodeDefault
               TOOLCHAIN_DIR = /Applications/Xcode.app/Contents/Developer/Toolchains/XcodeDefault.xctoolchain
               TREAT_MISSING_BASELINES_AS_TEST_FAILURES = NO
               TREAT_MISSING_SCRIPT_PHASE_OUTPUTS_AS_ERRORS = NO
               UID = 502
               UNINSTALLED_PRODUCTS_DIR = /Users/carl.stanley/sites/UKCPA/ukcpa_flutter/build/ios/UninstalledProducts
               UNLOCALIZED_RESOURCES_FOLDER_PATH = device_info_plus.framework
               UNLOCALIZED_RESOURCES_FOLDER_PATH_SHALLOW_BUNDLE_NO = device_info_plus.framework/Resources
               UNLOCALIZED_RESOURCES_FOLDER_PATH_SHALLOW_BUNDLE_YES = device_info_plus.framework
               UNSTRIPPED_PRODUCT = NO
               USER = carl.stanley
               USER_APPS_DIR = /Users/carl.stanley/Applications
               USER_LIBRARY_DIR = /Users/carl.stanley/Library
               USE_DYNAMIC_NO_PIC = YES
               USE_HEADERMAP = YES
               USE_HEADER_SYMLINKS = NO
               USE_RECURSIVE_SCRIPT_INPUTS_IN_SCRIPT_PHASES = YES
               VALIDATE_DEVELOPMENT_ASSET_PATHS = YES_ERROR
               VALIDATE_PRODUCT = YES
               VALID_ARCHS = arm64 x86_64
               VERBOSE_PBXCP = NO
               VERSIONING_SYSTEM = apple-generic
               VERSIONPLIST_PATH = device_info_plus.framework/version.plist
               VERSIONS_FOLDER_PATH = device_info_plus.framework
               VERSIONS_FOLDER_PATH_SHALLOW_BUNDLE_NO = device_info_plus.framework/Versions
               VERSIONS_FOLDER_PATH_SHALLOW_BUNDLE_YES = device_info_plus.framework
               VERSION_INFO_BUILDER = carl.stanley
               VERSION_INFO_FILE = device_info_plus_vers.c
               VERSION_INFO_STRING = "@(#)PROGRAM:device_info_plus  PROJECT:Pods-1"
               WORKSPACE_DIR = /Users/carl.stanley/sites/UKCPA/ukcpa_flutter/ios/Pods/Pods.xcodeproj
               WRAPPER_EXTENSION = framework
               WRAPPER_NAME = device_info_plus.framework
               WRAPPER_SUFFIX = .framework
               WRAP_ASSET_PACKS_IN_SEPARATE_DIRECTORIES = NO
               XCODE_APP_SUPPORT_DIR = /Applications/Xcode.app/Contents/Developer/Library/Xcode
               XCODE_PRODUCT_BUILD_VERSION = 16A242d
               XCODE_VERSION_ACTUAL = 1600
               XCODE_VERSION_MAJOR = 1600
               XCODE_VERSION_MINOR = 1600
               XPCSERVICES_FOLDER_PATH = device_info_plus.framework/XPCServices
               YACC = yacc
               _WRAPPER_CONTENTS_DIR_SHALLOW_BUNDLE_NO = /Contents
               _WRAPPER_PARENT_PATH_SHALLOW_BUNDLE_NO = /..
               _WRAPPER_RESOURCES_DIR_SHALLOW_BUNDLE_NO = /Resources
               arch = undefined_arch
               variant = normal

           Build settings for action build and target Flutter:
               ACTION = build
               AD_HOC_CODE_SIGNING_ALLOWED = YES
               ALLOW_BUILD_REQUEST_OVERRIDES = NO
               ALLOW_TARGET_PLATFORM_SPECIALIZATION = NO
               ALTERNATE_GROUP = staff
               ALTERNATE_MODE = u+w,go-w,a+rX
               ALTERNATE_OWNER = carl.stanley
               ALTERNATIVE_DISTRIBUTION_WEB = NO
               ALWAYS_EMBED_SWIFT_STANDARD_LIBRARIES = NO
               ALWAYS_SEARCH_USER_PATHS = NO
               ALWAYS_USE_SEPARATE_HEADERMAPS = NO
               APPLE_INTERNAL_DEVELOPER_DIR = /AppleInternal/Developer
               APPLE_INTERNAL_DIR = /AppleInternal
               APPLE_INTERNAL_DOCUMENTATION_DIR = /AppleInternal/Documentation
               APPLE_INTERNAL_LIBRARY_DIR = /AppleInternal/Library
               APPLE_INTERNAL_TOOLS = /AppleInternal/Developer/Tools
               APPLICATION_EXTENSION_API_ONLY = NO
               APPLY_RULES_IN_COPY_FILES = NO
               APPLY_RULES_IN_COPY_HEADERS = NO
               APP_SHORTCUTS_ENABLE_FLEXIBLE_MATCHING = YES
               ARCHS = arm64 x86_64
               ARCHS_STANDARD = arm64 x86_64
               ARCHS_STANDARD_32_64_BIT = arm64 i386 x86_64
               ARCHS_STANDARD_32_BIT = i386
               ARCHS_STANDARD_64_BIT = arm64 x86_64
               ARCHS_STANDARD_INCLUDING_64_BIT = arm64 x86_64
               ARCHS_UNIVERSAL_IPHONE_OS = arm64 i386 x86_64
               ASSETCATALOG_COMPILER_APPICON_NAME = AppIcon
               ASSETCATALOG_COMPILER_GENERATE_ASSET_SYMBOLS = YES
               ASSETCATALOG_COMPILER_GLOBAL_ACCENT_COLOR_NAME = AccentColor
               AUTOMATICALLY_MERGE_DEPENDENCIES = NO
               AVAILABLE_PLATFORMS = appletvos appletvsimulator driverkit iphoneos iphonesimulator macosx watchos watchsimulator xros xrsimulator
               BITCODE_GENERATION_MODE = marker
               BUILD_ACTIVE_RESOURCES_ONLY = NO
               BUILD_COMPONENTS = headers build
               BUILD_DIR = /Users/carl.stanley/sites/UKCPA/ukcpa_flutter/build/ios
               BUILD_LIBRARY_FOR_DISTRIBUTION = NO
               BUILD_ROOT = /Users/carl.stanley/sites/UKCPA/ukcpa_flutter/ios/build
               BUILD_STYLE = 
               BUILD_VARIANTS = normal
               BUILT_PRODUCTS_DIR = /Users/carl.stanley/sites/UKCPA/ukcpa_flutter/build/ios/Release-iphonesimulator/Flutter
               BUNDLE_CONTENTS_FOLDER_PATH_deep = Contents/
               BUNDLE_EXECUTABLE_FOLDER_NAME_deep = MacOS
               BUNDLE_EXTENSIONS_FOLDER_PATH = Extensions
               BUNDLE_FORMAT = shallow
               BUNDLE_FRAMEWORKS_FOLDER_PATH = Frameworks
               BUNDLE_PLUGINS_FOLDER_PATH = PlugIns
               BUNDLE_PRIVATE_HEADERS_FOLDER_PATH = PrivateHeaders
               BUNDLE_PUBLIC_HEADERS_FOLDER_PATH = Headers
               CACHE_ROOT = /var/folders/20/skb3d8qx2hn9r9z8036y32g40000gp/C/com.apple.DeveloperTools/16.0-16A242d/Xcode
               CCHROOT = /var/folders/20/skb3d8qx2hn9r9z8036y32g40000gp/C/com.apple.DeveloperTools/16.0-16A242d/Xcode
               CHMOD = /bin/chmod
               CHOWN = /usr/sbin/chown
               CLANG_ANALYZER_LOCALIZABILITY_NONLOCALIZED = YES
               CLANG_ANALYZER_NONNULL = YES
               CLANG_ANALYZER_NUMBER_OBJECT_CONVERSION = YES_AGGRESSIVE
               CLANG_CACHE_FINE_GRAINED_OUTPUTS = YES
               CLANG_CXX_LANGUAGE_STANDARD = gnu++14
               CLANG_CXX_LIBRARY = libc++
               CLANG_ENABLE_EXPLICIT_MODULES = YES
               CLANG_ENABLE_MODULES = YES
               CLANG_ENABLE_OBJC_ARC = YES
               CLANG_ENABLE_OBJC_WEAK = NO
               CLANG_MODULES_BUILD_SESSION_FILE = /var/folders/20/skb3d8qx2hn9r9z8036y32g40000gp/C/org.llvm.clang/ModuleCache.noindex/Session.modulevalidation
               CLANG_WARN_BLOCK_CAPTURE_AUTORELEASING = YES
               CLANG_WARN_BOOL_CONVERSION = YES
               CLANG_WARN_COMMA = YES
               CLANG_WARN_CONSTANT_CONVERSION = YES
               CLANG_WARN_DEPRECATED_OBJC_IMPLEMENTATIONS = YES
               CLANG_WARN_DIRECT_OBJC_ISA_USAGE = YES_ERROR
               CLANG_WARN_DOCUMENTATION_COMMENTS = YES
               CLANG_WARN_EMPTY_BODY = YES
               CLANG_WARN_ENUM_CONVERSION = YES
               CLANG_WARN_INFINITE_RECURSION = YES
               CLANG_WARN_INT_CONVERSION = YES
               CLANG_WARN_NON_LITERAL_NULL_CONVERSION = YES
               CLANG_WARN_OBJC_IMPLICIT_RETAIN_SELF = YES
               CLANG_WARN_OBJC_LITERAL_CONVERSION = YES
               CLANG_WARN_OBJC_ROOT_CLASS = YES_ERROR
               CLANG_WARN_QUOTED_INCLUDE_IN_FRAMEWORK_HEADER = NO
               CLANG_WARN_RANGE_LOOP_ANALYSIS = YES
               CLANG_WARN_STRICT_PROTOTYPES = YES
               CLANG_WARN_SUSPICIOUS_MOVE = YES
               CLANG_WARN_UNGUARDED_AVAILABILITY = YES_AGGRESSIVE
               CLANG_WARN_UNREACHABLE_CODE = YES
               CLANG_WARN__DUPLICATE_METHOD_MATCH = YES
               CLASS_FILE_DIR = /Users/carl.stanley/sites/UKCPA/ukcpa_flutter/build/ios/Pods.build/Release-iphonesimulator/Flutter.build/JavaClasses
               CLEAN_PRECOMPS = YES
               CLONE_HEADERS = NO
               CODESIGNING_FOLDER_PATH = /Users/carl.stanley/sites/UKCPA/ukcpa_flutter/build/ios/Release-iphonesimulator/Flutter/
               CODE_SIGNING_ALLOWED = NO
               CODE_SIGNING_REQUIRED = YES
               CODE_SIGN_CONTEXT_CLASS = XCiPhoneSimulatorCodeSignContext
               CODE_SIGN_IDENTITY = -
               CODE_SIGN_INJECT_BASE_ENTITLEMENTS = YES
               COLOR_DIAGNOSTICS = NO
               COMBINE_HIDPI_IMAGES = NO
               COMPILATION_CACHE_CAS_PATH = /var/folders/20/skb3d8qx2hn9r9z8036y32g40000gp/C/com.apple.DeveloperTools/16.0-16A242d/Xcode/CompilationCache.noindex
               COMPILATION_CACHE_KEEP_CAS_DIRECTORY = YES
               COMPILER_INDEX_STORE_ENABLE = Default
               COMPOSITE_SDK_DIRS = /Users/carl.stanley/sites/UKCPA/ukcpa_flutter/build/ios/CompositeSDKs
               COMPRESS_PNG_FILES = YES
               CONFIGURATION = Release
               CONFIGURATION_BUILD_DIR = /Users/carl.stanley/sites/UKCPA/ukcpa_flutter/build/ios/Release-iphonesimulator/Flutter
               CONFIGURATION_TEMP_DIR = /Users/carl.stanley/sites/UKCPA/ukcpa_flutter/build/ios/Pods.build/Release-iphonesimulator
               COPYING_PRESERVES_HFS_DATA = NO
               COPY_HEADERS_RUN_UNIFDEF = NO
               COPY_PHASE_STRIP = NO
               CORRESPONDING_DEVICE_PLATFORM_DIR = /Applications/Xcode.app/Contents/Developer/Platforms/iPhoneOS.platform
               CORRESPONDING_DEVICE_PLATFORM_NAME = iphoneos
               CORRESPONDING_DEVICE_SDK_DIR = /Applications/Xcode.app/Contents/Developer/Platforms/iPhoneOS.platform/Developer/SDKs/iPhoneOS18.0.sdk
               CORRESPONDING_DEVICE_SDK_NAME = iphoneos18.0
               CP = /bin/cp
               CREATE_INFOPLIST_SECTION_IN_BINARY = NO
               CURRENT_ARCH = undefined_arch
               CURRENT_VARIANT = normal
               DEAD_CODE_STRIPPING = YES
               DEBUGGING_SYMBOLS = YES
               DEBUG_INFORMATION_FORMAT = dwarf-with-dsym
               DEBUG_INFORMATION_VERSION = compiler-default
               DEFAULT_COMPILER = com.apple.compilers.llvm.clang.1_0
               DEFAULT_DEXT_INSTALL_PATH = /System/Library/DriverExtensions
               DEFAULT_KEXT_INSTALL_PATH = /System/Library/Extensions
               DEFINES_MODULE = NO
               DEPLOYMENT_LOCATION = NO
               DEPLOYMENT_POSTPROCESSING = NO
               DEPLOYMENT_TARGET_SETTING_NAME = IPHONEOS_DEPLOYMENT_TARGET
               DEPLOYMENT_TARGET_SUGGESTED_VALUES = 12.0 12.1 12.2 12.3 12.4 13.0 13.1 13.2 13.3 13.4 13.5 13.6 14.0 14.1 14.2 14.3 14.4 14.5 14.6 14.7 15.0 15.1 15.2 15.3 15.4 15.5 15.6 16.0 16.1 16.2 16.3 16.4 16.5 16.6 17.0 17.1 17.2 17.3 17.4 17.5 17.6 18.0
               DERIVED_FILES_DIR = /Users/carl.stanley/sites/UKCPA/ukcpa_flutter/build/ios/Pods.build/Release-iphonesimulator/Flutter.build/DerivedSources
               DERIVED_FILE_DIR = /Users/carl.stanley/sites/UKCPA/ukcpa_flutter/build/ios/Pods.build/Release-iphonesimulator/Flutter.build/DerivedSources
               DERIVED_SOURCES_DIR = /Users/carl.stanley/sites/UKCPA/ukcpa_flutter/build/ios/Pods.build/Release-iphonesimulator/Flutter.build/DerivedSources
               DEVELOPER_APPLICATIONS_DIR = /Applications/Xcode.app/Contents/Developer/Applications
               DEVELOPER_BIN_DIR = /Applications/Xcode.app/Contents/Developer/usr/bin
               DEVELOPER_DIR = /Applications/Xcode.app/Contents/Developer
               DEVELOPER_FRAMEWORKS_DIR = /Applications/Xcode.app/Contents/Developer/Library/Frameworks
               DEVELOPER_FRAMEWORKS_DIR_QUOTED = /Applications/Xcode.app/Contents/Developer/Library/Frameworks
               DEVELOPER_LIBRARY_DIR = /Applications/Xcode.app/Contents/Developer/Library
               DEVELOPER_SDK_DIR = /Applications/Xcode.app/Contents/Developer/Platforms/MacOSX.platform/Developer/SDKs
               DEVELOPER_TOOLS_DIR = /Applications/Xcode.app/Contents/Developer/Tools
               DEVELOPER_USR_DIR = /Applications/Xcode.app/Contents/Developer/usr
               DEVELOPMENT_LANGUAGE = en
               DIFF = /usr/bin/diff
               DONT_GENERATE_INFOPLIST_FILE = NO
               DSTROOT = /tmp/Pods.dst
               DT_TOOLCHAIN_DIR = /Applications/Xcode.app/Contents/Developer/Toolchains/XcodeDefault.xctoolchain
               DWARF_DSYM_FILE_NAME = .dSYM
               DWARF_DSYM_FILE_SHOULD_ACCOMPANY_PRODUCT = NO
               DWARF_DSYM_FOLDER_PATH = /Users/carl.stanley/sites/UKCPA/ukcpa_flutter/build/ios/Release-iphonesimulator/Flutter
               DYNAMIC_LIBRARY_EXTENSION = dylib
               EAGER_COMPILATION_ALLOW_SCRIPTS = NO
               EAGER_LINKING = NO
               EFFECTIVE_PLATFORM_NAME = -iphonesimulator
               EMBEDDED_CONTENT_CONTAINS_SWIFT = NO
               EMBED_ASSET_PACKS_IN_PRODUCT_BUNDLE = NO
               ENABLE_APP_SANDBOX = NO
               ENABLE_BITCODE = NO
               ENABLE_CODE_COVERAGE = YES
               ENABLE_DEFAULT_HEADER_SEARCH_PATHS = YES
               ENABLE_DEFAULT_SEARCH_PATHS = YES
               ENABLE_HARDENED_RUNTIME = NO
               ENABLE_HEADER_DEPENDENCIES = YES
               ENABLE_NS_ASSERTIONS = NO
               ENABLE_ON_DEMAND_RESOURCES = NO
               ENABLE_STRICT_OBJC_MSGSEND = YES
               ENABLE_TESTABILITY = NO
               ENABLE_TESTING_SEARCH_PATHS = NO
               ENABLE_USER_SCRIPT_SANDBOXING = NO
               ENTITLEMENTS_DESTINATION = __entitlements
               ENTITLEMENTS_REQUIRED = YES
               EXCLUDED_INSTALLSRC_SUBDIRECTORY_PATTERNS = .DS_Store .svn .git .hg CVS
               EXCLUDED_RECURSIVE_SEARCH_PATH_SUBDIRECTORIES = *.nib *.lproj *.framework *.gch *.xcode* *.xcassets (*) .DS_Store CVS .svn .git .hg *.pbproj *.pbxproj
               FILE_LIST = /Users/carl.stanley/sites/UKCPA/ukcpa_flutter/build/ios/Pods.build/Release-iphonesimulator/Flutter.build/Objects/LinkFileList
               FIXED_FILES_DIR = /Users/carl.stanley/sites/UKCPA/ukcpa_flutter/build/ios/Pods.build/Release-iphonesimulator/Flutter.build/FixedFiles
               FRAMEWORK_VERSION = A
               FUSE_BUILD_PHASES = YES
               FUSE_BUILD_SCRIPT_PHASES = NO
               GCC3_VERSION = 3.3
               GCC_C_LANGUAGE_STANDARD = gnu11
               GCC_NO_COMMON_BLOCKS = YES
               GCC_OBJC_LEGACY_DISPATCH = YES
               GCC_PFE_FILE_C_DIALECTS = c objective-c c++ objective-c++
               GCC_PREPROCESSOR_DEFINITIONS = POD_CONFIGURATION_RELEASE=1  COCOAPODS=1
               GCC_TREAT_WARNINGS_AS_ERRORS = NO
               GCC_VERSION = com.apple.compilers.llvm.clang.1_0
               GCC_VERSION_IDENTIFIER = com_apple_compilers_llvm_clang_1_0
               GCC_WARN_64_TO_32_BIT_CONVERSION = YES
               GCC_WARN_ABOUT_RETURN_TYPE = YES_ERROR
               GCC_WARN_UNDECLARED_SELECTOR = YES
               GCC_WARN_UNINITIALIZED_AUTOS = YES_AGGRESSIVE
               GCC_WARN_UNUSED_FUNCTION = YES
               GCC_WARN_UNUSED_VARIABLE = YES
               GENERATED_MODULEMAP_DIR = /Users/carl.stanley/sites/UKCPA/ukcpa_flutter/build/ios/GeneratedModuleMaps-iphonesimulator
               GENERATE_INFOPLIST_FILE = NO
               GENERATE_INTERMEDIATE_TEXT_BASED_STUBS = YES
               GENERATE_MASTER_OBJECT_FILE = NO
               GENERATE_PKGINFO_FILE = NO
               GENERATE_PROFILING_CODE = NO
               GENERATE_TEXT_BASED_STUBS = NO
               GID = 20
               GROUP = staff
               HEADERMAP_INCLUDES_FLAT_ENTRIES_FOR_TARGET_BEING_BUILT = YES
               HEADERMAP_INCLUDES_FRAMEWORK_ENTRIES_FOR_ALL_PRODUCT_TYPES = YES
               HEADERMAP_INCLUDES_FRAMEWORK_ENTRIES_FOR_TARGETS_NOT_BEING_BUILT = YES
               HEADERMAP_INCLUDES_NONPUBLIC_NONPRIVATE_HEADERS = YES
               HEADERMAP_INCLUDES_PROJECT_HEADERS = YES
               HEADERMAP_USES_FRAMEWORK_PREFIX_ENTRIES = YES
               HEADERMAP_USES_VFS = NO
               HIDE_BITCODE_SYMBOLS = YES
               HOME = /Users/carl.stanley
               HOST_ARCH = arm64
               HOST_PLATFORM = macosx
               ICONV = /usr/bin/iconv
               IMPLICIT_DEPENDENCY_DOMAIN = default
               INFOPLIST_ENABLE_CFBUNDLEICONS_MERGE = YES
               INFOPLIST_EXPAND_BUILD_SETTINGS = YES
               INFOPLIST_OUTPUT_FORMAT = binary
               INFOPLIST_PREPROCESS = NO
               INLINE_PRIVATE_FRAMEWORKS = NO
               INSTALLHDRS_COPY_PHASE = NO
               INSTALLHDRS_SCRIPT_PHASE = NO
               INSTALL_DIR = /tmp/Pods.dst
               INSTALL_GROUP = staff
               INSTALL_MODE_FLAG = u+w,go-w,a+rX
               INSTALL_OWNER = carl.stanley
               INSTALL_ROOT = /tmp/Pods.dst
               IPHONEOS_DEPLOYMENT_TARGET = 13.0
               IS_UNOPTIMIZED_BUILD = NO
               JAVAC_DEFAULT_FLAGS = -J-Xms64m -J-XX:NewSize=4M -J-Dfile.encoding=UTF8
               JAVA_APP_STUB = /System/Library/Frameworks/JavaVM.framework/Resources/MacOS/JavaApplicationStub
               JAVA_ARCHIVE_CLASSES = YES
               JAVA_ARCHIVE_TYPE = JAR
               JAVA_COMPILER = /usr/bin/javac
               JAVA_FRAMEWORK_RESOURCES_DIRS = Resources
               JAVA_JAR_FLAGS = cv
               JAVA_SOURCE_SUBDIR = .
               JAVA_USE_DEPENDENCIES = YES
               JAVA_ZIP_FLAGS = -urg
               JIKES_DEFAULT_FLAGS = +E +OLDCSO
               KEEP_PRIVATE_EXTERNS = NO
               LD_DEPENDENCY_INFO_FILE = /Users/carl.stanley/sites/UKCPA/ukcpa_flutter/build/ios/Pods.build/Release-iphonesimulator/Flutter.build/Objects-normal/undefined_arch/Flutter_dependency_info.dat
               LD_EXPORT_SYMBOLS = YES
               LD_GENERATE_MAP_FILE = NO
               LD_MAP_FILE_PATH = /Users/carl.stanley/sites/UKCPA/ukcpa_flutter/build/ios/Pods.build/Release-iphonesimulator/Flutter.build/Flutter-LinkMap-normal-undefined_arch.txt
               LD_NO_PIE = NO
               LD_QUOTE_LINKER_ARGUMENTS_FOR_COMPILER_DRIVER = YES
               LD_RUNPATH_SEARCH_PATHS =  @executable_path/Frameworks
               LD_SHARED_CACHE_ELIGIBLE = Automatic
               LD_WARN_DUPLICATE_LIBRARIES = NO
               LD_WARN_UNUSED_DYLIBS = NO
               LEGACY_DEVELOPER_DIR = /Applications/Xcode.app/Contents/PlugIns/Xcode3Core.ideplugin/Contents/SharedSupport/Developer
               LEX = lex
               LIBRARY_DEXT_INSTALL_PATH = /Library/DriverExtensions
               LIBRARY_FLAG_NOSPACE = YES
               LIBRARY_KEXT_INSTALL_PATH = /Library/Extensions
               LINKER_DISPLAYS_MANGLED_NAMES = NO
               LINK_FILE_LIST_normal_arm64 = /Users/carl.stanley/sites/UKCPA/ukcpa_flutter/build/ios/Pods.build/Release-iphonesimulator/Flutter.build/Objects-normal/arm64/Flutter.LinkFileList
               LINK_FILE_LIST_normal_x86_64 = /Users/carl.stanley/sites/UKCPA/ukcpa_flutter/build/ios/Pods.build/Release-iphonesimulator/Flutter.build/Objects-normal/x86_64/Flutter.LinkFileList
               LINK_OBJC_RUNTIME = YES
               LINK_WITH_STANDARD_LIBRARIES = YES
               LLVM_TARGET_TRIPLE_OS_VERSION = ios13.0
               LLVM_TARGET_TRIPLE_SUFFIX = -simulator
               LLVM_TARGET_TRIPLE_VENDOR = apple
               LM_AUX_CONST_METADATA_LIST_PATH_normal_arm64 = /Users/carl.stanley/sites/UKCPA/ukcpa_flutter/build/ios/Pods.build/Release-iphonesimulator/Flutter.build/Objects-normal/arm64/Flutter.SwiftConstValuesFileList
               LM_AUX_CONST_METADATA_LIST_PATH_normal_x86_64 = /Users/carl.stanley/sites/UKCPA/ukcpa_flutter/build/ios/Pods.build/Release-iphonesimulator/Flutter.build/Objects-normal/x86_64/Flutter.SwiftConstValuesFileList
               LOCALIZATION_EXPORT_SUPPORTED = YES
               LOCALIZATION_PREFERS_STRING_CATALOGS = NO
               LOCALIZED_STRING_MACRO_NAMES = NSLocalizedString CFCopyLocalizedString
               LOCALIZED_STRING_SWIFTUI_SUPPORT = YES
               LOCAL_ADMIN_APPS_DIR = /Applications/Utilities
               LOCAL_APPS_DIR = /Applications
               LOCAL_DEVELOPER_DIR = /Library/Developer
               LOCAL_LIBRARY_DIR = /Library
               LOCROOT = /Users/carl.stanley/sites/UKCPA/ukcpa_flutter/ios/Pods
               LOCSYMROOT = /Users/carl.stanley/sites/UKCPA/ukcpa_flutter/ios/Pods
               MAC_OS_X_PRODUCT_BUILD_VERSION = 24G84
               MAC_OS_X_VERSION_ACTUAL = 150600
               MAC_OS_X_VERSION_MAJOR = 150000
               MAC_OS_X_VERSION_MINOR = 150600
               MAKE_MERGEABLE = NO
               MERGEABLE_LIBRARY = NO
               MERGED_BINARY_TYPE = none
               MERGE_LINKED_LIBRARIES = NO
               METAL_LIBRARY_FILE_BASE = default
               METAL_LIBRARY_OUTPUT_DIR = /Users/carl.stanley/sites/UKCPA/ukcpa_flutter/build/ios/Release-iphonesimulator/Flutter/
               MTL_ENABLE_DEBUG_INFO = NO
               MTL_FAST_MATH = YES
               NATIVE_ARCH = arm64
               NATIVE_ARCH_32_BIT = arm
               NATIVE_ARCH_64_BIT = arm64
               NATIVE_ARCH_ACTUAL = arm64
               NO_COMMON = YES
               OBJC_ABI_VERSION = 2
               OBJECT_FILE_DIR = /Users/carl.stanley/sites/UKCPA/ukcpa_flutter/build/ios/Pods.build/Release-iphonesimulator/Flutter.build/Objects
               OBJECT_FILE_DIR_normal = /Users/carl.stanley/sites/UKCPA/ukcpa_flutter/build/ios/Pods.build/Release-iphonesimulator/Flutter.build/Objects-normal
               OBJROOT = /Users/carl.stanley/sites/UKCPA/ukcpa_flutter/build/ios
               ONLY_ACTIVE_ARCH = NO
               OS = MACOS
               OSAC = /usr/bin/osacompile
               PASCAL_STRINGS = YES
               PATH = /Applications/Xcode.app/Contents/SharedFrameworks/XCBuild.framework/Versions/A/PlugIns/XCBBuildService.bundle/Contents/PlugIns/XCBSpecifications.ideplugin/Contents/Resources:/Applications/Xcode.app/Contents/SharedFrameworks/XCBuild.framework/Versions/A/PlugIns/XCBBuildService.bundle/Contents/PlugIns/XCBSpecifications.ideplugin:/Applications/Xcode.app/Contents/Developer/Toolchains/XcodeDefault.xctoolchain/usr/bin:/Applications/Xcode.app/Contents/Developer/Toolchains/XcodeDefault.xctoolchain/usr/appleinternal/bin:/Applications/Xcode.app/Contents/Developer/Toolchains/XcodeDefault.xctoolchain/usr/local/bin:/Applications/Xcode.app/Contents/Developer/Toolchains/XcodeDefault.xctoolchain/usr/libexec:/Applications/Xcode.app/Contents/Developer/Platforms/iPhoneSimulator.platform/usr/bin:/Applications/Xcode.app/Contents/Developer/Platforms/iPhoneSimulator.platform/usr/appleinternal/bin:/Applications/Xcode.app/Contents/Developer/Platforms/iPhoneSimulator.platform/usr/local/bin:/Applications/Xcode.app/Contents/Developer/Platforms/iPhoneSimulator.platform/Developer/usr/bin:/Applications/Xcode.app/Contents/Developer/Platforms/iPhoneSimulator.platform/Developer/usr/local/bin:/Applications/Xcode.app/Contents/Developer/usr/bin:/Applications/Xcode.app/Contents/Developer/usr/local/bin:/opt/homebrew/Cellar/pyenv-virtualenv/1.2.4/shims:/Users/carl.stanley/.pyenv/shims:/Users/carl.stanley/.pyenv/bin:/Users/carl.stanley/.nvm/versions/node/v18.17.0/bin:/Users/carl.stanley/development/flutter/bin:/opt/homebrew/bin:/opt/homebrew/sbin:/Users/carl.stanley/.local/bin:/usr/local/bin:/System/Cryptexes/App/usr/bin:/usr/bin:/bin:/usr/sbin:/sbin:/var/run/com.apple.security.cryptexd/codex.system/bootstrap/usr/local/bin:/var/run/com.apple.security.cryptexd/codex.system/bootstrap/usr/bin:/var/run/com.apple.security.cryptexd/codex.system/bootstrap/usr/appleinternal/bin:/Library/Apple/usr/bin:/usr/local/sbin:/usr/local/go/bin:/Users/carl.stanley/.pub-cache/bin
               PATH_PREFIXES_EXCLUDED_FROM_HEADER_DEPENDENCIES = /usr/include /usr/local/include /System/Library/Frameworks /System/Library/PrivateFrameworks /Applications/Xcode.app/Contents/Developer/Headers /Applications/Xcode.app/Contents/Developer/SDKs /Applications/Xcode.app/Contents/Developer/Platforms
               PER_ARCH_OBJECT_FILE_DIR = /Users/carl.stanley/sites/UKCPA/ukcpa_flutter/build/ios/Pods.build/Release-iphonesimulator/Flutter.build/Objects-normal/undefined_arch
               PER_VARIANT_OBJECT_FILE_DIR = /Users/carl.stanley/sites/UKCPA/ukcpa_flutter/build/ios/Pods.build/Release-iphonesimulator/Flutter.build/Objects-normal
               PKGINFO_FILE_PATH = /Users/carl.stanley/sites/UKCPA/ukcpa_flutter/build/ios/Pods.build/Release-iphonesimulator/Flutter.build/PkgInfo
               PLATFORM_DEVELOPER_APPLICATIONS_DIR = /Applications/Xcode.app/Contents/Developer/Platforms/iPhoneSimulator.platform/Developer/Applications
               PLATFORM_DEVELOPER_BIN_DIR = /Applications/Xcode.app/Contents/Developer/Platforms/iPhoneSimulator.platform/Developer/usr/bin
               PLATFORM_DEVELOPER_LIBRARY_DIR = /Applications/Xcode.app/Contents/Developer/Platforms/iPhoneSimulator.platform/Developer/Library
               PLATFORM_DEVELOPER_SDK_DIR = /Applications/Xcode.app/Contents/Developer/Platforms/iPhoneSimulator.platform/Developer/SDKs
               PLATFORM_DEVELOPER_TOOLS_DIR = /Applications/Xcode.app/Contents/Developer/Platforms/iPhoneSimulator.platform/Developer/Tools
               PLATFORM_DEVELOPER_USR_DIR = /Applications/Xcode.app/Contents/Developer/Platforms/iPhoneSimulator.platform/Developer/usr
               PLATFORM_DIR = /Applications/Xcode.app/Contents/Developer/Platforms/iPhoneSimulator.platform
               PLATFORM_DISPLAY_NAME = iOS Simulator
               PLATFORM_FAMILY_NAME = iOS
               PLATFORM_NAME = iphonesimulator
               PLATFORM_PREFERRED_ARCH = x86_64
               PLATFORM_PRODUCT_BUILD_VERSION = 22A3362
               PLIST_FILE_OUTPUT_FORMAT = binary
               PODS_BUILD_DIR = /Users/carl.stanley/sites/UKCPA/ukcpa_flutter/build/ios
               PODS_CONFIGURATION_BUILD_DIR = /Users/carl.stanley/sites/UKCPA/ukcpa_flutter/build/ios/Release-iphonesimulator
               PODS_DEVELOPMENT_LANGUAGE = en
               PODS_ROOT = /Users/carl.stanley/sites/UKCPA/ukcpa_flutter/ios/Pods
               PODS_TARGET_SRCROOT = /Users/carl.stanley/sites/UKCPA/ukcpa_flutter/ios/Pods/../Flutter
               PODS_XCFRAMEWORKS_BUILD_DIR = /Users/carl.stanley/sites/UKCPA/ukcpa_flutter/build/ios/Release-iphonesimulator/XCFrameworkIntermediates
               PRECOMPS_INCLUDE_HEADERS_FROM_BUILT_PRODUCTS_DIR = YES
               PRECOMP_DESTINATION_DIR = /Users/carl.stanley/sites/UKCPA/ukcpa_flutter/build/ios/Pods.build/Release-iphonesimulator/Flutter.build/PrefixHeaders
               PROCESSED_INFOPLIST_PATH = /Users/carl.stanley/sites/UKCPA/ukcpa_flutter/build/ios/Pods.build/Release-iphonesimulator/Flutter.build/Objects-normal/undefined_arch/Processed-Info.plist
               PRODUCT_BUNDLE_IDENTIFIER = org.cocoapods.Flutter
               PRODUCT_MODULE_NAME = Flutter
               PRODUCT_NAME = Flutter
               PRODUCT_SETTINGS_PATH = 
               PROFILING_CODE = NO
               PROJECT = Pods
               PROJECT_DERIVED_FILE_DIR = /Users/carl.stanley/sites/UKCPA/ukcpa_flutter/build/ios/Pods.build/DerivedSources
               PROJECT_DIR = /Users/carl.stanley/sites/UKCPA/ukcpa_flutter/ios/Pods
               PROJECT_FILE_PATH = /Users/carl.stanley/sites/UKCPA/ukcpa_flutter/ios/Pods/Pods.xcodeproj
               PROJECT_GUID = bfdfe7dc352907fc980b868725387e98
               PROJECT_NAME = Pods
               PROJECT_TEMP_DIR = /Users/carl.stanley/sites/UKCPA/ukcpa_flutter/build/ios/Pods.build
               PROJECT_TEMP_ROOT = /Users/carl.stanley/sites/UKCPA/ukcpa_flutter/build/ios
               RECOMMENDED_IPHONEOS_DEPLOYMENT_TARGET = 15.0
               RECURSIVE_SEARCH_PATHS_FOLLOW_SYMLINKS = YES
               REMOVE_CVS_FROM_RESOURCES = YES
               REMOVE_GIT_FROM_RESOURCES = YES
               REMOVE_HEADERS_FROM_EMBEDDED_BUNDLES = YES
               REMOVE_HG_FROM_RESOURCES = YES
               REMOVE_STATIC_EXECUTABLES_FROM_EMBEDDED_BUNDLES = YES
               REMOVE_SVN_FROM_RESOURCES = YES
               RESCHEDULE_INDEPENDENT_HEADERS_PHASES = YES
               REZ_COLLECTOR_DIR = /Users/carl.stanley/sites/UKCPA/ukcpa_flutter/build/ios/Pods.build/Release-iphonesimulator/Flutter.build/ResourceManagerResources
               REZ_OBJECTS_DIR = /Users/carl.stanley/sites/UKCPA/ukcpa_flutter/build/ios/Pods.build/Release-iphonesimulator/Flutter.build/ResourceManagerResources/Objects
               SCAN_ALL_SOURCE_FILES_FOR_INCLUDES = NO
               SDKROOT = /Applications/Xcode.app/Contents/Developer/Platforms/iPhoneSimulator.platform/Developer/SDKs/iPhoneSimulator18.0.sdk
               SDK_DIR = /Applications/Xcode.app/Contents/Developer/Platforms/iPhoneSimulator.platform/Developer/SDKs/iPhoneSimulator18.0.sdk
               SDK_DIR_iphonesimulator = /Applications/Xcode.app/Contents/Developer/Platforms/iPhoneSimulator.platform/Developer/SDKs/iPhoneSimulator18.0.sdk
               SDK_DIR_iphonesimulator18_0 = /Applications/Xcode.app/Contents/Developer/Platforms/iPhoneSimulator.platform/Developer/SDKs/iPhoneSimulator18.0.sdk
               SDK_NAME = iphonesimulator18.0
               SDK_NAMES = iphonesimulator18.0
               SDK_PRODUCT_BUILD_VERSION = 22A3362
               SDK_STAT_CACHE_DIR = /var/folders/20/skb3d8qx2hn9r9z8036y32g40000gp/C/com.apple.DeveloperTools/16.0-16A242d/Xcode
               SDK_STAT_CACHE_ENABLE = YES
               SDK_STAT_CACHE_PATH = /var/folders/20/skb3d8qx2hn9r9z8036y32g40000gp/C/com.apple.DeveloperTools/16.0-16A242d/Xcode/SDKStatCaches.noindex/iphonesimulator18.0-22A3362-db63dc9361471f152f572502bdbfe70a.sdkstatcache
               SDK_VERSION = 18.0
               SDK_VERSION_ACTUAL = 180000
               SDK_VERSION_MAJOR = 180000
               SDK_VERSION_MINOR = 180000
               SED = /usr/bin/sed
               SEPARATE_STRIP = NO
               SEPARATE_SYMBOL_EDIT = NO
               SET_DIR_MODE_OWNER_GROUP = YES
               SET_FILE_MODE_OWNER_GROUP = NO
               SHALLOW_BUNDLE = NO
               SHARED_DERIVED_FILE_DIR = /Users/carl.stanley/sites/UKCPA/ukcpa_flutter/build/ios/Release-iphonesimulator/Flutter/DerivedSources
               SHARED_PRECOMPS_DIR = /Users/carl.stanley/sites/UKCPA/ukcpa_flutter/build/ios/SharedPrecompiledHeaders
               SKIP_INSTALL = YES
               SOURCE_ROOT = /Users/carl.stanley/sites/UKCPA/ukcpa_flutter/ios/Pods
               SRCROOT = /Users/carl.stanley/sites/UKCPA/ukcpa_flutter/ios/Pods
               STRINGSDATA_DIR = /Users/carl.stanley/sites/UKCPA/ukcpa_flutter/build/ios/Pods.build/Release-iphonesimulator/Flutter.build/Objects-normal/undefined_arch
               STRINGSDATA_ROOT = /Users/carl.stanley/sites/UKCPA/ukcpa_flutter/build/ios/Pods.build/Release-iphonesimulator/Flutter.build
               STRINGS_FILE_INFOPLIST_RENAME = YES
               STRINGS_FILE_OUTPUT_ENCODING = binary
               STRIP_BITCODE_FROM_COPIED_FILES = NO
               STRIP_INSTALLED_PRODUCT = NO
               STRIP_STYLE = all
               STRIP_SWIFT_SYMBOLS = YES
               SUPPORTED_DEVICE_FAMILIES = 1,2
               SUPPORTED_PLATFORMS = iphoneos iphonesimulator
               SUPPORTS_TEXT_BASED_API = NO
               SUPPRESS_WARNINGS = NO
               SWIFT_COMPILATION_MODE = wholemodule
               SWIFT_EMIT_LOC_STRINGS = NO
               SWIFT_OPTIMIZATION_LEVEL = -O
               SWIFT_PLATFORM_TARGET_PREFIX = ios
               SWIFT_RESPONSE_FILE_PATH_normal_arm64 = /Users/carl.stanley/sites/UKCPA/ukcpa_flutter/build/ios/Pods.build/Release-iphonesimulator/Flutter.build/Objects-normal/arm64/Flutter.SwiftFileList
               SWIFT_RESPONSE_FILE_PATH_normal_x86_64 = /Users/carl.stanley/sites/UKCPA/ukcpa_flutter/build/ios/Pods.build/Release-iphonesimulator/Flutter.build/Objects-normal/x86_64/Flutter.SwiftFileList
               SWIFT_VERSION = 5.0
               SYMROOT = /Users/carl.stanley/sites/UKCPA/ukcpa_flutter/ios/build
               SYSTEM_ADMIN_APPS_DIR = /Applications/Utilities
               SYSTEM_APPS_DIR = /Applications
               SYSTEM_CORE_SERVICES_DIR = /System/Library/CoreServices
               SYSTEM_DEMOS_DIR = /Applications/Extras
               SYSTEM_DEVELOPER_APPS_DIR = /Applications/Xcode.app/Contents/Developer/Applications
               SYSTEM_DEVELOPER_BIN_DIR = /Applications/Xcode.app/Contents/Developer/usr/bin
               SYSTEM_DEVELOPER_DEMOS_DIR = /Applications/Xcode.app/Contents/Developer/Applications/Utilities/Built Examples
               SYSTEM_DEVELOPER_DIR = /Applications/Xcode.app/Contents/Developer
               SYSTEM_DEVELOPER_DOC_DIR = /Applications/Xcode.app/Contents/Developer/ADC Reference Library
               SYSTEM_DEVELOPER_GRAPHICS_TOOLS_DIR = /Applications/Xcode.app/Contents/Developer/Applications/Graphics Tools
               SYSTEM_DEVELOPER_JAVA_TOOLS_DIR = /Applications/Xcode.app/Contents/Developer/Applications/Java Tools
               SYSTEM_DEVELOPER_PERFORMANCE_TOOLS_DIR = /Applications/Xcode.app/Contents/Developer/Applications/Performance Tools
               SYSTEM_DEVELOPER_RELEASENOTES_DIR = /Applications/Xcode.app/Contents/Developer/ADC Reference Library/releasenotes
               SYSTEM_DEVELOPER_TOOLS = /Applications/Xcode.app/Contents/Developer/Tools
               SYSTEM_DEVELOPER_TOOLS_DOC_DIR = /Applications/Xcode.app/Contents/Developer/ADC Reference Library/documentation/DeveloperTools
               SYSTEM_DEVELOPER_TOOLS_RELEASENOTES_DIR = /Applications/Xcode.app/Contents/Developer/ADC Reference Library/releasenotes/DeveloperTools
               SYSTEM_DEVELOPER_USR_DIR = /Applications/Xcode.app/Contents/Developer/usr
               SYSTEM_DEVELOPER_UTILITIES_DIR = /Applications/Xcode.app/Contents/Developer/Applications/Utilities
               SYSTEM_DEXT_INSTALL_PATH = /System/Library/DriverExtensions
               SYSTEM_DOCUMENTATION_DIR = /Library/Documentation
               SYSTEM_KEXT_INSTALL_PATH = /System/Library/Extensions
               SYSTEM_LIBRARY_DIR = /System/Library
               TAPI_DEMANGLE = YES
               TAPI_ENABLE_PROJECT_HEADERS = NO
               TAPI_LANGUAGE = objective-c
               TAPI_LANGUAGE_STANDARD = compiler-default
               TAPI_USE_SRCROOT = YES
               TAPI_VERIFY_MODE = Pedantic
               TARGETED_DEVICE_FAMILY = 1,2
               TARGETNAME = Flutter
               TARGET_BUILD_DIR = /Users/carl.stanley/sites/UKCPA/ukcpa_flutter/build/ios/Release-iphonesimulator/Flutter
               TARGET_NAME = Flutter
               TARGET_TEMP_DIR = /Users/carl.stanley/sites/UKCPA/ukcpa_flutter/build/ios/Pods.build/Release-iphonesimulator/Flutter.build
               TEMP_DIR = /Users/carl.stanley/sites/UKCPA/ukcpa_flutter/build/ios/Pods.build/Release-iphonesimulator/Flutter.build
               TEMP_FILES_DIR = /Users/carl.stanley/sites/UKCPA/ukcpa_flutter/build/ios/Pods.build/Release-iphonesimulator/Flutter.build
               TEMP_FILE_DIR = /Users/carl.stanley/sites/UKCPA/ukcpa_flutter/build/ios/Pods.build/Release-iphonesimulator/Flutter.build
               TEMP_ROOT = /Users/carl.stanley/sites/UKCPA/ukcpa_flutter/build/ios
               TEST_FRAMEWORK_SEARCH_PATHS =  /Applications/Xcode.app/Contents/Developer/Platforms/iPhoneSimulator.platform/Developer/Library/Frameworks /Applications/Xcode.app/Contents/Developer/Platforms/iPhoneSimulator.platform/Developer/SDKs/iPhoneSimulator18.0.sdk/Developer/Library/Frameworks
               TEST_LIBRARY_SEARCH_PATHS =  /Applications/Xcode.app/Contents/Developer/Platforms/iPhoneSimulator.platform/Developer/usr/lib
               TOOLCHAINS = com.apple.dt.toolchain.XcodeDefault
               TOOLCHAIN_DIR = /Applications/Xcode.app/Contents/Developer/Toolchains/XcodeDefault.xctoolchain
               TREAT_MISSING_BASELINES_AS_TEST_FAILURES = NO
               TREAT_MISSING_SCRIPT_PHASE_OUTPUTS_AS_ERRORS = NO
               UID = 502
               UNINSTALLED_PRODUCTS_DIR = /Users/carl.stanley/sites/UKCPA/ukcpa_flutter/build/ios/UninstalledProducts
               UNSTRIPPED_PRODUCT = NO
               USER = carl.stanley
               USER_APPS_DIR = /Users/carl.stanley/Applications
               USER_LIBRARY_DIR = /Users/carl.stanley/Library
               USE_DYNAMIC_NO_PIC = YES
               USE_HEADERMAP = YES
               USE_HEADER_SYMLINKS = NO
               USE_RECURSIVE_SCRIPT_INPUTS_IN_SCRIPT_PHASES = YES
               VALIDATE_DEVELOPMENT_ASSET_PATHS = YES_ERROR
               VALIDATE_PRODUCT = YES
               VALID_ARCHS = arm64 arm64e i386 x86_64
               VERBOSE_PBXCP = NO
               VERSION_INFO_BUILDER = carl.stanley
               VERSION_INFO_FILE = Flutter_vers.c
               VERSION_INFO_STRING = "@(#)PROGRAM:Flutter  PROJECT:Pods-"
               WORKSPACE_DIR = /Users/carl.stanley/sites/UKCPA/ukcpa_flutter/ios/Pods/Pods.xcodeproj
               WRAP_ASSET_PACKS_IN_SEPARATE_DIRECTORIES = NO
               XCODE_APP_SUPPORT_DIR = /Applications/Xcode.app/Contents/Developer/Library/Xcode
               XCODE_PRODUCT_BUILD_VERSION = 16A242d
               XCODE_VERSION_ACTUAL = 1600
               XCODE_VERSION_MAJOR = 1600
               XCODE_VERSION_MINOR = 1600
               XPCSERVICES_FOLDER_PATH = /XPCServices
               YACC = yacc
               arch = undefined_arch
               variant = normal

           Build settings for action build and target flutter_secure_storage:
               ACTION = build
               AD_HOC_CODE_SIGNING_ALLOWED = YES
               ALLOW_BUILD_REQUEST_OVERRIDES = NO
               ALLOW_TARGET_PLATFORM_SPECIALIZATION = NO
               ALTERNATE_GROUP = staff
               ALTERNATE_MODE = u+w,go-w,a+rX
               ALTERNATE_OWNER = carl.stanley
               ALTERNATIVE_DISTRIBUTION_WEB = NO
               ALWAYS_EMBED_SWIFT_STANDARD_LIBRARIES = NO
               ALWAYS_SEARCH_USER_PATHS = NO
               ALWAYS_USE_SEPARATE_HEADERMAPS = NO
               APPLE_INTERNAL_DEVELOPER_DIR = /AppleInternal/Developer
               APPLE_INTERNAL_DIR = /AppleInternal
               APPLE_INTERNAL_DOCUMENTATION_DIR = /AppleInternal/Documentation
               APPLE_INTERNAL_LIBRARY_DIR = /AppleInternal/Library
               APPLE_INTERNAL_TOOLS = /AppleInternal/Developer/Tools
               APPLICATION_EXTENSION_API_ONLY = NO
               APPLY_RULES_IN_COPY_FILES = NO
               APPLY_RULES_IN_COPY_HEADERS = NO
               APP_SHORTCUTS_ENABLE_FLEXIBLE_MATCHING = YES
               ARCHS = arm64 x86_64
               ARCHS_STANDARD = arm64 x86_64
               ARCHS_STANDARD_32_64_BIT = arm64 i386 x86_64
               ARCHS_STANDARD_32_BIT = i386
               ARCHS_STANDARD_64_BIT = arm64 x86_64
               ARCHS_STANDARD_INCLUDING_64_BIT = arm64 x86_64
               ARCHS_UNIVERSAL_IPHONE_OS = arm64 i386 x86_64
               ASSETCATALOG_COMPILER_GENERATE_ASSET_SYMBOLS = YES
               AUTOMATICALLY_MERGE_DEPENDENCIES = NO
               AVAILABLE_PLATFORMS = appletvos appletvsimulator driverkit iphoneos iphonesimulator macosx watchos watchsimulator xros xrsimulator
               BITCODE_GENERATION_MODE = marker
               BUILD_ACTIVE_RESOURCES_ONLY = NO
               BUILD_COMPONENTS = headers build
               BUILD_DIR = /Users/carl.stanley/sites/UKCPA/ukcpa_flutter/build/ios
               BUILD_LIBRARY_FOR_DISTRIBUTION = NO
               BUILD_ROOT = /Users/carl.stanley/sites/UKCPA/ukcpa_flutter/ios/build
               BUILD_STYLE = 
               BUILD_VARIANTS = normal
               BUILT_PRODUCTS_DIR = /Users/carl.stanley/sites/UKCPA/ukcpa_flutter/build/ios/Release-iphonesimulator/flutter_secure_storage
               BUNDLE_CONTENTS_FOLDER_PATH_deep = Contents/
               BUNDLE_EXECUTABLE_FOLDER_NAME_deep = MacOS
               BUNDLE_EXTENSIONS_FOLDER_PATH = Extensions
               BUNDLE_FORMAT = shallow
               BUNDLE_FRAMEWORKS_FOLDER_PATH = Frameworks
               BUNDLE_PLUGINS_FOLDER_PATH = PlugIns
               BUNDLE_PRIVATE_HEADERS_FOLDER_PATH = PrivateHeaders
               BUNDLE_PUBLIC_HEADERS_FOLDER_PATH = Headers
               CACHE_ROOT = /var/folders/20/skb3d8qx2hn9r9z8036y32g40000gp/C/com.apple.DeveloperTools/16.0-16A242d/Xcode
               CCHROOT = /var/folders/20/skb3d8qx2hn9r9z8036y32g40000gp/C/com.apple.DeveloperTools/16.0-16A242d/Xcode
               CHMOD = /bin/chmod
               CHOWN = /usr/sbin/chown
               CLANG_ANALYZER_LOCALIZABILITY_NONLOCALIZED = YES
               CLANG_ANALYZER_NONNULL = YES
               CLANG_ANALYZER_NUMBER_OBJECT_CONVERSION = YES_AGGRESSIVE
               CLANG_CACHE_FINE_GRAINED_OUTPUTS = YES
               CLANG_CXX_LANGUAGE_STANDARD = gnu++14
               CLANG_CXX_LIBRARY = libc++
               CLANG_ENABLE_EXPLICIT_MODULES = YES
               CLANG_ENABLE_MODULES = YES
               CLANG_ENABLE_OBJC_ARC = YES
               CLANG_ENABLE_OBJC_WEAK = YES
               CLANG_MODULES_BUILD_SESSION_FILE = /var/folders/20/skb3d8qx2hn9r9z8036y32g40000gp/C/org.llvm.clang/ModuleCache.noindex/Session.modulevalidation
               CLANG_WARN_BLOCK_CAPTURE_AUTORELEASING = YES
               CLANG_WARN_BOOL_CONVERSION = YES
               CLANG_WARN_COMMA = YES
               CLANG_WARN_CONSTANT_CONVERSION = YES
               CLANG_WARN_DEPRECATED_OBJC_IMPLEMENTATIONS = YES
               CLANG_WARN_DIRECT_OBJC_ISA_USAGE = YES_ERROR
               CLANG_WARN_DOCUMENTATION_COMMENTS = YES
               CLANG_WARN_EMPTY_BODY = YES
               CLANG_WARN_ENUM_CONVERSION = YES
               CLANG_WARN_INFINITE_RECURSION = YES
               CLANG_WARN_INT_CONVERSION = YES
               CLANG_WARN_NON_LITERAL_NULL_CONVERSION = YES
               CLANG_WARN_OBJC_IMPLICIT_RETAIN_SELF = YES
               CLANG_WARN_OBJC_LITERAL_CONVERSION = YES
               CLANG_WARN_OBJC_ROOT_CLASS = YES_ERROR
               CLANG_WARN_QUOTED_INCLUDE_IN_FRAMEWORK_HEADER = NO
               CLANG_WARN_RANGE_LOOP_ANALYSIS = YES
               CLANG_WARN_STRICT_PROTOTYPES = YES
               CLANG_WARN_SUSPICIOUS_MOVE = YES
               CLANG_WARN_UNGUARDED_AVAILABILITY = YES_AGGRESSIVE
               CLANG_WARN_UNREACHABLE_CODE = YES
               CLANG_WARN__DUPLICATE_METHOD_MATCH = YES
               CLASS_FILE_DIR = /Users/carl.stanley/sites/UKCPA/ukcpa_flutter/build/ios/Pods.build/Release-iphonesimulator/flutter_secure_storage.build/JavaClasses
               CLEAN_PRECOMPS = YES
               CLONE_HEADERS = NO
               CODESIGNING_FOLDER_PATH = /Users/carl.stanley/sites/UKCPA/ukcpa_flutter/build/ios/Release-iphonesimulator/flutter_secure_storage/flutter_secure_storage.framework
               CODE_SIGNING_ALLOWED = YES
               CODE_SIGNING_REQUIRED = NO
               CODE_SIGNING_REQUIRES_TEAM = YES
               CODE_SIGN_CONTEXT_CLASS = XCiPhoneSimulatorCodeSignContext
               CODE_SIGN_IDENTITY = -
               CODE_SIGN_INJECT_BASE_ENTITLEMENTS = YES
               COLOR_DIAGNOSTICS = NO
               COMBINE_HIDPI_IMAGES = NO
               COMPILATION_CACHE_CAS_PATH = /var/folders/20/skb3d8qx2hn9r9z8036y32g40000gp/C/com.apple.DeveloperTools/16.0-16A242d/Xcode/CompilationCache.noindex
               COMPILATION_CACHE_KEEP_CAS_DIRECTORY = YES
               COMPILER_INDEX_STORE_ENABLE = Default
               COMPOSITE_SDK_DIRS = /Users/carl.stanley/sites/UKCPA/ukcpa_flutter/build/ios/CompositeSDKs
               COMPRESS_PNG_FILES = YES
               CONFIGURATION = Release
               CONFIGURATION_BUILD_DIR = /Users/carl.stanley/sites/UKCPA/ukcpa_flutter/build/ios/Release-iphonesimulator/flutter_secure_storage
               CONFIGURATION_TEMP_DIR = /Users/carl.stanley/sites/UKCPA/ukcpa_flutter/build/ios/Pods.build/Release-iphonesimulator
               CONTENTS_FOLDER_PATH = flutter_secure_storage.framework
               CONTENTS_FOLDER_PATH_SHALLOW_BUNDLE_NO = flutter_secure_storage.framework/A
               CONTENTS_FOLDER_PATH_SHALLOW_BUNDLE_YES = flutter_secure_storage.framework
               COPYING_PRESERVES_HFS_DATA = NO
               COPY_HEADERS_RUN_UNIFDEF = NO
               COPY_PHASE_STRIP = NO
               CORRESPONDING_DEVICE_PLATFORM_DIR = /Applications/Xcode.app/Contents/Developer/Platforms/iPhoneOS.platform
               CORRESPONDING_DEVICE_PLATFORM_NAME = iphoneos
               CORRESPONDING_DEVICE_SDK_DIR = /Applications/Xcode.app/Contents/Developer/Platforms/iPhoneOS.platform/Developer/SDKs/iPhoneOS18.0.sdk
               CORRESPONDING_DEVICE_SDK_NAME = iphoneos18.0
               CP = /bin/cp
               CREATE_INFOPLIST_SECTION_IN_BINARY = NO
               CURRENT_ARCH = undefined_arch
               CURRENT_PROJECT_VERSION = 1
               CURRENT_VARIANT = normal
               CURRENT_VERSION = Current
               DEAD_CODE_STRIPPING = YES
               DEBUGGING_SYMBOLS = YES
               DEBUG_INFORMATION_FORMAT = dwarf-with-dsym
               DEBUG_INFORMATION_VERSION = compiler-default
               DEFAULT_COMPILER = com.apple.compilers.llvm.clang.1_0
               DEFAULT_DEXT_INSTALL_PATH = /System/Library/DriverExtensions
               DEFAULT_KEXT_INSTALL_PATH = /System/Library/Extensions
               DEFINES_MODULE = YES
               DEPLOYMENT_LOCATION = NO
               DEPLOYMENT_POSTPROCESSING = NO
               DEPLOYMENT_TARGET_SETTING_NAME = IPHONEOS_DEPLOYMENT_TARGET
               DEPLOYMENT_TARGET_SUGGESTED_VALUES = 12.0 12.1 12.2 12.3 12.4 13.0 13.1 13.2 13.3 13.4 13.5 13.6 14.0 14.1 14.2 14.3 14.4 14.5 14.6 14.7 15.0 15.1 15.2 15.3 15.4 15.5 15.6 16.0 16.1 16.2 16.3 16.4 16.5 16.6 17.0 17.1 17.2 17.3 17.4 17.5 17.6 18.0
               DERIVED_FILES_DIR = /Users/carl.stanley/sites/UKCPA/ukcpa_flutter/build/ios/Pods.build/Release-iphonesimulator/flutter_secure_storage.build/DerivedSources
               DERIVED_FILE_DIR = /Users/carl.stanley/sites/UKCPA/ukcpa_flutter/build/ios/Pods.build/Release-iphonesimulator/flutter_secure_storage.build/DerivedSources
               DERIVED_SOURCES_DIR = /Users/carl.stanley/sites/UKCPA/ukcpa_flutter/build/ios/Pods.build/Release-iphonesimulator/flutter_secure_storage.build/DerivedSources
               DEVELOPER_APPLICATIONS_DIR = /Applications/Xcode.app/Contents/Developer/Applications
               DEVELOPER_BIN_DIR = /Applications/Xcode.app/Contents/Developer/usr/bin
               DEVELOPER_DIR = /Applications/Xcode.app/Contents/Developer
               DEVELOPER_FRAMEWORKS_DIR = /Applications/Xcode.app/Contents/Developer/Library/Frameworks
               DEVELOPER_FRAMEWORKS_DIR_QUOTED = /Applications/Xcode.app/Contents/Developer/Library/Frameworks
               DEVELOPER_LIBRARY_DIR = /Applications/Xcode.app/Contents/Developer/Library
               DEVELOPER_SDK_DIR = /Applications/Xcode.app/Contents/Developer/Platforms/MacOSX.platform/Developer/SDKs
               DEVELOPER_TOOLS_DIR = /Applications/Xcode.app/Contents/Developer/Tools
               DEVELOPER_USR_DIR = /Applications/Xcode.app/Contents/Developer/usr
               DEVELOPMENT_LANGUAGE = en
               DIFF = /usr/bin/diff
               DOCUMENTATION_FOLDER_PATH = flutter_secure_storage.framework/en.lproj/Documentation
               DONT_GENERATE_INFOPLIST_FILE = NO
               DSTROOT = /tmp/Pods.dst
               DT_TOOLCHAIN_DIR = /Applications/Xcode.app/Contents/Developer/Toolchains/XcodeDefault.xctoolchain
               DWARF_DSYM_FILE_NAME = flutter_secure_storage.framework.dSYM
               DWARF_DSYM_FILE_SHOULD_ACCOMPANY_PRODUCT = NO
               DWARF_DSYM_FOLDER_PATH = /Users/carl.stanley/sites/UKCPA/ukcpa_flutter/build/ios/Release-iphonesimulator/flutter_secure_storage
               DYLIB_COMPATIBILITY_VERSION = 1
               DYLIB_CURRENT_VERSION = 1
               DYLIB_INSTALL_NAME_BASE = @rpath
               DYNAMIC_LIBRARY_EXTENSION = dylib
               EAGER_COMPILATION_ALLOW_SCRIPTS = NO
               EAGER_LINKING = NO
               EFFECTIVE_PLATFORM_NAME = -iphonesimulator
               EMBEDDED_CONTENT_CONTAINS_SWIFT = NO
               EMBED_ASSET_PACKS_IN_PRODUCT_BUNDLE = NO
               ENABLE_APP_SANDBOX = NO
               ENABLE_BITCODE = NO
               ENABLE_CODE_COVERAGE = YES
               ENABLE_DEFAULT_HEADER_SEARCH_PATHS = YES
               ENABLE_DEFAULT_SEARCH_PATHS = YES
               ENABLE_HARDENED_RUNTIME = NO
               ENABLE_HEADER_DEPENDENCIES = YES
               ENABLE_MODULE_VERIFIER = NO
               ENABLE_NS_ASSERTIONS = NO
               ENABLE_ON_DEMAND_RESOURCES = NO
               ENABLE_STRICT_OBJC_MSGSEND = YES
               ENABLE_TESTABILITY = NO
               ENABLE_TESTING_SEARCH_PATHS = NO
               ENABLE_USER_SCRIPT_SANDBOXING = NO
               ENTITLEMENTS_DESTINATION = __entitlements
               ENTITLEMENTS_REQUIRED = NO
               EXCLUDED_ARCHS = i386 i386
               EXCLUDED_INSTALLSRC_SUBDIRECTORY_PATTERNS = .DS_Store .svn .git .hg CVS
               EXCLUDED_RECURSIVE_SEARCH_PATH_SUBDIRECTORIES = *.nib *.lproj *.framework *.gch *.xcode* *.xcassets (*) .DS_Store CVS .svn .git .hg *.pbproj *.pbxproj
               EXECUTABLES_FOLDER_PATH = flutter_secure_storage.framework/en.lproj
               EXECUTABLE_FOLDER_PATH = flutter_secure_storage.framework
               EXECUTABLE_FOLDER_PATH_SHALLOW_BUNDLE_NO = flutter_secure_storage.framework
               EXECUTABLE_FOLDER_PATH_SHALLOW_BUNDLE_YES = flutter_secure_storage.framework
               EXECUTABLE_NAME = flutter_secure_storage
               EXECUTABLE_PATH = flutter_secure_storage.framework/flutter_secure_storage
               EXTENSIONS_FOLDER_PATH = flutter_secure_storage.framework/Extensions
               FILE_LIST = /Users/carl.stanley/sites/UKCPA/ukcpa_flutter/build/ios/Pods.build/Release-iphonesimulator/flutter_secure_storage.build/Objects/LinkFileList
               FIXED_FILES_DIR = /Users/carl.stanley/sites/UKCPA/ukcpa_flutter/build/ios/Pods.build/Release-iphonesimulator/flutter_secure_storage.build/FixedFiles
               FRAMEWORKS_FOLDER_PATH = flutter_secure_storage.framework/Frameworks
               FRAMEWORK_FLAG_PREFIX = -framework
               FRAMEWORK_SEARCH_PATHS = /Users/carl.stanley/sites/UKCPA/ukcpa_flutter/build/ios/Release-iphonesimulator/flutter_secure_storage "/Users/carl.stanley/development/flutter/bin/cache/artifacts/engine/ios-release/Flutter.xcframework/ios-arm64_x86_64-simulator" 
               FRAMEWORK_VERSION = A
               FULL_PRODUCT_NAME = flutter_secure_storage.framework
               FUSE_BUILD_PHASES = YES
               FUSE_BUILD_SCRIPT_PHASES = NO
               GCC3_VERSION = 3.3
               GCC_C_LANGUAGE_STANDARD = gnu11
               GCC_INLINES_ARE_PRIVATE_EXTERN = YES
               GCC_NO_COMMON_BLOCKS = YES
               GCC_OBJC_LEGACY_DISPATCH = YES
               GCC_PFE_FILE_C_DIALECTS = c objective-c c++ objective-c++
               GCC_PREFIX_HEADER = Target Support Files/flutter_secure_storage/flutter_secure_storage-prefix.pch
               GCC_PREPROCESSOR_DEFINITIONS = POD_CONFIGURATION_RELEASE=1  COCOAPODS=1
               GCC_TREAT_WARNINGS_AS_ERRORS = NO
               GCC_VERSION = com.apple.compilers.llvm.clang.1_0
               GCC_VERSION_IDENTIFIER = com_apple_compilers_llvm_clang_1_0
               GCC_WARN_64_TO_32_BIT_CONVERSION = YES
               GCC_WARN_ABOUT_RETURN_TYPE = YES_ERROR
               GCC_WARN_UNDECLARED_SELECTOR = YES
               GCC_WARN_UNINITIALIZED_AUTOS = YES_AGGRESSIVE
               GCC_WARN_UNUSED_FUNCTION = YES
               GCC_WARN_UNUSED_VARIABLE = YES
               GENERATED_MODULEMAP_DIR = /Users/carl.stanley/sites/UKCPA/ukcpa_flutter/build/ios/GeneratedModuleMaps-iphonesimulator
               GENERATE_INFOPLIST_FILE = NO
               GENERATE_INTERMEDIATE_TEXT_BASED_STUBS = YES
               GENERATE_MASTER_OBJECT_FILE = NO
               GENERATE_PKGINFO_FILE = NO
               GENERATE_PROFILING_CODE = NO
               GENERATE_TEXT_BASED_STUBS = NO
               GID = 20
               GROUP = staff
               HEADERMAP_INCLUDES_FLAT_ENTRIES_FOR_TARGET_BEING_BUILT = YES
               HEADERMAP_INCLUDES_FRAMEWORK_ENTRIES_FOR_ALL_PRODUCT_TYPES = YES
               HEADERMAP_INCLUDES_FRAMEWORK_ENTRIES_FOR_TARGETS_NOT_BEING_BUILT = YES
               HEADERMAP_INCLUDES_NONPUBLIC_NONPRIVATE_HEADERS = YES
               HEADERMAP_INCLUDES_PROJECT_HEADERS = YES
               HEADERMAP_USES_FRAMEWORK_PREFIX_ENTRIES = YES
               HEADERMAP_USES_VFS = YES
               HEADER_SEARCH_PATHS = /Users/carl.stanley/sites/UKCPA/ukcpa_flutter/build/ios/Release-iphonesimulator/flutter_secure_storage/include 
               HIDE_BITCODE_SYMBOLS = YES
               HOME = /Users/carl.stanley
               HOST_ARCH = arm64
               HOST_PLATFORM = macosx
               ICONV = /usr/bin/iconv
               IMPLICIT_DEPENDENCY_DOMAIN = default
               INFOPLIST_ENABLE_CFBUNDLEICONS_MERGE = YES
               INFOPLIST_EXPAND_BUILD_SETTINGS = YES
               INFOPLIST_FILE = Target Support Files/flutter_secure_storage/flutter_secure_storage-Info.plist
               INFOPLIST_OUTPUT_FORMAT = binary
               INFOPLIST_PATH = flutter_secure_storage.framework/Info.plist
               INFOPLIST_PREPROCESS = NO
               INFOSTRINGS_PATH = flutter_secure_storage.framework/en.lproj/InfoPlist.strings
               INLINE_PRIVATE_FRAMEWORKS = NO
               INSTALLHDRS_COPY_PHASE = NO
               INSTALLHDRS_SCRIPT_PHASE = NO
               INSTALL_DIR = /tmp/Pods.dst/Library/Frameworks
               INSTALL_GROUP = staff
               INSTALL_MODE_FLAG = u+w,go-w,a+rX
               INSTALL_OWNER = carl.stanley
               INSTALL_PATH = /Library/Frameworks
               INSTALL_ROOT = /tmp/Pods.dst
               IPHONEOS_DEPLOYMENT_TARGET = 13.0
               IS_UNOPTIMIZED_BUILD = NO
               JAVAC_DEFAULT_FLAGS = -J-Xms64m -J-XX:NewSize=4M -J-Dfile.encoding=UTF8
               JAVA_APP_STUB = /System/Library/Frameworks/JavaVM.framework/Resources/MacOS/JavaApplicationStub
               JAVA_ARCHIVE_CLASSES = YES
               JAVA_ARCHIVE_TYPE = JAR
               JAVA_COMPILER = /usr/bin/javac
               JAVA_FOLDER_PATH = flutter_secure_storage.framework/Java
               JAVA_FRAMEWORK_RESOURCES_DIRS = Resources
               JAVA_JAR_FLAGS = cv
               JAVA_SOURCE_SUBDIR = .
               JAVA_USE_DEPENDENCIES = YES
               JAVA_ZIP_FLAGS = -urg
               JIKES_DEFAULT_FLAGS = +E +OLDCSO
               KEEP_PRIVATE_EXTERNS = NO
               LD_DEPENDENCY_INFO_FILE = /Users/carl.stanley/sites/UKCPA/ukcpa_flutter/build/ios/Pods.build/Release-iphonesimulator/flutter_secure_storage.build/Objects-normal/undefined_arch/flutter_secure_storage_dependency_info.dat
               LD_DYLIB_INSTALL_NAME = @rpath/flutter_secure_storage.framework/flutter_secure_storage
               LD_EXPORT_SYMBOLS = YES
               LD_GENERATE_MAP_FILE = NO
               LD_MAP_FILE_PATH = /Users/carl.stanley/sites/UKCPA/ukcpa_flutter/build/ios/Pods.build/Release-iphonesimulator/flutter_secure_storage.build/flutter_secure_storage-LinkMap-normal-undefined_arch.txt
               LD_NO_PIE = NO
               LD_QUOTE_LINKER_ARGUMENTS_FOR_COMPILER_DRIVER = YES
               LD_RUNPATH_SEARCH_PATHS =  @executable_path/Frameworks @loader_path/Frameworks
               LD_SHARED_CACHE_ELIGIBLE = Automatic
               LD_WARN_DUPLICATE_LIBRARIES = NO
               LD_WARN_UNUSED_DYLIBS = NO
               LEGACY_DEVELOPER_DIR = /Applications/Xcode.app/Contents/PlugIns/Xcode3Core.ideplugin/Contents/SharedSupport/Developer
               LEX = lex
               LIBRARY_DEXT_INSTALL_PATH = /Library/DriverExtensions
               LIBRARY_FLAG_NOSPACE = YES
               LIBRARY_FLAG_PREFIX = -l
               LIBRARY_KEXT_INSTALL_PATH = /Library/Extensions
               LIBRARY_SEARCH_PATHS = /Users/carl.stanley/sites/UKCPA/ukcpa_flutter/build/ios/Release-iphonesimulator/flutter_secure_storage /Applications/Xcode.app/Contents/Developer/Toolchains/XcodeDefault.xctoolchain/usr/lib/swift/iphonesimulator /Applications/Xcode.app/Contents/Developer/Platforms/iPhoneSimulator.platform/Developer/SDKs/iPhoneSimulator18.0.sdk/usr/lib/swift
               LINKER_DISPLAYS_MANGLED_NAMES = NO
               LINK_FILE_LIST_normal_arm64 = /Users/carl.stanley/sites/UKCPA/ukcpa_flutter/build/ios/Pods.build/Release-iphonesimulator/flutter_secure_storage.build/Objects-normal/arm64/flutter_secure_storage.LinkFileList
               LINK_FILE_LIST_normal_x86_64 = /Users/carl.stanley/sites/UKCPA/ukcpa_flutter/build/ios/Pods.build/Release-iphonesimulator/flutter_secure_storage.build/Objects-normal/x86_64/flutter_secure_storage.LinkFileList
               LINK_OBJC_RUNTIME = YES
               LINK_WITH_STANDARD_LIBRARIES = YES
               LLVM_TARGET_TRIPLE_OS_VERSION = ios13.0
               LLVM_TARGET_TRIPLE_SUFFIX = -simulator
               LLVM_TARGET_TRIPLE_VENDOR = apple
               LM_AUX_CONST_METADATA_LIST_PATH_normal_arm64 = /Users/carl.stanley/sites/UKCPA/ukcpa_flutter/build/ios/Pods.build/Release-iphonesimulator/flutter_secure_storage.build/Objects-normal/arm64/flutter_secure_storage.SwiftConstValuesFileList
               LM_AUX_CONST_METADATA_LIST_PATH_normal_x86_64 = /Users/carl.stanley/sites/UKCPA/ukcpa_flutter/build/ios/Pods.build/Release-iphonesimulator/flutter_secure_storage.build/Objects-normal/x86_64/flutter_secure_storage.SwiftConstValuesFileList
               LOCALIZATION_EXPORT_SUPPORTED = YES
               LOCALIZATION_PREFERS_STRING_CATALOGS = NO
               LOCALIZED_RESOURCES_FOLDER_PATH = flutter_secure_storage.framework/en.lproj
               LOCALIZED_STRING_MACRO_NAMES = NSLocalizedString CFCopyLocalizedString
               LOCALIZED_STRING_SWIFTUI_SUPPORT = YES
               LOCAL_ADMIN_APPS_DIR = /Applications/Utilities
               LOCAL_APPS_DIR = /Applications
               LOCAL_DEVELOPER_DIR = /Library/Developer
               LOCAL_LIBRARY_DIR = /Library
               LOCROOT = /Users/carl.stanley/sites/UKCPA/ukcpa_flutter/ios/Pods
               LOCSYMROOT = /Users/carl.stanley/sites/UKCPA/ukcpa_flutter/ios/Pods
               MACH_O_TYPE = mh_dylib
               MAC_OS_X_PRODUCT_BUILD_VERSION = 24G84
               MAC_OS_X_VERSION_ACTUAL = 150600
               MAC_OS_X_VERSION_MAJOR = 150000
               MAC_OS_X_VERSION_MINOR = 150600
               MAKE_MERGEABLE = NO
               MERGEABLE_LIBRARY = NO
               MERGED_BINARY_TYPE = none
               MERGE_LINKED_LIBRARIES = NO
               METAL_LIBRARY_FILE_BASE = default
               METAL_LIBRARY_OUTPUT_DIR = /Users/carl.stanley/sites/UKCPA/ukcpa_flutter/build/ios/Release-iphonesimulator/flutter_secure_storage/flutter_secure_storage.framework
               MODULEMAP_FILE = Target Support Files/flutter_secure_storage/flutter_secure_storage.modulemap
               MODULES_FOLDER_PATH = flutter_secure_storage.framework/Modules
               MTL_ENABLE_DEBUG_INFO = NO
               MTL_FAST_MATH = YES
               NATIVE_ARCH = arm64
               NATIVE_ARCH_32_BIT = arm
               NATIVE_ARCH_64_BIT = arm64
               NATIVE_ARCH_ACTUAL = arm64
               NO_COMMON = YES
               OBJC_ABI_VERSION = 2
               OBJECT_FILE_DIR = /Users/carl.stanley/sites/UKCPA/ukcpa_flutter/build/ios/Pods.build/Release-iphonesimulator/flutter_secure_storage.build/Objects
               OBJECT_FILE_DIR_normal = /Users/carl.stanley/sites/UKCPA/ukcpa_flutter/build/ios/Pods.build/Release-iphonesimulator/flutter_secure_storage.build/Objects-normal
               OBJROOT = /Users/carl.stanley/sites/UKCPA/ukcpa_flutter/build/ios
               ONLY_ACTIVE_ARCH = NO
               OS = MACOS
               OSAC = /usr/bin/osacompile
               OTHER_LDFLAGS =  -framework Flutter
               OTHER_SWIFT_FLAGS =  -D COCOAPODS
               PACKAGE_TYPE = com.apple.package-type.wrapper.framework
               PASCAL_STRINGS = YES
               PATH = /Applications/Xcode.app/Contents/SharedFrameworks/XCBuild.framework/Versions/A/PlugIns/XCBBuildService.bundle/Contents/PlugIns/XCBSpecifications.ideplugin/Contents/Resources:/Applications/Xcode.app/Contents/SharedFrameworks/XCBuild.framework/Versions/A/PlugIns/XCBBuildService.bundle/Contents/PlugIns/XCBSpecifications.ideplugin:/Applications/Xcode.app/Contents/Developer/Toolchains/XcodeDefault.xctoolchain/usr/bin:/Applications/Xcode.app/Contents/Developer/Toolchains/XcodeDefault.xctoolchain/usr/appleinternal/bin:/Applications/Xcode.app/Contents/Developer/Toolchains/XcodeDefault.xctoolchain/usr/local/bin:/Applications/Xcode.app/Contents/Developer/Toolchains/XcodeDefault.xctoolchain/usr/libexec:/Applications/Xcode.app/Contents/Developer/Platforms/iPhoneSimulator.platform/usr/bin:/Applications/Xcode.app/Contents/Developer/Platforms/iPhoneSimulator.platform/usr/appleinternal/bin:/Applications/Xcode.app/Contents/Developer/Platforms/iPhoneSimulator.platform/usr/local/bin:/Applications/Xcode.app/Contents/Developer/Platforms/iPhoneSimulator.platform/Developer/usr/bin:/Applications/Xcode.app/Contents/Developer/Platforms/iPhoneSimulator.platform/Developer/usr/local/bin:/Applications/Xcode.app/Contents/Developer/usr/bin:/Applications/Xcode.app/Contents/Developer/usr/local/bin:/opt/homebrew/Cellar/pyenv-virtualenv/1.2.4/shims:/Users/carl.stanley/.pyenv/shims:/Users/carl.stanley/.pyenv/bin:/Users/carl.stanley/.nvm/versions/node/v18.17.0/bin:/Users/carl.stanley/development/flutter/bin:/opt/homebrew/bin:/opt/homebrew/sbin:/Users/carl.stanley/.local/bin:/usr/local/bin:/System/Cryptexes/App/usr/bin:/usr/bin:/bin:/usr/sbin:/sbin:/var/run/com.apple.security.cryptexd/codex.system/bootstrap/usr/local/bin:/var/run/com.apple.security.cryptexd/codex.system/bootstrap/usr/bin:/var/run/com.apple.security.cryptexd/codex.system/bootstrap/usr/appleinternal/bin:/Library/Apple/usr/bin:/usr/local/sbin:/usr/local/go/bin:/Users/carl.stanley/.pub-cache/bin
               PATH_PREFIXES_EXCLUDED_FROM_HEADER_DEPENDENCIES = /usr/include /usr/local/include /System/Library/Frameworks /System/Library/PrivateFrameworks /Applications/Xcode.app/Contents/Developer/Headers /Applications/Xcode.app/Contents/Developer/SDKs /Applications/Xcode.app/Contents/Developer/Platforms
               PBDEVELOPMENTPLIST_PATH = flutter_secure_storage.framework/pbdevelopment.plist
               PER_ARCH_OBJECT_FILE_DIR = /Users/carl.stanley/sites/UKCPA/ukcpa_flutter/build/ios/Pods.build/Release-iphonesimulator/flutter_secure_storage.build/Objects-normal/undefined_arch
               PER_VARIANT_OBJECT_FILE_DIR = /Users/carl.stanley/sites/UKCPA/ukcpa_flutter/build/ios/Pods.build/Release-iphonesimulator/flutter_secure_storage.build/Objects-normal
               PKGINFO_FILE_PATH = /Users/carl.stanley/sites/UKCPA/ukcpa_flutter/build/ios/Pods.build/Release-iphonesimulator/flutter_secure_storage.build/PkgInfo
               PKGINFO_PATH = flutter_secure_storage.framework/PkgInfo
               PLATFORM_DEVELOPER_APPLICATIONS_DIR = /Applications/Xcode.app/Contents/Developer/Platforms/iPhoneSimulator.platform/Developer/Applications
               PLATFORM_DEVELOPER_BIN_DIR = /Applications/Xcode.app/Contents/Developer/Platforms/iPhoneSimulator.platform/Developer/usr/bin
               PLATFORM_DEVELOPER_LIBRARY_DIR = /Applications/Xcode.app/Contents/Developer/Platforms/iPhoneSimulator.platform/Developer/Library
               PLATFORM_DEVELOPER_SDK_DIR = /Applications/Xcode.app/Contents/Developer/Platforms/iPhoneSimulator.platform/Developer/SDKs
               PLATFORM_DEVELOPER_TOOLS_DIR = /Applications/Xcode.app/Contents/Developer/Platforms/iPhoneSimulator.platform/Developer/Tools
               PLATFORM_DEVELOPER_USR_DIR = /Applications/Xcode.app/Contents/Developer/Platforms/iPhoneSimulator.platform/Developer/usr
               PLATFORM_DIR = /Applications/Xcode.app/Contents/Developer/Platforms/iPhoneSimulator.platform
               PLATFORM_DISPLAY_NAME = iOS Simulator
               PLATFORM_FAMILY_NAME = iOS
               PLATFORM_NAME = iphonesimulator
               PLATFORM_PREFERRED_ARCH = x86_64
               PLATFORM_PRODUCT_BUILD_VERSION = 22A3362
               PLIST_FILE_OUTPUT_FORMAT = binary
               PLUGINS_FOLDER_PATH = flutter_secure_storage.framework/PlugIns
               PODS_BUILD_DIR = /Users/carl.stanley/sites/UKCPA/ukcpa_flutter/build/ios
               PODS_CONFIGURATION_BUILD_DIR = /Users/carl.stanley/sites/UKCPA/ukcpa_flutter/build/ios/Release-iphonesimulator
               PODS_DEVELOPMENT_LANGUAGE = en
               PODS_ROOT = /Users/carl.stanley/sites/UKCPA/ukcpa_flutter/ios/Pods
               PODS_TARGET_SRCROOT = /Users/carl.stanley/sites/UKCPA/ukcpa_flutter/ios/Pods/../.symlinks/plugins/flutter_secure_storage/ios
               PODS_XCFRAMEWORKS_BUILD_DIR = /Users/carl.stanley/sites/UKCPA/ukcpa_flutter/build/ios/Release-iphonesimulator/XCFrameworkIntermediates
               PRECOMPS_INCLUDE_HEADERS_FROM_BUILT_PRODUCTS_DIR = YES
               PRECOMP_DESTINATION_DIR = /Users/carl.stanley/sites/UKCPA/ukcpa_flutter/build/ios/Pods.build/Release-iphonesimulator/flutter_secure_storage.build/PrefixHeaders
               PRIVATE_HEADERS_FOLDER_PATH = flutter_secure_storage.framework/PrivateHeaders
               PROCESSED_INFOPLIST_PATH = /Users/carl.stanley/sites/UKCPA/ukcpa_flutter/build/ios/Pods.build/Release-iphonesimulator/flutter_secure_storage.build/Objects-normal/undefined_arch/Processed-Info.plist
               PRODUCT_BUNDLE_IDENTIFIER = org.cocoapods.flutter-secure-storage
               PRODUCT_BUNDLE_PACKAGE_TYPE = FMWK
               PRODUCT_MODULE_NAME = flutter_secure_storage
               PRODUCT_NAME = flutter_secure_storage
               PRODUCT_SETTINGS_PATH = /Users/carl.stanley/sites/UKCPA/ukcpa_flutter/ios/Pods/Target Support Files/flutter_secure_storage/flutter_secure_storage-Info.plist
               PRODUCT_TYPE = com.apple.product-type.framework
               PROFILING_CODE = NO
               PROJECT = Pods
               PROJECT_DERIVED_FILE_DIR = /Users/carl.stanley/sites/UKCPA/ukcpa_flutter/build/ios/Pods.build/DerivedSources
               PROJECT_DIR = /Users/carl.stanley/sites/UKCPA/ukcpa_flutter/ios/Pods
               PROJECT_FILE_PATH = /Users/carl.stanley/sites/UKCPA/ukcpa_flutter/ios/Pods/Pods.xcodeproj
               PROJECT_GUID = bfdfe7dc352907fc980b868725387e98
               PROJECT_NAME = Pods
               PROJECT_TEMP_DIR = /Users/carl.stanley/sites/UKCPA/ukcpa_flutter/build/ios/Pods.build
               PROJECT_TEMP_ROOT = /Users/carl.stanley/sites/UKCPA/ukcpa_flutter/build/ios
               PUBLIC_HEADERS_FOLDER_PATH = flutter_secure_storage.framework/Headers
               RECOMMENDED_IPHONEOS_DEPLOYMENT_TARGET = 15.0
               RECURSIVE_SEARCH_PATHS_FOLLOW_SYMLINKS = YES
               REMOVE_CVS_FROM_RESOURCES = YES
               REMOVE_GIT_FROM_RESOURCES = YES
               REMOVE_HEADERS_FROM_EMBEDDED_BUNDLES = YES
               REMOVE_HG_FROM_RESOURCES = YES
               REMOVE_STATIC_EXECUTABLES_FROM_EMBEDDED_BUNDLES = YES
               REMOVE_SVN_FROM_RESOURCES = YES
               RESCHEDULE_INDEPENDENT_HEADERS_PHASES = YES
               REZ_COLLECTOR_DIR = /Users/carl.stanley/sites/UKCPA/ukcpa_flutter/build/ios/Pods.build/Release-iphonesimulator/flutter_secure_storage.build/ResourceManagerResources
               REZ_OBJECTS_DIR = /Users/carl.stanley/sites/UKCPA/ukcpa_flutter/build/ios/Pods.build/Release-iphonesimulator/flutter_secure_storage.build/ResourceManagerResources/Objects
               REZ_SEARCH_PATHS = /Users/carl.stanley/sites/UKCPA/ukcpa_flutter/build/ios/Release-iphonesimulator/flutter_secure_storage 
               SCAN_ALL_SOURCE_FILES_FOR_INCLUDES = NO
               SCRIPTS_FOLDER_PATH = flutter_secure_storage.framework/Scripts
               SDKROOT = /Applications/Xcode.app/Contents/Developer/Platforms/iPhoneSimulator.platform/Developer/SDKs/iPhoneSimulator18.0.sdk
               SDK_DIR = /Applications/Xcode.app/Contents/Developer/Platforms/iPhoneSimulator.platform/Developer/SDKs/iPhoneSimulator18.0.sdk
               SDK_DIR_iphonesimulator = /Applications/Xcode.app/Contents/Developer/Platforms/iPhoneSimulator.platform/Developer/SDKs/iPhoneSimulator18.0.sdk
               SDK_DIR_iphonesimulator18_0 = /Applications/Xcode.app/Contents/Developer/Platforms/iPhoneSimulator.platform/Developer/SDKs/iPhoneSimulator18.0.sdk
               SDK_NAME = iphonesimulator18.0
               SDK_NAMES = iphonesimulator18.0
               SDK_PRODUCT_BUILD_VERSION = 22A3362
               SDK_STAT_CACHE_DIR = /var/folders/20/skb3d8qx2hn9r9z8036y32g40000gp/C/com.apple.DeveloperTools/16.0-16A242d/Xcode
               SDK_STAT_CACHE_ENABLE = YES
               SDK_STAT_CACHE_PATH = /var/folders/20/skb3d8qx2hn9r9z8036y32g40000gp/C/com.apple.DeveloperTools/16.0-16A242d/Xcode/SDKStatCaches.noindex/iphonesimulator18.0-22A3362-db63dc9361471f152f572502bdbfe70a.sdkstatcache
               SDK_VERSION = 18.0
               SDK_VERSION_ACTUAL = 180000
               SDK_VERSION_MAJOR = 180000
               SDK_VERSION_MINOR = 180000
               SED = /usr/bin/sed
               SEPARATE_STRIP = NO
               SEPARATE_SYMBOL_EDIT = NO
               SET_DIR_MODE_OWNER_GROUP = YES
               SET_FILE_MODE_OWNER_GROUP = NO
               SHALLOW_BUNDLE = YES
               SHALLOW_BUNDLE_TRIPLE = ios-simulator
               SHALLOW_BUNDLE_ios_macabi = NO
               SHALLOW_BUNDLE_macos = NO
               SHARED_DERIVED_FILE_DIR = /Users/carl.stanley/sites/UKCPA/ukcpa_flutter/build/ios/Release-iphonesimulator/flutter_secure_storage/DerivedSources
               SHARED_FRAMEWORKS_FOLDER_PATH = flutter_secure_storage.framework/SharedFrameworks
               SHARED_PRECOMPS_DIR = /Users/carl.stanley/sites/UKCPA/ukcpa_flutter/build/ios/SharedPrecompiledHeaders
               SHARED_SUPPORT_FOLDER_PATH = flutter_secure_storage.framework
               SKIP_INSTALL = YES
               SOURCE_ROOT = /Users/carl.stanley/sites/UKCPA/ukcpa_flutter/ios/Pods
               SRCROOT = /Users/carl.stanley/sites/UKCPA/ukcpa_flutter/ios/Pods
               STRINGSDATA_DIR = /Users/carl.stanley/sites/UKCPA/ukcpa_flutter/build/ios/Pods.build/Release-iphonesimulator/flutter_secure_storage.build/Objects-normal/undefined_arch
               STRINGSDATA_ROOT = /Users/carl.stanley/sites/UKCPA/ukcpa_flutter/build/ios/Pods.build/Release-iphonesimulator/flutter_secure_storage.build
               STRINGS_FILE_INFOPLIST_RENAME = YES
               STRINGS_FILE_OUTPUT_ENCODING = binary
               STRIP_BITCODE_FROM_COPIED_FILES = NO
               STRIP_INSTALLED_PRODUCT = NO
               STRIP_STYLE = debugging
               STRIP_SWIFT_SYMBOLS = YES
               SUPPORTED_DEVICE_FAMILIES = 1,2
               SUPPORTED_PLATFORMS = iphoneos iphonesimulator
               SUPPORTS_TEXT_BASED_API = NO
               SUPPRESS_WARNINGS = NO
               SWIFT_ACTIVE_COMPILATION_CONDITIONS =  
               SWIFT_COMPILATION_MODE = wholemodule
               SWIFT_EMIT_LOC_STRINGS = NO
               SWIFT_INSTALL_MODULE_FOR_DEPLOYMENT = YES
               SWIFT_INSTALL_OBJC_HEADER = YES
               SWIFT_OPTIMIZATION_LEVEL = -O
               SWIFT_PLATFORM_TARGET_PREFIX = ios
               SWIFT_RESPONSE_FILE_PATH_normal_arm64 = /Users/carl.stanley/sites/UKCPA/ukcpa_flutter/build/ios/Pods.build/Release-iphonesimulator/flutter_secure_storage.build/Objects-normal/arm64/flutter_secure_storage.SwiftFileList
               SWIFT_RESPONSE_FILE_PATH_normal_x86_64 = /Users/carl.stanley/sites/UKCPA/ukcpa_flutter/build/ios/Pods.build/Release-iphonesimulator/flutter_secure_storage.build/Objects-normal/x86_64/flutter_secure_storage.SwiftFileList
               SWIFT_VERSION = 5.0
               SYMROOT = /Users/carl.stanley/sites/UKCPA/ukcpa_flutter/ios/build
               SYSTEM_ADMIN_APPS_DIR = /Applications/Utilities
               SYSTEM_APPS_DIR = /Applications
               SYSTEM_CORE_SERVICES_DIR = /System/Library/CoreServices
               SYSTEM_DEMOS_DIR = /Applications/Extras
               SYSTEM_DEVELOPER_APPS_DIR = /Applications/Xcode.app/Contents/Developer/Applications
               SYSTEM_DEVELOPER_BIN_DIR = /Applications/Xcode.app/Contents/Developer/usr/bin
               SYSTEM_DEVELOPER_DEMOS_DIR = /Applications/Xcode.app/Contents/Developer/Applications/Utilities/Built Examples
               SYSTEM_DEVELOPER_DIR = /Applications/Xcode.app/Contents/Developer
               SYSTEM_DEVELOPER_DOC_DIR = /Applications/Xcode.app/Contents/Developer/ADC Reference Library
               SYSTEM_DEVELOPER_GRAPHICS_TOOLS_DIR = /Applications/Xcode.app/Contents/Developer/Applications/Graphics Tools
               SYSTEM_DEVELOPER_JAVA_TOOLS_DIR = /Applications/Xcode.app/Contents/Developer/Applications/Java Tools
               SYSTEM_DEVELOPER_PERFORMANCE_TOOLS_DIR = /Applications/Xcode.app/Contents/Developer/Applications/Performance Tools
               SYSTEM_DEVELOPER_RELEASENOTES_DIR = /Applications/Xcode.app/Contents/Developer/ADC Reference Library/releasenotes
               SYSTEM_DEVELOPER_TOOLS = /Applications/Xcode.app/Contents/Developer/Tools
               SYSTEM_DEVELOPER_TOOLS_DOC_DIR = /Applications/Xcode.app/Contents/Developer/ADC Reference Library/documentation/DeveloperTools
               SYSTEM_DEVELOPER_TOOLS_RELEASENOTES_DIR = /Applications/Xcode.app/Contents/Developer/ADC Reference Library/releasenotes/DeveloperTools
               SYSTEM_DEVELOPER_USR_DIR = /Applications/Xcode.app/Contents/Developer/usr
               SYSTEM_DEVELOPER_UTILITIES_DIR = /Applications/Xcode.app/Contents/Developer/Applications/Utilities
               SYSTEM_DEXT_INSTALL_PATH = /System/Library/DriverExtensions
               SYSTEM_DOCUMENTATION_DIR = /Library/Documentation
               SYSTEM_EXTENSIONS_FOLDER_PATH = flutter_secure_storage.framework/SystemExtensions
               SYSTEM_EXTENSIONS_FOLDER_PATH_SHALLOW_BUNDLE_NO = flutter_secure_storage.framework/Library/SystemExtensions
               SYSTEM_EXTENSIONS_FOLDER_PATH_SHALLOW_BUNDLE_YES = flutter_secure_storage.framework/SystemExtensions
               SYSTEM_KEXT_INSTALL_PATH = /System/Library/Extensions
               SYSTEM_LIBRARY_DIR = /System/Library
               TAPI_DEMANGLE = YES
               TAPI_ENABLE_PROJECT_HEADERS = NO
               TAPI_LANGUAGE = objective-c
               TAPI_LANGUAGE_STANDARD = compiler-default
               TAPI_USE_SRCROOT = YES
               TAPI_VERIFY_MODE = Pedantic
               TARGETED_DEVICE_FAMILY = 1,2
               TARGETNAME = flutter_secure_storage
               TARGET_BUILD_DIR = /Users/carl.stanley/sites/UKCPA/ukcpa_flutter/build/ios/Release-iphonesimulator/flutter_secure_storage
               TARGET_NAME = flutter_secure_storage
               TARGET_TEMP_DIR = /Users/carl.stanley/sites/UKCPA/ukcpa_flutter/build/ios/Pods.build/Release-iphonesimulator/flutter_secure_storage.build
               TEMP_DIR = /Users/carl.stanley/sites/UKCPA/ukcpa_flutter/build/ios/Pods.build/Release-iphonesimulator/flutter_secure_storage.build
               TEMP_FILES_DIR = /Users/carl.stanley/sites/UKCPA/ukcpa_flutter/build/ios/Pods.build/Release-iphonesimulator/flutter_secure_storage.build
               TEMP_FILE_DIR = /Users/carl.stanley/sites/UKCPA/ukcpa_flutter/build/ios/Pods.build/Release-iphonesimulator/flutter_secure_storage.build
               TEMP_ROOT = /Users/carl.stanley/sites/UKCPA/ukcpa_flutter/build/ios
               TEST_FRAMEWORK_SEARCH_PATHS =  /Applications/Xcode.app/Contents/Developer/Platforms/iPhoneSimulator.platform/Developer/Library/Frameworks /Applications/Xcode.app/Contents/Developer/Platforms/iPhoneSimulator.platform/Developer/SDKs/iPhoneSimulator18.0.sdk/Developer/Library/Frameworks
               TEST_LIBRARY_SEARCH_PATHS =  /Applications/Xcode.app/Contents/Developer/Platforms/iPhoneSimulator.platform/Developer/usr/lib
               TOOLCHAINS = com.apple.dt.toolchain.XcodeDefault
               TOOLCHAIN_DIR = /Applications/Xcode.app/Contents/Developer/Toolchains/XcodeDefault.xctoolchain
               TREAT_MISSING_BASELINES_AS_TEST_FAILURES = NO
               TREAT_MISSING_SCRIPT_PHASE_OUTPUTS_AS_ERRORS = NO
               UID = 502
               UNINSTALLED_PRODUCTS_DIR = /Users/carl.stanley/sites/UKCPA/ukcpa_flutter/build/ios/UninstalledProducts
               UNLOCALIZED_RESOURCES_FOLDER_PATH = flutter_secure_storage.framework
               UNLOCALIZED_RESOURCES_FOLDER_PATH_SHALLOW_BUNDLE_NO = flutter_secure_storage.framework/Resources
               UNLOCALIZED_RESOURCES_FOLDER_PATH_SHALLOW_BUNDLE_YES = flutter_secure_storage.framework
               UNSTRIPPED_PRODUCT = NO
               USER = carl.stanley
               USER_APPS_DIR = /Users/carl.stanley/Applications
               USER_LIBRARY_DIR = /Users/carl.stanley/Library
               USE_DYNAMIC_NO_PIC = YES
               USE_HEADERMAP = YES
               USE_HEADER_SYMLINKS = NO
               USE_RECURSIVE_SCRIPT_INPUTS_IN_SCRIPT_PHASES = YES
               VALIDATE_DEVELOPMENT_ASSET_PATHS = YES_ERROR
               VALIDATE_PRODUCT = YES
               VALID_ARCHS = arm64 x86_64
               VERBOSE_PBXCP = NO
               VERSIONING_SYSTEM = apple-generic
               VERSIONPLIST_PATH = flutter_secure_storage.framework/version.plist
               VERSIONS_FOLDER_PATH = flutter_secure_storage.framework
               VERSIONS_FOLDER_PATH_SHALLOW_BUNDLE_NO = flutter_secure_storage.framework/Versions
               VERSIONS_FOLDER_PATH_SHALLOW_BUNDLE_YES = flutter_secure_storage.framework
               VERSION_INFO_BUILDER = carl.stanley
               VERSION_INFO_FILE = flutter_secure_storage_vers.c
               VERSION_INFO_STRING = "@(#)PROGRAM:flutter_secure_storage  PROJECT:Pods-1"
               WORKSPACE_DIR = /Users/carl.stanley/sites/UKCPA/ukcpa_flutter/ios/Pods/Pods.xcodeproj
               WRAPPER_EXTENSION = framework
               WRAPPER_NAME = flutter_secure_storage.framework
               WRAPPER_SUFFIX = .framework
               WRAP_ASSET_PACKS_IN_SEPARATE_DIRECTORIES = NO
               XCODE_APP_SUPPORT_DIR = /Applications/Xcode.app/Contents/Developer/Library/Xcode
               XCODE_PRODUCT_BUILD_VERSION = 16A242d
               XCODE_VERSION_ACTUAL = 1600
               XCODE_VERSION_MAJOR = 1600
               XCODE_VERSION_MINOR = 1600
               XPCSERVICES_FOLDER_PATH = flutter_secure_storage.framework/XPCServices
               YACC = yacc
               _WRAPPER_CONTENTS_DIR_SHALLOW_BUNDLE_NO = /Contents
               _WRAPPER_PARENT_PATH_SHALLOW_BUNDLE_NO = /..
               _WRAPPER_RESOURCES_DIR_SHALLOW_BUNDLE_NO = /Resources
               arch = undefined_arch
               variant = normal

           Build settings for action build and target flutter_secure_storage-flutter_secure_storage:
               ACTION = build
               AD_HOC_CODE_SIGNING_ALLOWED = YES
               ALLOW_BUILD_REQUEST_OVERRIDES = NO
               ALLOW_TARGET_PLATFORM_SPECIALIZATION = NO
               ALTERNATE_GROUP = staff
               ALTERNATE_MODE = u+w,go-w,a+rX
               ALTERNATE_OWNER = carl.stanley
               ALTERNATIVE_DISTRIBUTION_WEB = NO
               ALWAYS_EMBED_SWIFT_STANDARD_LIBRARIES = NO
               ALWAYS_SEARCH_USER_PATHS = NO
               ALWAYS_USE_SEPARATE_HEADERMAPS = NO
               APPLE_INTERNAL_DEVELOPER_DIR = /AppleInternal/Developer
               APPLE_INTERNAL_DIR = /AppleInternal
               APPLE_INTERNAL_DOCUMENTATION_DIR = /AppleInternal/Documentation
               APPLE_INTERNAL_LIBRARY_DIR = /AppleInternal/Library
               APPLE_INTERNAL_TOOLS = /AppleInternal/Developer/Tools
               APPLICATION_EXTENSION_API_ONLY = NO
               APPLY_RULES_IN_COPY_FILES = NO
               APPLY_RULES_IN_COPY_HEADERS = NO
               APP_SHORTCUTS_ENABLE_FLEXIBLE_MATCHING = YES
               ARCHS = arm64 x86_64
               ARCHS_STANDARD = arm64 x86_64
               ARCHS_STANDARD_32_64_BIT = arm64 i386 x86_64
               ARCHS_STANDARD_32_BIT = i386
               ARCHS_STANDARD_64_BIT = arm64 x86_64
               ARCHS_STANDARD_INCLUDING_64_BIT = arm64 x86_64
               ARCHS_UNIVERSAL_IPHONE_OS = arm64 i386 x86_64
               ASSETCATALOG_COMPILER_GENERATE_ASSET_SYMBOLS = YES
               AUTOMATICALLY_MERGE_DEPENDENCIES = NO
               AVAILABLE_PLATFORMS = appletvos appletvsimulator driverkit iphoneos iphonesimulator macosx watchos watchsimulator xros xrsimulator
               BITCODE_GENERATION_MODE = marker
               BUILD_ACTIVE_RESOURCES_ONLY = NO
               BUILD_COMPONENTS = headers build
               BUILD_DIR = /Users/carl.stanley/sites/UKCPA/ukcpa_flutter/build/ios
               BUILD_LIBRARY_FOR_DISTRIBUTION = NO
               BUILD_ROOT = /Users/carl.stanley/sites/UKCPA/ukcpa_flutter/ios/build
               BUILD_STYLE = 
               BUILD_VARIANTS = normal
               BUILT_PRODUCTS_DIR = /Users/carl.stanley/sites/UKCPA/ukcpa_flutter/build/ios/Release-iphonesimulator/flutter_secure_storage
               BUNDLE_CONTENTS_FOLDER_PATH_deep = Contents/
               BUNDLE_EXECUTABLE_FOLDER_NAME_deep = MacOS
               BUNDLE_EXTENSIONS_FOLDER_PATH = Extensions
               BUNDLE_FORMAT = shallow
               BUNDLE_FRAMEWORKS_FOLDER_PATH = Frameworks
               BUNDLE_PLUGINS_FOLDER_PATH = PlugIns
               BUNDLE_PRIVATE_HEADERS_FOLDER_PATH = PrivateHeaders
               BUNDLE_PUBLIC_HEADERS_FOLDER_PATH = Headers
               CACHE_ROOT = /var/folders/20/skb3d8qx2hn9r9z8036y32g40000gp/C/com.apple.DeveloperTools/16.0-16A242d/Xcode
               CCHROOT = /var/folders/20/skb3d8qx2hn9r9z8036y32g40000gp/C/com.apple.DeveloperTools/16.0-16A242d/Xcode
               CHMOD = /bin/chmod
               CHOWN = /usr/sbin/chown
               CLANG_ANALYZER_LOCALIZABILITY_NONLOCALIZED = YES
               CLANG_ANALYZER_NONNULL = YES
               CLANG_ANALYZER_NUMBER_OBJECT_CONVERSION = YES_AGGRESSIVE
               CLANG_CACHE_FINE_GRAINED_OUTPUTS = YES
               CLANG_CXX_LANGUAGE_STANDARD = gnu++14
               CLANG_CXX_LIBRARY = libc++
               CLANG_ENABLE_EXPLICIT_MODULES = YES
               CLANG_ENABLE_MODULES = YES
               CLANG_ENABLE_OBJC_ARC = YES
               CLANG_ENABLE_OBJC_WEAK = YES
               CLANG_MODULES_BUILD_SESSION_FILE = /var/folders/20/skb3d8qx2hn9r9z8036y32g40000gp/C/org.llvm.clang/ModuleCache.noindex/Session.modulevalidation
               CLANG_WARN_BLOCK_CAPTURE_AUTORELEASING = YES
               CLANG_WARN_BOOL_CONVERSION = YES
               CLANG_WARN_COMMA = YES
               CLANG_WARN_CONSTANT_CONVERSION = YES
               CLANG_WARN_DEPRECATED_OBJC_IMPLEMENTATIONS = YES
               CLANG_WARN_DIRECT_OBJC_ISA_USAGE = YES_ERROR
               CLANG_WARN_DOCUMENTATION_COMMENTS = YES
               CLANG_WARN_EMPTY_BODY = YES
               CLANG_WARN_ENUM_CONVERSION = YES
               CLANG_WARN_INFINITE_RECURSION = YES
               CLANG_WARN_INT_CONVERSION = YES
               CLANG_WARN_NON_LITERAL_NULL_CONVERSION = YES
               CLANG_WARN_OBJC_IMPLICIT_RETAIN_SELF = YES
               CLANG_WARN_OBJC_LITERAL_CONVERSION = YES
               CLANG_WARN_OBJC_ROOT_CLASS = YES_ERROR
               CLANG_WARN_QUOTED_INCLUDE_IN_FRAMEWORK_HEADER = NO
               CLANG_WARN_RANGE_LOOP_ANALYSIS = YES
               CLANG_WARN_STRICT_PROTOTYPES = YES
               CLANG_WARN_SUSPICIOUS_MOVE = YES
               CLANG_WARN_UNGUARDED_AVAILABILITY = YES_AGGRESSIVE
               CLANG_WARN_UNREACHABLE_CODE = YES
               CLANG_WARN__DUPLICATE_METHOD_MATCH = YES
               CLASS_FILE_DIR = /Users/carl.stanley/sites/UKCPA/ukcpa_flutter/build/ios/Pods.build/Release-iphonesimulator/flutter_secure_storage-flutter_secure_storage.build/JavaClasses
               CLEAN_PRECOMPS = YES
               CLONE_HEADERS = NO
               CODESIGNING_FOLDER_PATH = /Users/carl.stanley/sites/UKCPA/ukcpa_flutter/build/ios/Release-iphonesimulator/flutter_secure_storage/flutter_secure_storage.bundle
               CODE_SIGNING_ALLOWED = NO
               CODE_SIGNING_IDENTITY = -
               CODE_SIGNING_REQUIRED = NO
               CODE_SIGN_CONTEXT_CLASS = XCiPhoneSimulatorCodeSignContext
               CODE_SIGN_IDENTITY = -
               CODE_SIGN_INJECT_BASE_ENTITLEMENTS = YES
               COLOR_DIAGNOSTICS = NO
               COMBINE_HIDPI_IMAGES = NO
               COMPILATION_CACHE_CAS_PATH = /var/folders/20/skb3d8qx2hn9r9z8036y32g40000gp/C/com.apple.DeveloperTools/16.0-16A242d/Xcode/CompilationCache.noindex
               COMPILATION_CACHE_KEEP_CAS_DIRECTORY = YES
               COMPILER_INDEX_STORE_ENABLE = Default
               COMPOSITE_SDK_DIRS = /Users/carl.stanley/sites/UKCPA/ukcpa_flutter/build/ios/CompositeSDKs
               COMPRESS_PNG_FILES = YES
               CONFIGURATION = Release
               CONFIGURATION_BUILD_DIR = /Users/carl.stanley/sites/UKCPA/ukcpa_flutter/build/ios/Release-iphonesimulator/flutter_secure_storage
               CONFIGURATION_TEMP_DIR = /Users/carl.stanley/sites/UKCPA/ukcpa_flutter/build/ios/Pods.build/Release-iphonesimulator
               CONTENTS_FOLDER_PATH = flutter_secure_storage.bundle
               CONTENTS_FOLDER_PATH_SHALLOW_BUNDLE_NO = flutter_secure_storage.bundle/Contents
               CONTENTS_FOLDER_PATH_SHALLOW_BUNDLE_YES = flutter_secure_storage.bundle
               COPYING_PRESERVES_HFS_DATA = NO
               COPY_HEADERS_RUN_UNIFDEF = NO
               COPY_PHASE_STRIP = NO
               CORRESPONDING_DEVICE_PLATFORM_DIR = /Applications/Xcode.app/Contents/Developer/Platforms/iPhoneOS.platform
               CORRESPONDING_DEVICE_PLATFORM_NAME = iphoneos
               CORRESPONDING_DEVICE_SDK_DIR = /Applications/Xcode.app/Contents/Developer/Platforms/iPhoneOS.platform/Developer/SDKs/iPhoneOS18.0.sdk
               CORRESPONDING_DEVICE_SDK_NAME = iphoneos18.0
               CP = /bin/cp
               CREATE_INFOPLIST_SECTION_IN_BINARY = NO
               CURRENT_ARCH = undefined_arch
               CURRENT_VARIANT = normal
               DEAD_CODE_STRIPPING = YES
               DEBUGGING_SYMBOLS = YES
               DEBUG_INFORMATION_FORMAT = dwarf-with-dsym
               DEBUG_INFORMATION_VERSION = compiler-default
               DEFAULT_COMPILER = com.apple.compilers.llvm.clang.1_0
               DEFAULT_DEXT_INSTALL_PATH = /System/Library/DriverExtensions
               DEFAULT_KEXT_INSTALL_PATH = /System/Library/Extensions
               DEFINES_MODULE = YES
               DEPLOYMENT_LOCATION = NO
               DEPLOYMENT_POSTPROCESSING = NO
               DEPLOYMENT_TARGET_SETTING_NAME = IPHONEOS_DEPLOYMENT_TARGET
               DEPLOYMENT_TARGET_SUGGESTED_VALUES = 12.0 12.1 12.2 12.3 12.4 13.0 13.1 13.2 13.3 13.4 13.5 13.6 14.0 14.1 14.2 14.3 14.4 14.5 14.6 14.7 15.0 15.1 15.2 15.3 15.4 15.5 15.6 16.0 16.1 16.2 16.3 16.4 16.5 16.6 17.0 17.1 17.2 17.3 17.4 17.5 17.6 18.0
               DERIVED_FILES_DIR = /Users/carl.stanley/sites/UKCPA/ukcpa_flutter/build/ios/Pods.build/Release-iphonesimulator/flutter_secure_storage-flutter_secure_storage.build/DerivedSources
               DERIVED_FILE_DIR = /Users/carl.stanley/sites/UKCPA/ukcpa_flutter/build/ios/Pods.build/Release-iphonesimulator/flutter_secure_storage-flutter_secure_storage.build/DerivedSources
               DERIVED_SOURCES_DIR = /Users/carl.stanley/sites/UKCPA/ukcpa_flutter/build/ios/Pods.build/Release-iphonesimulator/flutter_secure_storage-flutter_secure_storage.build/DerivedSources
               DEVELOPER_APPLICATIONS_DIR = /Applications/Xcode.app/Contents/Developer/Applications
               DEVELOPER_BIN_DIR = /Applications/Xcode.app/Contents/Developer/usr/bin
               DEVELOPER_DIR = /Applications/Xcode.app/Contents/Developer
               DEVELOPER_FRAMEWORKS_DIR = /Applications/Xcode.app/Contents/Developer/Library/Frameworks
               DEVELOPER_FRAMEWORKS_DIR_QUOTED = /Applications/Xcode.app/Contents/Developer/Library/Frameworks
               DEVELOPER_LIBRARY_DIR = /Applications/Xcode.app/Contents/Developer/Library
               DEVELOPER_SDK_DIR = /Applications/Xcode.app/Contents/Developer/Platforms/MacOSX.platform/Developer/SDKs
               DEVELOPER_TOOLS_DIR = /Applications/Xcode.app/Contents/Developer/Tools
               DEVELOPER_USR_DIR = /Applications/Xcode.app/Contents/Developer/usr
               DEVELOPMENT_LANGUAGE = en
               DIFF = /usr/bin/diff
               DOCUMENTATION_FOLDER_PATH = flutter_secure_storage.bundle/en.lproj/Documentation
               DONT_GENERATE_INFOPLIST_FILE = NO
               DSTROOT = /tmp/Pods.dst
               DT_TOOLCHAIN_DIR = /Applications/Xcode.app/Contents/Developer/Toolchains/XcodeDefault.xctoolchain
               DWARF_DSYM_FILE_NAME = flutter_secure_storage.bundle.dSYM
               DWARF_DSYM_FILE_SHOULD_ACCOMPANY_PRODUCT = NO
               DWARF_DSYM_FOLDER_PATH = /Users/carl.stanley/sites/UKCPA/ukcpa_flutter/build/ios/Release-iphonesimulator/flutter_secure_storage
               DYNAMIC_LIBRARY_EXTENSION = dylib
               EAGER_COMPILATION_ALLOW_SCRIPTS = NO
               EAGER_LINKING = NO
               EFFECTIVE_PLATFORM_NAME = -iphonesimulator
               EMBEDDED_CONTENT_CONTAINS_SWIFT = NO
               EMBED_ASSET_PACKS_IN_PRODUCT_BUNDLE = NO
               ENABLE_APP_SANDBOX = NO
               ENABLE_BITCODE = NO
               ENABLE_CODE_COVERAGE = YES
               ENABLE_DEFAULT_HEADER_SEARCH_PATHS = YES
               ENABLE_DEFAULT_SEARCH_PATHS = YES
               ENABLE_HARDENED_RUNTIME = NO
               ENABLE_HEADER_DEPENDENCIES = YES
               ENABLE_NS_ASSERTIONS = NO
               ENABLE_ON_DEMAND_RESOURCES = NO
               ENABLE_STRICT_OBJC_MSGSEND = YES
               ENABLE_TESTABILITY = NO
               ENABLE_TESTING_SEARCH_PATHS = NO
               ENABLE_USER_SCRIPT_SANDBOXING = NO
               ENTITLEMENTS_DESTINATION = __entitlements
               ENTITLEMENTS_REQUIRED = NO
               EXCLUDED_ARCHS = i386
               EXCLUDED_INSTALLSRC_SUBDIRECTORY_PATTERNS = .DS_Store .svn .git .hg CVS
               EXCLUDED_RECURSIVE_SEARCH_PATH_SUBDIRECTORIES = *.nib *.lproj *.framework *.gch *.xcode* *.xcassets (*) .DS_Store CVS .svn .git .hg *.pbproj *.pbxproj
               EXECUTABLES_FOLDER_PATH = flutter_secure_storage.bundle/Executables
               EXECUTABLE_FOLDER_PATH = flutter_secure_storage.bundle
               EXECUTABLE_FOLDER_PATH_SHALLOW_BUNDLE_NO = flutter_secure_storage.bundle/MacOS
               EXECUTABLE_FOLDER_PATH_SHALLOW_BUNDLE_YES = flutter_secure_storage.bundle
               EXECUTABLE_NAME = flutter_secure_storage
               EXECUTABLE_PATH = flutter_secure_storage.bundle/flutter_secure_storage
               EXPANDED_CODE_SIGN_IDENTITY = -
               EXTENSIONS_FOLDER_PATH = flutter_secure_storage.bundle/Extensions
               FILE_LIST = /Users/carl.stanley/sites/UKCPA/ukcpa_flutter/build/ios/Pods.build/Release-iphonesimulator/flutter_secure_storage-flutter_secure_storage.build/Objects/LinkFileList
               FIXED_FILES_DIR = /Users/carl.stanley/sites/UKCPA/ukcpa_flutter/build/ios/Pods.build/Release-iphonesimulator/flutter_secure_storage-flutter_secure_storage.build/FixedFiles
               FRAMEWORKS_FOLDER_PATH = flutter_secure_storage.bundle/Frameworks
               FRAMEWORK_FLAG_PREFIX = -framework
               FRAMEWORK_SEARCH_PATHS = /Users/carl.stanley/sites/UKCPA/ukcpa_flutter/build/ios/Release-iphonesimulator/flutter_secure_storage 
               FRAMEWORK_VERSION = A
               FULL_PRODUCT_NAME = flutter_secure_storage.bundle
               FUSE_BUILD_PHASES = YES
               FUSE_BUILD_SCRIPT_PHASES = NO
               GCC3_VERSION = 3.3
               GCC_C_LANGUAGE_STANDARD = gnu11
               GCC_INLINES_ARE_PRIVATE_EXTERN = YES
               GCC_NO_COMMON_BLOCKS = YES
               GCC_OBJC_LEGACY_DISPATCH = YES
               GCC_PFE_FILE_C_DIALECTS = c objective-c c++ objective-c++
               GCC_PREPROCESSOR_DEFINITIONS = POD_CONFIGURATION_RELEASE=1  COCOAPODS=1
               GCC_TREAT_WARNINGS_AS_ERRORS = NO
               GCC_VERSION = com.apple.compilers.llvm.clang.1_0
               GCC_VERSION_IDENTIFIER = com_apple_compilers_llvm_clang_1_0
               GCC_WARN_64_TO_32_BIT_CONVERSION = YES
               GCC_WARN_ABOUT_RETURN_TYPE = YES_ERROR
               GCC_WARN_UNDECLARED_SELECTOR = YES
               GCC_WARN_UNINITIALIZED_AUTOS = YES_AGGRESSIVE
               GCC_WARN_UNUSED_FUNCTION = YES
               GCC_WARN_UNUSED_VARIABLE = YES
               GENERATED_MODULEMAP_DIR = /Users/carl.stanley/sites/UKCPA/ukcpa_flutter/build/ios/GeneratedModuleMaps-iphonesimulator
               GENERATE_INFOPLIST_FILE = NO
               GENERATE_INTERMEDIATE_TEXT_BASED_STUBS = YES
               GENERATE_MASTER_OBJECT_FILE = NO
               GENERATE_PKGINFO_FILE = NO
               GENERATE_PROFILING_CODE = NO
               GENERATE_TEXT_BASED_STUBS = NO
               GID = 20
               GROUP = staff
               HEADERMAP_INCLUDES_FLAT_ENTRIES_FOR_TARGET_BEING_BUILT = YES
               HEADERMAP_INCLUDES_FRAMEWORK_ENTRIES_FOR_ALL_PRODUCT_TYPES = YES
               HEADERMAP_INCLUDES_FRAMEWORK_ENTRIES_FOR_TARGETS_NOT_BEING_BUILT = YES
               HEADERMAP_INCLUDES_NONPUBLIC_NONPRIVATE_HEADERS = YES
               HEADERMAP_INCLUDES_PROJECT_HEADERS = YES
               HEADERMAP_USES_FRAMEWORK_PREFIX_ENTRIES = YES
               HEADERMAP_USES_VFS = YES
               HEADER_SEARCH_PATHS = /Users/carl.stanley/sites/UKCPA/ukcpa_flutter/build/ios/Release-iphonesimulator/flutter_secure_storage/include 
               HIDE_BITCODE_SYMBOLS = YES
               HOME = /Users/carl.stanley
               HOST_ARCH = arm64
               HOST_PLATFORM = macosx
               IBSC_MODULE = flutter_secure_storage
               ICONV = /usr/bin/iconv
               IMPLICIT_DEPENDENCY_DOMAIN = default
               INFOPLIST_ENABLE_CFBUNDLEICONS_MERGE = YES
               INFOPLIST_EXPAND_BUILD_SETTINGS = YES
               INFOPLIST_FILE = Target Support Files/flutter_secure_storage/ResourceBundle-flutter_secure_storage-flutter_secure_storage-Info.plist
               INFOPLIST_OUTPUT_FORMAT = binary
               INFOPLIST_PATH = flutter_secure_storage.bundle/Info.plist
               INFOPLIST_PREPROCESS = NO
               INFOSTRINGS_PATH = flutter_secure_storage.bundle/en.lproj/InfoPlist.strings
               INLINE_PRIVATE_FRAMEWORKS = NO
               INSTALLHDRS_COPY_PHASE = NO
               INSTALLHDRS_SCRIPT_PHASE = NO
               INSTALL_DIR = /tmp/Pods.dst
               INSTALL_GROUP = staff
               INSTALL_MODE_FLAG = u+w,go-w,a+rX
               INSTALL_OWNER = carl.stanley
               INSTALL_ROOT = /tmp/Pods.dst
               IPHONEOS_DEPLOYMENT_TARGET = 13.0
               IS_UNOPTIMIZED_BUILD = NO
               JAVAC_DEFAULT_FLAGS = -J-Xms64m -J-XX:NewSize=4M -J-Dfile.encoding=UTF8
               JAVA_APP_STUB = /System/Library/Frameworks/JavaVM.framework/Resources/MacOS/JavaApplicationStub
               JAVA_ARCHIVE_CLASSES = YES
               JAVA_ARCHIVE_TYPE = JAR
               JAVA_COMPILER = /usr/bin/javac
               JAVA_FOLDER_PATH = flutter_secure_storage.bundle/Java
               JAVA_FRAMEWORK_RESOURCES_DIRS = Resources
               JAVA_JAR_FLAGS = cv
               JAVA_SOURCE_SUBDIR = .
               JAVA_USE_DEPENDENCIES = YES
               JAVA_ZIP_FLAGS = -urg
               JIKES_DEFAULT_FLAGS = +E +OLDCSO
               KEEP_PRIVATE_EXTERNS = NO
               LD_DEPENDENCY_INFO_FILE = /Users/carl.stanley/sites/UKCPA/ukcpa_flutter/build/ios/Pods.build/Release-iphonesimulator/flutter_secure_storage-flutter_secure_storage.build/Objects-normal/undefined_arch/flutter_secure_storage_dependency_info.dat
               LD_EXPORT_SYMBOLS = YES
               LD_GENERATE_MAP_FILE = NO
               LD_MAP_FILE_PATH = /Users/carl.stanley/sites/UKCPA/ukcpa_flutter/build/ios/Pods.build/Release-iphonesimulator/flutter_secure_storage-flutter_secure_storage.build/flutter_secure_storage-LinkMap-normal-undefined_arch.txt
               LD_NO_PIE = NO
               LD_QUOTE_LINKER_ARGUMENTS_FOR_COMPILER_DRIVER = YES
               LD_SHARED_CACHE_ELIGIBLE = Automatic
               LD_WARN_DUPLICATE_LIBRARIES = NO
               LD_WARN_UNUSED_DYLIBS = NO
               LEGACY_DEVELOPER_DIR = /Applications/Xcode.app/Contents/PlugIns/Xcode3Core.ideplugin/Contents/SharedSupport/Developer
               LEX = lex
               LIBRARY_DEXT_INSTALL_PATH = /Library/DriverExtensions
               LIBRARY_FLAG_NOSPACE = YES
               LIBRARY_FLAG_PREFIX = -l
               LIBRARY_KEXT_INSTALL_PATH = /Library/Extensions
               LIBRARY_SEARCH_PATHS = /Users/carl.stanley/sites/UKCPA/ukcpa_flutter/build/ios/Release-iphonesimulator/flutter_secure_storage /Applications/Xcode.app/Contents/Developer/Toolchains/XcodeDefault.xctoolchain/usr/lib/swift/iphonesimulator /Applications/Xcode.app/Contents/Developer/Platforms/iPhoneSimulator.platform/Developer/SDKs/iPhoneSimulator18.0.sdk/usr/lib/swift
               LINKER_DISPLAYS_MANGLED_NAMES = NO
               LINK_FILE_LIST_normal_arm64 = /Users/carl.stanley/sites/UKCPA/ukcpa_flutter/build/ios/Pods.build/Release-iphonesimulator/flutter_secure_storage-flutter_secure_storage.build/Objects-normal/arm64/flutter_secure_storage.LinkFileList
               LINK_FILE_LIST_normal_x86_64 = /Users/carl.stanley/sites/UKCPA/ukcpa_flutter/build/ios/Pods.build/Release-iphonesimulator/flutter_secure_storage-flutter_secure_storage.build/Objects-normal/x86_64/flutter_secure_storage.LinkFileList
               LINK_OBJC_RUNTIME = YES
               LINK_WITH_STANDARD_LIBRARIES = YES
               LLVM_TARGET_TRIPLE_OS_VERSION = ios13.0
               LLVM_TARGET_TRIPLE_SUFFIX = -simulator
               LLVM_TARGET_TRIPLE_VENDOR = apple
               LM_AUX_CONST_METADATA_LIST_PATH_normal_arm64 = /Users/carl.stanley/sites/UKCPA/ukcpa_flutter/build/ios/Pods.build/Release-iphonesimulator/flutter_secure_storage-flutter_secure_storage.build/Objects-normal/arm64/flutter_secure_storage.SwiftConstValuesFileList
               LM_AUX_CONST_METADATA_LIST_PATH_normal_x86_64 = /Users/carl.stanley/sites/UKCPA/ukcpa_flutter/build/ios/Pods.build/Release-iphonesimulator/flutter_secure_storage-flutter_secure_storage.build/Objects-normal/x86_64/flutter_secure_storage.SwiftConstValuesFileList
               LOCALIZATION_EXPORT_SUPPORTED = YES
               LOCALIZATION_PREFERS_STRING_CATALOGS = NO
               LOCALIZED_RESOURCES_FOLDER_PATH = flutter_secure_storage.bundle/en.lproj
               LOCALIZED_STRING_MACRO_NAMES = NSLocalizedString CFCopyLocalizedString
               LOCALIZED_STRING_SWIFTUI_SUPPORT = YES
               LOCAL_ADMIN_APPS_DIR = /Applications/Utilities
               LOCAL_APPS_DIR = /Applications
               LOCAL_DEVELOPER_DIR = /Library/Developer
               LOCAL_LIBRARY_DIR = /Library
               LOCROOT = /Users/carl.stanley/sites/UKCPA/ukcpa_flutter/ios/Pods
               LOCSYMROOT = /Users/carl.stanley/sites/UKCPA/ukcpa_flutter/ios/Pods
               MACH_O_TYPE = mh_bundle
               MAC_OS_X_PRODUCT_BUILD_VERSION = 24G84
               MAC_OS_X_VERSION_ACTUAL = 150600
               MAC_OS_X_VERSION_MAJOR = 150000
               MAC_OS_X_VERSION_MINOR = 150600
               MAKE_MERGEABLE = NO
               MERGEABLE_LIBRARY = NO
               MERGED_BINARY_TYPE = none
               MERGE_LINKED_LIBRARIES = NO
               METAL_LIBRARY_FILE_BASE = default
               METAL_LIBRARY_OUTPUT_DIR = /Users/carl.stanley/sites/UKCPA/ukcpa_flutter/build/ios/Release-iphonesimulator/flutter_secure_storage/flutter_secure_storage.bundle
               MODULES_FOLDER_PATH = flutter_secure_storage.bundle/Modules
               MTL_ENABLE_DEBUG_INFO = NO
               MTL_FAST_MATH = YES
               NATIVE_ARCH = arm64
               NATIVE_ARCH_32_BIT = arm
               NATIVE_ARCH_64_BIT = arm64
               NATIVE_ARCH_ACTUAL = arm64
               NO_COMMON = YES
               OBJC_ABI_VERSION = 2
               OBJECT_FILE_DIR = /Users/carl.stanley/sites/UKCPA/ukcpa_flutter/build/ios/Pods.build/Release-iphonesimulator/flutter_secure_storage-flutter_secure_storage.build/Objects
               OBJECT_FILE_DIR_normal = /Users/carl.stanley/sites/UKCPA/ukcpa_flutter/build/ios/Pods.build/Release-iphonesimulator/flutter_secure_storage-flutter_secure_storage.build/Objects-normal
               OBJROOT = /Users/carl.stanley/sites/UKCPA/ukcpa_flutter/build/ios
               ONLY_ACTIVE_ARCH = NO
               OS = MACOS
               OSAC = /usr/bin/osacompile
               OTHER_SWIFT_FLAGS =  -D COCOAPODS
               PACKAGE_TYPE = com.apple.package-type.wrapper
               PASCAL_STRINGS = YES
               PATH = /Applications/Xcode.app/Contents/SharedFrameworks/XCBuild.framework/Versions/A/PlugIns/XCBBuildService.bundle/Contents/PlugIns/XCBSpecifications.ideplugin/Contents/Resources:/Applications/Xcode.app/Contents/SharedFrameworks/XCBuild.framework/Versions/A/PlugIns/XCBBuildService.bundle/Contents/PlugIns/XCBSpecifications.ideplugin:/Applications/Xcode.app/Contents/Developer/Toolchains/XcodeDefault.xctoolchain/usr/bin:/Applications/Xcode.app/Contents/Developer/Toolchains/XcodeDefault.xctoolchain/usr/appleinternal/bin:/Applications/Xcode.app/Contents/Developer/Toolchains/XcodeDefault.xctoolchain/usr/local/bin:/Applications/Xcode.app/Contents/Developer/Toolchains/XcodeDefault.xctoolchain/usr/libexec:/Applications/Xcode.app/Contents/Developer/Platforms/iPhoneSimulator.platform/usr/bin:/Applications/Xcode.app/Contents/Developer/Platforms/iPhoneSimulator.platform/usr/appleinternal/bin:/Applications/Xcode.app/Contents/Developer/Platforms/iPhoneSimulator.platform/usr/local/bin:/Applications/Xcode.app/Contents/Developer/Platforms/iPhoneSimulator.platform/Developer/usr/bin:/Applications/Xcode.app/Contents/Developer/Platforms/iPhoneSimulator.platform/Developer/usr/local/bin:/Applications/Xcode.app/Contents/Developer/usr/bin:/Applications/Xcode.app/Contents/Developer/usr/local/bin:/opt/homebrew/Cellar/pyenv-virtualenv/1.2.4/shims:/Users/carl.stanley/.pyenv/shims:/Users/carl.stanley/.pyenv/bin:/Users/carl.stanley/.nvm/versions/node/v18.17.0/bin:/Users/carl.stanley/development/flutter/bin:/opt/homebrew/bin:/opt/homebrew/sbin:/Users/carl.stanley/.local/bin:/usr/local/bin:/System/Cryptexes/App/usr/bin:/usr/bin:/bin:/usr/sbin:/sbin:/var/run/com.apple.security.cryptexd/codex.system/bootstrap/usr/local/bin:/var/run/com.apple.security.cryptexd/codex.system/bootstrap/usr/bin:/var/run/com.apple.security.cryptexd/codex.system/bootstrap/usr/appleinternal/bin:/Library/Apple/usr/bin:/usr/local/sbin:/usr/local/go/bin:/Users/carl.stanley/.pub-cache/bin
               PATH_PREFIXES_EXCLUDED_FROM_HEADER_DEPENDENCIES = /usr/include /usr/local/include /System/Library/Frameworks /System/Library/PrivateFrameworks /Applications/Xcode.app/Contents/Developer/Headers /Applications/Xcode.app/Contents/Developer/SDKs /Applications/Xcode.app/Contents/Developer/Platforms
               PBDEVELOPMENTPLIST_PATH = flutter_secure_storage.bundle/pbdevelopment.plist
               PER_ARCH_OBJECT_FILE_DIR = /Users/carl.stanley/sites/UKCPA/ukcpa_flutter/build/ios/Pods.build/Release-iphonesimulator/flutter_secure_storage-flutter_secure_storage.build/Objects-normal/undefined_arch
               PER_VARIANT_OBJECT_FILE_DIR = /Users/carl.stanley/sites/UKCPA/ukcpa_flutter/build/ios/Pods.build/Release-iphonesimulator/flutter_secure_storage-flutter_secure_storage.build/Objects-normal
               PKGINFO_FILE_PATH = /Users/carl.stanley/sites/UKCPA/ukcpa_flutter/build/ios/Pods.build/Release-iphonesimulator/flutter_secure_storage-flutter_secure_storage.build/PkgInfo
               PKGINFO_PATH = flutter_secure_storage.bundle/PkgInfo
               PLATFORM_DEVELOPER_APPLICATIONS_DIR = /Applications/Xcode.app/Contents/Developer/Platforms/iPhoneSimulator.platform/Developer/Applications
               PLATFORM_DEVELOPER_BIN_DIR = /Applications/Xcode.app/Contents/Developer/Platforms/iPhoneSimulator.platform/Developer/usr/bin
               PLATFORM_DEVELOPER_LIBRARY_DIR = /Applications/Xcode.app/Contents/Developer/Platforms/iPhoneSimulator.platform/Developer/Library
               PLATFORM_DEVELOPER_SDK_DIR = /Applications/Xcode.app/Contents/Developer/Platforms/iPhoneSimulator.platform/Developer/SDKs
               PLATFORM_DEVELOPER_TOOLS_DIR = /Applications/Xcode.app/Contents/Developer/Platforms/iPhoneSimulator.platform/Developer/Tools
               PLATFORM_DEVELOPER_USR_DIR = /Applications/Xcode.app/Contents/Developer/Platforms/iPhoneSimulator.platform/Developer/usr
               PLATFORM_DIR = /Applications/Xcode.app/Contents/Developer/Platforms/iPhoneSimulator.platform
               PLATFORM_DISPLAY_NAME = iOS Simulator
               PLATFORM_FAMILY_NAME = iOS
               PLATFORM_NAME = iphonesimulator
               PLATFORM_PREFERRED_ARCH = x86_64
               PLATFORM_PRODUCT_BUILD_VERSION = 22A3362
               PLIST_FILE_OUTPUT_FORMAT = binary
               PLUGINS_FOLDER_PATH = flutter_secure_storage.bundle/PlugIns
               PODS_BUILD_DIR = /Users/carl.stanley/sites/UKCPA/ukcpa_flutter/build/ios
               PODS_CONFIGURATION_BUILD_DIR = /Users/carl.stanley/sites/UKCPA/ukcpa_flutter/build/ios/Release-iphonesimulator
               PODS_DEVELOPMENT_LANGUAGE = en
               PODS_ROOT = /Users/carl.stanley/sites/UKCPA/ukcpa_flutter/ios/Pods
               PODS_TARGET_SRCROOT = /Users/carl.stanley/sites/UKCPA/ukcpa_flutter/ios/Pods/../.symlinks/plugins/flutter_secure_storage/ios
               PODS_XCFRAMEWORKS_BUILD_DIR = /Users/carl.stanley/sites/UKCPA/ukcpa_flutter/build/ios/Release-iphonesimulator/XCFrameworkIntermediates
               PRECOMPS_INCLUDE_HEADERS_FROM_BUILT_PRODUCTS_DIR = YES
               PRECOMP_DESTINATION_DIR = /Users/carl.stanley/sites/UKCPA/ukcpa_flutter/build/ios/Pods.build/Release-iphonesimulator/flutter_secure_storage-flutter_secure_storage.build/PrefixHeaders
               PRIVATE_HEADERS_FOLDER_PATH = flutter_secure_storage.bundle/PrivateHeaders
               PROCESSED_INFOPLIST_PATH = /Users/carl.stanley/sites/UKCPA/ukcpa_flutter/build/ios/Pods.build/Release-iphonesimulator/flutter_secure_storage-flutter_secure_storage.build/Objects-normal/undefined_arch/Processed-Info.plist
               PRODUCT_BUNDLE_IDENTIFIER = org.cocoapods.flutter-secure-storage
               PRODUCT_BUNDLE_PACKAGE_TYPE = BNDL
               PRODUCT_MODULE_NAME = flutter_secure_storage
               PRODUCT_NAME = flutter_secure_storage
               PRODUCT_SETTINGS_PATH = /Users/carl.stanley/sites/UKCPA/ukcpa_flutter/ios/Pods/Target Support Files/flutter_secure_storage/ResourceBundle-flutter_secure_storage-flutter_secure_storage-Info.plist
               PRODUCT_TYPE = com.apple.product-type.bundle
               PROFILING_CODE = NO
               PROJECT = Pods
               PROJECT_DERIVED_FILE_DIR = /Users/carl.stanley/sites/UKCPA/ukcpa_flutter/build/ios/Pods.build/DerivedSources
               PROJECT_DIR = /Users/carl.stanley/sites/UKCPA/ukcpa_flutter/ios/Pods
               PROJECT_FILE_PATH = /Users/carl.stanley/sites/UKCPA/ukcpa_flutter/ios/Pods/Pods.xcodeproj
               PROJECT_GUID = bfdfe7dc352907fc980b868725387e98
               PROJECT_NAME = Pods
               PROJECT_TEMP_DIR = /Users/carl.stanley/sites/UKCPA/ukcpa_flutter/build/ios/Pods.build
               PROJECT_TEMP_ROOT = /Users/carl.stanley/sites/UKCPA/ukcpa_flutter/build/ios
               PUBLIC_HEADERS_FOLDER_PATH = flutter_secure_storage.bundle/Headers
               RECOMMENDED_IPHONEOS_DEPLOYMENT_TARGET = 15.0
               RECURSIVE_SEARCH_PATHS_FOLLOW_SYMLINKS = YES
               REMOVE_CVS_FROM_RESOURCES = YES
               REMOVE_GIT_FROM_RESOURCES = YES
               REMOVE_HEADERS_FROM_EMBEDDED_BUNDLES = YES
               REMOVE_HG_FROM_RESOURCES = YES
               REMOVE_STATIC_EXECUTABLES_FROM_EMBEDDED_BUNDLES = YES
               REMOVE_SVN_FROM_RESOURCES = YES
               RESCHEDULE_INDEPENDENT_HEADERS_PHASES = YES
               REZ_COLLECTOR_DIR = /Users/carl.stanley/sites/UKCPA/ukcpa_flutter/build/ios/Pods.build/Release-iphonesimulator/flutter_secure_storage-flutter_secure_storage.build/ResourceManagerResources
               REZ_OBJECTS_DIR = /Users/carl.stanley/sites/UKCPA/ukcpa_flutter/build/ios/Pods.build/Release-iphonesimulator/flutter_secure_storage-flutter_secure_storage.build/ResourceManagerResources/Objects
               REZ_SEARCH_PATHS = /Users/carl.stanley/sites/UKCPA/ukcpa_flutter/build/ios/Release-iphonesimulator/flutter_secure_storage 
               SCAN_ALL_SOURCE_FILES_FOR_INCLUDES = NO
               SCRIPTS_FOLDER_PATH = flutter_secure_storage.bundle/Scripts
               SDKROOT = /Applications/Xcode.app/Contents/Developer/Platforms/iPhoneSimulator.platform/Developer/SDKs/iPhoneSimulator18.0.sdk
               SDK_DIR = /Applications/Xcode.app/Contents/Developer/Platforms/iPhoneSimulator.platform/Developer/SDKs/iPhoneSimulator18.0.sdk
               SDK_DIR_iphonesimulator = /Applications/Xcode.app/Contents/Developer/Platforms/iPhoneSimulator.platform/Developer/SDKs/iPhoneSimulator18.0.sdk
               SDK_DIR_iphonesimulator18_0 = /Applications/Xcode.app/Contents/Developer/Platforms/iPhoneSimulator.platform/Developer/SDKs/iPhoneSimulator18.0.sdk
               SDK_NAME = iphonesimulator18.0
               SDK_NAMES = iphonesimulator18.0
               SDK_PRODUCT_BUILD_VERSION = 22A3362
               SDK_STAT_CACHE_DIR = /var/folders/20/skb3d8qx2hn9r9z8036y32g40000gp/C/com.apple.DeveloperTools/16.0-16A242d/Xcode
               SDK_STAT_CACHE_ENABLE = YES
               SDK_STAT_CACHE_PATH = /var/folders/20/skb3d8qx2hn9r9z8036y32g40000gp/C/com.apple.DeveloperTools/16.0-16A242d/Xcode/SDKStatCaches.noindex/iphonesimulator18.0-22A3362-db63dc9361471f152f572502bdbfe70a.sdkstatcache
               SDK_VERSION = 18.0
               SDK_VERSION_ACTUAL = 180000
               SDK_VERSION_MAJOR = 180000
               SDK_VERSION_MINOR = 180000
               SED = /usr/bin/sed
               SEPARATE_STRIP = NO
               SEPARATE_SYMBOL_EDIT = NO
               SET_DIR_MODE_OWNER_GROUP = YES
               SET_FILE_MODE_OWNER_GROUP = NO
               SHALLOW_BUNDLE = YES
               SHALLOW_BUNDLE_TRIPLE = ios-simulator
               SHALLOW_BUNDLE_ios_macabi = NO
               SHALLOW_BUNDLE_macos = NO
               SHARED_DERIVED_FILE_DIR = /Users/carl.stanley/sites/UKCPA/ukcpa_flutter/build/ios/Release-iphonesimulator/flutter_secure_storage/DerivedSources
               SHARED_FRAMEWORKS_FOLDER_PATH = flutter_secure_storage.bundle/SharedFrameworks
               SHARED_PRECOMPS_DIR = /Users/carl.stanley/sites/UKCPA/ukcpa_flutter/build/ios/SharedPrecompiledHeaders
               SHARED_SUPPORT_FOLDER_PATH = flutter_secure_storage.bundle/SharedSupport
               SKIP_INSTALL = YES
               SOURCE_ROOT = /Users/carl.stanley/sites/UKCPA/ukcpa_flutter/ios/Pods
               SRCROOT = /Users/carl.stanley/sites/UKCPA/ukcpa_flutter/ios/Pods
               STRINGSDATA_DIR = /Users/carl.stanley/sites/UKCPA/ukcpa_flutter/build/ios/Pods.build/Release-iphonesimulator/flutter_secure_storage-flutter_secure_storage.build/Objects-normal/undefined_arch
               STRINGSDATA_ROOT = /Users/carl.stanley/sites/UKCPA/ukcpa_flutter/build/ios/Pods.build/Release-iphonesimulator/flutter_secure_storage-flutter_secure_storage.build
               STRINGS_FILE_INFOPLIST_RENAME = YES
               STRINGS_FILE_OUTPUT_ENCODING = binary
               STRIP_BITCODE_FROM_COPIED_FILES = NO
               STRIP_INSTALLED_PRODUCT = NO
               STRIP_STYLE = non-global
               STRIP_SWIFT_SYMBOLS = YES
               SUPPORTED_DEVICE_FAMILIES = 1,2
               SUPPORTED_PLATFORMS = iphoneos iphonesimulator
               SUPPORTS_TEXT_BASED_API = NO
               SUPPRESS_WARNINGS = NO
               SWIFT_COMPILATION_MODE = wholemodule
               SWIFT_EMIT_LOC_STRINGS = NO
               SWIFT_OPTIMIZATION_LEVEL = -O
               SWIFT_PLATFORM_TARGET_PREFIX = ios
               SWIFT_RESPONSE_FILE_PATH_normal_arm64 = /Users/carl.stanley/sites/UKCPA/ukcpa_flutter/build/ios/Pods.build/Release-iphonesimulator/flutter_secure_storage-flutter_secure_storage.build/Objects-normal/arm64/flutter_secure_storage.SwiftFileList
               SWIFT_RESPONSE_FILE_PATH_normal_x86_64 = /Users/carl.stanley/sites/UKCPA/ukcpa_flutter/build/ios/Pods.build/Release-iphonesimulator/flutter_secure_storage-flutter_secure_storage.build/Objects-normal/x86_64/flutter_secure_storage.SwiftFileList
               SWIFT_VERSION = 5.0
               SYMROOT = /Users/carl.stanley/sites/UKCPA/ukcpa_flutter/ios/build
               SYSTEM_ADMIN_APPS_DIR = /Applications/Utilities
               SYSTEM_APPS_DIR = /Applications
               SYSTEM_CORE_SERVICES_DIR = /System/Library/CoreServices
               SYSTEM_DEMOS_DIR = /Applications/Extras
               SYSTEM_DEVELOPER_APPS_DIR = /Applications/Xcode.app/Contents/Developer/Applications
               SYSTEM_DEVELOPER_BIN_DIR = /Applications/Xcode.app/Contents/Developer/usr/bin
               SYSTEM_DEVELOPER_DEMOS_DIR = /Applications/Xcode.app/Contents/Developer/Applications/Utilities/Built Examples
               SYSTEM_DEVELOPER_DIR = /Applications/Xcode.app/Contents/Developer
               SYSTEM_DEVELOPER_DOC_DIR = /Applications/Xcode.app/Contents/Developer/ADC Reference Library
               SYSTEM_DEVELOPER_GRAPHICS_TOOLS_DIR = /Applications/Xcode.app/Contents/Developer/Applications/Graphics Tools
               SYSTEM_DEVELOPER_JAVA_TOOLS_DIR = /Applications/Xcode.app/Contents/Developer/Applications/Java Tools
               SYSTEM_DEVELOPER_PERFORMANCE_TOOLS_DIR = /Applications/Xcode.app/Contents/Developer/Applications/Performance Tools
               SYSTEM_DEVELOPER_RELEASENOTES_DIR = /Applications/Xcode.app/Contents/Developer/ADC Reference Library/releasenotes
               SYSTEM_DEVELOPER_TOOLS = /Applications/Xcode.app/Contents/Developer/Tools
               SYSTEM_DEVELOPER_TOOLS_DOC_DIR = /Applications/Xcode.app/Contents/Developer/ADC Reference Library/documentation/DeveloperTools
               SYSTEM_DEVELOPER_TOOLS_RELEASENOTES_DIR = /Applications/Xcode.app/Contents/Developer/ADC Reference Library/releasenotes/DeveloperTools
               SYSTEM_DEVELOPER_USR_DIR = /Applications/Xcode.app/Contents/Developer/usr
               SYSTEM_DEVELOPER_UTILITIES_DIR = /Applications/Xcode.app/Contents/Developer/Applications/Utilities
               SYSTEM_DEXT_INSTALL_PATH = /System/Library/DriverExtensions
               SYSTEM_DOCUMENTATION_DIR = /Library/Documentation
               SYSTEM_EXTENSIONS_FOLDER_PATH = flutter_secure_storage.bundle/SystemExtensions
               SYSTEM_EXTENSIONS_FOLDER_PATH_SHALLOW_BUNDLE_NO = flutter_secure_storage.bundle/Library/SystemExtensions
               SYSTEM_EXTENSIONS_FOLDER_PATH_SHALLOW_BUNDLE_YES = flutter_secure_storage.bundle/SystemExtensions
               SYSTEM_KEXT_INSTALL_PATH = /System/Library/Extensions
               SYSTEM_LIBRARY_DIR = /System/Library
               TAPI_DEMANGLE = YES
               TAPI_ENABLE_PROJECT_HEADERS = NO
               TAPI_LANGUAGE = objective-c
               TAPI_LANGUAGE_STANDARD = compiler-default
               TAPI_USE_SRCROOT = YES
               TAPI_VERIFY_MODE = Pedantic
               TARGETED_DEVICE_FAMILY = 1,2
               TARGETNAME = flutter_secure_storage-flutter_secure_storage
               TARGET_BUILD_DIR = /Users/carl.stanley/sites/UKCPA/ukcpa_flutter/build/ios/Release-iphonesimulator/flutter_secure_storage
               TARGET_NAME = flutter_secure_storage-flutter_secure_storage
               TARGET_TEMP_DIR = /Users/carl.stanley/sites/UKCPA/ukcpa_flutter/build/ios/Pods.build/Release-iphonesimulator/flutter_secure_storage-flutter_secure_storage.build
               TEMP_DIR = /Users/carl.stanley/sites/UKCPA/ukcpa_flutter/build/ios/Pods.build/Release-iphonesimulator/flutter_secure_storage-flutter_secure_storage.build
               TEMP_FILES_DIR = /Users/carl.stanley/sites/UKCPA/ukcpa_flutter/build/ios/Pods.build/Release-iphonesimulator/flutter_secure_storage-flutter_secure_storage.build
               TEMP_FILE_DIR = /Users/carl.stanley/sites/UKCPA/ukcpa_flutter/build/ios/Pods.build/Release-iphonesimulator/flutter_secure_storage-flutter_secure_storage.build
               TEMP_ROOT = /Users/carl.stanley/sites/UKCPA/ukcpa_flutter/build/ios
               TEST_FRAMEWORK_SEARCH_PATHS =  /Applications/Xcode.app/Contents/Developer/Platforms/iPhoneSimulator.platform/Developer/Library/Frameworks /Applications/Xcode.app/Contents/Developer/Platforms/iPhoneSimulator.platform/Developer/SDKs/iPhoneSimulator18.0.sdk/Developer/Library/Frameworks
               TEST_LIBRARY_SEARCH_PATHS =  /Applications/Xcode.app/Contents/Developer/Platforms/iPhoneSimulator.platform/Developer/usr/lib
               TOOLCHAINS = com.apple.dt.toolchain.XcodeDefault
               TOOLCHAIN_DIR = /Applications/Xcode.app/Contents/Developer/Toolchains/XcodeDefault.xctoolchain
               TREAT_MISSING_BASELINES_AS_TEST_FAILURES = NO
               TREAT_MISSING_SCRIPT_PHASE_OUTPUTS_AS_ERRORS = NO
               UID = 502
               UNINSTALLED_PRODUCTS_DIR = /Users/carl.stanley/sites/UKCPA/ukcpa_flutter/build/ios/UninstalledProducts
               UNLOCALIZED_RESOURCES_FOLDER_PATH = flutter_secure_storage.bundle
               UNLOCALIZED_RESOURCES_FOLDER_PATH_SHALLOW_BUNDLE_NO = flutter_secure_storage.bundle/Resources
               UNLOCALIZED_RESOURCES_FOLDER_PATH_SHALLOW_BUNDLE_YES = flutter_secure_storage.bundle
               UNSTRIPPED_PRODUCT = NO
               USER = carl.stanley
               USER_APPS_DIR = /Users/carl.stanley/Applications
               USER_LIBRARY_DIR = /Users/carl.stanley/Library
               USE_DYNAMIC_NO_PIC = YES
               USE_HEADERMAP = YES
               USE_HEADER_SYMLINKS = NO
               USE_RECURSIVE_SCRIPT_INPUTS_IN_SCRIPT_PHASES = YES
               VALIDATE_DEVELOPMENT_ASSET_PATHS = YES_ERROR
               VALIDATE_PRODUCT = NO
               VALID_ARCHS = arm64 arm64e i386 x86_64
               VERBOSE_PBXCP = NO
               VERSIONPLIST_PATH = flutter_secure_storage.bundle/version.plist
               VERSION_INFO_BUILDER = carl.stanley
               VERSION_INFO_FILE = flutter_secure_storage_vers.c
               VERSION_INFO_STRING = "@(#)PROGRAM:flutter_secure_storage  PROJECT:Pods-"
               WORKSPACE_DIR = /Users/carl.stanley/sites/UKCPA/ukcpa_flutter/ios/Pods/Pods.xcodeproj
               WRAPPER_EXTENSION = bundle
               WRAPPER_NAME = flutter_secure_storage.bundle
               WRAPPER_SUFFIX = .bundle
               WRAP_ASSET_PACKS_IN_SEPARATE_DIRECTORIES = NO
               XCODE_APP_SUPPORT_DIR = /Applications/Xcode.app/Contents/Developer/Library/Xcode
               XCODE_PRODUCT_BUILD_VERSION = 16A242d
               XCODE_VERSION_ACTUAL = 1600
               XCODE_VERSION_MAJOR = 1600
               XCODE_VERSION_MINOR = 1600
               XPCSERVICES_FOLDER_PATH = flutter_secure_storage.bundle/XPCServices
               YACC = yacc
               _WRAPPER_CONTENTS_DIR_SHALLOW_BUNDLE_NO = /Contents
               _WRAPPER_PARENT_PATH_SHALLOW_BUNDLE_NO = /..
               _WRAPPER_RESOURCES_DIR_SHALLOW_BUNDLE_NO = /Resources
               arch = undefined_arch
               variant = normal

           Build settings for action build and target image_cropper:
               ACTION = build
               AD_HOC_CODE_SIGNING_ALLOWED = YES
               ALLOW_BUILD_REQUEST_OVERRIDES = NO
               ALLOW_TARGET_PLATFORM_SPECIALIZATION = NO
               ALTERNATE_GROUP = staff
               ALTERNATE_MODE = u+w,go-w,a+rX
               ALTERNATE_OWNER = carl.stanley
               ALTERNATIVE_DISTRIBUTION_WEB = NO
               ALWAYS_EMBED_SWIFT_STANDARD_LIBRARIES = NO
               ALWAYS_SEARCH_USER_PATHS = NO
               ALWAYS_USE_SEPARATE_HEADERMAPS = NO
               APPLE_INTERNAL_DEVELOPER_DIR = /AppleInternal/Developer
               APPLE_INTERNAL_DIR = /AppleInternal
               APPLE_INTERNAL_DOCUMENTATION_DIR = /AppleInternal/Documentation
               APPLE_INTERNAL_LIBRARY_DIR = /AppleInternal/Library
               APPLE_INTERNAL_TOOLS = /AppleInternal/Developer/Tools
               APPLICATION_EXTENSION_API_ONLY = NO
               APPLY_RULES_IN_COPY_FILES = NO
               APPLY_RULES_IN_COPY_HEADERS = NO
               APP_SHORTCUTS_ENABLE_FLEXIBLE_MATCHING = YES
               ARCHS = arm64 x86_64
               ARCHS_STANDARD = arm64 x86_64
               ARCHS_STANDARD_32_64_BIT = arm64 i386 x86_64
               ARCHS_STANDARD_32_BIT = i386
               ARCHS_STANDARD_64_BIT = arm64 x86_64
               ARCHS_STANDARD_INCLUDING_64_BIT = arm64 x86_64
               ARCHS_UNIVERSAL_IPHONE_OS = arm64 i386 x86_64
               ASSETCATALOG_COMPILER_GENERATE_ASSET_SYMBOLS = YES
               AUTOMATICALLY_MERGE_DEPENDENCIES = NO
               AVAILABLE_PLATFORMS = appletvos appletvsimulator driverkit iphoneos iphonesimulator macosx watchos watchsimulator xros xrsimulator
               BITCODE_GENERATION_MODE = marker
               BUILD_ACTIVE_RESOURCES_ONLY = NO
               BUILD_COMPONENTS = headers build
               BUILD_DIR = /Users/carl.stanley/sites/UKCPA/ukcpa_flutter/build/ios
               BUILD_LIBRARY_FOR_DISTRIBUTION = NO
               BUILD_ROOT = /Users/carl.stanley/sites/UKCPA/ukcpa_flutter/ios/build
               BUILD_STYLE = 
               BUILD_VARIANTS = normal
               BUILT_PRODUCTS_DIR = /Users/carl.stanley/sites/UKCPA/ukcpa_flutter/build/ios/Release-iphonesimulator/image_cropper
               BUNDLE_CONTENTS_FOLDER_PATH_deep = Contents/
               BUNDLE_EXECUTABLE_FOLDER_NAME_deep = MacOS
               BUNDLE_EXTENSIONS_FOLDER_PATH = Extensions
               BUNDLE_FORMAT = shallow
               BUNDLE_FRAMEWORKS_FOLDER_PATH = Frameworks
               BUNDLE_PLUGINS_FOLDER_PATH = PlugIns
               BUNDLE_PRIVATE_HEADERS_FOLDER_PATH = PrivateHeaders
               BUNDLE_PUBLIC_HEADERS_FOLDER_PATH = Headers
               CACHE_ROOT = /var/folders/20/skb3d8qx2hn9r9z8036y32g40000gp/C/com.apple.DeveloperTools/16.0-16A242d/Xcode
               CCHROOT = /var/folders/20/skb3d8qx2hn9r9z8036y32g40000gp/C/com.apple.DeveloperTools/16.0-16A242d/Xcode
               CHMOD = /bin/chmod
               CHOWN = /usr/sbin/chown
               CLANG_ANALYZER_LOCALIZABILITY_NONLOCALIZED = YES
               CLANG_ANALYZER_NONNULL = YES
               CLANG_ANALYZER_NUMBER_OBJECT_CONVERSION = YES_AGGRESSIVE
               CLANG_CACHE_FINE_GRAINED_OUTPUTS = YES
               CLANG_CXX_LANGUAGE_STANDARD = gnu++14
               CLANG_CXX_LIBRARY = libc++
               CLANG_ENABLE_EXPLICIT_MODULES = YES
               CLANG_ENABLE_MODULES = YES
               CLANG_ENABLE_OBJC_ARC = YES
               CLANG_ENABLE_OBJC_WEAK = NO
               CLANG_MODULES_BUILD_SESSION_FILE = /var/folders/20/skb3d8qx2hn9r9z8036y32g40000gp/C/org.llvm.clang/ModuleCache.noindex/Session.modulevalidation
               CLANG_WARN_BLOCK_CAPTURE_AUTORELEASING = YES
               CLANG_WARN_BOOL_CONVERSION = YES
               CLANG_WARN_COMMA = YES
               CLANG_WARN_CONSTANT_CONVERSION = YES
               CLANG_WARN_DEPRECATED_OBJC_IMPLEMENTATIONS = YES
               CLANG_WARN_DIRECT_OBJC_ISA_USAGE = YES_ERROR
               CLANG_WARN_DOCUMENTATION_COMMENTS = YES
               CLANG_WARN_EMPTY_BODY = YES
               CLANG_WARN_ENUM_CONVERSION = YES
               CLANG_WARN_INFINITE_RECURSION = YES
               CLANG_WARN_INT_CONVERSION = YES
               CLANG_WARN_NON_LITERAL_NULL_CONVERSION = YES
               CLANG_WARN_OBJC_IMPLICIT_RETAIN_SELF = YES
               CLANG_WARN_OBJC_LITERAL_CONVERSION = YES
               CLANG_WARN_OBJC_ROOT_CLASS = YES_ERROR
               CLANG_WARN_QUOTED_INCLUDE_IN_FRAMEWORK_HEADER = NO
               CLANG_WARN_RANGE_LOOP_ANALYSIS = YES
               CLANG_WARN_STRICT_PROTOTYPES = YES
               CLANG_WARN_SUSPICIOUS_MOVE = YES
               CLANG_WARN_UNGUARDED_AVAILABILITY = YES_AGGRESSIVE
               CLANG_WARN_UNREACHABLE_CODE = YES
               CLANG_WARN__DUPLICATE_METHOD_MATCH = YES
               CLASS_FILE_DIR = /Users/carl.stanley/sites/UKCPA/ukcpa_flutter/build/ios/Pods.build/Release-iphonesimulator/image_cropper.build/JavaClasses
               CLEAN_PRECOMPS = YES
               CLONE_HEADERS = NO
               CODESIGNING_FOLDER_PATH = /Users/carl.stanley/sites/UKCPA/ukcpa_flutter/build/ios/Release-iphonesimulator/image_cropper/image_cropper.framework
               CODE_SIGNING_ALLOWED = YES
               CODE_SIGNING_REQUIRED = NO
               CODE_SIGNING_REQUIRES_TEAM = YES
               CODE_SIGN_CONTEXT_CLASS = XCiPhoneSimulatorCodeSignContext
               CODE_SIGN_IDENTITY = -
               CODE_SIGN_INJECT_BASE_ENTITLEMENTS = YES
               COLOR_DIAGNOSTICS = NO
               COMBINE_HIDPI_IMAGES = NO
               COMPILATION_CACHE_CAS_PATH = /var/folders/20/skb3d8qx2hn9r9z8036y32g40000gp/C/com.apple.DeveloperTools/16.0-16A242d/Xcode/CompilationCache.noindex
               COMPILATION_CACHE_KEEP_CAS_DIRECTORY = YES
               COMPILER_INDEX_STORE_ENABLE = Default
               COMPOSITE_SDK_DIRS = /Users/carl.stanley/sites/UKCPA/ukcpa_flutter/build/ios/CompositeSDKs
               COMPRESS_PNG_FILES = YES
               CONFIGURATION = Release
               CONFIGURATION_BUILD_DIR = /Users/carl.stanley/sites/UKCPA/ukcpa_flutter/build/ios/Release-iphonesimulator/image_cropper
               CONFIGURATION_TEMP_DIR = /Users/carl.stanley/sites/UKCPA/ukcpa_flutter/build/ios/Pods.build/Release-iphonesimulator
               CONTENTS_FOLDER_PATH = image_cropper.framework
               CONTENTS_FOLDER_PATH_SHALLOW_BUNDLE_NO = image_cropper.framework/A
               CONTENTS_FOLDER_PATH_SHALLOW_BUNDLE_YES = image_cropper.framework
               COPYING_PRESERVES_HFS_DATA = NO
               COPY_HEADERS_RUN_UNIFDEF = NO
               COPY_PHASE_STRIP = NO
               CORRESPONDING_DEVICE_PLATFORM_DIR = /Applications/Xcode.app/Contents/Developer/Platforms/iPhoneOS.platform
               CORRESPONDING_DEVICE_PLATFORM_NAME = iphoneos
               CORRESPONDING_DEVICE_SDK_DIR = /Applications/Xcode.app/Contents/Developer/Platforms/iPhoneOS.platform/Developer/SDKs/iPhoneOS18.0.sdk
               CORRESPONDING_DEVICE_SDK_NAME = iphoneos18.0
               CP = /bin/cp
               CREATE_INFOPLIST_SECTION_IN_BINARY = NO
               CURRENT_ARCH = undefined_arch
               CURRENT_PROJECT_VERSION = 1
               CURRENT_VARIANT = normal
               CURRENT_VERSION = Current
               DEAD_CODE_STRIPPING = YES
               DEBUGGING_SYMBOLS = YES
               DEBUG_INFORMATION_FORMAT = dwarf-with-dsym
               DEBUG_INFORMATION_VERSION = compiler-default
               DEFAULT_COMPILER = com.apple.compilers.llvm.clang.1_0
               DEFAULT_DEXT_INSTALL_PATH = /System/Library/DriverExtensions
               DEFAULT_KEXT_INSTALL_PATH = /System/Library/Extensions
               DEFINES_MODULE = YES
               DEPLOYMENT_LOCATION = NO
               DEPLOYMENT_POSTPROCESSING = NO
               DEPLOYMENT_TARGET_SETTING_NAME = IPHONEOS_DEPLOYMENT_TARGET
               DEPLOYMENT_TARGET_SUGGESTED_VALUES = 12.0 12.1 12.2 12.3 12.4 13.0 13.1 13.2 13.3 13.4 13.5 13.6 14.0 14.1 14.2 14.3 14.4 14.5 14.6 14.7 15.0 15.1 15.2 15.3 15.4 15.5 15.6 16.0 16.1 16.2 16.3 16.4 16.5 16.6 17.0 17.1 17.2 17.3 17.4 17.5 17.6 18.0
               DERIVED_FILES_DIR = /Users/carl.stanley/sites/UKCPA/ukcpa_flutter/build/ios/Pods.build/Release-iphonesimulator/image_cropper.build/DerivedSources
               DERIVED_FILE_DIR = /Users/carl.stanley/sites/UKCPA/ukcpa_flutter/build/ios/Pods.build/Release-iphonesimulator/image_cropper.build/DerivedSources
               DERIVED_SOURCES_DIR = /Users/carl.stanley/sites/UKCPA/ukcpa_flutter/build/ios/Pods.build/Release-iphonesimulator/image_cropper.build/DerivedSources
               DEVELOPER_APPLICATIONS_DIR = /Applications/Xcode.app/Contents/Developer/Applications
               DEVELOPER_BIN_DIR = /Applications/Xcode.app/Contents/Developer/usr/bin
               DEVELOPER_DIR = /Applications/Xcode.app/Contents/Developer
               DEVELOPER_FRAMEWORKS_DIR = /Applications/Xcode.app/Contents/Developer/Library/Frameworks
               DEVELOPER_FRAMEWORKS_DIR_QUOTED = /Applications/Xcode.app/Contents/Developer/Library/Frameworks
               DEVELOPER_LIBRARY_DIR = /Applications/Xcode.app/Contents/Developer/Library
               DEVELOPER_SDK_DIR = /Applications/Xcode.app/Contents/Developer/Platforms/MacOSX.platform/Developer/SDKs
               DEVELOPER_TOOLS_DIR = /Applications/Xcode.app/Contents/Developer/Tools
               DEVELOPER_USR_DIR = /Applications/Xcode.app/Contents/Developer/usr
               DEVELOPMENT_LANGUAGE = en
               DIFF = /usr/bin/diff
               DOCUMENTATION_FOLDER_PATH = image_cropper.framework/en.lproj/Documentation
               DONT_GENERATE_INFOPLIST_FILE = NO
               DSTROOT = /tmp/Pods.dst
               DT_TOOLCHAIN_DIR = /Applications/Xcode.app/Contents/Developer/Toolchains/XcodeDefault.xctoolchain
               DWARF_DSYM_FILE_NAME = image_cropper.framework.dSYM
               DWARF_DSYM_FILE_SHOULD_ACCOMPANY_PRODUCT = NO
               DWARF_DSYM_FOLDER_PATH = /Users/carl.stanley/sites/UKCPA/ukcpa_flutter/build/ios/Release-iphonesimulator/image_cropper
               DYLIB_COMPATIBILITY_VERSION = 1
               DYLIB_CURRENT_VERSION = 1
               DYLIB_INSTALL_NAME_BASE = @rpath
               DYNAMIC_LIBRARY_EXTENSION = dylib
               EAGER_COMPILATION_ALLOW_SCRIPTS = NO
               EAGER_LINKING = NO
               EFFECTIVE_PLATFORM_NAME = -iphonesimulator
               EMBEDDED_CONTENT_CONTAINS_SWIFT = NO
               EMBED_ASSET_PACKS_IN_PRODUCT_BUNDLE = NO
               ENABLE_APP_SANDBOX = NO
               ENABLE_BITCODE = NO
               ENABLE_CODE_COVERAGE = YES
               ENABLE_DEFAULT_HEADER_SEARCH_PATHS = YES
               ENABLE_DEFAULT_SEARCH_PATHS = YES
               ENABLE_HARDENED_RUNTIME = NO
               ENABLE_HEADER_DEPENDENCIES = YES
               ENABLE_MODULE_VERIFIER = NO
               ENABLE_NS_ASSERTIONS = NO
               ENABLE_ON_DEMAND_RESOURCES = NO
               ENABLE_STRICT_OBJC_MSGSEND = YES
               ENABLE_TESTABILITY = NO
               ENABLE_TESTING_SEARCH_PATHS = NO
               ENABLE_USER_SCRIPT_SANDBOXING = NO
               ENTITLEMENTS_DESTINATION = __entitlements
               ENTITLEMENTS_REQUIRED = NO
               EXCLUDED_ARCHS =  i386
               EXCLUDED_INSTALLSRC_SUBDIRECTORY_PATTERNS = .DS_Store .svn .git .hg CVS
               EXCLUDED_RECURSIVE_SEARCH_PATH_SUBDIRECTORIES = *.nib *.lproj *.framework *.gch *.xcode* *.xcassets (*) .DS_Store CVS .svn .git .hg *.pbproj *.pbxproj
               EXECUTABLES_FOLDER_PATH = image_cropper.framework/en.lproj
               EXECUTABLE_FOLDER_PATH = image_cropper.framework
               EXECUTABLE_FOLDER_PATH_SHALLOW_BUNDLE_NO = image_cropper.framework
               EXECUTABLE_FOLDER_PATH_SHALLOW_BUNDLE_YES = image_cropper.framework
               EXECUTABLE_NAME = image_cropper
               EXECUTABLE_PATH = image_cropper.framework/image_cropper
               EXTENSIONS_FOLDER_PATH = image_cropper.framework/Extensions
               FILE_LIST = /Users/carl.stanley/sites/UKCPA/ukcpa_flutter/build/ios/Pods.build/Release-iphonesimulator/image_cropper.build/Objects/LinkFileList
               FIXED_FILES_DIR = /Users/carl.stanley/sites/UKCPA/ukcpa_flutter/build/ios/Pods.build/Release-iphonesimulator/image_cropper.build/FixedFiles
               FRAMEWORKS_FOLDER_PATH = image_cropper.framework/Frameworks
               FRAMEWORK_FLAG_PREFIX = -framework
               FRAMEWORK_SEARCH_PATHS = /Users/carl.stanley/sites/UKCPA/ukcpa_flutter/build/ios/Release-iphonesimulator/image_cropper "/Users/carl.stanley/development/flutter/bin/cache/artifacts/engine/ios-release/Flutter.xcframework/ios-arm64_x86_64-simulator"  "/Users/carl.stanley/sites/UKCPA/ukcpa_flutter/build/ios/Release-iphonesimulator/TOCropViewController"
               FRAMEWORK_VERSION = A
               FULL_PRODUCT_NAME = image_cropper.framework
               FUSE_BUILD_PHASES = YES
               FUSE_BUILD_SCRIPT_PHASES = NO
               GCC3_VERSION = 3.3
               GCC_C_LANGUAGE_STANDARD = gnu11
               GCC_INLINES_ARE_PRIVATE_EXTERN = YES
               GCC_NO_COMMON_BLOCKS = YES
               GCC_OBJC_LEGACY_DISPATCH = YES
               GCC_PFE_FILE_C_DIALECTS = c objective-c c++ objective-c++
               GCC_PREFIX_HEADER = Target Support Files/image_cropper/image_cropper-prefix.pch
               GCC_PREPROCESSOR_DEFINITIONS = POD_CONFIGURATION_RELEASE=1  COCOAPODS=1
               GCC_TREAT_WARNINGS_AS_ERRORS = NO
               GCC_VERSION = com.apple.compilers.llvm.clang.1_0
               GCC_VERSION_IDENTIFIER = com_apple_compilers_llvm_clang_1_0
               GCC_WARN_64_TO_32_BIT_CONVERSION = YES
               GCC_WARN_ABOUT_RETURN_TYPE = YES_ERROR
               GCC_WARN_UNDECLARED_SELECTOR = YES
               GCC_WARN_UNINITIALIZED_AUTOS = YES_AGGRESSIVE
               GCC_WARN_UNUSED_FUNCTION = YES
               GCC_WARN_UNUSED_VARIABLE = YES
               GENERATED_MODULEMAP_DIR = /Users/carl.stanley/sites/UKCPA/ukcpa_flutter/build/ios/GeneratedModuleMaps-iphonesimulator
               GENERATE_INFOPLIST_FILE = NO
               GENERATE_INTERMEDIATE_TEXT_BASED_STUBS = YES
               GENERATE_MASTER_OBJECT_FILE = NO
               GENERATE_PKGINFO_FILE = NO
               GENERATE_PROFILING_CODE = NO
               GENERATE_TEXT_BASED_STUBS = NO
               GID = 20
               GROUP = staff
               HEADERMAP_INCLUDES_FLAT_ENTRIES_FOR_TARGET_BEING_BUILT = YES
               HEADERMAP_INCLUDES_FRAMEWORK_ENTRIES_FOR_ALL_PRODUCT_TYPES = YES
               HEADERMAP_INCLUDES_FRAMEWORK_ENTRIES_FOR_TARGETS_NOT_BEING_BUILT = YES
               HEADERMAP_INCLUDES_NONPUBLIC_NONPRIVATE_HEADERS = YES
               HEADERMAP_INCLUDES_PROJECT_HEADERS = YES
               HEADERMAP_USES_FRAMEWORK_PREFIX_ENTRIES = YES
               HEADERMAP_USES_VFS = YES
               HEADER_SEARCH_PATHS = /Users/carl.stanley/sites/UKCPA/ukcpa_flutter/build/ios/Release-iphonesimulator/image_cropper/include 
               HIDE_BITCODE_SYMBOLS = YES
               HOME = /Users/carl.stanley
               HOST_ARCH = arm64
               HOST_PLATFORM = macosx
               ICONV = /usr/bin/iconv
               IMPLICIT_DEPENDENCY_DOMAIN = default
               INFOPLIST_ENABLE_CFBUNDLEICONS_MERGE = YES
               INFOPLIST_EXPAND_BUILD_SETTINGS = YES
               INFOPLIST_FILE = Target Support Files/image_cropper/image_cropper-Info.plist
               INFOPLIST_OUTPUT_FORMAT = binary
               INFOPLIST_PATH = image_cropper.framework/Info.plist
               INFOPLIST_PREPROCESS = NO
               INFOSTRINGS_PATH = image_cropper.framework/en.lproj/InfoPlist.strings
               INLINE_PRIVATE_FRAMEWORKS = NO
               INSTALLHDRS_COPY_PHASE = NO
               INSTALLHDRS_SCRIPT_PHASE = NO
               INSTALL_DIR = /tmp/Pods.dst/Library/Frameworks
               INSTALL_GROUP = staff
               INSTALL_MODE_FLAG = u+w,go-w,a+rX
               INSTALL_OWNER = carl.stanley
               INSTALL_PATH = /Library/Frameworks
               INSTALL_ROOT = /tmp/Pods.dst
               IPHONEOS_DEPLOYMENT_TARGET = 13.0
               IS_UNOPTIMIZED_BUILD = NO
               JAVAC_DEFAULT_FLAGS = -J-Xms64m -J-XX:NewSize=4M -J-Dfile.encoding=UTF8
               JAVA_APP_STUB = /System/Library/Frameworks/JavaVM.framework/Resources/MacOS/JavaApplicationStub
               JAVA_ARCHIVE_CLASSES = YES
               JAVA_ARCHIVE_TYPE = JAR
               JAVA_COMPILER = /usr/bin/javac
               JAVA_FOLDER_PATH = image_cropper.framework/Java
               JAVA_FRAMEWORK_RESOURCES_DIRS = Resources
               JAVA_JAR_FLAGS = cv
               JAVA_SOURCE_SUBDIR = .
               JAVA_USE_DEPENDENCIES = YES
               JAVA_ZIP_FLAGS = -urg
               JIKES_DEFAULT_FLAGS = +E +OLDCSO
               KEEP_PRIVATE_EXTERNS = NO
               LD_DEPENDENCY_INFO_FILE = /Users/carl.stanley/sites/UKCPA/ukcpa_flutter/build/ios/Pods.build/Release-iphonesimulator/image_cropper.build/Objects-normal/undefined_arch/image_cropper_dependency_info.dat
               LD_DYLIB_INSTALL_NAME = @rpath/image_cropper.framework/image_cropper
               LD_EXPORT_SYMBOLS = YES
               LD_GENERATE_MAP_FILE = NO
               LD_MAP_FILE_PATH = /Users/carl.stanley/sites/UKCPA/ukcpa_flutter/build/ios/Pods.build/Release-iphonesimulator/image_cropper.build/image_cropper-LinkMap-normal-undefined_arch.txt
               LD_NO_PIE = NO
               LD_QUOTE_LINKER_ARGUMENTS_FOR_COMPILER_DRIVER = YES
               LD_RUNPATH_SEARCH_PATHS =  @executable_path/Frameworks @loader_path/Frameworks
               LD_SHARED_CACHE_ELIGIBLE = Automatic
               LD_WARN_DUPLICATE_LIBRARIES = NO
               LD_WARN_UNUSED_DYLIBS = NO
               LEGACY_DEVELOPER_DIR = /Applications/Xcode.app/Contents/PlugIns/Xcode3Core.ideplugin/Contents/SharedSupport/Developer
               LEX = lex
               LIBRARY_DEXT_INSTALL_PATH = /Library/DriverExtensions
               LIBRARY_FLAG_NOSPACE = YES
               LIBRARY_FLAG_PREFIX = -l
               LIBRARY_KEXT_INSTALL_PATH = /Library/Extensions
               LIBRARY_SEARCH_PATHS = /Users/carl.stanley/sites/UKCPA/ukcpa_flutter/build/ios/Release-iphonesimulator/image_cropper 
               LINKER_DISPLAYS_MANGLED_NAMES = NO
               LINK_FILE_LIST_normal_arm64 = /Users/carl.stanley/sites/UKCPA/ukcpa_flutter/build/ios/Pods.build/Release-iphonesimulator/image_cropper.build/Objects-normal/arm64/image_cropper.LinkFileList
               LINK_FILE_LIST_normal_x86_64 = /Users/carl.stanley/sites/UKCPA/ukcpa_flutter/build/ios/Pods.build/Release-iphonesimulator/image_cropper.build/Objects-normal/x86_64/image_cropper.LinkFileList
               LINK_OBJC_RUNTIME = YES
               LINK_WITH_STANDARD_LIBRARIES = YES
               LLVM_TARGET_TRIPLE_OS_VERSION = ios13.0
               LLVM_TARGET_TRIPLE_SUFFIX = -simulator
               LLVM_TARGET_TRIPLE_VENDOR = apple
               LM_AUX_CONST_METADATA_LIST_PATH_normal_arm64 = /Users/carl.stanley/sites/UKCPA/ukcpa_flutter/build/ios/Pods.build/Release-iphonesimulator/image_cropper.build/Objects-normal/arm64/image_cropper.SwiftConstValuesFileList
               LM_AUX_CONST_METADATA_LIST_PATH_normal_x86_64 = /Users/carl.stanley/sites/UKCPA/ukcpa_flutter/build/ios/Pods.build/Release-iphonesimulator/image_cropper.build/Objects-normal/x86_64/image_cropper.SwiftConstValuesFileList
               LOCALIZATION_EXPORT_SUPPORTED = YES
               LOCALIZATION_PREFERS_STRING_CATALOGS = NO
               LOCALIZED_RESOURCES_FOLDER_PATH = image_cropper.framework/en.lproj
               LOCALIZED_STRING_MACRO_NAMES = NSLocalizedString CFCopyLocalizedString
               LOCALIZED_STRING_SWIFTUI_SUPPORT = YES
               LOCAL_ADMIN_APPS_DIR = /Applications/Utilities
               LOCAL_APPS_DIR = /Applications
               LOCAL_DEVELOPER_DIR = /Library/Developer
               LOCAL_LIBRARY_DIR = /Library
               LOCROOT = /Users/carl.stanley/sites/UKCPA/ukcpa_flutter/ios/Pods
               LOCSYMROOT = /Users/carl.stanley/sites/UKCPA/ukcpa_flutter/ios/Pods
               MACH_O_TYPE = mh_dylib
               MAC_OS_X_PRODUCT_BUILD_VERSION = 24G84
               MAC_OS_X_VERSION_ACTUAL = 150600
               MAC_OS_X_VERSION_MAJOR = 150000
               MAC_OS_X_VERSION_MINOR = 150600
               MAKE_MERGEABLE = NO
               MERGEABLE_LIBRARY = NO
               MERGED_BINARY_TYPE = none
               MERGE_LINKED_LIBRARIES = NO
               METAL_LIBRARY_FILE_BASE = default
               METAL_LIBRARY_OUTPUT_DIR = /Users/carl.stanley/sites/UKCPA/ukcpa_flutter/build/ios/Release-iphonesimulator/image_cropper/image_cropper.framework
               MODULEMAP_FILE = Target Support Files/image_cropper/image_cropper.modulemap
               MODULES_FOLDER_PATH = image_cropper.framework/Modules
               MTL_ENABLE_DEBUG_INFO = NO
               MTL_FAST_MATH = YES
               NATIVE_ARCH = arm64
               NATIVE_ARCH_32_BIT = arm
               NATIVE_ARCH_64_BIT = arm64
               NATIVE_ARCH_ACTUAL = arm64
               NO_COMMON = YES
               OBJC_ABI_VERSION = 2
               OBJECT_FILE_DIR = /Users/carl.stanley/sites/UKCPA/ukcpa_flutter/build/ios/Pods.build/Release-iphonesimulator/image_cropper.build/Objects
               OBJECT_FILE_DIR_normal = /Users/carl.stanley/sites/UKCPA/ukcpa_flutter/build/ios/Pods.build/Release-iphonesimulator/image_cropper.build/Objects-normal
               OBJROOT = /Users/carl.stanley/sites/UKCPA/ukcpa_flutter/build/ios
               ONLY_ACTIVE_ARCH = NO
               OS = MACOS
               OSAC = /usr/bin/osacompile
               OTHER_LDFLAGS =  -framework "TOCropViewController" -framework Flutter
               PACKAGE_TYPE = com.apple.package-type.wrapper.framework
               PASCAL_STRINGS = YES
               PATH = /Applications/Xcode.app/Contents/SharedFrameworks/XCBuild.framework/Versions/A/PlugIns/XCBBuildService.bundle/Contents/PlugIns/XCBSpecifications.ideplugin/Contents/Resources:/Applications/Xcode.app/Contents/SharedFrameworks/XCBuild.framework/Versions/A/PlugIns/XCBBuildService.bundle/Contents/PlugIns/XCBSpecifications.ideplugin:/Applications/Xcode.app/Contents/Developer/Toolchains/XcodeDefault.xctoolchain/usr/bin:/Applications/Xcode.app/Contents/Developer/Toolchains/XcodeDefault.xctoolchain/usr/appleinternal/bin:/Applications/Xcode.app/Contents/Developer/Toolchains/XcodeDefault.xctoolchain/usr/local/bin:/Applications/Xcode.app/Contents/Developer/Toolchains/XcodeDefault.xctoolchain/usr/libexec:/Applications/Xcode.app/Contents/Developer/Platforms/iPhoneSimulator.platform/usr/bin:/Applications/Xcode.app/Contents/Developer/Platforms/iPhoneSimulator.platform/usr/appleinternal/bin:/Applications/Xcode.app/Contents/Developer/Platforms/iPhoneSimulator.platform/usr/local/bin:/Applications/Xcode.app/Contents/Developer/Platforms/iPhoneSimulator.platform/Developer/usr/bin:/Applications/Xcode.app/Contents/Developer/Platforms/iPhoneSimulator.platform/Developer/usr/local/bin:/Applications/Xcode.app/Contents/Developer/usr/bin:/Applications/Xcode.app/Contents/Developer/usr/local/bin:/opt/homebrew/Cellar/pyenv-virtualenv/1.2.4/shims:/Users/carl.stanley/.pyenv/shims:/Users/carl.stanley/.pyenv/bin:/Users/carl.stanley/.nvm/versions/node/v18.17.0/bin:/Users/carl.stanley/development/flutter/bin:/opt/homebrew/bin:/opt/homebrew/sbin:/Users/carl.stanley/.local/bin:/usr/local/bin:/System/Cryptexes/App/usr/bin:/usr/bin:/bin:/usr/sbin:/sbin:/var/run/com.apple.security.cryptexd/codex.system/bootstrap/usr/local/bin:/var/run/com.apple.security.cryptexd/codex.system/bootstrap/usr/bin:/var/run/com.apple.security.cryptexd/codex.system/bootstrap/usr/appleinternal/bin:/Library/Apple/usr/bin:/usr/local/sbin:/usr/local/go/bin:/Users/carl.stanley/.pub-cache/bin
               PATH_PREFIXES_EXCLUDED_FROM_HEADER_DEPENDENCIES = /usr/include /usr/local/include /System/Library/Frameworks /System/Library/PrivateFrameworks /Applications/Xcode.app/Contents/Developer/Headers /Applications/Xcode.app/Contents/Developer/SDKs /Applications/Xcode.app/Contents/Developer/Platforms
               PBDEVELOPMENTPLIST_PATH = image_cropper.framework/pbdevelopment.plist
               PER_ARCH_OBJECT_FILE_DIR = /Users/carl.stanley/sites/UKCPA/ukcpa_flutter/build/ios/Pods.build/Release-iphonesimulator/image_cropper.build/Objects-normal/undefined_arch
               PER_VARIANT_OBJECT_FILE_DIR = /Users/carl.stanley/sites/UKCPA/ukcpa_flutter/build/ios/Pods.build/Release-iphonesimulator/image_cropper.build/Objects-normal
               PKGINFO_FILE_PATH = /Users/carl.stanley/sites/UKCPA/ukcpa_flutter/build/ios/Pods.build/Release-iphonesimulator/image_cropper.build/PkgInfo
               PKGINFO_PATH = image_cropper.framework/PkgInfo
               PLATFORM_DEVELOPER_APPLICATIONS_DIR = /Applications/Xcode.app/Contents/Developer/Platforms/iPhoneSimulator.platform/Developer/Applications
               PLATFORM_DEVELOPER_BIN_DIR = /Applications/Xcode.app/Contents/Developer/Platforms/iPhoneSimulator.platform/Developer/usr/bin
               PLATFORM_DEVELOPER_LIBRARY_DIR = /Applications/Xcode.app/Contents/Developer/Platforms/iPhoneSimulator.platform/Developer/Library
               PLATFORM_DEVELOPER_SDK_DIR = /Applications/Xcode.app/Contents/Developer/Platforms/iPhoneSimulator.platform/Developer/SDKs
               PLATFORM_DEVELOPER_TOOLS_DIR = /Applications/Xcode.app/Contents/Developer/Platforms/iPhoneSimulator.platform/Developer/Tools
               PLATFORM_DEVELOPER_USR_DIR = /Applications/Xcode.app/Contents/Developer/Platforms/iPhoneSimulator.platform/Developer/usr
               PLATFORM_DIR = /Applications/Xcode.app/Contents/Developer/Platforms/iPhoneSimulator.platform
               PLATFORM_DISPLAY_NAME = iOS Simulator
               PLATFORM_FAMILY_NAME = iOS
               PLATFORM_NAME = iphonesimulator
               PLATFORM_PREFERRED_ARCH = x86_64
               PLATFORM_PRODUCT_BUILD_VERSION = 22A3362
               PLIST_FILE_OUTPUT_FORMAT = binary
               PLUGINS_FOLDER_PATH = image_cropper.framework/PlugIns
               PODS_BUILD_DIR = /Users/carl.stanley/sites/UKCPA/ukcpa_flutter/build/ios
               PODS_CONFIGURATION_BUILD_DIR = /Users/carl.stanley/sites/UKCPA/ukcpa_flutter/build/ios/Release-iphonesimulator
               PODS_DEVELOPMENT_LANGUAGE = en
               PODS_ROOT = /Users/carl.stanley/sites/UKCPA/ukcpa_flutter/ios/Pods
               PODS_TARGET_SRCROOT = /Users/carl.stanley/sites/UKCPA/ukcpa_flutter/ios/Pods/../.symlinks/plugins/image_cropper/ios
               PODS_XCFRAMEWORKS_BUILD_DIR = /Users/carl.stanley/sites/UKCPA/ukcpa_flutter/build/ios/Release-iphonesimulator/XCFrameworkIntermediates
               PRECOMPS_INCLUDE_HEADERS_FROM_BUILT_PRODUCTS_DIR = YES
               PRECOMP_DESTINATION_DIR = /Users/carl.stanley/sites/UKCPA/ukcpa_flutter/build/ios/Pods.build/Release-iphonesimulator/image_cropper.build/PrefixHeaders
               PRIVATE_HEADERS_FOLDER_PATH = image_cropper.framework/PrivateHeaders
               PROCESSED_INFOPLIST_PATH = /Users/carl.stanley/sites/UKCPA/ukcpa_flutter/build/ios/Pods.build/Release-iphonesimulator/image_cropper.build/Objects-normal/undefined_arch/Processed-Info.plist
               PRODUCT_BUNDLE_IDENTIFIER = org.cocoapods.image-cropper
               PRODUCT_BUNDLE_PACKAGE_TYPE = FMWK
               PRODUCT_MODULE_NAME = image_cropper
               PRODUCT_NAME = image_cropper
               PRODUCT_SETTINGS_PATH = /Users/carl.stanley/sites/UKCPA/ukcpa_flutter/ios/Pods/Target Support Files/image_cropper/image_cropper-Info.plist
               PRODUCT_TYPE = com.apple.product-type.framework
               PROFILING_CODE = NO
               PROJECT = Pods
               PROJECT_DERIVED_FILE_DIR = /Users/carl.stanley/sites/UKCPA/ukcpa_flutter/build/ios/Pods.build/DerivedSources
               PROJECT_DIR = /Users/carl.stanley/sites/UKCPA/ukcpa_flutter/ios/Pods
               PROJECT_FILE_PATH = /Users/carl.stanley/sites/UKCPA/ukcpa_flutter/ios/Pods/Pods.xcodeproj
               PROJECT_GUID = bfdfe7dc352907fc980b868725387e98
               PROJECT_NAME = Pods
               PROJECT_TEMP_DIR = /Users/carl.stanley/sites/UKCPA/ukcpa_flutter/build/ios/Pods.build
               PROJECT_TEMP_ROOT = /Users/carl.stanley/sites/UKCPA/ukcpa_flutter/build/ios
               PUBLIC_HEADERS_FOLDER_PATH = image_cropper.framework/Headers
               RECOMMENDED_IPHONEOS_DEPLOYMENT_TARGET = 15.0
               RECURSIVE_SEARCH_PATHS_FOLLOW_SYMLINKS = YES
               REMOVE_CVS_FROM_RESOURCES = YES
               REMOVE_GIT_FROM_RESOURCES = YES
               REMOVE_HEADERS_FROM_EMBEDDED_BUNDLES = YES
               REMOVE_HG_FROM_RESOURCES = YES
               REMOVE_STATIC_EXECUTABLES_FROM_EMBEDDED_BUNDLES = YES
               REMOVE_SVN_FROM_RESOURCES = YES
               RESCHEDULE_INDEPENDENT_HEADERS_PHASES = YES
               REZ_COLLECTOR_DIR = /Users/carl.stanley/sites/UKCPA/ukcpa_flutter/build/ios/Pods.build/Release-iphonesimulator/image_cropper.build/ResourceManagerResources
               REZ_OBJECTS_DIR = /Users/carl.stanley/sites/UKCPA/ukcpa_flutter/build/ios/Pods.build/Release-iphonesimulator/image_cropper.build/ResourceManagerResources/Objects
               REZ_SEARCH_PATHS = /Users/carl.stanley/sites/UKCPA/ukcpa_flutter/build/ios/Release-iphonesimulator/image_cropper 
               SCAN_ALL_SOURCE_FILES_FOR_INCLUDES = NO
               SCRIPTS_FOLDER_PATH = image_cropper.framework/Scripts
               SDKROOT = /Applications/Xcode.app/Contents/Developer/Platforms/iPhoneSimulator.platform/Developer/SDKs/iPhoneSimulator18.0.sdk
               SDK_DIR = /Applications/Xcode.app/Contents/Developer/Platforms/iPhoneSimulator.platform/Developer/SDKs/iPhoneSimulator18.0.sdk
               SDK_DIR_iphonesimulator = /Applications/Xcode.app/Contents/Developer/Platforms/iPhoneSimulator.platform/Developer/SDKs/iPhoneSimulator18.0.sdk
               SDK_DIR_iphonesimulator18_0 = /Applications/Xcode.app/Contents/Developer/Platforms/iPhoneSimulator.platform/Developer/SDKs/iPhoneSimulator18.0.sdk
               SDK_NAME = iphonesimulator18.0
               SDK_NAMES = iphonesimulator18.0
               SDK_PRODUCT_BUILD_VERSION = 22A3362
               SDK_STAT_CACHE_DIR = /var/folders/20/skb3d8qx2hn9r9z8036y32g40000gp/C/com.apple.DeveloperTools/16.0-16A242d/Xcode
               SDK_STAT_CACHE_ENABLE = YES
               SDK_STAT_CACHE_PATH = /var/folders/20/skb3d8qx2hn9r9z8036y32g40000gp/C/com.apple.DeveloperTools/16.0-16A242d/Xcode/SDKStatCaches.noindex/iphonesimulator18.0-22A3362-db63dc9361471f152f572502bdbfe70a.sdkstatcache
               SDK_VERSION = 18.0
               SDK_VERSION_ACTUAL = 180000
               SDK_VERSION_MAJOR = 180000
               SDK_VERSION_MINOR = 180000
               SED = /usr/bin/sed
               SEPARATE_STRIP = NO
               SEPARATE_SYMBOL_EDIT = NO
               SET_DIR_MODE_OWNER_GROUP = YES
               SET_FILE_MODE_OWNER_GROUP = NO
               SHALLOW_BUNDLE = YES
               SHALLOW_BUNDLE_TRIPLE = ios-simulator
               SHALLOW_BUNDLE_ios_macabi = NO
               SHALLOW_BUNDLE_macos = NO
               SHARED_DERIVED_FILE_DIR = /Users/carl.stanley/sites/UKCPA/ukcpa_flutter/build/ios/Release-iphonesimulator/image_cropper/DerivedSources
               SHARED_FRAMEWORKS_FOLDER_PATH = image_cropper.framework/SharedFrameworks
               SHARED_PRECOMPS_DIR = /Users/carl.stanley/sites/UKCPA/ukcpa_flutter/build/ios/SharedPrecompiledHeaders
               SHARED_SUPPORT_FOLDER_PATH = image_cropper.framework
               SKIP_INSTALL = YES
               SOURCE_ROOT = /Users/carl.stanley/sites/UKCPA/ukcpa_flutter/ios/Pods
               SRCROOT = /Users/carl.stanley/sites/UKCPA/ukcpa_flutter/ios/Pods
               STRINGSDATA_DIR = /Users/carl.stanley/sites/UKCPA/ukcpa_flutter/build/ios/Pods.build/Release-iphonesimulator/image_cropper.build/Objects-normal/undefined_arch
               STRINGSDATA_ROOT = /Users/carl.stanley/sites/UKCPA/ukcpa_flutter/build/ios/Pods.build/Release-iphonesimulator/image_cropper.build
               STRINGS_FILE_INFOPLIST_RENAME = YES
               STRINGS_FILE_OUTPUT_ENCODING = binary
               STRIP_BITCODE_FROM_COPIED_FILES = NO
               STRIP_INSTALLED_PRODUCT = NO
               STRIP_STYLE = debugging
               STRIP_SWIFT_SYMBOLS = YES
               SUPPORTED_DEVICE_FAMILIES = 1,2
               SUPPORTED_PLATFORMS = iphoneos iphonesimulator
               SUPPORTS_TEXT_BASED_API = NO
               SUPPRESS_WARNINGS = NO
               SWIFT_ACTIVE_COMPILATION_CONDITIONS =  
               SWIFT_COMPILATION_MODE = wholemodule
               SWIFT_EMIT_LOC_STRINGS = NO
               SWIFT_INSTALL_MODULE_FOR_DEPLOYMENT = YES
               SWIFT_INSTALL_OBJC_HEADER = YES
               SWIFT_OPTIMIZATION_LEVEL = -O
               SWIFT_PLATFORM_TARGET_PREFIX = ios
               SWIFT_RESPONSE_FILE_PATH_normal_arm64 = /Users/carl.stanley/sites/UKCPA/ukcpa_flutter/build/ios/Pods.build/Release-iphonesimulator/image_cropper.build/Objects-normal/arm64/image_cropper.SwiftFileList
               SWIFT_RESPONSE_FILE_PATH_normal_x86_64 = /Users/carl.stanley/sites/UKCPA/ukcpa_flutter/build/ios/Pods.build/Release-iphonesimulator/image_cropper.build/Objects-normal/x86_64/image_cropper.SwiftFileList
               SWIFT_VERSION = 5.0
               SYMROOT = /Users/carl.stanley/sites/UKCPA/ukcpa_flutter/ios/build
               SYSTEM_ADMIN_APPS_DIR = /Applications/Utilities
               SYSTEM_APPS_DIR = /Applications
               SYSTEM_CORE_SERVICES_DIR = /System/Library/CoreServices
               SYSTEM_DEMOS_DIR = /Applications/Extras
               SYSTEM_DEVELOPER_APPS_DIR = /Applications/Xcode.app/Contents/Developer/Applications
               SYSTEM_DEVELOPER_BIN_DIR = /Applications/Xcode.app/Contents/Developer/usr/bin
               SYSTEM_DEVELOPER_DEMOS_DIR = /Applications/Xcode.app/Contents/Developer/Applications/Utilities/Built Examples
               SYSTEM_DEVELOPER_DIR = /Applications/Xcode.app/Contents/Developer
               SYSTEM_DEVELOPER_DOC_DIR = /Applications/Xcode.app/Contents/Developer/ADC Reference Library
               SYSTEM_DEVELOPER_GRAPHICS_TOOLS_DIR = /Applications/Xcode.app/Contents/Developer/Applications/Graphics Tools
               SYSTEM_DEVELOPER_JAVA_TOOLS_DIR = /Applications/Xcode.app/Contents/Developer/Applications/Java Tools
               SYSTEM_DEVELOPER_PERFORMANCE_TOOLS_DIR = /Applications/Xcode.app/Contents/Developer/Applications/Performance Tools
               SYSTEM_DEVELOPER_RELEASENOTES_DIR = /Applications/Xcode.app/Contents/Developer/ADC Reference Library/releasenotes
               SYSTEM_DEVELOPER_TOOLS = /Applications/Xcode.app/Contents/Developer/Tools
               SYSTEM_DEVELOPER_TOOLS_DOC_DIR = /Applications/Xcode.app/Contents/Developer/ADC Reference Library/documentation/DeveloperTools
               SYSTEM_DEVELOPER_TOOLS_RELEASENOTES_DIR = /Applications/Xcode.app/Contents/Developer/ADC Reference Library/releasenotes/DeveloperTools
               SYSTEM_DEVELOPER_USR_DIR = /Applications/Xcode.app/Contents/Developer/usr
               SYSTEM_DEVELOPER_UTILITIES_DIR = /Applications/Xcode.app/Contents/Developer/Applications/Utilities
               SYSTEM_DEXT_INSTALL_PATH = /System/Library/DriverExtensions
               SYSTEM_DOCUMENTATION_DIR = /Library/Documentation
               SYSTEM_EXTENSIONS_FOLDER_PATH = image_cropper.framework/SystemExtensions
               SYSTEM_EXTENSIONS_FOLDER_PATH_SHALLOW_BUNDLE_NO = image_cropper.framework/Library/SystemExtensions
               SYSTEM_EXTENSIONS_FOLDER_PATH_SHALLOW_BUNDLE_YES = image_cropper.framework/SystemExtensions
               SYSTEM_KEXT_INSTALL_PATH = /System/Library/Extensions
               SYSTEM_LIBRARY_DIR = /System/Library
               TAPI_DEMANGLE = YES
               TAPI_ENABLE_PROJECT_HEADERS = NO
               TAPI_LANGUAGE = objective-c
               TAPI_LANGUAGE_STANDARD = compiler-default
               TAPI_USE_SRCROOT = YES
               TAPI_VERIFY_MODE = Pedantic
               TARGETED_DEVICE_FAMILY = 1,2
               TARGETNAME = image_cropper
               TARGET_BUILD_DIR = /Users/carl.stanley/sites/UKCPA/ukcpa_flutter/build/ios/Release-iphonesimulator/image_cropper
               TARGET_NAME = image_cropper
               TARGET_TEMP_DIR = /Users/carl.stanley/sites/UKCPA/ukcpa_flutter/build/ios/Pods.build/Release-iphonesimulator/image_cropper.build
               TEMP_DIR = /Users/carl.stanley/sites/UKCPA/ukcpa_flutter/build/ios/Pods.build/Release-iphonesimulator/image_cropper.build
               TEMP_FILES_DIR = /Users/carl.stanley/sites/UKCPA/ukcpa_flutter/build/ios/Pods.build/Release-iphonesimulator/image_cropper.build
               TEMP_FILE_DIR = /Users/carl.stanley/sites/UKCPA/ukcpa_flutter/build/ios/Pods.build/Release-iphonesimulator/image_cropper.build
               TEMP_ROOT = /Users/carl.stanley/sites/UKCPA/ukcpa_flutter/build/ios
               TEST_FRAMEWORK_SEARCH_PATHS =  /Applications/Xcode.app/Contents/Developer/Platforms/iPhoneSimulator.platform/Developer/Library/Frameworks /Applications/Xcode.app/Contents/Developer/Platforms/iPhoneSimulator.platform/Developer/SDKs/iPhoneSimulator18.0.sdk/Developer/Library/Frameworks
               TEST_LIBRARY_SEARCH_PATHS =  /Applications/Xcode.app/Contents/Developer/Platforms/iPhoneSimulator.platform/Developer/usr/lib
               TOOLCHAINS = com.apple.dt.toolchain.XcodeDefault
               TOOLCHAIN_DIR = /Applications/Xcode.app/Contents/Developer/Toolchains/XcodeDefault.xctoolchain
               TREAT_MISSING_BASELINES_AS_TEST_FAILURES = NO
               TREAT_MISSING_SCRIPT_PHASE_OUTPUTS_AS_ERRORS = NO
               UID = 502
               UNINSTALLED_PRODUCTS_DIR = /Users/carl.stanley/sites/UKCPA/ukcpa_flutter/build/ios/UninstalledProducts
               UNLOCALIZED_RESOURCES_FOLDER_PATH = image_cropper.framework
               UNLOCALIZED_RESOURCES_FOLDER_PATH_SHALLOW_BUNDLE_NO = image_cropper.framework/Resources
               UNLOCALIZED_RESOURCES_FOLDER_PATH_SHALLOW_BUNDLE_YES = image_cropper.framework
               UNSTRIPPED_PRODUCT = NO
               USER = carl.stanley
               USER_APPS_DIR = /Users/carl.stanley/Applications
               USER_LIBRARY_DIR = /Users/carl.stanley/Library
               USE_DYNAMIC_NO_PIC = YES
               USE_HEADERMAP = YES
               USE_HEADER_SYMLINKS = NO
               USE_RECURSIVE_SCRIPT_INPUTS_IN_SCRIPT_PHASES = YES
               VALIDATE_DEVELOPMENT_ASSET_PATHS = YES_ERROR
               VALIDATE_PRODUCT = YES
               VALID_ARCHS = arm64 x86_64
               VERBOSE_PBXCP = NO
               VERSIONING_SYSTEM = apple-generic
               VERSIONPLIST_PATH = image_cropper.framework/version.plist
               VERSIONS_FOLDER_PATH = image_cropper.framework
               VERSIONS_FOLDER_PATH_SHALLOW_BUNDLE_NO = image_cropper.framework/Versions
               VERSIONS_FOLDER_PATH_SHALLOW_BUNDLE_YES = image_cropper.framework
               VERSION_INFO_BUILDER = carl.stanley
               VERSION_INFO_FILE = image_cropper_vers.c
               VERSION_INFO_STRING = "@(#)PROGRAM:image_cropper  PROJECT:Pods-1"
               WORKSPACE_DIR = /Users/carl.stanley/sites/UKCPA/ukcpa_flutter/ios/Pods/Pods.xcodeproj
               WRAPPER_EXTENSION = framework
               WRAPPER_NAME = image_cropper.framework
               WRAPPER_SUFFIX = .framework
               WRAP_ASSET_PACKS_IN_SEPARATE_DIRECTORIES = NO
               XCODE_APP_SUPPORT_DIR = /Applications/Xcode.app/Contents/Developer/Library/Xcode
               XCODE_PRODUCT_BUILD_VERSION = 16A242d
               XCODE_VERSION_ACTUAL = 1600
               XCODE_VERSION_MAJOR = 1600
               XCODE_VERSION_MINOR = 1600
               XPCSERVICES_FOLDER_PATH = image_cropper.framework/XPCServices
               YACC = yacc
               _WRAPPER_CONTENTS_DIR_SHALLOW_BUNDLE_NO = /Contents
               _WRAPPER_PARENT_PATH_SHALLOW_BUNDLE_NO = /..
               _WRAPPER_RESOURCES_DIR_SHALLOW_BUNDLE_NO = /Resources
               arch = undefined_arch
               variant = normal

           Build settings for action build and target image_picker_ios:
               ACTION = build
               AD_HOC_CODE_SIGNING_ALLOWED = YES
               ALLOW_BUILD_REQUEST_OVERRIDES = NO
               ALLOW_TARGET_PLATFORM_SPECIALIZATION = NO
               ALTERNATE_GROUP = staff
               ALTERNATE_MODE = u+w,go-w,a+rX
               ALTERNATE_OWNER = carl.stanley
               ALTERNATIVE_DISTRIBUTION_WEB = NO
               ALWAYS_EMBED_SWIFT_STANDARD_LIBRARIES = NO
               ALWAYS_SEARCH_USER_PATHS = NO
               ALWAYS_USE_SEPARATE_HEADERMAPS = NO
               APPLE_INTERNAL_DEVELOPER_DIR = /AppleInternal/Developer
               APPLE_INTERNAL_DIR = /AppleInternal
               APPLE_INTERNAL_DOCUMENTATION_DIR = /AppleInternal/Documentation
               APPLE_INTERNAL_LIBRARY_DIR = /AppleInternal/Library
               APPLE_INTERNAL_TOOLS = /AppleInternal/Developer/Tools
               APPLICATION_EXTENSION_API_ONLY = NO
               APPLY_RULES_IN_COPY_FILES = NO
               APPLY_RULES_IN_COPY_HEADERS = NO
               APP_SHORTCUTS_ENABLE_FLEXIBLE_MATCHING = YES
               ARCHS = arm64 x86_64
               ARCHS_STANDARD = arm64 x86_64
               ARCHS_STANDARD_32_64_BIT = arm64 i386 x86_64
               ARCHS_STANDARD_32_BIT = i386
               ARCHS_STANDARD_64_BIT = arm64 x86_64
               ARCHS_STANDARD_INCLUDING_64_BIT = arm64 x86_64
               ARCHS_UNIVERSAL_IPHONE_OS = arm64 i386 x86_64
               ASSETCATALOG_COMPILER_GENERATE_ASSET_SYMBOLS = YES
               AUTOMATICALLY_MERGE_DEPENDENCIES = NO
               AVAILABLE_PLATFORMS = appletvos appletvsimulator driverkit iphoneos iphonesimulator macosx watchos watchsimulator xros xrsimulator
               BITCODE_GENERATION_MODE = marker
               BUILD_ACTIVE_RESOURCES_ONLY = NO
               BUILD_COMPONENTS = headers build
               BUILD_DIR = /Users/carl.stanley/sites/UKCPA/ukcpa_flutter/build/ios
               BUILD_LIBRARY_FOR_DISTRIBUTION = NO
               BUILD_ROOT = /Users/carl.stanley/sites/UKCPA/ukcpa_flutter/ios/build
               BUILD_STYLE = 
               BUILD_VARIANTS = normal
               BUILT_PRODUCTS_DIR = /Users/carl.stanley/sites/UKCPA/ukcpa_flutter/build/ios/Release-iphonesimulator/image_picker_ios
               BUNDLE_CONTENTS_FOLDER_PATH_deep = Contents/
               BUNDLE_EXECUTABLE_FOLDER_NAME_deep = MacOS
               BUNDLE_EXTENSIONS_FOLDER_PATH = Extensions
               BUNDLE_FORMAT = shallow
               BUNDLE_FRAMEWORKS_FOLDER_PATH = Frameworks
               BUNDLE_PLUGINS_FOLDER_PATH = PlugIns
               BUNDLE_PRIVATE_HEADERS_FOLDER_PATH = PrivateHeaders
               BUNDLE_PUBLIC_HEADERS_FOLDER_PATH = Headers
               CACHE_ROOT = /var/folders/20/skb3d8qx2hn9r9z8036y32g40000gp/C/com.apple.DeveloperTools/16.0-16A242d/Xcode
               CCHROOT = /var/folders/20/skb3d8qx2hn9r9z8036y32g40000gp/C/com.apple.DeveloperTools/16.0-16A242d/Xcode
               CHMOD = /bin/chmod
               CHOWN = /usr/sbin/chown
               CLANG_ANALYZER_LOCALIZABILITY_NONLOCALIZED = YES
               CLANG_ANALYZER_NONNULL = YES
               CLANG_ANALYZER_NUMBER_OBJECT_CONVERSION = YES_AGGRESSIVE
               CLANG_CACHE_FINE_GRAINED_OUTPUTS = YES
               CLANG_CXX_LANGUAGE_STANDARD = gnu++14
               CLANG_CXX_LIBRARY = libc++
               CLANG_ENABLE_EXPLICIT_MODULES = YES
               CLANG_ENABLE_MODULES = YES
               CLANG_ENABLE_OBJC_ARC = YES
               CLANG_ENABLE_OBJC_WEAK = NO
               CLANG_MODULES_BUILD_SESSION_FILE = /var/folders/20/skb3d8qx2hn9r9z8036y32g40000gp/C/org.llvm.clang/ModuleCache.noindex/Session.modulevalidation
               CLANG_WARN_BLOCK_CAPTURE_AUTORELEASING = YES
               CLANG_WARN_BOOL_CONVERSION = YES
               CLANG_WARN_COMMA = YES
               CLANG_WARN_CONSTANT_CONVERSION = YES
               CLANG_WARN_DEPRECATED_OBJC_IMPLEMENTATIONS = YES
               CLANG_WARN_DIRECT_OBJC_ISA_USAGE = YES_ERROR
               CLANG_WARN_DOCUMENTATION_COMMENTS = YES
               CLANG_WARN_EMPTY_BODY = YES
               CLANG_WARN_ENUM_CONVERSION = YES
               CLANG_WARN_INFINITE_RECURSION = YES
               CLANG_WARN_INT_CONVERSION = YES
               CLANG_WARN_NON_LITERAL_NULL_CONVERSION = YES
               CLANG_WARN_OBJC_IMPLICIT_RETAIN_SELF = YES
               CLANG_WARN_OBJC_LITERAL_CONVERSION = YES
               CLANG_WARN_OBJC_ROOT_CLASS = YES_ERROR
               CLANG_WARN_QUOTED_INCLUDE_IN_FRAMEWORK_HEADER = NO
               CLANG_WARN_RANGE_LOOP_ANALYSIS = YES
               CLANG_WARN_STRICT_PROTOTYPES = YES
               CLANG_WARN_SUSPICIOUS_MOVE = YES
               CLANG_WARN_UNGUARDED_AVAILABILITY = YES_AGGRESSIVE
               CLANG_WARN_UNREACHABLE_CODE = YES
               CLANG_WARN__DUPLICATE_METHOD_MATCH = YES
               CLASS_FILE_DIR = /Users/carl.stanley/sites/UKCPA/ukcpa_flutter/build/ios/Pods.build/Release-iphonesimulator/image_picker_ios.build/JavaClasses
               CLEAN_PRECOMPS = YES
               CLONE_HEADERS = NO
               CODESIGNING_FOLDER_PATH = /Users/carl.stanley/sites/UKCPA/ukcpa_flutter/build/ios/Release-iphonesimulator/image_picker_ios/image_picker_ios.framework
               CODE_SIGNING_ALLOWED = YES
               CODE_SIGNING_REQUIRED = NO
               CODE_SIGNING_REQUIRES_TEAM = YES
               CODE_SIGN_CONTEXT_CLASS = XCiPhoneSimulatorCodeSignContext
               CODE_SIGN_IDENTITY = -
               CODE_SIGN_INJECT_BASE_ENTITLEMENTS = YES
               COLOR_DIAGNOSTICS = NO
               COMBINE_HIDPI_IMAGES = NO
               COMPILATION_CACHE_CAS_PATH = /var/folders/20/skb3d8qx2hn9r9z8036y32g40000gp/C/com.apple.DeveloperTools/16.0-16A242d/Xcode/CompilationCache.noindex
               COMPILATION_CACHE_KEEP_CAS_DIRECTORY = YES
               COMPILER_INDEX_STORE_ENABLE = Default
               COMPOSITE_SDK_DIRS = /Users/carl.stanley/sites/UKCPA/ukcpa_flutter/build/ios/CompositeSDKs
               COMPRESS_PNG_FILES = YES
               CONFIGURATION = Release
               CONFIGURATION_BUILD_DIR = /Users/carl.stanley/sites/UKCPA/ukcpa_flutter/build/ios/Release-iphonesimulator/image_picker_ios
               CONFIGURATION_TEMP_DIR = /Users/carl.stanley/sites/UKCPA/ukcpa_flutter/build/ios/Pods.build/Release-iphonesimulator
               CONTENTS_FOLDER_PATH = image_picker_ios.framework
               CONTENTS_FOLDER_PATH_SHALLOW_BUNDLE_NO = image_picker_ios.framework/A
               CONTENTS_FOLDER_PATH_SHALLOW_BUNDLE_YES = image_picker_ios.framework
               COPYING_PRESERVES_HFS_DATA = NO
               COPY_HEADERS_RUN_UNIFDEF = NO
               COPY_PHASE_STRIP = NO
               CORRESPONDING_DEVICE_PLATFORM_DIR = /Applications/Xcode.app/Contents/Developer/Platforms/iPhoneOS.platform
               CORRESPONDING_DEVICE_PLATFORM_NAME = iphoneos
               CORRESPONDING_DEVICE_SDK_DIR = /Applications/Xcode.app/Contents/Developer/Platforms/iPhoneOS.platform/Developer/SDKs/iPhoneOS18.0.sdk
               CORRESPONDING_DEVICE_SDK_NAME = iphoneos18.0
               CP = /bin/cp
               CREATE_INFOPLIST_SECTION_IN_BINARY = NO
               CURRENT_ARCH = undefined_arch
               CURRENT_PROJECT_VERSION = 1
               CURRENT_VARIANT = normal
               CURRENT_VERSION = Current
               DEAD_CODE_STRIPPING = YES
               DEBUGGING_SYMBOLS = YES
               DEBUG_INFORMATION_FORMAT = dwarf-with-dsym
               DEBUG_INFORMATION_VERSION = compiler-default
               DEFAULT_COMPILER = com.apple.compilers.llvm.clang.1_0
               DEFAULT_DEXT_INSTALL_PATH = /System/Library/DriverExtensions
               DEFAULT_KEXT_INSTALL_PATH = /System/Library/Extensions
               DEFINES_MODULE = YES
               DEPLOYMENT_LOCATION = NO
               DEPLOYMENT_POSTPROCESSING = NO
               DEPLOYMENT_TARGET_SETTING_NAME = IPHONEOS_DEPLOYMENT_TARGET
               DEPLOYMENT_TARGET_SUGGESTED_VALUES = 12.0 12.1 12.2 12.3 12.4 13.0 13.1 13.2 13.3 13.4 13.5 13.6 14.0 14.1 14.2 14.3 14.4 14.5 14.6 14.7 15.0 15.1 15.2 15.3 15.4 15.5 15.6 16.0 16.1 16.2 16.3 16.4 16.5 16.6 17.0 17.1 17.2 17.3 17.4 17.5 17.6 18.0
               DERIVED_FILES_DIR = /Users/carl.stanley/sites/UKCPA/ukcpa_flutter/build/ios/Pods.build/Release-iphonesimulator/image_picker_ios.build/DerivedSources
               DERIVED_FILE_DIR = /Users/carl.stanley/sites/UKCPA/ukcpa_flutter/build/ios/Pods.build/Release-iphonesimulator/image_picker_ios.build/DerivedSources
               DERIVED_SOURCES_DIR = /Users/carl.stanley/sites/UKCPA/ukcpa_flutter/build/ios/Pods.build/Release-iphonesimulator/image_picker_ios.build/DerivedSources
               DEVELOPER_APPLICATIONS_DIR = /Applications/Xcode.app/Contents/Developer/Applications
               DEVELOPER_BIN_DIR = /Applications/Xcode.app/Contents/Developer/usr/bin
               DEVELOPER_DIR = /Applications/Xcode.app/Contents/Developer
               DEVELOPER_FRAMEWORKS_DIR = /Applications/Xcode.app/Contents/Developer/Library/Frameworks
               DEVELOPER_FRAMEWORKS_DIR_QUOTED = /Applications/Xcode.app/Contents/Developer/Library/Frameworks
               DEVELOPER_LIBRARY_DIR = /Applications/Xcode.app/Contents/Developer/Library
               DEVELOPER_SDK_DIR = /Applications/Xcode.app/Contents/Developer/Platforms/MacOSX.platform/Developer/SDKs
               DEVELOPER_TOOLS_DIR = /Applications/Xcode.app/Contents/Developer/Tools
               DEVELOPER_USR_DIR = /Applications/Xcode.app/Contents/Developer/usr
               DEVELOPMENT_LANGUAGE = en
               DIFF = /usr/bin/diff
               DOCUMENTATION_FOLDER_PATH = image_picker_ios.framework/en.lproj/Documentation
               DONT_GENERATE_INFOPLIST_FILE = NO
               DSTROOT = /tmp/Pods.dst
               DT_TOOLCHAIN_DIR = /Applications/Xcode.app/Contents/Developer/Toolchains/XcodeDefault.xctoolchain
               DWARF_DSYM_FILE_NAME = image_picker_ios.framework.dSYM
               DWARF_DSYM_FILE_SHOULD_ACCOMPANY_PRODUCT = NO
               DWARF_DSYM_FOLDER_PATH = /Users/carl.stanley/sites/UKCPA/ukcpa_flutter/build/ios/Release-iphonesimulator/image_picker_ios
               DYLIB_COMPATIBILITY_VERSION = 1
               DYLIB_CURRENT_VERSION = 1
               DYLIB_INSTALL_NAME_BASE = @rpath
               DYNAMIC_LIBRARY_EXTENSION = dylib
               EAGER_COMPILATION_ALLOW_SCRIPTS = NO
               EAGER_LINKING = NO
               EFFECTIVE_PLATFORM_NAME = -iphonesimulator
               EMBEDDED_CONTENT_CONTAINS_SWIFT = NO
               EMBED_ASSET_PACKS_IN_PRODUCT_BUNDLE = NO
               ENABLE_APP_SANDBOX = NO
               ENABLE_BITCODE = NO
               ENABLE_CODE_COVERAGE = YES
               ENABLE_DEFAULT_HEADER_SEARCH_PATHS = YES
               ENABLE_DEFAULT_SEARCH_PATHS = YES
               ENABLE_HARDENED_RUNTIME = NO
               ENABLE_HEADER_DEPENDENCIES = YES
               ENABLE_MODULE_VERIFIER = NO
               ENABLE_NS_ASSERTIONS = NO
               ENABLE_ON_DEMAND_RESOURCES = NO
               ENABLE_STRICT_OBJC_MSGSEND = YES
               ENABLE_TESTABILITY = NO
               ENABLE_TESTING_SEARCH_PATHS = NO
               ENABLE_USER_SCRIPT_SANDBOXING = NO
               ENTITLEMENTS_DESTINATION = __entitlements
               ENTITLEMENTS_REQUIRED = NO
               EXCLUDED_ARCHS =  i386
               EXCLUDED_INSTALLSRC_SUBDIRECTORY_PATTERNS = .DS_Store .svn .git .hg CVS
               EXCLUDED_RECURSIVE_SEARCH_PATH_SUBDIRECTORIES = *.nib *.lproj *.framework *.gch *.xcode* *.xcassets (*) .DS_Store CVS .svn .git .hg *.pbproj *.pbxproj
               EXECUTABLES_FOLDER_PATH = image_picker_ios.framework/en.lproj
               EXECUTABLE_FOLDER_PATH = image_picker_ios.framework
               EXECUTABLE_FOLDER_PATH_SHALLOW_BUNDLE_NO = image_picker_ios.framework
               EXECUTABLE_FOLDER_PATH_SHALLOW_BUNDLE_YES = image_picker_ios.framework
               EXECUTABLE_NAME = image_picker_ios
               EXECUTABLE_PATH = image_picker_ios.framework/image_picker_ios
               EXTENSIONS_FOLDER_PATH = image_picker_ios.framework/Extensions
               FILE_LIST = /Users/carl.stanley/sites/UKCPA/ukcpa_flutter/build/ios/Pods.build/Release-iphonesimulator/image_picker_ios.build/Objects/LinkFileList
               FIXED_FILES_DIR = /Users/carl.stanley/sites/UKCPA/ukcpa_flutter/build/ios/Pods.build/Release-iphonesimulator/image_picker_ios.build/FixedFiles
               FRAMEWORKS_FOLDER_PATH = image_picker_ios.framework/Frameworks
               FRAMEWORK_FLAG_PREFIX = -framework
               FRAMEWORK_SEARCH_PATHS = /Users/carl.stanley/sites/UKCPA/ukcpa_flutter/build/ios/Release-iphonesimulator/image_picker_ios "/Users/carl.stanley/development/flutter/bin/cache/artifacts/engine/ios-release/Flutter.xcframework/ios-arm64_x86_64-simulator" 
               FRAMEWORK_VERSION = A
               FULL_PRODUCT_NAME = image_picker_ios.framework
               FUSE_BUILD_PHASES = YES
               FUSE_BUILD_SCRIPT_PHASES = NO
               GCC3_VERSION = 3.3
               GCC_C_LANGUAGE_STANDARD = gnu11
               GCC_INLINES_ARE_PRIVATE_EXTERN = YES
               GCC_NO_COMMON_BLOCKS = YES
               GCC_OBJC_LEGACY_DISPATCH = YES
               GCC_PFE_FILE_C_DIALECTS = c objective-c c++ objective-c++
               GCC_PREFIX_HEADER = Target Support Files/image_picker_ios/image_picker_ios-prefix.pch
               GCC_PREPROCESSOR_DEFINITIONS = POD_CONFIGURATION_RELEASE=1  COCOAPODS=1
               GCC_TREAT_WARNINGS_AS_ERRORS = NO
               GCC_VERSION = com.apple.compilers.llvm.clang.1_0
               GCC_VERSION_IDENTIFIER = com_apple_compilers_llvm_clang_1_0
               GCC_WARN_64_TO_32_BIT_CONVERSION = YES
               GCC_WARN_ABOUT_RETURN_TYPE = YES_ERROR
               GCC_WARN_UNDECLARED_SELECTOR = YES
               GCC_WARN_UNINITIALIZED_AUTOS = YES_AGGRESSIVE
               GCC_WARN_UNUSED_FUNCTION = YES
               GCC_WARN_UNUSED_VARIABLE = YES
               GENERATED_MODULEMAP_DIR = /Users/carl.stanley/sites/UKCPA/ukcpa_flutter/build/ios/GeneratedModuleMaps-iphonesimulator
               GENERATE_INFOPLIST_FILE = NO
               GENERATE_INTERMEDIATE_TEXT_BASED_STUBS = YES
               GENERATE_MASTER_OBJECT_FILE = NO
               GENERATE_PKGINFO_FILE = NO
               GENERATE_PROFILING_CODE = NO
               GENERATE_TEXT_BASED_STUBS = NO
               GID = 20
               GROUP = staff
               HEADERMAP_INCLUDES_FLAT_ENTRIES_FOR_TARGET_BEING_BUILT = YES
               HEADERMAP_INCLUDES_FRAMEWORK_ENTRIES_FOR_ALL_PRODUCT_TYPES = YES
               HEADERMAP_INCLUDES_FRAMEWORK_ENTRIES_FOR_TARGETS_NOT_BEING_BUILT = YES
               HEADERMAP_INCLUDES_NONPUBLIC_NONPRIVATE_HEADERS = YES
               HEADERMAP_INCLUDES_PROJECT_HEADERS = YES
               HEADERMAP_USES_FRAMEWORK_PREFIX_ENTRIES = YES
               HEADERMAP_USES_VFS = YES
               HEADER_SEARCH_PATHS = /Users/carl.stanley/sites/UKCPA/ukcpa_flutter/build/ios/Release-iphonesimulator/image_picker_ios/include 
               HIDE_BITCODE_SYMBOLS = YES
               HOME = /Users/carl.stanley
               HOST_ARCH = arm64
               HOST_PLATFORM = macosx
               ICONV = /usr/bin/iconv
               IMPLICIT_DEPENDENCY_DOMAIN = default
               INFOPLIST_ENABLE_CFBUNDLEICONS_MERGE = YES
               INFOPLIST_EXPAND_BUILD_SETTINGS = YES
               INFOPLIST_FILE = Target Support Files/image_picker_ios/image_picker_ios-Info.plist
               INFOPLIST_OUTPUT_FORMAT = binary
               INFOPLIST_PATH = image_picker_ios.framework/Info.plist
               INFOPLIST_PREPROCESS = NO
               INFOSTRINGS_PATH = image_picker_ios.framework/en.lproj/InfoPlist.strings
               INLINE_PRIVATE_FRAMEWORKS = NO
               INSTALLHDRS_COPY_PHASE = NO
               INSTALLHDRS_SCRIPT_PHASE = NO
               INSTALL_DIR = /tmp/Pods.dst/Library/Frameworks
               INSTALL_GROUP = staff
               INSTALL_MODE_FLAG = u+w,go-w,a+rX
               INSTALL_OWNER = carl.stanley
               INSTALL_PATH = /Library/Frameworks
               INSTALL_ROOT = /tmp/Pods.dst
               IPHONEOS_DEPLOYMENT_TARGET = 13.0
               IS_UNOPTIMIZED_BUILD = NO
               JAVAC_DEFAULT_FLAGS = -J-Xms64m -J-XX:NewSize=4M -J-Dfile.encoding=UTF8
               JAVA_APP_STUB = /System/Library/Frameworks/JavaVM.framework/Resources/MacOS/JavaApplicationStub
               JAVA_ARCHIVE_CLASSES = YES
               JAVA_ARCHIVE_TYPE = JAR
               JAVA_COMPILER = /usr/bin/javac
               JAVA_FOLDER_PATH = image_picker_ios.framework/Java
               JAVA_FRAMEWORK_RESOURCES_DIRS = Resources
               JAVA_JAR_FLAGS = cv
               JAVA_SOURCE_SUBDIR = .
               JAVA_USE_DEPENDENCIES = YES
               JAVA_ZIP_FLAGS = -urg
               JIKES_DEFAULT_FLAGS = +E +OLDCSO
               KEEP_PRIVATE_EXTERNS = NO
               LD_DEPENDENCY_INFO_FILE = /Users/carl.stanley/sites/UKCPA/ukcpa_flutter/build/ios/Pods.build/Release-iphonesimulator/image_picker_ios.build/Objects-normal/undefined_arch/image_picker_ios_dependency_info.dat
               LD_DYLIB_INSTALL_NAME = @rpath/image_picker_ios.framework/image_picker_ios
               LD_EXPORT_SYMBOLS = YES
               LD_GENERATE_MAP_FILE = NO
               LD_MAP_FILE_PATH = /Users/carl.stanley/sites/UKCPA/ukcpa_flutter/build/ios/Pods.build/Release-iphonesimulator/image_picker_ios.build/image_picker_ios-LinkMap-normal-undefined_arch.txt
               LD_NO_PIE = NO
               LD_QUOTE_LINKER_ARGUMENTS_FOR_COMPILER_DRIVER = YES
               LD_RUNPATH_SEARCH_PATHS =  @executable_path/Frameworks @loader_path/Frameworks
               LD_SHARED_CACHE_ELIGIBLE = Automatic
               LD_WARN_DUPLICATE_LIBRARIES = NO
               LD_WARN_UNUSED_DYLIBS = NO
               LEGACY_DEVELOPER_DIR = /Applications/Xcode.app/Contents/PlugIns/Xcode3Core.ideplugin/Contents/SharedSupport/Developer
               LEX = lex
               LIBRARY_DEXT_INSTALL_PATH = /Library/DriverExtensions
               LIBRARY_FLAG_NOSPACE = YES
               LIBRARY_FLAG_PREFIX = -l
               LIBRARY_KEXT_INSTALL_PATH = /Library/Extensions
               LIBRARY_SEARCH_PATHS = /Users/carl.stanley/sites/UKCPA/ukcpa_flutter/build/ios/Release-iphonesimulator/image_picker_ios 
               LINKER_DISPLAYS_MANGLED_NAMES = NO
               LINK_FILE_LIST_normal_arm64 = /Users/carl.stanley/sites/UKCPA/ukcpa_flutter/build/ios/Pods.build/Release-iphonesimulator/image_picker_ios.build/Objects-normal/arm64/image_picker_ios.LinkFileList
               LINK_FILE_LIST_normal_x86_64 = /Users/carl.stanley/sites/UKCPA/ukcpa_flutter/build/ios/Pods.build/Release-iphonesimulator/image_picker_ios.build/Objects-normal/x86_64/image_picker_ios.LinkFileList
               LINK_OBJC_RUNTIME = YES
               LINK_WITH_STANDARD_LIBRARIES = YES
               LLVM_TARGET_TRIPLE_OS_VERSION = ios13.0
               LLVM_TARGET_TRIPLE_SUFFIX = -simulator
               LLVM_TARGET_TRIPLE_VENDOR = apple
               LM_AUX_CONST_METADATA_LIST_PATH_normal_arm64 = /Users/carl.stanley/sites/UKCPA/ukcpa_flutter/build/ios/Pods.build/Release-iphonesimulator/image_picker_ios.build/Objects-normal/arm64/image_picker_ios.SwiftConstValuesFileList
               LM_AUX_CONST_METADATA_LIST_PATH_normal_x86_64 = /Users/carl.stanley/sites/UKCPA/ukcpa_flutter/build/ios/Pods.build/Release-iphonesimulator/image_picker_ios.build/Objects-normal/x86_64/image_picker_ios.SwiftConstValuesFileList
               LOCALIZATION_EXPORT_SUPPORTED = YES
               LOCALIZATION_PREFERS_STRING_CATALOGS = NO
               LOCALIZED_RESOURCES_FOLDER_PATH = image_picker_ios.framework/en.lproj
               LOCALIZED_STRING_MACRO_NAMES = NSLocalizedString CFCopyLocalizedString
               LOCALIZED_STRING_SWIFTUI_SUPPORT = YES
               LOCAL_ADMIN_APPS_DIR = /Applications/Utilities
               LOCAL_APPS_DIR = /Applications
               LOCAL_DEVELOPER_DIR = /Library/Developer
               LOCAL_LIBRARY_DIR = /Library
               LOCROOT = /Users/carl.stanley/sites/UKCPA/ukcpa_flutter/ios/Pods
               LOCSYMROOT = /Users/carl.stanley/sites/UKCPA/ukcpa_flutter/ios/Pods
               MACH_O_TYPE = mh_dylib
               MAC_OS_X_PRODUCT_BUILD_VERSION = 24G84
               MAC_OS_X_VERSION_ACTUAL = 150600
               MAC_OS_X_VERSION_MAJOR = 150000
               MAC_OS_X_VERSION_MINOR = 150600
               MAKE_MERGEABLE = NO
               MERGEABLE_LIBRARY = NO
               MERGED_BINARY_TYPE = none
               MERGE_LINKED_LIBRARIES = NO
               METAL_LIBRARY_FILE_BASE = default
               METAL_LIBRARY_OUTPUT_DIR = /Users/carl.stanley/sites/UKCPA/ukcpa_flutter/build/ios/Release-iphonesimulator/image_picker_ios/image_picker_ios.framework
               MODULEMAP_FILE = Target Support Files/image_picker_ios/image_picker_ios.modulemap
               MODULES_FOLDER_PATH = image_picker_ios.framework/Modules
               MTL_ENABLE_DEBUG_INFO = NO
               MTL_FAST_MATH = YES
               NATIVE_ARCH = arm64
               NATIVE_ARCH_32_BIT = arm
               NATIVE_ARCH_64_BIT = arm64
               NATIVE_ARCH_ACTUAL = arm64
               NO_COMMON = YES
               OBJC_ABI_VERSION = 2
               OBJECT_FILE_DIR = /Users/carl.stanley/sites/UKCPA/ukcpa_flutter/build/ios/Pods.build/Release-iphonesimulator/image_picker_ios.build/Objects
               OBJECT_FILE_DIR_normal = /Users/carl.stanley/sites/UKCPA/ukcpa_flutter/build/ios/Pods.build/Release-iphonesimulator/image_picker_ios.build/Objects-normal
               OBJROOT = /Users/carl.stanley/sites/UKCPA/ukcpa_flutter/build/ios
               ONLY_ACTIVE_ARCH = NO
               OS = MACOS
               OSAC = /usr/bin/osacompile
               OTHER_LDFLAGS =  -framework Flutter
               PACKAGE_TYPE = com.apple.package-type.wrapper.framework
               PASCAL_STRINGS = YES
               PATH = /Applications/Xcode.app/Contents/SharedFrameworks/XCBuild.framework/Versions/A/PlugIns/XCBBuildService.bundle/Contents/PlugIns/XCBSpecifications.ideplugin/Contents/Resources:/Applications/Xcode.app/Contents/SharedFrameworks/XCBuild.framework/Versions/A/PlugIns/XCBBuildService.bundle/Contents/PlugIns/XCBSpecifications.ideplugin:/Applications/Xcode.app/Contents/Developer/Toolchains/XcodeDefault.xctoolchain/usr/bin:/Applications/Xcode.app/Contents/Developer/Toolchains/XcodeDefault.xctoolchain/usr/appleinternal/bin:/Applications/Xcode.app/Contents/Developer/Toolchains/XcodeDefault.xctoolchain/usr/local/bin:/Applications/Xcode.app/Contents/Developer/Toolchains/XcodeDefault.xctoolchain/usr/libexec:/Applications/Xcode.app/Contents/Developer/Platforms/iPhoneSimulator.platform/usr/bin:/Applications/Xcode.app/Contents/Developer/Platforms/iPhoneSimulator.platform/usr/appleinternal/bin:/Applications/Xcode.app/Contents/Developer/Platforms/iPhoneSimulator.platform/usr/local/bin:/Applications/Xcode.app/Contents/Developer/Platforms/iPhoneSimulator.platform/Developer/usr/bin:/Applications/Xcode.app/Contents/Developer/Platforms/iPhoneSimulator.platform/Developer/usr/local/bin:/Applications/Xcode.app/Contents/Developer/usr/bin:/Applications/Xcode.app/Contents/Developer/usr/local/bin:/opt/homebrew/Cellar/pyenv-virtualenv/1.2.4/shims:/Users/carl.stanley/.pyenv/shims:/Users/carl.stanley/.pyenv/bin:/Users/carl.stanley/.nvm/versions/node/v18.17.0/bin:/Users/carl.stanley/development/flutter/bin:/opt/homebrew/bin:/opt/homebrew/sbin:/Users/carl.stanley/.local/bin:/usr/local/bin:/System/Cryptexes/App/usr/bin:/usr/bin:/bin:/usr/sbin:/sbin:/var/run/com.apple.security.cryptexd/codex.system/bootstrap/usr/local/bin:/var/run/com.apple.security.cryptexd/codex.system/bootstrap/usr/bin:/var/run/com.apple.security.cryptexd/codex.system/bootstrap/usr/appleinternal/bin:/Library/Apple/usr/bin:/usr/local/sbin:/usr/local/go/bin:/Users/carl.stanley/.pub-cache/bin
               PATH_PREFIXES_EXCLUDED_FROM_HEADER_DEPENDENCIES = /usr/include /usr/local/include /System/Library/Frameworks /System/Library/PrivateFrameworks /Applications/Xcode.app/Contents/Developer/Headers /Applications/Xcode.app/Contents/Developer/SDKs /Applications/Xcode.app/Contents/Developer/Platforms
               PBDEVELOPMENTPLIST_PATH = image_picker_ios.framework/pbdevelopment.plist
               PER_ARCH_OBJECT_FILE_DIR = /Users/carl.stanley/sites/UKCPA/ukcpa_flutter/build/ios/Pods.build/Release-iphonesimulator/image_picker_ios.build/Objects-normal/undefined_arch
               PER_VARIANT_OBJECT_FILE_DIR = /Users/carl.stanley/sites/UKCPA/ukcpa_flutter/build/ios/Pods.build/Release-iphonesimulator/image_picker_ios.build/Objects-normal
               PKGINFO_FILE_PATH = /Users/carl.stanley/sites/UKCPA/ukcpa_flutter/build/ios/Pods.build/Release-iphonesimulator/image_picker_ios.build/PkgInfo
               PKGINFO_PATH = image_picker_ios.framework/PkgInfo
               PLATFORM_DEVELOPER_APPLICATIONS_DIR = /Applications/Xcode.app/Contents/Developer/Platforms/iPhoneSimulator.platform/Developer/Applications
               PLATFORM_DEVELOPER_BIN_DIR = /Applications/Xcode.app/Contents/Developer/Platforms/iPhoneSimulator.platform/Developer/usr/bin
               PLATFORM_DEVELOPER_LIBRARY_DIR = /Applications/Xcode.app/Contents/Developer/Platforms/iPhoneSimulator.platform/Developer/Library
               PLATFORM_DEVELOPER_SDK_DIR = /Applications/Xcode.app/Contents/Developer/Platforms/iPhoneSimulator.platform/Developer/SDKs
               PLATFORM_DEVELOPER_TOOLS_DIR = /Applications/Xcode.app/Contents/Developer/Platforms/iPhoneSimulator.platform/Developer/Tools
               PLATFORM_DEVELOPER_USR_DIR = /Applications/Xcode.app/Contents/Developer/Platforms/iPhoneSimulator.platform/Developer/usr
               PLATFORM_DIR = /Applications/Xcode.app/Contents/Developer/Platforms/iPhoneSimulator.platform
               PLATFORM_DISPLAY_NAME = iOS Simulator
               PLATFORM_FAMILY_NAME = iOS
               PLATFORM_NAME = iphonesimulator
               PLATFORM_PREFERRED_ARCH = x86_64
               PLATFORM_PRODUCT_BUILD_VERSION = 22A3362
               PLIST_FILE_OUTPUT_FORMAT = binary
               PLUGINS_FOLDER_PATH = image_picker_ios.framework/PlugIns
               PODS_BUILD_DIR = /Users/carl.stanley/sites/UKCPA/ukcpa_flutter/build/ios
               PODS_CONFIGURATION_BUILD_DIR = /Users/carl.stanley/sites/UKCPA/ukcpa_flutter/build/ios/Release-iphonesimulator
               PODS_DEVELOPMENT_LANGUAGE = en
               PODS_ROOT = /Users/carl.stanley/sites/UKCPA/ukcpa_flutter/ios/Pods
               PODS_TARGET_SRCROOT = /Users/carl.stanley/sites/UKCPA/ukcpa_flutter/ios/Pods/../.symlinks/plugins/image_picker_ios/ios
               PODS_XCFRAMEWORKS_BUILD_DIR = /Users/carl.stanley/sites/UKCPA/ukcpa_flutter/build/ios/Release-iphonesimulator/XCFrameworkIntermediates
               PRECOMPS_INCLUDE_HEADERS_FROM_BUILT_PRODUCTS_DIR = YES
               PRECOMP_DESTINATION_DIR = /Users/carl.stanley/sites/UKCPA/ukcpa_flutter/build/ios/Pods.build/Release-iphonesimulator/image_picker_ios.build/PrefixHeaders
               PRIVATE_HEADERS_FOLDER_PATH = image_picker_ios.framework/PrivateHeaders
               PROCESSED_INFOPLIST_PATH = /Users/carl.stanley/sites/UKCPA/ukcpa_flutter/build/ios/Pods.build/Release-iphonesimulator/image_picker_ios.build/Objects-normal/undefined_arch/Processed-Info.plist
               PRODUCT_BUNDLE_IDENTIFIER = org.cocoapods.image-picker-ios
               PRODUCT_BUNDLE_PACKAGE_TYPE = FMWK
               PRODUCT_MODULE_NAME = image_picker_ios
               PRODUCT_NAME = image_picker_ios
               PRODUCT_SETTINGS_PATH = /Users/carl.stanley/sites/UKCPA/ukcpa_flutter/ios/Pods/Target Support Files/image_picker_ios/image_picker_ios-Info.plist
               PRODUCT_TYPE = com.apple.product-type.framework
               PROFILING_CODE = NO
               PROJECT = Pods
               PROJECT_DERIVED_FILE_DIR = /Users/carl.stanley/sites/UKCPA/ukcpa_flutter/build/ios/Pods.build/DerivedSources
               PROJECT_DIR = /Users/carl.stanley/sites/UKCPA/ukcpa_flutter/ios/Pods
               PROJECT_FILE_PATH = /Users/carl.stanley/sites/UKCPA/ukcpa_flutter/ios/Pods/Pods.xcodeproj
               PROJECT_GUID = bfdfe7dc352907fc980b868725387e98
               PROJECT_NAME = Pods
               PROJECT_TEMP_DIR = /Users/carl.stanley/sites/UKCPA/ukcpa_flutter/build/ios/Pods.build
               PROJECT_TEMP_ROOT = /Users/carl.stanley/sites/UKCPA/ukcpa_flutter/build/ios
               PUBLIC_HEADERS_FOLDER_PATH = image_picker_ios.framework/Headers
               RECOMMENDED_IPHONEOS_DEPLOYMENT_TARGET = 15.0
               RECURSIVE_SEARCH_PATHS_FOLLOW_SYMLINKS = YES
               REMOVE_CVS_FROM_RESOURCES = YES
               REMOVE_GIT_FROM_RESOURCES = YES
               REMOVE_HEADERS_FROM_EMBEDDED_BUNDLES = YES
               REMOVE_HG_FROM_RESOURCES = YES
               REMOVE_STATIC_EXECUTABLES_FROM_EMBEDDED_BUNDLES = YES
               REMOVE_SVN_FROM_RESOURCES = YES
               RESCHEDULE_INDEPENDENT_HEADERS_PHASES = YES
               REZ_COLLECTOR_DIR = /Users/carl.stanley/sites/UKCPA/ukcpa_flutter/build/ios/Pods.build/Release-iphonesimulator/image_picker_ios.build/ResourceManagerResources
               REZ_OBJECTS_DIR = /Users/carl.stanley/sites/UKCPA/ukcpa_flutter/build/ios/Pods.build/Release-iphonesimulator/image_picker_ios.build/ResourceManagerResources/Objects
               REZ_SEARCH_PATHS = /Users/carl.stanley/sites/UKCPA/ukcpa_flutter/build/ios/Release-iphonesimulator/image_picker_ios 
               SCAN_ALL_SOURCE_FILES_FOR_INCLUDES = NO
               SCRIPTS_FOLDER_PATH = image_picker_ios.framework/Scripts
               SDKROOT = /Applications/Xcode.app/Contents/Developer/Platforms/iPhoneSimulator.platform/Developer/SDKs/iPhoneSimulator18.0.sdk
               SDK_DIR = /Applications/Xcode.app/Contents/Developer/Platforms/iPhoneSimulator.platform/Developer/SDKs/iPhoneSimulator18.0.sdk
               SDK_DIR_iphonesimulator = /Applications/Xcode.app/Contents/Developer/Platforms/iPhoneSimulator.platform/Developer/SDKs/iPhoneSimulator18.0.sdk
               SDK_DIR_iphonesimulator18_0 = /Applications/Xcode.app/Contents/Developer/Platforms/iPhoneSimulator.platform/Developer/SDKs/iPhoneSimulator18.0.sdk
               SDK_NAME = iphonesimulator18.0
               SDK_NAMES = iphonesimulator18.0
               SDK_PRODUCT_BUILD_VERSION = 22A3362
               SDK_STAT_CACHE_DIR = /var/folders/20/skb3d8qx2hn9r9z8036y32g40000gp/C/com.apple.DeveloperTools/16.0-16A242d/Xcode
               SDK_STAT_CACHE_ENABLE = YES
               SDK_STAT_CACHE_PATH = /var/folders/20/skb3d8qx2hn9r9z8036y32g40000gp/C/com.apple.DeveloperTools/16.0-16A242d/Xcode/SDKStatCaches.noindex/iphonesimulator18.0-22A3362-db63dc9361471f152f572502bdbfe70a.sdkstatcache
               SDK_VERSION = 18.0
               SDK_VERSION_ACTUAL = 180000
               SDK_VERSION_MAJOR = 180000
               SDK_VERSION_MINOR = 180000
               SED = /usr/bin/sed
               SEPARATE_STRIP = NO
               SEPARATE_SYMBOL_EDIT = NO
               SET_DIR_MODE_OWNER_GROUP = YES
               SET_FILE_MODE_OWNER_GROUP = NO
               SHALLOW_BUNDLE = YES
               SHALLOW_BUNDLE_TRIPLE = ios-simulator
               SHALLOW_BUNDLE_ios_macabi = NO
               SHALLOW_BUNDLE_macos = NO
               SHARED_DERIVED_FILE_DIR = /Users/carl.stanley/sites/UKCPA/ukcpa_flutter/build/ios/Release-iphonesimulator/image_picker_ios/DerivedSources
               SHARED_FRAMEWORKS_FOLDER_PATH = image_picker_ios.framework/SharedFrameworks
               SHARED_PRECOMPS_DIR = /Users/carl.stanley/sites/UKCPA/ukcpa_flutter/build/ios/SharedPrecompiledHeaders
               SHARED_SUPPORT_FOLDER_PATH = image_picker_ios.framework
               SKIP_INSTALL = YES
               SOURCE_ROOT = /Users/carl.stanley/sites/UKCPA/ukcpa_flutter/ios/Pods
               SRCROOT = /Users/carl.stanley/sites/UKCPA/ukcpa_flutter/ios/Pods
               STRINGSDATA_DIR = /Users/carl.stanley/sites/UKCPA/ukcpa_flutter/build/ios/Pods.build/Release-iphonesimulator/image_picker_ios.build/Objects-normal/undefined_arch
               STRINGSDATA_ROOT = /Users/carl.stanley/sites/UKCPA/ukcpa_flutter/build/ios/Pods.build/Release-iphonesimulator/image_picker_ios.build
               STRINGS_FILE_INFOPLIST_RENAME = YES
               STRINGS_FILE_OUTPUT_ENCODING = binary
               STRIP_BITCODE_FROM_COPIED_FILES = NO
               STRIP_INSTALLED_PRODUCT = NO
               STRIP_STYLE = debugging
               STRIP_SWIFT_SYMBOLS = YES
               SUPPORTED_DEVICE_FAMILIES = 1,2
               SUPPORTED_PLATFORMS = iphoneos iphonesimulator
               SUPPORTS_TEXT_BASED_API = NO
               SUPPRESS_WARNINGS = NO
               SWIFT_ACTIVE_COMPILATION_CONDITIONS =  
               SWIFT_COMPILATION_MODE = wholemodule
               SWIFT_EMIT_LOC_STRINGS = NO
               SWIFT_INSTALL_MODULE_FOR_DEPLOYMENT = YES
               SWIFT_INSTALL_OBJC_HEADER = YES
               SWIFT_OPTIMIZATION_LEVEL = -O
               SWIFT_PLATFORM_TARGET_PREFIX = ios
               SWIFT_RESPONSE_FILE_PATH_normal_arm64 = /Users/carl.stanley/sites/UKCPA/ukcpa_flutter/build/ios/Pods.build/Release-iphonesimulator/image_picker_ios.build/Objects-normal/arm64/image_picker_ios.SwiftFileList
               SWIFT_RESPONSE_FILE_PATH_normal_x86_64 = /Users/carl.stanley/sites/UKCPA/ukcpa_flutter/build/ios/Pods.build/Release-iphonesimulator/image_picker_ios.build/Objects-normal/x86_64/image_picker_ios.SwiftFileList
               SWIFT_VERSION = 5.0
               SYMROOT = /Users/carl.stanley/sites/UKCPA/ukcpa_flutter/ios/build
               SYSTEM_ADMIN_APPS_DIR = /Applications/Utilities
               SYSTEM_APPS_DIR = /Applications
               SYSTEM_CORE_SERVICES_DIR = /System/Library/CoreServices
               SYSTEM_DEMOS_DIR = /Applications/Extras
               SYSTEM_DEVELOPER_APPS_DIR = /Applications/Xcode.app/Contents/Developer/Applications
               SYSTEM_DEVELOPER_BIN_DIR = /Applications/Xcode.app/Contents/Developer/usr/bin
               SYSTEM_DEVELOPER_DEMOS_DIR = /Applications/Xcode.app/Contents/Developer/Applications/Utilities/Built Examples
               SYSTEM_DEVELOPER_DIR = /Applications/Xcode.app/Contents/Developer
               SYSTEM_DEVELOPER_DOC_DIR = /Applications/Xcode.app/Contents/Developer/ADC Reference Library
               SYSTEM_DEVELOPER_GRAPHICS_TOOLS_DIR = /Applications/Xcode.app/Contents/Developer/Applications/Graphics Tools
               SYSTEM_DEVELOPER_JAVA_TOOLS_DIR = /Applications/Xcode.app/Contents/Developer/Applications/Java Tools
               SYSTEM_DEVELOPER_PERFORMANCE_TOOLS_DIR = /Applications/Xcode.app/Contents/Developer/Applications/Performance Tools
               SYSTEM_DEVELOPER_RELEASENOTES_DIR = /Applications/Xcode.app/Contents/Developer/ADC Reference Library/releasenotes
               SYSTEM_DEVELOPER_TOOLS = /Applications/Xcode.app/Contents/Developer/Tools
               SYSTEM_DEVELOPER_TOOLS_DOC_DIR = /Applications/Xcode.app/Contents/Developer/ADC Reference Library/documentation/DeveloperTools
               SYSTEM_DEVELOPER_TOOLS_RELEASENOTES_DIR = /Applications/Xcode.app/Contents/Developer/ADC Reference Library/releasenotes/DeveloperTools
               SYSTEM_DEVELOPER_USR_DIR = /Applications/Xcode.app/Contents/Developer/usr
               SYSTEM_DEVELOPER_UTILITIES_DIR = /Applications/Xcode.app/Contents/Developer/Applications/Utilities
               SYSTEM_DEXT_INSTALL_PATH = /System/Library/DriverExtensions
               SYSTEM_DOCUMENTATION_DIR = /Library/Documentation
               SYSTEM_EXTENSIONS_FOLDER_PATH = image_picker_ios.framework/SystemExtensions
               SYSTEM_EXTENSIONS_FOLDER_PATH_SHALLOW_BUNDLE_NO = image_picker_ios.framework/Library/SystemExtensions
               SYSTEM_EXTENSIONS_FOLDER_PATH_SHALLOW_BUNDLE_YES = image_picker_ios.framework/SystemExtensions
               SYSTEM_KEXT_INSTALL_PATH = /System/Library/Extensions
               SYSTEM_LIBRARY_DIR = /System/Library
               TAPI_DEMANGLE = YES
               TAPI_ENABLE_PROJECT_HEADERS = NO
               TAPI_LANGUAGE = objective-c
               TAPI_LANGUAGE_STANDARD = compiler-default
               TAPI_USE_SRCROOT = YES
               TAPI_VERIFY_MODE = Pedantic
               TARGETED_DEVICE_FAMILY = 1,2
               TARGETNAME = image_picker_ios
               TARGET_BUILD_DIR = /Users/carl.stanley/sites/UKCPA/ukcpa_flutter/build/ios/Release-iphonesimulator/image_picker_ios
               TARGET_NAME = image_picker_ios
               TARGET_TEMP_DIR = /Users/carl.stanley/sites/UKCPA/ukcpa_flutter/build/ios/Pods.build/Release-iphonesimulator/image_picker_ios.build
               TEMP_DIR = /Users/carl.stanley/sites/UKCPA/ukcpa_flutter/build/ios/Pods.build/Release-iphonesimulator/image_picker_ios.build
               TEMP_FILES_DIR = /Users/carl.stanley/sites/UKCPA/ukcpa_flutter/build/ios/Pods.build/Release-iphonesimulator/image_picker_ios.build
               TEMP_FILE_DIR = /Users/carl.stanley/sites/UKCPA/ukcpa_flutter/build/ios/Pods.build/Release-iphonesimulator/image_picker_ios.build
               TEMP_ROOT = /Users/carl.stanley/sites/UKCPA/ukcpa_flutter/build/ios
               TEST_FRAMEWORK_SEARCH_PATHS =  /Applications/Xcode.app/Contents/Developer/Platforms/iPhoneSimulator.platform/Developer/Library/Frameworks /Applications/Xcode.app/Contents/Developer/Platforms/iPhoneSimulator.platform/Developer/SDKs/iPhoneSimulator18.0.sdk/Developer/Library/Frameworks
               TEST_LIBRARY_SEARCH_PATHS =  /Applications/Xcode.app/Contents/Developer/Platforms/iPhoneSimulator.platform/Developer/usr/lib
               TOOLCHAINS = com.apple.dt.toolchain.XcodeDefault
               TOOLCHAIN_DIR = /Applications/Xcode.app/Contents/Developer/Toolchains/XcodeDefault.xctoolchain
               TREAT_MISSING_BASELINES_AS_TEST_FAILURES = NO
               TREAT_MISSING_SCRIPT_PHASE_OUTPUTS_AS_ERRORS = NO
               UID = 502
               UNINSTALLED_PRODUCTS_DIR = /Users/carl.stanley/sites/UKCPA/ukcpa_flutter/build/ios/UninstalledProducts
               UNLOCALIZED_RESOURCES_FOLDER_PATH = image_picker_ios.framework
               UNLOCALIZED_RESOURCES_FOLDER_PATH_SHALLOW_BUNDLE_NO = image_picker_ios.framework/Resources
               UNLOCALIZED_RESOURCES_FOLDER_PATH_SHALLOW_BUNDLE_YES = image_picker_ios.framework
               UNSTRIPPED_PRODUCT = NO
               USER = carl.stanley
               USER_APPS_DIR = /Users/carl.stanley/Applications
               USER_LIBRARY_DIR = /Users/carl.stanley/Library
               USE_DYNAMIC_NO_PIC = YES
               USE_HEADERMAP = YES
               USE_HEADER_SYMLINKS = NO
               USE_RECURSIVE_SCRIPT_INPUTS_IN_SCRIPT_PHASES = YES
               VALIDATE_DEVELOPMENT_ASSET_PATHS = YES_ERROR
               VALIDATE_PRODUCT = YES
               VALID_ARCHS = arm64 x86_64
               VERBOSE_PBXCP = NO
               VERSIONING_SYSTEM = apple-generic
               VERSIONPLIST_PATH = image_picker_ios.framework/version.plist
               VERSIONS_FOLDER_PATH = image_picker_ios.framework
               VERSIONS_FOLDER_PATH_SHALLOW_BUNDLE_NO = image_picker_ios.framework/Versions
               VERSIONS_FOLDER_PATH_SHALLOW_BUNDLE_YES = image_picker_ios.framework
               VERSION_INFO_BUILDER = carl.stanley
               VERSION_INFO_FILE = image_picker_ios_vers.c
               VERSION_INFO_STRING = "@(#)PROGRAM:image_picker_ios  PROJECT:Pods-1"
               WORKSPACE_DIR = /Users/carl.stanley/sites/UKCPA/ukcpa_flutter/ios/Pods/Pods.xcodeproj
               WRAPPER_EXTENSION = framework
               WRAPPER_NAME = image_picker_ios.framework
               WRAPPER_SUFFIX = .framework
               WRAP_ASSET_PACKS_IN_SEPARATE_DIRECTORIES = NO
               XCODE_APP_SUPPORT_DIR = /Applications/Xcode.app/Contents/Developer/Library/Xcode
               XCODE_PRODUCT_BUILD_VERSION = 16A242d
               XCODE_VERSION_ACTUAL = 1600
               XCODE_VERSION_MAJOR = 1600
               XCODE_VERSION_MINOR = 1600
               XPCSERVICES_FOLDER_PATH = image_picker_ios.framework/XPCServices
               YACC = yacc
               _WRAPPER_CONTENTS_DIR_SHALLOW_BUNDLE_NO = /Contents
               _WRAPPER_PARENT_PATH_SHALLOW_BUNDLE_NO = /..
               _WRAPPER_RESOURCES_DIR_SHALLOW_BUNDLE_NO = /Resources
               arch = undefined_arch
               variant = normal

           Build settings for action build and target image_picker_ios-image_picker_ios_privacy:
               ACTION = build
               AD_HOC_CODE_SIGNING_ALLOWED = YES
               ALLOW_BUILD_REQUEST_OVERRIDES = NO
               ALLOW_TARGET_PLATFORM_SPECIALIZATION = NO
               ALTERNATE_GROUP = staff
               ALTERNATE_MODE = u+w,go-w,a+rX
               ALTERNATE_OWNER = carl.stanley
               ALTERNATIVE_DISTRIBUTION_WEB = NO
               ALWAYS_EMBED_SWIFT_STANDARD_LIBRARIES = NO
               ALWAYS_SEARCH_USER_PATHS = NO
               ALWAYS_USE_SEPARATE_HEADERMAPS = NO
               APPLE_INTERNAL_DEVELOPER_DIR = /AppleInternal/Developer
               APPLE_INTERNAL_DIR = /AppleInternal
               APPLE_INTERNAL_DOCUMENTATION_DIR = /AppleInternal/Documentation
               APPLE_INTERNAL_LIBRARY_DIR = /AppleInternal/Library
               APPLE_INTERNAL_TOOLS = /AppleInternal/Developer/Tools
               APPLICATION_EXTENSION_API_ONLY = NO
               APPLY_RULES_IN_COPY_FILES = NO
               APPLY_RULES_IN_COPY_HEADERS = NO
               APP_SHORTCUTS_ENABLE_FLEXIBLE_MATCHING = YES
               ARCHS = arm64 x86_64
               ARCHS_STANDARD = arm64 x86_64
               ARCHS_STANDARD_32_64_BIT = arm64 i386 x86_64
               ARCHS_STANDARD_32_BIT = i386
               ARCHS_STANDARD_64_BIT = arm64 x86_64
               ARCHS_STANDARD_INCLUDING_64_BIT = arm64 x86_64
               ARCHS_UNIVERSAL_IPHONE_OS = arm64 i386 x86_64
               ASSETCATALOG_COMPILER_GENERATE_ASSET_SYMBOLS = YES
               AUTOMATICALLY_MERGE_DEPENDENCIES = NO
               AVAILABLE_PLATFORMS = appletvos appletvsimulator driverkit iphoneos iphonesimulator macosx watchos watchsimulator xros xrsimulator
               BITCODE_GENERATION_MODE = marker
               BUILD_ACTIVE_RESOURCES_ONLY = NO
               BUILD_COMPONENTS = headers build
               BUILD_DIR = /Users/carl.stanley/sites/UKCPA/ukcpa_flutter/build/ios
               BUILD_LIBRARY_FOR_DISTRIBUTION = NO
               BUILD_ROOT = /Users/carl.stanley/sites/UKCPA/ukcpa_flutter/ios/build
               BUILD_STYLE = 
               BUILD_VARIANTS = normal
               BUILT_PRODUCTS_DIR = /Users/carl.stanley/sites/UKCPA/ukcpa_flutter/build/ios/Release-iphonesimulator/image_picker_ios
               BUNDLE_CONTENTS_FOLDER_PATH_deep = Contents/
               BUNDLE_EXECUTABLE_FOLDER_NAME_deep = MacOS
               BUNDLE_EXTENSIONS_FOLDER_PATH = Extensions
               BUNDLE_FORMAT = shallow
               BUNDLE_FRAMEWORKS_FOLDER_PATH = Frameworks
               BUNDLE_PLUGINS_FOLDER_PATH = PlugIns
               BUNDLE_PRIVATE_HEADERS_FOLDER_PATH = PrivateHeaders
               BUNDLE_PUBLIC_HEADERS_FOLDER_PATH = Headers
               CACHE_ROOT = /var/folders/20/skb3d8qx2hn9r9z8036y32g40000gp/C/com.apple.DeveloperTools/16.0-16A242d/Xcode
               CCHROOT = /var/folders/20/skb3d8qx2hn9r9z8036y32g40000gp/C/com.apple.DeveloperTools/16.0-16A242d/Xcode
               CHMOD = /bin/chmod
               CHOWN = /usr/sbin/chown
               CLANG_ANALYZER_LOCALIZABILITY_NONLOCALIZED = YES
               CLANG_ANALYZER_NONNULL = YES
               CLANG_ANALYZER_NUMBER_OBJECT_CONVERSION = YES_AGGRESSIVE
               CLANG_CACHE_FINE_GRAINED_OUTPUTS = YES
               CLANG_CXX_LANGUAGE_STANDARD = gnu++14
               CLANG_CXX_LIBRARY = libc++
               CLANG_ENABLE_EXPLICIT_MODULES = YES
               CLANG_ENABLE_MODULES = YES
               CLANG_ENABLE_OBJC_ARC = YES
               CLANG_ENABLE_OBJC_WEAK = YES
               CLANG_MODULES_BUILD_SESSION_FILE = /var/folders/20/skb3d8qx2hn9r9z8036y32g40000gp/C/org.llvm.clang/ModuleCache.noindex/Session.modulevalidation
               CLANG_WARN_BLOCK_CAPTURE_AUTORELEASING = YES
               CLANG_WARN_BOOL_CONVERSION = YES
               CLANG_WARN_COMMA = YES
               CLANG_WARN_CONSTANT_CONVERSION = YES
               CLANG_WARN_DEPRECATED_OBJC_IMPLEMENTATIONS = YES
               CLANG_WARN_DIRECT_OBJC_ISA_USAGE = YES_ERROR
               CLANG_WARN_DOCUMENTATION_COMMENTS = YES
               CLANG_WARN_EMPTY_BODY = YES
               CLANG_WARN_ENUM_CONVERSION = YES
               CLANG_WARN_INFINITE_RECURSION = YES
               CLANG_WARN_INT_CONVERSION = YES
               CLANG_WARN_NON_LITERAL_NULL_CONVERSION = YES
               CLANG_WARN_OBJC_IMPLICIT_RETAIN_SELF = YES
               CLANG_WARN_OBJC_LITERAL_CONVERSION = YES
               CLANG_WARN_OBJC_ROOT_CLASS = YES_ERROR
               CLANG_WARN_QUOTED_INCLUDE_IN_FRAMEWORK_HEADER = NO
               CLANG_WARN_RANGE_LOOP_ANALYSIS = YES
               CLANG_WARN_STRICT_PROTOTYPES = YES
               CLANG_WARN_SUSPICIOUS_MOVE = YES
               CLANG_WARN_UNGUARDED_AVAILABILITY = YES_AGGRESSIVE
               CLANG_WARN_UNREACHABLE_CODE = YES
               CLANG_WARN__DUPLICATE_METHOD_MATCH = YES
               CLASS_FILE_DIR = /Users/carl.stanley/sites/UKCPA/ukcpa_flutter/build/ios/Pods.build/Release-iphonesimulator/image_picker_ios-image_picker_ios_privacy.build/JavaClasses
               CLEAN_PRECOMPS = YES
               CLONE_HEADERS = NO
               CODESIGNING_FOLDER_PATH = /Users/carl.stanley/sites/UKCPA/ukcpa_flutter/build/ios/Release-iphonesimulator/image_picker_ios/image_picker_ios_privacy.bundle
               CODE_SIGNING_ALLOWED = NO
               CODE_SIGNING_IDENTITY = -
               CODE_SIGNING_REQUIRED = NO
               CODE_SIGN_CONTEXT_CLASS = XCiPhoneSimulatorCodeSignContext
               CODE_SIGN_IDENTITY = -
               CODE_SIGN_INJECT_BASE_ENTITLEMENTS = YES
               COLOR_DIAGNOSTICS = NO
               COMBINE_HIDPI_IMAGES = NO
               COMPILATION_CACHE_CAS_PATH = /var/folders/20/skb3d8qx2hn9r9z8036y32g40000gp/C/com.apple.DeveloperTools/16.0-16A242d/Xcode/CompilationCache.noindex
               COMPILATION_CACHE_KEEP_CAS_DIRECTORY = YES
               COMPILER_INDEX_STORE_ENABLE = Default
               COMPOSITE_SDK_DIRS = /Users/carl.stanley/sites/UKCPA/ukcpa_flutter/build/ios/CompositeSDKs
               COMPRESS_PNG_FILES = YES
               CONFIGURATION = Release
               CONFIGURATION_BUILD_DIR = /Users/carl.stanley/sites/UKCPA/ukcpa_flutter/build/ios/Release-iphonesimulator/image_picker_ios
               CONFIGURATION_TEMP_DIR = /Users/carl.stanley/sites/UKCPA/ukcpa_flutter/build/ios/Pods.build/Release-iphonesimulator
               CONTENTS_FOLDER_PATH = image_picker_ios_privacy.bundle
               CONTENTS_FOLDER_PATH_SHALLOW_BUNDLE_NO = image_picker_ios_privacy.bundle/Contents
               CONTENTS_FOLDER_PATH_SHALLOW_BUNDLE_YES = image_picker_ios_privacy.bundle
               COPYING_PRESERVES_HFS_DATA = NO
               COPY_HEADERS_RUN_UNIFDEF = NO
               COPY_PHASE_STRIP = NO
               CORRESPONDING_DEVICE_PLATFORM_DIR = /Applications/Xcode.app/Contents/Developer/Platforms/iPhoneOS.platform
               CORRESPONDING_DEVICE_PLATFORM_NAME = iphoneos
               CORRESPONDING_DEVICE_SDK_DIR = /Applications/Xcode.app/Contents/Developer/Platforms/iPhoneOS.platform/Developer/SDKs/iPhoneOS18.0.sdk
               CORRESPONDING_DEVICE_SDK_NAME = iphoneos18.0
               CP = /bin/cp
               CREATE_INFOPLIST_SECTION_IN_BINARY = NO
               CURRENT_ARCH = undefined_arch
               CURRENT_VARIANT = normal
               DEAD_CODE_STRIPPING = YES
               DEBUGGING_SYMBOLS = YES
               DEBUG_INFORMATION_FORMAT = dwarf-with-dsym
               DEBUG_INFORMATION_VERSION = compiler-default
               DEFAULT_COMPILER = com.apple.compilers.llvm.clang.1_0
               DEFAULT_DEXT_INSTALL_PATH = /System/Library/DriverExtensions
               DEFAULT_KEXT_INSTALL_PATH = /System/Library/Extensions
               DEFINES_MODULE = YES
               DEPLOYMENT_LOCATION = NO
               DEPLOYMENT_POSTPROCESSING = NO
               DEPLOYMENT_TARGET_SETTING_NAME = IPHONEOS_DEPLOYMENT_TARGET
               DEPLOYMENT_TARGET_SUGGESTED_VALUES = 12.0 12.1 12.2 12.3 12.4 13.0 13.1 13.2 13.3 13.4 13.5 13.6 14.0 14.1 14.2 14.3 14.4 14.5 14.6 14.7 15.0 15.1 15.2 15.3 15.4 15.5 15.6 16.0 16.1 16.2 16.3 16.4 16.5 16.6 17.0 17.1 17.2 17.3 17.4 17.5 17.6 18.0
               DERIVED_FILES_DIR = /Users/carl.stanley/sites/UKCPA/ukcpa_flutter/build/ios/Pods.build/Release-iphonesimulator/image_picker_ios-image_picker_ios_privacy.build/DerivedSources
               DERIVED_FILE_DIR = /Users/carl.stanley/sites/UKCPA/ukcpa_flutter/build/ios/Pods.build/Release-iphonesimulator/image_picker_ios-image_picker_ios_privacy.build/DerivedSources
               DERIVED_SOURCES_DIR = /Users/carl.stanley/sites/UKCPA/ukcpa_flutter/build/ios/Pods.build/Release-iphonesimulator/image_picker_ios-image_picker_ios_privacy.build/DerivedSources
               DEVELOPER_APPLICATIONS_DIR = /Applications/Xcode.app/Contents/Developer/Applications
               DEVELOPER_BIN_DIR = /Applications/Xcode.app/Contents/Developer/usr/bin
               DEVELOPER_DIR = /Applications/Xcode.app/Contents/Developer
               DEVELOPER_FRAMEWORKS_DIR = /Applications/Xcode.app/Contents/Developer/Library/Frameworks
               DEVELOPER_FRAMEWORKS_DIR_QUOTED = /Applications/Xcode.app/Contents/Developer/Library/Frameworks
               DEVELOPER_LIBRARY_DIR = /Applications/Xcode.app/Contents/Developer/Library
               DEVELOPER_SDK_DIR = /Applications/Xcode.app/Contents/Developer/Platforms/MacOSX.platform/Developer/SDKs
               DEVELOPER_TOOLS_DIR = /Applications/Xcode.app/Contents/Developer/Tools
               DEVELOPER_USR_DIR = /Applications/Xcode.app/Contents/Developer/usr
               DEVELOPMENT_LANGUAGE = en
               DIFF = /usr/bin/diff
               DOCUMENTATION_FOLDER_PATH = image_picker_ios_privacy.bundle/en.lproj/Documentation
               DONT_GENERATE_INFOPLIST_FILE = NO
               DSTROOT = /tmp/Pods.dst
               DT_TOOLCHAIN_DIR = /Applications/Xcode.app/Contents/Developer/Toolchains/XcodeDefault.xctoolchain
               DWARF_DSYM_FILE_NAME = image_picker_ios_privacy.bundle.dSYM
               DWARF_DSYM_FILE_SHOULD_ACCOMPANY_PRODUCT = NO
               DWARF_DSYM_FOLDER_PATH = /Users/carl.stanley/sites/UKCPA/ukcpa_flutter/build/ios/Release-iphonesimulator/image_picker_ios
               DYNAMIC_LIBRARY_EXTENSION = dylib
               EAGER_COMPILATION_ALLOW_SCRIPTS = NO
               EAGER_LINKING = NO
               EFFECTIVE_PLATFORM_NAME = -iphonesimulator
               EMBEDDED_CONTENT_CONTAINS_SWIFT = NO
               EMBED_ASSET_PACKS_IN_PRODUCT_BUNDLE = NO
               ENABLE_APP_SANDBOX = NO
               ENABLE_BITCODE = NO
               ENABLE_CODE_COVERAGE = YES
               ENABLE_DEFAULT_HEADER_SEARCH_PATHS = YES
               ENABLE_DEFAULT_SEARCH_PATHS = YES
               ENABLE_HARDENED_RUNTIME = NO
               ENABLE_HEADER_DEPENDENCIES = YES
               ENABLE_NS_ASSERTIONS = NO
               ENABLE_ON_DEMAND_RESOURCES = NO
               ENABLE_STRICT_OBJC_MSGSEND = YES
               ENABLE_TESTABILITY = NO
               ENABLE_TESTING_SEARCH_PATHS = NO
               ENABLE_USER_SCRIPT_SANDBOXING = NO
               ENTITLEMENTS_DESTINATION = __entitlements
               ENTITLEMENTS_REQUIRED = NO
               EXCLUDED_INSTALLSRC_SUBDIRECTORY_PATTERNS = .DS_Store .svn .git .hg CVS
               EXCLUDED_RECURSIVE_SEARCH_PATH_SUBDIRECTORIES = *.nib *.lproj *.framework *.gch *.xcode* *.xcassets (*) .DS_Store CVS .svn .git .hg *.pbproj *.pbxproj
               EXECUTABLES_FOLDER_PATH = image_picker_ios_privacy.bundle/Executables
               EXECUTABLE_FOLDER_PATH = image_picker_ios_privacy.bundle
               EXECUTABLE_FOLDER_PATH_SHALLOW_BUNDLE_NO = image_picker_ios_privacy.bundle/MacOS
               EXECUTABLE_FOLDER_PATH_SHALLOW_BUNDLE_YES = image_picker_ios_privacy.bundle
               EXECUTABLE_NAME = image_picker_ios_privacy
               EXECUTABLE_PATH = image_picker_ios_privacy.bundle/image_picker_ios_privacy
               EXPANDED_CODE_SIGN_IDENTITY = -
               EXTENSIONS_FOLDER_PATH = image_picker_ios_privacy.bundle/Extensions
               FILE_LIST = /Users/carl.stanley/sites/UKCPA/ukcpa_flutter/build/ios/Pods.build/Release-iphonesimulator/image_picker_ios-image_picker_ios_privacy.build/Objects/LinkFileList
               FIXED_FILES_DIR = /Users/carl.stanley/sites/UKCPA/ukcpa_flutter/build/ios/Pods.build/Release-iphonesimulator/image_picker_ios-image_picker_ios_privacy.build/FixedFiles
               FRAMEWORKS_FOLDER_PATH = image_picker_ios_privacy.bundle/Frameworks
               FRAMEWORK_FLAG_PREFIX = -framework
               FRAMEWORK_SEARCH_PATHS = /Users/carl.stanley/sites/UKCPA/ukcpa_flutter/build/ios/Release-iphonesimulator/image_picker_ios 
               FRAMEWORK_VERSION = A
               FULL_PRODUCT_NAME = image_picker_ios_privacy.bundle
               FUSE_BUILD_PHASES = YES
               FUSE_BUILD_SCRIPT_PHASES = NO
               GCC3_VERSION = 3.3
               GCC_C_LANGUAGE_STANDARD = gnu11
               GCC_INLINES_ARE_PRIVATE_EXTERN = YES
               GCC_NO_COMMON_BLOCKS = YES
               GCC_OBJC_LEGACY_DISPATCH = YES
               GCC_PFE_FILE_C_DIALECTS = c objective-c c++ objective-c++
               GCC_PREPROCESSOR_DEFINITIONS = POD_CONFIGURATION_RELEASE=1  COCOAPODS=1
               GCC_TREAT_WARNINGS_AS_ERRORS = NO
               GCC_VERSION = com.apple.compilers.llvm.clang.1_0
               GCC_VERSION_IDENTIFIER = com_apple_compilers_llvm_clang_1_0
               GCC_WARN_64_TO_32_BIT_CONVERSION = YES
               GCC_WARN_ABOUT_RETURN_TYPE = YES_ERROR
               GCC_WARN_UNDECLARED_SELECTOR = YES
               GCC_WARN_UNINITIALIZED_AUTOS = YES_AGGRESSIVE
               GCC_WARN_UNUSED_FUNCTION = YES
               GCC_WARN_UNUSED_VARIABLE = YES
               GENERATED_MODULEMAP_DIR = /Users/carl.stanley/sites/UKCPA/ukcpa_flutter/build/ios/GeneratedModuleMaps-iphonesimulator
               GENERATE_INFOPLIST_FILE = NO
               GENERATE_INTERMEDIATE_TEXT_BASED_STUBS = YES
               GENERATE_MASTER_OBJECT_FILE = NO
               GENERATE_PKGINFO_FILE = NO
               GENERATE_PROFILING_CODE = NO
               GENERATE_TEXT_BASED_STUBS = NO
               GID = 20
               GROUP = staff
               HEADERMAP_INCLUDES_FLAT_ENTRIES_FOR_TARGET_BEING_BUILT = YES
               HEADERMAP_INCLUDES_FRAMEWORK_ENTRIES_FOR_ALL_PRODUCT_TYPES = YES
               HEADERMAP_INCLUDES_FRAMEWORK_ENTRIES_FOR_TARGETS_NOT_BEING_BUILT = YES
               HEADERMAP_INCLUDES_NONPUBLIC_NONPRIVATE_HEADERS = YES
               HEADERMAP_INCLUDES_PROJECT_HEADERS = YES
               HEADERMAP_USES_FRAMEWORK_PREFIX_ENTRIES = YES
               HEADERMAP_USES_VFS = YES
               HEADER_SEARCH_PATHS = /Users/carl.stanley/sites/UKCPA/ukcpa_flutter/build/ios/Release-iphonesimulator/image_picker_ios/include 
               HIDE_BITCODE_SYMBOLS = YES
               HOME = /Users/carl.stanley
               HOST_ARCH = arm64
               HOST_PLATFORM = macosx
               IBSC_MODULE = image_picker_ios
               ICONV = /usr/bin/iconv
               IMPLICIT_DEPENDENCY_DOMAIN = default
               INFOPLIST_ENABLE_CFBUNDLEICONS_MERGE = YES
               INFOPLIST_EXPAND_BUILD_SETTINGS = YES
               INFOPLIST_FILE = Target Support Files/image_picker_ios/ResourceBundle-image_picker_ios_privacy-image_picker_ios-Info.plist
               INFOPLIST_OUTPUT_FORMAT = binary
               INFOPLIST_PATH = image_picker_ios_privacy.bundle/Info.plist
               INFOPLIST_PREPROCESS = NO
               INFOSTRINGS_PATH = image_picker_ios_privacy.bundle/en.lproj/InfoPlist.strings
               INLINE_PRIVATE_FRAMEWORKS = NO
               INSTALLHDRS_COPY_PHASE = NO
               INSTALLHDRS_SCRIPT_PHASE = NO
               INSTALL_DIR = /tmp/Pods.dst
               INSTALL_GROUP = staff
               INSTALL_MODE_FLAG = u+w,go-w,a+rX
               INSTALL_OWNER = carl.stanley
               INSTALL_ROOT = /tmp/Pods.dst
               IPHONEOS_DEPLOYMENT_TARGET = 13.0
               IS_UNOPTIMIZED_BUILD = NO
               JAVAC_DEFAULT_FLAGS = -J-Xms64m -J-XX:NewSize=4M -J-Dfile.encoding=UTF8
               JAVA_APP_STUB = /System/Library/Frameworks/JavaVM.framework/Resources/MacOS/JavaApplicationStub
               JAVA_ARCHIVE_CLASSES = YES
               JAVA_ARCHIVE_TYPE = JAR
               JAVA_COMPILER = /usr/bin/javac
               JAVA_FOLDER_PATH = image_picker_ios_privacy.bundle/Java
               JAVA_FRAMEWORK_RESOURCES_DIRS = Resources
               JAVA_JAR_FLAGS = cv
               JAVA_SOURCE_SUBDIR = .
               JAVA_USE_DEPENDENCIES = YES
               JAVA_ZIP_FLAGS = -urg
               JIKES_DEFAULT_FLAGS = +E +OLDCSO
               KEEP_PRIVATE_EXTERNS = NO
               LD_DEPENDENCY_INFO_FILE = /Users/carl.stanley/sites/UKCPA/ukcpa_flutter/build/ios/Pods.build/Release-iphonesimulator/image_picker_ios-image_picker_ios_privacy.build/Objects-normal/undefined_arch/image_picker_ios_privacy_dependency_info.dat
               LD_EXPORT_SYMBOLS = YES
               LD_GENERATE_MAP_FILE = NO
               LD_MAP_FILE_PATH = /Users/carl.stanley/sites/UKCPA/ukcpa_flutter/build/ios/Pods.build/Release-iphonesimulator/image_picker_ios-image_picker_ios_privacy.build/image_picker_ios_privacy-LinkMap-normal-undefined_arch.txt
               LD_NO_PIE = NO
               LD_QUOTE_LINKER_ARGUMENTS_FOR_COMPILER_DRIVER = YES
               LD_SHARED_CACHE_ELIGIBLE = Automatic
               LD_WARN_DUPLICATE_LIBRARIES = NO
               LD_WARN_UNUSED_DYLIBS = NO
               LEGACY_DEVELOPER_DIR = /Applications/Xcode.app/Contents/PlugIns/Xcode3Core.ideplugin/Contents/SharedSupport/Developer
               LEX = lex
               LIBRARY_DEXT_INSTALL_PATH = /Library/DriverExtensions
               LIBRARY_FLAG_NOSPACE = YES
               LIBRARY_FLAG_PREFIX = -l
               LIBRARY_KEXT_INSTALL_PATH = /Library/Extensions
               LIBRARY_SEARCH_PATHS = /Users/carl.stanley/sites/UKCPA/ukcpa_flutter/build/ios/Release-iphonesimulator/image_picker_ios 
               LINKER_DISPLAYS_MANGLED_NAMES = NO
               LINK_FILE_LIST_normal_arm64 = /Users/carl.stanley/sites/UKCPA/ukcpa_flutter/build/ios/Pods.build/Release-iphonesimulator/image_picker_ios-image_picker_ios_privacy.build/Objects-normal/arm64/image_picker_ios_privacy.LinkFileList
               LINK_FILE_LIST_normal_x86_64 = /Users/carl.stanley/sites/UKCPA/ukcpa_flutter/build/ios/Pods.build/Release-iphonesimulator/image_picker_ios-image_picker_ios_privacy.build/Objects-normal/x86_64/image_picker_ios_privacy.LinkFileList
               LINK_OBJC_RUNTIME = YES
               LINK_WITH_STANDARD_LIBRARIES = YES
               LLVM_TARGET_TRIPLE_OS_VERSION = ios13.0
               LLVM_TARGET_TRIPLE_SUFFIX = -simulator
               LLVM_TARGET_TRIPLE_VENDOR = apple
               LM_AUX_CONST_METADATA_LIST_PATH_normal_arm64 = /Users/carl.stanley/sites/UKCPA/ukcpa_flutter/build/ios/Pods.build/Release-iphonesimulator/image_picker_ios-image_picker_ios_privacy.build/Objects-normal/arm64/image_picker_ios_privacy.SwiftConstValuesFileList
               LM_AUX_CONST_METADATA_LIST_PATH_normal_x86_64 = /Users/carl.stanley/sites/UKCPA/ukcpa_flutter/build/ios/Pods.build/Release-iphonesimulator/image_picker_ios-image_picker_ios_privacy.build/Objects-normal/x86_64/image_picker_ios_privacy.SwiftConstValuesFileList
               LOCALIZATION_EXPORT_SUPPORTED = YES
               LOCALIZATION_PREFERS_STRING_CATALOGS = NO
               LOCALIZED_RESOURCES_FOLDER_PATH = image_picker_ios_privacy.bundle/en.lproj
               LOCALIZED_STRING_MACRO_NAMES = NSLocalizedString CFCopyLocalizedString
               LOCALIZED_STRING_SWIFTUI_SUPPORT = YES
               LOCAL_ADMIN_APPS_DIR = /Applications/Utilities
               LOCAL_APPS_DIR = /Applications
               LOCAL_DEVELOPER_DIR = /Library/Developer
               LOCAL_LIBRARY_DIR = /Library
               LOCROOT = /Users/carl.stanley/sites/UKCPA/ukcpa_flutter/ios/Pods
               LOCSYMROOT = /Users/carl.stanley/sites/UKCPA/ukcpa_flutter/ios/Pods
               MACH_O_TYPE = mh_bundle
               MAC_OS_X_PRODUCT_BUILD_VERSION = 24G84
               MAC_OS_X_VERSION_ACTUAL = 150600
               MAC_OS_X_VERSION_MAJOR = 150000
               MAC_OS_X_VERSION_MINOR = 150600
               MAKE_MERGEABLE = NO
               MERGEABLE_LIBRARY = NO
               MERGED_BINARY_TYPE = none
               MERGE_LINKED_LIBRARIES = NO
               METAL_LIBRARY_FILE_BASE = default
               METAL_LIBRARY_OUTPUT_DIR = /Users/carl.stanley/sites/UKCPA/ukcpa_flutter/build/ios/Release-iphonesimulator/image_picker_ios/image_picker_ios_privacy.bundle
               MODULES_FOLDER_PATH = image_picker_ios_privacy.bundle/Modules
               MTL_ENABLE_DEBUG_INFO = NO
               MTL_FAST_MATH = YES
               NATIVE_ARCH = arm64
               NATIVE_ARCH_32_BIT = arm
               NATIVE_ARCH_64_BIT = arm64
               NATIVE_ARCH_ACTUAL = arm64
               NO_COMMON = YES
               OBJC_ABI_VERSION = 2
               OBJECT_FILE_DIR = /Users/carl.stanley/sites/UKCPA/ukcpa_flutter/build/ios/Pods.build/Release-iphonesimulator/image_picker_ios-image_picker_ios_privacy.build/Objects
               OBJECT_FILE_DIR_normal = /Users/carl.stanley/sites/UKCPA/ukcpa_flutter/build/ios/Pods.build/Release-iphonesimulator/image_picker_ios-image_picker_ios_privacy.build/Objects-normal
               OBJROOT = /Users/carl.stanley/sites/UKCPA/ukcpa_flutter/build/ios
               ONLY_ACTIVE_ARCH = NO
               OS = MACOS
               OSAC = /usr/bin/osacompile
               PACKAGE_TYPE = com.apple.package-type.wrapper
               PASCAL_STRINGS = YES
               PATH = /Applications/Xcode.app/Contents/SharedFrameworks/XCBuild.framework/Versions/A/PlugIns/XCBBuildService.bundle/Contents/PlugIns/XCBSpecifications.ideplugin/Contents/Resources:/Applications/Xcode.app/Contents/SharedFrameworks/XCBuild.framework/Versions/A/PlugIns/XCBBuildService.bundle/Contents/PlugIns/XCBSpecifications.ideplugin:/Applications/Xcode.app/Contents/Developer/Toolchains/XcodeDefault.xctoolchain/usr/bin:/Applications/Xcode.app/Contents/Developer/Toolchains/XcodeDefault.xctoolchain/usr/appleinternal/bin:/Applications/Xcode.app/Contents/Developer/Toolchains/XcodeDefault.xctoolchain/usr/local/bin:/Applications/Xcode.app/Contents/Developer/Toolchains/XcodeDefault.xctoolchain/usr/libexec:/Applications/Xcode.app/Contents/Developer/Platforms/iPhoneSimulator.platform/usr/bin:/Applications/Xcode.app/Contents/Developer/Platforms/iPhoneSimulator.platform/usr/appleinternal/bin:/Applications/Xcode.app/Contents/Developer/Platforms/iPhoneSimulator.platform/usr/local/bin:/Applications/Xcode.app/Contents/Developer/Platforms/iPhoneSimulator.platform/Developer/usr/bin:/Applications/Xcode.app/Contents/Developer/Platforms/iPhoneSimulator.platform/Developer/usr/local/bin:/Applications/Xcode.app/Contents/Developer/usr/bin:/Applications/Xcode.app/Contents/Developer/usr/local/bin:/opt/homebrew/Cellar/pyenv-virtualenv/1.2.4/shims:/Users/carl.stanley/.pyenv/shims:/Users/carl.stanley/.pyenv/bin:/Users/carl.stanley/.nvm/versions/node/v18.17.0/bin:/Users/carl.stanley/development/flutter/bin:/opt/homebrew/bin:/opt/homebrew/sbin:/Users/carl.stanley/.local/bin:/usr/local/bin:/System/Cryptexes/App/usr/bin:/usr/bin:/bin:/usr/sbin:/sbin:/var/run/com.apple.security.cryptexd/codex.system/bootstrap/usr/local/bin:/var/run/com.apple.security.cryptexd/codex.system/bootstrap/usr/bin:/var/run/com.apple.security.cryptexd/codex.system/bootstrap/usr/appleinternal/bin:/Library/Apple/usr/bin:/usr/local/sbin:/usr/local/go/bin:/Users/carl.stanley/.pub-cache/bin
               PATH_PREFIXES_EXCLUDED_FROM_HEADER_DEPENDENCIES = /usr/include /usr/local/include /System/Library/Frameworks /System/Library/PrivateFrameworks /Applications/Xcode.app/Contents/Developer/Headers /Applications/Xcode.app/Contents/Developer/SDKs /Applications/Xcode.app/Contents/Developer/Platforms
               PBDEVELOPMENTPLIST_PATH = image_picker_ios_privacy.bundle/pbdevelopment.plist
               PER_ARCH_OBJECT_FILE_DIR = /Users/carl.stanley/sites/UKCPA/ukcpa_flutter/build/ios/Pods.build/Release-iphonesimulator/image_picker_ios-image_picker_ios_privacy.build/Objects-normal/undefined_arch
               PER_VARIANT_OBJECT_FILE_DIR = /Users/carl.stanley/sites/UKCPA/ukcpa_flutter/build/ios/Pods.build/Release-iphonesimulator/image_picker_ios-image_picker_ios_privacy.build/Objects-normal
               PKGINFO_FILE_PATH = /Users/carl.stanley/sites/UKCPA/ukcpa_flutter/build/ios/Pods.build/Release-iphonesimulator/image_picker_ios-image_picker_ios_privacy.build/PkgInfo
               PKGINFO_PATH = image_picker_ios_privacy.bundle/PkgInfo
               PLATFORM_DEVELOPER_APPLICATIONS_DIR = /Applications/Xcode.app/Contents/Developer/Platforms/iPhoneSimulator.platform/Developer/Applications
               PLATFORM_DEVELOPER_BIN_DIR = /Applications/Xcode.app/Contents/Developer/Platforms/iPhoneSimulator.platform/Developer/usr/bin
               PLATFORM_DEVELOPER_LIBRARY_DIR = /Applications/Xcode.app/Contents/Developer/Platforms/iPhoneSimulator.platform/Developer/Library
               PLATFORM_DEVELOPER_SDK_DIR = /Applications/Xcode.app/Contents/Developer/Platforms/iPhoneSimulator.platform/Developer/SDKs
               PLATFORM_DEVELOPER_TOOLS_DIR = /Applications/Xcode.app/Contents/Developer/Platforms/iPhoneSimulator.platform/Developer/Tools
               PLATFORM_DEVELOPER_USR_DIR = /Applications/Xcode.app/Contents/Developer/Platforms/iPhoneSimulator.platform/Developer/usr
               PLATFORM_DIR = /Applications/Xcode.app/Contents/Developer/Platforms/iPhoneSimulator.platform
               PLATFORM_DISPLAY_NAME = iOS Simulator
               PLATFORM_FAMILY_NAME = iOS
               PLATFORM_NAME = iphonesimulator
               PLATFORM_PREFERRED_ARCH = x86_64
               PLATFORM_PRODUCT_BUILD_VERSION = 22A3362
               PLIST_FILE_OUTPUT_FORMAT = binary
               PLUGINS_FOLDER_PATH = image_picker_ios_privacy.bundle/PlugIns
               PODS_BUILD_DIR = /Users/carl.stanley/sites/UKCPA/ukcpa_flutter/build/ios
               PODS_CONFIGURATION_BUILD_DIR = /Users/carl.stanley/sites/UKCPA/ukcpa_flutter/build/ios/Release-iphonesimulator
               PODS_DEVELOPMENT_LANGUAGE = en
               PODS_ROOT = /Users/carl.stanley/sites/UKCPA/ukcpa_flutter/ios/Pods
               PODS_TARGET_SRCROOT = /Users/carl.stanley/sites/UKCPA/ukcpa_flutter/ios/Pods/../.symlinks/plugins/image_picker_ios/ios
               PODS_XCFRAMEWORKS_BUILD_DIR = /Users/carl.stanley/sites/UKCPA/ukcpa_flutter/build/ios/Release-iphonesimulator/XCFrameworkIntermediates
               PRECOMPS_INCLUDE_HEADERS_FROM_BUILT_PRODUCTS_DIR = YES
               PRECOMP_DESTINATION_DIR = /Users/carl.stanley/sites/UKCPA/ukcpa_flutter/build/ios/Pods.build/Release-iphonesimulator/image_picker_ios-image_picker_ios_privacy.build/PrefixHeaders
               PRIVATE_HEADERS_FOLDER_PATH = image_picker_ios_privacy.bundle/PrivateHeaders
               PROCESSED_INFOPLIST_PATH = /Users/carl.stanley/sites/UKCPA/ukcpa_flutter/build/ios/Pods.build/Release-iphonesimulator/image_picker_ios-image_picker_ios_privacy.build/Objects-normal/undefined_arch/Processed-Info.plist
               PRODUCT_BUNDLE_IDENTIFIER = org.cocoapods.image-picker-ios-privacy
               PRODUCT_BUNDLE_PACKAGE_TYPE = BNDL
               PRODUCT_MODULE_NAME = image_picker_ios_privacy
               PRODUCT_NAME = image_picker_ios_privacy
               PRODUCT_SETTINGS_PATH = /Users/carl.stanley/sites/UKCPA/ukcpa_flutter/ios/Pods/Target Support Files/image_picker_ios/ResourceBundle-image_picker_ios_privacy-image_picker_ios-Info.plist
               PRODUCT_TYPE = com.apple.product-type.bundle
               PROFILING_CODE = NO
               PROJECT = Pods
               PROJECT_DERIVED_FILE_DIR = /Users/carl.stanley/sites/UKCPA/ukcpa_flutter/build/ios/Pods.build/DerivedSources
               PROJECT_DIR = /Users/carl.stanley/sites/UKCPA/ukcpa_flutter/ios/Pods
               PROJECT_FILE_PATH = /Users/carl.stanley/sites/UKCPA/ukcpa_flutter/ios/Pods/Pods.xcodeproj
               PROJECT_GUID = bfdfe7dc352907fc980b868725387e98
               PROJECT_NAME = Pods
               PROJECT_TEMP_DIR = /Users/carl.stanley/sites/UKCPA/ukcpa_flutter/build/ios/Pods.build
               PROJECT_TEMP_ROOT = /Users/carl.stanley/sites/UKCPA/ukcpa_flutter/build/ios
               PUBLIC_HEADERS_FOLDER_PATH = image_picker_ios_privacy.bundle/Headers
               RECOMMENDED_IPHONEOS_DEPLOYMENT_TARGET = 15.0
               RECURSIVE_SEARCH_PATHS_FOLLOW_SYMLINKS = YES
               REMOVE_CVS_FROM_RESOURCES = YES
               REMOVE_GIT_FROM_RESOURCES = YES
               REMOVE_HEADERS_FROM_EMBEDDED_BUNDLES = YES
               REMOVE_HG_FROM_RESOURCES = YES
               REMOVE_STATIC_EXECUTABLES_FROM_EMBEDDED_BUNDLES = YES
               REMOVE_SVN_FROM_RESOURCES = YES
               RESCHEDULE_INDEPENDENT_HEADERS_PHASES = YES
               REZ_COLLECTOR_DIR = /Users/carl.stanley/sites/UKCPA/ukcpa_flutter/build/ios/Pods.build/Release-iphonesimulator/image_picker_ios-image_picker_ios_privacy.build/ResourceManagerResources
               REZ_OBJECTS_DIR = /Users/carl.stanley/sites/UKCPA/ukcpa_flutter/build/ios/Pods.build/Release-iphonesimulator/image_picker_ios-image_picker_ios_privacy.build/ResourceManagerResources/Objects
               REZ_SEARCH_PATHS = /Users/carl.stanley/sites/UKCPA/ukcpa_flutter/build/ios/Release-iphonesimulator/image_picker_ios 
               SCAN_ALL_SOURCE_FILES_FOR_INCLUDES = NO
               SCRIPTS_FOLDER_PATH = image_picker_ios_privacy.bundle/Scripts
               SDKROOT = /Applications/Xcode.app/Contents/Developer/Platforms/iPhoneSimulator.platform/Developer/SDKs/iPhoneSimulator18.0.sdk
               SDK_DIR = /Applications/Xcode.app/Contents/Developer/Platforms/iPhoneSimulator.platform/Developer/SDKs/iPhoneSimulator18.0.sdk
               SDK_DIR_iphonesimulator = /Applications/Xcode.app/Contents/Developer/Platforms/iPhoneSimulator.platform/Developer/SDKs/iPhoneSimulator18.0.sdk
               SDK_DIR_iphonesimulator18_0 = /Applications/Xcode.app/Contents/Developer/Platforms/iPhoneSimulator.platform/Developer/SDKs/iPhoneSimulator18.0.sdk
               SDK_NAME = iphonesimulator18.0
               SDK_NAMES = iphonesimulator18.0
               SDK_PRODUCT_BUILD_VERSION = 22A3362
               SDK_STAT_CACHE_DIR = /var/folders/20/skb3d8qx2hn9r9z8036y32g40000gp/C/com.apple.DeveloperTools/16.0-16A242d/Xcode
               SDK_STAT_CACHE_ENABLE = YES
               SDK_STAT_CACHE_PATH = /var/folders/20/skb3d8qx2hn9r9z8036y32g40000gp/C/com.apple.DeveloperTools/16.0-16A242d/Xcode/SDKStatCaches.noindex/iphonesimulator18.0-22A3362-db63dc9361471f152f572502bdbfe70a.sdkstatcache
               SDK_VERSION = 18.0
               SDK_VERSION_ACTUAL = 180000
               SDK_VERSION_MAJOR = 180000
               SDK_VERSION_MINOR = 180000
               SED = /usr/bin/sed
               SEPARATE_STRIP = NO
               SEPARATE_SYMBOL_EDIT = NO
               SET_DIR_MODE_OWNER_GROUP = YES
               SET_FILE_MODE_OWNER_GROUP = NO
               SHALLOW_BUNDLE = YES
               SHALLOW_BUNDLE_TRIPLE = ios-simulator
               SHALLOW_BUNDLE_ios_macabi = NO
               SHALLOW_BUNDLE_macos = NO
               SHARED_DERIVED_FILE_DIR = /Users/carl.stanley/sites/UKCPA/ukcpa_flutter/build/ios/Release-iphonesimulator/image_picker_ios/DerivedSources
               SHARED_FRAMEWORKS_FOLDER_PATH = image_picker_ios_privacy.bundle/SharedFrameworks
               SHARED_PRECOMPS_DIR = /Users/carl.stanley/sites/UKCPA/ukcpa_flutter/build/ios/SharedPrecompiledHeaders
               SHARED_SUPPORT_FOLDER_PATH = image_picker_ios_privacy.bundle/SharedSupport
               SKIP_INSTALL = YES
               SOURCE_ROOT = /Users/carl.stanley/sites/UKCPA/ukcpa_flutter/ios/Pods
               SRCROOT = /Users/carl.stanley/sites/UKCPA/ukcpa_flutter/ios/Pods
               STRINGSDATA_DIR = /Users/carl.stanley/sites/UKCPA/ukcpa_flutter/build/ios/Pods.build/Release-iphonesimulator/image_picker_ios-image_picker_ios_privacy.build/Objects-normal/undefined_arch
               STRINGSDATA_ROOT = /Users/carl.stanley/sites/UKCPA/ukcpa_flutter/build/ios/Pods.build/Release-iphonesimulator/image_picker_ios-image_picker_ios_privacy.build
               STRINGS_FILE_INFOPLIST_RENAME = YES
               STRINGS_FILE_OUTPUT_ENCODING = binary
               STRIP_BITCODE_FROM_COPIED_FILES = NO
               STRIP_INSTALLED_PRODUCT = NO
               STRIP_STYLE = non-global
               STRIP_SWIFT_SYMBOLS = YES
               SUPPORTED_DEVICE_FAMILIES = 1,2
               SUPPORTED_PLATFORMS = iphoneos iphonesimulator
               SUPPORTS_TEXT_BASED_API = NO
               SUPPRESS_WARNINGS = NO
               SWIFT_COMPILATION_MODE = wholemodule
               SWIFT_EMIT_LOC_STRINGS = NO
               SWIFT_OPTIMIZATION_LEVEL = -O
               SWIFT_PLATFORM_TARGET_PREFIX = ios
               SWIFT_RESPONSE_FILE_PATH_normal_arm64 = /Users/carl.stanley/sites/UKCPA/ukcpa_flutter/build/ios/Pods.build/Release-iphonesimulator/image_picker_ios-image_picker_ios_privacy.build/Objects-normal/arm64/image_picker_ios_privacy.SwiftFileList
               SWIFT_RESPONSE_FILE_PATH_normal_x86_64 = /Users/carl.stanley/sites/UKCPA/ukcpa_flutter/build/ios/Pods.build/Release-iphonesimulator/image_picker_ios-image_picker_ios_privacy.build/Objects-normal/x86_64/image_picker_ios_privacy.SwiftFileList
               SWIFT_VERSION = 5.0
               SYMROOT = /Users/carl.stanley/sites/UKCPA/ukcpa_flutter/ios/build
               SYSTEM_ADMIN_APPS_DIR = /Applications/Utilities
               SYSTEM_APPS_DIR = /Applications
               SYSTEM_CORE_SERVICES_DIR = /System/Library/CoreServices
               SYSTEM_DEMOS_DIR = /Applications/Extras
               SYSTEM_DEVELOPER_APPS_DIR = /Applications/Xcode.app/Contents/Developer/Applications
               SYSTEM_DEVELOPER_BIN_DIR = /Applications/Xcode.app/Contents/Developer/usr/bin
               SYSTEM_DEVELOPER_DEMOS_DIR = /Applications/Xcode.app/Contents/Developer/Applications/Utilities/Built Examples
               SYSTEM_DEVELOPER_DIR = /Applications/Xcode.app/Contents/Developer
               SYSTEM_DEVELOPER_DOC_DIR = /Applications/Xcode.app/Contents/Developer/ADC Reference Library
               SYSTEM_DEVELOPER_GRAPHICS_TOOLS_DIR = /Applications/Xcode.app/Contents/Developer/Applications/Graphics Tools
               SYSTEM_DEVELOPER_JAVA_TOOLS_DIR = /Applications/Xcode.app/Contents/Developer/Applications/Java Tools
               SYSTEM_DEVELOPER_PERFORMANCE_TOOLS_DIR = /Applications/Xcode.app/Contents/Developer/Applications/Performance Tools
               SYSTEM_DEVELOPER_RELEASENOTES_DIR = /Applications/Xcode.app/Contents/Developer/ADC Reference Library/releasenotes
               SYSTEM_DEVELOPER_TOOLS = /Applications/Xcode.app/Contents/Developer/Tools
               SYSTEM_DEVELOPER_TOOLS_DOC_DIR = /Applications/Xcode.app/Contents/Developer/ADC Reference Library/documentation/DeveloperTools
               SYSTEM_DEVELOPER_TOOLS_RELEASENOTES_DIR = /Applications/Xcode.app/Contents/Developer/ADC Reference Library/releasenotes/DeveloperTools
               SYSTEM_DEVELOPER_USR_DIR = /Applications/Xcode.app/Contents/Developer/usr
               SYSTEM_DEVELOPER_UTILITIES_DIR = /Applications/Xcode.app/Contents/Developer/Applications/Utilities
               SYSTEM_DEXT_INSTALL_PATH = /System/Library/DriverExtensions
               SYSTEM_DOCUMENTATION_DIR = /Library/Documentation
               SYSTEM_EXTENSIONS_FOLDER_PATH = image_picker_ios_privacy.bundle/SystemExtensions
               SYSTEM_EXTENSIONS_FOLDER_PATH_SHALLOW_BUNDLE_NO = image_picker_ios_privacy.bundle/Library/SystemExtensions
               SYSTEM_EXTENSIONS_FOLDER_PATH_SHALLOW_BUNDLE_YES = image_picker_ios_privacy.bundle/SystemExtensions
               SYSTEM_KEXT_INSTALL_PATH = /System/Library/Extensions
               SYSTEM_LIBRARY_DIR = /System/Library
               TAPI_DEMANGLE = YES
               TAPI_ENABLE_PROJECT_HEADERS = NO
               TAPI_LANGUAGE = objective-c
               TAPI_LANGUAGE_STANDARD = compiler-default
               TAPI_USE_SRCROOT = YES
               TAPI_VERIFY_MODE = Pedantic
               TARGETED_DEVICE_FAMILY = 1,2
               TARGETNAME = image_picker_ios-image_picker_ios_privacy
               TARGET_BUILD_DIR = /Users/carl.stanley/sites/UKCPA/ukcpa_flutter/build/ios/Release-iphonesimulator/image_picker_ios
               TARGET_NAME = image_picker_ios-image_picker_ios_privacy
               TARGET_TEMP_DIR = /Users/carl.stanley/sites/UKCPA/ukcpa_flutter/build/ios/Pods.build/Release-iphonesimulator/image_picker_ios-image_picker_ios_privacy.build
               TEMP_DIR = /Users/carl.stanley/sites/UKCPA/ukcpa_flutter/build/ios/Pods.build/Release-iphonesimulator/image_picker_ios-image_picker_ios_privacy.build
               TEMP_FILES_DIR = /Users/carl.stanley/sites/UKCPA/ukcpa_flutter/build/ios/Pods.build/Release-iphonesimulator/image_picker_ios-image_picker_ios_privacy.build
               TEMP_FILE_DIR = /Users/carl.stanley/sites/UKCPA/ukcpa_flutter/build/ios/Pods.build/Release-iphonesimulator/image_picker_ios-image_picker_ios_privacy.build
               TEMP_ROOT = /Users/carl.stanley/sites/UKCPA/ukcpa_flutter/build/ios
               TEST_FRAMEWORK_SEARCH_PATHS =  /Applications/Xcode.app/Contents/Developer/Platforms/iPhoneSimulator.platform/Developer/Library/Frameworks /Applications/Xcode.app/Contents/Developer/Platforms/iPhoneSimulator.platform/Developer/SDKs/iPhoneSimulator18.0.sdk/Developer/Library/Frameworks
               TEST_LIBRARY_SEARCH_PATHS =  /Applications/Xcode.app/Contents/Developer/Platforms/iPhoneSimulator.platform/Developer/usr/lib
               TOOLCHAINS = com.apple.dt.toolchain.XcodeDefault
               TOOLCHAIN_DIR = /Applications/Xcode.app/Contents/Developer/Toolchains/XcodeDefault.xctoolchain
               TREAT_MISSING_BASELINES_AS_TEST_FAILURES = NO
               TREAT_MISSING_SCRIPT_PHASE_OUTPUTS_AS_ERRORS = NO
               UID = 502
               UNINSTALLED_PRODUCTS_DIR = /Users/carl.stanley/sites/UKCPA/ukcpa_flutter/build/ios/UninstalledProducts
               UNLOCALIZED_RESOURCES_FOLDER_PATH = image_picker_ios_privacy.bundle
               UNLOCALIZED_RESOURCES_FOLDER_PATH_SHALLOW_BUNDLE_NO = image_picker_ios_privacy.bundle/Resources
               UNLOCALIZED_RESOURCES_FOLDER_PATH_SHALLOW_BUNDLE_YES = image_picker_ios_privacy.bundle
               UNSTRIPPED_PRODUCT = NO
               USER = carl.stanley
               USER_APPS_DIR = /Users/carl.stanley/Applications
               USER_LIBRARY_DIR = /Users/carl.stanley/Library
               USE_DYNAMIC_NO_PIC = YES
               USE_HEADERMAP = YES
               USE_HEADER_SYMLINKS = NO
               USE_RECURSIVE_SCRIPT_INPUTS_IN_SCRIPT_PHASES = YES
               VALIDATE_DEVELOPMENT_ASSET_PATHS = YES_ERROR
               VALIDATE_PRODUCT = NO
               VALID_ARCHS = arm64 arm64e i386 x86_64
               VERBOSE_PBXCP = NO
               VERSIONPLIST_PATH = image_picker_ios_privacy.bundle/version.plist
               VERSION_INFO_BUILDER = carl.stanley
               VERSION_INFO_FILE = image_picker_ios_privacy_vers.c
               VERSION_INFO_STRING = "@(#)PROGRAM:image_picker_ios_privacy  PROJECT:Pods-"
               WORKSPACE_DIR = /Users/carl.stanley/sites/UKCPA/ukcpa_flutter/ios/Pods/Pods.xcodeproj
               WRAPPER_EXTENSION = bundle
               WRAPPER_NAME = image_picker_ios_privacy.bundle
               WRAPPER_SUFFIX = .bundle
               WRAP_ASSET_PACKS_IN_SEPARATE_DIRECTORIES = NO
               XCODE_APP_SUPPORT_DIR = /Applications/Xcode.app/Contents/Developer/Library/Xcode
               XCODE_PRODUCT_BUILD_VERSION = 16A242d
               XCODE_VERSION_ACTUAL = 1600
               XCODE_VERSION_MAJOR = 1600
               XCODE_VERSION_MINOR = 1600
               XPCSERVICES_FOLDER_PATH = image_picker_ios_privacy.bundle/XPCServices
               YACC = yacc
               _WRAPPER_CONTENTS_DIR_SHALLOW_BUNDLE_NO = /Contents
               _WRAPPER_PARENT_PATH_SHALLOW_BUNDLE_NO = /..
               _WRAPPER_RESOURCES_DIR_SHALLOW_BUNDLE_NO = /Resources
               arch = undefined_arch
               variant = normal

           Build settings for action build and target integration_test:
               ACTION = build
               AD_HOC_CODE_SIGNING_ALLOWED = YES
               ALLOW_BUILD_REQUEST_OVERRIDES = NO
               ALLOW_TARGET_PLATFORM_SPECIALIZATION = NO
               ALTERNATE_GROUP = staff
               ALTERNATE_MODE = u+w,go-w,a+rX
               ALTERNATE_OWNER = carl.stanley
               ALTERNATIVE_DISTRIBUTION_WEB = NO
               ALWAYS_EMBED_SWIFT_STANDARD_LIBRARIES = NO
               ALWAYS_SEARCH_USER_PATHS = NO
               ALWAYS_USE_SEPARATE_HEADERMAPS = NO
               APPLE_INTERNAL_DEVELOPER_DIR = /AppleInternal/Developer
               APPLE_INTERNAL_DIR = /AppleInternal
               APPLE_INTERNAL_DOCUMENTATION_DIR = /AppleInternal/Documentation
               APPLE_INTERNAL_LIBRARY_DIR = /AppleInternal/Library
               APPLE_INTERNAL_TOOLS = /AppleInternal/Developer/Tools
               APPLICATION_EXTENSION_API_ONLY = NO
               APPLY_RULES_IN_COPY_FILES = NO
               APPLY_RULES_IN_COPY_HEADERS = NO
               APP_SHORTCUTS_ENABLE_FLEXIBLE_MATCHING = YES
               ARCHS = arm64 x86_64
               ARCHS_STANDARD = arm64 x86_64
               ARCHS_STANDARD_32_64_BIT = arm64 i386 x86_64
               ARCHS_STANDARD_32_BIT = i386
               ARCHS_STANDARD_64_BIT = arm64 x86_64
               ARCHS_STANDARD_INCLUDING_64_BIT = arm64 x86_64
               ARCHS_UNIVERSAL_IPHONE_OS = arm64 i386 x86_64
               ASSETCATALOG_COMPILER_GENERATE_ASSET_SYMBOLS = YES
               AUTOMATICALLY_MERGE_DEPENDENCIES = NO
               AVAILABLE_PLATFORMS = appletvos appletvsimulator driverkit iphoneos iphonesimulator macosx watchos watchsimulator xros xrsimulator
               BITCODE_GENERATION_MODE = marker
               BUILD_ACTIVE_RESOURCES_ONLY = NO
               BUILD_COMPONENTS = headers build
               BUILD_DIR = /Users/carl.stanley/sites/UKCPA/ukcpa_flutter/build/ios
               BUILD_LIBRARY_FOR_DISTRIBUTION = NO
               BUILD_ROOT = /Users/carl.stanley/sites/UKCPA/ukcpa_flutter/ios/build
               BUILD_STYLE = 
               BUILD_VARIANTS = normal
               BUILT_PRODUCTS_DIR = /Users/carl.stanley/sites/UKCPA/ukcpa_flutter/build/ios/Release-iphonesimulator/integration_test
               BUNDLE_CONTENTS_FOLDER_PATH_deep = Contents/
               BUNDLE_EXECUTABLE_FOLDER_NAME_deep = MacOS
               BUNDLE_EXTENSIONS_FOLDER_PATH = Extensions
               BUNDLE_FORMAT = shallow
               BUNDLE_FRAMEWORKS_FOLDER_PATH = Frameworks
               BUNDLE_PLUGINS_FOLDER_PATH = PlugIns
               BUNDLE_PRIVATE_HEADERS_FOLDER_PATH = PrivateHeaders
               BUNDLE_PUBLIC_HEADERS_FOLDER_PATH = Headers
               CACHE_ROOT = /var/folders/20/skb3d8qx2hn9r9z8036y32g40000gp/C/com.apple.DeveloperTools/16.0-16A242d/Xcode
               CCHROOT = /var/folders/20/skb3d8qx2hn9r9z8036y32g40000gp/C/com.apple.DeveloperTools/16.0-16A242d/Xcode
               CHMOD = /bin/chmod
               CHOWN = /usr/sbin/chown
               CLANG_ANALYZER_LOCALIZABILITY_NONLOCALIZED = YES
               CLANG_ANALYZER_NONNULL = YES
               CLANG_ANALYZER_NUMBER_OBJECT_CONVERSION = YES_AGGRESSIVE
               CLANG_CACHE_FINE_GRAINED_OUTPUTS = YES
               CLANG_CXX_LANGUAGE_STANDARD = gnu++14
               CLANG_CXX_LIBRARY = libc++
               CLANG_ENABLE_EXPLICIT_MODULES = YES
               CLANG_ENABLE_MODULES = YES
               CLANG_ENABLE_OBJC_ARC = YES
               CLANG_ENABLE_OBJC_WEAK = NO
               CLANG_MODULES_BUILD_SESSION_FILE = /var/folders/20/skb3d8qx2hn9r9z8036y32g40000gp/C/org.llvm.clang/ModuleCache.noindex/Session.modulevalidation
               CLANG_WARN_BLOCK_CAPTURE_AUTORELEASING = YES
               CLANG_WARN_BOOL_CONVERSION = YES
               CLANG_WARN_COMMA = YES
               CLANG_WARN_CONSTANT_CONVERSION = YES
               CLANG_WARN_DEPRECATED_OBJC_IMPLEMENTATIONS = YES
               CLANG_WARN_DIRECT_OBJC_ISA_USAGE = YES_ERROR
               CLANG_WARN_DOCUMENTATION_COMMENTS = YES
               CLANG_WARN_EMPTY_BODY = YES
               CLANG_WARN_ENUM_CONVERSION = YES
               CLANG_WARN_INFINITE_RECURSION = YES
               CLANG_WARN_INT_CONVERSION = YES
               CLANG_WARN_NON_LITERAL_NULL_CONVERSION = YES
               CLANG_WARN_OBJC_IMPLICIT_RETAIN_SELF = YES
               CLANG_WARN_OBJC_LITERAL_CONVERSION = YES
               CLANG_WARN_OBJC_ROOT_CLASS = YES_ERROR
               CLANG_WARN_QUOTED_INCLUDE_IN_FRAMEWORK_HEADER = NO
               CLANG_WARN_RANGE_LOOP_ANALYSIS = YES
               CLANG_WARN_STRICT_PROTOTYPES = YES
               CLANG_WARN_SUSPICIOUS_MOVE = YES
               CLANG_WARN_UNGUARDED_AVAILABILITY = YES_AGGRESSIVE
               CLANG_WARN_UNREACHABLE_CODE = YES
               CLANG_WARN__DUPLICATE_METHOD_MATCH = YES
               CLASS_FILE_DIR = /Users/carl.stanley/sites/UKCPA/ukcpa_flutter/build/ios/Pods.build/Release-iphonesimulator/integration_test.build/JavaClasses
               CLEAN_PRECOMPS = YES
               CLONE_HEADERS = NO
               CODESIGNING_FOLDER_PATH = /Users/carl.stanley/sites/UKCPA/ukcpa_flutter/build/ios/Release-iphonesimulator/integration_test/integration_test.framework
               CODE_SIGNING_ALLOWED = YES
               CODE_SIGNING_REQUIRED = NO
               CODE_SIGNING_REQUIRES_TEAM = YES
               CODE_SIGN_CONTEXT_CLASS = XCiPhoneSimulatorCodeSignContext
               CODE_SIGN_IDENTITY = -
               CODE_SIGN_INJECT_BASE_ENTITLEMENTS = YES
               COLOR_DIAGNOSTICS = NO
               COMBINE_HIDPI_IMAGES = NO
               COMPILATION_CACHE_CAS_PATH = /var/folders/20/skb3d8qx2hn9r9z8036y32g40000gp/C/com.apple.DeveloperTools/16.0-16A242d/Xcode/CompilationCache.noindex
               COMPILATION_CACHE_KEEP_CAS_DIRECTORY = YES
               COMPILER_INDEX_STORE_ENABLE = Default
               COMPOSITE_SDK_DIRS = /Users/carl.stanley/sites/UKCPA/ukcpa_flutter/build/ios/CompositeSDKs
               COMPRESS_PNG_FILES = YES
               CONFIGURATION = Release
               CONFIGURATION_BUILD_DIR = /Users/carl.stanley/sites/UKCPA/ukcpa_flutter/build/ios/Release-iphonesimulator/integration_test
               CONFIGURATION_TEMP_DIR = /Users/carl.stanley/sites/UKCPA/ukcpa_flutter/build/ios/Pods.build/Release-iphonesimulator
               CONTENTS_FOLDER_PATH = integration_test.framework
               CONTENTS_FOLDER_PATH_SHALLOW_BUNDLE_NO = integration_test.framework/A
               CONTENTS_FOLDER_PATH_SHALLOW_BUNDLE_YES = integration_test.framework
               COPYING_PRESERVES_HFS_DATA = NO
               COPY_HEADERS_RUN_UNIFDEF = NO
               COPY_PHASE_STRIP = NO
               CORRESPONDING_DEVICE_PLATFORM_DIR = /Applications/Xcode.app/Contents/Developer/Platforms/iPhoneOS.platform
               CORRESPONDING_DEVICE_PLATFORM_NAME = iphoneos
               CORRESPONDING_DEVICE_SDK_DIR = /Applications/Xcode.app/Contents/Developer/Platforms/iPhoneOS.platform/Developer/SDKs/iPhoneOS18.0.sdk
               CORRESPONDING_DEVICE_SDK_NAME = iphoneos18.0
               CP = /bin/cp
               CREATE_INFOPLIST_SECTION_IN_BINARY = NO
               CURRENT_ARCH = undefined_arch
               CURRENT_PROJECT_VERSION = 1
               CURRENT_VARIANT = normal
               CURRENT_VERSION = Current
               DEAD_CODE_STRIPPING = YES
               DEBUGGING_SYMBOLS = YES
               DEBUG_INFORMATION_FORMAT = dwarf-with-dsym
               DEBUG_INFORMATION_VERSION = compiler-default
               DEFAULT_COMPILER = com.apple.compilers.llvm.clang.1_0
               DEFAULT_DEXT_INSTALL_PATH = /System/Library/DriverExtensions
               DEFAULT_KEXT_INSTALL_PATH = /System/Library/Extensions
               DEFINES_MODULE = YES
               DEPLOYMENT_LOCATION = NO
               DEPLOYMENT_POSTPROCESSING = NO
               DEPLOYMENT_TARGET_SETTING_NAME = IPHONEOS_DEPLOYMENT_TARGET
               DEPLOYMENT_TARGET_SUGGESTED_VALUES = 12.0 12.1 12.2 12.3 12.4 13.0 13.1 13.2 13.3 13.4 13.5 13.6 14.0 14.1 14.2 14.3 14.4 14.5 14.6 14.7 15.0 15.1 15.2 15.3 15.4 15.5 15.6 16.0 16.1 16.2 16.3 16.4 16.5 16.6 17.0 17.1 17.2 17.3 17.4 17.5 17.6 18.0
               DERIVED_FILES_DIR = /Users/carl.stanley/sites/UKCPA/ukcpa_flutter/build/ios/Pods.build/Release-iphonesimulator/integration_test.build/DerivedSources
               DERIVED_FILE_DIR = /Users/carl.stanley/sites/UKCPA/ukcpa_flutter/build/ios/Pods.build/Release-iphonesimulator/integration_test.build/DerivedSources
               DERIVED_SOURCES_DIR = /Users/carl.stanley/sites/UKCPA/ukcpa_flutter/build/ios/Pods.build/Release-iphonesimulator/integration_test.build/DerivedSources
               DEVELOPER_APPLICATIONS_DIR = /Applications/Xcode.app/Contents/Developer/Applications
               DEVELOPER_BIN_DIR = /Applications/Xcode.app/Contents/Developer/usr/bin
               DEVELOPER_DIR = /Applications/Xcode.app/Contents/Developer
               DEVELOPER_FRAMEWORKS_DIR = /Applications/Xcode.app/Contents/Developer/Library/Frameworks
               DEVELOPER_FRAMEWORKS_DIR_QUOTED = /Applications/Xcode.app/Contents/Developer/Library/Frameworks
               DEVELOPER_LIBRARY_DIR = /Applications/Xcode.app/Contents/Developer/Library
               DEVELOPER_SDK_DIR = /Applications/Xcode.app/Contents/Developer/Platforms/MacOSX.platform/Developer/SDKs
               DEVELOPER_TOOLS_DIR = /Applications/Xcode.app/Contents/Developer/Tools
               DEVELOPER_USR_DIR = /Applications/Xcode.app/Contents/Developer/usr
               DEVELOPMENT_LANGUAGE = en
               DIFF = /usr/bin/diff
               DOCUMENTATION_FOLDER_PATH = integration_test.framework/en.lproj/Documentation
               DONT_GENERATE_INFOPLIST_FILE = NO
               DSTROOT = /tmp/Pods.dst
               DT_TOOLCHAIN_DIR = /Applications/Xcode.app/Contents/Developer/Toolchains/XcodeDefault.xctoolchain
               DWARF_DSYM_FILE_NAME = integration_test.framework.dSYM
               DWARF_DSYM_FILE_SHOULD_ACCOMPANY_PRODUCT = NO
               DWARF_DSYM_FOLDER_PATH = /Users/carl.stanley/sites/UKCPA/ukcpa_flutter/build/ios/Release-iphonesimulator/integration_test
               DYLIB_COMPATIBILITY_VERSION = 1
               DYLIB_CURRENT_VERSION = 1
               DYLIB_INSTALL_NAME_BASE = @rpath
               DYNAMIC_LIBRARY_EXTENSION = dylib
               EAGER_COMPILATION_ALLOW_SCRIPTS = NO
               EAGER_LINKING = NO
               EFFECTIVE_PLATFORM_NAME = -iphonesimulator
               EMBEDDED_CONTENT_CONTAINS_SWIFT = NO
               EMBED_ASSET_PACKS_IN_PRODUCT_BUNDLE = NO
               ENABLE_APP_SANDBOX = NO
               ENABLE_BITCODE = NO
               ENABLE_CODE_COVERAGE = YES
               ENABLE_DEFAULT_HEADER_SEARCH_PATHS = YES
               ENABLE_DEFAULT_SEARCH_PATHS = YES
               ENABLE_HARDENED_RUNTIME = NO
               ENABLE_HEADER_DEPENDENCIES = YES
               ENABLE_MODULE_VERIFIER = NO
               ENABLE_NS_ASSERTIONS = NO
               ENABLE_ON_DEMAND_RESOURCES = NO
               ENABLE_STRICT_OBJC_MSGSEND = YES
               ENABLE_TESTABILITY = NO
               ENABLE_TESTING_SEARCH_PATHS = NO
               ENABLE_USER_SCRIPT_SANDBOXING = NO
               ENTITLEMENTS_DESTINATION = __entitlements
               ENTITLEMENTS_REQUIRED = NO
               EXCLUDED_ARCHS = i386 i386
               EXCLUDED_INSTALLSRC_SUBDIRECTORY_PATTERNS = .DS_Store .svn .git .hg CVS
               EXCLUDED_RECURSIVE_SEARCH_PATH_SUBDIRECTORIES = *.nib *.lproj *.framework *.gch *.xcode* *.xcassets (*) .DS_Store CVS .svn .git .hg *.pbproj *.pbxproj
               EXECUTABLES_FOLDER_PATH = integration_test.framework/en.lproj
               EXECUTABLE_FOLDER_PATH = integration_test.framework
               EXECUTABLE_FOLDER_PATH_SHALLOW_BUNDLE_NO = integration_test.framework
               EXECUTABLE_FOLDER_PATH_SHALLOW_BUNDLE_YES = integration_test.framework
               EXECUTABLE_NAME = integration_test
               EXECUTABLE_PATH = integration_test.framework/integration_test
               EXTENSIONS_FOLDER_PATH = integration_test.framework/Extensions
               FILE_LIST = /Users/carl.stanley/sites/UKCPA/ukcpa_flutter/build/ios/Pods.build/Release-iphonesimulator/integration_test.build/Objects/LinkFileList
               FIXED_FILES_DIR = /Users/carl.stanley/sites/UKCPA/ukcpa_flutter/build/ios/Pods.build/Release-iphonesimulator/integration_test.build/FixedFiles
               FRAMEWORKS_FOLDER_PATH = integration_test.framework/Frameworks
               FRAMEWORK_FLAG_PREFIX = -framework
               FRAMEWORK_SEARCH_PATHS = /Users/carl.stanley/sites/UKCPA/ukcpa_flutter/build/ios/Release-iphonesimulator/integration_test "/Users/carl.stanley/development/flutter/bin/cache/artifacts/engine/ios-release/Flutter.xcframework/ios-arm64_x86_64-simulator" 
               FRAMEWORK_VERSION = A
               FULL_PRODUCT_NAME = integration_test.framework
               FUSE_BUILD_PHASES = YES
               FUSE_BUILD_SCRIPT_PHASES = NO
               GCC3_VERSION = 3.3
               GCC_C_LANGUAGE_STANDARD = gnu11
               GCC_INLINES_ARE_PRIVATE_EXTERN = YES
               GCC_NO_COMMON_BLOCKS = YES
               GCC_OBJC_LEGACY_DISPATCH = YES
               GCC_PFE_FILE_C_DIALECTS = c objective-c c++ objective-c++
               GCC_PREFIX_HEADER = Target Support Files/integration_test/integration_test-prefix.pch
               GCC_PREPROCESSOR_DEFINITIONS = POD_CONFIGURATION_RELEASE=1  COCOAPODS=1
               GCC_TREAT_WARNINGS_AS_ERRORS = NO
               GCC_VERSION = com.apple.compilers.llvm.clang.1_0
               GCC_VERSION_IDENTIFIER = com_apple_compilers_llvm_clang_1_0
               GCC_WARN_64_TO_32_BIT_CONVERSION = YES
               GCC_WARN_ABOUT_RETURN_TYPE = YES_ERROR
               GCC_WARN_UNDECLARED_SELECTOR = YES
               GCC_WARN_UNINITIALIZED_AUTOS = YES_AGGRESSIVE
               GCC_WARN_UNUSED_FUNCTION = YES
               GCC_WARN_UNUSED_VARIABLE = YES
               GENERATED_MODULEMAP_DIR = /Users/carl.stanley/sites/UKCPA/ukcpa_flutter/build/ios/GeneratedModuleMaps-iphonesimulator
               GENERATE_INFOPLIST_FILE = NO
               GENERATE_INTERMEDIATE_TEXT_BASED_STUBS = YES
               GENERATE_MASTER_OBJECT_FILE = NO
               GENERATE_PKGINFO_FILE = NO
               GENERATE_PROFILING_CODE = NO
               GENERATE_TEXT_BASED_STUBS = NO
               GID = 20
               GROUP = staff
               HEADERMAP_INCLUDES_FLAT_ENTRIES_FOR_TARGET_BEING_BUILT = YES
               HEADERMAP_INCLUDES_FRAMEWORK_ENTRIES_FOR_ALL_PRODUCT_TYPES = YES
               HEADERMAP_INCLUDES_FRAMEWORK_ENTRIES_FOR_TARGETS_NOT_BEING_BUILT = YES
               HEADERMAP_INCLUDES_NONPUBLIC_NONPRIVATE_HEADERS = YES
               HEADERMAP_INCLUDES_PROJECT_HEADERS = YES
               HEADERMAP_USES_FRAMEWORK_PREFIX_ENTRIES = YES
               HEADERMAP_USES_VFS = YES
               HEADER_SEARCH_PATHS = /Users/carl.stanley/sites/UKCPA/ukcpa_flutter/build/ios/Release-iphonesimulator/integration_test/include 
               HIDE_BITCODE_SYMBOLS = YES
               HOME = /Users/carl.stanley
               HOST_ARCH = arm64
               HOST_PLATFORM = macosx
               ICONV = /usr/bin/iconv
               IMPLICIT_DEPENDENCY_DOMAIN = default
               INFOPLIST_ENABLE_CFBUNDLEICONS_MERGE = YES
               INFOPLIST_EXPAND_BUILD_SETTINGS = YES
               INFOPLIST_FILE = Target Support Files/integration_test/integration_test-Info.plist
               INFOPLIST_OUTPUT_FORMAT = binary
               INFOPLIST_PATH = integration_test.framework/Info.plist
               INFOPLIST_PREPROCESS = NO
               INFOSTRINGS_PATH = integration_test.framework/en.lproj/InfoPlist.strings
               INLINE_PRIVATE_FRAMEWORKS = NO
               INSTALLHDRS_COPY_PHASE = NO
               INSTALLHDRS_SCRIPT_PHASE = NO
               INSTALL_DIR = /tmp/Pods.dst/Library/Frameworks
               INSTALL_GROUP = staff
               INSTALL_MODE_FLAG = u+w,go-w,a+rX
               INSTALL_OWNER = carl.stanley
               INSTALL_PATH = /Library/Frameworks
               INSTALL_ROOT = /tmp/Pods.dst
               IPHONEOS_DEPLOYMENT_TARGET = 13.0
               IS_UNOPTIMIZED_BUILD = NO
               JAVAC_DEFAULT_FLAGS = -J-Xms64m -J-XX:NewSize=4M -J-Dfile.encoding=UTF8
               JAVA_APP_STUB = /System/Library/Frameworks/JavaVM.framework/Resources/MacOS/JavaApplicationStub
               JAVA_ARCHIVE_CLASSES = YES
               JAVA_ARCHIVE_TYPE = JAR
               JAVA_COMPILER = /usr/bin/javac
               JAVA_FOLDER_PATH = integration_test.framework/Java
               JAVA_FRAMEWORK_RESOURCES_DIRS = Resources
               JAVA_JAR_FLAGS = cv
               JAVA_SOURCE_SUBDIR = .
               JAVA_USE_DEPENDENCIES = YES
               JAVA_ZIP_FLAGS = -urg
               JIKES_DEFAULT_FLAGS = +E +OLDCSO
               KEEP_PRIVATE_EXTERNS = NO
               LD_DEPENDENCY_INFO_FILE = /Users/carl.stanley/sites/UKCPA/ukcpa_flutter/build/ios/Pods.build/Release-iphonesimulator/integration_test.build/Objects-normal/undefined_arch/integration_test_dependency_info.dat
               LD_DYLIB_INSTALL_NAME = @rpath/integration_test.framework/integration_test
               LD_EXPORT_SYMBOLS = YES
               LD_GENERATE_MAP_FILE = NO
               LD_MAP_FILE_PATH = /Users/carl.stanley/sites/UKCPA/ukcpa_flutter/build/ios/Pods.build/Release-iphonesimulator/integration_test.build/integration_test-LinkMap-normal-undefined_arch.txt
               LD_NO_PIE = NO
               LD_QUOTE_LINKER_ARGUMENTS_FOR_COMPILER_DRIVER = YES
               LD_RUNPATH_SEARCH_PATHS =  @executable_path/Frameworks @loader_path/Frameworks
               LD_SHARED_CACHE_ELIGIBLE = Automatic
               LD_WARN_DUPLICATE_LIBRARIES = NO
               LD_WARN_UNUSED_DYLIBS = NO
               LEGACY_DEVELOPER_DIR = /Applications/Xcode.app/Contents/PlugIns/Xcode3Core.ideplugin/Contents/SharedSupport/Developer
               LEX = lex
               LIBRARY_DEXT_INSTALL_PATH = /Library/DriverExtensions
               LIBRARY_FLAG_NOSPACE = YES
               LIBRARY_FLAG_PREFIX = -l
               LIBRARY_KEXT_INSTALL_PATH = /Library/Extensions
               LIBRARY_SEARCH_PATHS = /Users/carl.stanley/sites/UKCPA/ukcpa_flutter/build/ios/Release-iphonesimulator/integration_test 
               LINKER_DISPLAYS_MANGLED_NAMES = NO
               LINK_FILE_LIST_normal_arm64 = /Users/carl.stanley/sites/UKCPA/ukcpa_flutter/build/ios/Pods.build/Release-iphonesimulator/integration_test.build/Objects-normal/arm64/integration_test.LinkFileList
               LINK_FILE_LIST_normal_x86_64 = /Users/carl.stanley/sites/UKCPA/ukcpa_flutter/build/ios/Pods.build/Release-iphonesimulator/integration_test.build/Objects-normal/x86_64/integration_test.LinkFileList
               LINK_OBJC_RUNTIME = YES
               LINK_WITH_STANDARD_LIBRARIES = YES
               LLVM_TARGET_TRIPLE_OS_VERSION = ios13.0
               LLVM_TARGET_TRIPLE_SUFFIX = -simulator
               LLVM_TARGET_TRIPLE_VENDOR = apple
               LM_AUX_CONST_METADATA_LIST_PATH_normal_arm64 = /Users/carl.stanley/sites/UKCPA/ukcpa_flutter/build/ios/Pods.build/Release-iphonesimulator/integration_test.build/Objects-normal/arm64/integration_test.SwiftConstValuesFileList
               LM_AUX_CONST_METADATA_LIST_PATH_normal_x86_64 = /Users/carl.stanley/sites/UKCPA/ukcpa_flutter/build/ios/Pods.build/Release-iphonesimulator/integration_test.build/Objects-normal/x86_64/integration_test.SwiftConstValuesFileList
               LOCALIZATION_EXPORT_SUPPORTED = YES
               LOCALIZATION_PREFERS_STRING_CATALOGS = NO
               LOCALIZED_RESOURCES_FOLDER_PATH = integration_test.framework/en.lproj
               LOCALIZED_STRING_MACRO_NAMES = NSLocalizedString CFCopyLocalizedString
               LOCALIZED_STRING_SWIFTUI_SUPPORT = YES
               LOCAL_ADMIN_APPS_DIR = /Applications/Utilities
               LOCAL_APPS_DIR = /Applications
               LOCAL_DEVELOPER_DIR = /Library/Developer
               LOCAL_LIBRARY_DIR = /Library
               LOCROOT = /Users/carl.stanley/sites/UKCPA/ukcpa_flutter/ios/Pods
               LOCSYMROOT = /Users/carl.stanley/sites/UKCPA/ukcpa_flutter/ios/Pods
               MACH_O_TYPE = mh_dylib
               MAC_OS_X_PRODUCT_BUILD_VERSION = 24G84
               MAC_OS_X_VERSION_ACTUAL = 150600
               MAC_OS_X_VERSION_MAJOR = 150000
               MAC_OS_X_VERSION_MINOR = 150600
               MAKE_MERGEABLE = NO
               MERGEABLE_LIBRARY = NO
               MERGED_BINARY_TYPE = none
               MERGE_LINKED_LIBRARIES = NO
               METAL_LIBRARY_FILE_BASE = default
               METAL_LIBRARY_OUTPUT_DIR = /Users/carl.stanley/sites/UKCPA/ukcpa_flutter/build/ios/Release-iphonesimulator/integration_test/integration_test.framework
               MODULEMAP_FILE = Target Support Files/integration_test/integration_test.modulemap
               MODULES_FOLDER_PATH = integration_test.framework/Modules
               MTL_ENABLE_DEBUG_INFO = NO
               MTL_FAST_MATH = YES
               NATIVE_ARCH = arm64
               NATIVE_ARCH_32_BIT = arm
               NATIVE_ARCH_64_BIT = arm64
               NATIVE_ARCH_ACTUAL = arm64
               NO_COMMON = YES
               OBJC_ABI_VERSION = 2
               OBJECT_FILE_DIR = /Users/carl.stanley/sites/UKCPA/ukcpa_flutter/build/ios/Pods.build/Release-iphonesimulator/integration_test.build/Objects
               OBJECT_FILE_DIR_normal = /Users/carl.stanley/sites/UKCPA/ukcpa_flutter/build/ios/Pods.build/Release-iphonesimulator/integration_test.build/Objects-normal
               OBJROOT = /Users/carl.stanley/sites/UKCPA/ukcpa_flutter/build/ios
               ONLY_ACTIVE_ARCH = NO
               OS = MACOS
               OSAC = /usr/bin/osacompile
               OTHER_LDFLAGS =  -framework "UIKit" -framework Flutter
               PACKAGE_TYPE = com.apple.package-type.wrapper.framework
               PASCAL_STRINGS = YES
               PATH = /Applications/Xcode.app/Contents/SharedFrameworks/XCBuild.framework/Versions/A/PlugIns/XCBBuildService.bundle/Contents/PlugIns/XCBSpecifications.ideplugin/Contents/Resources:/Applications/Xcode.app/Contents/SharedFrameworks/XCBuild.framework/Versions/A/PlugIns/XCBBuildService.bundle/Contents/PlugIns/XCBSpecifications.ideplugin:/Applications/Xcode.app/Contents/Developer/Toolchains/XcodeDefault.xctoolchain/usr/bin:/Applications/Xcode.app/Contents/Developer/Toolchains/XcodeDefault.xctoolchain/usr/appleinternal/bin:/Applications/Xcode.app/Contents/Developer/Toolchains/XcodeDefault.xctoolchain/usr/local/bin:/Applications/Xcode.app/Contents/Developer/Toolchains/XcodeDefault.xctoolchain/usr/libexec:/Applications/Xcode.app/Contents/Developer/Platforms/iPhoneSimulator.platform/usr/bin:/Applications/Xcode.app/Contents/Developer/Platforms/iPhoneSimulator.platform/usr/appleinternal/bin:/Applications/Xcode.app/Contents/Developer/Platforms/iPhoneSimulator.platform/usr/local/bin:/Applications/Xcode.app/Contents/Developer/Platforms/iPhoneSimulator.platform/Developer/usr/bin:/Applications/Xcode.app/Contents/Developer/Platforms/iPhoneSimulator.platform/Developer/usr/local/bin:/Applications/Xcode.app/Contents/Developer/usr/bin:/Applications/Xcode.app/Contents/Developer/usr/local/bin:/opt/homebrew/Cellar/pyenv-virtualenv/1.2.4/shims:/Users/carl.stanley/.pyenv/shims:/Users/carl.stanley/.pyenv/bin:/Users/carl.stanley/.nvm/versions/node/v18.17.0/bin:/Users/carl.stanley/development/flutter/bin:/opt/homebrew/bin:/opt/homebrew/sbin:/Users/carl.stanley/.local/bin:/usr/local/bin:/System/Cryptexes/App/usr/bin:/usr/bin:/bin:/usr/sbin:/sbin:/var/run/com.apple.security.cryptexd/codex.system/bootstrap/usr/local/bin:/var/run/com.apple.security.cryptexd/codex.system/bootstrap/usr/bin:/var/run/com.apple.security.cryptexd/codex.system/bootstrap/usr/appleinternal/bin:/Library/Apple/usr/bin:/usr/local/sbin:/usr/local/go/bin:/Users/carl.stanley/.pub-cache/bin
               PATH_PREFIXES_EXCLUDED_FROM_HEADER_DEPENDENCIES = /usr/include /usr/local/include /System/Library/Frameworks /System/Library/PrivateFrameworks /Applications/Xcode.app/Contents/Developer/Headers /Applications/Xcode.app/Contents/Developer/SDKs /Applications/Xcode.app/Contents/Developer/Platforms
               PBDEVELOPMENTPLIST_PATH = integration_test.framework/pbdevelopment.plist
               PER_ARCH_OBJECT_FILE_DIR = /Users/carl.stanley/sites/UKCPA/ukcpa_flutter/build/ios/Pods.build/Release-iphonesimulator/integration_test.build/Objects-normal/undefined_arch
               PER_VARIANT_OBJECT_FILE_DIR = /Users/carl.stanley/sites/UKCPA/ukcpa_flutter/build/ios/Pods.build/Release-iphonesimulator/integration_test.build/Objects-normal
               PKGINFO_FILE_PATH = /Users/carl.stanley/sites/UKCPA/ukcpa_flutter/build/ios/Pods.build/Release-iphonesimulator/integration_test.build/PkgInfo
               PKGINFO_PATH = integration_test.framework/PkgInfo
               PLATFORM_DEVELOPER_APPLICATIONS_DIR = /Applications/Xcode.app/Contents/Developer/Platforms/iPhoneSimulator.platform/Developer/Applications
               PLATFORM_DEVELOPER_BIN_DIR = /Applications/Xcode.app/Contents/Developer/Platforms/iPhoneSimulator.platform/Developer/usr/bin
               PLATFORM_DEVELOPER_LIBRARY_DIR = /Applications/Xcode.app/Contents/Developer/Platforms/iPhoneSimulator.platform/Developer/Library
               PLATFORM_DEVELOPER_SDK_DIR = /Applications/Xcode.app/Contents/Developer/Platforms/iPhoneSimulator.platform/Developer/SDKs
               PLATFORM_DEVELOPER_TOOLS_DIR = /Applications/Xcode.app/Contents/Developer/Platforms/iPhoneSimulator.platform/Developer/Tools
               PLATFORM_DEVELOPER_USR_DIR = /Applications/Xcode.app/Contents/Developer/Platforms/iPhoneSimulator.platform/Developer/usr
               PLATFORM_DIR = /Applications/Xcode.app/Contents/Developer/Platforms/iPhoneSimulator.platform
               PLATFORM_DISPLAY_NAME = iOS Simulator
               PLATFORM_FAMILY_NAME = iOS
               PLATFORM_NAME = iphonesimulator
               PLATFORM_PREFERRED_ARCH = x86_64
               PLATFORM_PRODUCT_BUILD_VERSION = 22A3362
               PLIST_FILE_OUTPUT_FORMAT = binary
               PLUGINS_FOLDER_PATH = integration_test.framework/PlugIns
               PODS_BUILD_DIR = /Users/carl.stanley/sites/UKCPA/ukcpa_flutter/build/ios
               PODS_CONFIGURATION_BUILD_DIR = /Users/carl.stanley/sites/UKCPA/ukcpa_flutter/build/ios/Release-iphonesimulator
               PODS_DEVELOPMENT_LANGUAGE = en
               PODS_ROOT = /Users/carl.stanley/sites/UKCPA/ukcpa_flutter/ios/Pods
               PODS_TARGET_SRCROOT = /Users/carl.stanley/sites/UKCPA/ukcpa_flutter/ios/Pods/../.symlinks/plugins/integration_test/ios
               PODS_XCFRAMEWORKS_BUILD_DIR = /Users/carl.stanley/sites/UKCPA/ukcpa_flutter/build/ios/Release-iphonesimulator/XCFrameworkIntermediates
               PRECOMPS_INCLUDE_HEADERS_FROM_BUILT_PRODUCTS_DIR = YES
               PRECOMP_DESTINATION_DIR = /Users/carl.stanley/sites/UKCPA/ukcpa_flutter/build/ios/Pods.build/Release-iphonesimulator/integration_test.build/PrefixHeaders
               PRIVATE_HEADERS_FOLDER_PATH = integration_test.framework/PrivateHeaders
               PROCESSED_INFOPLIST_PATH = /Users/carl.stanley/sites/UKCPA/ukcpa_flutter/build/ios/Pods.build/Release-iphonesimulator/integration_test.build/Objects-normal/undefined_arch/Processed-Info.plist
               PRODUCT_BUNDLE_IDENTIFIER = org.cocoapods.integration-test
               PRODUCT_BUNDLE_PACKAGE_TYPE = FMWK
               PRODUCT_MODULE_NAME = integration_test
               PRODUCT_NAME = integration_test
               PRODUCT_SETTINGS_PATH = /Users/carl.stanley/sites/UKCPA/ukcpa_flutter/ios/Pods/Target Support Files/integration_test/integration_test-Info.plist
               PRODUCT_TYPE = com.apple.product-type.framework
               PROFILING_CODE = NO
               PROJECT = Pods
               PROJECT_DERIVED_FILE_DIR = /Users/carl.stanley/sites/UKCPA/ukcpa_flutter/build/ios/Pods.build/DerivedSources
               PROJECT_DIR = /Users/carl.stanley/sites/UKCPA/ukcpa_flutter/ios/Pods
               PROJECT_FILE_PATH = /Users/carl.stanley/sites/UKCPA/ukcpa_flutter/ios/Pods/Pods.xcodeproj
               PROJECT_GUID = bfdfe7dc352907fc980b868725387e98
               PROJECT_NAME = Pods
               PROJECT_TEMP_DIR = /Users/carl.stanley/sites/UKCPA/ukcpa_flutter/build/ios/Pods.build
               PROJECT_TEMP_ROOT = /Users/carl.stanley/sites/UKCPA/ukcpa_flutter/build/ios
               PUBLIC_HEADERS_FOLDER_PATH = integration_test.framework/Headers
               RECOMMENDED_IPHONEOS_DEPLOYMENT_TARGET = 15.0
               RECURSIVE_SEARCH_PATHS_FOLLOW_SYMLINKS = YES
               REMOVE_CVS_FROM_RESOURCES = YES
               REMOVE_GIT_FROM_RESOURCES = YES
               REMOVE_HEADERS_FROM_EMBEDDED_BUNDLES = YES
               REMOVE_HG_FROM_RESOURCES = YES
               REMOVE_STATIC_EXECUTABLES_FROM_EMBEDDED_BUNDLES = YES
               REMOVE_SVN_FROM_RESOURCES = YES
               RESCHEDULE_INDEPENDENT_HEADERS_PHASES = YES
               REZ_COLLECTOR_DIR = /Users/carl.stanley/sites/UKCPA/ukcpa_flutter/build/ios/Pods.build/Release-iphonesimulator/integration_test.build/ResourceManagerResources
               REZ_OBJECTS_DIR = /Users/carl.stanley/sites/UKCPA/ukcpa_flutter/build/ios/Pods.build/Release-iphonesimulator/integration_test.build/ResourceManagerResources/Objects
               REZ_SEARCH_PATHS = /Users/carl.stanley/sites/UKCPA/ukcpa_flutter/build/ios/Release-iphonesimulator/integration_test 
               SCAN_ALL_SOURCE_FILES_FOR_INCLUDES = NO
               SCRIPTS_FOLDER_PATH = integration_test.framework/Scripts
               SDKROOT = /Applications/Xcode.app/Contents/Developer/Platforms/iPhoneSimulator.platform/Developer/SDKs/iPhoneSimulator18.0.sdk
               SDK_DIR = /Applications/Xcode.app/Contents/Developer/Platforms/iPhoneSimulator.platform/Developer/SDKs/iPhoneSimulator18.0.sdk
               SDK_DIR_iphonesimulator = /Applications/Xcode.app/Contents/Developer/Platforms/iPhoneSimulator.platform/Developer/SDKs/iPhoneSimulator18.0.sdk
               SDK_DIR_iphonesimulator18_0 = /Applications/Xcode.app/Contents/Developer/Platforms/iPhoneSimulator.platform/Developer/SDKs/iPhoneSimulator18.0.sdk
               SDK_NAME = iphonesimulator18.0
               SDK_NAMES = iphonesimulator18.0
               SDK_PRODUCT_BUILD_VERSION = 22A3362
               SDK_STAT_CACHE_DIR = /var/folders/20/skb3d8qx2hn9r9z8036y32g40000gp/C/com.apple.DeveloperTools/16.0-16A242d/Xcode
               SDK_STAT_CACHE_ENABLE = YES
               SDK_STAT_CACHE_PATH = /var/folders/20/skb3d8qx2hn9r9z8036y32g40000gp/C/com.apple.DeveloperTools/16.0-16A242d/Xcode/SDKStatCaches.noindex/iphonesimulator18.0-22A3362-db63dc9361471f152f572502bdbfe70a.sdkstatcache
               SDK_VERSION = 18.0
               SDK_VERSION_ACTUAL = 180000
               SDK_VERSION_MAJOR = 180000
               SDK_VERSION_MINOR = 180000
               SED = /usr/bin/sed
               SEPARATE_STRIP = NO
               SEPARATE_SYMBOL_EDIT = NO
               SET_DIR_MODE_OWNER_GROUP = YES
               SET_FILE_MODE_OWNER_GROUP = NO
               SHALLOW_BUNDLE = YES
               SHALLOW_BUNDLE_TRIPLE = ios-simulator
               SHALLOW_BUNDLE_ios_macabi = NO
               SHALLOW_BUNDLE_macos = NO
               SHARED_DERIVED_FILE_DIR = /Users/carl.stanley/sites/UKCPA/ukcpa_flutter/build/ios/Release-iphonesimulator/integration_test/DerivedSources
               SHARED_FRAMEWORKS_FOLDER_PATH = integration_test.framework/SharedFrameworks
               SHARED_PRECOMPS_DIR = /Users/carl.stanley/sites/UKCPA/ukcpa_flutter/build/ios/SharedPrecompiledHeaders
               SHARED_SUPPORT_FOLDER_PATH = integration_test.framework
               SKIP_INSTALL = YES
               SOURCE_ROOT = /Users/carl.stanley/sites/UKCPA/ukcpa_flutter/ios/Pods
               SRCROOT = /Users/carl.stanley/sites/UKCPA/ukcpa_flutter/ios/Pods
               STRINGSDATA_DIR = /Users/carl.stanley/sites/UKCPA/ukcpa_flutter/build/ios/Pods.build/Release-iphonesimulator/integration_test.build/Objects-normal/undefined_arch
               STRINGSDATA_ROOT = /Users/carl.stanley/sites/UKCPA/ukcpa_flutter/build/ios/Pods.build/Release-iphonesimulator/integration_test.build
               STRINGS_FILE_INFOPLIST_RENAME = YES
               STRINGS_FILE_OUTPUT_ENCODING = binary
               STRIP_BITCODE_FROM_COPIED_FILES = NO
               STRIP_INSTALLED_PRODUCT = NO
               STRIP_STYLE = debugging
               STRIP_SWIFT_SYMBOLS = YES
               SUPPORTED_DEVICE_FAMILIES = 1,2
               SUPPORTED_PLATFORMS = iphoneos iphonesimulator
               SUPPORTS_TEXT_BASED_API = NO
               SUPPRESS_WARNINGS = NO
               SWIFT_ACTIVE_COMPILATION_CONDITIONS =  
               SWIFT_COMPILATION_MODE = wholemodule
               SWIFT_EMIT_LOC_STRINGS = NO
               SWIFT_INSTALL_MODULE_FOR_DEPLOYMENT = YES
               SWIFT_INSTALL_OBJC_HEADER = YES
               SWIFT_OPTIMIZATION_LEVEL = -O
               SWIFT_PLATFORM_TARGET_PREFIX = ios
               SWIFT_RESPONSE_FILE_PATH_normal_arm64 = /Users/carl.stanley/sites/UKCPA/ukcpa_flutter/build/ios/Pods.build/Release-iphonesimulator/integration_test.build/Objects-normal/arm64/integration_test.SwiftFileList
               SWIFT_RESPONSE_FILE_PATH_normal_x86_64 = /Users/carl.stanley/sites/UKCPA/ukcpa_flutter/build/ios/Pods.build/Release-iphonesimulator/integration_test.build/Objects-normal/x86_64/integration_test.SwiftFileList
               SWIFT_VERSION = 5.0
               SYMROOT = /Users/carl.stanley/sites/UKCPA/ukcpa_flutter/ios/build
               SYSTEM_ADMIN_APPS_DIR = /Applications/Utilities
               SYSTEM_APPS_DIR = /Applications
               SYSTEM_CORE_SERVICES_DIR = /System/Library/CoreServices
               SYSTEM_DEMOS_DIR = /Applications/Extras
               SYSTEM_DEVELOPER_APPS_DIR = /Applications/Xcode.app/Contents/Developer/Applications
               SYSTEM_DEVELOPER_BIN_DIR = /Applications/Xcode.app/Contents/Developer/usr/bin
               SYSTEM_DEVELOPER_DEMOS_DIR = /Applications/Xcode.app/Contents/Developer/Applications/Utilities/Built Examples
               SYSTEM_DEVELOPER_DIR = /Applications/Xcode.app/Contents/Developer
               SYSTEM_DEVELOPER_DOC_DIR = /Applications/Xcode.app/Contents/Developer/ADC Reference Library
               SYSTEM_DEVELOPER_GRAPHICS_TOOLS_DIR = /Applications/Xcode.app/Contents/Developer/Applications/Graphics Tools
               SYSTEM_DEVELOPER_JAVA_TOOLS_DIR = /Applications/Xcode.app/Contents/Developer/Applications/Java Tools
               SYSTEM_DEVELOPER_PERFORMANCE_TOOLS_DIR = /Applications/Xcode.app/Contents/Developer/Applications/Performance Tools
               SYSTEM_DEVELOPER_RELEASENOTES_DIR = /Applications/Xcode.app/Contents/Developer/ADC Reference Library/releasenotes
               SYSTEM_DEVELOPER_TOOLS = /Applications/Xcode.app/Contents/Developer/Tools
               SYSTEM_DEVELOPER_TOOLS_DOC_DIR = /Applications/Xcode.app/Contents/Developer/ADC Reference Library/documentation/DeveloperTools
               SYSTEM_DEVELOPER_TOOLS_RELEASENOTES_DIR = /Applications/Xcode.app/Contents/Developer/ADC Reference Library/releasenotes/DeveloperTools
               SYSTEM_DEVELOPER_USR_DIR = /Applications/Xcode.app/Contents/Developer/usr
               SYSTEM_DEVELOPER_UTILITIES_DIR = /Applications/Xcode.app/Contents/Developer/Applications/Utilities
               SYSTEM_DEXT_INSTALL_PATH = /System/Library/DriverExtensions
               SYSTEM_DOCUMENTATION_DIR = /Library/Documentation
               SYSTEM_EXTENSIONS_FOLDER_PATH = integration_test.framework/SystemExtensions
               SYSTEM_EXTENSIONS_FOLDER_PATH_SHALLOW_BUNDLE_NO = integration_test.framework/Library/SystemExtensions
               SYSTEM_EXTENSIONS_FOLDER_PATH_SHALLOW_BUNDLE_YES = integration_test.framework/SystemExtensions
               SYSTEM_KEXT_INSTALL_PATH = /System/Library/Extensions
               SYSTEM_LIBRARY_DIR = /System/Library
               TAPI_DEMANGLE = YES
               TAPI_ENABLE_PROJECT_HEADERS = NO
               TAPI_LANGUAGE = objective-c
               TAPI_LANGUAGE_STANDARD = compiler-default
               TAPI_USE_SRCROOT = YES
               TAPI_VERIFY_MODE = Pedantic
               TARGETED_DEVICE_FAMILY = 1,2
               TARGETNAME = integration_test
               TARGET_BUILD_DIR = /Users/carl.stanley/sites/UKCPA/ukcpa_flutter/build/ios/Release-iphonesimulator/integration_test
               TARGET_NAME = integration_test
               TARGET_TEMP_DIR = /Users/carl.stanley/sites/UKCPA/ukcpa_flutter/build/ios/Pods.build/Release-iphonesimulator/integration_test.build
               TEMP_DIR = /Users/carl.stanley/sites/UKCPA/ukcpa_flutter/build/ios/Pods.build/Release-iphonesimulator/integration_test.build
               TEMP_FILES_DIR = /Users/carl.stanley/sites/UKCPA/ukcpa_flutter/build/ios/Pods.build/Release-iphonesimulator/integration_test.build
               TEMP_FILE_DIR = /Users/carl.stanley/sites/UKCPA/ukcpa_flutter/build/ios/Pods.build/Release-iphonesimulator/integration_test.build
               TEMP_ROOT = /Users/carl.stanley/sites/UKCPA/ukcpa_flutter/build/ios
               TEST_FRAMEWORK_SEARCH_PATHS =  /Applications/Xcode.app/Contents/Developer/Platforms/iPhoneSimulator.platform/Developer/Library/Frameworks /Applications/Xcode.app/Contents/Developer/Platforms/iPhoneSimulator.platform/Developer/SDKs/iPhoneSimulator18.0.sdk/Developer/Library/Frameworks
               TEST_LIBRARY_SEARCH_PATHS =  /Applications/Xcode.app/Contents/Developer/Platforms/iPhoneSimulator.platform/Developer/usr/lib
               TOOLCHAINS = com.apple.dt.toolchain.XcodeDefault
               TOOLCHAIN_DIR = /Applications/Xcode.app/Contents/Developer/Toolchains/XcodeDefault.xctoolchain
               TREAT_MISSING_BASELINES_AS_TEST_FAILURES = NO
               TREAT_MISSING_SCRIPT_PHASE_OUTPUTS_AS_ERRORS = NO
               UID = 502
               UNINSTALLED_PRODUCTS_DIR = /Users/carl.stanley/sites/UKCPA/ukcpa_flutter/build/ios/UninstalledProducts
               UNLOCALIZED_RESOURCES_FOLDER_PATH = integration_test.framework
               UNLOCALIZED_RESOURCES_FOLDER_PATH_SHALLOW_BUNDLE_NO = integration_test.framework/Resources
               UNLOCALIZED_RESOURCES_FOLDER_PATH_SHALLOW_BUNDLE_YES = integration_test.framework
               UNSTRIPPED_PRODUCT = NO
               USER = carl.stanley
               USER_APPS_DIR = /Users/carl.stanley/Applications
               USER_LIBRARY_DIR = /Users/carl.stanley/Library
               USE_DYNAMIC_NO_PIC = YES
               USE_HEADERMAP = YES
               USE_HEADER_SYMLINKS = NO
               USE_RECURSIVE_SCRIPT_INPUTS_IN_SCRIPT_PHASES = YES
               VALIDATE_DEVELOPMENT_ASSET_PATHS = YES_ERROR
               VALIDATE_PRODUCT = YES
               VALID_ARCHS = arm64 x86_64
               VERBOSE_PBXCP = NO
               VERSIONING_SYSTEM = apple-generic
               VERSIONPLIST_PATH = integration_test.framework/version.plist
               VERSIONS_FOLDER_PATH = integration_test.framework
               VERSIONS_FOLDER_PATH_SHALLOW_BUNDLE_NO = integration_test.framework/Versions
               VERSIONS_FOLDER_PATH_SHALLOW_BUNDLE_YES = integration_test.framework
               VERSION_INFO_BUILDER = carl.stanley
               VERSION_INFO_FILE = integration_test_vers.c
               VERSION_INFO_STRING = "@(#)PROGRAM:integration_test  PROJECT:Pods-1"
               WORKSPACE_DIR = /Users/carl.stanley/sites/UKCPA/ukcpa_flutter/ios/Pods/Pods.xcodeproj
               WRAPPER_EXTENSION = framework
               WRAPPER_NAME = integration_test.framework
               WRAPPER_SUFFIX = .framework
               WRAP_ASSET_PACKS_IN_SEPARATE_DIRECTORIES = NO
               XCODE_APP_SUPPORT_DIR = /Applications/Xcode.app/Contents/Developer/Library/Xcode
               XCODE_PRODUCT_BUILD_VERSION = 16A242d
               XCODE_VERSION_ACTUAL = 1600
               XCODE_VERSION_MAJOR = 1600
               XCODE_VERSION_MINOR = 1600
               XPCSERVICES_FOLDER_PATH = integration_test.framework/XPCServices
               YACC = yacc
               _WRAPPER_CONTENTS_DIR_SHALLOW_BUNDLE_NO = /Contents
               _WRAPPER_PARENT_PATH_SHALLOW_BUNDLE_NO = /..
               _WRAPPER_RESOURCES_DIR_SHALLOW_BUNDLE_NO = /Resources
               arch = undefined_arch
               variant = normal

           Build settings for action build and target local_auth_darwin:
               ACTION = build
               AD_HOC_CODE_SIGNING_ALLOWED = YES
               ALLOW_BUILD_REQUEST_OVERRIDES = NO
               ALLOW_TARGET_PLATFORM_SPECIALIZATION = NO
               ALTERNATE_GROUP = staff
               ALTERNATE_MODE = u+w,go-w,a+rX
               ALTERNATE_OWNER = carl.stanley
               ALTERNATIVE_DISTRIBUTION_WEB = NO
               ALWAYS_EMBED_SWIFT_STANDARD_LIBRARIES = NO
               ALWAYS_SEARCH_USER_PATHS = NO
               ALWAYS_USE_SEPARATE_HEADERMAPS = NO
               APPLE_INTERNAL_DEVELOPER_DIR = /AppleInternal/Developer
               APPLE_INTERNAL_DIR = /AppleInternal
               APPLE_INTERNAL_DOCUMENTATION_DIR = /AppleInternal/Documentation
               APPLE_INTERNAL_LIBRARY_DIR = /AppleInternal/Library
               APPLE_INTERNAL_TOOLS = /AppleInternal/Developer/Tools
               APPLICATION_EXTENSION_API_ONLY = NO
               APPLY_RULES_IN_COPY_FILES = NO
               APPLY_RULES_IN_COPY_HEADERS = NO
               APP_SHORTCUTS_ENABLE_FLEXIBLE_MATCHING = YES
               ARCHS = arm64 x86_64
               ARCHS_STANDARD = arm64 x86_64
               ARCHS_STANDARD_32_64_BIT = arm64 i386 x86_64
               ARCHS_STANDARD_32_BIT = i386
               ARCHS_STANDARD_64_BIT = arm64 x86_64
               ARCHS_STANDARD_INCLUDING_64_BIT = arm64 x86_64
               ARCHS_UNIVERSAL_IPHONE_OS = arm64 i386 x86_64
               ASSETCATALOG_COMPILER_GENERATE_ASSET_SYMBOLS = YES
               AUTOMATICALLY_MERGE_DEPENDENCIES = NO
               AVAILABLE_PLATFORMS = appletvos appletvsimulator driverkit iphoneos iphonesimulator macosx watchos watchsimulator xros xrsimulator
               BITCODE_GENERATION_MODE = marker
               BUILD_ACTIVE_RESOURCES_ONLY = NO
               BUILD_COMPONENTS = headers build
               BUILD_DIR = /Users/carl.stanley/sites/UKCPA/ukcpa_flutter/build/ios
               BUILD_LIBRARY_FOR_DISTRIBUTION = NO
               BUILD_ROOT = /Users/carl.stanley/sites/UKCPA/ukcpa_flutter/ios/build
               BUILD_STYLE = 
               BUILD_VARIANTS = normal
               BUILT_PRODUCTS_DIR = /Users/carl.stanley/sites/UKCPA/ukcpa_flutter/build/ios/Release-iphonesimulator/local_auth_darwin
               BUNDLE_CONTENTS_FOLDER_PATH_deep = Contents/
               BUNDLE_EXECUTABLE_FOLDER_NAME_deep = MacOS
               BUNDLE_EXTENSIONS_FOLDER_PATH = Extensions
               BUNDLE_FORMAT = shallow
               BUNDLE_FRAMEWORKS_FOLDER_PATH = Frameworks
               BUNDLE_PLUGINS_FOLDER_PATH = PlugIns
               BUNDLE_PRIVATE_HEADERS_FOLDER_PATH = PrivateHeaders
               BUNDLE_PUBLIC_HEADERS_FOLDER_PATH = Headers
               CACHE_ROOT = /var/folders/20/skb3d8qx2hn9r9z8036y32g40000gp/C/com.apple.DeveloperTools/16.0-16A242d/Xcode
               CCHROOT = /var/folders/20/skb3d8qx2hn9r9z8036y32g40000gp/C/com.apple.DeveloperTools/16.0-16A242d/Xcode
               CHMOD = /bin/chmod
               CHOWN = /usr/sbin/chown
               CLANG_ANALYZER_LOCALIZABILITY_NONLOCALIZED = YES
               CLANG_ANALYZER_NONNULL = YES
               CLANG_ANALYZER_NUMBER_OBJECT_CONVERSION = YES_AGGRESSIVE
               CLANG_CACHE_FINE_GRAINED_OUTPUTS = YES
               CLANG_CXX_LANGUAGE_STANDARD = gnu++14
               CLANG_CXX_LIBRARY = libc++
               CLANG_ENABLE_EXPLICIT_MODULES = YES
               CLANG_ENABLE_MODULES = YES
               CLANG_ENABLE_OBJC_ARC = YES
               CLANG_ENABLE_OBJC_WEAK = NO
               CLANG_MODULES_BUILD_SESSION_FILE = /var/folders/20/skb3d8qx2hn9r9z8036y32g40000gp/C/org.llvm.clang/ModuleCache.noindex/Session.modulevalidation
               CLANG_WARN_BLOCK_CAPTURE_AUTORELEASING = YES
               CLANG_WARN_BOOL_CONVERSION = YES
               CLANG_WARN_COMMA = YES
               CLANG_WARN_CONSTANT_CONVERSION = YES
               CLANG_WARN_DEPRECATED_OBJC_IMPLEMENTATIONS = YES
               CLANG_WARN_DIRECT_OBJC_ISA_USAGE = YES_ERROR
               CLANG_WARN_DOCUMENTATION_COMMENTS = YES
               CLANG_WARN_EMPTY_BODY = YES
               CLANG_WARN_ENUM_CONVERSION = YES
               CLANG_WARN_INFINITE_RECURSION = YES
               CLANG_WARN_INT_CONVERSION = YES
               CLANG_WARN_NON_LITERAL_NULL_CONVERSION = YES
               CLANG_WARN_OBJC_IMPLICIT_RETAIN_SELF = YES
               CLANG_WARN_OBJC_LITERAL_CONVERSION = YES
               CLANG_WARN_OBJC_ROOT_CLASS = YES_ERROR
               CLANG_WARN_QUOTED_INCLUDE_IN_FRAMEWORK_HEADER = NO
               CLANG_WARN_RANGE_LOOP_ANALYSIS = YES
               CLANG_WARN_STRICT_PROTOTYPES = YES
               CLANG_WARN_SUSPICIOUS_MOVE = YES
               CLANG_WARN_UNGUARDED_AVAILABILITY = YES_AGGRESSIVE
               CLANG_WARN_UNREACHABLE_CODE = YES
               CLANG_WARN__DUPLICATE_METHOD_MATCH = YES
               CLASS_FILE_DIR = /Users/carl.stanley/sites/UKCPA/ukcpa_flutter/build/ios/Pods.build/Release-iphonesimulator/local_auth_darwin.build/JavaClasses
               CLEAN_PRECOMPS = YES
               CLONE_HEADERS = NO
               CODESIGNING_FOLDER_PATH = /Users/carl.stanley/sites/UKCPA/ukcpa_flutter/build/ios/Release-iphonesimulator/local_auth_darwin/local_auth_darwin.framework
               CODE_SIGNING_ALLOWED = YES
               CODE_SIGNING_REQUIRED = NO
               CODE_SIGNING_REQUIRES_TEAM = YES
               CODE_SIGN_CONTEXT_CLASS = XCiPhoneSimulatorCodeSignContext
               CODE_SIGN_IDENTITY = -
               CODE_SIGN_INJECT_BASE_ENTITLEMENTS = YES
               COLOR_DIAGNOSTICS = NO
               COMBINE_HIDPI_IMAGES = NO
               COMPILATION_CACHE_CAS_PATH = /var/folders/20/skb3d8qx2hn9r9z8036y32g40000gp/C/com.apple.DeveloperTools/16.0-16A242d/Xcode/CompilationCache.noindex
               COMPILATION_CACHE_KEEP_CAS_DIRECTORY = YES
               COMPILER_INDEX_STORE_ENABLE = Default
               COMPOSITE_SDK_DIRS = /Users/carl.stanley/sites/UKCPA/ukcpa_flutter/build/ios/CompositeSDKs
               COMPRESS_PNG_FILES = YES
               CONFIGURATION = Release
               CONFIGURATION_BUILD_DIR = /Users/carl.stanley/sites/UKCPA/ukcpa_flutter/build/ios/Release-iphonesimulator/local_auth_darwin
               CONFIGURATION_TEMP_DIR = /Users/carl.stanley/sites/UKCPA/ukcpa_flutter/build/ios/Pods.build/Release-iphonesimulator
               CONTENTS_FOLDER_PATH = local_auth_darwin.framework
               CONTENTS_FOLDER_PATH_SHALLOW_BUNDLE_NO = local_auth_darwin.framework/A
               CONTENTS_FOLDER_PATH_SHALLOW_BUNDLE_YES = local_auth_darwin.framework
               COPYING_PRESERVES_HFS_DATA = NO
               COPY_HEADERS_RUN_UNIFDEF = NO
               COPY_PHASE_STRIP = NO
               CORRESPONDING_DEVICE_PLATFORM_DIR = /Applications/Xcode.app/Contents/Developer/Platforms/iPhoneOS.platform
               CORRESPONDING_DEVICE_PLATFORM_NAME = iphoneos
               CORRESPONDING_DEVICE_SDK_DIR = /Applications/Xcode.app/Contents/Developer/Platforms/iPhoneOS.platform/Developer/SDKs/iPhoneOS18.0.sdk
               CORRESPONDING_DEVICE_SDK_NAME = iphoneos18.0
               CP = /bin/cp
               CREATE_INFOPLIST_SECTION_IN_BINARY = NO
               CURRENT_ARCH = undefined_arch
               CURRENT_PROJECT_VERSION = 1
               CURRENT_VARIANT = normal
               CURRENT_VERSION = Current
               DEAD_CODE_STRIPPING = YES
               DEBUGGING_SYMBOLS = YES
               DEBUG_INFORMATION_FORMAT = dwarf-with-dsym
               DEBUG_INFORMATION_VERSION = compiler-default
               DEFAULT_COMPILER = com.apple.compilers.llvm.clang.1_0
               DEFAULT_DEXT_INSTALL_PATH = /System/Library/DriverExtensions
               DEFAULT_KEXT_INSTALL_PATH = /System/Library/Extensions
               DEFINES_MODULE = YES
               DEPLOYMENT_LOCATION = NO
               DEPLOYMENT_POSTPROCESSING = NO
               DEPLOYMENT_TARGET_SETTING_NAME = IPHONEOS_DEPLOYMENT_TARGET
               DEPLOYMENT_TARGET_SUGGESTED_VALUES = 12.0 12.1 12.2 12.3 12.4 13.0 13.1 13.2 13.3 13.4 13.5 13.6 14.0 14.1 14.2 14.3 14.4 14.5 14.6 14.7 15.0 15.1 15.2 15.3 15.4 15.5 15.6 16.0 16.1 16.2 16.3 16.4 16.5 16.6 17.0 17.1 17.2 17.3 17.4 17.5 17.6 18.0
               DERIVED_FILES_DIR = /Users/carl.stanley/sites/UKCPA/ukcpa_flutter/build/ios/Pods.build/Release-iphonesimulator/local_auth_darwin.build/DerivedSources
               DERIVED_FILE_DIR = /Users/carl.stanley/sites/UKCPA/ukcpa_flutter/build/ios/Pods.build/Release-iphonesimulator/local_auth_darwin.build/DerivedSources
               DERIVED_SOURCES_DIR = /Users/carl.stanley/sites/UKCPA/ukcpa_flutter/build/ios/Pods.build/Release-iphonesimulator/local_auth_darwin.build/DerivedSources
               DEVELOPER_APPLICATIONS_DIR = /Applications/Xcode.app/Contents/Developer/Applications
               DEVELOPER_BIN_DIR = /Applications/Xcode.app/Contents/Developer/usr/bin
               DEVELOPER_DIR = /Applications/Xcode.app/Contents/Developer
               DEVELOPER_FRAMEWORKS_DIR = /Applications/Xcode.app/Contents/Developer/Library/Frameworks
               DEVELOPER_FRAMEWORKS_DIR_QUOTED = /Applications/Xcode.app/Contents/Developer/Library/Frameworks
               DEVELOPER_LIBRARY_DIR = /Applications/Xcode.app/Contents/Developer/Library
               DEVELOPER_SDK_DIR = /Applications/Xcode.app/Contents/Developer/Platforms/MacOSX.platform/Developer/SDKs
               DEVELOPER_TOOLS_DIR = /Applications/Xcode.app/Contents/Developer/Tools
               DEVELOPER_USR_DIR = /Applications/Xcode.app/Contents/Developer/usr
               DEVELOPMENT_LANGUAGE = en
               DIFF = /usr/bin/diff
               DOCUMENTATION_FOLDER_PATH = local_auth_darwin.framework/en.lproj/Documentation
               DONT_GENERATE_INFOPLIST_FILE = NO
               DSTROOT = /tmp/Pods.dst
               DT_TOOLCHAIN_DIR = /Applications/Xcode.app/Contents/Developer/Toolchains/XcodeDefault.xctoolchain
               DWARF_DSYM_FILE_NAME = local_auth_darwin.framework.dSYM
               DWARF_DSYM_FILE_SHOULD_ACCOMPANY_PRODUCT = NO
               DWARF_DSYM_FOLDER_PATH = /Users/carl.stanley/sites/UKCPA/ukcpa_flutter/build/ios/Release-iphonesimulator/local_auth_darwin
               DYLIB_COMPATIBILITY_VERSION = 1
               DYLIB_CURRENT_VERSION = 1
               DYLIB_INSTALL_NAME_BASE = @rpath
               DYNAMIC_LIBRARY_EXTENSION = dylib
               EAGER_COMPILATION_ALLOW_SCRIPTS = NO
               EAGER_LINKING = NO
               EFFECTIVE_PLATFORM_NAME = -iphonesimulator
               EMBEDDED_CONTENT_CONTAINS_SWIFT = NO
               EMBED_ASSET_PACKS_IN_PRODUCT_BUNDLE = NO
               ENABLE_APP_SANDBOX = NO
               ENABLE_BITCODE = NO
               ENABLE_CODE_COVERAGE = YES
               ENABLE_DEFAULT_HEADER_SEARCH_PATHS = YES
               ENABLE_DEFAULT_SEARCH_PATHS = YES
               ENABLE_HARDENED_RUNTIME = NO
               ENABLE_HEADER_DEPENDENCIES = YES
               ENABLE_MODULE_VERIFIER = NO
               ENABLE_NS_ASSERTIONS = NO
               ENABLE_ON_DEMAND_RESOURCES = NO
               ENABLE_STRICT_OBJC_MSGSEND = YES
               ENABLE_TESTABILITY = NO
               ENABLE_TESTING_SEARCH_PATHS = NO
               ENABLE_USER_SCRIPT_SANDBOXING = NO
               ENTITLEMENTS_DESTINATION = __entitlements
               ENTITLEMENTS_REQUIRED = NO
               EXCLUDED_ARCHS =  i386
               EXCLUDED_INSTALLSRC_SUBDIRECTORY_PATTERNS = .DS_Store .svn .git .hg CVS
               EXCLUDED_RECURSIVE_SEARCH_PATH_SUBDIRECTORIES = *.nib *.lproj *.framework *.gch *.xcode* *.xcassets (*) .DS_Store CVS .svn .git .hg *.pbproj *.pbxproj
               EXECUTABLES_FOLDER_PATH = local_auth_darwin.framework/en.lproj
               EXECUTABLE_FOLDER_PATH = local_auth_darwin.framework
               EXECUTABLE_FOLDER_PATH_SHALLOW_BUNDLE_NO = local_auth_darwin.framework
               EXECUTABLE_FOLDER_PATH_SHALLOW_BUNDLE_YES = local_auth_darwin.framework
               EXECUTABLE_NAME = local_auth_darwin
               EXECUTABLE_PATH = local_auth_darwin.framework/local_auth_darwin
               EXTENSIONS_FOLDER_PATH = local_auth_darwin.framework/Extensions
               FILE_LIST = /Users/carl.stanley/sites/UKCPA/ukcpa_flutter/build/ios/Pods.build/Release-iphonesimulator/local_auth_darwin.build/Objects/LinkFileList
               FIXED_FILES_DIR = /Users/carl.stanley/sites/UKCPA/ukcpa_flutter/build/ios/Pods.build/Release-iphonesimulator/local_auth_darwin.build/FixedFiles
               FRAMEWORKS_FOLDER_PATH = local_auth_darwin.framework/Frameworks
               FRAMEWORK_FLAG_PREFIX = -framework
               FRAMEWORK_SEARCH_PATHS = /Users/carl.stanley/sites/UKCPA/ukcpa_flutter/build/ios/Release-iphonesimulator/local_auth_darwin "/Users/carl.stanley/development/flutter/bin/cache/artifacts/engine/ios-release/Flutter.xcframework/ios-arm64_x86_64-simulator" 
               FRAMEWORK_VERSION = A
               FULL_PRODUCT_NAME = local_auth_darwin.framework
               FUSE_BUILD_PHASES = YES
               FUSE_BUILD_SCRIPT_PHASES = NO
               GCC3_VERSION = 3.3
               GCC_C_LANGUAGE_STANDARD = gnu11
               GCC_INLINES_ARE_PRIVATE_EXTERN = YES
               GCC_NO_COMMON_BLOCKS = YES
               GCC_OBJC_LEGACY_DISPATCH = YES
               GCC_PFE_FILE_C_DIALECTS = c objective-c c++ objective-c++
               GCC_PREFIX_HEADER = Target Support Files/local_auth_darwin/local_auth_darwin-prefix.pch
               GCC_PREPROCESSOR_DEFINITIONS = POD_CONFIGURATION_RELEASE=1  COCOAPODS=1
               GCC_TREAT_WARNINGS_AS_ERRORS = NO
               GCC_VERSION = com.apple.compilers.llvm.clang.1_0
               GCC_VERSION_IDENTIFIER = com_apple_compilers_llvm_clang_1_0
               GCC_WARN_64_TO_32_BIT_CONVERSION = YES
               GCC_WARN_ABOUT_RETURN_TYPE = YES_ERROR
               GCC_WARN_UNDECLARED_SELECTOR = YES
               GCC_WARN_UNINITIALIZED_AUTOS = YES_AGGRESSIVE
               GCC_WARN_UNUSED_FUNCTION = YES
               GCC_WARN_UNUSED_VARIABLE = YES
               GENERATED_MODULEMAP_DIR = /Users/carl.stanley/sites/UKCPA/ukcpa_flutter/build/ios/GeneratedModuleMaps-iphonesimulator
               GENERATE_INFOPLIST_FILE = NO
               GENERATE_INTERMEDIATE_TEXT_BASED_STUBS = YES
               GENERATE_MASTER_OBJECT_FILE = NO
               GENERATE_PKGINFO_FILE = NO
               GENERATE_PROFILING_CODE = NO
               GENERATE_TEXT_BASED_STUBS = NO
               GID = 20
               GROUP = staff
               HEADERMAP_INCLUDES_FLAT_ENTRIES_FOR_TARGET_BEING_BUILT = YES
               HEADERMAP_INCLUDES_FRAMEWORK_ENTRIES_FOR_ALL_PRODUCT_TYPES = YES
               HEADERMAP_INCLUDES_FRAMEWORK_ENTRIES_FOR_TARGETS_NOT_BEING_BUILT = YES
               HEADERMAP_INCLUDES_NONPUBLIC_NONPRIVATE_HEADERS = YES
               HEADERMAP_INCLUDES_PROJECT_HEADERS = YES
               HEADERMAP_USES_FRAMEWORK_PREFIX_ENTRIES = YES
               HEADERMAP_USES_VFS = YES
               HEADER_SEARCH_PATHS = /Users/carl.stanley/sites/UKCPA/ukcpa_flutter/build/ios/Release-iphonesimulator/local_auth_darwin/include 
               HIDE_BITCODE_SYMBOLS = YES
               HOME = /Users/carl.stanley
               HOST_ARCH = arm64
               HOST_PLATFORM = macosx
               ICONV = /usr/bin/iconv
               IMPLICIT_DEPENDENCY_DOMAIN = default
               INFOPLIST_ENABLE_CFBUNDLEICONS_MERGE = YES
               INFOPLIST_EXPAND_BUILD_SETTINGS = YES
               INFOPLIST_FILE = Target Support Files/local_auth_darwin/local_auth_darwin-Info.plist
               INFOPLIST_OUTPUT_FORMAT = binary
               INFOPLIST_PATH = local_auth_darwin.framework/Info.plist
               INFOPLIST_PREPROCESS = NO
               INFOSTRINGS_PATH = local_auth_darwin.framework/en.lproj/InfoPlist.strings
               INLINE_PRIVATE_FRAMEWORKS = NO
               INSTALLHDRS_COPY_PHASE = NO
               INSTALLHDRS_SCRIPT_PHASE = NO
               INSTALL_DIR = /tmp/Pods.dst/Library/Frameworks
               INSTALL_GROUP = staff
               INSTALL_MODE_FLAG = u+w,go-w,a+rX
               INSTALL_OWNER = carl.stanley
               INSTALL_PATH = /Library/Frameworks
               INSTALL_ROOT = /tmp/Pods.dst
               IPHONEOS_DEPLOYMENT_TARGET = 13.0
               IS_UNOPTIMIZED_BUILD = NO
               JAVAC_DEFAULT_FLAGS = -J-Xms64m -J-XX:NewSize=4M -J-Dfile.encoding=UTF8
               JAVA_APP_STUB = /System/Library/Frameworks/JavaVM.framework/Resources/MacOS/JavaApplicationStub
               JAVA_ARCHIVE_CLASSES = YES
               JAVA_ARCHIVE_TYPE = JAR
               JAVA_COMPILER = /usr/bin/javac
               JAVA_FOLDER_PATH = local_auth_darwin.framework/Java
               JAVA_FRAMEWORK_RESOURCES_DIRS = Resources
               JAVA_JAR_FLAGS = cv
               JAVA_SOURCE_SUBDIR = .
               JAVA_USE_DEPENDENCIES = YES
               JAVA_ZIP_FLAGS = -urg
               JIKES_DEFAULT_FLAGS = +E +OLDCSO
               KEEP_PRIVATE_EXTERNS = NO
               LD_DEPENDENCY_INFO_FILE = /Users/carl.stanley/sites/UKCPA/ukcpa_flutter/build/ios/Pods.build/Release-iphonesimulator/local_auth_darwin.build/Objects-normal/undefined_arch/local_auth_darwin_dependency_info.dat
               LD_DYLIB_INSTALL_NAME = @rpath/local_auth_darwin.framework/local_auth_darwin
               LD_EXPORT_SYMBOLS = YES
               LD_GENERATE_MAP_FILE = NO
               LD_MAP_FILE_PATH = /Users/carl.stanley/sites/UKCPA/ukcpa_flutter/build/ios/Pods.build/Release-iphonesimulator/local_auth_darwin.build/local_auth_darwin-LinkMap-normal-undefined_arch.txt
               LD_NO_PIE = NO
               LD_QUOTE_LINKER_ARGUMENTS_FOR_COMPILER_DRIVER = YES
               LD_RUNPATH_SEARCH_PATHS =  @executable_path/Frameworks @loader_path/Frameworks
               LD_SHARED_CACHE_ELIGIBLE = Automatic
               LD_WARN_DUPLICATE_LIBRARIES = NO
               LD_WARN_UNUSED_DYLIBS = NO
               LEGACY_DEVELOPER_DIR = /Applications/Xcode.app/Contents/PlugIns/Xcode3Core.ideplugin/Contents/SharedSupport/Developer
               LEX = lex
               LIBRARY_DEXT_INSTALL_PATH = /Library/DriverExtensions
               LIBRARY_FLAG_NOSPACE = YES
               LIBRARY_FLAG_PREFIX = -l
               LIBRARY_KEXT_INSTALL_PATH = /Library/Extensions
               LIBRARY_SEARCH_PATHS = /Users/carl.stanley/sites/UKCPA/ukcpa_flutter/build/ios/Release-iphonesimulator/local_auth_darwin 
               LINKER_DISPLAYS_MANGLED_NAMES = NO
               LINK_FILE_LIST_normal_arm64 = /Users/carl.stanley/sites/UKCPA/ukcpa_flutter/build/ios/Pods.build/Release-iphonesimulator/local_auth_darwin.build/Objects-normal/arm64/local_auth_darwin.LinkFileList
               LINK_FILE_LIST_normal_x86_64 = /Users/carl.stanley/sites/UKCPA/ukcpa_flutter/build/ios/Pods.build/Release-iphonesimulator/local_auth_darwin.build/Objects-normal/x86_64/local_auth_darwin.LinkFileList
               LINK_OBJC_RUNTIME = YES
               LINK_WITH_STANDARD_LIBRARIES = YES
               LLVM_TARGET_TRIPLE_OS_VERSION = ios13.0
               LLVM_TARGET_TRIPLE_SUFFIX = -simulator
               LLVM_TARGET_TRIPLE_VENDOR = apple
               LM_AUX_CONST_METADATA_LIST_PATH_normal_arm64 = /Users/carl.stanley/sites/UKCPA/ukcpa_flutter/build/ios/Pods.build/Release-iphonesimulator/local_auth_darwin.build/Objects-normal/arm64/local_auth_darwin.SwiftConstValuesFileList
               LM_AUX_CONST_METADATA_LIST_PATH_normal_x86_64 = /Users/carl.stanley/sites/UKCPA/ukcpa_flutter/build/ios/Pods.build/Release-iphonesimulator/local_auth_darwin.build/Objects-normal/x86_64/local_auth_darwin.SwiftConstValuesFileList
               LOCALIZATION_EXPORT_SUPPORTED = YES
               LOCALIZATION_PREFERS_STRING_CATALOGS = NO
               LOCALIZED_RESOURCES_FOLDER_PATH = local_auth_darwin.framework/en.lproj
               LOCALIZED_STRING_MACRO_NAMES = NSLocalizedString CFCopyLocalizedString
               LOCALIZED_STRING_SWIFTUI_SUPPORT = YES
               LOCAL_ADMIN_APPS_DIR = /Applications/Utilities
               LOCAL_APPS_DIR = /Applications
               LOCAL_DEVELOPER_DIR = /Library/Developer
               LOCAL_LIBRARY_DIR = /Library
               LOCROOT = /Users/carl.stanley/sites/UKCPA/ukcpa_flutter/ios/Pods
               LOCSYMROOT = /Users/carl.stanley/sites/UKCPA/ukcpa_flutter/ios/Pods
               MACH_O_TYPE = mh_dylib
               MAC_OS_X_PRODUCT_BUILD_VERSION = 24G84
               MAC_OS_X_VERSION_ACTUAL = 150600
               MAC_OS_X_VERSION_MAJOR = 150000
               MAC_OS_X_VERSION_MINOR = 150600
               MAKE_MERGEABLE = NO
               MERGEABLE_LIBRARY = NO
               MERGED_BINARY_TYPE = none
               MERGE_LINKED_LIBRARIES = NO
               METAL_LIBRARY_FILE_BASE = default
               METAL_LIBRARY_OUTPUT_DIR = /Users/carl.stanley/sites/UKCPA/ukcpa_flutter/build/ios/Release-iphonesimulator/local_auth_darwin/local_auth_darwin.framework
               MODULEMAP_FILE = Target Support Files/local_auth_darwin/local_auth_darwin.modulemap
               MODULES_FOLDER_PATH = local_auth_darwin.framework/Modules
               MTL_ENABLE_DEBUG_INFO = NO
               MTL_FAST_MATH = YES
               NATIVE_ARCH = arm64
               NATIVE_ARCH_32_BIT = arm
               NATIVE_ARCH_64_BIT = arm64
               NATIVE_ARCH_ACTUAL = arm64
               NO_COMMON = YES
               OBJC_ABI_VERSION = 2
               OBJECT_FILE_DIR = /Users/carl.stanley/sites/UKCPA/ukcpa_flutter/build/ios/Pods.build/Release-iphonesimulator/local_auth_darwin.build/Objects
               OBJECT_FILE_DIR_normal = /Users/carl.stanley/sites/UKCPA/ukcpa_flutter/build/ios/Pods.build/Release-iphonesimulator/local_auth_darwin.build/Objects-normal
               OBJROOT = /Users/carl.stanley/sites/UKCPA/ukcpa_flutter/build/ios
               ONLY_ACTIVE_ARCH = NO
               OS = MACOS
               OSAC = /usr/bin/osacompile
               OTHER_LDFLAGS =  -framework Flutter
               PACKAGE_TYPE = com.apple.package-type.wrapper.framework
               PASCAL_STRINGS = YES
               PATH = /Applications/Xcode.app/Contents/SharedFrameworks/XCBuild.framework/Versions/A/PlugIns/XCBBuildService.bundle/Contents/PlugIns/XCBSpecifications.ideplugin/Contents/Resources:/Applications/Xcode.app/Contents/SharedFrameworks/XCBuild.framework/Versions/A/PlugIns/XCBBuildService.bundle/Contents/PlugIns/XCBSpecifications.ideplugin:/Applications/Xcode.app/Contents/Developer/Toolchains/XcodeDefault.xctoolchain/usr/bin:/Applications/Xcode.app/Contents/Developer/Toolchains/XcodeDefault.xctoolchain/usr/appleinternal/bin:/Applications/Xcode.app/Contents/Developer/Toolchains/XcodeDefault.xctoolchain/usr/local/bin:/Applications/Xcode.app/Contents/Developer/Toolchains/XcodeDefault.xctoolchain/usr/libexec:/Applications/Xcode.app/Contents/Developer/Platforms/iPhoneSimulator.platform/usr/bin:/Applications/Xcode.app/Contents/Developer/Platforms/iPhoneSimulator.platform/usr/appleinternal/bin:/Applications/Xcode.app/Contents/Developer/Platforms/iPhoneSimulator.platform/usr/local/bin:/Applications/Xcode.app/Contents/Developer/Platforms/iPhoneSimulator.platform/Developer/usr/bin:/Applications/Xcode.app/Contents/Developer/Platforms/iPhoneSimulator.platform/Developer/usr/local/bin:/Applications/Xcode.app/Contents/Developer/usr/bin:/Applications/Xcode.app/Contents/Developer/usr/local/bin:/opt/homebrew/Cellar/pyenv-virtualenv/1.2.4/shims:/Users/carl.stanley/.pyenv/shims:/Users/carl.stanley/.pyenv/bin:/Users/carl.stanley/.nvm/versions/node/v18.17.0/bin:/Users/carl.stanley/development/flutter/bin:/opt/homebrew/bin:/opt/homebrew/sbin:/Users/carl.stanley/.local/bin:/usr/local/bin:/System/Cryptexes/App/usr/bin:/usr/bin:/bin:/usr/sbin:/sbin:/var/run/com.apple.security.cryptexd/codex.system/bootstrap/usr/local/bin:/var/run/com.apple.security.cryptexd/codex.system/bootstrap/usr/bin:/var/run/com.apple.security.cryptexd/codex.system/bootstrap/usr/appleinternal/bin:/Library/Apple/usr/bin:/usr/local/sbin:/usr/local/go/bin:/Users/carl.stanley/.pub-cache/bin
               PATH_PREFIXES_EXCLUDED_FROM_HEADER_DEPENDENCIES = /usr/include /usr/local/include /System/Library/Frameworks /System/Library/PrivateFrameworks /Applications/Xcode.app/Contents/Developer/Headers /Applications/Xcode.app/Contents/Developer/SDKs /Applications/Xcode.app/Contents/Developer/Platforms
               PBDEVELOPMENTPLIST_PATH = local_auth_darwin.framework/pbdevelopment.plist
               PER_ARCH_OBJECT_FILE_DIR = /Users/carl.stanley/sites/UKCPA/ukcpa_flutter/build/ios/Pods.build/Release-iphonesimulator/local_auth_darwin.build/Objects-normal/undefined_arch
               PER_VARIANT_OBJECT_FILE_DIR = /Users/carl.stanley/sites/UKCPA/ukcpa_flutter/build/ios/Pods.build/Release-iphonesimulator/local_auth_darwin.build/Objects-normal
               PKGINFO_FILE_PATH = /Users/carl.stanley/sites/UKCPA/ukcpa_flutter/build/ios/Pods.build/Release-iphonesimulator/local_auth_darwin.build/PkgInfo
               PKGINFO_PATH = local_auth_darwin.framework/PkgInfo
               PLATFORM_DEVELOPER_APPLICATIONS_DIR = /Applications/Xcode.app/Contents/Developer/Platforms/iPhoneSimulator.platform/Developer/Applications
               PLATFORM_DEVELOPER_BIN_DIR = /Applications/Xcode.app/Contents/Developer/Platforms/iPhoneSimulator.platform/Developer/usr/bin
               PLATFORM_DEVELOPER_LIBRARY_DIR = /Applications/Xcode.app/Contents/Developer/Platforms/iPhoneSimulator.platform/Developer/Library
               PLATFORM_DEVELOPER_SDK_DIR = /Applications/Xcode.app/Contents/Developer/Platforms/iPhoneSimulator.platform/Developer/SDKs
               PLATFORM_DEVELOPER_TOOLS_DIR = /Applications/Xcode.app/Contents/Developer/Platforms/iPhoneSimulator.platform/Developer/Tools
               PLATFORM_DEVELOPER_USR_DIR = /Applications/Xcode.app/Contents/Developer/Platforms/iPhoneSimulator.platform/Developer/usr
               PLATFORM_DIR = /Applications/Xcode.app/Contents/Developer/Platforms/iPhoneSimulator.platform
               PLATFORM_DISPLAY_NAME = iOS Simulator
               PLATFORM_FAMILY_NAME = iOS
               PLATFORM_NAME = iphonesimulator
               PLATFORM_PREFERRED_ARCH = x86_64
               PLATFORM_PRODUCT_BUILD_VERSION = 22A3362
               PLIST_FILE_OUTPUT_FORMAT = binary
               PLUGINS_FOLDER_PATH = local_auth_darwin.framework/PlugIns
               PODS_BUILD_DIR = /Users/carl.stanley/sites/UKCPA/ukcpa_flutter/build/ios
               PODS_CONFIGURATION_BUILD_DIR = /Users/carl.stanley/sites/UKCPA/ukcpa_flutter/build/ios/Release-iphonesimulator
               PODS_DEVELOPMENT_LANGUAGE = en
               PODS_ROOT = /Users/carl.stanley/sites/UKCPA/ukcpa_flutter/ios/Pods
               PODS_TARGET_SRCROOT = /Users/carl.stanley/sites/UKCPA/ukcpa_flutter/ios/Pods/../.symlinks/plugins/local_auth_darwin/darwin
               PODS_XCFRAMEWORKS_BUILD_DIR = /Users/carl.stanley/sites/UKCPA/ukcpa_flutter/build/ios/Release-iphonesimulator/XCFrameworkIntermediates
               PRECOMPS_INCLUDE_HEADERS_FROM_BUILT_PRODUCTS_DIR = YES
               PRECOMP_DESTINATION_DIR = /Users/carl.stanley/sites/UKCPA/ukcpa_flutter/build/ios/Pods.build/Release-iphonesimulator/local_auth_darwin.build/PrefixHeaders
               PRIVATE_HEADERS_FOLDER_PATH = local_auth_darwin.framework/PrivateHeaders
               PROCESSED_INFOPLIST_PATH = /Users/carl.stanley/sites/UKCPA/ukcpa_flutter/build/ios/Pods.build/Release-iphonesimulator/local_auth_darwin.build/Objects-normal/undefined_arch/Processed-Info.plist
               PRODUCT_BUNDLE_IDENTIFIER = org.cocoapods.local-auth-darwin
               PRODUCT_BUNDLE_PACKAGE_TYPE = FMWK
               PRODUCT_MODULE_NAME = local_auth_darwin
               PRODUCT_NAME = local_auth_darwin
               PRODUCT_SETTINGS_PATH = /Users/carl.stanley/sites/UKCPA/ukcpa_flutter/ios/Pods/Target Support Files/local_auth_darwin/local_auth_darwin-Info.plist
               PRODUCT_TYPE = com.apple.product-type.framework
               PROFILING_CODE = NO
               PROJECT = Pods
               PROJECT_DERIVED_FILE_DIR = /Users/carl.stanley/sites/UKCPA/ukcpa_flutter/build/ios/Pods.build/DerivedSources
               PROJECT_DIR = /Users/carl.stanley/sites/UKCPA/ukcpa_flutter/ios/Pods
               PROJECT_FILE_PATH = /Users/carl.stanley/sites/UKCPA/ukcpa_flutter/ios/Pods/Pods.xcodeproj
               PROJECT_GUID = bfdfe7dc352907fc980b868725387e98
               PROJECT_NAME = Pods
               PROJECT_TEMP_DIR = /Users/carl.stanley/sites/UKCPA/ukcpa_flutter/build/ios/Pods.build
               PROJECT_TEMP_ROOT = /Users/carl.stanley/sites/UKCPA/ukcpa_flutter/build/ios
               PUBLIC_HEADERS_FOLDER_PATH = local_auth_darwin.framework/Headers
               RECOMMENDED_IPHONEOS_DEPLOYMENT_TARGET = 15.0
               RECURSIVE_SEARCH_PATHS_FOLLOW_SYMLINKS = YES
               REMOVE_CVS_FROM_RESOURCES = YES
               REMOVE_GIT_FROM_RESOURCES = YES
               REMOVE_HEADERS_FROM_EMBEDDED_BUNDLES = YES
               REMOVE_HG_FROM_RESOURCES = YES
               REMOVE_STATIC_EXECUTABLES_FROM_EMBEDDED_BUNDLES = YES
               REMOVE_SVN_FROM_RESOURCES = YES
               RESCHEDULE_INDEPENDENT_HEADERS_PHASES = YES
               REZ_COLLECTOR_DIR = /Users/carl.stanley/sites/UKCPA/ukcpa_flutter/build/ios/Pods.build/Release-iphonesimulator/local_auth_darwin.build/ResourceManagerResources
               REZ_OBJECTS_DIR = /Users/carl.stanley/sites/UKCPA/ukcpa_flutter/build/ios/Pods.build/Release-iphonesimulator/local_auth_darwin.build/ResourceManagerResources/Objects
               REZ_SEARCH_PATHS = /Users/carl.stanley/sites/UKCPA/ukcpa_flutter/build/ios/Release-iphonesimulator/local_auth_darwin 
               SCAN_ALL_SOURCE_FILES_FOR_INCLUDES = NO
               SCRIPTS_FOLDER_PATH = local_auth_darwin.framework/Scripts
               SDKROOT = /Applications/Xcode.app/Contents/Developer/Platforms/iPhoneSimulator.platform/Developer/SDKs/iPhoneSimulator18.0.sdk
               SDK_DIR = /Applications/Xcode.app/Contents/Developer/Platforms/iPhoneSimulator.platform/Developer/SDKs/iPhoneSimulator18.0.sdk
               SDK_DIR_iphonesimulator = /Applications/Xcode.app/Contents/Developer/Platforms/iPhoneSimulator.platform/Developer/SDKs/iPhoneSimulator18.0.sdk
               SDK_DIR_iphonesimulator18_0 = /Applications/Xcode.app/Contents/Developer/Platforms/iPhoneSimulator.platform/Developer/SDKs/iPhoneSimulator18.0.sdk
               SDK_NAME = iphonesimulator18.0
               SDK_NAMES = iphonesimulator18.0
               SDK_PRODUCT_BUILD_VERSION = 22A3362
               SDK_STAT_CACHE_DIR = /var/folders/20/skb3d8qx2hn9r9z8036y32g40000gp/C/com.apple.DeveloperTools/16.0-16A242d/Xcode
               SDK_STAT_CACHE_ENABLE = YES
               SDK_STAT_CACHE_PATH = /var/folders/20/skb3d8qx2hn9r9z8036y32g40000gp/C/com.apple.DeveloperTools/16.0-16A242d/Xcode/SDKStatCaches.noindex/iphonesimulator18.0-22A3362-db63dc9361471f152f572502bdbfe70a.sdkstatcache
               SDK_VERSION = 18.0
               SDK_VERSION_ACTUAL = 180000
               SDK_VERSION_MAJOR = 180000
               SDK_VERSION_MINOR = 180000
               SED = /usr/bin/sed
               SEPARATE_STRIP = NO
               SEPARATE_SYMBOL_EDIT = NO
               SET_DIR_MODE_OWNER_GROUP = YES
               SET_FILE_MODE_OWNER_GROUP = NO
               SHALLOW_BUNDLE = YES
               SHALLOW_BUNDLE_TRIPLE = ios-simulator
               SHALLOW_BUNDLE_ios_macabi = NO
               SHALLOW_BUNDLE_macos = NO
               SHARED_DERIVED_FILE_DIR = /Users/carl.stanley/sites/UKCPA/ukcpa_flutter/build/ios/Release-iphonesimulator/local_auth_darwin/DerivedSources
               SHARED_FRAMEWORKS_FOLDER_PATH = local_auth_darwin.framework/SharedFrameworks
               SHARED_PRECOMPS_DIR = /Users/carl.stanley/sites/UKCPA/ukcpa_flutter/build/ios/SharedPrecompiledHeaders
               SHARED_SUPPORT_FOLDER_PATH = local_auth_darwin.framework
               SKIP_INSTALL = YES
               SOURCE_ROOT = /Users/carl.stanley/sites/UKCPA/ukcpa_flutter/ios/Pods
               SRCROOT = /Users/carl.stanley/sites/UKCPA/ukcpa_flutter/ios/Pods
               STRINGSDATA_DIR = /Users/carl.stanley/sites/UKCPA/ukcpa_flutter/build/ios/Pods.build/Release-iphonesimulator/local_auth_darwin.build/Objects-normal/undefined_arch
               STRINGSDATA_ROOT = /Users/carl.stanley/sites/UKCPA/ukcpa_flutter/build/ios/Pods.build/Release-iphonesimulator/local_auth_darwin.build
               STRINGS_FILE_INFOPLIST_RENAME = YES
               STRINGS_FILE_OUTPUT_ENCODING = binary
               STRIP_BITCODE_FROM_COPIED_FILES = NO
               STRIP_INSTALLED_PRODUCT = NO
               STRIP_STYLE = debugging
               STRIP_SWIFT_SYMBOLS = YES
               SUPPORTED_DEVICE_FAMILIES = 1,2
               SUPPORTED_PLATFORMS = iphoneos iphonesimulator
               SUPPORTS_TEXT_BASED_API = NO
               SUPPRESS_WARNINGS = NO
               SWIFT_ACTIVE_COMPILATION_CONDITIONS =  
               SWIFT_COMPILATION_MODE = wholemodule
               SWIFT_EMIT_LOC_STRINGS = NO
               SWIFT_INSTALL_MODULE_FOR_DEPLOYMENT = YES
               SWIFT_INSTALL_OBJC_HEADER = YES
               SWIFT_OPTIMIZATION_LEVEL = -O
               SWIFT_PLATFORM_TARGET_PREFIX = ios
               SWIFT_RESPONSE_FILE_PATH_normal_arm64 = /Users/carl.stanley/sites/UKCPA/ukcpa_flutter/build/ios/Pods.build/Release-iphonesimulator/local_auth_darwin.build/Objects-normal/arm64/local_auth_darwin.SwiftFileList
               SWIFT_RESPONSE_FILE_PATH_normal_x86_64 = /Users/carl.stanley/sites/UKCPA/ukcpa_flutter/build/ios/Pods.build/Release-iphonesimulator/local_auth_darwin.build/Objects-normal/x86_64/local_auth_darwin.SwiftFileList
               SWIFT_VERSION = 5.0
               SYMROOT = /Users/carl.stanley/sites/UKCPA/ukcpa_flutter/ios/build
               SYSTEM_ADMIN_APPS_DIR = /Applications/Utilities
               SYSTEM_APPS_DIR = /Applications
               SYSTEM_CORE_SERVICES_DIR = /System/Library/CoreServices
               SYSTEM_DEMOS_DIR = /Applications/Extras
               SYSTEM_DEVELOPER_APPS_DIR = /Applications/Xcode.app/Contents/Developer/Applications
               SYSTEM_DEVELOPER_BIN_DIR = /Applications/Xcode.app/Contents/Developer/usr/bin
               SYSTEM_DEVELOPER_DEMOS_DIR = /Applications/Xcode.app/Contents/Developer/Applications/Utilities/Built Examples
               SYSTEM_DEVELOPER_DIR = /Applications/Xcode.app/Contents/Developer
               SYSTEM_DEVELOPER_DOC_DIR = /Applications/Xcode.app/Contents/Developer/ADC Reference Library
               SYSTEM_DEVELOPER_GRAPHICS_TOOLS_DIR = /Applications/Xcode.app/Contents/Developer/Applications/Graphics Tools
               SYSTEM_DEVELOPER_JAVA_TOOLS_DIR = /Applications/Xcode.app/Contents/Developer/Applications/Java Tools
               SYSTEM_DEVELOPER_PERFORMANCE_TOOLS_DIR = /Applications/Xcode.app/Contents/Developer/Applications/Performance Tools
               SYSTEM_DEVELOPER_RELEASENOTES_DIR = /Applications/Xcode.app/Contents/Developer/ADC Reference Library/releasenotes
               SYSTEM_DEVELOPER_TOOLS = /Applications/Xcode.app/Contents/Developer/Tools
               SYSTEM_DEVELOPER_TOOLS_DOC_DIR = /Applications/Xcode.app/Contents/Developer/ADC Reference Library/documentation/DeveloperTools
               SYSTEM_DEVELOPER_TOOLS_RELEASENOTES_DIR = /Applications/Xcode.app/Contents/Developer/ADC Reference Library/releasenotes/DeveloperTools
               SYSTEM_DEVELOPER_USR_DIR = /Applications/Xcode.app/Contents/Developer/usr
               SYSTEM_DEVELOPER_UTILITIES_DIR = /Applications/Xcode.app/Contents/Developer/Applications/Utilities
               SYSTEM_DEXT_INSTALL_PATH = /System/Library/DriverExtensions
               SYSTEM_DOCUMENTATION_DIR = /Library/Documentation
               SYSTEM_EXTENSIONS_FOLDER_PATH = local_auth_darwin.framework/SystemExtensions
               SYSTEM_EXTENSIONS_FOLDER_PATH_SHALLOW_BUNDLE_NO = local_auth_darwin.framework/Library/SystemExtensions
               SYSTEM_EXTENSIONS_FOLDER_PATH_SHALLOW_BUNDLE_YES = local_auth_darwin.framework/SystemExtensions
               SYSTEM_KEXT_INSTALL_PATH = /System/Library/Extensions
               SYSTEM_LIBRARY_DIR = /System/Library
               TAPI_DEMANGLE = YES
               TAPI_ENABLE_PROJECT_HEADERS = NO
               TAPI_LANGUAGE = objective-c
               TAPI_LANGUAGE_STANDARD = compiler-default
               TAPI_USE_SRCROOT = YES
               TAPI_VERIFY_MODE = Pedantic
               TARGETED_DEVICE_FAMILY = 1,2
               TARGETNAME = local_auth_darwin
               TARGET_BUILD_DIR = /Users/carl.stanley/sites/UKCPA/ukcpa_flutter/build/ios/Release-iphonesimulator/local_auth_darwin
               TARGET_NAME = local_auth_darwin
               TARGET_TEMP_DIR = /Users/carl.stanley/sites/UKCPA/ukcpa_flutter/build/ios/Pods.build/Release-iphonesimulator/local_auth_darwin.build
               TEMP_DIR = /Users/carl.stanley/sites/UKCPA/ukcpa_flutter/build/ios/Pods.build/Release-iphonesimulator/local_auth_darwin.build
               TEMP_FILES_DIR = /Users/carl.stanley/sites/UKCPA/ukcpa_flutter/build/ios/Pods.build/Release-iphonesimulator/local_auth_darwin.build
               TEMP_FILE_DIR = /Users/carl.stanley/sites/UKCPA/ukcpa_flutter/build/ios/Pods.build/Release-iphonesimulator/local_auth_darwin.build
               TEMP_ROOT = /Users/carl.stanley/sites/UKCPA/ukcpa_flutter/build/ios
               TEST_FRAMEWORK_SEARCH_PATHS =  /Applications/Xcode.app/Contents/Developer/Platforms/iPhoneSimulator.platform/Developer/Library/Frameworks /Applications/Xcode.app/Contents/Developer/Platforms/iPhoneSimulator.platform/Developer/SDKs/iPhoneSimulator18.0.sdk/Developer/Library/Frameworks
               TEST_LIBRARY_SEARCH_PATHS =  /Applications/Xcode.app/Contents/Developer/Platforms/iPhoneSimulator.platform/Developer/usr/lib
               TOOLCHAINS = com.apple.dt.toolchain.XcodeDefault
               TOOLCHAIN_DIR = /Applications/Xcode.app/Contents/Developer/Toolchains/XcodeDefault.xctoolchain
               TREAT_MISSING_BASELINES_AS_TEST_FAILURES = NO
               TREAT_MISSING_SCRIPT_PHASE_OUTPUTS_AS_ERRORS = NO
               UID = 502
               UNINSTALLED_PRODUCTS_DIR = /Users/carl.stanley/sites/UKCPA/ukcpa_flutter/build/ios/UninstalledProducts
               UNLOCALIZED_RESOURCES_FOLDER_PATH = local_auth_darwin.framework
               UNLOCALIZED_RESOURCES_FOLDER_PATH_SHALLOW_BUNDLE_NO = local_auth_darwin.framework/Resources
               UNLOCALIZED_RESOURCES_FOLDER_PATH_SHALLOW_BUNDLE_YES = local_auth_darwin.framework
               UNSTRIPPED_PRODUCT = NO
               USER = carl.stanley
               USER_APPS_DIR = /Users/carl.stanley/Applications
               USER_LIBRARY_DIR = /Users/carl.stanley/Library
               USE_DYNAMIC_NO_PIC = YES
               USE_HEADERMAP = YES
               USE_HEADER_SYMLINKS = NO
               USE_RECURSIVE_SCRIPT_INPUTS_IN_SCRIPT_PHASES = YES
               VALIDATE_DEVELOPMENT_ASSET_PATHS = YES_ERROR
               VALIDATE_PRODUCT = YES
               VALID_ARCHS = arm64 x86_64
               VERBOSE_PBXCP = NO
               VERSIONING_SYSTEM = apple-generic
               VERSIONPLIST_PATH = local_auth_darwin.framework/version.plist
               VERSIONS_FOLDER_PATH = local_auth_darwin.framework
               VERSIONS_FOLDER_PATH_SHALLOW_BUNDLE_NO = local_auth_darwin.framework/Versions
               VERSIONS_FOLDER_PATH_SHALLOW_BUNDLE_YES = local_auth_darwin.framework
               VERSION_INFO_BUILDER = carl.stanley
               VERSION_INFO_FILE = local_auth_darwin_vers.c
               VERSION_INFO_STRING = "@(#)PROGRAM:local_auth_darwin  PROJECT:Pods-1"
               WORKSPACE_DIR = /Users/carl.stanley/sites/UKCPA/ukcpa_flutter/ios/Pods/Pods.xcodeproj
               WRAPPER_EXTENSION = framework
               WRAPPER_NAME = local_auth_darwin.framework
               WRAPPER_SUFFIX = .framework
               WRAP_ASSET_PACKS_IN_SEPARATE_DIRECTORIES = NO
               XCODE_APP_SUPPORT_DIR = /Applications/Xcode.app/Contents/Developer/Library/Xcode
               XCODE_PRODUCT_BUILD_VERSION = 16A242d
               XCODE_VERSION_ACTUAL = 1600
               XCODE_VERSION_MAJOR = 1600
               XCODE_VERSION_MINOR = 1600
               XPCSERVICES_FOLDER_PATH = local_auth_darwin.framework/XPCServices
               YACC = yacc
               _WRAPPER_CONTENTS_DIR_SHALLOW_BUNDLE_NO = /Contents
               _WRAPPER_PARENT_PATH_SHALLOW_BUNDLE_NO = /..
               _WRAPPER_RESOURCES_DIR_SHALLOW_BUNDLE_NO = /Resources
               arch = undefined_arch
               variant = normal

           Build settings for action build and target local_auth_darwin-local_auth_darwin_privacy:
               ACTION = build
               AD_HOC_CODE_SIGNING_ALLOWED = YES
               ALLOW_BUILD_REQUEST_OVERRIDES = NO
               ALLOW_TARGET_PLATFORM_SPECIALIZATION = NO
               ALTERNATE_GROUP = staff
               ALTERNATE_MODE = u+w,go-w,a+rX
               ALTERNATE_OWNER = carl.stanley
               ALTERNATIVE_DISTRIBUTION_WEB = NO
               ALWAYS_EMBED_SWIFT_STANDARD_LIBRARIES = NO
               ALWAYS_SEARCH_USER_PATHS = NO
               ALWAYS_USE_SEPARATE_HEADERMAPS = NO
               APPLE_INTERNAL_DEVELOPER_DIR = /AppleInternal/Developer
               APPLE_INTERNAL_DIR = /AppleInternal
               APPLE_INTERNAL_DOCUMENTATION_DIR = /AppleInternal/Documentation
               APPLE_INTERNAL_LIBRARY_DIR = /AppleInternal/Library
               APPLE_INTERNAL_TOOLS = /AppleInternal/Developer/Tools
               APPLICATION_EXTENSION_API_ONLY = NO
               APPLY_RULES_IN_COPY_FILES = NO
               APPLY_RULES_IN_COPY_HEADERS = NO
               APP_SHORTCUTS_ENABLE_FLEXIBLE_MATCHING = YES
               ARCHS = arm64 x86_64
               ARCHS_STANDARD = arm64 x86_64
               ARCHS_STANDARD_32_64_BIT = arm64 i386 x86_64
               ARCHS_STANDARD_32_BIT = i386
               ARCHS_STANDARD_64_BIT = arm64 x86_64
               ARCHS_STANDARD_INCLUDING_64_BIT = arm64 x86_64
               ARCHS_UNIVERSAL_IPHONE_OS = arm64 i386 x86_64
               ASSETCATALOG_COMPILER_GENERATE_ASSET_SYMBOLS = YES
               AUTOMATICALLY_MERGE_DEPENDENCIES = NO
               AVAILABLE_PLATFORMS = appletvos appletvsimulator driverkit iphoneos iphonesimulator macosx watchos watchsimulator xros xrsimulator
               BITCODE_GENERATION_MODE = marker
               BUILD_ACTIVE_RESOURCES_ONLY = NO
               BUILD_COMPONENTS = headers build
               BUILD_DIR = /Users/carl.stanley/sites/UKCPA/ukcpa_flutter/build/ios
               BUILD_LIBRARY_FOR_DISTRIBUTION = NO
               BUILD_ROOT = /Users/carl.stanley/sites/UKCPA/ukcpa_flutter/ios/build
               BUILD_STYLE = 
               BUILD_VARIANTS = normal
               BUILT_PRODUCTS_DIR = /Users/carl.stanley/sites/UKCPA/ukcpa_flutter/build/ios/Release-iphonesimulator/local_auth_darwin
               BUNDLE_CONTENTS_FOLDER_PATH_deep = Contents/
               BUNDLE_EXECUTABLE_FOLDER_NAME_deep = MacOS
               BUNDLE_EXTENSIONS_FOLDER_PATH = Extensions
               BUNDLE_FORMAT = shallow
               BUNDLE_FRAMEWORKS_FOLDER_PATH = Frameworks
               BUNDLE_PLUGINS_FOLDER_PATH = PlugIns
               BUNDLE_PRIVATE_HEADERS_FOLDER_PATH = PrivateHeaders
               BUNDLE_PUBLIC_HEADERS_FOLDER_PATH = Headers
               CACHE_ROOT = /var/folders/20/skb3d8qx2hn9r9z8036y32g40000gp/C/com.apple.DeveloperTools/16.0-16A242d/Xcode
               CCHROOT = /var/folders/20/skb3d8qx2hn9r9z8036y32g40000gp/C/com.apple.DeveloperTools/16.0-16A242d/Xcode
               CHMOD = /bin/chmod
               CHOWN = /usr/sbin/chown
               CLANG_ANALYZER_LOCALIZABILITY_NONLOCALIZED = YES
               CLANG_ANALYZER_NONNULL = YES
               CLANG_ANALYZER_NUMBER_OBJECT_CONVERSION = YES_AGGRESSIVE
               CLANG_CACHE_FINE_GRAINED_OUTPUTS = YES
               CLANG_CXX_LANGUAGE_STANDARD = gnu++14
               CLANG_CXX_LIBRARY = libc++
               CLANG_ENABLE_EXPLICIT_MODULES = YES
               CLANG_ENABLE_MODULES = YES
               CLANG_ENABLE_OBJC_ARC = YES
               CLANG_ENABLE_OBJC_WEAK = YES
               CLANG_MODULES_BUILD_SESSION_FILE = /var/folders/20/skb3d8qx2hn9r9z8036y32g40000gp/C/org.llvm.clang/ModuleCache.noindex/Session.modulevalidation
               CLANG_WARN_BLOCK_CAPTURE_AUTORELEASING = YES
               CLANG_WARN_BOOL_CONVERSION = YES
               CLANG_WARN_COMMA = YES
               CLANG_WARN_CONSTANT_CONVERSION = YES
               CLANG_WARN_DEPRECATED_OBJC_IMPLEMENTATIONS = YES
               CLANG_WARN_DIRECT_OBJC_ISA_USAGE = YES_ERROR
               CLANG_WARN_DOCUMENTATION_COMMENTS = YES
               CLANG_WARN_EMPTY_BODY = YES
               CLANG_WARN_ENUM_CONVERSION = YES
               CLANG_WARN_INFINITE_RECURSION = YES
               CLANG_WARN_INT_CONVERSION = YES
               CLANG_WARN_NON_LITERAL_NULL_CONVERSION = YES
               CLANG_WARN_OBJC_IMPLICIT_RETAIN_SELF = YES
               CLANG_WARN_OBJC_LITERAL_CONVERSION = YES
               CLANG_WARN_OBJC_ROOT_CLASS = YES_ERROR
               CLANG_WARN_QUOTED_INCLUDE_IN_FRAMEWORK_HEADER = NO
               CLANG_WARN_RANGE_LOOP_ANALYSIS = YES
               CLANG_WARN_STRICT_PROTOTYPES = YES
               CLANG_WARN_SUSPICIOUS_MOVE = YES
               CLANG_WARN_UNGUARDED_AVAILABILITY = YES_AGGRESSIVE
               CLANG_WARN_UNREACHABLE_CODE = YES
               CLANG_WARN__DUPLICATE_METHOD_MATCH = YES
               CLASS_FILE_DIR = /Users/carl.stanley/sites/UKCPA/ukcpa_flutter/build/ios/Pods.build/Release-iphonesimulator/local_auth_darwin-local_auth_darwin_privacy.build/JavaClasses
               CLEAN_PRECOMPS = YES
               CLONE_HEADERS = NO
               CODESIGNING_FOLDER_PATH = /Users/carl.stanley/sites/UKCPA/ukcpa_flutter/build/ios/Release-iphonesimulator/local_auth_darwin/local_auth_darwin_privacy.bundle
               CODE_SIGNING_ALLOWED = NO
               CODE_SIGNING_IDENTITY = -
               CODE_SIGNING_REQUIRED = NO
               CODE_SIGN_CONTEXT_CLASS = XCiPhoneSimulatorCodeSignContext
               CODE_SIGN_IDENTITY = -
               CODE_SIGN_INJECT_BASE_ENTITLEMENTS = YES
               COLOR_DIAGNOSTICS = NO
               COMBINE_HIDPI_IMAGES = NO
               COMPILATION_CACHE_CAS_PATH = /var/folders/20/skb3d8qx2hn9r9z8036y32g40000gp/C/com.apple.DeveloperTools/16.0-16A242d/Xcode/CompilationCache.noindex
               COMPILATION_CACHE_KEEP_CAS_DIRECTORY = YES
               COMPILER_INDEX_STORE_ENABLE = Default
               COMPOSITE_SDK_DIRS = /Users/carl.stanley/sites/UKCPA/ukcpa_flutter/build/ios/CompositeSDKs
               COMPRESS_PNG_FILES = YES
               CONFIGURATION = Release
               CONFIGURATION_BUILD_DIR = /Users/carl.stanley/sites/UKCPA/ukcpa_flutter/build/ios/Release-iphonesimulator/local_auth_darwin
               CONFIGURATION_TEMP_DIR = /Users/carl.stanley/sites/UKCPA/ukcpa_flutter/build/ios/Pods.build/Release-iphonesimulator
               CONTENTS_FOLDER_PATH = local_auth_darwin_privacy.bundle
               CONTENTS_FOLDER_PATH_SHALLOW_BUNDLE_NO = local_auth_darwin_privacy.bundle/Contents
               CONTENTS_FOLDER_PATH_SHALLOW_BUNDLE_YES = local_auth_darwin_privacy.bundle
               COPYING_PRESERVES_HFS_DATA = NO
               COPY_HEADERS_RUN_UNIFDEF = NO
               COPY_PHASE_STRIP = NO
               CORRESPONDING_DEVICE_PLATFORM_DIR = /Applications/Xcode.app/Contents/Developer/Platforms/iPhoneOS.platform
               CORRESPONDING_DEVICE_PLATFORM_NAME = iphoneos
               CORRESPONDING_DEVICE_SDK_DIR = /Applications/Xcode.app/Contents/Developer/Platforms/iPhoneOS.platform/Developer/SDKs/iPhoneOS18.0.sdk
               CORRESPONDING_DEVICE_SDK_NAME = iphoneos18.0
               CP = /bin/cp
               CREATE_INFOPLIST_SECTION_IN_BINARY = NO
               CURRENT_ARCH = undefined_arch
               CURRENT_VARIANT = normal
               DEAD_CODE_STRIPPING = YES
               DEBUGGING_SYMBOLS = YES
               DEBUG_INFORMATION_FORMAT = dwarf-with-dsym
               DEBUG_INFORMATION_VERSION = compiler-default
               DEFAULT_COMPILER = com.apple.compilers.llvm.clang.1_0
               DEFAULT_DEXT_INSTALL_PATH = /System/Library/DriverExtensions
               DEFAULT_KEXT_INSTALL_PATH = /System/Library/Extensions
               DEFINES_MODULE = YES
               DEPLOYMENT_LOCATION = NO
               DEPLOYMENT_POSTPROCESSING = NO
               DEPLOYMENT_TARGET_SETTING_NAME = IPHONEOS_DEPLOYMENT_TARGET
               DEPLOYMENT_TARGET_SUGGESTED_VALUES = 12.0 12.1 12.2 12.3 12.4 13.0 13.1 13.2 13.3 13.4 13.5 13.6 14.0 14.1 14.2 14.3 14.4 14.5 14.6 14.7 15.0 15.1 15.2 15.3 15.4 15.5 15.6 16.0 16.1 16.2 16.3 16.4 16.5 16.6 17.0 17.1 17.2 17.3 17.4 17.5 17.6 18.0
               DERIVED_FILES_DIR = /Users/carl.stanley/sites/UKCPA/ukcpa_flutter/build/ios/Pods.build/Release-iphonesimulator/local_auth_darwin-local_auth_darwin_privacy.build/DerivedSources
               DERIVED_FILE_DIR = /Users/carl.stanley/sites/UKCPA/ukcpa_flutter/build/ios/Pods.build/Release-iphonesimulator/local_auth_darwin-local_auth_darwin_privacy.build/DerivedSources
               DERIVED_SOURCES_DIR = /Users/carl.stanley/sites/UKCPA/ukcpa_flutter/build/ios/Pods.build/Release-iphonesimulator/local_auth_darwin-local_auth_darwin_privacy.build/DerivedSources
               DEVELOPER_APPLICATIONS_DIR = /Applications/Xcode.app/Contents/Developer/Applications
               DEVELOPER_BIN_DIR = /Applications/Xcode.app/Contents/Developer/usr/bin
               DEVELOPER_DIR = /Applications/Xcode.app/Contents/Developer
               DEVELOPER_FRAMEWORKS_DIR = /Applications/Xcode.app/Contents/Developer/Library/Frameworks
               DEVELOPER_FRAMEWORKS_DIR_QUOTED = /Applications/Xcode.app/Contents/Developer/Library/Frameworks
               DEVELOPER_LIBRARY_DIR = /Applications/Xcode.app/Contents/Developer/Library
               DEVELOPER_SDK_DIR = /Applications/Xcode.app/Contents/Developer/Platforms/MacOSX.platform/Developer/SDKs
               DEVELOPER_TOOLS_DIR = /Applications/Xcode.app/Contents/Developer/Tools
               DEVELOPER_USR_DIR = /Applications/Xcode.app/Contents/Developer/usr
               DEVELOPMENT_LANGUAGE = en
               DIFF = /usr/bin/diff
               DOCUMENTATION_FOLDER_PATH = local_auth_darwin_privacy.bundle/en.lproj/Documentation
               DONT_GENERATE_INFOPLIST_FILE = NO
               DSTROOT = /tmp/Pods.dst
               DT_TOOLCHAIN_DIR = /Applications/Xcode.app/Contents/Developer/Toolchains/XcodeDefault.xctoolchain
               DWARF_DSYM_FILE_NAME = local_auth_darwin_privacy.bundle.dSYM
               DWARF_DSYM_FILE_SHOULD_ACCOMPANY_PRODUCT = NO
               DWARF_DSYM_FOLDER_PATH = /Users/carl.stanley/sites/UKCPA/ukcpa_flutter/build/ios/Release-iphonesimulator/local_auth_darwin
               DYNAMIC_LIBRARY_EXTENSION = dylib
               EAGER_COMPILATION_ALLOW_SCRIPTS = NO
               EAGER_LINKING = NO
               EFFECTIVE_PLATFORM_NAME = -iphonesimulator
               EMBEDDED_CONTENT_CONTAINS_SWIFT = NO
               EMBED_ASSET_PACKS_IN_PRODUCT_BUNDLE = NO
               ENABLE_APP_SANDBOX = NO
               ENABLE_BITCODE = NO
               ENABLE_CODE_COVERAGE = YES
               ENABLE_DEFAULT_HEADER_SEARCH_PATHS = YES
               ENABLE_DEFAULT_SEARCH_PATHS = YES
               ENABLE_HARDENED_RUNTIME = NO
               ENABLE_HEADER_DEPENDENCIES = YES
               ENABLE_NS_ASSERTIONS = NO
               ENABLE_ON_DEMAND_RESOURCES = NO
               ENABLE_STRICT_OBJC_MSGSEND = YES
               ENABLE_TESTABILITY = NO
               ENABLE_TESTING_SEARCH_PATHS = NO
               ENABLE_USER_SCRIPT_SANDBOXING = NO
               ENTITLEMENTS_DESTINATION = __entitlements
               ENTITLEMENTS_REQUIRED = NO
               EXCLUDED_INSTALLSRC_SUBDIRECTORY_PATTERNS = .DS_Store .svn .git .hg CVS
               EXCLUDED_RECURSIVE_SEARCH_PATH_SUBDIRECTORIES = *.nib *.lproj *.framework *.gch *.xcode* *.xcassets (*) .DS_Store CVS .svn .git .hg *.pbproj *.pbxproj
               EXECUTABLES_FOLDER_PATH = local_auth_darwin_privacy.bundle/Executables
               EXECUTABLE_FOLDER_PATH = local_auth_darwin_privacy.bundle
               EXECUTABLE_FOLDER_PATH_SHALLOW_BUNDLE_NO = local_auth_darwin_privacy.bundle/MacOS
               EXECUTABLE_FOLDER_PATH_SHALLOW_BUNDLE_YES = local_auth_darwin_privacy.bundle
               EXECUTABLE_NAME = local_auth_darwin_privacy
               EXECUTABLE_PATH = local_auth_darwin_privacy.bundle/local_auth_darwin_privacy
               EXPANDED_CODE_SIGN_IDENTITY = -
               EXTENSIONS_FOLDER_PATH = local_auth_darwin_privacy.bundle/Extensions
               FILE_LIST = /Users/carl.stanley/sites/UKCPA/ukcpa_flutter/build/ios/Pods.build/Release-iphonesimulator/local_auth_darwin-local_auth_darwin_privacy.build/Objects/LinkFileList
               FIXED_FILES_DIR = /Users/carl.stanley/sites/UKCPA/ukcpa_flutter/build/ios/Pods.build/Release-iphonesimulator/local_auth_darwin-local_auth_darwin_privacy.build/FixedFiles
               FRAMEWORKS_FOLDER_PATH = local_auth_darwin_privacy.bundle/Frameworks
               FRAMEWORK_FLAG_PREFIX = -framework
               FRAMEWORK_SEARCH_PATHS = /Users/carl.stanley/sites/UKCPA/ukcpa_flutter/build/ios/Release-iphonesimulator/local_auth_darwin 
               FRAMEWORK_VERSION = A
               FULL_PRODUCT_NAME = local_auth_darwin_privacy.bundle
               FUSE_BUILD_PHASES = YES
               FUSE_BUILD_SCRIPT_PHASES = NO
               GCC3_VERSION = 3.3
               GCC_C_LANGUAGE_STANDARD = gnu11
               GCC_INLINES_ARE_PRIVATE_EXTERN = YES
               GCC_NO_COMMON_BLOCKS = YES
               GCC_OBJC_LEGACY_DISPATCH = YES
               GCC_PFE_FILE_C_DIALECTS = c objective-c c++ objective-c++
               GCC_PREPROCESSOR_DEFINITIONS = POD_CONFIGURATION_RELEASE=1  COCOAPODS=1
               GCC_TREAT_WARNINGS_AS_ERRORS = NO
               GCC_VERSION = com.apple.compilers.llvm.clang.1_0
               GCC_VERSION_IDENTIFIER = com_apple_compilers_llvm_clang_1_0
               GCC_WARN_64_TO_32_BIT_CONVERSION = YES
               GCC_WARN_ABOUT_RETURN_TYPE = YES_ERROR
               GCC_WARN_UNDECLARED_SELECTOR = YES
               GCC_WARN_UNINITIALIZED_AUTOS = YES_AGGRESSIVE
               GCC_WARN_UNUSED_FUNCTION = YES
               GCC_WARN_UNUSED_VARIABLE = YES
               GENERATED_MODULEMAP_DIR = /Users/carl.stanley/sites/UKCPA/ukcpa_flutter/build/ios/GeneratedModuleMaps-iphonesimulator
               GENERATE_INFOPLIST_FILE = NO
               GENERATE_INTERMEDIATE_TEXT_BASED_STUBS = YES
               GENERATE_MASTER_OBJECT_FILE = NO
               GENERATE_PKGINFO_FILE = NO
               GENERATE_PROFILING_CODE = NO
               GENERATE_TEXT_BASED_STUBS = NO
               GID = 20
               GROUP = staff
               HEADERMAP_INCLUDES_FLAT_ENTRIES_FOR_TARGET_BEING_BUILT = YES
               HEADERMAP_INCLUDES_FRAMEWORK_ENTRIES_FOR_ALL_PRODUCT_TYPES = YES
               HEADERMAP_INCLUDES_FRAMEWORK_ENTRIES_FOR_TARGETS_NOT_BEING_BUILT = YES
               HEADERMAP_INCLUDES_NONPUBLIC_NONPRIVATE_HEADERS = YES
               HEADERMAP_INCLUDES_PROJECT_HEADERS = YES
               HEADERMAP_USES_FRAMEWORK_PREFIX_ENTRIES = YES
               HEADERMAP_USES_VFS = YES
               HEADER_SEARCH_PATHS = /Users/carl.stanley/sites/UKCPA/ukcpa_flutter/build/ios/Release-iphonesimulator/local_auth_darwin/include 
               HIDE_BITCODE_SYMBOLS = YES
               HOME = /Users/carl.stanley
               HOST_ARCH = arm64
               HOST_PLATFORM = macosx
               IBSC_MODULE = local_auth_darwin
               ICONV = /usr/bin/iconv
               IMPLICIT_DEPENDENCY_DOMAIN = default
               INFOPLIST_ENABLE_CFBUNDLEICONS_MERGE = YES
               INFOPLIST_EXPAND_BUILD_SETTINGS = YES
               INFOPLIST_FILE = Target Support Files/local_auth_darwin/ResourceBundle-local_auth_darwin_privacy-local_auth_darwin-Info.plist
               INFOPLIST_OUTPUT_FORMAT = binary
               INFOPLIST_PATH = local_auth_darwin_privacy.bundle/Info.plist
               INFOPLIST_PREPROCESS = NO
               INFOSTRINGS_PATH = local_auth_darwin_privacy.bundle/en.lproj/InfoPlist.strings
               INLINE_PRIVATE_FRAMEWORKS = NO
               INSTALLHDRS_COPY_PHASE = NO
               INSTALLHDRS_SCRIPT_PHASE = NO
               INSTALL_DIR = /tmp/Pods.dst
               INSTALL_GROUP = staff
               INSTALL_MODE_FLAG = u+w,go-w,a+rX
               INSTALL_OWNER = carl.stanley
               INSTALL_ROOT = /tmp/Pods.dst
               IPHONEOS_DEPLOYMENT_TARGET = 13.0
               IS_UNOPTIMIZED_BUILD = NO
               JAVAC_DEFAULT_FLAGS = -J-Xms64m -J-XX:NewSize=4M -J-Dfile.encoding=UTF8
               JAVA_APP_STUB = /System/Library/Frameworks/JavaVM.framework/Resources/MacOS/JavaApplicationStub
               JAVA_ARCHIVE_CLASSES = YES
               JAVA_ARCHIVE_TYPE = JAR
               JAVA_COMPILER = /usr/bin/javac
               JAVA_FOLDER_PATH = local_auth_darwin_privacy.bundle/Java
               JAVA_FRAMEWORK_RESOURCES_DIRS = Resources
               JAVA_JAR_FLAGS = cv
               JAVA_SOURCE_SUBDIR = .
               JAVA_USE_DEPENDENCIES = YES
               JAVA_ZIP_FLAGS = -urg
               JIKES_DEFAULT_FLAGS = +E +OLDCSO
               KEEP_PRIVATE_EXTERNS = NO
               LD_DEPENDENCY_INFO_FILE = /Users/carl.stanley/sites/UKCPA/ukcpa_flutter/build/ios/Pods.build/Release-iphonesimulator/local_auth_darwin-local_auth_darwin_privacy.build/Objects-normal/undefined_arch/local_auth_darwin_privacy_dependency_info.dat
               LD_EXPORT_SYMBOLS = YES
               LD_GENERATE_MAP_FILE = NO
               LD_MAP_FILE_PATH = /Users/carl.stanley/sites/UKCPA/ukcpa_flutter/build/ios/Pods.build/Release-iphonesimulator/local_auth_darwin-local_auth_darwin_privacy.build/local_auth_darwin_privacy-LinkMap-normal-undefined_arch.txt
               LD_NO_PIE = NO
               LD_QUOTE_LINKER_ARGUMENTS_FOR_COMPILER_DRIVER = YES
               LD_SHARED_CACHE_ELIGIBLE = Automatic
               LD_WARN_DUPLICATE_LIBRARIES = NO
               LD_WARN_UNUSED_DYLIBS = NO
               LEGACY_DEVELOPER_DIR = /Applications/Xcode.app/Contents/PlugIns/Xcode3Core.ideplugin/Contents/SharedSupport/Developer
               LEX = lex
               LIBRARY_DEXT_INSTALL_PATH = /Library/DriverExtensions
               LIBRARY_FLAG_NOSPACE = YES
               LIBRARY_FLAG_PREFIX = -l
               LIBRARY_KEXT_INSTALL_PATH = /Library/Extensions
               LIBRARY_SEARCH_PATHS = /Users/carl.stanley/sites/UKCPA/ukcpa_flutter/build/ios/Release-iphonesimulator/local_auth_darwin 
               LINKER_DISPLAYS_MANGLED_NAMES = NO
               LINK_FILE_LIST_normal_arm64 = /Users/carl.stanley/sites/UKCPA/ukcpa_flutter/build/ios/Pods.build/Release-iphonesimulator/local_auth_darwin-local_auth_darwin_privacy.build/Objects-normal/arm64/local_auth_darwin_privacy.LinkFileList
               LINK_FILE_LIST_normal_x86_64 = /Users/carl.stanley/sites/UKCPA/ukcpa_flutter/build/ios/Pods.build/Release-iphonesimulator/local_auth_darwin-local_auth_darwin_privacy.build/Objects-normal/x86_64/local_auth_darwin_privacy.LinkFileList
               LINK_OBJC_RUNTIME = YES
               LINK_WITH_STANDARD_LIBRARIES = YES
               LLVM_TARGET_TRIPLE_OS_VERSION = ios13.0
               LLVM_TARGET_TRIPLE_SUFFIX = -simulator
               LLVM_TARGET_TRIPLE_VENDOR = apple
               LM_AUX_CONST_METADATA_LIST_PATH_normal_arm64 = /Users/carl.stanley/sites/UKCPA/ukcpa_flutter/build/ios/Pods.build/Release-iphonesimulator/local_auth_darwin-local_auth_darwin_privacy.build/Objects-normal/arm64/local_auth_darwin_privacy.SwiftConstValuesFileList
               LM_AUX_CONST_METADATA_LIST_PATH_normal_x86_64 = /Users/carl.stanley/sites/UKCPA/ukcpa_flutter/build/ios/Pods.build/Release-iphonesimulator/local_auth_darwin-local_auth_darwin_privacy.build/Objects-normal/x86_64/local_auth_darwin_privacy.SwiftConstValuesFileList
               LOCALIZATION_EXPORT_SUPPORTED = YES
               LOCALIZATION_PREFERS_STRING_CATALOGS = NO
               LOCALIZED_RESOURCES_FOLDER_PATH = local_auth_darwin_privacy.bundle/en.lproj
               LOCALIZED_STRING_MACRO_NAMES = NSLocalizedString CFCopyLocalizedString
               LOCALIZED_STRING_SWIFTUI_SUPPORT = YES
               LOCAL_ADMIN_APPS_DIR = /Applications/Utilities
               LOCAL_APPS_DIR = /Applications
               LOCAL_DEVELOPER_DIR = /Library/Developer
               LOCAL_LIBRARY_DIR = /Library
               LOCROOT = /Users/carl.stanley/sites/UKCPA/ukcpa_flutter/ios/Pods
               LOCSYMROOT = /Users/carl.stanley/sites/UKCPA/ukcpa_flutter/ios/Pods
               MACH_O_TYPE = mh_bundle
               MAC_OS_X_PRODUCT_BUILD_VERSION = 24G84
               MAC_OS_X_VERSION_ACTUAL = 150600
               MAC_OS_X_VERSION_MAJOR = 150000
               MAC_OS_X_VERSION_MINOR = 150600
               MAKE_MERGEABLE = NO
               MERGEABLE_LIBRARY = NO
               MERGED_BINARY_TYPE = none
               MERGE_LINKED_LIBRARIES = NO
               METAL_LIBRARY_FILE_BASE = default
               METAL_LIBRARY_OUTPUT_DIR = /Users/carl.stanley/sites/UKCPA/ukcpa_flutter/build/ios/Release-iphonesimulator/local_auth_darwin/local_auth_darwin_privacy.bundle
               MODULES_FOLDER_PATH = local_auth_darwin_privacy.bundle/Modules
               MTL_ENABLE_DEBUG_INFO = NO
               MTL_FAST_MATH = YES
               NATIVE_ARCH = arm64
               NATIVE_ARCH_32_BIT = arm
               NATIVE_ARCH_64_BIT = arm64
               NATIVE_ARCH_ACTUAL = arm64
               NO_COMMON = YES
               OBJC_ABI_VERSION = 2
               OBJECT_FILE_DIR = /Users/carl.stanley/sites/UKCPA/ukcpa_flutter/build/ios/Pods.build/Release-iphonesimulator/local_auth_darwin-local_auth_darwin_privacy.build/Objects
               OBJECT_FILE_DIR_normal = /Users/carl.stanley/sites/UKCPA/ukcpa_flutter/build/ios/Pods.build/Release-iphonesimulator/local_auth_darwin-local_auth_darwin_privacy.build/Objects-normal
               OBJROOT = /Users/carl.stanley/sites/UKCPA/ukcpa_flutter/build/ios
               ONLY_ACTIVE_ARCH = NO
               OS = MACOS
               OSAC = /usr/bin/osacompile
               PACKAGE_TYPE = com.apple.package-type.wrapper
               PASCAL_STRINGS = YES
               PATH = /Applications/Xcode.app/Contents/SharedFrameworks/XCBuild.framework/Versions/A/PlugIns/XCBBuildService.bundle/Contents/PlugIns/XCBSpecifications.ideplugin/Contents/Resources:/Applications/Xcode.app/Contents/SharedFrameworks/XCBuild.framework/Versions/A/PlugIns/XCBBuildService.bundle/Contents/PlugIns/XCBSpecifications.ideplugin:/Applications/Xcode.app/Contents/Developer/Toolchains/XcodeDefault.xctoolchain/usr/bin:/Applications/Xcode.app/Contents/Developer/Toolchains/XcodeDefault.xctoolchain/usr/appleinternal/bin:/Applications/Xcode.app/Contents/Developer/Toolchains/XcodeDefault.xctoolchain/usr/local/bin:/Applications/Xcode.app/Contents/Developer/Toolchains/XcodeDefault.xctoolchain/usr/libexec:/Applications/Xcode.app/Contents/Developer/Platforms/iPhoneSimulator.platform/usr/bin:/Applications/Xcode.app/Contents/Developer/Platforms/iPhoneSimulator.platform/usr/appleinternal/bin:/Applications/Xcode.app/Contents/Developer/Platforms/iPhoneSimulator.platform/usr/local/bin:/Applications/Xcode.app/Contents/Developer/Platforms/iPhoneSimulator.platform/Developer/usr/bin:/Applications/Xcode.app/Contents/Developer/Platforms/iPhoneSimulator.platform/Developer/usr/local/bin:/Applications/Xcode.app/Contents/Developer/usr/bin:/Applications/Xcode.app/Contents/Developer/usr/local/bin:/opt/homebrew/Cellar/pyenv-virtualenv/1.2.4/shims:/Users/carl.stanley/.pyenv/shims:/Users/carl.stanley/.pyenv/bin:/Users/carl.stanley/.nvm/versions/node/v18.17.0/bin:/Users/carl.stanley/development/flutter/bin:/opt/homebrew/bin:/opt/homebrew/sbin:/Users/carl.stanley/.local/bin:/usr/local/bin:/System/Cryptexes/App/usr/bin:/usr/bin:/bin:/usr/sbin:/sbin:/var/run/com.apple.security.cryptexd/codex.system/bootstrap/usr/local/bin:/var/run/com.apple.security.cryptexd/codex.system/bootstrap/usr/bin:/var/run/com.apple.security.cryptexd/codex.system/bootstrap/usr/appleinternal/bin:/Library/Apple/usr/bin:/usr/local/sbin:/usr/local/go/bin:/Users/carl.stanley/.pub-cache/bin
               PATH_PREFIXES_EXCLUDED_FROM_HEADER_DEPENDENCIES = /usr/include /usr/local/include /System/Library/Frameworks /System/Library/PrivateFrameworks /Applications/Xcode.app/Contents/Developer/Headers /Applications/Xcode.app/Contents/Developer/SDKs /Applications/Xcode.app/Contents/Developer/Platforms
               PBDEVELOPMENTPLIST_PATH = local_auth_darwin_privacy.bundle/pbdevelopment.plist
               PER_ARCH_OBJECT_FILE_DIR = /Users/carl.stanley/sites/UKCPA/ukcpa_flutter/build/ios/Pods.build/Release-iphonesimulator/local_auth_darwin-local_auth_darwin_privacy.build/Objects-normal/undefined_arch
               PER_VARIANT_OBJECT_FILE_DIR = /Users/carl.stanley/sites/UKCPA/ukcpa_flutter/build/ios/Pods.build/Release-iphonesimulator/local_auth_darwin-local_auth_darwin_privacy.build/Objects-normal
               PKGINFO_FILE_PATH = /Users/carl.stanley/sites/UKCPA/ukcpa_flutter/build/ios/Pods.build/Release-iphonesimulator/local_auth_darwin-local_auth_darwin_privacy.build/PkgInfo
               PKGINFO_PATH = local_auth_darwin_privacy.bundle/PkgInfo
               PLATFORM_DEVELOPER_APPLICATIONS_DIR = /Applications/Xcode.app/Contents/Developer/Platforms/iPhoneSimulator.platform/Developer/Applications
               PLATFORM_DEVELOPER_BIN_DIR = /Applications/Xcode.app/Contents/Developer/Platforms/iPhoneSimulator.platform/Developer/usr/bin
               PLATFORM_DEVELOPER_LIBRARY_DIR = /Applications/Xcode.app/Contents/Developer/Platforms/iPhoneSimulator.platform/Developer/Library
               PLATFORM_DEVELOPER_SDK_DIR = /Applications/Xcode.app/Contents/Developer/Platforms/iPhoneSimulator.platform/Developer/SDKs
               PLATFORM_DEVELOPER_TOOLS_DIR = /Applications/Xcode.app/Contents/Developer/Platforms/iPhoneSimulator.platform/Developer/Tools
               PLATFORM_DEVELOPER_USR_DIR = /Applications/Xcode.app/Contents/Developer/Platforms/iPhoneSimulator.platform/Developer/usr
               PLATFORM_DIR = /Applications/Xcode.app/Contents/Developer/Platforms/iPhoneSimulator.platform
               PLATFORM_DISPLAY_NAME = iOS Simulator
               PLATFORM_FAMILY_NAME = iOS
               PLATFORM_NAME = iphonesimulator
               PLATFORM_PREFERRED_ARCH = x86_64
               PLATFORM_PRODUCT_BUILD_VERSION = 22A3362
               PLIST_FILE_OUTPUT_FORMAT = binary
               PLUGINS_FOLDER_PATH = local_auth_darwin_privacy.bundle/PlugIns
               PODS_BUILD_DIR = /Users/carl.stanley/sites/UKCPA/ukcpa_flutter/build/ios
               PODS_CONFIGURATION_BUILD_DIR = /Users/carl.stanley/sites/UKCPA/ukcpa_flutter/build/ios/Release-iphonesimulator
               PODS_DEVELOPMENT_LANGUAGE = en
               PODS_ROOT = /Users/carl.stanley/sites/UKCPA/ukcpa_flutter/ios/Pods
               PODS_TARGET_SRCROOT = /Users/carl.stanley/sites/UKCPA/ukcpa_flutter/ios/Pods/../.symlinks/plugins/local_auth_darwin/darwin
               PODS_XCFRAMEWORKS_BUILD_DIR = /Users/carl.stanley/sites/UKCPA/ukcpa_flutter/build/ios/Release-iphonesimulator/XCFrameworkIntermediates
               PRECOMPS_INCLUDE_HEADERS_FROM_BUILT_PRODUCTS_DIR = YES
               PRECOMP_DESTINATION_DIR = /Users/carl.stanley/sites/UKCPA/ukcpa_flutter/build/ios/Pods.build/Release-iphonesimulator/local_auth_darwin-local_auth_darwin_privacy.build/PrefixHeaders
               PRIVATE_HEADERS_FOLDER_PATH = local_auth_darwin_privacy.bundle/PrivateHeaders
               PROCESSED_INFOPLIST_PATH = /Users/carl.stanley/sites/UKCPA/ukcpa_flutter/build/ios/Pods.build/Release-iphonesimulator/local_auth_darwin-local_auth_darwin_privacy.build/Objects-normal/undefined_arch/Processed-Info.plist
               PRODUCT_BUNDLE_IDENTIFIER = org.cocoapods.local-auth-darwin-privacy
               PRODUCT_BUNDLE_PACKAGE_TYPE = BNDL
               PRODUCT_MODULE_NAME = local_auth_darwin_privacy
               PRODUCT_NAME = local_auth_darwin_privacy
               PRODUCT_SETTINGS_PATH = /Users/carl.stanley/sites/UKCPA/ukcpa_flutter/ios/Pods/Target Support Files/local_auth_darwin/ResourceBundle-local_auth_darwin_privacy-local_auth_darwin-Info.plist
               PRODUCT_TYPE = com.apple.product-type.bundle
               PROFILING_CODE = NO
               PROJECT = Pods
               PROJECT_DERIVED_FILE_DIR = /Users/carl.stanley/sites/UKCPA/ukcpa_flutter/build/ios/Pods.build/DerivedSources
               PROJECT_DIR = /Users/carl.stanley/sites/UKCPA/ukcpa_flutter/ios/Pods
               PROJECT_FILE_PATH = /Users/carl.stanley/sites/UKCPA/ukcpa_flutter/ios/Pods/Pods.xcodeproj
               PROJECT_GUID = bfdfe7dc352907fc980b868725387e98
               PROJECT_NAME = Pods
               PROJECT_TEMP_DIR = /Users/carl.stanley/sites/UKCPA/ukcpa_flutter/build/ios/Pods.build
               PROJECT_TEMP_ROOT = /Users/carl.stanley/sites/UKCPA/ukcpa_flutter/build/ios
               PUBLIC_HEADERS_FOLDER_PATH = local_auth_darwin_privacy.bundle/Headers
               RECOMMENDED_IPHONEOS_DEPLOYMENT_TARGET = 15.0
               RECURSIVE_SEARCH_PATHS_FOLLOW_SYMLINKS = YES
               REMOVE_CVS_FROM_RESOURCES = YES
               REMOVE_GIT_FROM_RESOURCES = YES
               REMOVE_HEADERS_FROM_EMBEDDED_BUNDLES = YES
               REMOVE_HG_FROM_RESOURCES = YES
               REMOVE_STATIC_EXECUTABLES_FROM_EMBEDDED_BUNDLES = YES
               REMOVE_SVN_FROM_RESOURCES = YES
               RESCHEDULE_INDEPENDENT_HEADERS_PHASES = YES
               REZ_COLLECTOR_DIR = /Users/carl.stanley/sites/UKCPA/ukcpa_flutter/build/ios/Pods.build/Release-iphonesimulator/local_auth_darwin-local_auth_darwin_privacy.build/ResourceManagerResources
               REZ_OBJECTS_DIR = /Users/carl.stanley/sites/UKCPA/ukcpa_flutter/build/ios/Pods.build/Release-iphonesimulator/local_auth_darwin-local_auth_darwin_privacy.build/ResourceManagerResources/Objects
               REZ_SEARCH_PATHS = /Users/carl.stanley/sites/UKCPA/ukcpa_flutter/build/ios/Release-iphonesimulator/local_auth_darwin 
               SCAN_ALL_SOURCE_FILES_FOR_INCLUDES = NO
               SCRIPTS_FOLDER_PATH = local_auth_darwin_privacy.bundle/Scripts
               SDKROOT = /Applications/Xcode.app/Contents/Developer/Platforms/iPhoneSimulator.platform/Developer/SDKs/iPhoneSimulator18.0.sdk
               SDK_DIR = /Applications/Xcode.app/Contents/Developer/Platforms/iPhoneSimulator.platform/Developer/SDKs/iPhoneSimulator18.0.sdk
               SDK_DIR_iphonesimulator = /Applications/Xcode.app/Contents/Developer/Platforms/iPhoneSimulator.platform/Developer/SDKs/iPhoneSimulator18.0.sdk
               SDK_DIR_iphonesimulator18_0 = /Applications/Xcode.app/Contents/Developer/Platforms/iPhoneSimulator.platform/Developer/SDKs/iPhoneSimulator18.0.sdk
               SDK_NAME = iphonesimulator18.0
               SDK_NAMES = iphonesimulator18.0
               SDK_PRODUCT_BUILD_VERSION = 22A3362
               SDK_STAT_CACHE_DIR = /var/folders/20/skb3d8qx2hn9r9z8036y32g40000gp/C/com.apple.DeveloperTools/16.0-16A242d/Xcode
               SDK_STAT_CACHE_ENABLE = YES
               SDK_STAT_CACHE_PATH = /var/folders/20/skb3d8qx2hn9r9z8036y32g40000gp/C/com.apple.DeveloperTools/16.0-16A242d/Xcode/SDKStatCaches.noindex/iphonesimulator18.0-22A3362-db63dc9361471f152f572502bdbfe70a.sdkstatcache
               SDK_VERSION = 18.0
               SDK_VERSION_ACTUAL = 180000
               SDK_VERSION_MAJOR = 180000
               SDK_VERSION_MINOR = 180000
               SED = /usr/bin/sed
               SEPARATE_STRIP = NO
               SEPARATE_SYMBOL_EDIT = NO
               SET_DIR_MODE_OWNER_GROUP = YES
               SET_FILE_MODE_OWNER_GROUP = NO
               SHALLOW_BUNDLE = YES
               SHALLOW_BUNDLE_TRIPLE = ios-simulator
               SHALLOW_BUNDLE_ios_macabi = NO
               SHALLOW_BUNDLE_macos = NO
               SHARED_DERIVED_FILE_DIR = /Users/carl.stanley/sites/UKCPA/ukcpa_flutter/build/ios/Release-iphonesimulator/local_auth_darwin/DerivedSources
               SHARED_FRAMEWORKS_FOLDER_PATH = local_auth_darwin_privacy.bundle/SharedFrameworks
               SHARED_PRECOMPS_DIR = /Users/carl.stanley/sites/UKCPA/ukcpa_flutter/build/ios/SharedPrecompiledHeaders
               SHARED_SUPPORT_FOLDER_PATH = local_auth_darwin_privacy.bundle/SharedSupport
               SKIP_INSTALL = YES
               SOURCE_ROOT = /Users/carl.stanley/sites/UKCPA/ukcpa_flutter/ios/Pods
               SRCROOT = /Users/carl.stanley/sites/UKCPA/ukcpa_flutter/ios/Pods
               STRINGSDATA_DIR = /Users/carl.stanley/sites/UKCPA/ukcpa_flutter/build/ios/Pods.build/Release-iphonesimulator/local_auth_darwin-local_auth_darwin_privacy.build/Objects-normal/undefined_arch
               STRINGSDATA_ROOT = /Users/carl.stanley/sites/UKCPA/ukcpa_flutter/build/ios/Pods.build/Release-iphonesimulator/local_auth_darwin-local_auth_darwin_privacy.build
               STRINGS_FILE_INFOPLIST_RENAME = YES
               STRINGS_FILE_OUTPUT_ENCODING = binary
               STRIP_BITCODE_FROM_COPIED_FILES = NO
               STRIP_INSTALLED_PRODUCT = NO
               STRIP_STYLE = non-global
               STRIP_SWIFT_SYMBOLS = YES
               SUPPORTED_DEVICE_FAMILIES = 1,2
               SUPPORTED_PLATFORMS = iphoneos iphonesimulator
               SUPPORTS_TEXT_BASED_API = NO
               SUPPRESS_WARNINGS = NO
               SWIFT_COMPILATION_MODE = wholemodule
               SWIFT_EMIT_LOC_STRINGS = NO
               SWIFT_OPTIMIZATION_LEVEL = -O
               SWIFT_PLATFORM_TARGET_PREFIX = ios
               SWIFT_RESPONSE_FILE_PATH_normal_arm64 = /Users/carl.stanley/sites/UKCPA/ukcpa_flutter/build/ios/Pods.build/Release-iphonesimulator/local_auth_darwin-local_auth_darwin_privacy.build/Objects-normal/arm64/local_auth_darwin_privacy.SwiftFileList
               SWIFT_RESPONSE_FILE_PATH_normal_x86_64 = /Users/carl.stanley/sites/UKCPA/ukcpa_flutter/build/ios/Pods.build/Release-iphonesimulator/local_auth_darwin-local_auth_darwin_privacy.build/Objects-normal/x86_64/local_auth_darwin_privacy.SwiftFileList
               SWIFT_VERSION = 5.0
               SYMROOT = /Users/carl.stanley/sites/UKCPA/ukcpa_flutter/ios/build
               SYSTEM_ADMIN_APPS_DIR = /Applications/Utilities
               SYSTEM_APPS_DIR = /Applications
               SYSTEM_CORE_SERVICES_DIR = /System/Library/CoreServices
               SYSTEM_DEMOS_DIR = /Applications/Extras
               SYSTEM_DEVELOPER_APPS_DIR = /Applications/Xcode.app/Contents/Developer/Applications
               SYSTEM_DEVELOPER_BIN_DIR = /Applications/Xcode.app/Contents/Developer/usr/bin
               SYSTEM_DEVELOPER_DEMOS_DIR = /Applications/Xcode.app/Contents/Developer/Applications/Utilities/Built Examples
               SYSTEM_DEVELOPER_DIR = /Applications/Xcode.app/Contents/Developer
               SYSTEM_DEVELOPER_DOC_DIR = /Applications/Xcode.app/Contents/Developer/ADC Reference Library
               SYSTEM_DEVELOPER_GRAPHICS_TOOLS_DIR = /Applications/Xcode.app/Contents/Developer/Applications/Graphics Tools
               SYSTEM_DEVELOPER_JAVA_TOOLS_DIR = /Applications/Xcode.app/Contents/Developer/Applications/Java Tools
               SYSTEM_DEVELOPER_PERFORMANCE_TOOLS_DIR = /Applications/Xcode.app/Contents/Developer/Applications/Performance Tools
               SYSTEM_DEVELOPER_RELEASENOTES_DIR = /Applications/Xcode.app/Contents/Developer/ADC Reference Library/releasenotes
               SYSTEM_DEVELOPER_TOOLS = /Applications/Xcode.app/Contents/Developer/Tools
               SYSTEM_DEVELOPER_TOOLS_DOC_DIR = /Applications/Xcode.app/Contents/Developer/ADC Reference Library/documentation/DeveloperTools
               SYSTEM_DEVELOPER_TOOLS_RELEASENOTES_DIR = /Applications/Xcode.app/Contents/Developer/ADC Reference Library/releasenotes/DeveloperTools
               SYSTEM_DEVELOPER_USR_DIR = /Applications/Xcode.app/Contents/Developer/usr
               SYSTEM_DEVELOPER_UTILITIES_DIR = /Applications/Xcode.app/Contents/Developer/Applications/Utilities
               SYSTEM_DEXT_INSTALL_PATH = /System/Library/DriverExtensions
               SYSTEM_DOCUMENTATION_DIR = /Library/Documentation
               SYSTEM_EXTENSIONS_FOLDER_PATH = local_auth_darwin_privacy.bundle/SystemExtensions
               SYSTEM_EXTENSIONS_FOLDER_PATH_SHALLOW_BUNDLE_NO = local_auth_darwin_privacy.bundle/Library/SystemExtensions
               SYSTEM_EXTENSIONS_FOLDER_PATH_SHALLOW_BUNDLE_YES = local_auth_darwin_privacy.bundle/SystemExtensions
               SYSTEM_KEXT_INSTALL_PATH = /System/Library/Extensions
               SYSTEM_LIBRARY_DIR = /System/Library
               TAPI_DEMANGLE = YES
               TAPI_ENABLE_PROJECT_HEADERS = NO
               TAPI_LANGUAGE = objective-c
               TAPI_LANGUAGE_STANDARD = compiler-default
               TAPI_USE_SRCROOT = YES
               TAPI_VERIFY_MODE = Pedantic
               TARGETED_DEVICE_FAMILY = 1,2
               TARGETNAME = local_auth_darwin-local_auth_darwin_privacy
               TARGET_BUILD_DIR = /Users/carl.stanley/sites/UKCPA/ukcpa_flutter/build/ios/Release-iphonesimulator/local_auth_darwin
               TARGET_NAME = local_auth_darwin-local_auth_darwin_privacy
               TARGET_TEMP_DIR = /Users/carl.stanley/sites/UKCPA/ukcpa_flutter/build/ios/Pods.build/Release-iphonesimulator/local_auth_darwin-local_auth_darwin_privacy.build
               TEMP_DIR = /Users/carl.stanley/sites/UKCPA/ukcpa_flutter/build/ios/Pods.build/Release-iphonesimulator/local_auth_darwin-local_auth_darwin_privacy.build
               TEMP_FILES_DIR = /Users/carl.stanley/sites/UKCPA/ukcpa_flutter/build/ios/Pods.build/Release-iphonesimulator/local_auth_darwin-local_auth_darwin_privacy.build
               TEMP_FILE_DIR = /Users/carl.stanley/sites/UKCPA/ukcpa_flutter/build/ios/Pods.build/Release-iphonesimulator/local_auth_darwin-local_auth_darwin_privacy.build
               TEMP_ROOT = /Users/carl.stanley/sites/UKCPA/ukcpa_flutter/build/ios
               TEST_FRAMEWORK_SEARCH_PATHS =  /Applications/Xcode.app/Contents/Developer/Platforms/iPhoneSimulator.platform/Developer/Library/Frameworks /Applications/Xcode.app/Contents/Developer/Platforms/iPhoneSimulator.platform/Developer/SDKs/iPhoneSimulator18.0.sdk/Developer/Library/Frameworks
               TEST_LIBRARY_SEARCH_PATHS =  /Applications/Xcode.app/Contents/Developer/Platforms/iPhoneSimulator.platform/Developer/usr/lib
               TOOLCHAINS = com.apple.dt.toolchain.XcodeDefault
               TOOLCHAIN_DIR = /Applications/Xcode.app/Contents/Developer/Toolchains/XcodeDefault.xctoolchain
               TREAT_MISSING_BASELINES_AS_TEST_FAILURES = NO
               TREAT_MISSING_SCRIPT_PHASE_OUTPUTS_AS_ERRORS = NO
               UID = 502
               UNINSTALLED_PRODUCTS_DIR = /Users/carl.stanley/sites/UKCPA/ukcpa_flutter/build/ios/UninstalledProducts
               UNLOCALIZED_RESOURCES_FOLDER_PATH = local_auth_darwin_privacy.bundle
               UNLOCALIZED_RESOURCES_FOLDER_PATH_SHALLOW_BUNDLE_NO = local_auth_darwin_privacy.bundle/Resources
               UNLOCALIZED_RESOURCES_FOLDER_PATH_SHALLOW_BUNDLE_YES = local_auth_darwin_privacy.bundle
               UNSTRIPPED_PRODUCT = NO
               USER = carl.stanley
               USER_APPS_DIR = /Users/carl.stanley/Applications
               USER_LIBRARY_DIR = /Users/carl.stanley/Library
               USE_DYNAMIC_NO_PIC = YES
               USE_HEADERMAP = YES
               USE_HEADER_SYMLINKS = NO
               USE_RECURSIVE_SCRIPT_INPUTS_IN_SCRIPT_PHASES = YES
               VALIDATE_DEVELOPMENT_ASSET_PATHS = YES_ERROR
               VALIDATE_PRODUCT = NO
               VALID_ARCHS = arm64 arm64e i386 x86_64
               VERBOSE_PBXCP = NO
               VERSIONPLIST_PATH = local_auth_darwin_privacy.bundle/version.plist
               VERSION_INFO_BUILDER = carl.stanley
               VERSION_INFO_FILE = local_auth_darwin_privacy_vers.c
               VERSION_INFO_STRING = "@(#)PROGRAM:local_auth_darwin_privacy  PROJECT:Pods-"
               WORKSPACE_DIR = /Users/carl.stanley/sites/UKCPA/ukcpa_flutter/ios/Pods/Pods.xcodeproj
               WRAPPER_EXTENSION = bundle
               WRAPPER_NAME = local_auth_darwin_privacy.bundle
               WRAPPER_SUFFIX = .bundle
               WRAP_ASSET_PACKS_IN_SEPARATE_DIRECTORIES = NO
               XCODE_APP_SUPPORT_DIR = /Applications/Xcode.app/Contents/Developer/Library/Xcode
               XCODE_PRODUCT_BUILD_VERSION = 16A242d
               XCODE_VERSION_ACTUAL = 1600
               XCODE_VERSION_MAJOR = 1600
               XCODE_VERSION_MINOR = 1600
               XPCSERVICES_FOLDER_PATH = local_auth_darwin_privacy.bundle/XPCServices
               YACC = yacc
               _WRAPPER_CONTENTS_DIR_SHALLOW_BUNDLE_NO = /Contents
               _WRAPPER_PARENT_PATH_SHALLOW_BUNDLE_NO = /..
               _WRAPPER_RESOURCES_DIR_SHALLOW_BUNDLE_NO = /Resources
               arch = undefined_arch
               variant = normal

           Build settings for action build and target package_info_plus:
               ACTION = build
               AD_HOC_CODE_SIGNING_ALLOWED = YES
               ALLOW_BUILD_REQUEST_OVERRIDES = NO
               ALLOW_TARGET_PLATFORM_SPECIALIZATION = NO
               ALTERNATE_GROUP = staff
               ALTERNATE_MODE = u+w,go-w,a+rX
               ALTERNATE_OWNER = carl.stanley
               ALTERNATIVE_DISTRIBUTION_WEB = NO
               ALWAYS_EMBED_SWIFT_STANDARD_LIBRARIES = NO
               ALWAYS_SEARCH_USER_PATHS = NO
               ALWAYS_USE_SEPARATE_HEADERMAPS = NO
               APPLE_INTERNAL_DEVELOPER_DIR = /AppleInternal/Developer
               APPLE_INTERNAL_DIR = /AppleInternal
               APPLE_INTERNAL_DOCUMENTATION_DIR = /AppleInternal/Documentation
               APPLE_INTERNAL_LIBRARY_DIR = /AppleInternal/Library
               APPLE_INTERNAL_TOOLS = /AppleInternal/Developer/Tools
               APPLICATION_EXTENSION_API_ONLY = NO
               APPLY_RULES_IN_COPY_FILES = NO
               APPLY_RULES_IN_COPY_HEADERS = NO
               APP_SHORTCUTS_ENABLE_FLEXIBLE_MATCHING = YES
               ARCHS = arm64 x86_64
               ARCHS_STANDARD = arm64 x86_64
               ARCHS_STANDARD_32_64_BIT = arm64 i386 x86_64
               ARCHS_STANDARD_32_BIT = i386
               ARCHS_STANDARD_64_BIT = arm64 x86_64
               ARCHS_STANDARD_INCLUDING_64_BIT = arm64 x86_64
               ARCHS_UNIVERSAL_IPHONE_OS = arm64 i386 x86_64
               ASSETCATALOG_COMPILER_GENERATE_ASSET_SYMBOLS = YES
               AUTOMATICALLY_MERGE_DEPENDENCIES = NO
               AVAILABLE_PLATFORMS = appletvos appletvsimulator driverkit iphoneos iphonesimulator macosx watchos watchsimulator xros xrsimulator
               BITCODE_GENERATION_MODE = marker
               BUILD_ACTIVE_RESOURCES_ONLY = NO
               BUILD_COMPONENTS = headers build
               BUILD_DIR = /Users/carl.stanley/sites/UKCPA/ukcpa_flutter/build/ios
               BUILD_LIBRARY_FOR_DISTRIBUTION = NO
               BUILD_ROOT = /Users/carl.stanley/sites/UKCPA/ukcpa_flutter/ios/build
               BUILD_STYLE = 
               BUILD_VARIANTS = normal
               BUILT_PRODUCTS_DIR = /Users/carl.stanley/sites/UKCPA/ukcpa_flutter/build/ios/Release-iphonesimulator/package_info_plus
               BUNDLE_CONTENTS_FOLDER_PATH_deep = Contents/
               BUNDLE_EXECUTABLE_FOLDER_NAME_deep = MacOS
               BUNDLE_EXTENSIONS_FOLDER_PATH = Extensions
               BUNDLE_FORMAT = shallow
               BUNDLE_FRAMEWORKS_FOLDER_PATH = Frameworks
               BUNDLE_PLUGINS_FOLDER_PATH = PlugIns
               BUNDLE_PRIVATE_HEADERS_FOLDER_PATH = PrivateHeaders
               BUNDLE_PUBLIC_HEADERS_FOLDER_PATH = Headers
               CACHE_ROOT = /var/folders/20/skb3d8qx2hn9r9z8036y32g40000gp/C/com.apple.DeveloperTools/16.0-16A242d/Xcode
               CCHROOT = /var/folders/20/skb3d8qx2hn9r9z8036y32g40000gp/C/com.apple.DeveloperTools/16.0-16A242d/Xcode
               CHMOD = /bin/chmod
               CHOWN = /usr/sbin/chown
               CLANG_ANALYZER_LOCALIZABILITY_NONLOCALIZED = YES
               CLANG_ANALYZER_NONNULL = YES
               CLANG_ANALYZER_NUMBER_OBJECT_CONVERSION = YES_AGGRESSIVE
               CLANG_CACHE_FINE_GRAINED_OUTPUTS = YES
               CLANG_CXX_LANGUAGE_STANDARD = gnu++14
               CLANG_CXX_LIBRARY = libc++
               CLANG_ENABLE_EXPLICIT_MODULES = YES
               CLANG_ENABLE_MODULES = YES
               CLANG_ENABLE_OBJC_ARC = YES
               CLANG_ENABLE_OBJC_WEAK = NO
               CLANG_MODULES_BUILD_SESSION_FILE = /var/folders/20/skb3d8qx2hn9r9z8036y32g40000gp/C/org.llvm.clang/ModuleCache.noindex/Session.modulevalidation
               CLANG_WARN_BLOCK_CAPTURE_AUTORELEASING = YES
               CLANG_WARN_BOOL_CONVERSION = YES
               CLANG_WARN_COMMA = YES
               CLANG_WARN_CONSTANT_CONVERSION = YES
               CLANG_WARN_DEPRECATED_OBJC_IMPLEMENTATIONS = YES
               CLANG_WARN_DIRECT_OBJC_ISA_USAGE = YES_ERROR
               CLANG_WARN_DOCUMENTATION_COMMENTS = YES
               CLANG_WARN_EMPTY_BODY = YES
               CLANG_WARN_ENUM_CONVERSION = YES
               CLANG_WARN_INFINITE_RECURSION = YES
               CLANG_WARN_INT_CONVERSION = YES
               CLANG_WARN_NON_LITERAL_NULL_CONVERSION = YES
               CLANG_WARN_OBJC_IMPLICIT_RETAIN_SELF = YES
               CLANG_WARN_OBJC_LITERAL_CONVERSION = YES
               CLANG_WARN_OBJC_ROOT_CLASS = YES_ERROR
               CLANG_WARN_QUOTED_INCLUDE_IN_FRAMEWORK_HEADER = NO
               CLANG_WARN_RANGE_LOOP_ANALYSIS = YES
               CLANG_WARN_STRICT_PROTOTYPES = YES
               CLANG_WARN_SUSPICIOUS_MOVE = YES
               CLANG_WARN_UNGUARDED_AVAILABILITY = YES_AGGRESSIVE
               CLANG_WARN_UNREACHABLE_CODE = YES
               CLANG_WARN__DUPLICATE_METHOD_MATCH = YES
               CLASS_FILE_DIR = /Users/carl.stanley/sites/UKCPA/ukcpa_flutter/build/ios/Pods.build/Release-iphonesimulator/package_info_plus.build/JavaClasses
               CLEAN_PRECOMPS = YES
               CLONE_HEADERS = NO
               CODESIGNING_FOLDER_PATH = /Users/carl.stanley/sites/UKCPA/ukcpa_flutter/build/ios/Release-iphonesimulator/package_info_plus/package_info_plus.framework
               CODE_SIGNING_ALLOWED = YES
               CODE_SIGNING_REQUIRED = NO
               CODE_SIGNING_REQUIRES_TEAM = YES
               CODE_SIGN_CONTEXT_CLASS = XCiPhoneSimulatorCodeSignContext
               CODE_SIGN_IDENTITY = -
               CODE_SIGN_INJECT_BASE_ENTITLEMENTS = YES
               COLOR_DIAGNOSTICS = NO
               COMBINE_HIDPI_IMAGES = NO
               COMPILATION_CACHE_CAS_PATH = /var/folders/20/skb3d8qx2hn9r9z8036y32g40000gp/C/com.apple.DeveloperTools/16.0-16A242d/Xcode/CompilationCache.noindex
               COMPILATION_CACHE_KEEP_CAS_DIRECTORY = YES
               COMPILER_INDEX_STORE_ENABLE = Default
               COMPOSITE_SDK_DIRS = /Users/carl.stanley/sites/UKCPA/ukcpa_flutter/build/ios/CompositeSDKs
               COMPRESS_PNG_FILES = YES
               CONFIGURATION = Release
               CONFIGURATION_BUILD_DIR = /Users/carl.stanley/sites/UKCPA/ukcpa_flutter/build/ios/Release-iphonesimulator/package_info_plus
               CONFIGURATION_TEMP_DIR = /Users/carl.stanley/sites/UKCPA/ukcpa_flutter/build/ios/Pods.build/Release-iphonesimulator
               CONTENTS_FOLDER_PATH = package_info_plus.framework
               CONTENTS_FOLDER_PATH_SHALLOW_BUNDLE_NO = package_info_plus.framework/A
               CONTENTS_FOLDER_PATH_SHALLOW_BUNDLE_YES = package_info_plus.framework
               COPYING_PRESERVES_HFS_DATA = NO
               COPY_HEADERS_RUN_UNIFDEF = NO
               COPY_PHASE_STRIP = NO
               CORRESPONDING_DEVICE_PLATFORM_DIR = /Applications/Xcode.app/Contents/Developer/Platforms/iPhoneOS.platform
               CORRESPONDING_DEVICE_PLATFORM_NAME = iphoneos
               CORRESPONDING_DEVICE_SDK_DIR = /Applications/Xcode.app/Contents/Developer/Platforms/iPhoneOS.platform/Developer/SDKs/iPhoneOS18.0.sdk
               CORRESPONDING_DEVICE_SDK_NAME = iphoneos18.0
               CP = /bin/cp
               CREATE_INFOPLIST_SECTION_IN_BINARY = NO
               CURRENT_ARCH = undefined_arch
               CURRENT_PROJECT_VERSION = 1
               CURRENT_VARIANT = normal
               CURRENT_VERSION = Current
               DEAD_CODE_STRIPPING = YES
               DEBUGGING_SYMBOLS = YES
               DEBUG_INFORMATION_FORMAT = dwarf-with-dsym
               DEBUG_INFORMATION_VERSION = compiler-default
               DEFAULT_COMPILER = com.apple.compilers.llvm.clang.1_0
               DEFAULT_DEXT_INSTALL_PATH = /System/Library/DriverExtensions
               DEFAULT_KEXT_INSTALL_PATH = /System/Library/Extensions
               DEFINES_MODULE = YES
               DEPLOYMENT_LOCATION = NO
               DEPLOYMENT_POSTPROCESSING = NO
               DEPLOYMENT_TARGET_SETTING_NAME = IPHONEOS_DEPLOYMENT_TARGET
               DEPLOYMENT_TARGET_SUGGESTED_VALUES = 12.0 12.1 12.2 12.3 12.4 13.0 13.1 13.2 13.3 13.4 13.5 13.6 14.0 14.1 14.2 14.3 14.4 14.5 14.6 14.7 15.0 15.1 15.2 15.3 15.4 15.5 15.6 16.0 16.1 16.2 16.3 16.4 16.5 16.6 17.0 17.1 17.2 17.3 17.4 17.5 17.6 18.0
               DERIVED_FILES_DIR = /Users/carl.stanley/sites/UKCPA/ukcpa_flutter/build/ios/Pods.build/Release-iphonesimulator/package_info_plus.build/DerivedSources
               DERIVED_FILE_DIR = /Users/carl.stanley/sites/UKCPA/ukcpa_flutter/build/ios/Pods.build/Release-iphonesimulator/package_info_plus.build/DerivedSources
               DERIVED_SOURCES_DIR = /Users/carl.stanley/sites/UKCPA/ukcpa_flutter/build/ios/Pods.build/Release-iphonesimulator/package_info_plus.build/DerivedSources
               DEVELOPER_APPLICATIONS_DIR = /Applications/Xcode.app/Contents/Developer/Applications
               DEVELOPER_BIN_DIR = /Applications/Xcode.app/Contents/Developer/usr/bin
               DEVELOPER_DIR = /Applications/Xcode.app/Contents/Developer
               DEVELOPER_FRAMEWORKS_DIR = /Applications/Xcode.app/Contents/Developer/Library/Frameworks
               DEVELOPER_FRAMEWORKS_DIR_QUOTED = /Applications/Xcode.app/Contents/Developer/Library/Frameworks
               DEVELOPER_LIBRARY_DIR = /Applications/Xcode.app/Contents/Developer/Library
               DEVELOPER_SDK_DIR = /Applications/Xcode.app/Contents/Developer/Platforms/MacOSX.platform/Developer/SDKs
               DEVELOPER_TOOLS_DIR = /Applications/Xcode.app/Contents/Developer/Tools
               DEVELOPER_USR_DIR = /Applications/Xcode.app/Contents/Developer/usr
               DEVELOPMENT_LANGUAGE = en
               DIFF = /usr/bin/diff
               DOCUMENTATION_FOLDER_PATH = package_info_plus.framework/en.lproj/Documentation
               DONT_GENERATE_INFOPLIST_FILE = NO
               DSTROOT = /tmp/Pods.dst
               DT_TOOLCHAIN_DIR = /Applications/Xcode.app/Contents/Developer/Toolchains/XcodeDefault.xctoolchain
               DWARF_DSYM_FILE_NAME = package_info_plus.framework.dSYM
               DWARF_DSYM_FILE_SHOULD_ACCOMPANY_PRODUCT = NO
               DWARF_DSYM_FOLDER_PATH = /Users/carl.stanley/sites/UKCPA/ukcpa_flutter/build/ios/Release-iphonesimulator/package_info_plus
               DYLIB_COMPATIBILITY_VERSION = 1
               DYLIB_CURRENT_VERSION = 1
               DYLIB_INSTALL_NAME_BASE = @rpath
               DYNAMIC_LIBRARY_EXTENSION = dylib
               EAGER_COMPILATION_ALLOW_SCRIPTS = NO
               EAGER_LINKING = NO
               EFFECTIVE_PLATFORM_NAME = -iphonesimulator
               EMBEDDED_CONTENT_CONTAINS_SWIFT = NO
               EMBED_ASSET_PACKS_IN_PRODUCT_BUNDLE = NO
               ENABLE_APP_SANDBOX = NO
               ENABLE_BITCODE = NO
               ENABLE_CODE_COVERAGE = YES
               ENABLE_DEFAULT_HEADER_SEARCH_PATHS = YES
               ENABLE_DEFAULT_SEARCH_PATHS = YES
               ENABLE_HARDENED_RUNTIME = NO
               ENABLE_HEADER_DEPENDENCIES = YES
               ENABLE_MODULE_VERIFIER = NO
               ENABLE_NS_ASSERTIONS = NO
               ENABLE_ON_DEMAND_RESOURCES = NO
               ENABLE_STRICT_OBJC_MSGSEND = YES
               ENABLE_TESTABILITY = NO
               ENABLE_TESTING_SEARCH_PATHS = NO
               ENABLE_USER_SCRIPT_SANDBOXING = NO
               ENTITLEMENTS_DESTINATION = __entitlements
               ENTITLEMENTS_REQUIRED = NO
               EXCLUDED_ARCHS =  i386
               EXCLUDED_INSTALLSRC_SUBDIRECTORY_PATTERNS = .DS_Store .svn .git .hg CVS
               EXCLUDED_RECURSIVE_SEARCH_PATH_SUBDIRECTORIES = *.nib *.lproj *.framework *.gch *.xcode* *.xcassets (*) .DS_Store CVS .svn .git .hg *.pbproj *.pbxproj
               EXECUTABLES_FOLDER_PATH = package_info_plus.framework/en.lproj
               EXECUTABLE_FOLDER_PATH = package_info_plus.framework
               EXECUTABLE_FOLDER_PATH_SHALLOW_BUNDLE_NO = package_info_plus.framework
               EXECUTABLE_FOLDER_PATH_SHALLOW_BUNDLE_YES = package_info_plus.framework
               EXECUTABLE_NAME = package_info_plus
               EXECUTABLE_PATH = package_info_plus.framework/package_info_plus
               EXTENSIONS_FOLDER_PATH = package_info_plus.framework/Extensions
               FILE_LIST = /Users/carl.stanley/sites/UKCPA/ukcpa_flutter/build/ios/Pods.build/Release-iphonesimulator/package_info_plus.build/Objects/LinkFileList
               FIXED_FILES_DIR = /Users/carl.stanley/sites/UKCPA/ukcpa_flutter/build/ios/Pods.build/Release-iphonesimulator/package_info_plus.build/FixedFiles
               FRAMEWORKS_FOLDER_PATH = package_info_plus.framework/Frameworks
               FRAMEWORK_FLAG_PREFIX = -framework
               FRAMEWORK_SEARCH_PATHS = /Users/carl.stanley/sites/UKCPA/ukcpa_flutter/build/ios/Release-iphonesimulator/package_info_plus "/Users/carl.stanley/development/flutter/bin/cache/artifacts/engine/ios-release/Flutter.xcframework/ios-arm64_x86_64-simulator" 
               FRAMEWORK_VERSION = A
               FULL_PRODUCT_NAME = package_info_plus.framework
               FUSE_BUILD_PHASES = YES
               FUSE_BUILD_SCRIPT_PHASES = NO
               GCC3_VERSION = 3.3
               GCC_C_LANGUAGE_STANDARD = gnu11
               GCC_INLINES_ARE_PRIVATE_EXTERN = YES
               GCC_NO_COMMON_BLOCKS = YES
               GCC_OBJC_LEGACY_DISPATCH = YES
               GCC_PFE_FILE_C_DIALECTS = c objective-c c++ objective-c++
               GCC_PREFIX_HEADER = Target Support Files/package_info_plus/package_info_plus-prefix.pch
               GCC_PREPROCESSOR_DEFINITIONS = POD_CONFIGURATION_RELEASE=1  COCOAPODS=1
               GCC_TREAT_WARNINGS_AS_ERRORS = NO
               GCC_VERSION = com.apple.compilers.llvm.clang.1_0
               GCC_VERSION_IDENTIFIER = com_apple_compilers_llvm_clang_1_0
               GCC_WARN_64_TO_32_BIT_CONVERSION = YES
               GCC_WARN_ABOUT_RETURN_TYPE = YES_ERROR
               GCC_WARN_UNDECLARED_SELECTOR = YES
               GCC_WARN_UNINITIALIZED_AUTOS = YES_AGGRESSIVE
               GCC_WARN_UNUSED_FUNCTION = YES
               GCC_WARN_UNUSED_VARIABLE = YES
               GENERATED_MODULEMAP_DIR = /Users/carl.stanley/sites/UKCPA/ukcpa_flutter/build/ios/GeneratedModuleMaps-iphonesimulator
               GENERATE_INFOPLIST_FILE = NO
               GENERATE_INTERMEDIATE_TEXT_BASED_STUBS = YES
               GENERATE_MASTER_OBJECT_FILE = NO
               GENERATE_PKGINFO_FILE = NO
               GENERATE_PROFILING_CODE = NO
               GENERATE_TEXT_BASED_STUBS = NO
               GID = 20
               GROUP = staff
               HEADERMAP_INCLUDES_FLAT_ENTRIES_FOR_TARGET_BEING_BUILT = YES
               HEADERMAP_INCLUDES_FRAMEWORK_ENTRIES_FOR_ALL_PRODUCT_TYPES = YES
               HEADERMAP_INCLUDES_FRAMEWORK_ENTRIES_FOR_TARGETS_NOT_BEING_BUILT = YES
               HEADERMAP_INCLUDES_NONPUBLIC_NONPRIVATE_HEADERS = YES
               HEADERMAP_INCLUDES_PROJECT_HEADERS = YES
               HEADERMAP_USES_FRAMEWORK_PREFIX_ENTRIES = YES
               HEADERMAP_USES_VFS = YES
               HEADER_SEARCH_PATHS = /Users/carl.stanley/sites/UKCPA/ukcpa_flutter/build/ios/Release-iphonesimulator/package_info_plus/include 
               HIDE_BITCODE_SYMBOLS = YES
               HOME = /Users/carl.stanley
               HOST_ARCH = arm64
               HOST_PLATFORM = macosx
               ICONV = /usr/bin/iconv
               IMPLICIT_DEPENDENCY_DOMAIN = default
               INFOPLIST_ENABLE_CFBUNDLEICONS_MERGE = YES
               INFOPLIST_EXPAND_BUILD_SETTINGS = YES
               INFOPLIST_FILE = Target Support Files/package_info_plus/package_info_plus-Info.plist
               INFOPLIST_OUTPUT_FORMAT = binary
               INFOPLIST_PATH = package_info_plus.framework/Info.plist
               INFOPLIST_PREPROCESS = NO
               INFOSTRINGS_PATH = package_info_plus.framework/en.lproj/InfoPlist.strings
               INLINE_PRIVATE_FRAMEWORKS = NO
               INSTALLHDRS_COPY_PHASE = NO
               INSTALLHDRS_SCRIPT_PHASE = NO
               INSTALL_DIR = /tmp/Pods.dst/Library/Frameworks
               INSTALL_GROUP = staff
               INSTALL_MODE_FLAG = u+w,go-w,a+rX
               INSTALL_OWNER = carl.stanley
               INSTALL_PATH = /Library/Frameworks
               INSTALL_ROOT = /tmp/Pods.dst
               IPHONEOS_DEPLOYMENT_TARGET = 13.0
               IS_UNOPTIMIZED_BUILD = NO
               JAVAC_DEFAULT_FLAGS = -J-Xms64m -J-XX:NewSize=4M -J-Dfile.encoding=UTF8
               JAVA_APP_STUB = /System/Library/Frameworks/JavaVM.framework/Resources/MacOS/JavaApplicationStub
               JAVA_ARCHIVE_CLASSES = YES
               JAVA_ARCHIVE_TYPE = JAR
               JAVA_COMPILER = /usr/bin/javac
               JAVA_FOLDER_PATH = package_info_plus.framework/Java
               JAVA_FRAMEWORK_RESOURCES_DIRS = Resources
               JAVA_JAR_FLAGS = cv
               JAVA_SOURCE_SUBDIR = .
               JAVA_USE_DEPENDENCIES = YES
               JAVA_ZIP_FLAGS = -urg
               JIKES_DEFAULT_FLAGS = +E +OLDCSO
               KEEP_PRIVATE_EXTERNS = NO
               LD_DEPENDENCY_INFO_FILE = /Users/carl.stanley/sites/UKCPA/ukcpa_flutter/build/ios/Pods.build/Release-iphonesimulator/package_info_plus.build/Objects-normal/undefined_arch/package_info_plus_dependency_info.dat
               LD_DYLIB_INSTALL_NAME = @rpath/package_info_plus.framework/package_info_plus
               LD_EXPORT_SYMBOLS = YES
               LD_GENERATE_MAP_FILE = NO
               LD_MAP_FILE_PATH = /Users/carl.stanley/sites/UKCPA/ukcpa_flutter/build/ios/Pods.build/Release-iphonesimulator/package_info_plus.build/package_info_plus-LinkMap-normal-undefined_arch.txt
               LD_NO_PIE = NO
               LD_QUOTE_LINKER_ARGUMENTS_FOR_COMPILER_DRIVER = YES
               LD_RUNPATH_SEARCH_PATHS =  @executable_path/Frameworks @loader_path/Frameworks
               LD_SHARED_CACHE_ELIGIBLE = Automatic
               LD_WARN_DUPLICATE_LIBRARIES = NO
               LD_WARN_UNUSED_DYLIBS = NO
               LEGACY_DEVELOPER_DIR = /Applications/Xcode.app/Contents/PlugIns/Xcode3Core.ideplugin/Contents/SharedSupport/Developer
               LEX = lex
               LIBRARY_DEXT_INSTALL_PATH = /Library/DriverExtensions
               LIBRARY_FLAG_NOSPACE = YES
               LIBRARY_FLAG_PREFIX = -l
               LIBRARY_KEXT_INSTALL_PATH = /Library/Extensions
               LIBRARY_SEARCH_PATHS = /Users/carl.stanley/sites/UKCPA/ukcpa_flutter/build/ios/Release-iphonesimulator/package_info_plus 
               LINKER_DISPLAYS_MANGLED_NAMES = NO
               LINK_FILE_LIST_normal_arm64 = /Users/carl.stanley/sites/UKCPA/ukcpa_flutter/build/ios/Pods.build/Release-iphonesimulator/package_info_plus.build/Objects-normal/arm64/package_info_plus.LinkFileList
               LINK_FILE_LIST_normal_x86_64 = /Users/carl.stanley/sites/UKCPA/ukcpa_flutter/build/ios/Pods.build/Release-iphonesimulator/package_info_plus.build/Objects-normal/x86_64/package_info_plus.LinkFileList
               LINK_OBJC_RUNTIME = YES
               LINK_WITH_STANDARD_LIBRARIES = YES
               LLVM_TARGET_TRIPLE_OS_VERSION = ios13.0
               LLVM_TARGET_TRIPLE_SUFFIX = -simulator
               LLVM_TARGET_TRIPLE_VENDOR = apple
               LM_AUX_CONST_METADATA_LIST_PATH_normal_arm64 = /Users/carl.stanley/sites/UKCPA/ukcpa_flutter/build/ios/Pods.build/Release-iphonesimulator/package_info_plus.build/Objects-normal/arm64/package_info_plus.SwiftConstValuesFileList
               LM_AUX_CONST_METADATA_LIST_PATH_normal_x86_64 = /Users/carl.stanley/sites/UKCPA/ukcpa_flutter/build/ios/Pods.build/Release-iphonesimulator/package_info_plus.build/Objects-normal/x86_64/package_info_plus.SwiftConstValuesFileList
               LOCALIZATION_EXPORT_SUPPORTED = YES
               LOCALIZATION_PREFERS_STRING_CATALOGS = NO
               LOCALIZED_RESOURCES_FOLDER_PATH = package_info_plus.framework/en.lproj
               LOCALIZED_STRING_MACRO_NAMES = NSLocalizedString CFCopyLocalizedString
               LOCALIZED_STRING_SWIFTUI_SUPPORT = YES
               LOCAL_ADMIN_APPS_DIR = /Applications/Utilities
               LOCAL_APPS_DIR = /Applications
               LOCAL_DEVELOPER_DIR = /Library/Developer
               LOCAL_LIBRARY_DIR = /Library
               LOCROOT = /Users/carl.stanley/sites/UKCPA/ukcpa_flutter/ios/Pods
               LOCSYMROOT = /Users/carl.stanley/sites/UKCPA/ukcpa_flutter/ios/Pods
               MACH_O_TYPE = mh_dylib
               MAC_OS_X_PRODUCT_BUILD_VERSION = 24G84
               MAC_OS_X_VERSION_ACTUAL = 150600
               MAC_OS_X_VERSION_MAJOR = 150000
               MAC_OS_X_VERSION_MINOR = 150600
               MAKE_MERGEABLE = NO
               MERGEABLE_LIBRARY = NO
               MERGED_BINARY_TYPE = none
               MERGE_LINKED_LIBRARIES = NO
               METAL_LIBRARY_FILE_BASE = default
               METAL_LIBRARY_OUTPUT_DIR = /Users/carl.stanley/sites/UKCPA/ukcpa_flutter/build/ios/Release-iphonesimulator/package_info_plus/package_info_plus.framework
               MODULEMAP_FILE = Target Support Files/package_info_plus/package_info_plus.modulemap
               MODULES_FOLDER_PATH = package_info_plus.framework/Modules
               MTL_ENABLE_DEBUG_INFO = NO
               MTL_FAST_MATH = YES
               NATIVE_ARCH = arm64
               NATIVE_ARCH_32_BIT = arm
               NATIVE_ARCH_64_BIT = arm64
               NATIVE_ARCH_ACTUAL = arm64
               NO_COMMON = YES
               OBJC_ABI_VERSION = 2
               OBJECT_FILE_DIR = /Users/carl.stanley/sites/UKCPA/ukcpa_flutter/build/ios/Pods.build/Release-iphonesimulator/package_info_plus.build/Objects
               OBJECT_FILE_DIR_normal = /Users/carl.stanley/sites/UKCPA/ukcpa_flutter/build/ios/Pods.build/Release-iphonesimulator/package_info_plus.build/Objects-normal
               OBJROOT = /Users/carl.stanley/sites/UKCPA/ukcpa_flutter/build/ios
               ONLY_ACTIVE_ARCH = NO
               OS = MACOS
               OSAC = /usr/bin/osacompile
               OTHER_LDFLAGS =  -framework Flutter
               PACKAGE_TYPE = com.apple.package-type.wrapper.framework
               PASCAL_STRINGS = YES
               PATH = /Applications/Xcode.app/Contents/SharedFrameworks/XCBuild.framework/Versions/A/PlugIns/XCBBuildService.bundle/Contents/PlugIns/XCBSpecifications.ideplugin/Contents/Resources:/Applications/Xcode.app/Contents/SharedFrameworks/XCBuild.framework/Versions/A/PlugIns/XCBBuildService.bundle/Contents/PlugIns/XCBSpecifications.ideplugin:/Applications/Xcode.app/Contents/Developer/Toolchains/XcodeDefault.xctoolchain/usr/bin:/Applications/Xcode.app/Contents/Developer/Toolchains/XcodeDefault.xctoolchain/usr/appleinternal/bin:/Applications/Xcode.app/Contents/Developer/Toolchains/XcodeDefault.xctoolchain/usr/local/bin:/Applications/Xcode.app/Contents/Developer/Toolchains/XcodeDefault.xctoolchain/usr/libexec:/Applications/Xcode.app/Contents/Developer/Platforms/iPhoneSimulator.platform/usr/bin:/Applications/Xcode.app/Contents/Developer/Platforms/iPhoneSimulator.platform/usr/appleinternal/bin:/Applications/Xcode.app/Contents/Developer/Platforms/iPhoneSimulator.platform/usr/local/bin:/Applications/Xcode.app/Contents/Developer/Platforms/iPhoneSimulator.platform/Developer/usr/bin:/Applications/Xcode.app/Contents/Developer/Platforms/iPhoneSimulator.platform/Developer/usr/local/bin:/Applications/Xcode.app/Contents/Developer/usr/bin:/Applications/Xcode.app/Contents/Developer/usr/local/bin:/opt/homebrew/Cellar/pyenv-virtualenv/1.2.4/shims:/Users/carl.stanley/.pyenv/shims:/Users/carl.stanley/.pyenv/bin:/Users/carl.stanley/.nvm/versions/node/v18.17.0/bin:/Users/carl.stanley/development/flutter/bin:/opt/homebrew/bin:/opt/homebrew/sbin:/Users/carl.stanley/.local/bin:/usr/local/bin:/System/Cryptexes/App/usr/bin:/usr/bin:/bin:/usr/sbin:/sbin:/var/run/com.apple.security.cryptexd/codex.system/bootstrap/usr/local/bin:/var/run/com.apple.security.cryptexd/codex.system/bootstrap/usr/bin:/var/run/com.apple.security.cryptexd/codex.system/bootstrap/usr/appleinternal/bin:/Library/Apple/usr/bin:/usr/local/sbin:/usr/local/go/bin:/Users/carl.stanley/.pub-cache/bin
               PATH_PREFIXES_EXCLUDED_FROM_HEADER_DEPENDENCIES = /usr/include /usr/local/include /System/Library/Frameworks /System/Library/PrivateFrameworks /Applications/Xcode.app/Contents/Developer/Headers /Applications/Xcode.app/Contents/Developer/SDKs /Applications/Xcode.app/Contents/Developer/Platforms
               PBDEVELOPMENTPLIST_PATH = package_info_plus.framework/pbdevelopment.plist
               PER_ARCH_OBJECT_FILE_DIR = /Users/carl.stanley/sites/UKCPA/ukcpa_flutter/build/ios/Pods.build/Release-iphonesimulator/package_info_plus.build/Objects-normal/undefined_arch
               PER_VARIANT_OBJECT_FILE_DIR = /Users/carl.stanley/sites/UKCPA/ukcpa_flutter/build/ios/Pods.build/Release-iphonesimulator/package_info_plus.build/Objects-normal
               PKGINFO_FILE_PATH = /Users/carl.stanley/sites/UKCPA/ukcpa_flutter/build/ios/Pods.build/Release-iphonesimulator/package_info_plus.build/PkgInfo
               PKGINFO_PATH = package_info_plus.framework/PkgInfo
               PLATFORM_DEVELOPER_APPLICATIONS_DIR = /Applications/Xcode.app/Contents/Developer/Platforms/iPhoneSimulator.platform/Developer/Applications
               PLATFORM_DEVELOPER_BIN_DIR = /Applications/Xcode.app/Contents/Developer/Platforms/iPhoneSimulator.platform/Developer/usr/bin
               PLATFORM_DEVELOPER_LIBRARY_DIR = /Applications/Xcode.app/Contents/Developer/Platforms/iPhoneSimulator.platform/Developer/Library
               PLATFORM_DEVELOPER_SDK_DIR = /Applications/Xcode.app/Contents/Developer/Platforms/iPhoneSimulator.platform/Developer/SDKs
               PLATFORM_DEVELOPER_TOOLS_DIR = /Applications/Xcode.app/Contents/Developer/Platforms/iPhoneSimulator.platform/Developer/Tools
               PLATFORM_DEVELOPER_USR_DIR = /Applications/Xcode.app/Contents/Developer/Platforms/iPhoneSimulator.platform/Developer/usr
               PLATFORM_DIR = /Applications/Xcode.app/Contents/Developer/Platforms/iPhoneSimulator.platform
               PLATFORM_DISPLAY_NAME = iOS Simulator
               PLATFORM_FAMILY_NAME = iOS
               PLATFORM_NAME = iphonesimulator
               PLATFORM_PREFERRED_ARCH = x86_64
               PLATFORM_PRODUCT_BUILD_VERSION = 22A3362
               PLIST_FILE_OUTPUT_FORMAT = binary
               PLUGINS_FOLDER_PATH = package_info_plus.framework/PlugIns
               PODS_BUILD_DIR = /Users/carl.stanley/sites/UKCPA/ukcpa_flutter/build/ios
               PODS_CONFIGURATION_BUILD_DIR = /Users/carl.stanley/sites/UKCPA/ukcpa_flutter/build/ios/Release-iphonesimulator
               PODS_DEVELOPMENT_LANGUAGE = en
               PODS_ROOT = /Users/carl.stanley/sites/UKCPA/ukcpa_flutter/ios/Pods
               PODS_TARGET_SRCROOT = /Users/carl.stanley/sites/UKCPA/ukcpa_flutter/ios/Pods/../.symlinks/plugins/package_info_plus/ios
               PODS_XCFRAMEWORKS_BUILD_DIR = /Users/carl.stanley/sites/UKCPA/ukcpa_flutter/build/ios/Release-iphonesimulator/XCFrameworkIntermediates
               PRECOMPS_INCLUDE_HEADERS_FROM_BUILT_PRODUCTS_DIR = YES
               PRECOMP_DESTINATION_DIR = /Users/carl.stanley/sites/UKCPA/ukcpa_flutter/build/ios/Pods.build/Release-iphonesimulator/package_info_plus.build/PrefixHeaders
               PRIVATE_HEADERS_FOLDER_PATH = package_info_plus.framework/PrivateHeaders
               PROCESSED_INFOPLIST_PATH = /Users/carl.stanley/sites/UKCPA/ukcpa_flutter/build/ios/Pods.build/Release-iphonesimulator/package_info_plus.build/Objects-normal/undefined_arch/Processed-Info.plist
               PRODUCT_BUNDLE_IDENTIFIER = org.cocoapods.package-info-plus
               PRODUCT_BUNDLE_PACKAGE_TYPE = FMWK
               PRODUCT_MODULE_NAME = package_info_plus
               PRODUCT_NAME = package_info_plus
               PRODUCT_SETTINGS_PATH = /Users/carl.stanley/sites/UKCPA/ukcpa_flutter/ios/Pods/Target Support Files/package_info_plus/package_info_plus-Info.plist
               PRODUCT_TYPE = com.apple.product-type.framework
               PROFILING_CODE = NO
               PROJECT = Pods
               PROJECT_DERIVED_FILE_DIR = /Users/carl.stanley/sites/UKCPA/ukcpa_flutter/build/ios/Pods.build/DerivedSources
               PROJECT_DIR = /Users/carl.stanley/sites/UKCPA/ukcpa_flutter/ios/Pods
               PROJECT_FILE_PATH = /Users/carl.stanley/sites/UKCPA/ukcpa_flutter/ios/Pods/Pods.xcodeproj
               PROJECT_GUID = bfdfe7dc352907fc980b868725387e98
               PROJECT_NAME = Pods
               PROJECT_TEMP_DIR = /Users/carl.stanley/sites/UKCPA/ukcpa_flutter/build/ios/Pods.build
               PROJECT_TEMP_ROOT = /Users/carl.stanley/sites/UKCPA/ukcpa_flutter/build/ios
               PUBLIC_HEADERS_FOLDER_PATH = package_info_plus.framework/Headers
               RECOMMENDED_IPHONEOS_DEPLOYMENT_TARGET = 15.0
               RECURSIVE_SEARCH_PATHS_FOLLOW_SYMLINKS = YES
               REMOVE_CVS_FROM_RESOURCES = YES
               REMOVE_GIT_FROM_RESOURCES = YES
               REMOVE_HEADERS_FROM_EMBEDDED_BUNDLES = YES
               REMOVE_HG_FROM_RESOURCES = YES
               REMOVE_STATIC_EXECUTABLES_FROM_EMBEDDED_BUNDLES = YES
               REMOVE_SVN_FROM_RESOURCES = YES
               RESCHEDULE_INDEPENDENT_HEADERS_PHASES = YES
               REZ_COLLECTOR_DIR = /Users/carl.stanley/sites/UKCPA/ukcpa_flutter/build/ios/Pods.build/Release-iphonesimulator/package_info_plus.build/ResourceManagerResources
               REZ_OBJECTS_DIR = /Users/carl.stanley/sites/UKCPA/ukcpa_flutter/build/ios/Pods.build/Release-iphonesimulator/package_info_plus.build/ResourceManagerResources/Objects
               REZ_SEARCH_PATHS = /Users/carl.stanley/sites/UKCPA/ukcpa_flutter/build/ios/Release-iphonesimulator/package_info_plus 
               SCAN_ALL_SOURCE_FILES_FOR_INCLUDES = NO
               SCRIPTS_FOLDER_PATH = package_info_plus.framework/Scripts
               SDKROOT = /Applications/Xcode.app/Contents/Developer/Platforms/iPhoneSimulator.platform/Developer/SDKs/iPhoneSimulator18.0.sdk
               SDK_DIR = /Applications/Xcode.app/Contents/Developer/Platforms/iPhoneSimulator.platform/Developer/SDKs/iPhoneSimulator18.0.sdk
               SDK_DIR_iphonesimulator = /Applications/Xcode.app/Contents/Developer/Platforms/iPhoneSimulator.platform/Developer/SDKs/iPhoneSimulator18.0.sdk
               SDK_DIR_iphonesimulator18_0 = /Applications/Xcode.app/Contents/Developer/Platforms/iPhoneSimulator.platform/Developer/SDKs/iPhoneSimulator18.0.sdk
               SDK_NAME = iphonesimulator18.0
               SDK_NAMES = iphonesimulator18.0
               SDK_PRODUCT_BUILD_VERSION = 22A3362
               SDK_STAT_CACHE_DIR = /var/folders/20/skb3d8qx2hn9r9z8036y32g40000gp/C/com.apple.DeveloperTools/16.0-16A242d/Xcode
               SDK_STAT_CACHE_ENABLE = YES
               SDK_STAT_CACHE_PATH = /var/folders/20/skb3d8qx2hn9r9z8036y32g40000gp/C/com.apple.DeveloperTools/16.0-16A242d/Xcode/SDKStatCaches.noindex/iphonesimulator18.0-22A3362-db63dc9361471f152f572502bdbfe70a.sdkstatcache
               SDK_VERSION = 18.0
               SDK_VERSION_ACTUAL = 180000
               SDK_VERSION_MAJOR = 180000
               SDK_VERSION_MINOR = 180000
               SED = /usr/bin/sed
               SEPARATE_STRIP = NO
               SEPARATE_SYMBOL_EDIT = NO
               SET_DIR_MODE_OWNER_GROUP = YES
               SET_FILE_MODE_OWNER_GROUP = NO
               SHALLOW_BUNDLE = YES
               SHALLOW_BUNDLE_TRIPLE = ios-simulator
               SHALLOW_BUNDLE_ios_macabi = NO
               SHALLOW_BUNDLE_macos = NO
               SHARED_DERIVED_FILE_DIR = /Users/carl.stanley/sites/UKCPA/ukcpa_flutter/build/ios/Release-iphonesimulator/package_info_plus/DerivedSources
               SHARED_FRAMEWORKS_FOLDER_PATH = package_info_plus.framework/SharedFrameworks
               SHARED_PRECOMPS_DIR = /Users/carl.stanley/sites/UKCPA/ukcpa_flutter/build/ios/SharedPrecompiledHeaders
               SHARED_SUPPORT_FOLDER_PATH = package_info_plus.framework
               SKIP_INSTALL = YES
               SOURCE_ROOT = /Users/carl.stanley/sites/UKCPA/ukcpa_flutter/ios/Pods
               SRCROOT = /Users/carl.stanley/sites/UKCPA/ukcpa_flutter/ios/Pods
               STRINGSDATA_DIR = /Users/carl.stanley/sites/UKCPA/ukcpa_flutter/build/ios/Pods.build/Release-iphonesimulator/package_info_plus.build/Objects-normal/undefined_arch
               STRINGSDATA_ROOT = /Users/carl.stanley/sites/UKCPA/ukcpa_flutter/build/ios/Pods.build/Release-iphonesimulator/package_info_plus.build
               STRINGS_FILE_INFOPLIST_RENAME = YES
               STRINGS_FILE_OUTPUT_ENCODING = binary
               STRIP_BITCODE_FROM_COPIED_FILES = NO
               STRIP_INSTALLED_PRODUCT = NO
               STRIP_STYLE = debugging
               STRIP_SWIFT_SYMBOLS = YES
               SUPPORTED_DEVICE_FAMILIES = 1,2
               SUPPORTED_PLATFORMS = iphoneos iphonesimulator
               SUPPORTS_TEXT_BASED_API = NO
               SUPPRESS_WARNINGS = NO
               SWIFT_ACTIVE_COMPILATION_CONDITIONS =  
               SWIFT_COMPILATION_MODE = wholemodule
               SWIFT_EMIT_LOC_STRINGS = NO
               SWIFT_INSTALL_MODULE_FOR_DEPLOYMENT = YES
               SWIFT_INSTALL_OBJC_HEADER = YES
               SWIFT_OPTIMIZATION_LEVEL = -O
               SWIFT_PLATFORM_TARGET_PREFIX = ios
               SWIFT_RESPONSE_FILE_PATH_normal_arm64 = /Users/carl.stanley/sites/UKCPA/ukcpa_flutter/build/ios/Pods.build/Release-iphonesimulator/package_info_plus.build/Objects-normal/arm64/package_info_plus.SwiftFileList
               SWIFT_RESPONSE_FILE_PATH_normal_x86_64 = /Users/carl.stanley/sites/UKCPA/ukcpa_flutter/build/ios/Pods.build/Release-iphonesimulator/package_info_plus.build/Objects-normal/x86_64/package_info_plus.SwiftFileList
               SWIFT_VERSION = 5.0
               SYMROOT = /Users/carl.stanley/sites/UKCPA/ukcpa_flutter/ios/build
               SYSTEM_ADMIN_APPS_DIR = /Applications/Utilities
               SYSTEM_APPS_DIR = /Applications
               SYSTEM_CORE_SERVICES_DIR = /System/Library/CoreServices
               SYSTEM_DEMOS_DIR = /Applications/Extras
               SYSTEM_DEVELOPER_APPS_DIR = /Applications/Xcode.app/Contents/Developer/Applications
               SYSTEM_DEVELOPER_BIN_DIR = /Applications/Xcode.app/Contents/Developer/usr/bin
               SYSTEM_DEVELOPER_DEMOS_DIR = /Applications/Xcode.app/Contents/Developer/Applications/Utilities/Built Examples
               SYSTEM_DEVELOPER_DIR = /Applications/Xcode.app/Contents/Developer
               SYSTEM_DEVELOPER_DOC_DIR = /Applications/Xcode.app/Contents/Developer/ADC Reference Library
               SYSTEM_DEVELOPER_GRAPHICS_TOOLS_DIR = /Applications/Xcode.app/Contents/Developer/Applications/Graphics Tools
               SYSTEM_DEVELOPER_JAVA_TOOLS_DIR = /Applications/Xcode.app/Contents/Developer/Applications/Java Tools
               SYSTEM_DEVELOPER_PERFORMANCE_TOOLS_DIR = /Applications/Xcode.app/Contents/Developer/Applications/Performance Tools
               SYSTEM_DEVELOPER_RELEASENOTES_DIR = /Applications/Xcode.app/Contents/Developer/ADC Reference Library/releasenotes
               SYSTEM_DEVELOPER_TOOLS = /Applications/Xcode.app/Contents/Developer/Tools
               SYSTEM_DEVELOPER_TOOLS_DOC_DIR = /Applications/Xcode.app/Contents/Developer/ADC Reference Library/documentation/DeveloperTools
               SYSTEM_DEVELOPER_TOOLS_RELEASENOTES_DIR = /Applications/Xcode.app/Contents/Developer/ADC Reference Library/releasenotes/DeveloperTools
               SYSTEM_DEVELOPER_USR_DIR = /Applications/Xcode.app/Contents/Developer/usr
               SYSTEM_DEVELOPER_UTILITIES_DIR = /Applications/Xcode.app/Contents/Developer/Applications/Utilities
               SYSTEM_DEXT_INSTALL_PATH = /System/Library/DriverExtensions
               SYSTEM_DOCUMENTATION_DIR = /Library/Documentation
               SYSTEM_EXTENSIONS_FOLDER_PATH = package_info_plus.framework/SystemExtensions
               SYSTEM_EXTENSIONS_FOLDER_PATH_SHALLOW_BUNDLE_NO = package_info_plus.framework/Library/SystemExtensions
               SYSTEM_EXTENSIONS_FOLDER_PATH_SHALLOW_BUNDLE_YES = package_info_plus.framework/SystemExtensions
               SYSTEM_KEXT_INSTALL_PATH = /System/Library/Extensions
               SYSTEM_LIBRARY_DIR = /System/Library
               TAPI_DEMANGLE = YES
               TAPI_ENABLE_PROJECT_HEADERS = NO
               TAPI_LANGUAGE = objective-c
               TAPI_LANGUAGE_STANDARD = compiler-default
               TAPI_USE_SRCROOT = YES
               TAPI_VERIFY_MODE = Pedantic
               TARGETED_DEVICE_FAMILY = 1,2
               TARGETNAME = package_info_plus
               TARGET_BUILD_DIR = /Users/carl.stanley/sites/UKCPA/ukcpa_flutter/build/ios/Release-iphonesimulator/package_info_plus
               TARGET_NAME = package_info_plus
               TARGET_TEMP_DIR = /Users/carl.stanley/sites/UKCPA/ukcpa_flutter/build/ios/Pods.build/Release-iphonesimulator/package_info_plus.build
               TEMP_DIR = /Users/carl.stanley/sites/UKCPA/ukcpa_flutter/build/ios/Pods.build/Release-iphonesimulator/package_info_plus.build
               TEMP_FILES_DIR = /Users/carl.stanley/sites/UKCPA/ukcpa_flutter/build/ios/Pods.build/Release-iphonesimulator/package_info_plus.build
               TEMP_FILE_DIR = /Users/carl.stanley/sites/UKCPA/ukcpa_flutter/build/ios/Pods.build/Release-iphonesimulator/package_info_plus.build
               TEMP_ROOT = /Users/carl.stanley/sites/UKCPA/ukcpa_flutter/build/ios
               TEST_FRAMEWORK_SEARCH_PATHS =  /Applications/Xcode.app/Contents/Developer/Platforms/iPhoneSimulator.platform/Developer/Library/Frameworks /Applications/Xcode.app/Contents/Developer/Platforms/iPhoneSimulator.platform/Developer/SDKs/iPhoneSimulator18.0.sdk/Developer/Library/Frameworks
               TEST_LIBRARY_SEARCH_PATHS =  /Applications/Xcode.app/Contents/Developer/Platforms/iPhoneSimulator.platform/Developer/usr/lib
               TOOLCHAINS = com.apple.dt.toolchain.XcodeDefault
               TOOLCHAIN_DIR = /Applications/Xcode.app/Contents/Developer/Toolchains/XcodeDefault.xctoolchain
               TREAT_MISSING_BASELINES_AS_TEST_FAILURES = NO
               TREAT_MISSING_SCRIPT_PHASE_OUTPUTS_AS_ERRORS = NO
               UID = 502
               UNINSTALLED_PRODUCTS_DIR = /Users/carl.stanley/sites/UKCPA/ukcpa_flutter/build/ios/UninstalledProducts
               UNLOCALIZED_RESOURCES_FOLDER_PATH = package_info_plus.framework
               UNLOCALIZED_RESOURCES_FOLDER_PATH_SHALLOW_BUNDLE_NO = package_info_plus.framework/Resources
               UNLOCALIZED_RESOURCES_FOLDER_PATH_SHALLOW_BUNDLE_YES = package_info_plus.framework
               UNSTRIPPED_PRODUCT = NO
               USER = carl.stanley
               USER_APPS_DIR = /Users/carl.stanley/Applications
               USER_LIBRARY_DIR = /Users/carl.stanley/Library
               USE_DYNAMIC_NO_PIC = YES
               USE_HEADERMAP = YES
               USE_HEADER_SYMLINKS = NO
               USE_RECURSIVE_SCRIPT_INPUTS_IN_SCRIPT_PHASES = YES
               VALIDATE_DEVELOPMENT_ASSET_PATHS = YES_ERROR
               VALIDATE_PRODUCT = YES
               VALID_ARCHS = arm64 x86_64
               VERBOSE_PBXCP = NO
               VERSIONING_SYSTEM = apple-generic
               VERSIONPLIST_PATH = package_info_plus.framework/version.plist
               VERSIONS_FOLDER_PATH = package_info_plus.framework
               VERSIONS_FOLDER_PATH_SHALLOW_BUNDLE_NO = package_info_plus.framework/Versions
               VERSIONS_FOLDER_PATH_SHALLOW_BUNDLE_YES = package_info_plus.framework
               VERSION_INFO_BUILDER = carl.stanley
               VERSION_INFO_FILE = package_info_plus_vers.c
               VERSION_INFO_STRING = "@(#)PROGRAM:package_info_plus  PROJECT:Pods-1"
               WORKSPACE_DIR = /Users/carl.stanley/sites/UKCPA/ukcpa_flutter/ios/Pods/Pods.xcodeproj
               WRAPPER_EXTENSION = framework
               WRAPPER_NAME = package_info_plus.framework
               WRAPPER_SUFFIX = .framework
               WRAP_ASSET_PACKS_IN_SEPARATE_DIRECTORIES = NO
               XCODE_APP_SUPPORT_DIR = /Applications/Xcode.app/Contents/Developer/Library/Xcode
               XCODE_PRODUCT_BUILD_VERSION = 16A242d
               XCODE_VERSION_ACTUAL = 1600
               XCODE_VERSION_MAJOR = 1600
               XCODE_VERSION_MINOR = 1600
               XPCSERVICES_FOLDER_PATH = package_info_plus.framework/XPCServices
               YACC = yacc
               _WRAPPER_CONTENTS_DIR_SHALLOW_BUNDLE_NO = /Contents
               _WRAPPER_PARENT_PATH_SHALLOW_BUNDLE_NO = /..
               _WRAPPER_RESOURCES_DIR_SHALLOW_BUNDLE_NO = /Resources
               arch = undefined_arch
               variant = normal

           Build settings for action build and target path_provider_foundation:
               ACTION = build
               AD_HOC_CODE_SIGNING_ALLOWED = YES
               ALLOW_BUILD_REQUEST_OVERRIDES = NO
               ALLOW_TARGET_PLATFORM_SPECIALIZATION = NO
               ALTERNATE_GROUP = staff
               ALTERNATE_MODE = u+w,go-w,a+rX
               ALTERNATE_OWNER = carl.stanley
               ALTERNATIVE_DISTRIBUTION_WEB = NO
               ALWAYS_EMBED_SWIFT_STANDARD_LIBRARIES = NO
               ALWAYS_SEARCH_USER_PATHS = NO
               ALWAYS_USE_SEPARATE_HEADERMAPS = NO
               APPLE_INTERNAL_DEVELOPER_DIR = /AppleInternal/Developer
               APPLE_INTERNAL_DIR = /AppleInternal
               APPLE_INTERNAL_DOCUMENTATION_DIR = /AppleInternal/Documentation
               APPLE_INTERNAL_LIBRARY_DIR = /AppleInternal/Library
               APPLE_INTERNAL_TOOLS = /AppleInternal/Developer/Tools
               APPLICATION_EXTENSION_API_ONLY = NO
               APPLY_RULES_IN_COPY_FILES = NO
               APPLY_RULES_IN_COPY_HEADERS = NO
               APP_SHORTCUTS_ENABLE_FLEXIBLE_MATCHING = YES
               ARCHS = arm64 x86_64
               ARCHS_STANDARD = arm64 x86_64
               ARCHS_STANDARD_32_64_BIT = arm64 i386 x86_64
               ARCHS_STANDARD_32_BIT = i386
               ARCHS_STANDARD_64_BIT = arm64 x86_64
               ARCHS_STANDARD_INCLUDING_64_BIT = arm64 x86_64
               ARCHS_UNIVERSAL_IPHONE_OS = arm64 i386 x86_64
               ASSETCATALOG_COMPILER_GENERATE_ASSET_SYMBOLS = YES
               AUTOMATICALLY_MERGE_DEPENDENCIES = NO
               AVAILABLE_PLATFORMS = appletvos appletvsimulator driverkit iphoneos iphonesimulator macosx watchos watchsimulator xros xrsimulator
               BITCODE_GENERATION_MODE = marker
               BUILD_ACTIVE_RESOURCES_ONLY = NO
               BUILD_COMPONENTS = headers build
               BUILD_DIR = /Users/carl.stanley/sites/UKCPA/ukcpa_flutter/build/ios
               BUILD_LIBRARY_FOR_DISTRIBUTION = NO
               BUILD_ROOT = /Users/carl.stanley/sites/UKCPA/ukcpa_flutter/ios/build
               BUILD_STYLE = 
               BUILD_VARIANTS = normal
               BUILT_PRODUCTS_DIR = /Users/carl.stanley/sites/UKCPA/ukcpa_flutter/build/ios/Release-iphonesimulator/path_provider_foundation
               BUNDLE_CONTENTS_FOLDER_PATH_deep = Contents/
               BUNDLE_EXECUTABLE_FOLDER_NAME_deep = MacOS
               BUNDLE_EXTENSIONS_FOLDER_PATH = Extensions
               BUNDLE_FORMAT = shallow
               BUNDLE_FRAMEWORKS_FOLDER_PATH = Frameworks
               BUNDLE_PLUGINS_FOLDER_PATH = PlugIns
               BUNDLE_PRIVATE_HEADERS_FOLDER_PATH = PrivateHeaders
               BUNDLE_PUBLIC_HEADERS_FOLDER_PATH = Headers
               CACHE_ROOT = /var/folders/20/skb3d8qx2hn9r9z8036y32g40000gp/C/com.apple.DeveloperTools/16.0-16A242d/Xcode
               CCHROOT = /var/folders/20/skb3d8qx2hn9r9z8036y32g40000gp/C/com.apple.DeveloperTools/16.0-16A242d/Xcode
               CHMOD = /bin/chmod
               CHOWN = /usr/sbin/chown
               CLANG_ANALYZER_LOCALIZABILITY_NONLOCALIZED = YES
               CLANG_ANALYZER_NONNULL = YES
               CLANG_ANALYZER_NUMBER_OBJECT_CONVERSION = YES_AGGRESSIVE
               CLANG_CACHE_FINE_GRAINED_OUTPUTS = YES
               CLANG_CXX_LANGUAGE_STANDARD = gnu++14
               CLANG_CXX_LIBRARY = libc++
               CLANG_ENABLE_EXPLICIT_MODULES = YES
               CLANG_ENABLE_MODULES = YES
               CLANG_ENABLE_OBJC_ARC = YES
               CLANG_ENABLE_OBJC_WEAK = NO
               CLANG_MODULES_BUILD_SESSION_FILE = /var/folders/20/skb3d8qx2hn9r9z8036y32g40000gp/C/org.llvm.clang/ModuleCache.noindex/Session.modulevalidation
               CLANG_WARN_BLOCK_CAPTURE_AUTORELEASING = YES
               CLANG_WARN_BOOL_CONVERSION = YES
               CLANG_WARN_COMMA = YES
               CLANG_WARN_CONSTANT_CONVERSION = YES
               CLANG_WARN_DEPRECATED_OBJC_IMPLEMENTATIONS = YES
               CLANG_WARN_DIRECT_OBJC_ISA_USAGE = YES_ERROR
               CLANG_WARN_DOCUMENTATION_COMMENTS = YES
               CLANG_WARN_EMPTY_BODY = YES
               CLANG_WARN_ENUM_CONVERSION = YES
               CLANG_WARN_INFINITE_RECURSION = YES
               CLANG_WARN_INT_CONVERSION = YES
               CLANG_WARN_NON_LITERAL_NULL_CONVERSION = YES
               CLANG_WARN_OBJC_IMPLICIT_RETAIN_SELF = YES
               CLANG_WARN_OBJC_LITERAL_CONVERSION = YES
               CLANG_WARN_OBJC_ROOT_CLASS = YES_ERROR
               CLANG_WARN_QUOTED_INCLUDE_IN_FRAMEWORK_HEADER = NO
               CLANG_WARN_RANGE_LOOP_ANALYSIS = YES
               CLANG_WARN_STRICT_PROTOTYPES = YES
               CLANG_WARN_SUSPICIOUS_MOVE = YES
               CLANG_WARN_UNGUARDED_AVAILABILITY = YES_AGGRESSIVE
               CLANG_WARN_UNREACHABLE_CODE = YES
               CLANG_WARN__DUPLICATE_METHOD_MATCH = YES
               CLASS_FILE_DIR = /Users/carl.stanley/sites/UKCPA/ukcpa_flutter/build/ios/Pods.build/Release-iphonesimulator/path_provider_foundation.build/JavaClasses
               CLEAN_PRECOMPS = YES
               CLONE_HEADERS = NO
               CODESIGNING_FOLDER_PATH = /Users/carl.stanley/sites/UKCPA/ukcpa_flutter/build/ios/Release-iphonesimulator/path_provider_foundation/path_provider_foundation.framework
               CODE_SIGNING_ALLOWED = YES
               CODE_SIGNING_REQUIRED = NO
               CODE_SIGNING_REQUIRES_TEAM = YES
               CODE_SIGN_CONTEXT_CLASS = XCiPhoneSimulatorCodeSignContext
               CODE_SIGN_IDENTITY = -
               CODE_SIGN_INJECT_BASE_ENTITLEMENTS = YES
               COLOR_DIAGNOSTICS = NO
               COMBINE_HIDPI_IMAGES = NO
               COMPILATION_CACHE_CAS_PATH = /var/folders/20/skb3d8qx2hn9r9z8036y32g40000gp/C/com.apple.DeveloperTools/16.0-16A242d/Xcode/CompilationCache.noindex
               COMPILATION_CACHE_KEEP_CAS_DIRECTORY = YES
               COMPILER_INDEX_STORE_ENABLE = Default
               COMPOSITE_SDK_DIRS = /Users/carl.stanley/sites/UKCPA/ukcpa_flutter/build/ios/CompositeSDKs
               COMPRESS_PNG_FILES = YES
               CONFIGURATION = Release
               CONFIGURATION_BUILD_DIR = /Users/carl.stanley/sites/UKCPA/ukcpa_flutter/build/ios/Release-iphonesimulator/path_provider_foundation
               CONFIGURATION_TEMP_DIR = /Users/carl.stanley/sites/UKCPA/ukcpa_flutter/build/ios/Pods.build/Release-iphonesimulator
               CONTENTS_FOLDER_PATH = path_provider_foundation.framework
               CONTENTS_FOLDER_PATH_SHALLOW_BUNDLE_NO = path_provider_foundation.framework/A
               CONTENTS_FOLDER_PATH_SHALLOW_BUNDLE_YES = path_provider_foundation.framework
               COPYING_PRESERVES_HFS_DATA = NO
               COPY_HEADERS_RUN_UNIFDEF = NO
               COPY_PHASE_STRIP = NO
               CORRESPONDING_DEVICE_PLATFORM_DIR = /Applications/Xcode.app/Contents/Developer/Platforms/iPhoneOS.platform
               CORRESPONDING_DEVICE_PLATFORM_NAME = iphoneos
               CORRESPONDING_DEVICE_SDK_DIR = /Applications/Xcode.app/Contents/Developer/Platforms/iPhoneOS.platform/Developer/SDKs/iPhoneOS18.0.sdk
               CORRESPONDING_DEVICE_SDK_NAME = iphoneos18.0
               CP = /bin/cp
               CREATE_INFOPLIST_SECTION_IN_BINARY = NO
               CURRENT_ARCH = undefined_arch
               CURRENT_PROJECT_VERSION = 1
               CURRENT_VARIANT = normal
               CURRENT_VERSION = Current
               DEAD_CODE_STRIPPING = YES
               DEBUGGING_SYMBOLS = YES
               DEBUG_INFORMATION_FORMAT = dwarf-with-dsym
               DEBUG_INFORMATION_VERSION = compiler-default
               DEFAULT_COMPILER = com.apple.compilers.llvm.clang.1_0
               DEFAULT_DEXT_INSTALL_PATH = /System/Library/DriverExtensions
               DEFAULT_KEXT_INSTALL_PATH = /System/Library/Extensions
               DEFINES_MODULE = YES
               DEPLOYMENT_LOCATION = NO
               DEPLOYMENT_POSTPROCESSING = NO
               DEPLOYMENT_TARGET_SETTING_NAME = IPHONEOS_DEPLOYMENT_TARGET
               DEPLOYMENT_TARGET_SUGGESTED_VALUES = 12.0 12.1 12.2 12.3 12.4 13.0 13.1 13.2 13.3 13.4 13.5 13.6 14.0 14.1 14.2 14.3 14.4 14.5 14.6 14.7 15.0 15.1 15.2 15.3 15.4 15.5 15.6 16.0 16.1 16.2 16.3 16.4 16.5 16.6 17.0 17.1 17.2 17.3 17.4 17.5 17.6 18.0
               DERIVED_FILES_DIR = /Users/carl.stanley/sites/UKCPA/ukcpa_flutter/build/ios/Pods.build/Release-iphonesimulator/path_provider_foundation.build/DerivedSources
               DERIVED_FILE_DIR = /Users/carl.stanley/sites/UKCPA/ukcpa_flutter/build/ios/Pods.build/Release-iphonesimulator/path_provider_foundation.build/DerivedSources
               DERIVED_SOURCES_DIR = /Users/carl.stanley/sites/UKCPA/ukcpa_flutter/build/ios/Pods.build/Release-iphonesimulator/path_provider_foundation.build/DerivedSources
               DEVELOPER_APPLICATIONS_DIR = /Applications/Xcode.app/Contents/Developer/Applications
               DEVELOPER_BIN_DIR = /Applications/Xcode.app/Contents/Developer/usr/bin
               DEVELOPER_DIR = /Applications/Xcode.app/Contents/Developer
               DEVELOPER_FRAMEWORKS_DIR = /Applications/Xcode.app/Contents/Developer/Library/Frameworks
               DEVELOPER_FRAMEWORKS_DIR_QUOTED = /Applications/Xcode.app/Contents/Developer/Library/Frameworks
               DEVELOPER_LIBRARY_DIR = /Applications/Xcode.app/Contents/Developer/Library
               DEVELOPER_SDK_DIR = /Applications/Xcode.app/Contents/Developer/Platforms/MacOSX.platform/Developer/SDKs
               DEVELOPER_TOOLS_DIR = /Applications/Xcode.app/Contents/Developer/Tools
               DEVELOPER_USR_DIR = /Applications/Xcode.app/Contents/Developer/usr
               DEVELOPMENT_LANGUAGE = en
               DIFF = /usr/bin/diff
               DOCUMENTATION_FOLDER_PATH = path_provider_foundation.framework/en.lproj/Documentation
               DONT_GENERATE_INFOPLIST_FILE = NO
               DSTROOT = /tmp/Pods.dst
               DT_TOOLCHAIN_DIR = /Applications/Xcode.app/Contents/Developer/Toolchains/XcodeDefault.xctoolchain
               DWARF_DSYM_FILE_NAME = path_provider_foundation.framework.dSYM
               DWARF_DSYM_FILE_SHOULD_ACCOMPANY_PRODUCT = NO
               DWARF_DSYM_FOLDER_PATH = /Users/carl.stanley/sites/UKCPA/ukcpa_flutter/build/ios/Release-iphonesimulator/path_provider_foundation
               DYLIB_COMPATIBILITY_VERSION = 1
               DYLIB_CURRENT_VERSION = 1
               DYLIB_INSTALL_NAME_BASE = @rpath
               DYNAMIC_LIBRARY_EXTENSION = dylib
               EAGER_COMPILATION_ALLOW_SCRIPTS = NO
               EAGER_LINKING = NO
               EFFECTIVE_PLATFORM_NAME = -iphonesimulator
               EMBEDDED_CONTENT_CONTAINS_SWIFT = NO
               EMBED_ASSET_PACKS_IN_PRODUCT_BUNDLE = NO
               ENABLE_APP_SANDBOX = NO
               ENABLE_BITCODE = NO
               ENABLE_CODE_COVERAGE = YES
               ENABLE_DEFAULT_HEADER_SEARCH_PATHS = YES
               ENABLE_DEFAULT_SEARCH_PATHS = YES
               ENABLE_HARDENED_RUNTIME = NO
               ENABLE_HEADER_DEPENDENCIES = YES
               ENABLE_MODULE_VERIFIER = NO
               ENABLE_NS_ASSERTIONS = NO
               ENABLE_ON_DEMAND_RESOURCES = NO
               ENABLE_STRICT_OBJC_MSGSEND = YES
               ENABLE_TESTABILITY = NO
               ENABLE_TESTING_SEARCH_PATHS = NO
               ENABLE_USER_SCRIPT_SANDBOXING = NO
               ENTITLEMENTS_DESTINATION = __entitlements
               ENTITLEMENTS_REQUIRED = NO
               EXCLUDED_ARCHS =  i386
               EXCLUDED_INSTALLSRC_SUBDIRECTORY_PATTERNS = .DS_Store .svn .git .hg CVS
               EXCLUDED_RECURSIVE_SEARCH_PATH_SUBDIRECTORIES = *.nib *.lproj *.framework *.gch *.xcode* *.xcassets (*) .DS_Store CVS .svn .git .hg *.pbproj *.pbxproj
               EXECUTABLES_FOLDER_PATH = path_provider_foundation.framework/en.lproj
               EXECUTABLE_FOLDER_PATH = path_provider_foundation.framework
               EXECUTABLE_FOLDER_PATH_SHALLOW_BUNDLE_NO = path_provider_foundation.framework
               EXECUTABLE_FOLDER_PATH_SHALLOW_BUNDLE_YES = path_provider_foundation.framework
               EXECUTABLE_NAME = path_provider_foundation
               EXECUTABLE_PATH = path_provider_foundation.framework/path_provider_foundation
               EXTENSIONS_FOLDER_PATH = path_provider_foundation.framework/Extensions
               FILE_LIST = /Users/carl.stanley/sites/UKCPA/ukcpa_flutter/build/ios/Pods.build/Release-iphonesimulator/path_provider_foundation.build/Objects/LinkFileList
               FIXED_FILES_DIR = /Users/carl.stanley/sites/UKCPA/ukcpa_flutter/build/ios/Pods.build/Release-iphonesimulator/path_provider_foundation.build/FixedFiles
               FRAMEWORKS_FOLDER_PATH = path_provider_foundation.framework/Frameworks
               FRAMEWORK_FLAG_PREFIX = -framework
               FRAMEWORK_SEARCH_PATHS = /Users/carl.stanley/sites/UKCPA/ukcpa_flutter/build/ios/Release-iphonesimulator/path_provider_foundation "/Users/carl.stanley/development/flutter/bin/cache/artifacts/engine/ios-release/Flutter.xcframework/ios-arm64_x86_64-simulator" 
               FRAMEWORK_VERSION = A
               FULL_PRODUCT_NAME = path_provider_foundation.framework
               FUSE_BUILD_PHASES = YES
               FUSE_BUILD_SCRIPT_PHASES = NO
               GCC3_VERSION = 3.3
               GCC_C_LANGUAGE_STANDARD = gnu11
               GCC_INLINES_ARE_PRIVATE_EXTERN = YES
               GCC_NO_COMMON_BLOCKS = YES
               GCC_OBJC_LEGACY_DISPATCH = YES
               GCC_PFE_FILE_C_DIALECTS = c objective-c c++ objective-c++
               GCC_PREFIX_HEADER = Target Support Files/path_provider_foundation/path_provider_foundation-prefix.pch
               GCC_PREPROCESSOR_DEFINITIONS = POD_CONFIGURATION_RELEASE=1  COCOAPODS=1
               GCC_TREAT_WARNINGS_AS_ERRORS = NO
               GCC_VERSION = com.apple.compilers.llvm.clang.1_0
               GCC_VERSION_IDENTIFIER = com_apple_compilers_llvm_clang_1_0
               GCC_WARN_64_TO_32_BIT_CONVERSION = YES
               GCC_WARN_ABOUT_RETURN_TYPE = YES_ERROR
               GCC_WARN_UNDECLARED_SELECTOR = YES
               GCC_WARN_UNINITIALIZED_AUTOS = YES_AGGRESSIVE
               GCC_WARN_UNUSED_FUNCTION = YES
               GCC_WARN_UNUSED_VARIABLE = YES
               GENERATED_MODULEMAP_DIR = /Users/carl.stanley/sites/UKCPA/ukcpa_flutter/build/ios/GeneratedModuleMaps-iphonesimulator
               GENERATE_INFOPLIST_FILE = NO
               GENERATE_INTERMEDIATE_TEXT_BASED_STUBS = YES
               GENERATE_MASTER_OBJECT_FILE = NO
               GENERATE_PKGINFO_FILE = NO
               GENERATE_PROFILING_CODE = NO
               GENERATE_TEXT_BASED_STUBS = NO
               GID = 20
               GROUP = staff
               HEADERMAP_INCLUDES_FLAT_ENTRIES_FOR_TARGET_BEING_BUILT = YES
               HEADERMAP_INCLUDES_FRAMEWORK_ENTRIES_FOR_ALL_PRODUCT_TYPES = YES
               HEADERMAP_INCLUDES_FRAMEWORK_ENTRIES_FOR_TARGETS_NOT_BEING_BUILT = YES
               HEADERMAP_INCLUDES_NONPUBLIC_NONPRIVATE_HEADERS = YES
               HEADERMAP_INCLUDES_PROJECT_HEADERS = YES
               HEADERMAP_USES_FRAMEWORK_PREFIX_ENTRIES = YES
               HEADERMAP_USES_VFS = YES
               HEADER_SEARCH_PATHS = /Users/carl.stanley/sites/UKCPA/ukcpa_flutter/build/ios/Release-iphonesimulator/path_provider_foundation/include 
               HIDE_BITCODE_SYMBOLS = YES
               HOME = /Users/carl.stanley
               HOST_ARCH = arm64
               HOST_PLATFORM = macosx
               ICONV = /usr/bin/iconv
               IMPLICIT_DEPENDENCY_DOMAIN = default
               INFOPLIST_ENABLE_CFBUNDLEICONS_MERGE = YES
               INFOPLIST_EXPAND_BUILD_SETTINGS = YES
               INFOPLIST_FILE = Target Support Files/path_provider_foundation/path_provider_foundation-Info.plist
               INFOPLIST_OUTPUT_FORMAT = binary
               INFOPLIST_PATH = path_provider_foundation.framework/Info.plist
               INFOPLIST_PREPROCESS = NO
               INFOSTRINGS_PATH = path_provider_foundation.framework/en.lproj/InfoPlist.strings
               INLINE_PRIVATE_FRAMEWORKS = NO
               INSTALLHDRS_COPY_PHASE = NO
               INSTALLHDRS_SCRIPT_PHASE = NO
               INSTALL_DIR = /tmp/Pods.dst/Library/Frameworks
               INSTALL_GROUP = staff
               INSTALL_MODE_FLAG = u+w,go-w,a+rX
               INSTALL_OWNER = carl.stanley
               INSTALL_PATH = /Library/Frameworks
               INSTALL_ROOT = /tmp/Pods.dst
               IPHONEOS_DEPLOYMENT_TARGET = 13.0
               IS_UNOPTIMIZED_BUILD = NO
               JAVAC_DEFAULT_FLAGS = -J-Xms64m -J-XX:NewSize=4M -J-Dfile.encoding=UTF8
               JAVA_APP_STUB = /System/Library/Frameworks/JavaVM.framework/Resources/MacOS/JavaApplicationStub
               JAVA_ARCHIVE_CLASSES = YES
               JAVA_ARCHIVE_TYPE = JAR
               JAVA_COMPILER = /usr/bin/javac
               JAVA_FOLDER_PATH = path_provider_foundation.framework/Java
               JAVA_FRAMEWORK_RESOURCES_DIRS = Resources
               JAVA_JAR_FLAGS = cv
               JAVA_SOURCE_SUBDIR = .
               JAVA_USE_DEPENDENCIES = YES
               JAVA_ZIP_FLAGS = -urg
               JIKES_DEFAULT_FLAGS = +E +OLDCSO
               KEEP_PRIVATE_EXTERNS = NO
               LD_DEPENDENCY_INFO_FILE = /Users/carl.stanley/sites/UKCPA/ukcpa_flutter/build/ios/Pods.build/Release-iphonesimulator/path_provider_foundation.build/Objects-normal/undefined_arch/path_provider_foundation_dependency_info.dat
               LD_DYLIB_INSTALL_NAME = @rpath/path_provider_foundation.framework/path_provider_foundation
               LD_EXPORT_SYMBOLS = YES
               LD_GENERATE_MAP_FILE = NO
               LD_MAP_FILE_PATH = /Users/carl.stanley/sites/UKCPA/ukcpa_flutter/build/ios/Pods.build/Release-iphonesimulator/path_provider_foundation.build/path_provider_foundation-LinkMap-normal-undefined_arch.txt
               LD_NO_PIE = NO
               LD_QUOTE_LINKER_ARGUMENTS_FOR_COMPILER_DRIVER = YES
               LD_RUNPATH_SEARCH_PATHS =  /usr/lib/swift
               LD_SHARED_CACHE_ELIGIBLE = Automatic
               LD_WARN_DUPLICATE_LIBRARIES = NO
               LD_WARN_UNUSED_DYLIBS = NO
               LEGACY_DEVELOPER_DIR = /Applications/Xcode.app/Contents/PlugIns/Xcode3Core.ideplugin/Contents/SharedSupport/Developer
               LEX = lex
               LIBRARY_DEXT_INSTALL_PATH = /Library/DriverExtensions
               LIBRARY_FLAG_NOSPACE = YES
               LIBRARY_FLAG_PREFIX = -l
               LIBRARY_KEXT_INSTALL_PATH = /Library/Extensions
               LIBRARY_SEARCH_PATHS = /Users/carl.stanley/sites/UKCPA/ukcpa_flutter/build/ios/Release-iphonesimulator/path_provider_foundation /Applications/Xcode.app/Contents/Developer/Toolchains/XcodeDefault.xctoolchain/usr/lib/swift/iphonesimulator /Applications/Xcode.app/Contents/Developer/Platforms/iPhoneSimulator.platform/Developer/SDKs/iPhoneSimulator18.0.sdk/usr/lib/swift /Applications/Xcode.app/Contents/Developer/Toolchains/XcodeDefault.xctoolchain/usr/lib/swift/iphonesimulator/ /Applications/Xcode.app/Contents/Developer/Platforms/iPhoneSimulator.platform/Developer/SDKs/iPhoneSimulator18.0.sdk/usr/lib/swift
               LINKER_DISPLAYS_MANGLED_NAMES = NO
               LINK_FILE_LIST_normal_arm64 = /Users/carl.stanley/sites/UKCPA/ukcpa_flutter/build/ios/Pods.build/Release-iphonesimulator/path_provider_foundation.build/Objects-normal/arm64/path_provider_foundation.LinkFileList
               LINK_FILE_LIST_normal_x86_64 = /Users/carl.stanley/sites/UKCPA/ukcpa_flutter/build/ios/Pods.build/Release-iphonesimulator/path_provider_foundation.build/Objects-normal/x86_64/path_provider_foundation.LinkFileList
               LINK_OBJC_RUNTIME = YES
               LINK_WITH_STANDARD_LIBRARIES = YES
               LLVM_TARGET_TRIPLE_OS_VERSION = ios13.0
               LLVM_TARGET_TRIPLE_SUFFIX = -simulator
               LLVM_TARGET_TRIPLE_VENDOR = apple
               LM_AUX_CONST_METADATA_LIST_PATH_normal_arm64 = /Users/carl.stanley/sites/UKCPA/ukcpa_flutter/build/ios/Pods.build/Release-iphonesimulator/path_provider_foundation.build/Objects-normal/arm64/path_provider_foundation.SwiftConstValuesFileList
               LM_AUX_CONST_METADATA_LIST_PATH_normal_x86_64 = /Users/carl.stanley/sites/UKCPA/ukcpa_flutter/build/ios/Pods.build/Release-iphonesimulator/path_provider_foundation.build/Objects-normal/x86_64/path_provider_foundation.SwiftConstValuesFileList
               LOCALIZATION_EXPORT_SUPPORTED = YES
               LOCALIZATION_PREFERS_STRING_CATALOGS = NO
               LOCALIZED_RESOURCES_FOLDER_PATH = path_provider_foundation.framework/en.lproj
               LOCALIZED_STRING_MACRO_NAMES = NSLocalizedString CFCopyLocalizedString
               LOCALIZED_STRING_SWIFTUI_SUPPORT = YES
               LOCAL_ADMIN_APPS_DIR = /Applications/Utilities
               LOCAL_APPS_DIR = /Applications
               LOCAL_DEVELOPER_DIR = /Library/Developer
               LOCAL_LIBRARY_DIR = /Library
               LOCROOT = /Users/carl.stanley/sites/UKCPA/ukcpa_flutter/ios/Pods
               LOCSYMROOT = /Users/carl.stanley/sites/UKCPA/ukcpa_flutter/ios/Pods
               MACH_O_TYPE = mh_dylib
               MAC_OS_X_PRODUCT_BUILD_VERSION = 24G84
               MAC_OS_X_VERSION_ACTUAL = 150600
               MAC_OS_X_VERSION_MAJOR = 150000
               MAC_OS_X_VERSION_MINOR = 150600
               MAKE_MERGEABLE = NO
               MERGEABLE_LIBRARY = NO
               MERGED_BINARY_TYPE = none
               MERGE_LINKED_LIBRARIES = NO
               METAL_LIBRARY_FILE_BASE = default
               METAL_LIBRARY_OUTPUT_DIR = /Users/carl.stanley/sites/UKCPA/ukcpa_flutter/build/ios/Release-iphonesimulator/path_provider_foundation/path_provider_foundation.framework
               MODULEMAP_FILE = Target Support Files/path_provider_foundation/path_provider_foundation.modulemap
               MODULES_FOLDER_PATH = path_provider_foundation.framework/Modules
               MTL_ENABLE_DEBUG_INFO = NO
               MTL_FAST_MATH = YES
               NATIVE_ARCH = arm64
               NATIVE_ARCH_32_BIT = arm
               NATIVE_ARCH_64_BIT = arm64
               NATIVE_ARCH_ACTUAL = arm64
               NO_COMMON = YES
               OBJC_ABI_VERSION = 2
               OBJECT_FILE_DIR = /Users/carl.stanley/sites/UKCPA/ukcpa_flutter/build/ios/Pods.build/Release-iphonesimulator/path_provider_foundation.build/Objects
               OBJECT_FILE_DIR_normal = /Users/carl.stanley/sites/UKCPA/ukcpa_flutter/build/ios/Pods.build/Release-iphonesimulator/path_provider_foundation.build/Objects-normal
               OBJROOT = /Users/carl.stanley/sites/UKCPA/ukcpa_flutter/build/ios
               ONLY_ACTIVE_ARCH = NO
               OS = MACOS
               OSAC = /usr/bin/osacompile
               OTHER_LDFLAGS =  -framework Flutter
               OTHER_SWIFT_FLAGS =  -D COCOAPODS
               PACKAGE_TYPE = com.apple.package-type.wrapper.framework
               PASCAL_STRINGS = YES
               PATH = /Applications/Xcode.app/Contents/SharedFrameworks/XCBuild.framework/Versions/A/PlugIns/XCBBuildService.bundle/Contents/PlugIns/XCBSpecifications.ideplugin/Contents/Resources:/Applications/Xcode.app/Contents/SharedFrameworks/XCBuild.framework/Versions/A/PlugIns/XCBBuildService.bundle/Contents/PlugIns/XCBSpecifications.ideplugin:/Applications/Xcode.app/Contents/Developer/Toolchains/XcodeDefault.xctoolchain/usr/bin:/Applications/Xcode.app/Contents/Developer/Toolchains/XcodeDefault.xctoolchain/usr/appleinternal/bin:/Applications/Xcode.app/Contents/Developer/Toolchains/XcodeDefault.xctoolchain/usr/local/bin:/Applications/Xcode.app/Contents/Developer/Toolchains/XcodeDefault.xctoolchain/usr/libexec:/Applications/Xcode.app/Contents/Developer/Platforms/iPhoneSimulator.platform/usr/bin:/Applications/Xcode.app/Contents/Developer/Platforms/iPhoneSimulator.platform/usr/appleinternal/bin:/Applications/Xcode.app/Contents/Developer/Platforms/iPhoneSimulator.platform/usr/local/bin:/Applications/Xcode.app/Contents/Developer/Platforms/iPhoneSimulator.platform/Developer/usr/bin:/Applications/Xcode.app/Contents/Developer/Platforms/iPhoneSimulator.platform/Developer/usr/local/bin:/Applications/Xcode.app/Contents/Developer/usr/bin:/Applications/Xcode.app/Contents/Developer/usr/local/bin:/opt/homebrew/Cellar/pyenv-virtualenv/1.2.4/shims:/Users/carl.stanley/.pyenv/shims:/Users/carl.stanley/.pyenv/bin:/Users/carl.stanley/.nvm/versions/node/v18.17.0/bin:/Users/carl.stanley/development/flutter/bin:/opt/homebrew/bin:/opt/homebrew/sbin:/Users/carl.stanley/.local/bin:/usr/local/bin:/System/Cryptexes/App/usr/bin:/usr/bin:/bin:/usr/sbin:/sbin:/var/run/com.apple.security.cryptexd/codex.system/bootstrap/usr/local/bin:/var/run/com.apple.security.cryptexd/codex.system/bootstrap/usr/bin:/var/run/com.apple.security.cryptexd/codex.system/bootstrap/usr/appleinternal/bin:/Library/Apple/usr/bin:/usr/local/sbin:/usr/local/go/bin:/Users/carl.stanley/.pub-cache/bin
               PATH_PREFIXES_EXCLUDED_FROM_HEADER_DEPENDENCIES = /usr/include /usr/local/include /System/Library/Frameworks /System/Library/PrivateFrameworks /Applications/Xcode.app/Contents/Developer/Headers /Applications/Xcode.app/Contents/Developer/SDKs /Applications/Xcode.app/Contents/Developer/Platforms
               PBDEVELOPMENTPLIST_PATH = path_provider_foundation.framework/pbdevelopment.plist
               PER_ARCH_OBJECT_FILE_DIR = /Users/carl.stanley/sites/UKCPA/ukcpa_flutter/build/ios/Pods.build/Release-iphonesimulator/path_provider_foundation.build/Objects-normal/undefined_arch
               PER_VARIANT_OBJECT_FILE_DIR = /Users/carl.stanley/sites/UKCPA/ukcpa_flutter/build/ios/Pods.build/Release-iphonesimulator/path_provider_foundation.build/Objects-normal
               PKGINFO_FILE_PATH = /Users/carl.stanley/sites/UKCPA/ukcpa_flutter/build/ios/Pods.build/Release-iphonesimulator/path_provider_foundation.build/PkgInfo
               PKGINFO_PATH = path_provider_foundation.framework/PkgInfo
               PLATFORM_DEVELOPER_APPLICATIONS_DIR = /Applications/Xcode.app/Contents/Developer/Platforms/iPhoneSimulator.platform/Developer/Applications
               PLATFORM_DEVELOPER_BIN_DIR = /Applications/Xcode.app/Contents/Developer/Platforms/iPhoneSimulator.platform/Developer/usr/bin
               PLATFORM_DEVELOPER_LIBRARY_DIR = /Applications/Xcode.app/Contents/Developer/Platforms/iPhoneSimulator.platform/Developer/Library
               PLATFORM_DEVELOPER_SDK_DIR = /Applications/Xcode.app/Contents/Developer/Platforms/iPhoneSimulator.platform/Developer/SDKs
               PLATFORM_DEVELOPER_TOOLS_DIR = /Applications/Xcode.app/Contents/Developer/Platforms/iPhoneSimulator.platform/Developer/Tools
               PLATFORM_DEVELOPER_USR_DIR = /Applications/Xcode.app/Contents/Developer/Platforms/iPhoneSimulator.platform/Developer/usr
               PLATFORM_DIR = /Applications/Xcode.app/Contents/Developer/Platforms/iPhoneSimulator.platform
               PLATFORM_DISPLAY_NAME = iOS Simulator
               PLATFORM_FAMILY_NAME = iOS
               PLATFORM_NAME = iphonesimulator
               PLATFORM_PREFERRED_ARCH = x86_64
               PLATFORM_PRODUCT_BUILD_VERSION = 22A3362
               PLIST_FILE_OUTPUT_FORMAT = binary
               PLUGINS_FOLDER_PATH = path_provider_foundation.framework/PlugIns
               PODS_BUILD_DIR = /Users/carl.stanley/sites/UKCPA/ukcpa_flutter/build/ios
               PODS_CONFIGURATION_BUILD_DIR = /Users/carl.stanley/sites/UKCPA/ukcpa_flutter/build/ios/Release-iphonesimulator
               PODS_DEVELOPMENT_LANGUAGE = en
               PODS_ROOT = /Users/carl.stanley/sites/UKCPA/ukcpa_flutter/ios/Pods
               PODS_TARGET_SRCROOT = /Users/carl.stanley/sites/UKCPA/ukcpa_flutter/ios/Pods/../.symlinks/plugins/path_provider_foundation/darwin
               PODS_XCFRAMEWORKS_BUILD_DIR = /Users/carl.stanley/sites/UKCPA/ukcpa_flutter/build/ios/Release-iphonesimulator/XCFrameworkIntermediates
               PRECOMPS_INCLUDE_HEADERS_FROM_BUILT_PRODUCTS_DIR = YES
               PRECOMP_DESTINATION_DIR = /Users/carl.stanley/sites/UKCPA/ukcpa_flutter/build/ios/Pods.build/Release-iphonesimulator/path_provider_foundation.build/PrefixHeaders
               PRIVATE_HEADERS_FOLDER_PATH = path_provider_foundation.framework/PrivateHeaders
               PROCESSED_INFOPLIST_PATH = /Users/carl.stanley/sites/UKCPA/ukcpa_flutter/build/ios/Pods.build/Release-iphonesimulator/path_provider_foundation.build/Objects-normal/undefined_arch/Processed-Info.plist
               PRODUCT_BUNDLE_IDENTIFIER = org.cocoapods.path-provider-foundation
               PRODUCT_BUNDLE_PACKAGE_TYPE = FMWK
               PRODUCT_MODULE_NAME = path_provider_foundation
               PRODUCT_NAME = path_provider_foundation
               PRODUCT_SETTINGS_PATH = /Users/carl.stanley/sites/UKCPA/ukcpa_flutter/ios/Pods/Target Support Files/path_provider_foundation/path_provider_foundation-Info.plist
               PRODUCT_TYPE = com.apple.product-type.framework
               PROFILING_CODE = NO
               PROJECT = Pods
               PROJECT_DERIVED_FILE_DIR = /Users/carl.stanley/sites/UKCPA/ukcpa_flutter/build/ios/Pods.build/DerivedSources
               PROJECT_DIR = /Users/carl.stanley/sites/UKCPA/ukcpa_flutter/ios/Pods
               PROJECT_FILE_PATH = /Users/carl.stanley/sites/UKCPA/ukcpa_flutter/ios/Pods/Pods.xcodeproj
               PROJECT_GUID = bfdfe7dc352907fc980b868725387e98
               PROJECT_NAME = Pods
               PROJECT_TEMP_DIR = /Users/carl.stanley/sites/UKCPA/ukcpa_flutter/build/ios/Pods.build
               PROJECT_TEMP_ROOT = /Users/carl.stanley/sites/UKCPA/ukcpa_flutter/build/ios
               PUBLIC_HEADERS_FOLDER_PATH = path_provider_foundation.framework/Headers
               RECOMMENDED_IPHONEOS_DEPLOYMENT_TARGET = 15.0
               RECURSIVE_SEARCH_PATHS_FOLLOW_SYMLINKS = YES
               REMOVE_CVS_FROM_RESOURCES = YES
               REMOVE_GIT_FROM_RESOURCES = YES
               REMOVE_HEADERS_FROM_EMBEDDED_BUNDLES = YES
               REMOVE_HG_FROM_RESOURCES = YES
               REMOVE_STATIC_EXECUTABLES_FROM_EMBEDDED_BUNDLES = YES
               REMOVE_SVN_FROM_RESOURCES = YES
               RESCHEDULE_INDEPENDENT_HEADERS_PHASES = YES
               REZ_COLLECTOR_DIR = /Users/carl.stanley/sites/UKCPA/ukcpa_flutter/build/ios/Pods.build/Release-iphonesimulator/path_provider_foundation.build/ResourceManagerResources
               REZ_OBJECTS_DIR = /Users/carl.stanley/sites/UKCPA/ukcpa_flutter/build/ios/Pods.build/Release-iphonesimulator/path_provider_foundation.build/ResourceManagerResources/Objects
               REZ_SEARCH_PATHS = /Users/carl.stanley/sites/UKCPA/ukcpa_flutter/build/ios/Release-iphonesimulator/path_provider_foundation 
               SCAN_ALL_SOURCE_FILES_FOR_INCLUDES = NO
               SCRIPTS_FOLDER_PATH = path_provider_foundation.framework/Scripts
               SDKROOT = /Applications/Xcode.app/Contents/Developer/Platforms/iPhoneSimulator.platform/Developer/SDKs/iPhoneSimulator18.0.sdk
               SDK_DIR = /Applications/Xcode.app/Contents/Developer/Platforms/iPhoneSimulator.platform/Developer/SDKs/iPhoneSimulator18.0.sdk
               SDK_DIR_iphonesimulator = /Applications/Xcode.app/Contents/Developer/Platforms/iPhoneSimulator.platform/Developer/SDKs/iPhoneSimulator18.0.sdk
               SDK_DIR_iphonesimulator18_0 = /Applications/Xcode.app/Contents/Developer/Platforms/iPhoneSimulator.platform/Developer/SDKs/iPhoneSimulator18.0.sdk
               SDK_NAME = iphonesimulator18.0
               SDK_NAMES = iphonesimulator18.0
               SDK_PRODUCT_BUILD_VERSION = 22A3362
               SDK_STAT_CACHE_DIR = /var/folders/20/skb3d8qx2hn9r9z8036y32g40000gp/C/com.apple.DeveloperTools/16.0-16A242d/Xcode
               SDK_STAT_CACHE_ENABLE = YES
               SDK_STAT_CACHE_PATH = /var/folders/20/skb3d8qx2hn9r9z8036y32g40000gp/C/com.apple.DeveloperTools/16.0-16A242d/Xcode/SDKStatCaches.noindex/iphonesimulator18.0-22A3362-db63dc9361471f152f572502bdbfe70a.sdkstatcache
               SDK_VERSION = 18.0
               SDK_VERSION_ACTUAL = 180000
               SDK_VERSION_MAJOR = 180000
               SDK_VERSION_MINOR = 180000
               SED = /usr/bin/sed
               SEPARATE_STRIP = NO
               SEPARATE_SYMBOL_EDIT = NO
               SET_DIR_MODE_OWNER_GROUP = YES
               SET_FILE_MODE_OWNER_GROUP = NO
               SHALLOW_BUNDLE = YES
               SHALLOW_BUNDLE_TRIPLE = ios-simulator
               SHALLOW_BUNDLE_ios_macabi = NO
               SHALLOW_BUNDLE_macos = NO
               SHARED_DERIVED_FILE_DIR = /Users/carl.stanley/sites/UKCPA/ukcpa_flutter/build/ios/Release-iphonesimulator/path_provider_foundation/DerivedSources
               SHARED_FRAMEWORKS_FOLDER_PATH = path_provider_foundation.framework/SharedFrameworks
               SHARED_PRECOMPS_DIR = /Users/carl.stanley/sites/UKCPA/ukcpa_flutter/build/ios/SharedPrecompiledHeaders
               SHARED_SUPPORT_FOLDER_PATH = path_provider_foundation.framework
               SKIP_INSTALL = YES
               SOURCE_ROOT = /Users/carl.stanley/sites/UKCPA/ukcpa_flutter/ios/Pods
               SRCROOT = /Users/carl.stanley/sites/UKCPA/ukcpa_flutter/ios/Pods
               STRINGSDATA_DIR = /Users/carl.stanley/sites/UKCPA/ukcpa_flutter/build/ios/Pods.build/Release-iphonesimulator/path_provider_foundation.build/Objects-normal/undefined_arch
               STRINGSDATA_ROOT = /Users/carl.stanley/sites/UKCPA/ukcpa_flutter/build/ios/Pods.build/Release-iphonesimulator/path_provider_foundation.build
               STRINGS_FILE_INFOPLIST_RENAME = YES
               STRINGS_FILE_OUTPUT_ENCODING = binary
               STRIP_BITCODE_FROM_COPIED_FILES = NO
               STRIP_INSTALLED_PRODUCT = NO
               STRIP_STYLE = debugging
               STRIP_SWIFT_SYMBOLS = YES
               SUPPORTED_DEVICE_FAMILIES = 1,2
               SUPPORTED_PLATFORMS = iphoneos iphonesimulator
               SUPPORTS_TEXT_BASED_API = NO
               SUPPRESS_WARNINGS = NO
               SWIFT_ACTIVE_COMPILATION_CONDITIONS =  
               SWIFT_COMPILATION_MODE = wholemodule
               SWIFT_EMIT_LOC_STRINGS = NO
               SWIFT_INSTALL_MODULE_FOR_DEPLOYMENT = YES
               SWIFT_INSTALL_OBJC_HEADER = YES
               SWIFT_OPTIMIZATION_LEVEL = -O
               SWIFT_PLATFORM_TARGET_PREFIX = ios
               SWIFT_RESPONSE_FILE_PATH_normal_arm64 = /Users/carl.stanley/sites/UKCPA/ukcpa_flutter/build/ios/Pods.build/Release-iphonesimulator/path_provider_foundation.build/Objects-normal/arm64/path_provider_foundation.SwiftFileList
               SWIFT_RESPONSE_FILE_PATH_normal_x86_64 = /Users/carl.stanley/sites/UKCPA/ukcpa_flutter/build/ios/Pods.build/Release-iphonesimulator/path_provider_foundation.build/Objects-normal/x86_64/path_provider_foundation.SwiftFileList
               SWIFT_VERSION = 5.0
               SYMROOT = /Users/carl.stanley/sites/UKCPA/ukcpa_flutter/ios/build
               SYSTEM_ADMIN_APPS_DIR = /Applications/Utilities
               SYSTEM_APPS_DIR = /Applications
               SYSTEM_CORE_SERVICES_DIR = /System/Library/CoreServices
               SYSTEM_DEMOS_DIR = /Applications/Extras
               SYSTEM_DEVELOPER_APPS_DIR = /Applications/Xcode.app/Contents/Developer/Applications
               SYSTEM_DEVELOPER_BIN_DIR = /Applications/Xcode.app/Contents/Developer/usr/bin
               SYSTEM_DEVELOPER_DEMOS_DIR = /Applications/Xcode.app/Contents/Developer/Applications/Utilities/Built Examples
               SYSTEM_DEVELOPER_DIR = /Applications/Xcode.app/Contents/Developer
               SYSTEM_DEVELOPER_DOC_DIR = /Applications/Xcode.app/Contents/Developer/ADC Reference Library
               SYSTEM_DEVELOPER_GRAPHICS_TOOLS_DIR = /Applications/Xcode.app/Contents/Developer/Applications/Graphics Tools
               SYSTEM_DEVELOPER_JAVA_TOOLS_DIR = /Applications/Xcode.app/Contents/Developer/Applications/Java Tools
               SYSTEM_DEVELOPER_PERFORMANCE_TOOLS_DIR = /Applications/Xcode.app/Contents/Developer/Applications/Performance Tools
               SYSTEM_DEVELOPER_RELEASENOTES_DIR = /Applications/Xcode.app/Contents/Developer/ADC Reference Library/releasenotes
               SYSTEM_DEVELOPER_TOOLS = /Applications/Xcode.app/Contents/Developer/Tools
               SYSTEM_DEVELOPER_TOOLS_DOC_DIR = /Applications/Xcode.app/Contents/Developer/ADC Reference Library/documentation/DeveloperTools
               SYSTEM_DEVELOPER_TOOLS_RELEASENOTES_DIR = /Applications/Xcode.app/Contents/Developer/ADC Reference Library/releasenotes/DeveloperTools
               SYSTEM_DEVELOPER_USR_DIR = /Applications/Xcode.app/Contents/Developer/usr
               SYSTEM_DEVELOPER_UTILITIES_DIR = /Applications/Xcode.app/Contents/Developer/Applications/Utilities
               SYSTEM_DEXT_INSTALL_PATH = /System/Library/DriverExtensions
               SYSTEM_DOCUMENTATION_DIR = /Library/Documentation
               SYSTEM_EXTENSIONS_FOLDER_PATH = path_provider_foundation.framework/SystemExtensions
               SYSTEM_EXTENSIONS_FOLDER_PATH_SHALLOW_BUNDLE_NO = path_provider_foundation.framework/Library/SystemExtensions
               SYSTEM_EXTENSIONS_FOLDER_PATH_SHALLOW_BUNDLE_YES = path_provider_foundation.framework/SystemExtensions
               SYSTEM_KEXT_INSTALL_PATH = /System/Library/Extensions
               SYSTEM_LIBRARY_DIR = /System/Library
               TAPI_DEMANGLE = YES
               TAPI_ENABLE_PROJECT_HEADERS = NO
               TAPI_LANGUAGE = objective-c
               TAPI_LANGUAGE_STANDARD = compiler-default
               TAPI_USE_SRCROOT = YES
               TAPI_VERIFY_MODE = Pedantic
               TARGETED_DEVICE_FAMILY = 1,2
               TARGETNAME = path_provider_foundation
               TARGET_BUILD_DIR = /Users/carl.stanley/sites/UKCPA/ukcpa_flutter/build/ios/Release-iphonesimulator/path_provider_foundation
               TARGET_NAME = path_provider_foundation
               TARGET_TEMP_DIR = /Users/carl.stanley/sites/UKCPA/ukcpa_flutter/build/ios/Pods.build/Release-iphonesimulator/path_provider_foundation.build
               TEMP_DIR = /Users/carl.stanley/sites/UKCPA/ukcpa_flutter/build/ios/Pods.build/Release-iphonesimulator/path_provider_foundation.build
               TEMP_FILES_DIR = /Users/carl.stanley/sites/UKCPA/ukcpa_flutter/build/ios/Pods.build/Release-iphonesimulator/path_provider_foundation.build
               TEMP_FILE_DIR = /Users/carl.stanley/sites/UKCPA/ukcpa_flutter/build/ios/Pods.build/Release-iphonesimulator/path_provider_foundation.build
               TEMP_ROOT = /Users/carl.stanley/sites/UKCPA/ukcpa_flutter/build/ios
               TEST_FRAMEWORK_SEARCH_PATHS =  /Applications/Xcode.app/Contents/Developer/Platforms/iPhoneSimulator.platform/Developer/Library/Frameworks /Applications/Xcode.app/Contents/Developer/Platforms/iPhoneSimulator.platform/Developer/SDKs/iPhoneSimulator18.0.sdk/Developer/Library/Frameworks
               TEST_LIBRARY_SEARCH_PATHS =  /Applications/Xcode.app/Contents/Developer/Platforms/iPhoneSimulator.platform/Developer/usr/lib
               TOOLCHAINS = com.apple.dt.toolchain.XcodeDefault
               TOOLCHAIN_DIR = /Applications/Xcode.app/Contents/Developer/Toolchains/XcodeDefault.xctoolchain
               TREAT_MISSING_BASELINES_AS_TEST_FAILURES = NO
               TREAT_MISSING_SCRIPT_PHASE_OUTPUTS_AS_ERRORS = NO
               UID = 502
               UNINSTALLED_PRODUCTS_DIR = /Users/carl.stanley/sites/UKCPA/ukcpa_flutter/build/ios/UninstalledProducts
               UNLOCALIZED_RESOURCES_FOLDER_PATH = path_provider_foundation.framework
               UNLOCALIZED_RESOURCES_FOLDER_PATH_SHALLOW_BUNDLE_NO = path_provider_foundation.framework/Resources
               UNLOCALIZED_RESOURCES_FOLDER_PATH_SHALLOW_BUNDLE_YES = path_provider_foundation.framework
               UNSTRIPPED_PRODUCT = NO
               USER = carl.stanley
               USER_APPS_DIR = /Users/carl.stanley/Applications
               USER_LIBRARY_DIR = /Users/carl.stanley/Library
               USE_DYNAMIC_NO_PIC = YES
               USE_HEADERMAP = YES
               USE_HEADER_SYMLINKS = NO
               USE_RECURSIVE_SCRIPT_INPUTS_IN_SCRIPT_PHASES = YES
               VALIDATE_DEVELOPMENT_ASSET_PATHS = YES_ERROR
               VALIDATE_PRODUCT = YES
               VALID_ARCHS = arm64 x86_64
               VERBOSE_PBXCP = NO
               VERSIONING_SYSTEM = apple-generic
               VERSIONPLIST_PATH = path_provider_foundation.framework/version.plist
               VERSIONS_FOLDER_PATH = path_provider_foundation.framework
               VERSIONS_FOLDER_PATH_SHALLOW_BUNDLE_NO = path_provider_foundation.framework/Versions
               VERSIONS_FOLDER_PATH_SHALLOW_BUNDLE_YES = path_provider_foundation.framework
               VERSION_INFO_BUILDER = carl.stanley
               VERSION_INFO_FILE = path_provider_foundation_vers.c
               VERSION_INFO_STRING = "@(#)PROGRAM:path_provider_foundation  PROJECT:Pods-1"
               WORKSPACE_DIR = /Users/carl.stanley/sites/UKCPA/ukcpa_flutter/ios/Pods/Pods.xcodeproj
               WRAPPER_EXTENSION = framework
               WRAPPER_NAME = path_provider_foundation.framework
               WRAPPER_SUFFIX = .framework
               WRAP_ASSET_PACKS_IN_SEPARATE_DIRECTORIES = NO
               XCODE_APP_SUPPORT_DIR = /Applications/Xcode.app/Contents/Developer/Library/Xcode
               XCODE_PRODUCT_BUILD_VERSION = 16A242d
               XCODE_VERSION_ACTUAL = 1600
               XCODE_VERSION_MAJOR = 1600
               XCODE_VERSION_MINOR = 1600
               XPCSERVICES_FOLDER_PATH = path_provider_foundation.framework/XPCServices
               YACC = yacc
               _WRAPPER_CONTENTS_DIR_SHALLOW_BUNDLE_NO = /Contents
               _WRAPPER_PARENT_PATH_SHALLOW_BUNDLE_NO = /..
               _WRAPPER_RESOURCES_DIR_SHALLOW_BUNDLE_NO = /Resources
               arch = undefined_arch
               variant = normal

           Build settings for action build and target path_provider_foundation-path_provider_foundation_privacy:
               ACTION = build
               AD_HOC_CODE_SIGNING_ALLOWED = YES
               ALLOW_BUILD_REQUEST_OVERRIDES = NO
               ALLOW_TARGET_PLATFORM_SPECIALIZATION = NO
               ALTERNATE_GROUP = staff
               ALTERNATE_MODE = u+w,go-w,a+rX
               ALTERNATE_OWNER = carl.stanley
               ALTERNATIVE_DISTRIBUTION_WEB = NO
               ALWAYS_EMBED_SWIFT_STANDARD_LIBRARIES = NO
               ALWAYS_SEARCH_USER_PATHS = NO
               ALWAYS_USE_SEPARATE_HEADERMAPS = NO
               APPLE_INTERNAL_DEVELOPER_DIR = /AppleInternal/Developer
               APPLE_INTERNAL_DIR = /AppleInternal
               APPLE_INTERNAL_DOCUMENTATION_DIR = /AppleInternal/Documentation
               APPLE_INTERNAL_LIBRARY_DIR = /AppleInternal/Library
               APPLE_INTERNAL_TOOLS = /AppleInternal/Developer/Tools
               APPLICATION_EXTENSION_API_ONLY = NO
               APPLY_RULES_IN_COPY_FILES = NO
               APPLY_RULES_IN_COPY_HEADERS = NO
               APP_SHORTCUTS_ENABLE_FLEXIBLE_MATCHING = YES
               ARCHS = arm64 x86_64
               ARCHS_STANDARD = arm64 x86_64
               ARCHS_STANDARD_32_64_BIT = arm64 i386 x86_64
               ARCHS_STANDARD_32_BIT = i386
               ARCHS_STANDARD_64_BIT = arm64 x86_64
               ARCHS_STANDARD_INCLUDING_64_BIT = arm64 x86_64
               ARCHS_UNIVERSAL_IPHONE_OS = arm64 i386 x86_64
               ASSETCATALOG_COMPILER_GENERATE_ASSET_SYMBOLS = YES
               AUTOMATICALLY_MERGE_DEPENDENCIES = NO
               AVAILABLE_PLATFORMS = appletvos appletvsimulator driverkit iphoneos iphonesimulator macosx watchos watchsimulator xros xrsimulator
               BITCODE_GENERATION_MODE = marker
               BUILD_ACTIVE_RESOURCES_ONLY = NO
               BUILD_COMPONENTS = headers build
               BUILD_DIR = /Users/carl.stanley/sites/UKCPA/ukcpa_flutter/build/ios
               BUILD_LIBRARY_FOR_DISTRIBUTION = NO
               BUILD_ROOT = /Users/carl.stanley/sites/UKCPA/ukcpa_flutter/ios/build
               BUILD_STYLE = 
               BUILD_VARIANTS = normal
               BUILT_PRODUCTS_DIR = /Users/carl.stanley/sites/UKCPA/ukcpa_flutter/build/ios/Release-iphonesimulator/path_provider_foundation
               BUNDLE_CONTENTS_FOLDER_PATH_deep = Contents/
               BUNDLE_EXECUTABLE_FOLDER_NAME_deep = MacOS
               BUNDLE_EXTENSIONS_FOLDER_PATH = Extensions
               BUNDLE_FORMAT = shallow
               BUNDLE_FRAMEWORKS_FOLDER_PATH = Frameworks
               BUNDLE_PLUGINS_FOLDER_PATH = PlugIns
               BUNDLE_PRIVATE_HEADERS_FOLDER_PATH = PrivateHeaders
               BUNDLE_PUBLIC_HEADERS_FOLDER_PATH = Headers
               CACHE_ROOT = /var/folders/20/skb3d8qx2hn9r9z8036y32g40000gp/C/com.apple.DeveloperTools/16.0-16A242d/Xcode
               CCHROOT = /var/folders/20/skb3d8qx2hn9r9z8036y32g40000gp/C/com.apple.DeveloperTools/16.0-16A242d/Xcode
               CHMOD = /bin/chmod
               CHOWN = /usr/sbin/chown
               CLANG_ANALYZER_LOCALIZABILITY_NONLOCALIZED = YES
               CLANG_ANALYZER_NONNULL = YES
               CLANG_ANALYZER_NUMBER_OBJECT_CONVERSION = YES_AGGRESSIVE
               CLANG_CACHE_FINE_GRAINED_OUTPUTS = YES
               CLANG_CXX_LANGUAGE_STANDARD = gnu++14
               CLANG_CXX_LIBRARY = libc++
               CLANG_ENABLE_EXPLICIT_MODULES = YES
               CLANG_ENABLE_MODULES = YES
               CLANG_ENABLE_OBJC_ARC = YES
               CLANG_ENABLE_OBJC_WEAK = YES
               CLANG_MODULES_BUILD_SESSION_FILE = /var/folders/20/skb3d8qx2hn9r9z8036y32g40000gp/C/org.llvm.clang/ModuleCache.noindex/Session.modulevalidation
               CLANG_WARN_BLOCK_CAPTURE_AUTORELEASING = YES
               CLANG_WARN_BOOL_CONVERSION = YES
               CLANG_WARN_COMMA = YES
               CLANG_WARN_CONSTANT_CONVERSION = YES
               CLANG_WARN_DEPRECATED_OBJC_IMPLEMENTATIONS = YES
               CLANG_WARN_DIRECT_OBJC_ISA_USAGE = YES_ERROR
               CLANG_WARN_DOCUMENTATION_COMMENTS = YES
               CLANG_WARN_EMPTY_BODY = YES
               CLANG_WARN_ENUM_CONVERSION = YES
               CLANG_WARN_INFINITE_RECURSION = YES
               CLANG_WARN_INT_CONVERSION = YES
               CLANG_WARN_NON_LITERAL_NULL_CONVERSION = YES
               CLANG_WARN_OBJC_IMPLICIT_RETAIN_SELF = YES
               CLANG_WARN_OBJC_LITERAL_CONVERSION = YES
               CLANG_WARN_OBJC_ROOT_CLASS = YES_ERROR
               CLANG_WARN_QUOTED_INCLUDE_IN_FRAMEWORK_HEADER = NO
               CLANG_WARN_RANGE_LOOP_ANALYSIS = YES
               CLANG_WARN_STRICT_PROTOTYPES = YES
               CLANG_WARN_SUSPICIOUS_MOVE = YES
               CLANG_WARN_UNGUARDED_AVAILABILITY = YES_AGGRESSIVE
               CLANG_WARN_UNREACHABLE_CODE = YES
               CLANG_WARN__DUPLICATE_METHOD_MATCH = YES
               CLASS_FILE_DIR = /Users/carl.stanley/sites/UKCPA/ukcpa_flutter/build/ios/Pods.build/Release-iphonesimulator/path_provider_foundation-path_provider_foundation_privacy.build/JavaClasses
               CLEAN_PRECOMPS = YES
               CLONE_HEADERS = NO
               CODESIGNING_FOLDER_PATH = /Users/carl.stanley/sites/UKCPA/ukcpa_flutter/build/ios/Release-iphonesimulator/path_provider_foundation/path_provider_foundation_privacy.bundle
               CODE_SIGNING_ALLOWED = NO
               CODE_SIGNING_IDENTITY = -
               CODE_SIGNING_REQUIRED = NO
               CODE_SIGN_CONTEXT_CLASS = XCiPhoneSimulatorCodeSignContext
               CODE_SIGN_IDENTITY = -
               CODE_SIGN_INJECT_BASE_ENTITLEMENTS = YES
               COLOR_DIAGNOSTICS = NO
               COMBINE_HIDPI_IMAGES = NO
               COMPILATION_CACHE_CAS_PATH = /var/folders/20/skb3d8qx2hn9r9z8036y32g40000gp/C/com.apple.DeveloperTools/16.0-16A242d/Xcode/CompilationCache.noindex
               COMPILATION_CACHE_KEEP_CAS_DIRECTORY = YES
               COMPILER_INDEX_STORE_ENABLE = Default
               COMPOSITE_SDK_DIRS = /Users/carl.stanley/sites/UKCPA/ukcpa_flutter/build/ios/CompositeSDKs
               COMPRESS_PNG_FILES = YES
               CONFIGURATION = Release
               CONFIGURATION_BUILD_DIR = /Users/carl.stanley/sites/UKCPA/ukcpa_flutter/build/ios/Release-iphonesimulator/path_provider_foundation
               CONFIGURATION_TEMP_DIR = /Users/carl.stanley/sites/UKCPA/ukcpa_flutter/build/ios/Pods.build/Release-iphonesimulator
               CONTENTS_FOLDER_PATH = path_provider_foundation_privacy.bundle
               CONTENTS_FOLDER_PATH_SHALLOW_BUNDLE_NO = path_provider_foundation_privacy.bundle/Contents
               CONTENTS_FOLDER_PATH_SHALLOW_BUNDLE_YES = path_provider_foundation_privacy.bundle
               COPYING_PRESERVES_HFS_DATA = NO
               COPY_HEADERS_RUN_UNIFDEF = NO
               COPY_PHASE_STRIP = NO
               CORRESPONDING_DEVICE_PLATFORM_DIR = /Applications/Xcode.app/Contents/Developer/Platforms/iPhoneOS.platform
               CORRESPONDING_DEVICE_PLATFORM_NAME = iphoneos
               CORRESPONDING_DEVICE_SDK_DIR = /Applications/Xcode.app/Contents/Developer/Platforms/iPhoneOS.platform/Developer/SDKs/iPhoneOS18.0.sdk
               CORRESPONDING_DEVICE_SDK_NAME = iphoneos18.0
               CP = /bin/cp
               CREATE_INFOPLIST_SECTION_IN_BINARY = NO
               CURRENT_ARCH = undefined_arch
               CURRENT_VARIANT = normal
               DEAD_CODE_STRIPPING = YES
               DEBUGGING_SYMBOLS = YES
               DEBUG_INFORMATION_FORMAT = dwarf-with-dsym
               DEBUG_INFORMATION_VERSION = compiler-default
               DEFAULT_COMPILER = com.apple.compilers.llvm.clang.1_0
               DEFAULT_DEXT_INSTALL_PATH = /System/Library/DriverExtensions
               DEFAULT_KEXT_INSTALL_PATH = /System/Library/Extensions
               DEFINES_MODULE = NO
               DEPLOYMENT_LOCATION = NO
               DEPLOYMENT_POSTPROCESSING = NO
               DEPLOYMENT_TARGET_SETTING_NAME = IPHONEOS_DEPLOYMENT_TARGET
               DEPLOYMENT_TARGET_SUGGESTED_VALUES = 12.0 12.1 12.2 12.3 12.4 13.0 13.1 13.2 13.3 13.4 13.5 13.6 14.0 14.1 14.2 14.3 14.4 14.5 14.6 14.7 15.0 15.1 15.2 15.3 15.4 15.5 15.6 16.0 16.1 16.2 16.3 16.4 16.5 16.6 17.0 17.1 17.2 17.3 17.4 17.5 17.6 18.0
               DERIVED_FILES_DIR = /Users/carl.stanley/sites/UKCPA/ukcpa_flutter/build/ios/Pods.build/Release-iphonesimulator/path_provider_foundation-path_provider_foundation_privacy.build/DerivedSources
               DERIVED_FILE_DIR = /Users/carl.stanley/sites/UKCPA/ukcpa_flutter/build/ios/Pods.build/Release-iphonesimulator/path_provider_foundation-path_provider_foundation_privacy.build/DerivedSources
               DERIVED_SOURCES_DIR = /Users/carl.stanley/sites/UKCPA/ukcpa_flutter/build/ios/Pods.build/Release-iphonesimulator/path_provider_foundation-path_provider_foundation_privacy.build/DerivedSources
               DEVELOPER_APPLICATIONS_DIR = /Applications/Xcode.app/Contents/Developer/Applications
               DEVELOPER_BIN_DIR = /Applications/Xcode.app/Contents/Developer/usr/bin
               DEVELOPER_DIR = /Applications/Xcode.app/Contents/Developer
               DEVELOPER_FRAMEWORKS_DIR = /Applications/Xcode.app/Contents/Developer/Library/Frameworks
               DEVELOPER_FRAMEWORKS_DIR_QUOTED = /Applications/Xcode.app/Contents/Developer/Library/Frameworks
               DEVELOPER_LIBRARY_DIR = /Applications/Xcode.app/Contents/Developer/Library
               DEVELOPER_SDK_DIR = /Applications/Xcode.app/Contents/Developer/Platforms/MacOSX.platform/Developer/SDKs
               DEVELOPER_TOOLS_DIR = /Applications/Xcode.app/Contents/Developer/Tools
               DEVELOPER_USR_DIR = /Applications/Xcode.app/Contents/Developer/usr
               DEVELOPMENT_LANGUAGE = en
               DIFF = /usr/bin/diff
               DOCUMENTATION_FOLDER_PATH = path_provider_foundation_privacy.bundle/en.lproj/Documentation
               DONT_GENERATE_INFOPLIST_FILE = NO
               DSTROOT = /tmp/Pods.dst
               DT_TOOLCHAIN_DIR = /Applications/Xcode.app/Contents/Developer/Toolchains/XcodeDefault.xctoolchain
               DWARF_DSYM_FILE_NAME = path_provider_foundation_privacy.bundle.dSYM
               DWARF_DSYM_FILE_SHOULD_ACCOMPANY_PRODUCT = NO
               DWARF_DSYM_FOLDER_PATH = /Users/carl.stanley/sites/UKCPA/ukcpa_flutter/build/ios/Release-iphonesimulator/path_provider_foundation
               DYNAMIC_LIBRARY_EXTENSION = dylib
               EAGER_COMPILATION_ALLOW_SCRIPTS = NO
               EAGER_LINKING = NO
               EFFECTIVE_PLATFORM_NAME = -iphonesimulator
               EMBEDDED_CONTENT_CONTAINS_SWIFT = NO
               EMBED_ASSET_PACKS_IN_PRODUCT_BUNDLE = NO
               ENABLE_APP_SANDBOX = NO
               ENABLE_BITCODE = NO
               ENABLE_CODE_COVERAGE = YES
               ENABLE_DEFAULT_HEADER_SEARCH_PATHS = YES
               ENABLE_DEFAULT_SEARCH_PATHS = YES
               ENABLE_HARDENED_RUNTIME = NO
               ENABLE_HEADER_DEPENDENCIES = YES
               ENABLE_NS_ASSERTIONS = NO
               ENABLE_ON_DEMAND_RESOURCES = NO
               ENABLE_STRICT_OBJC_MSGSEND = YES
               ENABLE_TESTABILITY = NO
               ENABLE_TESTING_SEARCH_PATHS = NO
               ENABLE_USER_SCRIPT_SANDBOXING = NO
               ENTITLEMENTS_DESTINATION = __entitlements
               ENTITLEMENTS_REQUIRED = NO
               EXCLUDED_INSTALLSRC_SUBDIRECTORY_PATTERNS = .DS_Store .svn .git .hg CVS
               EXCLUDED_RECURSIVE_SEARCH_PATH_SUBDIRECTORIES = *.nib *.lproj *.framework *.gch *.xcode* *.xcassets (*) .DS_Store CVS .svn .git .hg *.pbproj *.pbxproj
               EXECUTABLES_FOLDER_PATH = path_provider_foundation_privacy.bundle/Executables
               EXECUTABLE_FOLDER_PATH = path_provider_foundation_privacy.bundle
               EXECUTABLE_FOLDER_PATH_SHALLOW_BUNDLE_NO = path_provider_foundation_privacy.bundle/MacOS
               EXECUTABLE_FOLDER_PATH_SHALLOW_BUNDLE_YES = path_provider_foundation_privacy.bundle
               EXECUTABLE_NAME = path_provider_foundation_privacy
               EXECUTABLE_PATH = path_provider_foundation_privacy.bundle/path_provider_foundation_privacy
               EXPANDED_CODE_SIGN_IDENTITY = -
               EXTENSIONS_FOLDER_PATH = path_provider_foundation_privacy.bundle/Extensions
               FILE_LIST = /Users/carl.stanley/sites/UKCPA/ukcpa_flutter/build/ios/Pods.build/Release-iphonesimulator/path_provider_foundation-path_provider_foundation_privacy.build/Objects/LinkFileList
               FIXED_FILES_DIR = /Users/carl.stanley/sites/UKCPA/ukcpa_flutter/build/ios/Pods.build/Release-iphonesimulator/path_provider_foundation-path_provider_foundation_privacy.build/FixedFiles
               FRAMEWORKS_FOLDER_PATH = path_provider_foundation_privacy.bundle/Frameworks
               FRAMEWORK_FLAG_PREFIX = -framework
               FRAMEWORK_SEARCH_PATHS = /Users/carl.stanley/sites/UKCPA/ukcpa_flutter/build/ios/Release-iphonesimulator/path_provider_foundation 
               FRAMEWORK_VERSION = A
               FULL_PRODUCT_NAME = path_provider_foundation_privacy.bundle
               FUSE_BUILD_PHASES = YES
               FUSE_BUILD_SCRIPT_PHASES = NO
               GCC3_VERSION = 3.3
               GCC_C_LANGUAGE_STANDARD = gnu11
               GCC_INLINES_ARE_PRIVATE_EXTERN = YES
               GCC_NO_COMMON_BLOCKS = YES
               GCC_OBJC_LEGACY_DISPATCH = YES
               GCC_PFE_FILE_C_DIALECTS = c objective-c c++ objective-c++
               GCC_PREPROCESSOR_DEFINITIONS = POD_CONFIGURATION_RELEASE=1  COCOAPODS=1
               GCC_TREAT_WARNINGS_AS_ERRORS = NO
               GCC_VERSION = com.apple.compilers.llvm.clang.1_0
               GCC_VERSION_IDENTIFIER = com_apple_compilers_llvm_clang_1_0
               GCC_WARN_64_TO_32_BIT_CONVERSION = YES
               GCC_WARN_ABOUT_RETURN_TYPE = YES_ERROR
               GCC_WARN_UNDECLARED_SELECTOR = YES
               GCC_WARN_UNINITIALIZED_AUTOS = YES_AGGRESSIVE
               GCC_WARN_UNUSED_FUNCTION = YES
               GCC_WARN_UNUSED_VARIABLE = YES
               GENERATED_MODULEMAP_DIR = /Users/carl.stanley/sites/UKCPA/ukcpa_flutter/build/ios/GeneratedModuleMaps-iphonesimulator
               GENERATE_INFOPLIST_FILE = NO
               GENERATE_INTERMEDIATE_TEXT_BASED_STUBS = YES
               GENERATE_MASTER_OBJECT_FILE = NO
               GENERATE_PKGINFO_FILE = NO
               GENERATE_PROFILING_CODE = NO
               GENERATE_TEXT_BASED_STUBS = NO
               GID = 20
               GROUP = staff
               HEADERMAP_INCLUDES_FLAT_ENTRIES_FOR_TARGET_BEING_BUILT = YES
               HEADERMAP_INCLUDES_FRAMEWORK_ENTRIES_FOR_ALL_PRODUCT_TYPES = YES
               HEADERMAP_INCLUDES_FRAMEWORK_ENTRIES_FOR_TARGETS_NOT_BEING_BUILT = YES
               HEADERMAP_INCLUDES_NONPUBLIC_NONPRIVATE_HEADERS = YES
               HEADERMAP_INCLUDES_PROJECT_HEADERS = YES
               HEADERMAP_USES_FRAMEWORK_PREFIX_ENTRIES = YES
               HEADERMAP_USES_VFS = NO
               HEADER_SEARCH_PATHS = /Users/carl.stanley/sites/UKCPA/ukcpa_flutter/build/ios/Release-iphonesimulator/path_provider_foundation/include 
               HIDE_BITCODE_SYMBOLS = YES
               HOME = /Users/carl.stanley
               HOST_ARCH = arm64
               HOST_PLATFORM = macosx
               IBSC_MODULE = path_provider_foundation
               ICONV = /usr/bin/iconv
               IMPLICIT_DEPENDENCY_DOMAIN = default
               INFOPLIST_ENABLE_CFBUNDLEICONS_MERGE = YES
               INFOPLIST_EXPAND_BUILD_SETTINGS = YES
               INFOPLIST_FILE = Target Support Files/path_provider_foundation/ResourceBundle-path_provider_foundation_privacy-path_provider_foundation-Info.plist
               INFOPLIST_OUTPUT_FORMAT = binary
               INFOPLIST_PATH = path_provider_foundation_privacy.bundle/Info.plist
               INFOPLIST_PREPROCESS = NO
               INFOSTRINGS_PATH = path_provider_foundation_privacy.bundle/en.lproj/InfoPlist.strings
               INLINE_PRIVATE_FRAMEWORKS = NO
               INSTALLHDRS_COPY_PHASE = NO
               INSTALLHDRS_SCRIPT_PHASE = NO
               INSTALL_DIR = /tmp/Pods.dst
               INSTALL_GROUP = staff
               INSTALL_MODE_FLAG = u+w,go-w,a+rX
               INSTALL_OWNER = carl.stanley
               INSTALL_ROOT = /tmp/Pods.dst
               IPHONEOS_DEPLOYMENT_TARGET = 13.0
               IS_UNOPTIMIZED_BUILD = NO
               JAVAC_DEFAULT_FLAGS = -J-Xms64m -J-XX:NewSize=4M -J-Dfile.encoding=UTF8
               JAVA_APP_STUB = /System/Library/Frameworks/JavaVM.framework/Resources/MacOS/JavaApplicationStub
               JAVA_ARCHIVE_CLASSES = YES
               JAVA_ARCHIVE_TYPE = JAR
               JAVA_COMPILER = /usr/bin/javac
               JAVA_FOLDER_PATH = path_provider_foundation_privacy.bundle/Java
               JAVA_FRAMEWORK_RESOURCES_DIRS = Resources
               JAVA_JAR_FLAGS = cv
               JAVA_SOURCE_SUBDIR = .
               JAVA_USE_DEPENDENCIES = YES
               JAVA_ZIP_FLAGS = -urg
               JIKES_DEFAULT_FLAGS = +E +OLDCSO
               KEEP_PRIVATE_EXTERNS = NO
               LD_DEPENDENCY_INFO_FILE = /Users/carl.stanley/sites/UKCPA/ukcpa_flutter/build/ios/Pods.build/Release-iphonesimulator/path_provider_foundation-path_provider_foundation_privacy.build/Objects-normal/undefined_arch/path_provider_foundation_privacy_dependency_info.dat
               LD_EXPORT_SYMBOLS = YES
               LD_GENERATE_MAP_FILE = NO
               LD_MAP_FILE_PATH = /Users/carl.stanley/sites/UKCPA/ukcpa_flutter/build/ios/Pods.build/Release-iphonesimulator/path_provider_foundation-path_provider_foundation_privacy.build/path_provider_foundation_privacy-LinkMap-normal-undefined_arch.txt
               LD_NO_PIE = NO
               LD_QUOTE_LINKER_ARGUMENTS_FOR_COMPILER_DRIVER = YES
               LD_RUNPATH_SEARCH_PATHS =  /usr/lib/swift
               LD_SHARED_CACHE_ELIGIBLE = Automatic
               LD_WARN_DUPLICATE_LIBRARIES = NO
               LD_WARN_UNUSED_DYLIBS = NO
               LEGACY_DEVELOPER_DIR = /Applications/Xcode.app/Contents/PlugIns/Xcode3Core.ideplugin/Contents/SharedSupport/Developer
               LEX = lex
               LIBRARY_DEXT_INSTALL_PATH = /Library/DriverExtensions
               LIBRARY_FLAG_NOSPACE = YES
               LIBRARY_FLAG_PREFIX = -l
               LIBRARY_KEXT_INSTALL_PATH = /Library/Extensions
               LIBRARY_SEARCH_PATHS = /Users/carl.stanley/sites/UKCPA/ukcpa_flutter/build/ios/Release-iphonesimulator/path_provider_foundation /Applications/Xcode.app/Contents/Developer/Toolchains/XcodeDefault.xctoolchain/usr/lib/swift/iphonesimulator /Applications/Xcode.app/Contents/Developer/Platforms/iPhoneSimulator.platform/Developer/SDKs/iPhoneSimulator18.0.sdk/usr/lib/swift /Applications/Xcode.app/Contents/Developer/Toolchains/XcodeDefault.xctoolchain/usr/lib/swift/iphonesimulator/ /Applications/Xcode.app/Contents/Developer/Platforms/iPhoneSimulator.platform/Developer/SDKs/iPhoneSimulator18.0.sdk/usr/lib/swift
               LINKER_DISPLAYS_MANGLED_NAMES = NO
               LINK_FILE_LIST_normal_arm64 = /Users/carl.stanley/sites/UKCPA/ukcpa_flutter/build/ios/Pods.build/Release-iphonesimulator/path_provider_foundation-path_provider_foundation_privacy.build/Objects-normal/arm64/path_provider_foundation_privacy.LinkFileList
               LINK_FILE_LIST_normal_x86_64 = /Users/carl.stanley/sites/UKCPA/ukcpa_flutter/build/ios/Pods.build/Release-iphonesimulator/path_provider_foundation-path_provider_foundation_privacy.build/Objects-normal/x86_64/path_provider_foundation_privacy.LinkFileList
               LINK_OBJC_RUNTIME = YES
               LINK_WITH_STANDARD_LIBRARIES = YES
               LLVM_TARGET_TRIPLE_OS_VERSION = ios13.0
               LLVM_TARGET_TRIPLE_SUFFIX = -simulator
               LLVM_TARGET_TRIPLE_VENDOR = apple
               LM_AUX_CONST_METADATA_LIST_PATH_normal_arm64 = /Users/carl.stanley/sites/UKCPA/ukcpa_flutter/build/ios/Pods.build/Release-iphonesimulator/path_provider_foundation-path_provider_foundation_privacy.build/Objects-normal/arm64/path_provider_foundation_privacy.SwiftConstValuesFileList
               LM_AUX_CONST_METADATA_LIST_PATH_normal_x86_64 = /Users/carl.stanley/sites/UKCPA/ukcpa_flutter/build/ios/Pods.build/Release-iphonesimulator/path_provider_foundation-path_provider_foundation_privacy.build/Objects-normal/x86_64/path_provider_foundation_privacy.SwiftConstValuesFileList
               LOCALIZATION_EXPORT_SUPPORTED = YES
               LOCALIZATION_PREFERS_STRING_CATALOGS = NO
               LOCALIZED_RESOURCES_FOLDER_PATH = path_provider_foundation_privacy.bundle/en.lproj
               LOCALIZED_STRING_MACRO_NAMES = NSLocalizedString CFCopyLocalizedString
               LOCALIZED_STRING_SWIFTUI_SUPPORT = YES
               LOCAL_ADMIN_APPS_DIR = /Applications/Utilities
               LOCAL_APPS_DIR = /Applications
               LOCAL_DEVELOPER_DIR = /Library/Developer
               LOCAL_LIBRARY_DIR = /Library
               LOCROOT = /Users/carl.stanley/sites/UKCPA/ukcpa_flutter/ios/Pods
               LOCSYMROOT = /Users/carl.stanley/sites/UKCPA/ukcpa_flutter/ios/Pods
               MACH_O_TYPE = mh_bundle
               MAC_OS_X_PRODUCT_BUILD_VERSION = 24G84
               MAC_OS_X_VERSION_ACTUAL = 150600
               MAC_OS_X_VERSION_MAJOR = 150000
               MAC_OS_X_VERSION_MINOR = 150600
               MAKE_MERGEABLE = NO
               MERGEABLE_LIBRARY = NO
               MERGED_BINARY_TYPE = none
               MERGE_LINKED_LIBRARIES = NO
               METAL_LIBRARY_FILE_BASE = default
               METAL_LIBRARY_OUTPUT_DIR = /Users/carl.stanley/sites/UKCPA/ukcpa_flutter/build/ios/Release-iphonesimulator/path_provider_foundation/path_provider_foundation_privacy.bundle
               MODULES_FOLDER_PATH = path_provider_foundation_privacy.bundle/Modules
               MTL_ENABLE_DEBUG_INFO = NO
               MTL_FAST_MATH = YES
               NATIVE_ARCH = arm64
               NATIVE_ARCH_32_BIT = arm
               NATIVE_ARCH_64_BIT = arm64
               NATIVE_ARCH_ACTUAL = arm64
               NO_COMMON = YES
               OBJC_ABI_VERSION = 2
               OBJECT_FILE_DIR = /Users/carl.stanley/sites/UKCPA/ukcpa_flutter/build/ios/Pods.build/Release-iphonesimulator/path_provider_foundation-path_provider_foundation_privacy.build/Objects
               OBJECT_FILE_DIR_normal = /Users/carl.stanley/sites/UKCPA/ukcpa_flutter/build/ios/Pods.build/Release-iphonesimulator/path_provider_foundation-path_provider_foundation_privacy.build/Objects-normal
               OBJROOT = /Users/carl.stanley/sites/UKCPA/ukcpa_flutter/build/ios
               ONLY_ACTIVE_ARCH = NO
               OS = MACOS
               OSAC = /usr/bin/osacompile
               OTHER_SWIFT_FLAGS =  -D COCOAPODS
               PACKAGE_TYPE = com.apple.package-type.wrapper
               PASCAL_STRINGS = YES
               PATH = /Applications/Xcode.app/Contents/SharedFrameworks/XCBuild.framework/Versions/A/PlugIns/XCBBuildService.bundle/Contents/PlugIns/XCBSpecifications.ideplugin/Contents/Resources:/Applications/Xcode.app/Contents/SharedFrameworks/XCBuild.framework/Versions/A/PlugIns/XCBBuildService.bundle/Contents/PlugIns/XCBSpecifications.ideplugin:/Applications/Xcode.app/Contents/Developer/Toolchains/XcodeDefault.xctoolchain/usr/bin:/Applications/Xcode.app/Contents/Developer/Toolchains/XcodeDefault.xctoolchain/usr/appleinternal/bin:/Applications/Xcode.app/Contents/Developer/Toolchains/XcodeDefault.xctoolchain/usr/local/bin:/Applications/Xcode.app/Contents/Developer/Toolchains/XcodeDefault.xctoolchain/usr/libexec:/Applications/Xcode.app/Contents/Developer/Platforms/iPhoneSimulator.platform/usr/bin:/Applications/Xcode.app/Contents/Developer/Platforms/iPhoneSimulator.platform/usr/appleinternal/bin:/Applications/Xcode.app/Contents/Developer/Platforms/iPhoneSimulator.platform/usr/local/bin:/Applications/Xcode.app/Contents/Developer/Platforms/iPhoneSimulator.platform/Developer/usr/bin:/Applications/Xcode.app/Contents/Developer/Platforms/iPhoneSimulator.platform/Developer/usr/local/bin:/Applications/Xcode.app/Contents/Developer/usr/bin:/Applications/Xcode.app/Contents/Developer/usr/local/bin:/opt/homebrew/Cellar/pyenv-virtualenv/1.2.4/shims:/Users/carl.stanley/.pyenv/shims:/Users/carl.stanley/.pyenv/bin:/Users/carl.stanley/.nvm/versions/node/v18.17.0/bin:/Users/carl.stanley/development/flutter/bin:/opt/homebrew/bin:/opt/homebrew/sbin:/Users/carl.stanley/.local/bin:/usr/local/bin:/System/Cryptexes/App/usr/bin:/usr/bin:/bin:/usr/sbin:/sbin:/var/run/com.apple.security.cryptexd/codex.system/bootstrap/usr/local/bin:/var/run/com.apple.security.cryptexd/codex.system/bootstrap/usr/bin:/var/run/com.apple.security.cryptexd/codex.system/bootstrap/usr/appleinternal/bin:/Library/Apple/usr/bin:/usr/local/sbin:/usr/local/go/bin:/Users/carl.stanley/.pub-cache/bin
               PATH_PREFIXES_EXCLUDED_FROM_HEADER_DEPENDENCIES = /usr/include /usr/local/include /System/Library/Frameworks /System/Library/PrivateFrameworks /Applications/Xcode.app/Contents/Developer/Headers /Applications/Xcode.app/Contents/Developer/SDKs /Applications/Xcode.app/Contents/Developer/Platforms
               PBDEVELOPMENTPLIST_PATH = path_provider_foundation_privacy.bundle/pbdevelopment.plist
               PER_ARCH_OBJECT_FILE_DIR = /Users/carl.stanley/sites/UKCPA/ukcpa_flutter/build/ios/Pods.build/Release-iphonesimulator/path_provider_foundation-path_provider_foundation_privacy.build/Objects-normal/undefined_arch
               PER_VARIANT_OBJECT_FILE_DIR = /Users/carl.stanley/sites/UKCPA/ukcpa_flutter/build/ios/Pods.build/Release-iphonesimulator/path_provider_foundation-path_provider_foundation_privacy.build/Objects-normal
               PKGINFO_FILE_PATH = /Users/carl.stanley/sites/UKCPA/ukcpa_flutter/build/ios/Pods.build/Release-iphonesimulator/path_provider_foundation-path_provider_foundation_privacy.build/PkgInfo
               PKGINFO_PATH = path_provider_foundation_privacy.bundle/PkgInfo
               PLATFORM_DEVELOPER_APPLICATIONS_DIR = /Applications/Xcode.app/Contents/Developer/Platforms/iPhoneSimulator.platform/Developer/Applications
               PLATFORM_DEVELOPER_BIN_DIR = /Applications/Xcode.app/Contents/Developer/Platforms/iPhoneSimulator.platform/Developer/usr/bin
               PLATFORM_DEVELOPER_LIBRARY_DIR = /Applications/Xcode.app/Contents/Developer/Platforms/iPhoneSimulator.platform/Developer/Library
               PLATFORM_DEVELOPER_SDK_DIR = /Applications/Xcode.app/Contents/Developer/Platforms/iPhoneSimulator.platform/Developer/SDKs
               PLATFORM_DEVELOPER_TOOLS_DIR = /Applications/Xcode.app/Contents/Developer/Platforms/iPhoneSimulator.platform/Developer/Tools
               PLATFORM_DEVELOPER_USR_DIR = /Applications/Xcode.app/Contents/Developer/Platforms/iPhoneSimulator.platform/Developer/usr
               PLATFORM_DIR = /Applications/Xcode.app/Contents/Developer/Platforms/iPhoneSimulator.platform
               PLATFORM_DISPLAY_NAME = iOS Simulator
               PLATFORM_FAMILY_NAME = iOS
               PLATFORM_NAME = iphonesimulator
               PLATFORM_PREFERRED_ARCH = x86_64
               PLATFORM_PRODUCT_BUILD_VERSION = 22A3362
               PLIST_FILE_OUTPUT_FORMAT = binary
               PLUGINS_FOLDER_PATH = path_provider_foundation_privacy.bundle/PlugIns
               PODS_BUILD_DIR = /Users/carl.stanley/sites/UKCPA/ukcpa_flutter/build/ios
               PODS_CONFIGURATION_BUILD_DIR = /Users/carl.stanley/sites/UKCPA/ukcpa_flutter/build/ios/Release-iphonesimulator
               PODS_DEVELOPMENT_LANGUAGE = en
               PODS_ROOT = /Users/carl.stanley/sites/UKCPA/ukcpa_flutter/ios/Pods
               PODS_TARGET_SRCROOT = /Users/carl.stanley/sites/UKCPA/ukcpa_flutter/ios/Pods/../.symlinks/plugins/path_provider_foundation/darwin
               PODS_XCFRAMEWORKS_BUILD_DIR = /Users/carl.stanley/sites/UKCPA/ukcpa_flutter/build/ios/Release-iphonesimulator/XCFrameworkIntermediates
               PRECOMPS_INCLUDE_HEADERS_FROM_BUILT_PRODUCTS_DIR = YES
               PRECOMP_DESTINATION_DIR = /Users/carl.stanley/sites/UKCPA/ukcpa_flutter/build/ios/Pods.build/Release-iphonesimulator/path_provider_foundation-path_provider_foundation_privacy.build/PrefixHeaders
               PRIVATE_HEADERS_FOLDER_PATH = path_provider_foundation_privacy.bundle/PrivateHeaders
               PROCESSED_INFOPLIST_PATH = /Users/carl.stanley/sites/UKCPA/ukcpa_flutter/build/ios/Pods.build/Release-iphonesimulator/path_provider_foundation-path_provider_foundation_privacy.build/Objects-normal/undefined_arch/Processed-Info.plist
               PRODUCT_BUNDLE_IDENTIFIER = org.cocoapods.path-provider-foundation-privacy
               PRODUCT_BUNDLE_PACKAGE_TYPE = BNDL
               PRODUCT_MODULE_NAME = path_provider_foundation_privacy
               PRODUCT_NAME = path_provider_foundation_privacy
               PRODUCT_SETTINGS_PATH = /Users/carl.stanley/sites/UKCPA/ukcpa_flutter/ios/Pods/Target Support Files/path_provider_foundation/ResourceBundle-path_provider_foundation_privacy-path_provider_foundation-Info.plist
               PRODUCT_TYPE = com.apple.product-type.bundle
               PROFILING_CODE = NO
               PROJECT = Pods
               PROJECT_DERIVED_FILE_DIR = /Users/carl.stanley/sites/UKCPA/ukcpa_flutter/build/ios/Pods.build/DerivedSources
               PROJECT_DIR = /Users/carl.stanley/sites/UKCPA/ukcpa_flutter/ios/Pods
               PROJECT_FILE_PATH = /Users/carl.stanley/sites/UKCPA/ukcpa_flutter/ios/Pods/Pods.xcodeproj
               PROJECT_GUID = bfdfe7dc352907fc980b868725387e98
               PROJECT_NAME = Pods
               PROJECT_TEMP_DIR = /Users/carl.stanley/sites/UKCPA/ukcpa_flutter/build/ios/Pods.build
               PROJECT_TEMP_ROOT = /Users/carl.stanley/sites/UKCPA/ukcpa_flutter/build/ios
               PUBLIC_HEADERS_FOLDER_PATH = path_provider_foundation_privacy.bundle/Headers
               RECOMMENDED_IPHONEOS_DEPLOYMENT_TARGET = 15.0
               RECURSIVE_SEARCH_PATHS_FOLLOW_SYMLINKS = YES
               REMOVE_CVS_FROM_RESOURCES = YES
               REMOVE_GIT_FROM_RESOURCES = YES
               REMOVE_HEADERS_FROM_EMBEDDED_BUNDLES = YES
               REMOVE_HG_FROM_RESOURCES = YES
               REMOVE_STATIC_EXECUTABLES_FROM_EMBEDDED_BUNDLES = YES
               REMOVE_SVN_FROM_RESOURCES = YES
               RESCHEDULE_INDEPENDENT_HEADERS_PHASES = YES
               REZ_COLLECTOR_DIR = /Users/carl.stanley/sites/UKCPA/ukcpa_flutter/build/ios/Pods.build/Release-iphonesimulator/path_provider_foundation-path_provider_foundation_privacy.build/ResourceManagerResources
               REZ_OBJECTS_DIR = /Users/carl.stanley/sites/UKCPA/ukcpa_flutter/build/ios/Pods.build/Release-iphonesimulator/path_provider_foundation-path_provider_foundation_privacy.build/ResourceManagerResources/Objects
               REZ_SEARCH_PATHS = /Users/carl.stanley/sites/UKCPA/ukcpa_flutter/build/ios/Release-iphonesimulator/path_provider_foundation 
               SCAN_ALL_SOURCE_FILES_FOR_INCLUDES = NO
               SCRIPTS_FOLDER_PATH = path_provider_foundation_privacy.bundle/Scripts
               SDKROOT = /Applications/Xcode.app/Contents/Developer/Platforms/iPhoneSimulator.platform/Developer/SDKs/iPhoneSimulator18.0.sdk
               SDK_DIR = /Applications/Xcode.app/Contents/Developer/Platforms/iPhoneSimulator.platform/Developer/SDKs/iPhoneSimulator18.0.sdk
               SDK_DIR_iphonesimulator = /Applications/Xcode.app/Contents/Developer/Platforms/iPhoneSimulator.platform/Developer/SDKs/iPhoneSimulator18.0.sdk
               SDK_DIR_iphonesimulator18_0 = /Applications/Xcode.app/Contents/Developer/Platforms/iPhoneSimulator.platform/Developer/SDKs/iPhoneSimulator18.0.sdk
               SDK_NAME = iphonesimulator18.0
               SDK_NAMES = iphonesimulator18.0
               SDK_PRODUCT_BUILD_VERSION = 22A3362
               SDK_STAT_CACHE_DIR = /var/folders/20/skb3d8qx2hn9r9z8036y32g40000gp/C/com.apple.DeveloperTools/16.0-16A242d/Xcode
               SDK_STAT_CACHE_ENABLE = YES
               SDK_STAT_CACHE_PATH = /var/folders/20/skb3d8qx2hn9r9z8036y32g40000gp/C/com.apple.DeveloperTools/16.0-16A242d/Xcode/SDKStatCaches.noindex/iphonesimulator18.0-22A3362-db63dc9361471f152f572502bdbfe70a.sdkstatcache
               SDK_VERSION = 18.0
               SDK_VERSION_ACTUAL = 180000
               SDK_VERSION_MAJOR = 180000
               SDK_VERSION_MINOR = 180000
               SED = /usr/bin/sed
               SEPARATE_STRIP = NO
               SEPARATE_SYMBOL_EDIT = NO
               SET_DIR_MODE_OWNER_GROUP = YES
               SET_FILE_MODE_OWNER_GROUP = NO
               SHALLOW_BUNDLE = YES
               SHALLOW_BUNDLE_TRIPLE = ios-simulator
               SHALLOW_BUNDLE_ios_macabi = NO
               SHALLOW_BUNDLE_macos = NO
               SHARED_DERIVED_FILE_DIR = /Users/carl.stanley/sites/UKCPA/ukcpa_flutter/build/ios/Release-iphonesimulator/path_provider_foundation/DerivedSources
               SHARED_FRAMEWORKS_FOLDER_PATH = path_provider_foundation_privacy.bundle/SharedFrameworks
               SHARED_PRECOMPS_DIR = /Users/carl.stanley/sites/UKCPA/ukcpa_flutter/build/ios/SharedPrecompiledHeaders
               SHARED_SUPPORT_FOLDER_PATH = path_provider_foundation_privacy.bundle/SharedSupport
               SKIP_INSTALL = YES
               SOURCE_ROOT = /Users/carl.stanley/sites/UKCPA/ukcpa_flutter/ios/Pods
               SRCROOT = /Users/carl.stanley/sites/UKCPA/ukcpa_flutter/ios/Pods
               STRINGSDATA_DIR = /Users/carl.stanley/sites/UKCPA/ukcpa_flutter/build/ios/Pods.build/Release-iphonesimulator/path_provider_foundation-path_provider_foundation_privacy.build/Objects-normal/undefined_arch
               STRINGSDATA_ROOT = /Users/carl.stanley/sites/UKCPA/ukcpa_flutter/build/ios/Pods.build/Release-iphonesimulator/path_provider_foundation-path_provider_foundation_privacy.build
               STRINGS_FILE_INFOPLIST_RENAME = YES
               STRINGS_FILE_OUTPUT_ENCODING = binary
               STRIP_BITCODE_FROM_COPIED_FILES = NO
               STRIP_INSTALLED_PRODUCT = NO
               STRIP_STYLE = non-global
               STRIP_SWIFT_SYMBOLS = YES
               SUPPORTED_DEVICE_FAMILIES = 1,2
               SUPPORTED_PLATFORMS = iphoneos iphonesimulator
               SUPPORTS_TEXT_BASED_API = NO
               SUPPRESS_WARNINGS = NO
               SWIFT_COMPILATION_MODE = wholemodule
               SWIFT_EMIT_LOC_STRINGS = NO
               SWIFT_OPTIMIZATION_LEVEL = -O
               SWIFT_PLATFORM_TARGET_PREFIX = ios
               SWIFT_RESPONSE_FILE_PATH_normal_arm64 = /Users/carl.stanley/sites/UKCPA/ukcpa_flutter/build/ios/Pods.build/Release-iphonesimulator/path_provider_foundation-path_provider_foundation_privacy.build/Objects-normal/arm64/path_provider_foundation_privacy.SwiftFileList
               SWIFT_RESPONSE_FILE_PATH_normal_x86_64 = /Users/carl.stanley/sites/UKCPA/ukcpa_flutter/build/ios/Pods.build/Release-iphonesimulator/path_provider_foundation-path_provider_foundation_privacy.build/Objects-normal/x86_64/path_provider_foundation_privacy.SwiftFileList
               SWIFT_VERSION = 5.0
               SYMROOT = /Users/carl.stanley/sites/UKCPA/ukcpa_flutter/ios/build
               SYSTEM_ADMIN_APPS_DIR = /Applications/Utilities
               SYSTEM_APPS_DIR = /Applications
               SYSTEM_CORE_SERVICES_DIR = /System/Library/CoreServices
               SYSTEM_DEMOS_DIR = /Applications/Extras
               SYSTEM_DEVELOPER_APPS_DIR = /Applications/Xcode.app/Contents/Developer/Applications
               SYSTEM_DEVELOPER_BIN_DIR = /Applications/Xcode.app/Contents/Developer/usr/bin
               SYSTEM_DEVELOPER_DEMOS_DIR = /Applications/Xcode.app/Contents/Developer/Applications/Utilities/Built Examples
               SYSTEM_DEVELOPER_DIR = /Applications/Xcode.app/Contents/Developer
               SYSTEM_DEVELOPER_DOC_DIR = /Applications/Xcode.app/Contents/Developer/ADC Reference Library
               SYSTEM_DEVELOPER_GRAPHICS_TOOLS_DIR = /Applications/Xcode.app/Contents/Developer/Applications/Graphics Tools
               SYSTEM_DEVELOPER_JAVA_TOOLS_DIR = /Applications/Xcode.app/Contents/Developer/Applications/Java Tools
               SYSTEM_DEVELOPER_PERFORMANCE_TOOLS_DIR = /Applications/Xcode.app/Contents/Developer/Applications/Performance Tools
               SYSTEM_DEVELOPER_RELEASENOTES_DIR = /Applications/Xcode.app/Contents/Developer/ADC Reference Library/releasenotes
               SYSTEM_DEVELOPER_TOOLS = /Applications/Xcode.app/Contents/Developer/Tools
               SYSTEM_DEVELOPER_TOOLS_DOC_DIR = /Applications/Xcode.app/Contents/Developer/ADC Reference Library/documentation/DeveloperTools
               SYSTEM_DEVELOPER_TOOLS_RELEASENOTES_DIR = /Applications/Xcode.app/Contents/Developer/ADC Reference Library/releasenotes/DeveloperTools
               SYSTEM_DEVELOPER_USR_DIR = /Applications/Xcode.app/Contents/Developer/usr
               SYSTEM_DEVELOPER_UTILITIES_DIR = /Applications/Xcode.app/Contents/Developer/Applications/Utilities
               SYSTEM_DEXT_INSTALL_PATH = /System/Library/DriverExtensions
               SYSTEM_DOCUMENTATION_DIR = /Library/Documentation
               SYSTEM_EXTENSIONS_FOLDER_PATH = path_provider_foundation_privacy.bundle/SystemExtensions
               SYSTEM_EXTENSIONS_FOLDER_PATH_SHALLOW_BUNDLE_NO = path_provider_foundation_privacy.bundle/Library/SystemExtensions
               SYSTEM_EXTENSIONS_FOLDER_PATH_SHALLOW_BUNDLE_YES = path_provider_foundation_privacy.bundle/SystemExtensions
               SYSTEM_KEXT_INSTALL_PATH = /System/Library/Extensions
               SYSTEM_LIBRARY_DIR = /System/Library
               TAPI_DEMANGLE = YES
               TAPI_ENABLE_PROJECT_HEADERS = NO
               TAPI_LANGUAGE = objective-c
               TAPI_LANGUAGE_STANDARD = compiler-default
               TAPI_USE_SRCROOT = YES
               TAPI_VERIFY_MODE = Pedantic
               TARGETED_DEVICE_FAMILY = 1,2
               TARGETNAME = path_provider_foundation-path_provider_foundation_privacy
               TARGET_BUILD_DIR = /Users/carl.stanley/sites/UKCPA/ukcpa_flutter/build/ios/Release-iphonesimulator/path_provider_foundation
               TARGET_NAME = path_provider_foundation-path_provider_foundation_privacy
               TARGET_TEMP_DIR = /Users/carl.stanley/sites/UKCPA/ukcpa_flutter/build/ios/Pods.build/Release-iphonesimulator/path_provider_foundation-path_provider_foundation_privacy.build
               TEMP_DIR = /Users/carl.stanley/sites/UKCPA/ukcpa_flutter/build/ios/Pods.build/Release-iphonesimulator/path_provider_foundation-path_provider_foundation_privacy.build
               TEMP_FILES_DIR = /Users/carl.stanley/sites/UKCPA/ukcpa_flutter/build/ios/Pods.build/Release-iphonesimulator/path_provider_foundation-path_provider_foundation_privacy.build
               TEMP_FILE_DIR = /Users/carl.stanley/sites/UKCPA/ukcpa_flutter/build/ios/Pods.build/Release-iphonesimulator/path_provider_foundation-path_provider_foundation_privacy.build
               TEMP_ROOT = /Users/carl.stanley/sites/UKCPA/ukcpa_flutter/build/ios
               TEST_FRAMEWORK_SEARCH_PATHS =  /Applications/Xcode.app/Contents/Developer/Platforms/iPhoneSimulator.platform/Developer/Library/Frameworks /Applications/Xcode.app/Contents/Developer/Platforms/iPhoneSimulator.platform/Developer/SDKs/iPhoneSimulator18.0.sdk/Developer/Library/Frameworks
               TEST_LIBRARY_SEARCH_PATHS =  /Applications/Xcode.app/Contents/Developer/Platforms/iPhoneSimulator.platform/Developer/usr/lib
               TOOLCHAINS = com.apple.dt.toolchain.XcodeDefault
               TOOLCHAIN_DIR = /Applications/Xcode.app/Contents/Developer/Toolchains/XcodeDefault.xctoolchain
               TREAT_MISSING_BASELINES_AS_TEST_FAILURES = NO
               TREAT_MISSING_SCRIPT_PHASE_OUTPUTS_AS_ERRORS = NO
               UID = 502
               UNINSTALLED_PRODUCTS_DIR = /Users/carl.stanley/sites/UKCPA/ukcpa_flutter/build/ios/UninstalledProducts
               UNLOCALIZED_RESOURCES_FOLDER_PATH = path_provider_foundation_privacy.bundle
               UNLOCALIZED_RESOURCES_FOLDER_PATH_SHALLOW_BUNDLE_NO = path_provider_foundation_privacy.bundle/Resources
               UNLOCALIZED_RESOURCES_FOLDER_PATH_SHALLOW_BUNDLE_YES = path_provider_foundation_privacy.bundle
               UNSTRIPPED_PRODUCT = NO
               USER = carl.stanley
               USER_APPS_DIR = /Users/carl.stanley/Applications
               USER_LIBRARY_DIR = /Users/carl.stanley/Library
               USE_DYNAMIC_NO_PIC = YES
               USE_HEADERMAP = YES
               USE_HEADER_SYMLINKS = NO
               USE_RECURSIVE_SCRIPT_INPUTS_IN_SCRIPT_PHASES = YES
               VALIDATE_DEVELOPMENT_ASSET_PATHS = YES_ERROR
               VALIDATE_PRODUCT = NO
               VALID_ARCHS = arm64 arm64e i386 x86_64
               VERBOSE_PBXCP = NO
               VERSIONPLIST_PATH = path_provider_foundation_privacy.bundle/version.plist
               VERSION_INFO_BUILDER = carl.stanley
               VERSION_INFO_FILE = path_provider_foundation_privacy_vers.c
               VERSION_INFO_STRING = "@(#)PROGRAM:path_provider_foundation_privacy  PROJECT:Pods-"
               WORKSPACE_DIR = /Users/carl.stanley/sites/UKCPA/ukcpa_flutter/ios/Pods/Pods.xcodeproj
               WRAPPER_EXTENSION = bundle
               WRAPPER_NAME = path_provider_foundation_privacy.bundle
               WRAPPER_SUFFIX = .bundle
               WRAP_ASSET_PACKS_IN_SEPARATE_DIRECTORIES = NO
               XCODE_APP_SUPPORT_DIR = /Applications/Xcode.app/Contents/Developer/Library/Xcode
               XCODE_PRODUCT_BUILD_VERSION = 16A242d
               XCODE_VERSION_ACTUAL = 1600
               XCODE_VERSION_MAJOR = 1600
               XCODE_VERSION_MINOR = 1600
               XPCSERVICES_FOLDER_PATH = path_provider_foundation_privacy.bundle/XPCServices
               YACC = yacc
               _WRAPPER_CONTENTS_DIR_SHALLOW_BUNDLE_NO = /Contents
               _WRAPPER_PARENT_PATH_SHALLOW_BUNDLE_NO = /..
               _WRAPPER_RESOURCES_DIR_SHALLOW_BUNDLE_NO = /Resources
               arch = undefined_arch
               variant = normal

           Build settings for action build and target permission_handler_apple:
               ACTION = build
               AD_HOC_CODE_SIGNING_ALLOWED = YES
               ALLOW_BUILD_REQUEST_OVERRIDES = NO
               ALLOW_TARGET_PLATFORM_SPECIALIZATION = NO
               ALTERNATE_GROUP = staff
               ALTERNATE_MODE = u+w,go-w,a+rX
               ALTERNATE_OWNER = carl.stanley
               ALTERNATIVE_DISTRIBUTION_WEB = NO
               ALWAYS_EMBED_SWIFT_STANDARD_LIBRARIES = NO
               ALWAYS_SEARCH_USER_PATHS = NO
               ALWAYS_USE_SEPARATE_HEADERMAPS = NO
               APPLE_INTERNAL_DEVELOPER_DIR = /AppleInternal/Developer
               APPLE_INTERNAL_DIR = /AppleInternal
               APPLE_INTERNAL_DOCUMENTATION_DIR = /AppleInternal/Documentation
               APPLE_INTERNAL_LIBRARY_DIR = /AppleInternal/Library
               APPLE_INTERNAL_TOOLS = /AppleInternal/Developer/Tools
               APPLICATION_EXTENSION_API_ONLY = NO
               APPLY_RULES_IN_COPY_FILES = NO
               APPLY_RULES_IN_COPY_HEADERS = NO
               APP_SHORTCUTS_ENABLE_FLEXIBLE_MATCHING = YES
               ARCHS = arm64 x86_64
               ARCHS_STANDARD = arm64 x86_64
               ARCHS_STANDARD_32_64_BIT = arm64 i386 x86_64
               ARCHS_STANDARD_32_BIT = i386
               ARCHS_STANDARD_64_BIT = arm64 x86_64
               ARCHS_STANDARD_INCLUDING_64_BIT = arm64 x86_64
               ARCHS_UNIVERSAL_IPHONE_OS = arm64 i386 x86_64
               ASSETCATALOG_COMPILER_GENERATE_ASSET_SYMBOLS = YES
               AUTOMATICALLY_MERGE_DEPENDENCIES = NO
               AVAILABLE_PLATFORMS = appletvos appletvsimulator driverkit iphoneos iphonesimulator macosx watchos watchsimulator xros xrsimulator
               BITCODE_GENERATION_MODE = marker
               BUILD_ACTIVE_RESOURCES_ONLY = NO
               BUILD_COMPONENTS = headers build
               BUILD_DIR = /Users/carl.stanley/sites/UKCPA/ukcpa_flutter/build/ios
               BUILD_LIBRARY_FOR_DISTRIBUTION = NO
               BUILD_ROOT = /Users/carl.stanley/sites/UKCPA/ukcpa_flutter/ios/build
               BUILD_STYLE = 
               BUILD_VARIANTS = normal
               BUILT_PRODUCTS_DIR = /Users/carl.stanley/sites/UKCPA/ukcpa_flutter/build/ios/Release-iphonesimulator/permission_handler_apple
               BUNDLE_CONTENTS_FOLDER_PATH_deep = Contents/
               BUNDLE_EXECUTABLE_FOLDER_NAME_deep = MacOS
               BUNDLE_EXTENSIONS_FOLDER_PATH = Extensions
               BUNDLE_FORMAT = shallow
               BUNDLE_FRAMEWORKS_FOLDER_PATH = Frameworks
               BUNDLE_PLUGINS_FOLDER_PATH = PlugIns
               BUNDLE_PRIVATE_HEADERS_FOLDER_PATH = PrivateHeaders
               BUNDLE_PUBLIC_HEADERS_FOLDER_PATH = Headers
               CACHE_ROOT = /var/folders/20/skb3d8qx2hn9r9z8036y32g40000gp/C/com.apple.DeveloperTools/16.0-16A242d/Xcode
               CCHROOT = /var/folders/20/skb3d8qx2hn9r9z8036y32g40000gp/C/com.apple.DeveloperTools/16.0-16A242d/Xcode
               CHMOD = /bin/chmod
               CHOWN = /usr/sbin/chown
               CLANG_ANALYZER_LOCALIZABILITY_NONLOCALIZED = YES
               CLANG_ANALYZER_NONNULL = YES
               CLANG_ANALYZER_NUMBER_OBJECT_CONVERSION = YES_AGGRESSIVE
               CLANG_CACHE_FINE_GRAINED_OUTPUTS = YES
               CLANG_CXX_LANGUAGE_STANDARD = gnu++14
               CLANG_CXX_LIBRARY = libc++
               CLANG_ENABLE_EXPLICIT_MODULES = YES
               CLANG_ENABLE_MODULES = YES
               CLANG_ENABLE_OBJC_ARC = YES
               CLANG_ENABLE_OBJC_WEAK = YES
               CLANG_MODULES_BUILD_SESSION_FILE = /var/folders/20/skb3d8qx2hn9r9z8036y32g40000gp/C/org.llvm.clang/ModuleCache.noindex/Session.modulevalidation
               CLANG_WARN_BLOCK_CAPTURE_AUTORELEASING = YES
               CLANG_WARN_BOOL_CONVERSION = YES
               CLANG_WARN_COMMA = YES
               CLANG_WARN_CONSTANT_CONVERSION = YES
               CLANG_WARN_DEPRECATED_OBJC_IMPLEMENTATIONS = YES
               CLANG_WARN_DIRECT_OBJC_ISA_USAGE = YES_ERROR
               CLANG_WARN_DOCUMENTATION_COMMENTS = YES
               CLANG_WARN_EMPTY_BODY = YES
               CLANG_WARN_ENUM_CONVERSION = YES
               CLANG_WARN_INFINITE_RECURSION = YES
               CLANG_WARN_INT_CONVERSION = YES
               CLANG_WARN_NON_LITERAL_NULL_CONVERSION = YES
               CLANG_WARN_OBJC_IMPLICIT_RETAIN_SELF = YES
               CLANG_WARN_OBJC_LITERAL_CONVERSION = YES
               CLANG_WARN_OBJC_ROOT_CLASS = YES_ERROR
               CLANG_WARN_QUOTED_INCLUDE_IN_FRAMEWORK_HEADER = NO
               CLANG_WARN_RANGE_LOOP_ANALYSIS = YES
               CLANG_WARN_STRICT_PROTOTYPES = YES
               CLANG_WARN_SUSPICIOUS_MOVE = YES
               CLANG_WARN_UNGUARDED_AVAILABILITY = YES_AGGRESSIVE
               CLANG_WARN_UNREACHABLE_CODE = YES
               CLANG_WARN__DUPLICATE_METHOD_MATCH = YES
               CLASS_FILE_DIR = /Users/carl.stanley/sites/UKCPA/ukcpa_flutter/build/ios/Pods.build/Release-iphonesimulator/permission_handler_apple.build/JavaClasses
               CLEAN_PRECOMPS = YES
               CLONE_HEADERS = NO
               CODESIGNING_FOLDER_PATH = /Users/carl.stanley/sites/UKCPA/ukcpa_flutter/build/ios/Release-iphonesimulator/permission_handler_apple/permission_handler_apple.framework
               CODE_SIGNING_ALLOWED = YES
               CODE_SIGNING_REQUIRED = NO
               CODE_SIGNING_REQUIRES_TEAM = YES
               CODE_SIGN_CONTEXT_CLASS = XCiPhoneSimulatorCodeSignContext
               CODE_SIGN_IDENTITY = -
               CODE_SIGN_INJECT_BASE_ENTITLEMENTS = YES
               COLOR_DIAGNOSTICS = NO
               COMBINE_HIDPI_IMAGES = NO
               COMPILATION_CACHE_CAS_PATH = /var/folders/20/skb3d8qx2hn9r9z8036y32g40000gp/C/com.apple.DeveloperTools/16.0-16A242d/Xcode/CompilationCache.noindex
               COMPILATION_CACHE_KEEP_CAS_DIRECTORY = YES
               COMPILER_INDEX_STORE_ENABLE = Default
               COMPOSITE_SDK_DIRS = /Users/carl.stanley/sites/UKCPA/ukcpa_flutter/build/ios/CompositeSDKs
               COMPRESS_PNG_FILES = YES
               CONFIGURATION = Release
               CONFIGURATION_BUILD_DIR = /Users/carl.stanley/sites/UKCPA/ukcpa_flutter/build/ios/Release-iphonesimulator/permission_handler_apple
               CONFIGURATION_TEMP_DIR = /Users/carl.stanley/sites/UKCPA/ukcpa_flutter/build/ios/Pods.build/Release-iphonesimulator
               CONTENTS_FOLDER_PATH = permission_handler_apple.framework
               CONTENTS_FOLDER_PATH_SHALLOW_BUNDLE_NO = permission_handler_apple.framework/A
               CONTENTS_FOLDER_PATH_SHALLOW_BUNDLE_YES = permission_handler_apple.framework
               COPYING_PRESERVES_HFS_DATA = NO
               COPY_HEADERS_RUN_UNIFDEF = NO
               COPY_PHASE_STRIP = NO
               CORRESPONDING_DEVICE_PLATFORM_DIR = /Applications/Xcode.app/Contents/Developer/Platforms/iPhoneOS.platform
               CORRESPONDING_DEVICE_PLATFORM_NAME = iphoneos
               CORRESPONDING_DEVICE_SDK_DIR = /Applications/Xcode.app/Contents/Developer/Platforms/iPhoneOS.platform/Developer/SDKs/iPhoneOS18.0.sdk
               CORRESPONDING_DEVICE_SDK_NAME = iphoneos18.0
               CP = /bin/cp
               CREATE_INFOPLIST_SECTION_IN_BINARY = NO
               CURRENT_ARCH = undefined_arch
               CURRENT_PROJECT_VERSION = 1
               CURRENT_VARIANT = normal
               CURRENT_VERSION = Current
               DEAD_CODE_STRIPPING = YES
               DEBUGGING_SYMBOLS = YES
               DEBUG_INFORMATION_FORMAT = dwarf-with-dsym
               DEBUG_INFORMATION_VERSION = compiler-default
               DEFAULT_COMPILER = com.apple.compilers.llvm.clang.1_0
               DEFAULT_DEXT_INSTALL_PATH = /System/Library/DriverExtensions
               DEFAULT_KEXT_INSTALL_PATH = /System/Library/Extensions
               DEFINES_MODULE = YES
               DEPLOYMENT_LOCATION = NO
               DEPLOYMENT_POSTPROCESSING = NO
               DEPLOYMENT_TARGET_SETTING_NAME = IPHONEOS_DEPLOYMENT_TARGET
               DEPLOYMENT_TARGET_SUGGESTED_VALUES = 12.0 12.1 12.2 12.3 12.4 13.0 13.1 13.2 13.3 13.4 13.5 13.6 14.0 14.1 14.2 14.3 14.4 14.5 14.6 14.7 15.0 15.1 15.2 15.3 15.4 15.5 15.6 16.0 16.1 16.2 16.3 16.4 16.5 16.6 17.0 17.1 17.2 17.3 17.4 17.5 17.6 18.0
               DERIVED_FILES_DIR = /Users/carl.stanley/sites/UKCPA/ukcpa_flutter/build/ios/Pods.build/Release-iphonesimulator/permission_handler_apple.build/DerivedSources
               DERIVED_FILE_DIR = /Users/carl.stanley/sites/UKCPA/ukcpa_flutter/build/ios/Pods.build/Release-iphonesimulator/permission_handler_apple.build/DerivedSources
               DERIVED_SOURCES_DIR = /Users/carl.stanley/sites/UKCPA/ukcpa_flutter/build/ios/Pods.build/Release-iphonesimulator/permission_handler_apple.build/DerivedSources
               DEVELOPER_APPLICATIONS_DIR = /Applications/Xcode.app/Contents/Developer/Applications
               DEVELOPER_BIN_DIR = /Applications/Xcode.app/Contents/Developer/usr/bin
               DEVELOPER_DIR = /Applications/Xcode.app/Contents/Developer
               DEVELOPER_FRAMEWORKS_DIR = /Applications/Xcode.app/Contents/Developer/Library/Frameworks
               DEVELOPER_FRAMEWORKS_DIR_QUOTED = /Applications/Xcode.app/Contents/Developer/Library/Frameworks
               DEVELOPER_LIBRARY_DIR = /Applications/Xcode.app/Contents/Developer/Library
               DEVELOPER_SDK_DIR = /Applications/Xcode.app/Contents/Developer/Platforms/MacOSX.platform/Developer/SDKs
               DEVELOPER_TOOLS_DIR = /Applications/Xcode.app/Contents/Developer/Tools
               DEVELOPER_USR_DIR = /Applications/Xcode.app/Contents/Developer/usr
               DEVELOPMENT_LANGUAGE = en
               DIFF = /usr/bin/diff
               DOCUMENTATION_FOLDER_PATH = permission_handler_apple.framework/en.lproj/Documentation
               DONT_GENERATE_INFOPLIST_FILE = NO
               DSTROOT = /tmp/Pods.dst
               DT_TOOLCHAIN_DIR = /Applications/Xcode.app/Contents/Developer/Toolchains/XcodeDefault.xctoolchain
               DWARF_DSYM_FILE_NAME = permission_handler_apple.framework.dSYM
               DWARF_DSYM_FILE_SHOULD_ACCOMPANY_PRODUCT = NO
               DWARF_DSYM_FOLDER_PATH = /Users/carl.stanley/sites/UKCPA/ukcpa_flutter/build/ios/Release-iphonesimulator/permission_handler_apple
               DYLIB_COMPATIBILITY_VERSION = 1
               DYLIB_CURRENT_VERSION = 1
               DYLIB_INSTALL_NAME_BASE = @rpath
               DYNAMIC_LIBRARY_EXTENSION = dylib
               EAGER_COMPILATION_ALLOW_SCRIPTS = NO
               EAGER_LINKING = NO
               EFFECTIVE_PLATFORM_NAME = -iphonesimulator
               EMBEDDED_CONTENT_CONTAINS_SWIFT = NO
               EMBED_ASSET_PACKS_IN_PRODUCT_BUNDLE = NO
               ENABLE_APP_SANDBOX = NO
               ENABLE_BITCODE = NO
               ENABLE_CODE_COVERAGE = YES
               ENABLE_DEFAULT_HEADER_SEARCH_PATHS = YES
               ENABLE_DEFAULT_SEARCH_PATHS = YES
               ENABLE_HARDENED_RUNTIME = NO
               ENABLE_HEADER_DEPENDENCIES = YES
               ENABLE_MODULE_VERIFIER = NO
               ENABLE_NS_ASSERTIONS = NO
               ENABLE_ON_DEMAND_RESOURCES = NO
               ENABLE_STRICT_OBJC_MSGSEND = YES
               ENABLE_TESTABILITY = NO
               ENABLE_TESTING_SEARCH_PATHS = NO
               ENABLE_USER_SCRIPT_SANDBOXING = NO
               ENTITLEMENTS_DESTINATION = __entitlements
               ENTITLEMENTS_REQUIRED = NO
               EXCLUDED_ARCHS =  i386
               EXCLUDED_INSTALLSRC_SUBDIRECTORY_PATTERNS = .DS_Store .svn .git .hg CVS
               EXCLUDED_RECURSIVE_SEARCH_PATH_SUBDIRECTORIES = *.nib *.lproj *.framework *.gch *.xcode* *.xcassets (*) .DS_Store CVS .svn .git .hg *.pbproj *.pbxproj
               EXECUTABLES_FOLDER_PATH = permission_handler_apple.framework/en.lproj
               EXECUTABLE_FOLDER_PATH = permission_handler_apple.framework
               EXECUTABLE_FOLDER_PATH_SHALLOW_BUNDLE_NO = permission_handler_apple.framework
               EXECUTABLE_FOLDER_PATH_SHALLOW_BUNDLE_YES = permission_handler_apple.framework
               EXECUTABLE_NAME = permission_handler_apple
               EXECUTABLE_PATH = permission_handler_apple.framework/permission_handler_apple
               EXTENSIONS_FOLDER_PATH = permission_handler_apple.framework/Extensions
               FILE_LIST = /Users/carl.stanley/sites/UKCPA/ukcpa_flutter/build/ios/Pods.build/Release-iphonesimulator/permission_handler_apple.build/Objects/LinkFileList
               FIXED_FILES_DIR = /Users/carl.stanley/sites/UKCPA/ukcpa_flutter/build/ios/Pods.build/Release-iphonesimulator/permission_handler_apple.build/FixedFiles
               FRAMEWORKS_FOLDER_PATH = permission_handler_apple.framework/Frameworks
               FRAMEWORK_FLAG_PREFIX = -framework
               FRAMEWORK_SEARCH_PATHS = /Users/carl.stanley/sites/UKCPA/ukcpa_flutter/build/ios/Release-iphonesimulator/permission_handler_apple "/Users/carl.stanley/development/flutter/bin/cache/artifacts/engine/ios-release/Flutter.xcframework/ios-arm64_x86_64-simulator" 
               FRAMEWORK_VERSION = A
               FULL_PRODUCT_NAME = permission_handler_apple.framework
               FUSE_BUILD_PHASES = YES
               FUSE_BUILD_SCRIPT_PHASES = NO
               GCC3_VERSION = 3.3
               GCC_C_LANGUAGE_STANDARD = gnu11
               GCC_INLINES_ARE_PRIVATE_EXTERN = YES
               GCC_NO_COMMON_BLOCKS = YES
               GCC_OBJC_LEGACY_DISPATCH = YES
               GCC_PFE_FILE_C_DIALECTS = c objective-c c++ objective-c++
               GCC_PREFIX_HEADER = Target Support Files/permission_handler_apple/permission_handler_apple-prefix.pch
               GCC_PREPROCESSOR_DEFINITIONS = POD_CONFIGURATION_RELEASE=1  COCOAPODS=1
               GCC_TREAT_WARNINGS_AS_ERRORS = NO
               GCC_VERSION = com.apple.compilers.llvm.clang.1_0
               GCC_VERSION_IDENTIFIER = com_apple_compilers_llvm_clang_1_0
               GCC_WARN_64_TO_32_BIT_CONVERSION = YES
               GCC_WARN_ABOUT_RETURN_TYPE = YES_ERROR
               GCC_WARN_UNDECLARED_SELECTOR = YES
               GCC_WARN_UNINITIALIZED_AUTOS = YES_AGGRESSIVE
               GCC_WARN_UNUSED_FUNCTION = YES
               GCC_WARN_UNUSED_VARIABLE = YES
               GENERATED_MODULEMAP_DIR = /Users/carl.stanley/sites/UKCPA/ukcpa_flutter/build/ios/GeneratedModuleMaps-iphonesimulator
               GENERATE_INFOPLIST_FILE = NO
               GENERATE_INTERMEDIATE_TEXT_BASED_STUBS = YES
               GENERATE_MASTER_OBJECT_FILE = NO
               GENERATE_PKGINFO_FILE = NO
               GENERATE_PROFILING_CODE = NO
               GENERATE_TEXT_BASED_STUBS = NO
               GID = 20
               GROUP = staff
               HEADERMAP_INCLUDES_FLAT_ENTRIES_FOR_TARGET_BEING_BUILT = YES
               HEADERMAP_INCLUDES_FRAMEWORK_ENTRIES_FOR_ALL_PRODUCT_TYPES = YES
               HEADERMAP_INCLUDES_FRAMEWORK_ENTRIES_FOR_TARGETS_NOT_BEING_BUILT = YES
               HEADERMAP_INCLUDES_NONPUBLIC_NONPRIVATE_HEADERS = YES
               HEADERMAP_INCLUDES_PROJECT_HEADERS = YES
               HEADERMAP_USES_FRAMEWORK_PREFIX_ENTRIES = YES
               HEADERMAP_USES_VFS = YES
               HEADER_SEARCH_PATHS = /Users/carl.stanley/sites/UKCPA/ukcpa_flutter/build/ios/Release-iphonesimulator/permission_handler_apple/include 
               HIDE_BITCODE_SYMBOLS = YES
               HOME = /Users/carl.stanley
               HOST_ARCH = arm64
               HOST_PLATFORM = macosx
               ICONV = /usr/bin/iconv
               IMPLICIT_DEPENDENCY_DOMAIN = default
               INFOPLIST_ENABLE_CFBUNDLEICONS_MERGE = YES
               INFOPLIST_EXPAND_BUILD_SETTINGS = YES
               INFOPLIST_FILE = Target Support Files/permission_handler_apple/permission_handler_apple-Info.plist
               INFOPLIST_OUTPUT_FORMAT = binary
               INFOPLIST_PATH = permission_handler_apple.framework/Info.plist
               INFOPLIST_PREPROCESS = NO
               INFOSTRINGS_PATH = permission_handler_apple.framework/en.lproj/InfoPlist.strings
               INLINE_PRIVATE_FRAMEWORKS = NO
               INSTALLHDRS_COPY_PHASE = NO
               INSTALLHDRS_SCRIPT_PHASE = NO
               INSTALL_DIR = /tmp/Pods.dst/Library/Frameworks
               INSTALL_GROUP = staff
               INSTALL_MODE_FLAG = u+w,go-w,a+rX
               INSTALL_OWNER = carl.stanley
               INSTALL_PATH = /Library/Frameworks
               INSTALL_ROOT = /tmp/Pods.dst
               IPHONEOS_DEPLOYMENT_TARGET = 13.0
               IS_UNOPTIMIZED_BUILD = NO
               JAVAC_DEFAULT_FLAGS = -J-Xms64m -J-XX:NewSize=4M -J-Dfile.encoding=UTF8
               JAVA_APP_STUB = /System/Library/Frameworks/JavaVM.framework/Resources/MacOS/JavaApplicationStub
               JAVA_ARCHIVE_CLASSES = YES
               JAVA_ARCHIVE_TYPE = JAR
               JAVA_COMPILER = /usr/bin/javac
               JAVA_FOLDER_PATH = permission_handler_apple.framework/Java
               JAVA_FRAMEWORK_RESOURCES_DIRS = Resources
               JAVA_JAR_FLAGS = cv
               JAVA_SOURCE_SUBDIR = .
               JAVA_USE_DEPENDENCIES = YES
               JAVA_ZIP_FLAGS = -urg
               JIKES_DEFAULT_FLAGS = +E +OLDCSO
               KEEP_PRIVATE_EXTERNS = NO
               LD_DEPENDENCY_INFO_FILE = /Users/carl.stanley/sites/UKCPA/ukcpa_flutter/build/ios/Pods.build/Release-iphonesimulator/permission_handler_apple.build/Objects-normal/undefined_arch/permission_handler_apple_dependency_info.dat
               LD_DYLIB_INSTALL_NAME = @rpath/permission_handler_apple.framework/permission_handler_apple
               LD_EXPORT_SYMBOLS = YES
               LD_GENERATE_MAP_FILE = NO
               LD_MAP_FILE_PATH = /Users/carl.stanley/sites/UKCPA/ukcpa_flutter/build/ios/Pods.build/Release-iphonesimulator/permission_handler_apple.build/permission_handler_apple-LinkMap-normal-undefined_arch.txt
               LD_NO_PIE = NO
               LD_QUOTE_LINKER_ARGUMENTS_FOR_COMPILER_DRIVER = YES
               LD_RUNPATH_SEARCH_PATHS =  @executable_path/Frameworks @loader_path/Frameworks
               LD_SHARED_CACHE_ELIGIBLE = Automatic
               LD_WARN_DUPLICATE_LIBRARIES = NO
               LD_WARN_UNUSED_DYLIBS = NO
               LEGACY_DEVELOPER_DIR = /Applications/Xcode.app/Contents/PlugIns/Xcode3Core.ideplugin/Contents/SharedSupport/Developer
               LEX = lex
               LIBRARY_DEXT_INSTALL_PATH = /Library/DriverExtensions
               LIBRARY_FLAG_NOSPACE = YES
               LIBRARY_FLAG_PREFIX = -l
               LIBRARY_KEXT_INSTALL_PATH = /Library/Extensions
               LIBRARY_SEARCH_PATHS = /Users/carl.stanley/sites/UKCPA/ukcpa_flutter/build/ios/Release-iphonesimulator/permission_handler_apple 
               LINKER_DISPLAYS_MANGLED_NAMES = NO
               LINK_FILE_LIST_normal_arm64 = /Users/carl.stanley/sites/UKCPA/ukcpa_flutter/build/ios/Pods.build/Release-iphonesimulator/permission_handler_apple.build/Objects-normal/arm64/permission_handler_apple.LinkFileList
               LINK_FILE_LIST_normal_x86_64 = /Users/carl.stanley/sites/UKCPA/ukcpa_flutter/build/ios/Pods.build/Release-iphonesimulator/permission_handler_apple.build/Objects-normal/x86_64/permission_handler_apple.LinkFileList
               LINK_OBJC_RUNTIME = YES
               LINK_WITH_STANDARD_LIBRARIES = YES
               LLVM_TARGET_TRIPLE_OS_VERSION = ios13.0
               LLVM_TARGET_TRIPLE_SUFFIX = -simulator
               LLVM_TARGET_TRIPLE_VENDOR = apple
               LM_AUX_CONST_METADATA_LIST_PATH_normal_arm64 = /Users/carl.stanley/sites/UKCPA/ukcpa_flutter/build/ios/Pods.build/Release-iphonesimulator/permission_handler_apple.build/Objects-normal/arm64/permission_handler_apple.SwiftConstValuesFileList
               LM_AUX_CONST_METADATA_LIST_PATH_normal_x86_64 = /Users/carl.stanley/sites/UKCPA/ukcpa_flutter/build/ios/Pods.build/Release-iphonesimulator/permission_handler_apple.build/Objects-normal/x86_64/permission_handler_apple.SwiftConstValuesFileList
               LOCALIZATION_EXPORT_SUPPORTED = YES
               LOCALIZATION_PREFERS_STRING_CATALOGS = NO
               LOCALIZED_RESOURCES_FOLDER_PATH = permission_handler_apple.framework/en.lproj
               LOCALIZED_STRING_MACRO_NAMES = NSLocalizedString CFCopyLocalizedString
               LOCALIZED_STRING_SWIFTUI_SUPPORT = YES
               LOCAL_ADMIN_APPS_DIR = /Applications/Utilities
               LOCAL_APPS_DIR = /Applications
               LOCAL_DEVELOPER_DIR = /Library/Developer
               LOCAL_LIBRARY_DIR = /Library
               LOCROOT = /Users/carl.stanley/sites/UKCPA/ukcpa_flutter/ios/Pods
               LOCSYMROOT = /Users/carl.stanley/sites/UKCPA/ukcpa_flutter/ios/Pods
               MACH_O_TYPE = staticlib
               MAC_OS_X_PRODUCT_BUILD_VERSION = 24G84
               MAC_OS_X_VERSION_ACTUAL = 150600
               MAC_OS_X_VERSION_MAJOR = 150000
               MAC_OS_X_VERSION_MINOR = 150600
               MAKE_MERGEABLE = NO
               MERGEABLE_LIBRARY = NO
               MERGED_BINARY_TYPE = none
               MERGE_LINKED_LIBRARIES = NO
               METAL_LIBRARY_FILE_BASE = default
               METAL_LIBRARY_OUTPUT_DIR = /Users/carl.stanley/sites/UKCPA/ukcpa_flutter/build/ios/Release-iphonesimulator/permission_handler_apple/permission_handler_apple.framework
               MODULEMAP_FILE = Target Support Files/permission_handler_apple/permission_handler_apple.modulemap
               MODULES_FOLDER_PATH = permission_handler_apple.framework/Modules
               MTL_ENABLE_DEBUG_INFO = NO
               MTL_FAST_MATH = YES
               NATIVE_ARCH = arm64
               NATIVE_ARCH_32_BIT = arm
               NATIVE_ARCH_64_BIT = arm64
               NATIVE_ARCH_ACTUAL = arm64
               NO_COMMON = YES
               OBJC_ABI_VERSION = 2
               OBJECT_FILE_DIR = /Users/carl.stanley/sites/UKCPA/ukcpa_flutter/build/ios/Pods.build/Release-iphonesimulator/permission_handler_apple.build/Objects
               OBJECT_FILE_DIR_normal = /Users/carl.stanley/sites/UKCPA/ukcpa_flutter/build/ios/Pods.build/Release-iphonesimulator/permission_handler_apple.build/Objects-normal
               OBJROOT = /Users/carl.stanley/sites/UKCPA/ukcpa_flutter/build/ios
               ONLY_ACTIVE_ARCH = NO
               OS = MACOS
               OSAC = /usr/bin/osacompile
               OTHER_LDFLAGS =  -framework Flutter
               PACKAGE_TYPE = com.apple.package-type.wrapper.framework
               PASCAL_STRINGS = YES
               PATH = /Applications/Xcode.app/Contents/SharedFrameworks/XCBuild.framework/Versions/A/PlugIns/XCBBuildService.bundle/Contents/PlugIns/XCBSpecifications.ideplugin/Contents/Resources:/Applications/Xcode.app/Contents/SharedFrameworks/XCBuild.framework/Versions/A/PlugIns/XCBBuildService.bundle/Contents/PlugIns/XCBSpecifications.ideplugin:/Applications/Xcode.app/Contents/Developer/Toolchains/XcodeDefault.xctoolchain/usr/bin:/Applications/Xcode.app/Contents/Developer/Toolchains/XcodeDefault.xctoolchain/usr/appleinternal/bin:/Applications/Xcode.app/Contents/Developer/Toolchains/XcodeDefault.xctoolchain/usr/local/bin:/Applications/Xcode.app/Contents/Developer/Toolchains/XcodeDefault.xctoolchain/usr/libexec:/Applications/Xcode.app/Contents/Developer/Platforms/iPhoneSimulator.platform/usr/bin:/Applications/Xcode.app/Contents/Developer/Platforms/iPhoneSimulator.platform/usr/appleinternal/bin:/Applications/Xcode.app/Contents/Developer/Platforms/iPhoneSimulator.platform/usr/local/bin:/Applications/Xcode.app/Contents/Developer/Platforms/iPhoneSimulator.platform/Developer/usr/bin:/Applications/Xcode.app/Contents/Developer/Platforms/iPhoneSimulator.platform/Developer/usr/local/bin:/Applications/Xcode.app/Contents/Developer/usr/bin:/Applications/Xcode.app/Contents/Developer/usr/local/bin:/opt/homebrew/Cellar/pyenv-virtualenv/1.2.4/shims:/Users/carl.stanley/.pyenv/shims:/Users/carl.stanley/.pyenv/bin:/Users/carl.stanley/.nvm/versions/node/v18.17.0/bin:/Users/carl.stanley/development/flutter/bin:/opt/homebrew/bin:/opt/homebrew/sbin:/Users/carl.stanley/.local/bin:/usr/local/bin:/System/Cryptexes/App/usr/bin:/usr/bin:/bin:/usr/sbin:/sbin:/var/run/com.apple.security.cryptexd/codex.system/bootstrap/usr/local/bin:/var/run/com.apple.security.cryptexd/codex.system/bootstrap/usr/bin:/var/run/com.apple.security.cryptexd/codex.system/bootstrap/usr/appleinternal/bin:/Library/Apple/usr/bin:/usr/local/sbin:/usr/local/go/bin:/Users/carl.stanley/.pub-cache/bin
               PATH_PREFIXES_EXCLUDED_FROM_HEADER_DEPENDENCIES = /usr/include /usr/local/include /System/Library/Frameworks /System/Library/PrivateFrameworks /Applications/Xcode.app/Contents/Developer/Headers /Applications/Xcode.app/Contents/Developer/SDKs /Applications/Xcode.app/Contents/Developer/Platforms
               PBDEVELOPMENTPLIST_PATH = permission_handler_apple.framework/pbdevelopment.plist
               PER_ARCH_OBJECT_FILE_DIR = /Users/carl.stanley/sites/UKCPA/ukcpa_flutter/build/ios/Pods.build/Release-iphonesimulator/permission_handler_apple.build/Objects-normal/undefined_arch
               PER_VARIANT_OBJECT_FILE_DIR = /Users/carl.stanley/sites/UKCPA/ukcpa_flutter/build/ios/Pods.build/Release-iphonesimulator/permission_handler_apple.build/Objects-normal
               PKGINFO_FILE_PATH = /Users/carl.stanley/sites/UKCPA/ukcpa_flutter/build/ios/Pods.build/Release-iphonesimulator/permission_handler_apple.build/PkgInfo
               PKGINFO_PATH = permission_handler_apple.framework/PkgInfo
               PLATFORM_DEVELOPER_APPLICATIONS_DIR = /Applications/Xcode.app/Contents/Developer/Platforms/iPhoneSimulator.platform/Developer/Applications
               PLATFORM_DEVELOPER_BIN_DIR = /Applications/Xcode.app/Contents/Developer/Platforms/iPhoneSimulator.platform/Developer/usr/bin
               PLATFORM_DEVELOPER_LIBRARY_DIR = /Applications/Xcode.app/Contents/Developer/Platforms/iPhoneSimulator.platform/Developer/Library
               PLATFORM_DEVELOPER_SDK_DIR = /Applications/Xcode.app/Contents/Developer/Platforms/iPhoneSimulator.platform/Developer/SDKs
               PLATFORM_DEVELOPER_TOOLS_DIR = /Applications/Xcode.app/Contents/Developer/Platforms/iPhoneSimulator.platform/Developer/Tools
               PLATFORM_DEVELOPER_USR_DIR = /Applications/Xcode.app/Contents/Developer/Platforms/iPhoneSimulator.platform/Developer/usr
               PLATFORM_DIR = /Applications/Xcode.app/Contents/Developer/Platforms/iPhoneSimulator.platform
               PLATFORM_DISPLAY_NAME = iOS Simulator
               PLATFORM_FAMILY_NAME = iOS
               PLATFORM_NAME = iphonesimulator
               PLATFORM_PREFERRED_ARCH = x86_64
               PLATFORM_PRODUCT_BUILD_VERSION = 22A3362
               PLIST_FILE_OUTPUT_FORMAT = binary
               PLUGINS_FOLDER_PATH = permission_handler_apple.framework/PlugIns
               PODS_BUILD_DIR = /Users/carl.stanley/sites/UKCPA/ukcpa_flutter/build/ios
               PODS_CONFIGURATION_BUILD_DIR = /Users/carl.stanley/sites/UKCPA/ukcpa_flutter/build/ios/Release-iphonesimulator
               PODS_DEVELOPMENT_LANGUAGE = en
               PODS_ROOT = /Users/carl.stanley/sites/UKCPA/ukcpa_flutter/ios/Pods
               PODS_TARGET_SRCROOT = /Users/carl.stanley/sites/UKCPA/ukcpa_flutter/ios/Pods/../.symlinks/plugins/permission_handler_apple/ios
               PODS_XCFRAMEWORKS_BUILD_DIR = /Users/carl.stanley/sites/UKCPA/ukcpa_flutter/build/ios/Release-iphonesimulator/XCFrameworkIntermediates
               PRECOMPS_INCLUDE_HEADERS_FROM_BUILT_PRODUCTS_DIR = YES
               PRECOMP_DESTINATION_DIR = /Users/carl.stanley/sites/UKCPA/ukcpa_flutter/build/ios/Pods.build/Release-iphonesimulator/permission_handler_apple.build/PrefixHeaders
               PRIVATE_HEADERS_FOLDER_PATH = permission_handler_apple.framework/PrivateHeaders
               PROCESSED_INFOPLIST_PATH = /Users/carl.stanley/sites/UKCPA/ukcpa_flutter/build/ios/Pods.build/Release-iphonesimulator/permission_handler_apple.build/Objects-normal/undefined_arch/Processed-Info.plist
               PRODUCT_BUNDLE_IDENTIFIER = org.cocoapods.permission-handler-apple
               PRODUCT_BUNDLE_PACKAGE_TYPE = FMWK
               PRODUCT_MODULE_NAME = permission_handler_apple
               PRODUCT_NAME = permission_handler_apple
               PRODUCT_SETTINGS_PATH = /Users/carl.stanley/sites/UKCPA/ukcpa_flutter/ios/Pods/Target Support Files/permission_handler_apple/permission_handler_apple-Info.plist
               PRODUCT_TYPE = com.apple.product-type.framework
               PROFILING_CODE = NO
               PROJECT = Pods
               PROJECT_DERIVED_FILE_DIR = /Users/carl.stanley/sites/UKCPA/ukcpa_flutter/build/ios/Pods.build/DerivedSources
               PROJECT_DIR = /Users/carl.stanley/sites/UKCPA/ukcpa_flutter/ios/Pods
               PROJECT_FILE_PATH = /Users/carl.stanley/sites/UKCPA/ukcpa_flutter/ios/Pods/Pods.xcodeproj
               PROJECT_GUID = bfdfe7dc352907fc980b868725387e98
               PROJECT_NAME = Pods
               PROJECT_TEMP_DIR = /Users/carl.stanley/sites/UKCPA/ukcpa_flutter/build/ios/Pods.build
               PROJECT_TEMP_ROOT = /Users/carl.stanley/sites/UKCPA/ukcpa_flutter/build/ios
               PUBLIC_HEADERS_FOLDER_PATH = permission_handler_apple.framework/Headers
               RECOMMENDED_IPHONEOS_DEPLOYMENT_TARGET = 15.0
               RECURSIVE_SEARCH_PATHS_FOLLOW_SYMLINKS = YES
               REMOVE_CVS_FROM_RESOURCES = YES
               REMOVE_GIT_FROM_RESOURCES = YES
               REMOVE_HEADERS_FROM_EMBEDDED_BUNDLES = YES
               REMOVE_HG_FROM_RESOURCES = YES
               REMOVE_STATIC_EXECUTABLES_FROM_EMBEDDED_BUNDLES = YES
               REMOVE_SVN_FROM_RESOURCES = YES
               RESCHEDULE_INDEPENDENT_HEADERS_PHASES = YES
               REZ_COLLECTOR_DIR = /Users/carl.stanley/sites/UKCPA/ukcpa_flutter/build/ios/Pods.build/Release-iphonesimulator/permission_handler_apple.build/ResourceManagerResources
               REZ_OBJECTS_DIR = /Users/carl.stanley/sites/UKCPA/ukcpa_flutter/build/ios/Pods.build/Release-iphonesimulator/permission_handler_apple.build/ResourceManagerResources/Objects
               REZ_SEARCH_PATHS = /Users/carl.stanley/sites/UKCPA/ukcpa_flutter/build/ios/Release-iphonesimulator/permission_handler_apple 
               SCAN_ALL_SOURCE_FILES_FOR_INCLUDES = NO
               SCRIPTS_FOLDER_PATH = permission_handler_apple.framework/Scripts
               SDKROOT = /Applications/Xcode.app/Contents/Developer/Platforms/iPhoneSimulator.platform/Developer/SDKs/iPhoneSimulator18.0.sdk
               SDK_DIR = /Applications/Xcode.app/Contents/Developer/Platforms/iPhoneSimulator.platform/Developer/SDKs/iPhoneSimulator18.0.sdk
               SDK_DIR_iphonesimulator = /Applications/Xcode.app/Contents/Developer/Platforms/iPhoneSimulator.platform/Developer/SDKs/iPhoneSimulator18.0.sdk
               SDK_DIR_iphonesimulator18_0 = /Applications/Xcode.app/Contents/Developer/Platforms/iPhoneSimulator.platform/Developer/SDKs/iPhoneSimulator18.0.sdk
               SDK_NAME = iphonesimulator18.0
               SDK_NAMES = iphonesimulator18.0
               SDK_PRODUCT_BUILD_VERSION = 22A3362
               SDK_STAT_CACHE_DIR = /var/folders/20/skb3d8qx2hn9r9z8036y32g40000gp/C/com.apple.DeveloperTools/16.0-16A242d/Xcode
               SDK_STAT_CACHE_ENABLE = YES
               SDK_STAT_CACHE_PATH = /var/folders/20/skb3d8qx2hn9r9z8036y32g40000gp/C/com.apple.DeveloperTools/16.0-16A242d/Xcode/SDKStatCaches.noindex/iphonesimulator18.0-22A3362-db63dc9361471f152f572502bdbfe70a.sdkstatcache
               SDK_VERSION = 18.0
               SDK_VERSION_ACTUAL = 180000
               SDK_VERSION_MAJOR = 180000
               SDK_VERSION_MINOR = 180000
               SED = /usr/bin/sed
               SEPARATE_STRIP = NO
               SEPARATE_SYMBOL_EDIT = NO
               SET_DIR_MODE_OWNER_GROUP = YES
               SET_FILE_MODE_OWNER_GROUP = NO
               SHALLOW_BUNDLE = YES
               SHALLOW_BUNDLE_TRIPLE = ios-simulator
               SHALLOW_BUNDLE_ios_macabi = NO
               SHALLOW_BUNDLE_macos = NO
               SHARED_DERIVED_FILE_DIR = /Users/carl.stanley/sites/UKCPA/ukcpa_flutter/build/ios/Release-iphonesimulator/permission_handler_apple/DerivedSources
               SHARED_FRAMEWORKS_FOLDER_PATH = permission_handler_apple.framework/SharedFrameworks
               SHARED_PRECOMPS_DIR = /Users/carl.stanley/sites/UKCPA/ukcpa_flutter/build/ios/SharedPrecompiledHeaders
               SHARED_SUPPORT_FOLDER_PATH = permission_handler_apple.framework
               SKIP_INSTALL = YES
               SOURCE_ROOT = /Users/carl.stanley/sites/UKCPA/ukcpa_flutter/ios/Pods
               SRCROOT = /Users/carl.stanley/sites/UKCPA/ukcpa_flutter/ios/Pods
               STRINGSDATA_DIR = /Users/carl.stanley/sites/UKCPA/ukcpa_flutter/build/ios/Pods.build/Release-iphonesimulator/permission_handler_apple.build/Objects-normal/undefined_arch
               STRINGSDATA_ROOT = /Users/carl.stanley/sites/UKCPA/ukcpa_flutter/build/ios/Pods.build/Release-iphonesimulator/permission_handler_apple.build
               STRINGS_FILE_INFOPLIST_RENAME = YES
               STRINGS_FILE_OUTPUT_ENCODING = binary
               STRIP_BITCODE_FROM_COPIED_FILES = NO
               STRIP_INSTALLED_PRODUCT = NO
               STRIP_STYLE = debugging
               STRIP_SWIFT_SYMBOLS = YES
               SUPPORTED_DEVICE_FAMILIES = 1,2
               SUPPORTED_PLATFORMS = iphoneos iphonesimulator
               SUPPORTS_TEXT_BASED_API = NO
               SUPPRESS_WARNINGS = NO
               SWIFT_ACTIVE_COMPILATION_CONDITIONS =  
               SWIFT_COMPILATION_MODE = wholemodule
               SWIFT_EMIT_LOC_STRINGS = NO
               SWIFT_INSTALL_MODULE_FOR_DEPLOYMENT = YES
               SWIFT_INSTALL_OBJC_HEADER = YES
               SWIFT_OPTIMIZATION_LEVEL = -O
               SWIFT_PLATFORM_TARGET_PREFIX = ios
               SWIFT_RESPONSE_FILE_PATH_normal_arm64 = /Users/carl.stanley/sites/UKCPA/ukcpa_flutter/build/ios/Pods.build/Release-iphonesimulator/permission_handler_apple.build/Objects-normal/arm64/permission_handler_apple.SwiftFileList
               SWIFT_RESPONSE_FILE_PATH_normal_x86_64 = /Users/carl.stanley/sites/UKCPA/ukcpa_flutter/build/ios/Pods.build/Release-iphonesimulator/permission_handler_apple.build/Objects-normal/x86_64/permission_handler_apple.SwiftFileList
               SWIFT_VERSION = 5.0
               SYMROOT = /Users/carl.stanley/sites/UKCPA/ukcpa_flutter/ios/build
               SYSTEM_ADMIN_APPS_DIR = /Applications/Utilities
               SYSTEM_APPS_DIR = /Applications
               SYSTEM_CORE_SERVICES_DIR = /System/Library/CoreServices
               SYSTEM_DEMOS_DIR = /Applications/Extras
               SYSTEM_DEVELOPER_APPS_DIR = /Applications/Xcode.app/Contents/Developer/Applications
               SYSTEM_DEVELOPER_BIN_DIR = /Applications/Xcode.app/Contents/Developer/usr/bin
               SYSTEM_DEVELOPER_DEMOS_DIR = /Applications/Xcode.app/Contents/Developer/Applications/Utilities/Built Examples
               SYSTEM_DEVELOPER_DIR = /Applications/Xcode.app/Contents/Developer
               SYSTEM_DEVELOPER_DOC_DIR = /Applications/Xcode.app/Contents/Developer/ADC Reference Library
               SYSTEM_DEVELOPER_GRAPHICS_TOOLS_DIR = /Applications/Xcode.app/Contents/Developer/Applications/Graphics Tools
               SYSTEM_DEVELOPER_JAVA_TOOLS_DIR = /Applications/Xcode.app/Contents/Developer/Applications/Java Tools
               SYSTEM_DEVELOPER_PERFORMANCE_TOOLS_DIR = /Applications/Xcode.app/Contents/Developer/Applications/Performance Tools
               SYSTEM_DEVELOPER_RELEASENOTES_DIR = /Applications/Xcode.app/Contents/Developer/ADC Reference Library/releasenotes
               SYSTEM_DEVELOPER_TOOLS = /Applications/Xcode.app/Contents/Developer/Tools
               SYSTEM_DEVELOPER_TOOLS_DOC_DIR = /Applications/Xcode.app/Contents/Developer/ADC Reference Library/documentation/DeveloperTools
               SYSTEM_DEVELOPER_TOOLS_RELEASENOTES_DIR = /Applications/Xcode.app/Contents/Developer/ADC Reference Library/releasenotes/DeveloperTools
               SYSTEM_DEVELOPER_USR_DIR = /Applications/Xcode.app/Contents/Developer/usr
               SYSTEM_DEVELOPER_UTILITIES_DIR = /Applications/Xcode.app/Contents/Developer/Applications/Utilities
               SYSTEM_DEXT_INSTALL_PATH = /System/Library/DriverExtensions
               SYSTEM_DOCUMENTATION_DIR = /Library/Documentation
               SYSTEM_EXTENSIONS_FOLDER_PATH = permission_handler_apple.framework/SystemExtensions
               SYSTEM_EXTENSIONS_FOLDER_PATH_SHALLOW_BUNDLE_NO = permission_handler_apple.framework/Library/SystemExtensions
               SYSTEM_EXTENSIONS_FOLDER_PATH_SHALLOW_BUNDLE_YES = permission_handler_apple.framework/SystemExtensions
               SYSTEM_KEXT_INSTALL_PATH = /System/Library/Extensions
               SYSTEM_LIBRARY_DIR = /System/Library
               TAPI_DEMANGLE = YES
               TAPI_ENABLE_PROJECT_HEADERS = NO
               TAPI_LANGUAGE = objective-c
               TAPI_LANGUAGE_STANDARD = compiler-default
               TAPI_USE_SRCROOT = YES
               TAPI_VERIFY_MODE = Pedantic
               TARGETED_DEVICE_FAMILY = 1,2
               TARGETNAME = permission_handler_apple
               TARGET_BUILD_DIR = /Users/carl.stanley/sites/UKCPA/ukcpa_flutter/build/ios/Release-iphonesimulator/permission_handler_apple
               TARGET_NAME = permission_handler_apple
               TARGET_TEMP_DIR = /Users/carl.stanley/sites/UKCPA/ukcpa_flutter/build/ios/Pods.build/Release-iphonesimulator/permission_handler_apple.build
               TEMP_DIR = /Users/carl.stanley/sites/UKCPA/ukcpa_flutter/build/ios/Pods.build/Release-iphonesimulator/permission_handler_apple.build
               TEMP_FILES_DIR = /Users/carl.stanley/sites/UKCPA/ukcpa_flutter/build/ios/Pods.build/Release-iphonesimulator/permission_handler_apple.build
               TEMP_FILE_DIR = /Users/carl.stanley/sites/UKCPA/ukcpa_flutter/build/ios/Pods.build/Release-iphonesimulator/permission_handler_apple.build
               TEMP_ROOT = /Users/carl.stanley/sites/UKCPA/ukcpa_flutter/build/ios
               TEST_FRAMEWORK_SEARCH_PATHS =  /Applications/Xcode.app/Contents/Developer/Platforms/iPhoneSimulator.platform/Developer/Library/Frameworks /Applications/Xcode.app/Contents/Developer/Platforms/iPhoneSimulator.platform/Developer/SDKs/iPhoneSimulator18.0.sdk/Developer/Library/Frameworks
               TEST_LIBRARY_SEARCH_PATHS =  /Applications/Xcode.app/Contents/Developer/Platforms/iPhoneSimulator.platform/Developer/usr/lib
               TOOLCHAINS = com.apple.dt.toolchain.XcodeDefault
               TOOLCHAIN_DIR = /Applications/Xcode.app/Contents/Developer/Toolchains/XcodeDefault.xctoolchain
               TREAT_MISSING_BASELINES_AS_TEST_FAILURES = NO
               TREAT_MISSING_SCRIPT_PHASE_OUTPUTS_AS_ERRORS = NO
               UID = 502
               UNINSTALLED_PRODUCTS_DIR = /Users/carl.stanley/sites/UKCPA/ukcpa_flutter/build/ios/UninstalledProducts
               UNLOCALIZED_RESOURCES_FOLDER_PATH = permission_handler_apple.framework
               UNLOCALIZED_RESOURCES_FOLDER_PATH_SHALLOW_BUNDLE_NO = permission_handler_apple.framework/Resources
               UNLOCALIZED_RESOURCES_FOLDER_PATH_SHALLOW_BUNDLE_YES = permission_handler_apple.framework
               UNSTRIPPED_PRODUCT = NO
               USER = carl.stanley
               USER_APPS_DIR = /Users/carl.stanley/Applications
               USER_LIBRARY_DIR = /Users/carl.stanley/Library
               USE_DYNAMIC_NO_PIC = YES
               USE_HEADERMAP = YES
               USE_HEADER_SYMLINKS = NO
               USE_RECURSIVE_SCRIPT_INPUTS_IN_SCRIPT_PHASES = YES
               VALIDATE_DEVELOPMENT_ASSET_PATHS = YES_ERROR
               VALIDATE_PRODUCT = YES
               VALID_ARCHS = arm64 x86_64
               VERBOSE_PBXCP = NO
               VERSIONING_SYSTEM = apple-generic
               VERSIONPLIST_PATH = permission_handler_apple.framework/version.plist
               VERSIONS_FOLDER_PATH = permission_handler_apple.framework
               VERSIONS_FOLDER_PATH_SHALLOW_BUNDLE_NO = permission_handler_apple.framework/Versions
               VERSIONS_FOLDER_PATH_SHALLOW_BUNDLE_YES = permission_handler_apple.framework
               VERSION_INFO_BUILDER = carl.stanley
               VERSION_INFO_FILE = permission_handler_apple_vers.c
               VERSION_INFO_STRING = "@(#)PROGRAM:permission_handler_apple  PROJECT:Pods-1"
               WORKSPACE_DIR = /Users/carl.stanley/sites/UKCPA/ukcpa_flutter/ios/Pods/Pods.xcodeproj
               WRAPPER_EXTENSION = framework
               WRAPPER_NAME = permission_handler_apple.framework
               WRAPPER_SUFFIX = .framework
               WRAP_ASSET_PACKS_IN_SEPARATE_DIRECTORIES = NO
               XCODE_APP_SUPPORT_DIR = /Applications/Xcode.app/Contents/Developer/Library/Xcode
               XCODE_PRODUCT_BUILD_VERSION = 16A242d
               XCODE_VERSION_ACTUAL = 1600
               XCODE_VERSION_MAJOR = 1600
               XCODE_VERSION_MINOR = 1600
               XPCSERVICES_FOLDER_PATH = permission_handler_apple.framework/XPCServices
               YACC = yacc
               _WRAPPER_CONTENTS_DIR_SHALLOW_BUNDLE_NO = /Contents
               _WRAPPER_PARENT_PATH_SHALLOW_BUNDLE_NO = /..
               _WRAPPER_RESOURCES_DIR_SHALLOW_BUNDLE_NO = /Resources
               arch = undefined_arch
               variant = normal

           Build settings for action build and target permission_handler_apple-permission_handler_apple_privacy:
               ACTION = build
               AD_HOC_CODE_SIGNING_ALLOWED = YES
               ALLOW_BUILD_REQUEST_OVERRIDES = NO
               ALLOW_TARGET_PLATFORM_SPECIALIZATION = NO
               ALTERNATE_GROUP = staff
               ALTERNATE_MODE = u+w,go-w,a+rX
               ALTERNATE_OWNER = carl.stanley
               ALTERNATIVE_DISTRIBUTION_WEB = NO
               ALWAYS_EMBED_SWIFT_STANDARD_LIBRARIES = NO
               ALWAYS_SEARCH_USER_PATHS = NO
               ALWAYS_USE_SEPARATE_HEADERMAPS = NO
               APPLE_INTERNAL_DEVELOPER_DIR = /AppleInternal/Developer
               APPLE_INTERNAL_DIR = /AppleInternal
               APPLE_INTERNAL_DOCUMENTATION_DIR = /AppleInternal/Documentation
               APPLE_INTERNAL_LIBRARY_DIR = /AppleInternal/Library
               APPLE_INTERNAL_TOOLS = /AppleInternal/Developer/Tools
               APPLICATION_EXTENSION_API_ONLY = NO
               APPLY_RULES_IN_COPY_FILES = NO
               APPLY_RULES_IN_COPY_HEADERS = NO
               APP_SHORTCUTS_ENABLE_FLEXIBLE_MATCHING = YES
               ARCHS = arm64 x86_64
               ARCHS_STANDARD = arm64 x86_64
               ARCHS_STANDARD_32_64_BIT = arm64 i386 x86_64
               ARCHS_STANDARD_32_BIT = i386
               ARCHS_STANDARD_64_BIT = arm64 x86_64
               ARCHS_STANDARD_INCLUDING_64_BIT = arm64 x86_64
               ARCHS_UNIVERSAL_IPHONE_OS = arm64 i386 x86_64
               ASSETCATALOG_COMPILER_GENERATE_ASSET_SYMBOLS = YES
               AUTOMATICALLY_MERGE_DEPENDENCIES = NO
               AVAILABLE_PLATFORMS = appletvos appletvsimulator driverkit iphoneos iphonesimulator macosx watchos watchsimulator xros xrsimulator
               BITCODE_GENERATION_MODE = marker
               BUILD_ACTIVE_RESOURCES_ONLY = NO
               BUILD_COMPONENTS = headers build
               BUILD_DIR = /Users/carl.stanley/sites/UKCPA/ukcpa_flutter/build/ios
               BUILD_LIBRARY_FOR_DISTRIBUTION = NO
               BUILD_ROOT = /Users/carl.stanley/sites/UKCPA/ukcpa_flutter/ios/build
               BUILD_STYLE = 
               BUILD_VARIANTS = normal
               BUILT_PRODUCTS_DIR = /Users/carl.stanley/sites/UKCPA/ukcpa_flutter/build/ios/Release-iphonesimulator/permission_handler_apple
               BUNDLE_CONTENTS_FOLDER_PATH_deep = Contents/
               BUNDLE_EXECUTABLE_FOLDER_NAME_deep = MacOS
               BUNDLE_EXTENSIONS_FOLDER_PATH = Extensions
               BUNDLE_FORMAT = shallow
               BUNDLE_FRAMEWORKS_FOLDER_PATH = Frameworks
               BUNDLE_PLUGINS_FOLDER_PATH = PlugIns
               BUNDLE_PRIVATE_HEADERS_FOLDER_PATH = PrivateHeaders
               BUNDLE_PUBLIC_HEADERS_FOLDER_PATH = Headers
               CACHE_ROOT = /var/folders/20/skb3d8qx2hn9r9z8036y32g40000gp/C/com.apple.DeveloperTools/16.0-16A242d/Xcode
               CCHROOT = /var/folders/20/skb3d8qx2hn9r9z8036y32g40000gp/C/com.apple.DeveloperTools/16.0-16A242d/Xcode
               CHMOD = /bin/chmod
               CHOWN = /usr/sbin/chown
               CLANG_ANALYZER_LOCALIZABILITY_NONLOCALIZED = YES
               CLANG_ANALYZER_NONNULL = YES
               CLANG_ANALYZER_NUMBER_OBJECT_CONVERSION = YES_AGGRESSIVE
               CLANG_CACHE_FINE_GRAINED_OUTPUTS = YES
               CLANG_CXX_LANGUAGE_STANDARD = gnu++14
               CLANG_CXX_LIBRARY = libc++
               CLANG_ENABLE_EXPLICIT_MODULES = YES
               CLANG_ENABLE_MODULES = YES
               CLANG_ENABLE_OBJC_ARC = YES
               CLANG_ENABLE_OBJC_WEAK = YES
               CLANG_MODULES_BUILD_SESSION_FILE = /var/folders/20/skb3d8qx2hn9r9z8036y32g40000gp/C/org.llvm.clang/ModuleCache.noindex/Session.modulevalidation
               CLANG_WARN_BLOCK_CAPTURE_AUTORELEASING = YES
               CLANG_WARN_BOOL_CONVERSION = YES
               CLANG_WARN_COMMA = YES
               CLANG_WARN_CONSTANT_CONVERSION = YES
               CLANG_WARN_DEPRECATED_OBJC_IMPLEMENTATIONS = YES
               CLANG_WARN_DIRECT_OBJC_ISA_USAGE = YES_ERROR
               CLANG_WARN_DOCUMENTATION_COMMENTS = YES
               CLANG_WARN_EMPTY_BODY = YES
               CLANG_WARN_ENUM_CONVERSION = YES
               CLANG_WARN_INFINITE_RECURSION = YES
               CLANG_WARN_INT_CONVERSION = YES
               CLANG_WARN_NON_LITERAL_NULL_CONVERSION = YES
               CLANG_WARN_OBJC_IMPLICIT_RETAIN_SELF = YES
               CLANG_WARN_OBJC_LITERAL_CONVERSION = YES
               CLANG_WARN_OBJC_ROOT_CLASS = YES_ERROR
               CLANG_WARN_QUOTED_INCLUDE_IN_FRAMEWORK_HEADER = NO
               CLANG_WARN_RANGE_LOOP_ANALYSIS = YES
               CLANG_WARN_STRICT_PROTOTYPES = YES
               CLANG_WARN_SUSPICIOUS_MOVE = YES
               CLANG_WARN_UNGUARDED_AVAILABILITY = YES_AGGRESSIVE
               CLANG_WARN_UNREACHABLE_CODE = YES
               CLANG_WARN__DUPLICATE_METHOD_MATCH = YES
               CLASS_FILE_DIR = /Users/carl.stanley/sites/UKCPA/ukcpa_flutter/build/ios/Pods.build/Release-iphonesimulator/permission_handler_apple-permission_handler_apple_privacy.build/JavaClasses
               CLEAN_PRECOMPS = YES
               CLONE_HEADERS = NO
               CODESIGNING_FOLDER_PATH = /Users/carl.stanley/sites/UKCPA/ukcpa_flutter/build/ios/Release-iphonesimulator/permission_handler_apple/permission_handler_apple_privacy.bundle
               CODE_SIGNING_ALLOWED = NO
               CODE_SIGNING_IDENTITY = -
               CODE_SIGNING_REQUIRED = NO
               CODE_SIGN_CONTEXT_CLASS = XCiPhoneSimulatorCodeSignContext
               CODE_SIGN_IDENTITY = -
               CODE_SIGN_INJECT_BASE_ENTITLEMENTS = YES
               COLOR_DIAGNOSTICS = NO
               COMBINE_HIDPI_IMAGES = NO
               COMPILATION_CACHE_CAS_PATH = /var/folders/20/skb3d8qx2hn9r9z8036y32g40000gp/C/com.apple.DeveloperTools/16.0-16A242d/Xcode/CompilationCache.noindex
               COMPILATION_CACHE_KEEP_CAS_DIRECTORY = YES
               COMPILER_INDEX_STORE_ENABLE = Default
               COMPOSITE_SDK_DIRS = /Users/carl.stanley/sites/UKCPA/ukcpa_flutter/build/ios/CompositeSDKs
               COMPRESS_PNG_FILES = YES
               CONFIGURATION = Release
               CONFIGURATION_BUILD_DIR = /Users/carl.stanley/sites/UKCPA/ukcpa_flutter/build/ios/Release-iphonesimulator/permission_handler_apple
               CONFIGURATION_TEMP_DIR = /Users/carl.stanley/sites/UKCPA/ukcpa_flutter/build/ios/Pods.build/Release-iphonesimulator
               CONTENTS_FOLDER_PATH = permission_handler_apple_privacy.bundle
               CONTENTS_FOLDER_PATH_SHALLOW_BUNDLE_NO = permission_handler_apple_privacy.bundle/Contents
               CONTENTS_FOLDER_PATH_SHALLOW_BUNDLE_YES = permission_handler_apple_privacy.bundle
               COPYING_PRESERVES_HFS_DATA = NO
               COPY_HEADERS_RUN_UNIFDEF = NO
               COPY_PHASE_STRIP = NO
               CORRESPONDING_DEVICE_PLATFORM_DIR = /Applications/Xcode.app/Contents/Developer/Platforms/iPhoneOS.platform
               CORRESPONDING_DEVICE_PLATFORM_NAME = iphoneos
               CORRESPONDING_DEVICE_SDK_DIR = /Applications/Xcode.app/Contents/Developer/Platforms/iPhoneOS.platform/Developer/SDKs/iPhoneOS18.0.sdk
               CORRESPONDING_DEVICE_SDK_NAME = iphoneos18.0
               CP = /bin/cp
               CREATE_INFOPLIST_SECTION_IN_BINARY = NO
               CURRENT_ARCH = undefined_arch
               CURRENT_VARIANT = normal
               DEAD_CODE_STRIPPING = YES
               DEBUGGING_SYMBOLS = YES
               DEBUG_INFORMATION_FORMAT = dwarf-with-dsym
               DEBUG_INFORMATION_VERSION = compiler-default
               DEFAULT_COMPILER = com.apple.compilers.llvm.clang.1_0
               DEFAULT_DEXT_INSTALL_PATH = /System/Library/DriverExtensions
               DEFAULT_KEXT_INSTALL_PATH = /System/Library/Extensions
               DEFINES_MODULE = NO
               DEPLOYMENT_LOCATION = NO
               DEPLOYMENT_POSTPROCESSING = NO
               DEPLOYMENT_TARGET_SETTING_NAME = IPHONEOS_DEPLOYMENT_TARGET
               DEPLOYMENT_TARGET_SUGGESTED_VALUES = 12.0 12.1 12.2 12.3 12.4 13.0 13.1 13.2 13.3 13.4 13.5 13.6 14.0 14.1 14.2 14.3 14.4 14.5 14.6 14.7 15.0 15.1 15.2 15.3 15.4 15.5 15.6 16.0 16.1 16.2 16.3 16.4 16.5 16.6 17.0 17.1 17.2 17.3 17.4 17.5 17.6 18.0
               DERIVED_FILES_DIR = /Users/carl.stanley/sites/UKCPA/ukcpa_flutter/build/ios/Pods.build/Release-iphonesimulator/permission_handler_apple-permission_handler_apple_privacy.build/DerivedSources
               DERIVED_FILE_DIR = /Users/carl.stanley/sites/UKCPA/ukcpa_flutter/build/ios/Pods.build/Release-iphonesimulator/permission_handler_apple-permission_handler_apple_privacy.build/DerivedSources
               DERIVED_SOURCES_DIR = /Users/carl.stanley/sites/UKCPA/ukcpa_flutter/build/ios/Pods.build/Release-iphonesimulator/permission_handler_apple-permission_handler_apple_privacy.build/DerivedSources
               DEVELOPER_APPLICATIONS_DIR = /Applications/Xcode.app/Contents/Developer/Applications
               DEVELOPER_BIN_DIR = /Applications/Xcode.app/Contents/Developer/usr/bin
               DEVELOPER_DIR = /Applications/Xcode.app/Contents/Developer
               DEVELOPER_FRAMEWORKS_DIR = /Applications/Xcode.app/Contents/Developer/Library/Frameworks
               DEVELOPER_FRAMEWORKS_DIR_QUOTED = /Applications/Xcode.app/Contents/Developer/Library/Frameworks
               DEVELOPER_LIBRARY_DIR = /Applications/Xcode.app/Contents/Developer/Library
               DEVELOPER_SDK_DIR = /Applications/Xcode.app/Contents/Developer/Platforms/MacOSX.platform/Developer/SDKs
               DEVELOPER_TOOLS_DIR = /Applications/Xcode.app/Contents/Developer/Tools
               DEVELOPER_USR_DIR = /Applications/Xcode.app/Contents/Developer/usr
               DEVELOPMENT_LANGUAGE = en
               DIFF = /usr/bin/diff
               DOCUMENTATION_FOLDER_PATH = permission_handler_apple_privacy.bundle/en.lproj/Documentation
               DONT_GENERATE_INFOPLIST_FILE = NO
               DSTROOT = /tmp/Pods.dst
               DT_TOOLCHAIN_DIR = /Applications/Xcode.app/Contents/Developer/Toolchains/XcodeDefault.xctoolchain
               DWARF_DSYM_FILE_NAME = permission_handler_apple_privacy.bundle.dSYM
               DWARF_DSYM_FILE_SHOULD_ACCOMPANY_PRODUCT = NO
               DWARF_DSYM_FOLDER_PATH = /Users/carl.stanley/sites/UKCPA/ukcpa_flutter/build/ios/Release-iphonesimulator/permission_handler_apple
               DYNAMIC_LIBRARY_EXTENSION = dylib
               EAGER_COMPILATION_ALLOW_SCRIPTS = NO
               EAGER_LINKING = NO
               EFFECTIVE_PLATFORM_NAME = -iphonesimulator
               EMBEDDED_CONTENT_CONTAINS_SWIFT = NO
               EMBED_ASSET_PACKS_IN_PRODUCT_BUNDLE = NO
               ENABLE_APP_SANDBOX = NO
               ENABLE_BITCODE = NO
               ENABLE_CODE_COVERAGE = YES
               ENABLE_DEFAULT_HEADER_SEARCH_PATHS = YES
               ENABLE_DEFAULT_SEARCH_PATHS = YES
               ENABLE_HARDENED_RUNTIME = NO
               ENABLE_HEADER_DEPENDENCIES = YES
               ENABLE_NS_ASSERTIONS = NO
               ENABLE_ON_DEMAND_RESOURCES = NO
               ENABLE_STRICT_OBJC_MSGSEND = YES
               ENABLE_TESTABILITY = NO
               ENABLE_TESTING_SEARCH_PATHS = NO
               ENABLE_USER_SCRIPT_SANDBOXING = NO
               ENTITLEMENTS_DESTINATION = __entitlements
               ENTITLEMENTS_REQUIRED = NO
               EXCLUDED_INSTALLSRC_SUBDIRECTORY_PATTERNS = .DS_Store .svn .git .hg CVS
               EXCLUDED_RECURSIVE_SEARCH_PATH_SUBDIRECTORIES = *.nib *.lproj *.framework *.gch *.xcode* *.xcassets (*) .DS_Store CVS .svn .git .hg *.pbproj *.pbxproj
               EXECUTABLES_FOLDER_PATH = permission_handler_apple_privacy.bundle/Executables
               EXECUTABLE_FOLDER_PATH = permission_handler_apple_privacy.bundle
               EXECUTABLE_FOLDER_PATH_SHALLOW_BUNDLE_NO = permission_handler_apple_privacy.bundle/MacOS
               EXECUTABLE_FOLDER_PATH_SHALLOW_BUNDLE_YES = permission_handler_apple_privacy.bundle
               EXECUTABLE_NAME = permission_handler_apple_privacy
               EXECUTABLE_PATH = permission_handler_apple_privacy.bundle/permission_handler_apple_privacy
               EXPANDED_CODE_SIGN_IDENTITY = -
               EXTENSIONS_FOLDER_PATH = permission_handler_apple_privacy.bundle/Extensions
               FILE_LIST = /Users/carl.stanley/sites/UKCPA/ukcpa_flutter/build/ios/Pods.build/Release-iphonesimulator/permission_handler_apple-permission_handler_apple_privacy.build/Objects/LinkFileList
               FIXED_FILES_DIR = /Users/carl.stanley/sites/UKCPA/ukcpa_flutter/build/ios/Pods.build/Release-iphonesimulator/permission_handler_apple-permission_handler_apple_privacy.build/FixedFiles
               FRAMEWORKS_FOLDER_PATH = permission_handler_apple_privacy.bundle/Frameworks
               FRAMEWORK_FLAG_PREFIX = -framework
               FRAMEWORK_SEARCH_PATHS = /Users/carl.stanley/sites/UKCPA/ukcpa_flutter/build/ios/Release-iphonesimulator/permission_handler_apple 
               FRAMEWORK_VERSION = A
               FULL_PRODUCT_NAME = permission_handler_apple_privacy.bundle
               FUSE_BUILD_PHASES = YES
               FUSE_BUILD_SCRIPT_PHASES = NO
               GCC3_VERSION = 3.3
               GCC_C_LANGUAGE_STANDARD = gnu11
               GCC_INLINES_ARE_PRIVATE_EXTERN = YES
               GCC_NO_COMMON_BLOCKS = YES
               GCC_OBJC_LEGACY_DISPATCH = YES
               GCC_PFE_FILE_C_DIALECTS = c objective-c c++ objective-c++
               GCC_PREPROCESSOR_DEFINITIONS = POD_CONFIGURATION_RELEASE=1  COCOAPODS=1
               GCC_TREAT_WARNINGS_AS_ERRORS = NO
               GCC_VERSION = com.apple.compilers.llvm.clang.1_0
               GCC_VERSION_IDENTIFIER = com_apple_compilers_llvm_clang_1_0
               GCC_WARN_64_TO_32_BIT_CONVERSION = YES
               GCC_WARN_ABOUT_RETURN_TYPE = YES_ERROR
               GCC_WARN_UNDECLARED_SELECTOR = YES
               GCC_WARN_UNINITIALIZED_AUTOS = YES_AGGRESSIVE
               GCC_WARN_UNUSED_FUNCTION = YES
               GCC_WARN_UNUSED_VARIABLE = YES
               GENERATED_MODULEMAP_DIR = /Users/carl.stanley/sites/UKCPA/ukcpa_flutter/build/ios/GeneratedModuleMaps-iphonesimulator
               GENERATE_INFOPLIST_FILE = NO
               GENERATE_INTERMEDIATE_TEXT_BASED_STUBS = YES
               GENERATE_MASTER_OBJECT_FILE = NO
               GENERATE_PKGINFO_FILE = NO
               GENERATE_PROFILING_CODE = NO
               GENERATE_TEXT_BASED_STUBS = NO
               GID = 20
               GROUP = staff
               HEADERMAP_INCLUDES_FLAT_ENTRIES_FOR_TARGET_BEING_BUILT = YES
               HEADERMAP_INCLUDES_FRAMEWORK_ENTRIES_FOR_ALL_PRODUCT_TYPES = YES
               HEADERMAP_INCLUDES_FRAMEWORK_ENTRIES_FOR_TARGETS_NOT_BEING_BUILT = YES
               HEADERMAP_INCLUDES_NONPUBLIC_NONPRIVATE_HEADERS = YES
               HEADERMAP_INCLUDES_PROJECT_HEADERS = YES
               HEADERMAP_USES_FRAMEWORK_PREFIX_ENTRIES = YES
               HEADERMAP_USES_VFS = NO
               HEADER_SEARCH_PATHS = /Users/carl.stanley/sites/UKCPA/ukcpa_flutter/build/ios/Release-iphonesimulator/permission_handler_apple/include 
               HIDE_BITCODE_SYMBOLS = YES
               HOME = /Users/carl.stanley
               HOST_ARCH = arm64
               HOST_PLATFORM = macosx
               IBSC_MODULE = permission_handler_apple
               ICONV = /usr/bin/iconv
               IMPLICIT_DEPENDENCY_DOMAIN = default
               INFOPLIST_ENABLE_CFBUNDLEICONS_MERGE = YES
               INFOPLIST_EXPAND_BUILD_SETTINGS = YES
               INFOPLIST_FILE = Target Support Files/permission_handler_apple/ResourceBundle-permission_handler_apple_privacy-permission_handler_apple-Info.plist
               INFOPLIST_OUTPUT_FORMAT = binary
               INFOPLIST_PATH = permission_handler_apple_privacy.bundle/Info.plist
               INFOPLIST_PREPROCESS = NO
               INFOSTRINGS_PATH = permission_handler_apple_privacy.bundle/en.lproj/InfoPlist.strings
               INLINE_PRIVATE_FRAMEWORKS = NO
               INSTALLHDRS_COPY_PHASE = NO
               INSTALLHDRS_SCRIPT_PHASE = NO
               INSTALL_DIR = /tmp/Pods.dst
               INSTALL_GROUP = staff
               INSTALL_MODE_FLAG = u+w,go-w,a+rX
               INSTALL_OWNER = carl.stanley
               INSTALL_ROOT = /tmp/Pods.dst
               IPHONEOS_DEPLOYMENT_TARGET = 13.0
               IS_UNOPTIMIZED_BUILD = NO
               JAVAC_DEFAULT_FLAGS = -J-Xms64m -J-XX:NewSize=4M -J-Dfile.encoding=UTF8
               JAVA_APP_STUB = /System/Library/Frameworks/JavaVM.framework/Resources/MacOS/JavaApplicationStub
               JAVA_ARCHIVE_CLASSES = YES
               JAVA_ARCHIVE_TYPE = JAR
               JAVA_COMPILER = /usr/bin/javac
               JAVA_FOLDER_PATH = permission_handler_apple_privacy.bundle/Java
               JAVA_FRAMEWORK_RESOURCES_DIRS = Resources
               JAVA_JAR_FLAGS = cv
               JAVA_SOURCE_SUBDIR = .
               JAVA_USE_DEPENDENCIES = YES
               JAVA_ZIP_FLAGS = -urg
               JIKES_DEFAULT_FLAGS = +E +OLDCSO
               KEEP_PRIVATE_EXTERNS = NO
               LD_DEPENDENCY_INFO_FILE = /Users/carl.stanley/sites/UKCPA/ukcpa_flutter/build/ios/Pods.build/Release-iphonesimulator/permission_handler_apple-permission_handler_apple_privacy.build/Objects-normal/undefined_arch/permission_handler_apple_privacy_dependency_info.dat
               LD_EXPORT_SYMBOLS = YES
               LD_GENERATE_MAP_FILE = NO
               LD_MAP_FILE_PATH = /Users/carl.stanley/sites/UKCPA/ukcpa_flutter/build/ios/Pods.build/Release-iphonesimulator/permission_handler_apple-permission_handler_apple_privacy.build/permission_handler_apple_privacy-LinkMap-normal-undefined_arch.txt
               LD_NO_PIE = NO
               LD_QUOTE_LINKER_ARGUMENTS_FOR_COMPILER_DRIVER = YES
               LD_SHARED_CACHE_ELIGIBLE = Automatic
               LD_WARN_DUPLICATE_LIBRARIES = NO
               LD_WARN_UNUSED_DYLIBS = NO
               LEGACY_DEVELOPER_DIR = /Applications/Xcode.app/Contents/PlugIns/Xcode3Core.ideplugin/Contents/SharedSupport/Developer
               LEX = lex
               LIBRARY_DEXT_INSTALL_PATH = /Library/DriverExtensions
               LIBRARY_FLAG_NOSPACE = YES
               LIBRARY_FLAG_PREFIX = -l
               LIBRARY_KEXT_INSTALL_PATH = /Library/Extensions
               LIBRARY_SEARCH_PATHS = /Users/carl.stanley/sites/UKCPA/ukcpa_flutter/build/ios/Release-iphonesimulator/permission_handler_apple 
               LINKER_DISPLAYS_MANGLED_NAMES = NO
               LINK_FILE_LIST_normal_arm64 = /Users/carl.stanley/sites/UKCPA/ukcpa_flutter/build/ios/Pods.build/Release-iphonesimulator/permission_handler_apple-permission_handler_apple_privacy.build/Objects-normal/arm64/permission_handler_apple_privacy.LinkFileList
               LINK_FILE_LIST_normal_x86_64 = /Users/carl.stanley/sites/UKCPA/ukcpa_flutter/build/ios/Pods.build/Release-iphonesimulator/permission_handler_apple-permission_handler_apple_privacy.build/Objects-normal/x86_64/permission_handler_apple_privacy.LinkFileList
               LINK_OBJC_RUNTIME = YES
               LINK_WITH_STANDARD_LIBRARIES = YES
               LLVM_TARGET_TRIPLE_OS_VERSION = ios13.0
               LLVM_TARGET_TRIPLE_SUFFIX = -simulator
               LLVM_TARGET_TRIPLE_VENDOR = apple
               LM_AUX_CONST_METADATA_LIST_PATH_normal_arm64 = /Users/carl.stanley/sites/UKCPA/ukcpa_flutter/build/ios/Pods.build/Release-iphonesimulator/permission_handler_apple-permission_handler_apple_privacy.build/Objects-normal/arm64/permission_handler_apple_privacy.SwiftConstValuesFileList
               LM_AUX_CONST_METADATA_LIST_PATH_normal_x86_64 = /Users/carl.stanley/sites/UKCPA/ukcpa_flutter/build/ios/Pods.build/Release-iphonesimulator/permission_handler_apple-permission_handler_apple_privacy.build/Objects-normal/x86_64/permission_handler_apple_privacy.SwiftConstValuesFileList
               LOCALIZATION_EXPORT_SUPPORTED = YES
               LOCALIZATION_PREFERS_STRING_CATALOGS = NO
               LOCALIZED_RESOURCES_FOLDER_PATH = permission_handler_apple_privacy.bundle/en.lproj
               LOCALIZED_STRING_MACRO_NAMES = NSLocalizedString CFCopyLocalizedString
               LOCALIZED_STRING_SWIFTUI_SUPPORT = YES
               LOCAL_ADMIN_APPS_DIR = /Applications/Utilities
               LOCAL_APPS_DIR = /Applications
               LOCAL_DEVELOPER_DIR = /Library/Developer
               LOCAL_LIBRARY_DIR = /Library
               LOCROOT = /Users/carl.stanley/sites/UKCPA/ukcpa_flutter/ios/Pods
               LOCSYMROOT = /Users/carl.stanley/sites/UKCPA/ukcpa_flutter/ios/Pods
               MACH_O_TYPE = mh_bundle
               MAC_OS_X_PRODUCT_BUILD_VERSION = 24G84
               MAC_OS_X_VERSION_ACTUAL = 150600
               MAC_OS_X_VERSION_MAJOR = 150000
               MAC_OS_X_VERSION_MINOR = 150600
               MAKE_MERGEABLE = NO
               MERGEABLE_LIBRARY = NO
               MERGED_BINARY_TYPE = none
               MERGE_LINKED_LIBRARIES = NO
               METAL_LIBRARY_FILE_BASE = default
               METAL_LIBRARY_OUTPUT_DIR = /Users/carl.stanley/sites/UKCPA/ukcpa_flutter/build/ios/Release-iphonesimulator/permission_handler_apple/permission_handler_apple_privacy.bundle
               MODULES_FOLDER_PATH = permission_handler_apple_privacy.bundle/Modules
               MTL_ENABLE_DEBUG_INFO = NO
               MTL_FAST_MATH = YES
               NATIVE_ARCH = arm64
               NATIVE_ARCH_32_BIT = arm
               NATIVE_ARCH_64_BIT = arm64
               NATIVE_ARCH_ACTUAL = arm64
               NO_COMMON = YES
               OBJC_ABI_VERSION = 2
               OBJECT_FILE_DIR = /Users/carl.stanley/sites/UKCPA/ukcpa_flutter/build/ios/Pods.build/Release-iphonesimulator/permission_handler_apple-permission_handler_apple_privacy.build/Objects
               OBJECT_FILE_DIR_normal = /Users/carl.stanley/sites/UKCPA/ukcpa_flutter/build/ios/Pods.build/Release-iphonesimulator/permission_handler_apple-permission_handler_apple_privacy.build/Objects-normal
               OBJROOT = /Users/carl.stanley/sites/UKCPA/ukcpa_flutter/build/ios
               ONLY_ACTIVE_ARCH = NO
               OS = MACOS
               OSAC = /usr/bin/osacompile
               PACKAGE_TYPE = com.apple.package-type.wrapper
               PASCAL_STRINGS = YES
               PATH = /Applications/Xcode.app/Contents/SharedFrameworks/XCBuild.framework/Versions/A/PlugIns/XCBBuildService.bundle/Contents/PlugIns/XCBSpecifications.ideplugin/Contents/Resources:/Applications/Xcode.app/Contents/SharedFrameworks/XCBuild.framework/Versions/A/PlugIns/XCBBuildService.bundle/Contents/PlugIns/XCBSpecifications.ideplugin:/Applications/Xcode.app/Contents/Developer/Toolchains/XcodeDefault.xctoolchain/usr/bin:/Applications/Xcode.app/Contents/Developer/Toolchains/XcodeDefault.xctoolchain/usr/appleinternal/bin:/Applications/Xcode.app/Contents/Developer/Toolchains/XcodeDefault.xctoolchain/usr/local/bin:/Applications/Xcode.app/Contents/Developer/Toolchains/XcodeDefault.xctoolchain/usr/libexec:/Applications/Xcode.app/Contents/Developer/Platforms/iPhoneSimulator.platform/usr/bin:/Applications/Xcode.app/Contents/Developer/Platforms/iPhoneSimulator.platform/usr/appleinternal/bin:/Applications/Xcode.app/Contents/Developer/Platforms/iPhoneSimulator.platform/usr/local/bin:/Applications/Xcode.app/Contents/Developer/Platforms/iPhoneSimulator.platform/Developer/usr/bin:/Applications/Xcode.app/Contents/Developer/Platforms/iPhoneSimulator.platform/Developer/usr/local/bin:/Applications/Xcode.app/Contents/Developer/usr/bin:/Applications/Xcode.app/Contents/Developer/usr/local/bin:/opt/homebrew/Cellar/pyenv-virtualenv/1.2.4/shims:/Users/carl.stanley/.pyenv/shims:/Users/carl.stanley/.pyenv/bin:/Users/carl.stanley/.nvm/versions/node/v18.17.0/bin:/Users/carl.stanley/development/flutter/bin:/opt/homebrew/bin:/opt/homebrew/sbin:/Users/carl.stanley/.local/bin:/usr/local/bin:/System/Cryptexes/App/usr/bin:/usr/bin:/bin:/usr/sbin:/sbin:/var/run/com.apple.security.cryptexd/codex.system/bootstrap/usr/local/bin:/var/run/com.apple.security.cryptexd/codex.system/bootstrap/usr/bin:/var/run/com.apple.security.cryptexd/codex.system/bootstrap/usr/appleinternal/bin:/Library/Apple/usr/bin:/usr/local/sbin:/usr/local/go/bin:/Users/carl.stanley/.pub-cache/bin
               PATH_PREFIXES_EXCLUDED_FROM_HEADER_DEPENDENCIES = /usr/include /usr/local/include /System/Library/Frameworks /System/Library/PrivateFrameworks /Applications/Xcode.app/Contents/Developer/Headers /Applications/Xcode.app/Contents/Developer/SDKs /Applications/Xcode.app/Contents/Developer/Platforms
               PBDEVELOPMENTPLIST_PATH = permission_handler_apple_privacy.bundle/pbdevelopment.plist
               PER_ARCH_OBJECT_FILE_DIR = /Users/carl.stanley/sites/UKCPA/ukcpa_flutter/build/ios/Pods.build/Release-iphonesimulator/permission_handler_apple-permission_handler_apple_privacy.build/Objects-normal/undefined_arch
               PER_VARIANT_OBJECT_FILE_DIR = /Users/carl.stanley/sites/UKCPA/ukcpa_flutter/build/ios/Pods.build/Release-iphonesimulator/permission_handler_apple-permission_handler_apple_privacy.build/Objects-normal
               PKGINFO_FILE_PATH = /Users/carl.stanley/sites/UKCPA/ukcpa_flutter/build/ios/Pods.build/Release-iphonesimulator/permission_handler_apple-permission_handler_apple_privacy.build/PkgInfo
               PKGINFO_PATH = permission_handler_apple_privacy.bundle/PkgInfo
               PLATFORM_DEVELOPER_APPLICATIONS_DIR = /Applications/Xcode.app/Contents/Developer/Platforms/iPhoneSimulator.platform/Developer/Applications
               PLATFORM_DEVELOPER_BIN_DIR = /Applications/Xcode.app/Contents/Developer/Platforms/iPhoneSimulator.platform/Developer/usr/bin
               PLATFORM_DEVELOPER_LIBRARY_DIR = /Applications/Xcode.app/Contents/Developer/Platforms/iPhoneSimulator.platform/Developer/Library
               PLATFORM_DEVELOPER_SDK_DIR = /Applications/Xcode.app/Contents/Developer/Platforms/iPhoneSimulator.platform/Developer/SDKs
               PLATFORM_DEVELOPER_TOOLS_DIR = /Applications/Xcode.app/Contents/Developer/Platforms/iPhoneSimulator.platform/Developer/Tools
               PLATFORM_DEVELOPER_USR_DIR = /Applications/Xcode.app/Contents/Developer/Platforms/iPhoneSimulator.platform/Developer/usr
               PLATFORM_DIR = /Applications/Xcode.app/Contents/Developer/Platforms/iPhoneSimulator.platform
               PLATFORM_DISPLAY_NAME = iOS Simulator
               PLATFORM_FAMILY_NAME = iOS
               PLATFORM_NAME = iphonesimulator
               PLATFORM_PREFERRED_ARCH = x86_64
               PLATFORM_PRODUCT_BUILD_VERSION = 22A3362
               PLIST_FILE_OUTPUT_FORMAT = binary
               PLUGINS_FOLDER_PATH = permission_handler_apple_privacy.bundle/PlugIns
               PODS_BUILD_DIR = /Users/carl.stanley/sites/UKCPA/ukcpa_flutter/build/ios
               PODS_CONFIGURATION_BUILD_DIR = /Users/carl.stanley/sites/UKCPA/ukcpa_flutter/build/ios/Release-iphonesimulator
               PODS_DEVELOPMENT_LANGUAGE = en
               PODS_ROOT = /Users/carl.stanley/sites/UKCPA/ukcpa_flutter/ios/Pods
               PODS_TARGET_SRCROOT = /Users/carl.stanley/sites/UKCPA/ukcpa_flutter/ios/Pods/../.symlinks/plugins/permission_handler_apple/ios
               PODS_XCFRAMEWORKS_BUILD_DIR = /Users/carl.stanley/sites/UKCPA/ukcpa_flutter/build/ios/Release-iphonesimulator/XCFrameworkIntermediates
               PRECOMPS_INCLUDE_HEADERS_FROM_BUILT_PRODUCTS_DIR = YES
               PRECOMP_DESTINATION_DIR = /Users/carl.stanley/sites/UKCPA/ukcpa_flutter/build/ios/Pods.build/Release-iphonesimulator/permission_handler_apple-permission_handler_apple_privacy.build/PrefixHeaders
               PRIVATE_HEADERS_FOLDER_PATH = permission_handler_apple_privacy.bundle/PrivateHeaders
               PROCESSED_INFOPLIST_PATH = /Users/carl.stanley/sites/UKCPA/ukcpa_flutter/build/ios/Pods.build/Release-iphonesimulator/permission_handler_apple-permission_handler_apple_privacy.build/Objects-normal/undefined_arch/Processed-Info.plist
               PRODUCT_BUNDLE_IDENTIFIER = org.cocoapods.permission-handler-apple-privacy
               PRODUCT_BUNDLE_PACKAGE_TYPE = BNDL
               PRODUCT_MODULE_NAME = permission_handler_apple_privacy
               PRODUCT_NAME = permission_handler_apple_privacy
               PRODUCT_SETTINGS_PATH = /Users/carl.stanley/sites/UKCPA/ukcpa_flutter/ios/Pods/Target Support Files/permission_handler_apple/ResourceBundle-permission_handler_apple_privacy-permission_handler_apple-Info.plist
               PRODUCT_TYPE = com.apple.product-type.bundle
               PROFILING_CODE = NO
               PROJECT = Pods
               PROJECT_DERIVED_FILE_DIR = /Users/carl.stanley/sites/UKCPA/ukcpa_flutter/build/ios/Pods.build/DerivedSources
               PROJECT_DIR = /Users/carl.stanley/sites/UKCPA/ukcpa_flutter/ios/Pods
               PROJECT_FILE_PATH = /Users/carl.stanley/sites/UKCPA/ukcpa_flutter/ios/Pods/Pods.xcodeproj
               PROJECT_GUID = bfdfe7dc352907fc980b868725387e98
               PROJECT_NAME = Pods
               PROJECT_TEMP_DIR = /Users/carl.stanley/sites/UKCPA/ukcpa_flutter/build/ios/Pods.build
               PROJECT_TEMP_ROOT = /Users/carl.stanley/sites/UKCPA/ukcpa_flutter/build/ios
               PUBLIC_HEADERS_FOLDER_PATH = permission_handler_apple_privacy.bundle/Headers
               RECOMMENDED_IPHONEOS_DEPLOYMENT_TARGET = 15.0
               RECURSIVE_SEARCH_PATHS_FOLLOW_SYMLINKS = YES
               REMOVE_CVS_FROM_RESOURCES = YES
               REMOVE_GIT_FROM_RESOURCES = YES
               REMOVE_HEADERS_FROM_EMBEDDED_BUNDLES = YES
               REMOVE_HG_FROM_RESOURCES = YES
               REMOVE_STATIC_EXECUTABLES_FROM_EMBEDDED_BUNDLES = YES
               REMOVE_SVN_FROM_RESOURCES = YES
               RESCHEDULE_INDEPENDENT_HEADERS_PHASES = YES
               REZ_COLLECTOR_DIR = /Users/carl.stanley/sites/UKCPA/ukcpa_flutter/build/ios/Pods.build/Release-iphonesimulator/permission_handler_apple-permission_handler_apple_privacy.build/ResourceManagerResources
               REZ_OBJECTS_DIR = /Users/carl.stanley/sites/UKCPA/ukcpa_flutter/build/ios/Pods.build/Release-iphonesimulator/permission_handler_apple-permission_handler_apple_privacy.build/ResourceManagerResources/Objects
               REZ_SEARCH_PATHS = /Users/carl.stanley/sites/UKCPA/ukcpa_flutter/build/ios/Release-iphonesimulator/permission_handler_apple 
               SCAN_ALL_SOURCE_FILES_FOR_INCLUDES = NO
               SCRIPTS_FOLDER_PATH = permission_handler_apple_privacy.bundle/Scripts
               SDKROOT = /Applications/Xcode.app/Contents/Developer/Platforms/iPhoneSimulator.platform/Developer/SDKs/iPhoneSimulator18.0.sdk
               SDK_DIR = /Applications/Xcode.app/Contents/Developer/Platforms/iPhoneSimulator.platform/Developer/SDKs/iPhoneSimulator18.0.sdk
               SDK_DIR_iphonesimulator = /Applications/Xcode.app/Contents/Developer/Platforms/iPhoneSimulator.platform/Developer/SDKs/iPhoneSimulator18.0.sdk
               SDK_DIR_iphonesimulator18_0 = /Applications/Xcode.app/Contents/Developer/Platforms/iPhoneSimulator.platform/Developer/SDKs/iPhoneSimulator18.0.sdk
               SDK_NAME = iphonesimulator18.0
               SDK_NAMES = iphonesimulator18.0
               SDK_PRODUCT_BUILD_VERSION = 22A3362
               SDK_STAT_CACHE_DIR = /var/folders/20/skb3d8qx2hn9r9z8036y32g40000gp/C/com.apple.DeveloperTools/16.0-16A242d/Xcode
               SDK_STAT_CACHE_ENABLE = YES
               SDK_STAT_CACHE_PATH = /var/folders/20/skb3d8qx2hn9r9z8036y32g40000gp/C/com.apple.DeveloperTools/16.0-16A242d/Xcode/SDKStatCaches.noindex/iphonesimulator18.0-22A3362-db63dc9361471f152f572502bdbfe70a.sdkstatcache
               SDK_VERSION = 18.0
               SDK_VERSION_ACTUAL = 180000
               SDK_VERSION_MAJOR = 180000
               SDK_VERSION_MINOR = 180000
               SED = /usr/bin/sed
               SEPARATE_STRIP = NO
               SEPARATE_SYMBOL_EDIT = NO
               SET_DIR_MODE_OWNER_GROUP = YES
               SET_FILE_MODE_OWNER_GROUP = NO
               SHALLOW_BUNDLE = YES
               SHALLOW_BUNDLE_TRIPLE = ios-simulator
               SHALLOW_BUNDLE_ios_macabi = NO
               SHALLOW_BUNDLE_macos = NO
               SHARED_DERIVED_FILE_DIR = /Users/carl.stanley/sites/UKCPA/ukcpa_flutter/build/ios/Release-iphonesimulator/permission_handler_apple/DerivedSources
               SHARED_FRAMEWORKS_FOLDER_PATH = permission_handler_apple_privacy.bundle/SharedFrameworks
               SHARED_PRECOMPS_DIR = /Users/carl.stanley/sites/UKCPA/ukcpa_flutter/build/ios/SharedPrecompiledHeaders
               SHARED_SUPPORT_FOLDER_PATH = permission_handler_apple_privacy.bundle/SharedSupport
               SKIP_INSTALL = YES
               SOURCE_ROOT = /Users/carl.stanley/sites/UKCPA/ukcpa_flutter/ios/Pods
               SRCROOT = /Users/carl.stanley/sites/UKCPA/ukcpa_flutter/ios/Pods
               STRINGSDATA_DIR = /Users/carl.stanley/sites/UKCPA/ukcpa_flutter/build/ios/Pods.build/Release-iphonesimulator/permission_handler_apple-permission_handler_apple_privacy.build/Objects-normal/undefined_arch
               STRINGSDATA_ROOT = /Users/carl.stanley/sites/UKCPA/ukcpa_flutter/build/ios/Pods.build/Release-iphonesimulator/permission_handler_apple-permission_handler_apple_privacy.build
               STRINGS_FILE_INFOPLIST_RENAME = YES
               STRINGS_FILE_OUTPUT_ENCODING = binary
               STRIP_BITCODE_FROM_COPIED_FILES = NO
               STRIP_INSTALLED_PRODUCT = NO
               STRIP_STYLE = non-global
               STRIP_SWIFT_SYMBOLS = YES
               SUPPORTED_DEVICE_FAMILIES = 1,2
               SUPPORTED_PLATFORMS = iphoneos iphonesimulator
               SUPPORTS_TEXT_BASED_API = NO
               SUPPRESS_WARNINGS = NO
               SWIFT_COMPILATION_MODE = wholemodule
               SWIFT_EMIT_LOC_STRINGS = NO
               SWIFT_OPTIMIZATION_LEVEL = -O
               SWIFT_PLATFORM_TARGET_PREFIX = ios
               SWIFT_RESPONSE_FILE_PATH_normal_arm64 = /Users/carl.stanley/sites/UKCPA/ukcpa_flutter/build/ios/Pods.build/Release-iphonesimulator/permission_handler_apple-permission_handler_apple_privacy.build/Objects-normal/arm64/permission_handler_apple_privacy.SwiftFileList
               SWIFT_RESPONSE_FILE_PATH_normal_x86_64 = /Users/carl.stanley/sites/UKCPA/ukcpa_flutter/build/ios/Pods.build/Release-iphonesimulator/permission_handler_apple-permission_handler_apple_privacy.build/Objects-normal/x86_64/permission_handler_apple_privacy.SwiftFileList
               SWIFT_VERSION = 5.0
               SYMROOT = /Users/carl.stanley/sites/UKCPA/ukcpa_flutter/ios/build
               SYSTEM_ADMIN_APPS_DIR = /Applications/Utilities
               SYSTEM_APPS_DIR = /Applications
               SYSTEM_CORE_SERVICES_DIR = /System/Library/CoreServices
               SYSTEM_DEMOS_DIR = /Applications/Extras
               SYSTEM_DEVELOPER_APPS_DIR = /Applications/Xcode.app/Contents/Developer/Applications
               SYSTEM_DEVELOPER_BIN_DIR = /Applications/Xcode.app/Contents/Developer/usr/bin
               SYSTEM_DEVELOPER_DEMOS_DIR = /Applications/Xcode.app/Contents/Developer/Applications/Utilities/Built Examples
               SYSTEM_DEVELOPER_DIR = /Applications/Xcode.app/Contents/Developer
               SYSTEM_DEVELOPER_DOC_DIR = /Applications/Xcode.app/Contents/Developer/ADC Reference Library
               SYSTEM_DEVELOPER_GRAPHICS_TOOLS_DIR = /Applications/Xcode.app/Contents/Developer/Applications/Graphics Tools
               SYSTEM_DEVELOPER_JAVA_TOOLS_DIR = /Applications/Xcode.app/Contents/Developer/Applications/Java Tools
               SYSTEM_DEVELOPER_PERFORMANCE_TOOLS_DIR = /Applications/Xcode.app/Contents/Developer/Applications/Performance Tools
               SYSTEM_DEVELOPER_RELEASENOTES_DIR = /Applications/Xcode.app/Contents/Developer/ADC Reference Library/releasenotes
               SYSTEM_DEVELOPER_TOOLS = /Applications/Xcode.app/Contents/Developer/Tools
               SYSTEM_DEVELOPER_TOOLS_DOC_DIR = /Applications/Xcode.app/Contents/Developer/ADC Reference Library/documentation/DeveloperTools
               SYSTEM_DEVELOPER_TOOLS_RELEASENOTES_DIR = /Applications/Xcode.app/Contents/Developer/ADC Reference Library/releasenotes/DeveloperTools
               SYSTEM_DEVELOPER_USR_DIR = /Applications/Xcode.app/Contents/Developer/usr
               SYSTEM_DEVELOPER_UTILITIES_DIR = /Applications/Xcode.app/Contents/Developer/Applications/Utilities
               SYSTEM_DEXT_INSTALL_PATH = /System/Library/DriverExtensions
               SYSTEM_DOCUMENTATION_DIR = /Library/Documentation
               SYSTEM_EXTENSIONS_FOLDER_PATH = permission_handler_apple_privacy.bundle/SystemExtensions
               SYSTEM_EXTENSIONS_FOLDER_PATH_SHALLOW_BUNDLE_NO = permission_handler_apple_privacy.bundle/Library/SystemExtensions
               SYSTEM_EXTENSIONS_FOLDER_PATH_SHALLOW_BUNDLE_YES = permission_handler_apple_privacy.bundle/SystemExtensions
               SYSTEM_KEXT_INSTALL_PATH = /System/Library/Extensions
               SYSTEM_LIBRARY_DIR = /System/Library
               TAPI_DEMANGLE = YES
               TAPI_ENABLE_PROJECT_HEADERS = NO
               TAPI_LANGUAGE = objective-c
               TAPI_LANGUAGE_STANDARD = compiler-default
               TAPI_USE_SRCROOT = YES
               TAPI_VERIFY_MODE = Pedantic
               TARGETED_DEVICE_FAMILY = 1,2
               TARGETNAME = permission_handler_apple-permission_handler_apple_privacy
               TARGET_BUILD_DIR = /Users/carl.stanley/sites/UKCPA/ukcpa_flutter/build/ios/Release-iphonesimulator/permission_handler_apple
               TARGET_NAME = permission_handler_apple-permission_handler_apple_privacy
               TARGET_TEMP_DIR = /Users/carl.stanley/sites/UKCPA/ukcpa_flutter/build/ios/Pods.build/Release-iphonesimulator/permission_handler_apple-permission_handler_apple_privacy.build
               TEMP_DIR = /Users/carl.stanley/sites/UKCPA/ukcpa_flutter/build/ios/Pods.build/Release-iphonesimulator/permission_handler_apple-permission_handler_apple_privacy.build
               TEMP_FILES_DIR = /Users/carl.stanley/sites/UKCPA/ukcpa_flutter/build/ios/Pods.build/Release-iphonesimulator/permission_handler_apple-permission_handler_apple_privacy.build
               TEMP_FILE_DIR = /Users/carl.stanley/sites/UKCPA/ukcpa_flutter/build/ios/Pods.build/Release-iphonesimulator/permission_handler_apple-permission_handler_apple_privacy.build
               TEMP_ROOT = /Users/carl.stanley/sites/UKCPA/ukcpa_flutter/build/ios
               TEST_FRAMEWORK_SEARCH_PATHS =  /Applications/Xcode.app/Contents/Developer/Platforms/iPhoneSimulator.platform/Developer/Library/Frameworks /Applications/Xcode.app/Contents/Developer/Platforms/iPhoneSimulator.platform/Developer/SDKs/iPhoneSimulator18.0.sdk/Developer/Library/Frameworks
               TEST_LIBRARY_SEARCH_PATHS =  /Applications/Xcode.app/Contents/Developer/Platforms/iPhoneSimulator.platform/Developer/usr/lib
               TOOLCHAINS = com.apple.dt.toolchain.XcodeDefault
               TOOLCHAIN_DIR = /Applications/Xcode.app/Contents/Developer/Toolchains/XcodeDefault.xctoolchain
               TREAT_MISSING_BASELINES_AS_TEST_FAILURES = NO
               TREAT_MISSING_SCRIPT_PHASE_OUTPUTS_AS_ERRORS = NO
               UID = 502
               UNINSTALLED_PRODUCTS_DIR = /Users/carl.stanley/sites/UKCPA/ukcpa_flutter/build/ios/UninstalledProducts
               UNLOCALIZED_RESOURCES_FOLDER_PATH = permission_handler_apple_privacy.bundle
               UNLOCALIZED_RESOURCES_FOLDER_PATH_SHALLOW_BUNDLE_NO = permission_handler_apple_privacy.bundle/Resources
               UNLOCALIZED_RESOURCES_FOLDER_PATH_SHALLOW_BUNDLE_YES = permission_handler_apple_privacy.bundle
               UNSTRIPPED_PRODUCT = NO
               USER = carl.stanley
               USER_APPS_DIR = /Users/carl.stanley/Applications
               USER_LIBRARY_DIR = /Users/carl.stanley/Library
               USE_DYNAMIC_NO_PIC = YES
               USE_HEADERMAP = YES
               USE_HEADER_SYMLINKS = NO
               USE_RECURSIVE_SCRIPT_INPUTS_IN_SCRIPT_PHASES = YES
               VALIDATE_DEVELOPMENT_ASSET_PATHS = YES_ERROR
               VALIDATE_PRODUCT = NO
               VALID_ARCHS = arm64 arm64e i386 x86_64
               VERBOSE_PBXCP = NO
               VERSIONPLIST_PATH = permission_handler_apple_privacy.bundle/version.plist
               VERSION_INFO_BUILDER = carl.stanley
               VERSION_INFO_FILE = permission_handler_apple_privacy_vers.c
               VERSION_INFO_STRING = "@(#)PROGRAM:permission_handler_apple_privacy  PROJECT:Pods-"
               WORKSPACE_DIR = /Users/carl.stanley/sites/UKCPA/ukcpa_flutter/ios/Pods/Pods.xcodeproj
               WRAPPER_EXTENSION = bundle
               WRAPPER_NAME = permission_handler_apple_privacy.bundle
               WRAPPER_SUFFIX = .bundle
               WRAP_ASSET_PACKS_IN_SEPARATE_DIRECTORIES = NO
               XCODE_APP_SUPPORT_DIR = /Applications/Xcode.app/Contents/Developer/Library/Xcode
               XCODE_PRODUCT_BUILD_VERSION = 16A242d
               XCODE_VERSION_ACTUAL = 1600
               XCODE_VERSION_MAJOR = 1600
               XCODE_VERSION_MINOR = 1600
               XPCSERVICES_FOLDER_PATH = permission_handler_apple_privacy.bundle/XPCServices
               YACC = yacc
               _WRAPPER_CONTENTS_DIR_SHALLOW_BUNDLE_NO = /Contents
               _WRAPPER_PARENT_PATH_SHALLOW_BUNDLE_NO = /..
               _WRAPPER_RESOURCES_DIR_SHALLOW_BUNDLE_NO = /Resources
               arch = undefined_arch
               variant = normal

           Build settings for action build and target Pods-Runner:
               ACTION = build
               AD_HOC_CODE_SIGNING_ALLOWED = YES
               ALLOW_BUILD_REQUEST_OVERRIDES = NO
               ALLOW_TARGET_PLATFORM_SPECIALIZATION = NO
               ALTERNATE_GROUP = staff
               ALTERNATE_MODE = u+w,go-w,a+rX
               ALTERNATE_OWNER = carl.stanley
               ALTERNATIVE_DISTRIBUTION_WEB = NO
               ALWAYS_EMBED_SWIFT_STANDARD_LIBRARIES = NO
               ALWAYS_SEARCH_USER_PATHS = NO
               ALWAYS_USE_SEPARATE_HEADERMAPS = NO
               APPLE_INTERNAL_DEVELOPER_DIR = /AppleInternal/Developer
               APPLE_INTERNAL_DIR = /AppleInternal
               APPLE_INTERNAL_DOCUMENTATION_DIR = /AppleInternal/Documentation
               APPLE_INTERNAL_LIBRARY_DIR = /AppleInternal/Library
               APPLE_INTERNAL_TOOLS = /AppleInternal/Developer/Tools
               APPLICATION_EXTENSION_API_ONLY = NO
               APPLY_RULES_IN_COPY_FILES = NO
               APPLY_RULES_IN_COPY_HEADERS = NO
               APP_SHORTCUTS_ENABLE_FLEXIBLE_MATCHING = YES
               ARCHS = arm64 x86_64
               ARCHS_STANDARD = arm64 x86_64
               ARCHS_STANDARD_32_64_BIT = arm64 i386 x86_64
               ARCHS_STANDARD_32_BIT = i386
               ARCHS_STANDARD_64_BIT = arm64 x86_64
               ARCHS_STANDARD_INCLUDING_64_BIT = arm64 x86_64
               ARCHS_UNIVERSAL_IPHONE_OS = arm64 i386 x86_64
               ASSETCATALOG_COMPILER_GENERATE_ASSET_SYMBOLS = YES
               AUTOMATICALLY_MERGE_DEPENDENCIES = NO
               AVAILABLE_PLATFORMS = appletvos appletvsimulator driverkit iphoneos iphonesimulator macosx watchos watchsimulator xros xrsimulator
               BITCODE_GENERATION_MODE = marker
               BUILD_ACTIVE_RESOURCES_ONLY = NO
               BUILD_COMPONENTS = headers build
               BUILD_DIR = /Users/carl.stanley/sites/UKCPA/ukcpa_flutter/build/ios
               BUILD_LIBRARY_FOR_DISTRIBUTION = NO
               BUILD_ROOT = /Users/carl.stanley/sites/UKCPA/ukcpa_flutter/ios/build
               BUILD_STYLE = 
               BUILD_VARIANTS = normal
               BUILT_PRODUCTS_DIR = /Users/carl.stanley/sites/UKCPA/ukcpa_flutter/build/ios/Release-iphonesimulator
               BUNDLE_CONTENTS_FOLDER_PATH_deep = Contents/
               BUNDLE_EXECUTABLE_FOLDER_NAME_deep = MacOS
               BUNDLE_EXTENSIONS_FOLDER_PATH = Extensions
               BUNDLE_FORMAT = shallow
               BUNDLE_FRAMEWORKS_FOLDER_PATH = Frameworks
               BUNDLE_PLUGINS_FOLDER_PATH = PlugIns
               BUNDLE_PRIVATE_HEADERS_FOLDER_PATH = PrivateHeaders
               BUNDLE_PUBLIC_HEADERS_FOLDER_PATH = Headers
               CACHE_ROOT = /var/folders/20/skb3d8qx2hn9r9z8036y32g40000gp/C/com.apple.DeveloperTools/16.0-16A242d/Xcode
               CCHROOT = /var/folders/20/skb3d8qx2hn9r9z8036y32g40000gp/C/com.apple.DeveloperTools/16.0-16A242d/Xcode
               CHMOD = /bin/chmod
               CHOWN = /usr/sbin/chown
               CLANG_ANALYZER_LOCALIZABILITY_NONLOCALIZED = YES
               CLANG_ANALYZER_NONNULL = YES
               CLANG_ANALYZER_NUMBER_OBJECT_CONVERSION = YES_AGGRESSIVE
               CLANG_CACHE_FINE_GRAINED_OUTPUTS = YES
               CLANG_CXX_LANGUAGE_STANDARD = gnu++14
               CLANG_CXX_LIBRARY = libc++
               CLANG_ENABLE_EXPLICIT_MODULES = YES
               CLANG_ENABLE_MODULES = YES
               CLANG_ENABLE_OBJC_ARC = YES
               CLANG_ENABLE_OBJC_WEAK = NO
               CLANG_MODULES_BUILD_SESSION_FILE = /var/folders/20/skb3d8qx2hn9r9z8036y32g40000gp/C/org.llvm.clang/ModuleCache.noindex/Session.modulevalidation
               CLANG_WARN_BLOCK_CAPTURE_AUTORELEASING = YES
               CLANG_WARN_BOOL_CONVERSION = YES
               CLANG_WARN_COMMA = YES
               CLANG_WARN_CONSTANT_CONVERSION = YES
               CLANG_WARN_DEPRECATED_OBJC_IMPLEMENTATIONS = YES
               CLANG_WARN_DIRECT_OBJC_ISA_USAGE = YES_ERROR
               CLANG_WARN_DOCUMENTATION_COMMENTS = YES
               CLANG_WARN_EMPTY_BODY = YES
               CLANG_WARN_ENUM_CONVERSION = YES
               CLANG_WARN_INFINITE_RECURSION = YES
               CLANG_WARN_INT_CONVERSION = YES
               CLANG_WARN_NON_LITERAL_NULL_CONVERSION = YES
               CLANG_WARN_OBJC_IMPLICIT_RETAIN_SELF = YES
               CLANG_WARN_OBJC_LITERAL_CONVERSION = YES
               CLANG_WARN_OBJC_ROOT_CLASS = YES_ERROR
               CLANG_WARN_QUOTED_INCLUDE_IN_FRAMEWORK_HEADER = NO
               CLANG_WARN_RANGE_LOOP_ANALYSIS = YES
               CLANG_WARN_STRICT_PROTOTYPES = YES
               CLANG_WARN_SUSPICIOUS_MOVE = YES
               CLANG_WARN_UNGUARDED_AVAILABILITY = YES_AGGRESSIVE
               CLANG_WARN_UNREACHABLE_CODE = YES
               CLANG_WARN__DUPLICATE_METHOD_MATCH = YES
               CLASS_FILE_DIR = /Users/carl.stanley/sites/UKCPA/ukcpa_flutter/build/ios/Pods.build/Release-iphonesimulator/Pods-Runner.build/JavaClasses
               CLEAN_PRECOMPS = YES
               CLONE_HEADERS = NO
               CODESIGNING_FOLDER_PATH = /Users/carl.stanley/sites/UKCPA/ukcpa_flutter/build/ios/Release-iphonesimulator/Pods_Runner.framework
               CODE_SIGNING_ALLOWED = YES
               CODE_SIGNING_REQUIRED = NO
               CODE_SIGNING_REQUIRES_TEAM = YES
               CODE_SIGN_CONTEXT_CLASS = XCiPhoneSimulatorCodeSignContext
               CODE_SIGN_IDENTITY = -
               CODE_SIGN_INJECT_BASE_ENTITLEMENTS = YES
               COLOR_DIAGNOSTICS = NO
               COMBINE_HIDPI_IMAGES = NO
               COMPILATION_CACHE_CAS_PATH = /var/folders/20/skb3d8qx2hn9r9z8036y32g40000gp/C/com.apple.DeveloperTools/16.0-16A242d/Xcode/CompilationCache.noindex
               COMPILATION_CACHE_KEEP_CAS_DIRECTORY = YES
               COMPILER_INDEX_STORE_ENABLE = Default
               COMPOSITE_SDK_DIRS = /Users/carl.stanley/sites/UKCPA/ukcpa_flutter/build/ios/CompositeSDKs
               COMPRESS_PNG_FILES = YES
               CONFIGURATION = Release
               CONFIGURATION_BUILD_DIR = /Users/carl.stanley/sites/UKCPA/ukcpa_flutter/build/ios/Release-iphonesimulator
               CONFIGURATION_TEMP_DIR = /Users/carl.stanley/sites/UKCPA/ukcpa_flutter/build/ios/Pods.build/Release-iphonesimulator
               CONTENTS_FOLDER_PATH = Pods_Runner.framework
               CONTENTS_FOLDER_PATH_SHALLOW_BUNDLE_NO = Pods_Runner.framework/A
               CONTENTS_FOLDER_PATH_SHALLOW_BUNDLE_YES = Pods_Runner.framework
               COPYING_PRESERVES_HFS_DATA = NO
               COPY_HEADERS_RUN_UNIFDEF = NO
               COPY_PHASE_STRIP = NO
               CORRESPONDING_DEVICE_PLATFORM_DIR = /Applications/Xcode.app/Contents/Developer/Platforms/iPhoneOS.platform
               CORRESPONDING_DEVICE_PLATFORM_NAME = iphoneos
               CORRESPONDING_DEVICE_SDK_DIR = /Applications/Xcode.app/Contents/Developer/Platforms/iPhoneOS.platform/Developer/SDKs/iPhoneOS18.0.sdk
               CORRESPONDING_DEVICE_SDK_NAME = iphoneos18.0
               CP = /bin/cp
               CREATE_INFOPLIST_SECTION_IN_BINARY = NO
               CURRENT_ARCH = undefined_arch
               CURRENT_PROJECT_VERSION = 1
               CURRENT_VARIANT = normal
               CURRENT_VERSION = Current
               DEAD_CODE_STRIPPING = YES
               DEBUGGING_SYMBOLS = YES
               DEBUG_INFORMATION_FORMAT = dwarf-with-dsym
               DEBUG_INFORMATION_VERSION = compiler-default
               DEFAULT_COMPILER = com.apple.compilers.llvm.clang.1_0
               DEFAULT_DEXT_INSTALL_PATH = /System/Library/DriverExtensions
               DEFAULT_KEXT_INSTALL_PATH = /System/Library/Extensions
               DEFINES_MODULE = YES
               DEPLOYMENT_LOCATION = NO
               DEPLOYMENT_POSTPROCESSING = NO
               DEPLOYMENT_TARGET_SETTING_NAME = IPHONEOS_DEPLOYMENT_TARGET
               DEPLOYMENT_TARGET_SUGGESTED_VALUES = 12.0 12.1 12.2 12.3 12.4 13.0 13.1 13.2 13.3 13.4 13.5 13.6 14.0 14.1 14.2 14.3 14.4 14.5 14.6 14.7 15.0 15.1 15.2 15.3 15.4 15.5 15.6 16.0 16.1 16.2 16.3 16.4 16.5 16.6 17.0 17.1 17.2 17.3 17.4 17.5 17.6 18.0
               DERIVED_FILES_DIR = /Users/carl.stanley/sites/UKCPA/ukcpa_flutter/build/ios/Pods.build/Release-iphonesimulator/Pods-Runner.build/DerivedSources
               DERIVED_FILE_DIR = /Users/carl.stanley/sites/UKCPA/ukcpa_flutter/build/ios/Pods.build/Release-iphonesimulator/Pods-Runner.build/DerivedSources
               DERIVED_SOURCES_DIR = /Users/carl.stanley/sites/UKCPA/ukcpa_flutter/build/ios/Pods.build/Release-iphonesimulator/Pods-Runner.build/DerivedSources
               DEVELOPER_APPLICATIONS_DIR = /Applications/Xcode.app/Contents/Developer/Applications
               DEVELOPER_BIN_DIR = /Applications/Xcode.app/Contents/Developer/usr/bin
               DEVELOPER_DIR = /Applications/Xcode.app/Contents/Developer
               DEVELOPER_FRAMEWORKS_DIR = /Applications/Xcode.app/Contents/Developer/Library/Frameworks
               DEVELOPER_FRAMEWORKS_DIR_QUOTED = /Applications/Xcode.app/Contents/Developer/Library/Frameworks
               DEVELOPER_LIBRARY_DIR = /Applications/Xcode.app/Contents/Developer/Library
               DEVELOPER_SDK_DIR = /Applications/Xcode.app/Contents/Developer/Platforms/MacOSX.platform/Developer/SDKs
               DEVELOPER_TOOLS_DIR = /Applications/Xcode.app/Contents/Developer/Tools
               DEVELOPER_USR_DIR = /Applications/Xcode.app/Contents/Developer/usr
               DEVELOPMENT_LANGUAGE = en
               DIFF = /usr/bin/diff
               DOCUMENTATION_FOLDER_PATH = Pods_Runner.framework/en.lproj/Documentation
               DONT_GENERATE_INFOPLIST_FILE = NO
               DSTROOT = /tmp/Pods.dst
               DT_TOOLCHAIN_DIR = /Applications/Xcode.app/Contents/Developer/Toolchains/XcodeDefault.xctoolchain
               DWARF_DSYM_FILE_NAME = Pods_Runner.framework.dSYM
               DWARF_DSYM_FILE_SHOULD_ACCOMPANY_PRODUCT = NO
               DWARF_DSYM_FOLDER_PATH = /Users/carl.stanley/sites/UKCPA/ukcpa_flutter/build/ios/Release-iphonesimulator
               DYLIB_COMPATIBILITY_VERSION = 1
               DYLIB_CURRENT_VERSION = 1
               DYLIB_INSTALL_NAME_BASE = @rpath
               DYNAMIC_LIBRARY_EXTENSION = dylib
               EAGER_COMPILATION_ALLOW_SCRIPTS = NO
               EAGER_LINKING = NO
               EFFECTIVE_PLATFORM_NAME = -iphonesimulator
               EMBEDDED_CONTENT_CONTAINS_SWIFT = NO
               EMBED_ASSET_PACKS_IN_PRODUCT_BUNDLE = NO
               ENABLE_APP_SANDBOX = NO
               ENABLE_BITCODE = NO
               ENABLE_CODE_COVERAGE = YES
               ENABLE_DEFAULT_HEADER_SEARCH_PATHS = YES
               ENABLE_DEFAULT_SEARCH_PATHS = YES
               ENABLE_HARDENED_RUNTIME = NO
               ENABLE_HEADER_DEPENDENCIES = YES
               ENABLE_MODULE_VERIFIER = NO
               ENABLE_NS_ASSERTIONS = NO
               ENABLE_ON_DEMAND_RESOURCES = NO
               ENABLE_STRICT_OBJC_MSGSEND = YES
               ENABLE_TESTABILITY = NO
               ENABLE_TESTING_SEARCH_PATHS = NO
               ENABLE_USER_SCRIPT_SANDBOXING = NO
               ENTITLEMENTS_DESTINATION = __entitlements
               ENTITLEMENTS_REQUIRED = NO
               EXCLUDED_ARCHS =  i386
               EXCLUDED_INSTALLSRC_SUBDIRECTORY_PATTERNS = .DS_Store .svn .git .hg CVS
               EXCLUDED_RECURSIVE_SEARCH_PATH_SUBDIRECTORIES = *.nib *.lproj *.framework *.gch *.xcode* *.xcassets (*) .DS_Store CVS .svn .git .hg *.pbproj *.pbxproj
               EXECUTABLES_FOLDER_PATH = Pods_Runner.framework/en.lproj
               EXECUTABLE_FOLDER_PATH = Pods_Runner.framework
               EXECUTABLE_FOLDER_PATH_SHALLOW_BUNDLE_NO = Pods_Runner.framework
               EXECUTABLE_FOLDER_PATH_SHALLOW_BUNDLE_YES = Pods_Runner.framework
               EXECUTABLE_NAME = Pods_Runner
               EXECUTABLE_PATH = Pods_Runner.framework/Pods_Runner
               EXTENSIONS_FOLDER_PATH = Pods_Runner.framework/Extensions
               FILE_LIST = /Users/carl.stanley/sites/UKCPA/ukcpa_flutter/build/ios/Pods.build/Release-iphonesimulator/Pods-Runner.build/Objects/LinkFileList
               FIXED_FILES_DIR = /Users/carl.stanley/sites/UKCPA/ukcpa_flutter/build/ios/Pods.build/Release-iphonesimulator/Pods-Runner.build/FixedFiles
               FRAMEWORKS_FOLDER_PATH = Pods_Runner.framework/Frameworks
               FRAMEWORK_FLAG_PREFIX = -framework
               FRAMEWORK_SEARCH_PATHS = /Users/carl.stanley/sites/UKCPA/ukcpa_flutter/build/ios/Release-iphonesimulator "/Users/carl.stanley/development/flutter/bin/cache/artifacts/engine/ios-release/Flutter.xcframework/ios-arm64_x86_64-simulator"  "/Users/carl.stanley/sites/UKCPA/ukcpa_flutter/build/ios/Release-iphonesimulator/ReachabilitySwift" "/Users/carl.stanley/sites/UKCPA/ukcpa_flutter/build/ios/Release-iphonesimulator/TOCropViewController" "/Users/carl.stanley/sites/UKCPA/ukcpa_flutter/build/ios/Release-iphonesimulator/connectivity_plus" "/Users/carl.stanley/sites/UKCPA/ukcpa_flutter/build/ios/Release-iphonesimulator/device_info_plus" "/Users/carl.stanley/sites/UKCPA/ukcpa_flutter/build/ios/Release-iphonesimulator/flutter_secure_storage" "/Users/carl.stanley/sites/UKCPA/ukcpa_flutter/build/ios/Release-iphonesimulator/image_cropper" "/Users/carl.stanley/sites/UKCPA/ukcpa_flutter/build/ios/Release-iphonesimulator/image_picker_ios" "/Users/carl.stanley/sites/UKCPA/ukcpa_flutter/build/ios/Release-iphonesimulator/integration_test" "/Users/carl.stanley/sites/UKCPA/ukcpa_flutter/build/ios/Release-iphonesimulator/local_auth_darwin" "/Users/carl.stanley/sites/UKCPA/ukcpa_flutter/build/ios/Release-iphonesimulator/package_info_plus" "/Users/carl.stanley/sites/UKCPA/ukcpa_flutter/build/ios/Release-iphonesimulator/path_provider_foundation" "/Users/carl.stanley/sites/UKCPA/ukcpa_flutter/build/ios/Release-iphonesimulator/permission_handler_apple" "/Users/carl.stanley/sites/UKCPA/ukcpa_flutter/build/ios/Release-iphonesimulator/share_plus" "/Users/carl.stanley/sites/UKCPA/ukcpa_flutter/build/ios/Release-iphonesimulator/shared_preferences_foundation" "/Users/carl.stanley/sites/UKCPA/ukcpa_flutter/build/ios/Release-iphonesimulator/sqflite_darwin" "/Users/carl.stanley/sites/UKCPA/ukcpa_flutter/build/ios/Release-iphonesimulator/url_launcher_ios" "/Users/carl.stanley/sites/UKCPA/ukcpa_flutter/build/ios/Release-iphonesimulator/video_player_avfoundation" "/Users/carl.stanley/sites/UKCPA/ukcpa_flutter/build/ios/Release-iphonesimulator/wakelock_plus"
               FRAMEWORK_VERSION = A
               FULL_PRODUCT_NAME = Pods_Runner.framework
               FUSE_BUILD_PHASES = YES
               FUSE_BUILD_SCRIPT_PHASES = NO
               GCC3_VERSION = 3.3
               GCC_C_LANGUAGE_STANDARD = gnu11
               GCC_INLINES_ARE_PRIVATE_EXTERN = YES
               GCC_NO_COMMON_BLOCKS = YES
               GCC_OBJC_LEGACY_DISPATCH = YES
               GCC_PFE_FILE_C_DIALECTS = c objective-c c++ objective-c++
               GCC_PREPROCESSOR_DEFINITIONS = POD_CONFIGURATION_RELEASE=1  COCOAPODS=1
               GCC_TREAT_WARNINGS_AS_ERRORS = NO
               GCC_VERSION = com.apple.compilers.llvm.clang.1_0
               GCC_VERSION_IDENTIFIER = com_apple_compilers_llvm_clang_1_0
               GCC_WARN_64_TO_32_BIT_CONVERSION = YES
               GCC_WARN_ABOUT_RETURN_TYPE = YES_ERROR
               GCC_WARN_UNDECLARED_SELECTOR = YES
               GCC_WARN_UNINITIALIZED_AUTOS = YES_AGGRESSIVE
               GCC_WARN_UNUSED_FUNCTION = YES
               GCC_WARN_UNUSED_VARIABLE = YES
               GENERATED_MODULEMAP_DIR = /Users/carl.stanley/sites/UKCPA/ukcpa_flutter/build/ios/GeneratedModuleMaps-iphonesimulator
               GENERATE_INFOPLIST_FILE = NO
               GENERATE_INTERMEDIATE_TEXT_BASED_STUBS = YES
               GENERATE_MASTER_OBJECT_FILE = NO
               GENERATE_PKGINFO_FILE = NO
               GENERATE_PROFILING_CODE = NO
               GENERATE_TEXT_BASED_STUBS = NO
               GID = 20
               GROUP = staff
               HEADERMAP_INCLUDES_FLAT_ENTRIES_FOR_TARGET_BEING_BUILT = YES
               HEADERMAP_INCLUDES_FRAMEWORK_ENTRIES_FOR_ALL_PRODUCT_TYPES = YES
               HEADERMAP_INCLUDES_FRAMEWORK_ENTRIES_FOR_TARGETS_NOT_BEING_BUILT = YES
               HEADERMAP_INCLUDES_NONPUBLIC_NONPRIVATE_HEADERS = YES
               HEADERMAP_INCLUDES_PROJECT_HEADERS = YES
               HEADERMAP_USES_FRAMEWORK_PREFIX_ENTRIES = YES
               HEADERMAP_USES_VFS = YES
               HEADER_SEARCH_PATHS = /Users/carl.stanley/sites/UKCPA/ukcpa_flutter/build/ios/Release-iphonesimulator/include  "/Users/carl.stanley/sites/UKCPA/ukcpa_flutter/build/ios/Release-iphonesimulator/ReachabilitySwift/Reachability.framework/Headers" "/Users/carl.stanley/sites/UKCPA/ukcpa_flutter/build/ios/Release-iphonesimulator/TOCropViewController/TOCropViewController.framework/Headers" "/Users/carl.stanley/sites/UKCPA/ukcpa_flutter/build/ios/Release-iphonesimulator/connectivity_plus/connectivity_plus.framework/Headers" "/Users/carl.stanley/sites/UKCPA/ukcpa_flutter/build/ios/Release-iphonesimulator/device_info_plus/device_info_plus.framework/Headers" "/Users/carl.stanley/sites/UKCPA/ukcpa_flutter/build/ios/Release-iphonesimulator/flutter_secure_storage/flutter_secure_storage.framework/Headers" "/Users/carl.stanley/sites/UKCPA/ukcpa_flutter/build/ios/Release-iphonesimulator/image_cropper/image_cropper.framework/Headers" "/Users/carl.stanley/sites/UKCPA/ukcpa_flutter/build/ios/Release-iphonesimulator/image_picker_ios/image_picker_ios.framework/Headers" "/Users/carl.stanley/sites/UKCPA/ukcpa_flutter/build/ios/Release-iphonesimulator/integration_test/integration_test.framework/Headers" "/Users/carl.stanley/sites/UKCPA/ukcpa_flutter/build/ios/Release-iphonesimulator/local_auth_darwin/local_auth_darwin.framework/Headers" "/Users/carl.stanley/sites/UKCPA/ukcpa_flutter/build/ios/Release-iphonesimulator/package_info_plus/package_info_plus.framework/Headers" "/Users/carl.stanley/sites/UKCPA/ukcpa_flutter/build/ios/Release-iphonesimulator/path_provider_foundation/path_provider_foundation.framework/Headers" "/Users/carl.stanley/sites/UKCPA/ukcpa_flutter/build/ios/Release-iphonesimulator/permission_handler_apple/permission_handler_apple.framework/Headers" "/Users/carl.stanley/sites/UKCPA/ukcpa_flutter/build/ios/Release-iphonesimulator/share_plus/share_plus.framework/Headers" "/Users/carl.stanley/sites/UKCPA/ukcpa_flutter/build/ios/Release-iphonesimulator/shared_preferences_foundation/shared_preferences_foundation.framework/Headers" "/Users/carl.stanley/sites/UKCPA/ukcpa_flutter/build/ios/Release-iphonesimulator/sqflite_darwin/sqflite_darwin.framework/Headers" "/Users/carl.stanley/sites/UKCPA/ukcpa_flutter/build/ios/Release-iphonesimulator/url_launcher_ios/url_launcher_ios.framework/Headers" "/Users/carl.stanley/sites/UKCPA/ukcpa_flutter/build/ios/Release-iphonesimulator/video_player_avfoundation/video_player_avfoundation.framework/Headers" "/Users/carl.stanley/sites/UKCPA/ukcpa_flutter/build/ios/Release-iphonesimulator/wakelock_plus/wakelock_plus.framework/Headers"
               HIDE_BITCODE_SYMBOLS = YES
               HOME = /Users/carl.stanley
               HOST_ARCH = arm64
               HOST_PLATFORM = macosx
               ICONV = /usr/bin/iconv
               IMPLICIT_DEPENDENCY_DOMAIN = default
               INFOPLIST_ENABLE_CFBUNDLEICONS_MERGE = YES
               INFOPLIST_EXPAND_BUILD_SETTINGS = YES
               INFOPLIST_FILE = Target Support Files/Pods-Runner/Pods-Runner-Info.plist
               INFOPLIST_OUTPUT_FORMAT = binary
               INFOPLIST_PATH = Pods_Runner.framework/Info.plist
               INFOPLIST_PREPROCESS = NO
               INFOSTRINGS_PATH = Pods_Runner.framework/en.lproj/InfoPlist.strings
               INLINE_PRIVATE_FRAMEWORKS = NO
               INSTALLHDRS_COPY_PHASE = NO
               INSTALLHDRS_SCRIPT_PHASE = NO
               INSTALL_DIR = /tmp/Pods.dst/Library/Frameworks
               INSTALL_GROUP = staff
               INSTALL_MODE_FLAG = u+w,go-w,a+rX
               INSTALL_OWNER = carl.stanley
               INSTALL_PATH = /Library/Frameworks
               INSTALL_ROOT = /tmp/Pods.dst
               IPHONEOS_DEPLOYMENT_TARGET = 13.0
               IS_UNOPTIMIZED_BUILD = NO
               JAVAC_DEFAULT_FLAGS = -J-Xms64m -J-XX:NewSize=4M -J-Dfile.encoding=UTF8
               JAVA_APP_STUB = /System/Library/Frameworks/JavaVM.framework/Resources/MacOS/JavaApplicationStub
               JAVA_ARCHIVE_CLASSES = YES
               JAVA_ARCHIVE_TYPE = JAR
               JAVA_COMPILER = /usr/bin/javac
               JAVA_FOLDER_PATH = Pods_Runner.framework/Java
               JAVA_FRAMEWORK_RESOURCES_DIRS = Resources
               JAVA_JAR_FLAGS = cv
               JAVA_SOURCE_SUBDIR = .
               JAVA_USE_DEPENDENCIES = YES
               JAVA_ZIP_FLAGS = -urg
               JIKES_DEFAULT_FLAGS = +E +OLDCSO
               KEEP_PRIVATE_EXTERNS = NO
               LD_DEPENDENCY_INFO_FILE = /Users/carl.stanley/sites/UKCPA/ukcpa_flutter/build/ios/Pods.build/Release-iphonesimulator/Pods-Runner.build/Objects-normal/undefined_arch/Pods_Runner_dependency_info.dat
               LD_DYLIB_INSTALL_NAME = @rpath/Pods_Runner.framework/Pods_Runner
               LD_EXPORT_SYMBOLS = YES
               LD_GENERATE_MAP_FILE = NO
               LD_MAP_FILE_PATH = /Users/carl.stanley/sites/UKCPA/ukcpa_flutter/build/ios/Pods.build/Release-iphonesimulator/Pods-Runner.build/Pods_Runner-LinkMap-normal-undefined_arch.txt
               LD_NO_PIE = NO
               LD_QUOTE_LINKER_ARGUMENTS_FOR_COMPILER_DRIVER = YES
               LD_RUNPATH_SEARCH_PATHS =  /usr/lib/swift '@executable_path/Frameworks' '@loader_path/Frameworks' @executable_path/Frameworks @loader_path/Frameworks
               LD_SHARED_CACHE_ELIGIBLE = Automatic
               LD_WARN_DUPLICATE_LIBRARIES = NO
               LD_WARN_UNUSED_DYLIBS = NO
               LEGACY_DEVELOPER_DIR = /Applications/Xcode.app/Contents/PlugIns/Xcode3Core.ideplugin/Contents/SharedSupport/Developer
               LEX = lex
               LIBRARY_DEXT_INSTALL_PATH = /Library/DriverExtensions
               LIBRARY_FLAG_NOSPACE = YES
               LIBRARY_FLAG_PREFIX = -l
               LIBRARY_KEXT_INSTALL_PATH = /Library/Extensions
               LIBRARY_SEARCH_PATHS = /Users/carl.stanley/sites/UKCPA/ukcpa_flutter/build/ios/Release-iphonesimulator /Applications/Xcode.app/Contents/Developer/Toolchains/XcodeDefault.xctoolchain/usr/lib/swift/iphonesimulator /Applications/Xcode.app/Contents/Developer/Platforms/iPhoneSimulator.platform/Developer/SDKs/iPhoneSimulator18.0.sdk/usr/lib/swift /Applications/Xcode.app/Contents/Developer/Toolchains/XcodeDefault.xctoolchain/usr/lib/swift/iphonesimulator/ /Applications/Xcode.app/Contents/Developer/Platforms/iPhoneSimulator.platform/Developer/SDKs/iPhoneSimulator18.0.sdk/usr/lib/swift
               LINKER_DISPLAYS_MANGLED_NAMES = NO
               LINK_FILE_LIST_normal_arm64 = /Users/carl.stanley/sites/UKCPA/ukcpa_flutter/build/ios/Pods.build/Release-iphonesimulator/Pods-Runner.build/Objects-normal/arm64/Pods_Runner.LinkFileList
               LINK_FILE_LIST_normal_x86_64 = /Users/carl.stanley/sites/UKCPA/ukcpa_flutter/build/ios/Pods.build/Release-iphonesimulator/Pods-Runner.build/Objects-normal/x86_64/Pods_Runner.LinkFileList
               LINK_OBJC_RUNTIME = YES
               LINK_WITH_STANDARD_LIBRARIES = YES
               LLVM_TARGET_TRIPLE_OS_VERSION = ios13.0
               LLVM_TARGET_TRIPLE_SUFFIX = -simulator
               LLVM_TARGET_TRIPLE_VENDOR = apple
               LM_AUX_CONST_METADATA_LIST_PATH_normal_arm64 = /Users/carl.stanley/sites/UKCPA/ukcpa_flutter/build/ios/Pods.build/Release-iphonesimulator/Pods-Runner.build/Objects-normal/arm64/Pods_Runner.SwiftConstValuesFileList
               LM_AUX_CONST_METADATA_LIST_PATH_normal_x86_64 = /Users/carl.stanley/sites/UKCPA/ukcpa_flutter/build/ios/Pods.build/Release-iphonesimulator/Pods-Runner.build/Objects-normal/x86_64/Pods_Runner.SwiftConstValuesFileList
               LOCALIZATION_EXPORT_SUPPORTED = YES
               LOCALIZATION_PREFERS_STRING_CATALOGS = NO
               LOCALIZED_RESOURCES_FOLDER_PATH = Pods_Runner.framework/en.lproj
               LOCALIZED_STRING_MACRO_NAMES = NSLocalizedString CFCopyLocalizedString
               LOCALIZED_STRING_SWIFTUI_SUPPORT = YES
               LOCAL_ADMIN_APPS_DIR = /Applications/Utilities
               LOCAL_APPS_DIR = /Applications
               LOCAL_DEVELOPER_DIR = /Library/Developer
               LOCAL_LIBRARY_DIR = /Library
               LOCROOT = /Users/carl.stanley/sites/UKCPA/ukcpa_flutter/ios/Pods
               LOCSYMROOT = /Users/carl.stanley/sites/UKCPA/ukcpa_flutter/ios/Pods
               MACH_O_TYPE = staticlib
               MAC_OS_X_PRODUCT_BUILD_VERSION = 24G84
               MAC_OS_X_VERSION_ACTUAL = 150600
               MAC_OS_X_VERSION_MAJOR = 150000
               MAC_OS_X_VERSION_MINOR = 150600
               MAKE_MERGEABLE = NO
               MERGEABLE_LIBRARY = NO
               MERGED_BINARY_TYPE = none
               MERGE_LINKED_LIBRARIES = NO
               METAL_LIBRARY_FILE_BASE = default
               METAL_LIBRARY_OUTPUT_DIR = /Users/carl.stanley/sites/UKCPA/ukcpa_flutter/build/ios/Release-iphonesimulator/Pods_Runner.framework
               MODULEMAP_FILE = Target Support Files/Pods-Runner/Pods-Runner.modulemap
               MODULES_FOLDER_PATH = Pods_Runner.framework/Modules
               MTL_ENABLE_DEBUG_INFO = NO
               MTL_FAST_MATH = YES
               NATIVE_ARCH = arm64
               NATIVE_ARCH_32_BIT = arm
               NATIVE_ARCH_64_BIT = arm64
               NATIVE_ARCH_ACTUAL = arm64
               NO_COMMON = YES
               OBJC_ABI_VERSION = 2
               OBJECT_FILE_DIR = /Users/carl.stanley/sites/UKCPA/ukcpa_flutter/build/ios/Pods.build/Release-iphonesimulator/Pods-Runner.build/Objects
               OBJECT_FILE_DIR_normal = /Users/carl.stanley/sites/UKCPA/ukcpa_flutter/build/ios/Pods.build/Release-iphonesimulator/Pods-Runner.build/Objects-normal
               OBJROOT = /Users/carl.stanley/sites/UKCPA/ukcpa_flutter/build/ios
               ONLY_ACTIVE_ARCH = NO
               OS = MACOS
               OSAC = /usr/bin/osacompile
               OTHER_LDFLAGS =  -ObjC -framework "CoreTelephony" -framework "Reachability" -framework "SystemConfiguration" -framework "TOCropViewController" -framework "UIKit" -framework "connectivity_plus" -framework "device_info_plus" -framework "flutter_secure_storage" -framework "image_cropper" -framework "image_picker_ios" -framework "integration_test" -framework "local_auth_darwin" -framework "package_info_plus" -framework "path_provider_foundation" -framework "permission_handler_apple" -framework "share_plus" -framework "shared_preferences_foundation" -framework "sqflite_darwin" -framework "url_launcher_ios" -framework "video_player_avfoundation" -framework "wakelock_plus" -weak_framework "LinkPresentation" -framework Flutter
               OTHER_MODULE_VERIFIER_FLAGS =  "-F/Users/carl.stanley/sites/UKCPA/ukcpa_flutter/build/ios/Release-iphonesimulator/Flutter" "-F/Users/carl.stanley/sites/UKCPA/ukcpa_flutter/build/ios/Release-iphonesimulator/ReachabilitySwift" "-F/Users/carl.stanley/sites/UKCPA/ukcpa_flutter/build/ios/Release-iphonesimulator/TOCropViewController" "-F/Users/carl.stanley/sites/UKCPA/ukcpa_flutter/build/ios/Release-iphonesimulator/connectivity_plus" "-F/Users/carl.stanley/sites/UKCPA/ukcpa_flutter/build/ios/Release-iphonesimulator/device_info_plus" "-F/Users/carl.stanley/sites/UKCPA/ukcpa_flutter/build/ios/Release-iphonesimulator/flutter_secure_storage" "-F/Users/carl.stanley/sites/UKCPA/ukcpa_flutter/build/ios/Release-iphonesimulator/image_cropper" "-F/Users/carl.stanley/sites/UKCPA/ukcpa_flutter/build/ios/Release-iphonesimulator/image_picker_ios" "-F/Users/carl.stanley/sites/UKCPA/ukcpa_flutter/build/ios/Release-iphonesimulator/integration_test" "-F/Users/carl.stanley/sites/UKCPA/ukcpa_flutter/build/ios/Release-iphonesimulator/local_auth_darwin" "-F/Users/carl.stanley/sites/UKCPA/ukcpa_flutter/build/ios/Release-iphonesimulator/package_info_plus" "-F/Users/carl.stanley/sites/UKCPA/ukcpa_flutter/build/ios/Release-iphonesimulator/path_provider_foundation" "-F/Users/carl.stanley/sites/UKCPA/ukcpa_flutter/build/ios/Release-iphonesimulator/permission_handler_apple" "-F/Users/carl.stanley/sites/UKCPA/ukcpa_flutter/build/ios/Release-iphonesimulator/share_plus" "-F/Users/carl.stanley/sites/UKCPA/ukcpa_flutter/build/ios/Release-iphonesimulator/shared_preferences_foundation" "-F/Users/carl.stanley/sites/UKCPA/ukcpa_flutter/build/ios/Release-iphonesimulator/sqflite_darwin" "-F/Users/carl.stanley/sites/UKCPA/ukcpa_flutter/build/ios/Release-iphonesimulator/url_launcher_ios" "-F/Users/carl.stanley/sites/UKCPA/ukcpa_flutter/build/ios/Release-iphonesimulator/video_player_avfoundation" "-F/Users/carl.stanley/sites/UKCPA/ukcpa_flutter/build/ios/Release-iphonesimulator/wakelock_plus"
               OTHER_SWIFT_FLAGS =  -D COCOAPODS
               PACKAGE_TYPE = com.apple.package-type.wrapper.framework
               PASCAL_STRINGS = YES
               PATH = /Applications/Xcode.app/Contents/SharedFrameworks/XCBuild.framework/Versions/A/PlugIns/XCBBuildService.bundle/Contents/PlugIns/XCBSpecifications.ideplugin/Contents/Resources:/Applications/Xcode.app/Contents/SharedFrameworks/XCBuild.framework/Versions/A/PlugIns/XCBBuildService.bundle/Contents/PlugIns/XCBSpecifications.ideplugin:/Applications/Xcode.app/Contents/Developer/Toolchains/XcodeDefault.xctoolchain/usr/bin:/Applications/Xcode.app/Contents/Developer/Toolchains/XcodeDefault.xctoolchain/usr/appleinternal/bin:/Applications/Xcode.app/Contents/Developer/Toolchains/XcodeDefault.xctoolchain/usr/local/bin:/Applications/Xcode.app/Contents/Developer/Toolchains/XcodeDefault.xctoolchain/usr/libexec:/Applications/Xcode.app/Contents/Developer/Platforms/iPhoneSimulator.platform/usr/bin:/Applications/Xcode.app/Contents/Developer/Platforms/iPhoneSimulator.platform/usr/appleinternal/bin:/Applications/Xcode.app/Contents/Developer/Platforms/iPhoneSimulator.platform/usr/local/bin:/Applications/Xcode.app/Contents/Developer/Platforms/iPhoneSimulator.platform/Developer/usr/bin:/Applications/Xcode.app/Contents/Developer/Platforms/iPhoneSimulator.platform/Developer/usr/local/bin:/Applications/Xcode.app/Contents/Developer/usr/bin:/Applications/Xcode.app/Contents/Developer/usr/local/bin:/opt/homebrew/Cellar/pyenv-virtualenv/1.2.4/shims:/Users/carl.stanley/.pyenv/shims:/Users/carl.stanley/.pyenv/bin:/Users/carl.stanley/.nvm/versions/node/v18.17.0/bin:/Users/carl.stanley/development/flutter/bin:/opt/homebrew/bin:/opt/homebrew/sbin:/Users/carl.stanley/.local/bin:/usr/local/bin:/System/Cryptexes/App/usr/bin:/usr/bin:/bin:/usr/sbin:/sbin:/var/run/com.apple.security.cryptexd/codex.system/bootstrap/usr/local/bin:/var/run/com.apple.security.cryptexd/codex.system/bootstrap/usr/bin:/var/run/com.apple.security.cryptexd/codex.system/bootstrap/usr/appleinternal/bin:/Library/Apple/usr/bin:/usr/local/sbin:/usr/local/go/bin:/Users/carl.stanley/.pub-cache/bin
               PATH_PREFIXES_EXCLUDED_FROM_HEADER_DEPENDENCIES = /usr/include /usr/local/include /System/Library/Frameworks /System/Library/PrivateFrameworks /Applications/Xcode.app/Contents/Developer/Headers /Applications/Xcode.app/Contents/Developer/SDKs /Applications/Xcode.app/Contents/Developer/Platforms
               PBDEVELOPMENTPLIST_PATH = Pods_Runner.framework/pbdevelopment.plist
               PER_ARCH_OBJECT_FILE_DIR = /Users/carl.stanley/sites/UKCPA/ukcpa_flutter/build/ios/Pods.build/Release-iphonesimulator/Pods-Runner.build/Objects-normal/undefined_arch
               PER_VARIANT_OBJECT_FILE_DIR = /Users/carl.stanley/sites/UKCPA/ukcpa_flutter/build/ios/Pods.build/Release-iphonesimulator/Pods-Runner.build/Objects-normal
               PKGINFO_FILE_PATH = /Users/carl.stanley/sites/UKCPA/ukcpa_flutter/build/ios/Pods.build/Release-iphonesimulator/Pods-Runner.build/PkgInfo
               PKGINFO_PATH = Pods_Runner.framework/PkgInfo
               PLATFORM_DEVELOPER_APPLICATIONS_DIR = /Applications/Xcode.app/Contents/Developer/Platforms/iPhoneSimulator.platform/Developer/Applications
               PLATFORM_DEVELOPER_BIN_DIR = /Applications/Xcode.app/Contents/Developer/Platforms/iPhoneSimulator.platform/Developer/usr/bin
               PLATFORM_DEVELOPER_LIBRARY_DIR = /Applications/Xcode.app/Contents/Developer/Platforms/iPhoneSimulator.platform/Developer/Library
               PLATFORM_DEVELOPER_SDK_DIR = /Applications/Xcode.app/Contents/Developer/Platforms/iPhoneSimulator.platform/Developer/SDKs
               PLATFORM_DEVELOPER_TOOLS_DIR = /Applications/Xcode.app/Contents/Developer/Platforms/iPhoneSimulator.platform/Developer/Tools
               PLATFORM_DEVELOPER_USR_DIR = /Applications/Xcode.app/Contents/Developer/Platforms/iPhoneSimulator.platform/Developer/usr
               PLATFORM_DIR = /Applications/Xcode.app/Contents/Developer/Platforms/iPhoneSimulator.platform
               PLATFORM_DISPLAY_NAME = iOS Simulator
               PLATFORM_FAMILY_NAME = iOS
               PLATFORM_NAME = iphonesimulator
               PLATFORM_PREFERRED_ARCH = x86_64
               PLATFORM_PRODUCT_BUILD_VERSION = 22A3362
               PLIST_FILE_OUTPUT_FORMAT = binary
               PLUGINS_FOLDER_PATH = Pods_Runner.framework/PlugIns
               PODS_BUILD_DIR = /Users/carl.stanley/sites/UKCPA/ukcpa_flutter/build/ios
               PODS_CONFIGURATION_BUILD_DIR = /Users/carl.stanley/sites/UKCPA/ukcpa_flutter/build/ios/Release-iphonesimulator
               PODS_PODFILE_DIR_PATH = /Users/carl.stanley/sites/UKCPA/ukcpa_flutter/ios/Pods/.
               PODS_ROOT = /Users/carl.stanley/sites/UKCPA/ukcpa_flutter/ios/Pods
               PODS_XCFRAMEWORKS_BUILD_DIR = /Users/carl.stanley/sites/UKCPA/ukcpa_flutter/build/ios/Release-iphonesimulator/XCFrameworkIntermediates
               PRECOMPS_INCLUDE_HEADERS_FROM_BUILT_PRODUCTS_DIR = YES
               PRECOMP_DESTINATION_DIR = /Users/carl.stanley/sites/UKCPA/ukcpa_flutter/build/ios/Pods.build/Release-iphonesimulator/Pods-Runner.build/PrefixHeaders
               PRIVATE_HEADERS_FOLDER_PATH = Pods_Runner.framework/PrivateHeaders
               PROCESSED_INFOPLIST_PATH = /Users/carl.stanley/sites/UKCPA/ukcpa_flutter/build/ios/Pods.build/Release-iphonesimulator/Pods-Runner.build/Objects-normal/undefined_arch/Processed-Info.plist
               PRODUCT_BUNDLE_IDENTIFIER = org.cocoapods.Pods-Runner
               PRODUCT_BUNDLE_PACKAGE_TYPE = FMWK
               PRODUCT_MODULE_NAME = Pods_Runner
               PRODUCT_NAME = Pods_Runner
               PRODUCT_SETTINGS_PATH = /Users/carl.stanley/sites/UKCPA/ukcpa_flutter/ios/Pods/Target Support Files/Pods-Runner/Pods-Runner-Info.plist
               PRODUCT_TYPE = com.apple.product-type.framework
               PROFILING_CODE = NO
               PROJECT = Pods
               PROJECT_DERIVED_FILE_DIR = /Users/carl.stanley/sites/UKCPA/ukcpa_flutter/build/ios/Pods.build/DerivedSources
               PROJECT_DIR = /Users/carl.stanley/sites/UKCPA/ukcpa_flutter/ios/Pods
               PROJECT_FILE_PATH = /Users/carl.stanley/sites/UKCPA/ukcpa_flutter/ios/Pods/Pods.xcodeproj
               PROJECT_GUID = bfdfe7dc352907fc980b868725387e98
               PROJECT_NAME = Pods
               PROJECT_TEMP_DIR = /Users/carl.stanley/sites/UKCPA/ukcpa_flutter/build/ios/Pods.build
               PROJECT_TEMP_ROOT = /Users/carl.stanley/sites/UKCPA/ukcpa_flutter/build/ios
               PUBLIC_HEADERS_FOLDER_PATH = Pods_Runner.framework/Headers
               RECOMMENDED_IPHONEOS_DEPLOYMENT_TARGET = 15.0
               RECURSIVE_SEARCH_PATHS_FOLLOW_SYMLINKS = YES
               REMOVE_CVS_FROM_RESOURCES = YES
               REMOVE_GIT_FROM_RESOURCES = YES
               REMOVE_HEADERS_FROM_EMBEDDED_BUNDLES = YES
               REMOVE_HG_FROM_RESOURCES = YES
               REMOVE_STATIC_EXECUTABLES_FROM_EMBEDDED_BUNDLES = YES
               REMOVE_SVN_FROM_RESOURCES = YES
               RESCHEDULE_INDEPENDENT_HEADERS_PHASES = YES
               REZ_COLLECTOR_DIR = /Users/carl.stanley/sites/UKCPA/ukcpa_flutter/build/ios/Pods.build/Release-iphonesimulator/Pods-Runner.build/ResourceManagerResources
               REZ_OBJECTS_DIR = /Users/carl.stanley/sites/UKCPA/ukcpa_flutter/build/ios/Pods.build/Release-iphonesimulator/Pods-Runner.build/ResourceManagerResources/Objects
               REZ_SEARCH_PATHS = /Users/carl.stanley/sites/UKCPA/ukcpa_flutter/build/ios/Release-iphonesimulator 
               SCAN_ALL_SOURCE_FILES_FOR_INCLUDES = NO
               SCRIPTS_FOLDER_PATH = Pods_Runner.framework/Scripts
               SDKROOT = /Applications/Xcode.app/Contents/Developer/Platforms/iPhoneSimulator.platform/Developer/SDKs/iPhoneSimulator18.0.sdk
               SDK_DIR = /Applications/Xcode.app/Contents/Developer/Platforms/iPhoneSimulator.platform/Developer/SDKs/iPhoneSimulator18.0.sdk
               SDK_DIR_iphonesimulator = /Applications/Xcode.app/Contents/Developer/Platforms/iPhoneSimulator.platform/Developer/SDKs/iPhoneSimulator18.0.sdk
               SDK_DIR_iphonesimulator18_0 = /Applications/Xcode.app/Contents/Developer/Platforms/iPhoneSimulator.platform/Developer/SDKs/iPhoneSimulator18.0.sdk
               SDK_NAME = iphonesimulator18.0
               SDK_NAMES = iphonesimulator18.0
               SDK_PRODUCT_BUILD_VERSION = 22A3362
               SDK_STAT_CACHE_DIR = /var/folders/20/skb3d8qx2hn9r9z8036y32g40000gp/C/com.apple.DeveloperTools/16.0-16A242d/Xcode
               SDK_STAT_CACHE_ENABLE = YES
               SDK_STAT_CACHE_PATH = /var/folders/20/skb3d8qx2hn9r9z8036y32g40000gp/C/com.apple.DeveloperTools/16.0-16A242d/Xcode/SDKStatCaches.noindex/iphonesimulator18.0-22A3362-db63dc9361471f152f572502bdbfe70a.sdkstatcache
               SDK_VERSION = 18.0
               SDK_VERSION_ACTUAL = 180000
               SDK_VERSION_MAJOR = 180000
               SDK_VERSION_MINOR = 180000
               SED = /usr/bin/sed
               SEPARATE_STRIP = NO
               SEPARATE_SYMBOL_EDIT = NO
               SET_DIR_MODE_OWNER_GROUP = YES
               SET_FILE_MODE_OWNER_GROUP = NO
               SHALLOW_BUNDLE = YES
               SHALLOW_BUNDLE_TRIPLE = ios-simulator
               SHALLOW_BUNDLE_ios_macabi = NO
               SHALLOW_BUNDLE_macos = NO
               SHARED_DERIVED_FILE_DIR = /Users/carl.stanley/sites/UKCPA/ukcpa_flutter/build/ios/Release-iphonesimulator/DerivedSources
               SHARED_FRAMEWORKS_FOLDER_PATH = Pods_Runner.framework/SharedFrameworks
               SHARED_PRECOMPS_DIR = /Users/carl.stanley/sites/UKCPA/ukcpa_flutter/build/ios/SharedPrecompiledHeaders
               SHARED_SUPPORT_FOLDER_PATH = Pods_Runner.framework
               SKIP_INSTALL = YES
               SOURCE_ROOT = /Users/carl.stanley/sites/UKCPA/ukcpa_flutter/ios/Pods
               SRCROOT = /Users/carl.stanley/sites/UKCPA/ukcpa_flutter/ios/Pods
               STRINGSDATA_DIR = /Users/carl.stanley/sites/UKCPA/ukcpa_flutter/build/ios/Pods.build/Release-iphonesimulator/Pods-Runner.build/Objects-normal/undefined_arch
               STRINGSDATA_ROOT = /Users/carl.stanley/sites/UKCPA/ukcpa_flutter/build/ios/Pods.build/Release-iphonesimulator/Pods-Runner.build
               STRINGS_FILE_INFOPLIST_RENAME = YES
               STRINGS_FILE_OUTPUT_ENCODING = binary
               STRIP_BITCODE_FROM_COPIED_FILES = NO
               STRIP_INSTALLED_PRODUCT = NO
               STRIP_STYLE = debugging
               STRIP_SWIFT_SYMBOLS = YES
               SUPPORTED_DEVICE_FAMILIES = 1,2
               SUPPORTED_PLATFORMS = iphoneos iphonesimulator
               SUPPORTS_TEXT_BASED_API = NO
               SUPPRESS_WARNINGS = NO
               SWIFT_COMPILATION_MODE = wholemodule
               SWIFT_EMIT_LOC_STRINGS = NO
               SWIFT_INSTALL_MODULE_FOR_DEPLOYMENT = YES
               SWIFT_OPTIMIZATION_LEVEL = -O
               SWIFT_PLATFORM_TARGET_PREFIX = ios
               SWIFT_RESPONSE_FILE_PATH_normal_arm64 = /Users/carl.stanley/sites/UKCPA/ukcpa_flutter/build/ios/Pods.build/Release-iphonesimulator/Pods-Runner.build/Objects-normal/arm64/Pods_Runner.SwiftFileList
               SWIFT_RESPONSE_FILE_PATH_normal_x86_64 = /Users/carl.stanley/sites/UKCPA/ukcpa_flutter/build/ios/Pods.build/Release-iphonesimulator/Pods-Runner.build/Objects-normal/x86_64/Pods_Runner.SwiftFileList
               SWIFT_VERSION = 5.0
               SYMROOT = /Users/carl.stanley/sites/UKCPA/ukcpa_flutter/ios/build
               SYSTEM_ADMIN_APPS_DIR = /Applications/Utilities
               SYSTEM_APPS_DIR = /Applications
               SYSTEM_CORE_SERVICES_DIR = /System/Library/CoreServices
               SYSTEM_DEMOS_DIR = /Applications/Extras
               SYSTEM_DEVELOPER_APPS_DIR = /Applications/Xcode.app/Contents/Developer/Applications
               SYSTEM_DEVELOPER_BIN_DIR = /Applications/Xcode.app/Contents/Developer/usr/bin
               SYSTEM_DEVELOPER_DEMOS_DIR = /Applications/Xcode.app/Contents/Developer/Applications/Utilities/Built Examples
               SYSTEM_DEVELOPER_DIR = /Applications/Xcode.app/Contents/Developer
               SYSTEM_DEVELOPER_DOC_DIR = /Applications/Xcode.app/Contents/Developer/ADC Reference Library
               SYSTEM_DEVELOPER_GRAPHICS_TOOLS_DIR = /Applications/Xcode.app/Contents/Developer/Applications/Graphics Tools
               SYSTEM_DEVELOPER_JAVA_TOOLS_DIR = /Applications/Xcode.app/Contents/Developer/Applications/Java Tools
               SYSTEM_DEVELOPER_PERFORMANCE_TOOLS_DIR = /Applications/Xcode.app/Contents/Developer/Applications/Performance Tools
               SYSTEM_DEVELOPER_RELEASENOTES_DIR = /Applications/Xcode.app/Contents/Developer/ADC Reference Library/releasenotes
               SYSTEM_DEVELOPER_TOOLS = /Applications/Xcode.app/Contents/Developer/Tools
               SYSTEM_DEVELOPER_TOOLS_DOC_DIR = /Applications/Xcode.app/Contents/Developer/ADC Reference Library/documentation/DeveloperTools
               SYSTEM_DEVELOPER_TOOLS_RELEASENOTES_DIR = /Applications/Xcode.app/Contents/Developer/ADC Reference Library/releasenotes/DeveloperTools
               SYSTEM_DEVELOPER_USR_DIR = /Applications/Xcode.app/Contents/Developer/usr
               SYSTEM_DEVELOPER_UTILITIES_DIR = /Applications/Xcode.app/Contents/Developer/Applications/Utilities
               SYSTEM_DEXT_INSTALL_PATH = /System/Library/DriverExtensions
               SYSTEM_DOCUMENTATION_DIR = /Library/Documentation
               SYSTEM_EXTENSIONS_FOLDER_PATH = Pods_Runner.framework/SystemExtensions
               SYSTEM_EXTENSIONS_FOLDER_PATH_SHALLOW_BUNDLE_NO = Pods_Runner.framework/Library/SystemExtensions
               SYSTEM_EXTENSIONS_FOLDER_PATH_SHALLOW_BUNDLE_YES = Pods_Runner.framework/SystemExtensions
               SYSTEM_KEXT_INSTALL_PATH = /System/Library/Extensions
               SYSTEM_LIBRARY_DIR = /System/Library
               TAPI_DEMANGLE = YES
               TAPI_ENABLE_PROJECT_HEADERS = NO
               TAPI_LANGUAGE = objective-c
               TAPI_LANGUAGE_STANDARD = compiler-default
               TAPI_USE_SRCROOT = YES
               TAPI_VERIFY_MODE = Pedantic
               TARGETED_DEVICE_FAMILY = 1,2
               TARGETNAME = Pods-Runner
               TARGET_BUILD_DIR = /Users/carl.stanley/sites/UKCPA/ukcpa_flutter/build/ios/Release-iphonesimulator
               TARGET_NAME = Pods-Runner
               TARGET_TEMP_DIR = /Users/carl.stanley/sites/UKCPA/ukcpa_flutter/build/ios/Pods.build/Release-iphonesimulator/Pods-Runner.build
               TEMP_DIR = /Users/carl.stanley/sites/UKCPA/ukcpa_flutter/build/ios/Pods.build/Release-iphonesimulator/Pods-Runner.build
               TEMP_FILES_DIR = /Users/carl.stanley/sites/UKCPA/ukcpa_flutter/build/ios/Pods.build/Release-iphonesimulator/Pods-Runner.build
               TEMP_FILE_DIR = /Users/carl.stanley/sites/UKCPA/ukcpa_flutter/build/ios/Pods.build/Release-iphonesimulator/Pods-Runner.build
               TEMP_ROOT = /Users/carl.stanley/sites/UKCPA/ukcpa_flutter/build/ios
               TEST_FRAMEWORK_SEARCH_PATHS =  /Applications/Xcode.app/Contents/Developer/Platforms/iPhoneSimulator.platform/Developer/Library/Frameworks /Applications/Xcode.app/Contents/Developer/Platforms/iPhoneSimulator.platform/Developer/SDKs/iPhoneSimulator18.0.sdk/Developer/Library/Frameworks
               TEST_LIBRARY_SEARCH_PATHS =  /Applications/Xcode.app/Contents/Developer/Platforms/iPhoneSimulator.platform/Developer/usr/lib
               TOOLCHAINS = com.apple.dt.toolchain.XcodeDefault
               TOOLCHAIN_DIR = /Applications/Xcode.app/Contents/Developer/Toolchains/XcodeDefault.xctoolchain
               TREAT_MISSING_BASELINES_AS_TEST_FAILURES = NO
               TREAT_MISSING_SCRIPT_PHASE_OUTPUTS_AS_ERRORS = NO
               UID = 502
               UNINSTALLED_PRODUCTS_DIR = /Users/carl.stanley/sites/UKCPA/ukcpa_flutter/build/ios/UninstalledProducts
               UNLOCALIZED_RESOURCES_FOLDER_PATH = Pods_Runner.framework
               UNLOCALIZED_RESOURCES_FOLDER_PATH_SHALLOW_BUNDLE_NO = Pods_Runner.framework/Resources
               UNLOCALIZED_RESOURCES_FOLDER_PATH_SHALLOW_BUNDLE_YES = Pods_Runner.framework
               UNSTRIPPED_PRODUCT = NO
               USER = carl.stanley
               USER_APPS_DIR = /Users/carl.stanley/Applications
               USER_LIBRARY_DIR = /Users/carl.stanley/Library
               USE_DYNAMIC_NO_PIC = YES
               USE_HEADERMAP = YES
               USE_HEADER_SYMLINKS = NO
               USE_RECURSIVE_SCRIPT_INPUTS_IN_SCRIPT_PHASES = YES
               VALIDATE_DEVELOPMENT_ASSET_PATHS = YES_ERROR
               VALIDATE_PRODUCT = YES
               VALID_ARCHS = arm64 x86_64
               VERBOSE_PBXCP = NO
               VERSIONING_SYSTEM = apple-generic
               VERSIONPLIST_PATH = Pods_Runner.framework/version.plist
               VERSIONS_FOLDER_PATH = Pods_Runner.framework
               VERSIONS_FOLDER_PATH_SHALLOW_BUNDLE_NO = Pods_Runner.framework/Versions
               VERSIONS_FOLDER_PATH_SHALLOW_BUNDLE_YES = Pods_Runner.framework
               VERSION_INFO_BUILDER = carl.stanley
               VERSION_INFO_FILE = Pods_Runner_vers.c
               VERSION_INFO_STRING = "@(#)PROGRAM:Pods_Runner  PROJECT:Pods-1"
               WORKSPACE_DIR = /Users/carl.stanley/sites/UKCPA/ukcpa_flutter/ios/Pods/Pods.xcodeproj
               WRAPPER_EXTENSION = framework
               WRAPPER_NAME = Pods_Runner.framework
               WRAPPER_SUFFIX = .framework
               WRAP_ASSET_PACKS_IN_SEPARATE_DIRECTORIES = NO
               XCODE_APP_SUPPORT_DIR = /Applications/Xcode.app/Contents/Developer/Library/Xcode
               XCODE_PRODUCT_BUILD_VERSION = 16A242d
               XCODE_VERSION_ACTUAL = 1600
               XCODE_VERSION_MAJOR = 1600
               XCODE_VERSION_MINOR = 1600
               XPCSERVICES_FOLDER_PATH = Pods_Runner.framework/XPCServices
               YACC = yacc
               _WRAPPER_CONTENTS_DIR_SHALLOW_BUNDLE_NO = /Contents
               _WRAPPER_PARENT_PATH_SHALLOW_BUNDLE_NO = /..
               _WRAPPER_RESOURCES_DIR_SHALLOW_BUNDLE_NO = /Resources
               arch = undefined_arch
               variant = normal

           Build settings for action build and target Pods-RunnerTests:
               ACTION = build
               AD_HOC_CODE_SIGNING_ALLOWED = YES
               ALLOW_BUILD_REQUEST_OVERRIDES = NO
               ALLOW_TARGET_PLATFORM_SPECIALIZATION = NO
               ALTERNATE_GROUP = staff
               ALTERNATE_MODE = u+w,go-w,a+rX
               ALTERNATE_OWNER = carl.stanley
               ALTERNATIVE_DISTRIBUTION_WEB = NO
               ALWAYS_EMBED_SWIFT_STANDARD_LIBRARIES = NO
               ALWAYS_SEARCH_USER_PATHS = NO
               ALWAYS_USE_SEPARATE_HEADERMAPS = NO
               APPLE_INTERNAL_DEVELOPER_DIR = /AppleInternal/Developer
               APPLE_INTERNAL_DIR = /AppleInternal
               APPLE_INTERNAL_DOCUMENTATION_DIR = /AppleInternal/Documentation
               APPLE_INTERNAL_LIBRARY_DIR = /AppleInternal/Library
               APPLE_INTERNAL_TOOLS = /AppleInternal/Developer/Tools
               APPLICATION_EXTENSION_API_ONLY = NO
               APPLY_RULES_IN_COPY_FILES = NO
               APPLY_RULES_IN_COPY_HEADERS = NO
               APP_SHORTCUTS_ENABLE_FLEXIBLE_MATCHING = YES
               ARCHS = arm64 x86_64
               ARCHS_STANDARD = arm64 x86_64
               ARCHS_STANDARD_32_64_BIT = arm64 i386 x86_64
               ARCHS_STANDARD_32_BIT = i386
               ARCHS_STANDARD_64_BIT = arm64 x86_64
               ARCHS_STANDARD_INCLUDING_64_BIT = arm64 x86_64
               ARCHS_UNIVERSAL_IPHONE_OS = arm64 i386 x86_64
               ASSETCATALOG_COMPILER_GENERATE_ASSET_SYMBOLS = YES
               AUTOMATICALLY_MERGE_DEPENDENCIES = NO
               AVAILABLE_PLATFORMS = appletvos appletvsimulator driverkit iphoneos iphonesimulator macosx watchos watchsimulator xros xrsimulator
               BITCODE_GENERATION_MODE = marker
               BUILD_ACTIVE_RESOURCES_ONLY = NO
               BUILD_COMPONENTS = headers build
               BUILD_DIR = /Users/carl.stanley/sites/UKCPA/ukcpa_flutter/build/ios
               BUILD_LIBRARY_FOR_DISTRIBUTION = NO
               BUILD_ROOT = /Users/carl.stanley/sites/UKCPA/ukcpa_flutter/ios/build
               BUILD_STYLE = 
               BUILD_VARIANTS = normal
               BUILT_PRODUCTS_DIR = /Users/carl.stanley/sites/UKCPA/ukcpa_flutter/build/ios/Release-iphonesimulator
               BUNDLE_CONTENTS_FOLDER_PATH_deep = Contents/
               BUNDLE_EXECUTABLE_FOLDER_NAME_deep = MacOS
               BUNDLE_EXTENSIONS_FOLDER_PATH = Extensions
               BUNDLE_FORMAT = shallow
               BUNDLE_FRAMEWORKS_FOLDER_PATH = Frameworks
               BUNDLE_PLUGINS_FOLDER_PATH = PlugIns
               BUNDLE_PRIVATE_HEADERS_FOLDER_PATH = PrivateHeaders
               BUNDLE_PUBLIC_HEADERS_FOLDER_PATH = Headers
               CACHE_ROOT = /var/folders/20/skb3d8qx2hn9r9z8036y32g40000gp/C/com.apple.DeveloperTools/16.0-16A242d/Xcode
               CCHROOT = /var/folders/20/skb3d8qx2hn9r9z8036y32g40000gp/C/com.apple.DeveloperTools/16.0-16A242d/Xcode
               CHMOD = /bin/chmod
               CHOWN = /usr/sbin/chown
               CLANG_ANALYZER_LOCALIZABILITY_NONLOCALIZED = YES
               CLANG_ANALYZER_NONNULL = YES
               CLANG_ANALYZER_NUMBER_OBJECT_CONVERSION = YES_AGGRESSIVE
               CLANG_CACHE_FINE_GRAINED_OUTPUTS = YES
               CLANG_CXX_LANGUAGE_STANDARD = gnu++14
               CLANG_CXX_LIBRARY = libc++
               CLANG_ENABLE_EXPLICIT_MODULES = YES
               CLANG_ENABLE_MODULES = YES
               CLANG_ENABLE_OBJC_ARC = YES
               CLANG_ENABLE_OBJC_WEAK = NO
               CLANG_MODULES_BUILD_SESSION_FILE = /var/folders/20/skb3d8qx2hn9r9z8036y32g40000gp/C/org.llvm.clang/ModuleCache.noindex/Session.modulevalidation
               CLANG_WARN_BLOCK_CAPTURE_AUTORELEASING = YES
               CLANG_WARN_BOOL_CONVERSION = YES
               CLANG_WARN_COMMA = YES
               CLANG_WARN_CONSTANT_CONVERSION = YES
               CLANG_WARN_DEPRECATED_OBJC_IMPLEMENTATIONS = YES
               CLANG_WARN_DIRECT_OBJC_ISA_USAGE = YES_ERROR
               CLANG_WARN_DOCUMENTATION_COMMENTS = YES
               CLANG_WARN_EMPTY_BODY = YES
               CLANG_WARN_ENUM_CONVERSION = YES
               CLANG_WARN_INFINITE_RECURSION = YES
               CLANG_WARN_INT_CONVERSION = YES
               CLANG_WARN_NON_LITERAL_NULL_CONVERSION = YES
               CLANG_WARN_OBJC_IMPLICIT_RETAIN_SELF = YES
               CLANG_WARN_OBJC_LITERAL_CONVERSION = YES
               CLANG_WARN_OBJC_ROOT_CLASS = YES_ERROR
               CLANG_WARN_QUOTED_INCLUDE_IN_FRAMEWORK_HEADER = NO
               CLANG_WARN_RANGE_LOOP_ANALYSIS = YES
               CLANG_WARN_STRICT_PROTOTYPES = YES
               CLANG_WARN_SUSPICIOUS_MOVE = YES
               CLANG_WARN_UNGUARDED_AVAILABILITY = YES_AGGRESSIVE
               CLANG_WARN_UNREACHABLE_CODE = YES
               CLANG_WARN__DUPLICATE_METHOD_MATCH = YES
               CLASS_FILE_DIR = /Users/carl.stanley/sites/UKCPA/ukcpa_flutter/build/ios/Pods.build/Release-iphonesimulator/Pods-RunnerTests.build/JavaClasses
               CLEAN_PRECOMPS = YES
               CLONE_HEADERS = NO
               CODESIGNING_FOLDER_PATH = /Users/carl.stanley/sites/UKCPA/ukcpa_flutter/build/ios/Release-iphonesimulator/Pods_RunnerTests.framework
               CODE_SIGNING_ALLOWED = YES
               CODE_SIGNING_REQUIRED = NO
               CODE_SIGNING_REQUIRES_TEAM = YES
               CODE_SIGN_CONTEXT_CLASS = XCiPhoneSimulatorCodeSignContext
               CODE_SIGN_IDENTITY = -
               CODE_SIGN_INJECT_BASE_ENTITLEMENTS = YES
               COLOR_DIAGNOSTICS = NO
               COMBINE_HIDPI_IMAGES = NO
               COMPILATION_CACHE_CAS_PATH = /var/folders/20/skb3d8qx2hn9r9z8036y32g40000gp/C/com.apple.DeveloperTools/16.0-16A242d/Xcode/CompilationCache.noindex
               COMPILATION_CACHE_KEEP_CAS_DIRECTORY = YES
               COMPILER_INDEX_STORE_ENABLE = Default
               COMPOSITE_SDK_DIRS = /Users/carl.stanley/sites/UKCPA/ukcpa_flutter/build/ios/CompositeSDKs
               COMPRESS_PNG_FILES = YES
               CONFIGURATION = Release
               CONFIGURATION_BUILD_DIR = /Users/carl.stanley/sites/UKCPA/ukcpa_flutter/build/ios/Release-iphonesimulator
               CONFIGURATION_TEMP_DIR = /Users/carl.stanley/sites/UKCPA/ukcpa_flutter/build/ios/Pods.build/Release-iphonesimulator
               CONTENTS_FOLDER_PATH = Pods_RunnerTests.framework
               CONTENTS_FOLDER_PATH_SHALLOW_BUNDLE_NO = Pods_RunnerTests.framework/A
               CONTENTS_FOLDER_PATH_SHALLOW_BUNDLE_YES = Pods_RunnerTests.framework
               COPYING_PRESERVES_HFS_DATA = NO
               COPY_HEADERS_RUN_UNIFDEF = NO
               COPY_PHASE_STRIP = NO
               CORRESPONDING_DEVICE_PLATFORM_DIR = /Applications/Xcode.app/Contents/Developer/Platforms/iPhoneOS.platform
               CORRESPONDING_DEVICE_PLATFORM_NAME = iphoneos
               CORRESPONDING_DEVICE_SDK_DIR = /Applications/Xcode.app/Contents/Developer/Platforms/iPhoneOS.platform/Developer/SDKs/iPhoneOS18.0.sdk
               CORRESPONDING_DEVICE_SDK_NAME = iphoneos18.0
               CP = /bin/cp
               CREATE_INFOPLIST_SECTION_IN_BINARY = NO
               CURRENT_ARCH = undefined_arch
               CURRENT_PROJECT_VERSION = 1
               CURRENT_VARIANT = normal
               CURRENT_VERSION = Current
               DEAD_CODE_STRIPPING = YES
               DEBUGGING_SYMBOLS = YES
               DEBUG_INFORMATION_FORMAT = dwarf-with-dsym
               DEBUG_INFORMATION_VERSION = compiler-default
               DEFAULT_COMPILER = com.apple.compilers.llvm.clang.1_0
               DEFAULT_DEXT_INSTALL_PATH = /System/Library/DriverExtensions
               DEFAULT_KEXT_INSTALL_PATH = /System/Library/Extensions
               DEFINES_MODULE = YES
               DEPLOYMENT_LOCATION = NO
               DEPLOYMENT_POSTPROCESSING = NO
               DEPLOYMENT_TARGET_SETTING_NAME = IPHONEOS_DEPLOYMENT_TARGET
               DEPLOYMENT_TARGET_SUGGESTED_VALUES = 12.0 12.1 12.2 12.3 12.4 13.0 13.1 13.2 13.3 13.4 13.5 13.6 14.0 14.1 14.2 14.3 14.4 14.5 14.6 14.7 15.0 15.1 15.2 15.3 15.4 15.5 15.6 16.0 16.1 16.2 16.3 16.4 16.5 16.6 17.0 17.1 17.2 17.3 17.4 17.5 17.6 18.0
               DERIVED_FILES_DIR = /Users/carl.stanley/sites/UKCPA/ukcpa_flutter/build/ios/Pods.build/Release-iphonesimulator/Pods-RunnerTests.build/DerivedSources
               DERIVED_FILE_DIR = /Users/carl.stanley/sites/UKCPA/ukcpa_flutter/build/ios/Pods.build/Release-iphonesimulator/Pods-RunnerTests.build/DerivedSources
               DERIVED_SOURCES_DIR = /Users/carl.stanley/sites/UKCPA/ukcpa_flutter/build/ios/Pods.build/Release-iphonesimulator/Pods-RunnerTests.build/DerivedSources
               DEVELOPER_APPLICATIONS_DIR = /Applications/Xcode.app/Contents/Developer/Applications
               DEVELOPER_BIN_DIR = /Applications/Xcode.app/Contents/Developer/usr/bin
               DEVELOPER_DIR = /Applications/Xcode.app/Contents/Developer
               DEVELOPER_FRAMEWORKS_DIR = /Applications/Xcode.app/Contents/Developer/Library/Frameworks
               DEVELOPER_FRAMEWORKS_DIR_QUOTED = /Applications/Xcode.app/Contents/Developer/Library/Frameworks
               DEVELOPER_LIBRARY_DIR = /Applications/Xcode.app/Contents/Developer/Library
               DEVELOPER_SDK_DIR = /Applications/Xcode.app/Contents/Developer/Platforms/MacOSX.platform/Developer/SDKs
               DEVELOPER_TOOLS_DIR = /Applications/Xcode.app/Contents/Developer/Tools
               DEVELOPER_USR_DIR = /Applications/Xcode.app/Contents/Developer/usr
               DEVELOPMENT_LANGUAGE = en
               DIFF = /usr/bin/diff
               DOCUMENTATION_FOLDER_PATH = Pods_RunnerTests.framework/en.lproj/Documentation
               DONT_GENERATE_INFOPLIST_FILE = NO
               DSTROOT = /tmp/Pods.dst
               DT_TOOLCHAIN_DIR = /Applications/Xcode.app/Contents/Developer/Toolchains/XcodeDefault.xctoolchain
               DWARF_DSYM_FILE_NAME = Pods_RunnerTests.framework.dSYM
               DWARF_DSYM_FILE_SHOULD_ACCOMPANY_PRODUCT = NO
               DWARF_DSYM_FOLDER_PATH = /Users/carl.stanley/sites/UKCPA/ukcpa_flutter/build/ios/Release-iphonesimulator
               DYLIB_COMPATIBILITY_VERSION = 1
               DYLIB_CURRENT_VERSION = 1
               DYLIB_INSTALL_NAME_BASE = @rpath
               DYNAMIC_LIBRARY_EXTENSION = dylib
               EAGER_COMPILATION_ALLOW_SCRIPTS = NO
               EAGER_LINKING = NO
               EFFECTIVE_PLATFORM_NAME = -iphonesimulator
               EMBEDDED_CONTENT_CONTAINS_SWIFT = NO
               EMBED_ASSET_PACKS_IN_PRODUCT_BUNDLE = NO
               ENABLE_APP_SANDBOX = NO
               ENABLE_BITCODE = NO
               ENABLE_CODE_COVERAGE = YES
               ENABLE_DEFAULT_HEADER_SEARCH_PATHS = YES
               ENABLE_DEFAULT_SEARCH_PATHS = YES
               ENABLE_HARDENED_RUNTIME = NO
               ENABLE_HEADER_DEPENDENCIES = YES
               ENABLE_MODULE_VERIFIER = NO
               ENABLE_NS_ASSERTIONS = NO
               ENABLE_ON_DEMAND_RESOURCES = NO
               ENABLE_STRICT_OBJC_MSGSEND = YES
               ENABLE_TESTABILITY = NO
               ENABLE_TESTING_SEARCH_PATHS = NO
               ENABLE_USER_SCRIPT_SANDBOXING = NO
               ENTITLEMENTS_DESTINATION = __entitlements
               ENTITLEMENTS_REQUIRED = NO
               EXCLUDED_ARCHS =  i386
               EXCLUDED_INSTALLSRC_SUBDIRECTORY_PATTERNS = .DS_Store .svn .git .hg CVS
               EXCLUDED_RECURSIVE_SEARCH_PATH_SUBDIRECTORIES = *.nib *.lproj *.framework *.gch *.xcode* *.xcassets (*) .DS_Store CVS .svn .git .hg *.pbproj *.pbxproj
               EXECUTABLES_FOLDER_PATH = Pods_RunnerTests.framework/en.lproj
               EXECUTABLE_FOLDER_PATH = Pods_RunnerTests.framework
               EXECUTABLE_FOLDER_PATH_SHALLOW_BUNDLE_NO = Pods_RunnerTests.framework
               EXECUTABLE_FOLDER_PATH_SHALLOW_BUNDLE_YES = Pods_RunnerTests.framework
               EXECUTABLE_NAME = Pods_RunnerTests
               EXECUTABLE_PATH = Pods_RunnerTests.framework/Pods_RunnerTests
               EXTENSIONS_FOLDER_PATH = Pods_RunnerTests.framework/Extensions
               FILE_LIST = /Users/carl.stanley/sites/UKCPA/ukcpa_flutter/build/ios/Pods.build/Release-iphonesimulator/Pods-RunnerTests.build/Objects/LinkFileList
               FIXED_FILES_DIR = /Users/carl.stanley/sites/UKCPA/ukcpa_flutter/build/ios/Pods.build/Release-iphonesimulator/Pods-RunnerTests.build/FixedFiles
               FRAMEWORKS_FOLDER_PATH = Pods_RunnerTests.framework/Frameworks
               FRAMEWORK_FLAG_PREFIX = -framework
               FRAMEWORK_SEARCH_PATHS = /Users/carl.stanley/sites/UKCPA/ukcpa_flutter/build/ios/Release-iphonesimulator "/Users/carl.stanley/development/flutter/bin/cache/artifacts/engine/ios-release/Flutter.xcframework/ios-arm64_x86_64-simulator"  "/Users/carl.stanley/sites/UKCPA/ukcpa_flutter/build/ios/Release-iphonesimulator/ReachabilitySwift" "/Users/carl.stanley/sites/UKCPA/ukcpa_flutter/build/ios/Release-iphonesimulator/TOCropViewController" "/Users/carl.stanley/sites/UKCPA/ukcpa_flutter/build/ios/Release-iphonesimulator/connectivity_plus" "/Users/carl.stanley/sites/UKCPA/ukcpa_flutter/build/ios/Release-iphonesimulator/device_info_plus" "/Users/carl.stanley/sites/UKCPA/ukcpa_flutter/build/ios/Release-iphonesimulator/flutter_secure_storage" "/Users/carl.stanley/sites/UKCPA/ukcpa_flutter/build/ios/Release-iphonesimulator/image_cropper" "/Users/carl.stanley/sites/UKCPA/ukcpa_flutter/build/ios/Release-iphonesimulator/image_picker_ios" "/Users/carl.stanley/sites/UKCPA/ukcpa_flutter/build/ios/Release-iphonesimulator/integration_test" "/Users/carl.stanley/sites/UKCPA/ukcpa_flutter/build/ios/Release-iphonesimulator/local_auth_darwin" "/Users/carl.stanley/sites/UKCPA/ukcpa_flutter/build/ios/Release-iphonesimulator/package_info_plus" "/Users/carl.stanley/sites/UKCPA/ukcpa_flutter/build/ios/Release-iphonesimulator/path_provider_foundation" "/Users/carl.stanley/sites/UKCPA/ukcpa_flutter/build/ios/Release-iphonesimulator/permission_handler_apple" "/Users/carl.stanley/sites/UKCPA/ukcpa_flutter/build/ios/Release-iphonesimulator/share_plus" "/Users/carl.stanley/sites/UKCPA/ukcpa_flutter/build/ios/Release-iphonesimulator/shared_preferences_foundation" "/Users/carl.stanley/sites/UKCPA/ukcpa_flutter/build/ios/Release-iphonesimulator/sqflite_darwin" "/Users/carl.stanley/sites/UKCPA/ukcpa_flutter/build/ios/Release-iphonesimulator/url_launcher_ios" "/Users/carl.stanley/sites/UKCPA/ukcpa_flutter/build/ios/Release-iphonesimulator/video_player_avfoundation" "/Users/carl.stanley/sites/UKCPA/ukcpa_flutter/build/ios/Release-iphonesimulator/wakelock_plus"
               FRAMEWORK_VERSION = A
               FULL_PRODUCT_NAME = Pods_RunnerTests.framework
               FUSE_BUILD_PHASES = YES
               FUSE_BUILD_SCRIPT_PHASES = NO
               GCC3_VERSION = 3.3
               GCC_C_LANGUAGE_STANDARD = gnu11
               GCC_INLINES_ARE_PRIVATE_EXTERN = YES
               GCC_NO_COMMON_BLOCKS = YES
               GCC_OBJC_LEGACY_DISPATCH = YES
               GCC_PFE_FILE_C_DIALECTS = c objective-c c++ objective-c++
               GCC_PREPROCESSOR_DEFINITIONS = POD_CONFIGURATION_RELEASE=1  COCOAPODS=1
               GCC_TREAT_WARNINGS_AS_ERRORS = NO
               GCC_VERSION = com.apple.compilers.llvm.clang.1_0
               GCC_VERSION_IDENTIFIER = com_apple_compilers_llvm_clang_1_0
               GCC_WARN_64_TO_32_BIT_CONVERSION = YES
               GCC_WARN_ABOUT_RETURN_TYPE = YES_ERROR
               GCC_WARN_UNDECLARED_SELECTOR = YES
               GCC_WARN_UNINITIALIZED_AUTOS = YES_AGGRESSIVE
               GCC_WARN_UNUSED_FUNCTION = YES
               GCC_WARN_UNUSED_VARIABLE = YES
               GENERATED_MODULEMAP_DIR = /Users/carl.stanley/sites/UKCPA/ukcpa_flutter/build/ios/GeneratedModuleMaps-iphonesimulator
               GENERATE_INFOPLIST_FILE = NO
               GENERATE_INTERMEDIATE_TEXT_BASED_STUBS = YES
               GENERATE_MASTER_OBJECT_FILE = NO
               GENERATE_PKGINFO_FILE = NO
               GENERATE_PROFILING_CODE = NO
               GENERATE_TEXT_BASED_STUBS = NO
               GID = 20
               GROUP = staff
               HEADERMAP_INCLUDES_FLAT_ENTRIES_FOR_TARGET_BEING_BUILT = YES
               HEADERMAP_INCLUDES_FRAMEWORK_ENTRIES_FOR_ALL_PRODUCT_TYPES = YES
               HEADERMAP_INCLUDES_FRAMEWORK_ENTRIES_FOR_TARGETS_NOT_BEING_BUILT = YES
               HEADERMAP_INCLUDES_NONPUBLIC_NONPRIVATE_HEADERS = YES
               HEADERMAP_INCLUDES_PROJECT_HEADERS = YES
               HEADERMAP_USES_FRAMEWORK_PREFIX_ENTRIES = YES
               HEADERMAP_USES_VFS = YES
               HEADER_SEARCH_PATHS = /Users/carl.stanley/sites/UKCPA/ukcpa_flutter/build/ios/Release-iphonesimulator/include  "/Users/carl.stanley/sites/UKCPA/ukcpa_flutter/build/ios/Release-iphonesimulator/ReachabilitySwift/Reachability.framework/Headers" "/Users/carl.stanley/sites/UKCPA/ukcpa_flutter/build/ios/Release-iphonesimulator/TOCropViewController/TOCropViewController.framework/Headers" "/Users/carl.stanley/sites/UKCPA/ukcpa_flutter/build/ios/Release-iphonesimulator/connectivity_plus/connectivity_plus.framework/Headers" "/Users/carl.stanley/sites/UKCPA/ukcpa_flutter/build/ios/Release-iphonesimulator/device_info_plus/device_info_plus.framework/Headers" "/Users/carl.stanley/sites/UKCPA/ukcpa_flutter/build/ios/Release-iphonesimulator/flutter_secure_storage/flutter_secure_storage.framework/Headers" "/Users/carl.stanley/sites/UKCPA/ukcpa_flutter/build/ios/Release-iphonesimulator/image_cropper/image_cropper.framework/Headers" "/Users/carl.stanley/sites/UKCPA/ukcpa_flutter/build/ios/Release-iphonesimulator/image_picker_ios/image_picker_ios.framework/Headers" "/Users/carl.stanley/sites/UKCPA/ukcpa_flutter/build/ios/Release-iphonesimulator/integration_test/integration_test.framework/Headers" "/Users/carl.stanley/sites/UKCPA/ukcpa_flutter/build/ios/Release-iphonesimulator/local_auth_darwin/local_auth_darwin.framework/Headers" "/Users/carl.stanley/sites/UKCPA/ukcpa_flutter/build/ios/Release-iphonesimulator/package_info_plus/package_info_plus.framework/Headers" "/Users/carl.stanley/sites/UKCPA/ukcpa_flutter/build/ios/Release-iphonesimulator/path_provider_foundation/path_provider_foundation.framework/Headers" "/Users/carl.stanley/sites/UKCPA/ukcpa_flutter/build/ios/Release-iphonesimulator/permission_handler_apple/permission_handler_apple.framework/Headers" "/Users/carl.stanley/sites/UKCPA/ukcpa_flutter/build/ios/Release-iphonesimulator/share_plus/share_plus.framework/Headers" "/Users/carl.stanley/sites/UKCPA/ukcpa_flutter/build/ios/Release-iphonesimulator/shared_preferences_foundation/shared_preferences_foundation.framework/Headers" "/Users/carl.stanley/sites/UKCPA/ukcpa_flutter/build/ios/Release-iphonesimulator/sqflite_darwin/sqflite_darwin.framework/Headers" "/Users/carl.stanley/sites/UKCPA/ukcpa_flutter/build/ios/Release-iphonesimulator/url_launcher_ios/url_launcher_ios.framework/Headers" "/Users/carl.stanley/sites/UKCPA/ukcpa_flutter/build/ios/Release-iphonesimulator/video_player_avfoundation/video_player_avfoundation.framework/Headers" "/Users/carl.stanley/sites/UKCPA/ukcpa_flutter/build/ios/Release-iphonesimulator/wakelock_plus/wakelock_plus.framework/Headers"
               HIDE_BITCODE_SYMBOLS = YES
               HOME = /Users/carl.stanley
               HOST_ARCH = arm64
               HOST_PLATFORM = macosx
               ICONV = /usr/bin/iconv
               IMPLICIT_DEPENDENCY_DOMAIN = default
               INFOPLIST_ENABLE_CFBUNDLEICONS_MERGE = YES
               INFOPLIST_EXPAND_BUILD_SETTINGS = YES
               INFOPLIST_FILE = Target Support Files/Pods-RunnerTests/Pods-RunnerTests-Info.plist
               INFOPLIST_OUTPUT_FORMAT = binary
               INFOPLIST_PATH = Pods_RunnerTests.framework/Info.plist
               INFOPLIST_PREPROCESS = NO
               INFOSTRINGS_PATH = Pods_RunnerTests.framework/en.lproj/InfoPlist.strings
               INLINE_PRIVATE_FRAMEWORKS = NO
               INSTALLHDRS_COPY_PHASE = NO
               INSTALLHDRS_SCRIPT_PHASE = NO
               INSTALL_DIR = /tmp/Pods.dst/Library/Frameworks
               INSTALL_GROUP = staff
               INSTALL_MODE_FLAG = u+w,go-w,a+rX
               INSTALL_OWNER = carl.stanley
               INSTALL_PATH = /Library/Frameworks
               INSTALL_ROOT = /tmp/Pods.dst
               IPHONEOS_DEPLOYMENT_TARGET = 13.0
               IS_UNOPTIMIZED_BUILD = NO
               JAVAC_DEFAULT_FLAGS = -J-Xms64m -J-XX:NewSize=4M -J-Dfile.encoding=UTF8
               JAVA_APP_STUB = /System/Library/Frameworks/JavaVM.framework/Resources/MacOS/JavaApplicationStub
               JAVA_ARCHIVE_CLASSES = YES
               JAVA_ARCHIVE_TYPE = JAR
               JAVA_COMPILER = /usr/bin/javac
               JAVA_FOLDER_PATH = Pods_RunnerTests.framework/Java
               JAVA_FRAMEWORK_RESOURCES_DIRS = Resources
               JAVA_JAR_FLAGS = cv
               JAVA_SOURCE_SUBDIR = .
               JAVA_USE_DEPENDENCIES = YES
               JAVA_ZIP_FLAGS = -urg
               JIKES_DEFAULT_FLAGS = +E +OLDCSO
               KEEP_PRIVATE_EXTERNS = NO
               LD_DEPENDENCY_INFO_FILE = /Users/carl.stanley/sites/UKCPA/ukcpa_flutter/build/ios/Pods.build/Release-iphonesimulator/Pods-RunnerTests.build/Objects-normal/undefined_arch/Pods_RunnerTests_dependency_info.dat
               LD_DYLIB_INSTALL_NAME = @rpath/Pods_RunnerTests.framework/Pods_RunnerTests
               LD_EXPORT_SYMBOLS = YES
               LD_GENERATE_MAP_FILE = NO
               LD_MAP_FILE_PATH = /Users/carl.stanley/sites/UKCPA/ukcpa_flutter/build/ios/Pods.build/Release-iphonesimulator/Pods-RunnerTests.build/Pods_RunnerTests-LinkMap-normal-undefined_arch.txt
               LD_NO_PIE = NO
               LD_QUOTE_LINKER_ARGUMENTS_FOR_COMPILER_DRIVER = YES
               LD_RUNPATH_SEARCH_PATHS =  /usr/lib/swift @executable_path/Frameworks @loader_path/Frameworks
               LD_SHARED_CACHE_ELIGIBLE = Automatic
               LD_WARN_DUPLICATE_LIBRARIES = NO
               LD_WARN_UNUSED_DYLIBS = NO
               LEGACY_DEVELOPER_DIR = /Applications/Xcode.app/Contents/PlugIns/Xcode3Core.ideplugin/Contents/SharedSupport/Developer
               LEX = lex
               LIBRARY_DEXT_INSTALL_PATH = /Library/DriverExtensions
               LIBRARY_FLAG_NOSPACE = YES
               LIBRARY_FLAG_PREFIX = -l
               LIBRARY_KEXT_INSTALL_PATH = /Library/Extensions
               LIBRARY_SEARCH_PATHS = /Users/carl.stanley/sites/UKCPA/ukcpa_flutter/build/ios/Release-iphonesimulator  /Applications/Xcode.app/Contents/Developer/Toolchains/XcodeDefault.xctoolchain/usr/lib/swift/iphonesimulator/ /Applications/Xcode.app/Contents/Developer/Platforms/iPhoneSimulator.platform/Developer/SDKs/iPhoneSimulator18.0.sdk/usr/lib/swift
               LINKER_DISPLAYS_MANGLED_NAMES = NO
               LINK_FILE_LIST_normal_arm64 = /Users/carl.stanley/sites/UKCPA/ukcpa_flutter/build/ios/Pods.build/Release-iphonesimulator/Pods-RunnerTests.build/Objects-normal/arm64/Pods_RunnerTests.LinkFileList
               LINK_FILE_LIST_normal_x86_64 = /Users/carl.stanley/sites/UKCPA/ukcpa_flutter/build/ios/Pods.build/Release-iphonesimulator/Pods-RunnerTests.build/Objects-normal/x86_64/Pods_RunnerTests.LinkFileList
               LINK_OBJC_RUNTIME = YES
               LINK_WITH_STANDARD_LIBRARIES = YES
               LLVM_TARGET_TRIPLE_OS_VERSION = ios13.0
               LLVM_TARGET_TRIPLE_SUFFIX = -simulator
               LLVM_TARGET_TRIPLE_VENDOR = apple
               LM_AUX_CONST_METADATA_LIST_PATH_normal_arm64 = /Users/carl.stanley/sites/UKCPA/ukcpa_flutter/build/ios/Pods.build/Release-iphonesimulator/Pods-RunnerTests.build/Objects-normal/arm64/Pods_RunnerTests.SwiftConstValuesFileList
               LM_AUX_CONST_METADATA_LIST_PATH_normal_x86_64 = /Users/carl.stanley/sites/UKCPA/ukcpa_flutter/build/ios/Pods.build/Release-iphonesimulator/Pods-RunnerTests.build/Objects-normal/x86_64/Pods_RunnerTests.SwiftConstValuesFileList
               LOCALIZATION_EXPORT_SUPPORTED = YES
               LOCALIZATION_PREFERS_STRING_CATALOGS = NO
               LOCALIZED_RESOURCES_FOLDER_PATH = Pods_RunnerTests.framework/en.lproj
               LOCALIZED_STRING_MACRO_NAMES = NSLocalizedString CFCopyLocalizedString
               LOCALIZED_STRING_SWIFTUI_SUPPORT = YES
               LOCAL_ADMIN_APPS_DIR = /Applications/Utilities
               LOCAL_APPS_DIR = /Applications
               LOCAL_DEVELOPER_DIR = /Library/Developer
               LOCAL_LIBRARY_DIR = /Library
               LOCROOT = /Users/carl.stanley/sites/UKCPA/ukcpa_flutter/ios/Pods
               LOCSYMROOT = /Users/carl.stanley/sites/UKCPA/ukcpa_flutter/ios/Pods
               MACH_O_TYPE = staticlib
               MAC_OS_X_PRODUCT_BUILD_VERSION = 24G84
               MAC_OS_X_VERSION_ACTUAL = 150600
               MAC_OS_X_VERSION_MAJOR = 150000
               MAC_OS_X_VERSION_MINOR = 150600
               MAKE_MERGEABLE = NO
               MERGEABLE_LIBRARY = NO
               MERGED_BINARY_TYPE = none
               MERGE_LINKED_LIBRARIES = NO
               METAL_LIBRARY_FILE_BASE = default
               METAL_LIBRARY_OUTPUT_DIR = /Users/carl.stanley/sites/UKCPA/ukcpa_flutter/build/ios/Release-iphonesimulator/Pods_RunnerTests.framework
               MODULEMAP_FILE = Target Support Files/Pods-RunnerTests/Pods-RunnerTests.modulemap
               MODULES_FOLDER_PATH = Pods_RunnerTests.framework/Modules
               MTL_ENABLE_DEBUG_INFO = NO
               MTL_FAST_MATH = YES
               NATIVE_ARCH = arm64
               NATIVE_ARCH_32_BIT = arm
               NATIVE_ARCH_64_BIT = arm64
               NATIVE_ARCH_ACTUAL = arm64
               NO_COMMON = YES
               OBJC_ABI_VERSION = 2
               OBJECT_FILE_DIR = /Users/carl.stanley/sites/UKCPA/ukcpa_flutter/build/ios/Pods.build/Release-iphonesimulator/Pods-RunnerTests.build/Objects
               OBJECT_FILE_DIR_normal = /Users/carl.stanley/sites/UKCPA/ukcpa_flutter/build/ios/Pods.build/Release-iphonesimulator/Pods-RunnerTests.build/Objects-normal
               OBJROOT = /Users/carl.stanley/sites/UKCPA/ukcpa_flutter/build/ios
               ONLY_ACTIVE_ARCH = NO
               OS = MACOS
               OSAC = /usr/bin/osacompile
               OTHER_LDFLAGS =  -framework "CoreTelephony" -framework "Reachability" -framework "SystemConfiguration" -framework "TOCropViewController" -framework "UIKit" -framework "connectivity_plus" -framework "device_info_plus" -framework "flutter_secure_storage" -framework "image_cropper" -framework "image_picker_ios" -framework "integration_test" -framework "local_auth_darwin" -framework "package_info_plus" -framework "path_provider_foundation" -framework "share_plus" -framework "shared_preferences_foundation" -framework "sqflite_darwin" -framework "url_launcher_ios" -framework "video_player_avfoundation" -framework "wakelock_plus" -weak_framework "LinkPresentation" -framework Flutter
               PACKAGE_TYPE = com.apple.package-type.wrapper.framework
               PASCAL_STRINGS = YES
               PATH = /Applications/Xcode.app/Contents/SharedFrameworks/XCBuild.framework/Versions/A/PlugIns/XCBBuildService.bundle/Contents/PlugIns/XCBSpecifications.ideplugin/Contents/Resources:/Applications/Xcode.app/Contents/SharedFrameworks/XCBuild.framework/Versions/A/PlugIns/XCBBuildService.bundle/Contents/PlugIns/XCBSpecifications.ideplugin:/Applications/Xcode.app/Contents/Developer/Toolchains/XcodeDefault.xctoolchain/usr/bin:/Applications/Xcode.app/Contents/Developer/Toolchains/XcodeDefault.xctoolchain/usr/appleinternal/bin:/Applications/Xcode.app/Contents/Developer/Toolchains/XcodeDefault.xctoolchain/usr/local/bin:/Applications/Xcode.app/Contents/Developer/Toolchains/XcodeDefault.xctoolchain/usr/libexec:/Applications/Xcode.app/Contents/Developer/Platforms/iPhoneSimulator.platform/usr/bin:/Applications/Xcode.app/Contents/Developer/Platforms/iPhoneSimulator.platform/usr/appleinternal/bin:/Applications/Xcode.app/Contents/Developer/Platforms/iPhoneSimulator.platform/usr/local/bin:/Applications/Xcode.app/Contents/Developer/Platforms/iPhoneSimulator.platform/Developer/usr/bin:/Applications/Xcode.app/Contents/Developer/Platforms/iPhoneSimulator.platform/Developer/usr/local/bin:/Applications/Xcode.app/Contents/Developer/usr/bin:/Applications/Xcode.app/Contents/Developer/usr/local/bin:/opt/homebrew/Cellar/pyenv-virtualenv/1.2.4/shims:/Users/carl.stanley/.pyenv/shims:/Users/carl.stanley/.pyenv/bin:/Users/carl.stanley/.nvm/versions/node/v18.17.0/bin:/Users/carl.stanley/development/flutter/bin:/opt/homebrew/bin:/opt/homebrew/sbin:/Users/carl.stanley/.local/bin:/usr/local/bin:/System/Cryptexes/App/usr/bin:/usr/bin:/bin:/usr/sbin:/sbin:/var/run/com.apple.security.cryptexd/codex.system/bootstrap/usr/local/bin:/var/run/com.apple.security.cryptexd/codex.system/bootstrap/usr/bin:/var/run/com.apple.security.cryptexd/codex.system/bootstrap/usr/appleinternal/bin:/Library/Apple/usr/bin:/usr/local/sbin:/usr/local/go/bin:/Users/carl.stanley/.pub-cache/bin
               PATH_PREFIXES_EXCLUDED_FROM_HEADER_DEPENDENCIES = /usr/include /usr/local/include /System/Library/Frameworks /System/Library/PrivateFrameworks /Applications/Xcode.app/Contents/Developer/Headers /Applications/Xcode.app/Contents/Developer/SDKs /Applications/Xcode.app/Contents/Developer/Platforms
               PBDEVELOPMENTPLIST_PATH = Pods_RunnerTests.framework/pbdevelopment.plist
               PER_ARCH_OBJECT_FILE_DIR = /Users/carl.stanley/sites/UKCPA/ukcpa_flutter/build/ios/Pods.build/Release-iphonesimulator/Pods-RunnerTests.build/Objects-normal/undefined_arch
               PER_VARIANT_OBJECT_FILE_DIR = /Users/carl.stanley/sites/UKCPA/ukcpa_flutter/build/ios/Pods.build/Release-iphonesimulator/Pods-RunnerTests.build/Objects-normal
               PKGINFO_FILE_PATH = /Users/carl.stanley/sites/UKCPA/ukcpa_flutter/build/ios/Pods.build/Release-iphonesimulator/Pods-RunnerTests.build/PkgInfo
               PKGINFO_PATH = Pods_RunnerTests.framework/PkgInfo
               PLATFORM_DEVELOPER_APPLICATIONS_DIR = /Applications/Xcode.app/Contents/Developer/Platforms/iPhoneSimulator.platform/Developer/Applications
               PLATFORM_DEVELOPER_BIN_DIR = /Applications/Xcode.app/Contents/Developer/Platforms/iPhoneSimulator.platform/Developer/usr/bin
               PLATFORM_DEVELOPER_LIBRARY_DIR = /Applications/Xcode.app/Contents/Developer/Platforms/iPhoneSimulator.platform/Developer/Library
               PLATFORM_DEVELOPER_SDK_DIR = /Applications/Xcode.app/Contents/Developer/Platforms/iPhoneSimulator.platform/Developer/SDKs
               PLATFORM_DEVELOPER_TOOLS_DIR = /Applications/Xcode.app/Contents/Developer/Platforms/iPhoneSimulator.platform/Developer/Tools
               PLATFORM_DEVELOPER_USR_DIR = /Applications/Xcode.app/Contents/Developer/Platforms/iPhoneSimulator.platform/Developer/usr
               PLATFORM_DIR = /Applications/Xcode.app/Contents/Developer/Platforms/iPhoneSimulator.platform
               PLATFORM_DISPLAY_NAME = iOS Simulator
               PLATFORM_FAMILY_NAME = iOS
               PLATFORM_NAME = iphonesimulator
               PLATFORM_PREFERRED_ARCH = x86_64
               PLATFORM_PRODUCT_BUILD_VERSION = 22A3362
               PLIST_FILE_OUTPUT_FORMAT = binary
               PLUGINS_FOLDER_PATH = Pods_RunnerTests.framework/PlugIns
               PODS_BUILD_DIR = /Users/carl.stanley/sites/UKCPA/ukcpa_flutter/build/ios
               PODS_CONFIGURATION_BUILD_DIR = /Users/carl.stanley/sites/UKCPA/ukcpa_flutter/build/ios/Release-iphonesimulator
               PODS_PODFILE_DIR_PATH = /Users/carl.stanley/sites/UKCPA/ukcpa_flutter/ios/Pods/.
               PODS_ROOT = /Users/carl.stanley/sites/UKCPA/ukcpa_flutter/ios/Pods
               PODS_XCFRAMEWORKS_BUILD_DIR = /Users/carl.stanley/sites/UKCPA/ukcpa_flutter/build/ios/Release-iphonesimulator/XCFrameworkIntermediates
               PRECOMPS_INCLUDE_HEADERS_FROM_BUILT_PRODUCTS_DIR = YES
               PRECOMP_DESTINATION_DIR = /Users/carl.stanley/sites/UKCPA/ukcpa_flutter/build/ios/Pods.build/Release-iphonesimulator/Pods-RunnerTests.build/PrefixHeaders
               PRIVATE_HEADERS_FOLDER_PATH = Pods_RunnerTests.framework/PrivateHeaders
               PROCESSED_INFOPLIST_PATH = /Users/carl.stanley/sites/UKCPA/ukcpa_flutter/build/ios/Pods.build/Release-iphonesimulator/Pods-RunnerTests.build/Objects-normal/undefined_arch/Processed-Info.plist
               PRODUCT_BUNDLE_IDENTIFIER = org.cocoapods.Pods-RunnerTests
               PRODUCT_BUNDLE_PACKAGE_TYPE = FMWK
               PRODUCT_MODULE_NAME = Pods_RunnerTests
               PRODUCT_NAME = Pods_RunnerTests
               PRODUCT_SETTINGS_PATH = /Users/carl.stanley/sites/UKCPA/ukcpa_flutter/ios/Pods/Target Support Files/Pods-RunnerTests/Pods-RunnerTests-Info.plist
               PRODUCT_TYPE = com.apple.product-type.framework
               PROFILING_CODE = NO
               PROJECT = Pods
               PROJECT_DERIVED_FILE_DIR = /Users/carl.stanley/sites/UKCPA/ukcpa_flutter/build/ios/Pods.build/DerivedSources
               PROJECT_DIR = /Users/carl.stanley/sites/UKCPA/ukcpa_flutter/ios/Pods
               PROJECT_FILE_PATH = /Users/carl.stanley/sites/UKCPA/ukcpa_flutter/ios/Pods/Pods.xcodeproj
               PROJECT_GUID = bfdfe7dc352907fc980b868725387e98
               PROJECT_NAME = Pods
               PROJECT_TEMP_DIR = /Users/carl.stanley/sites/UKCPA/ukcpa_flutter/build/ios/Pods.build
               PROJECT_TEMP_ROOT = /Users/carl.stanley/sites/UKCPA/ukcpa_flutter/build/ios
               PUBLIC_HEADERS_FOLDER_PATH = Pods_RunnerTests.framework/Headers
               RECOMMENDED_IPHONEOS_DEPLOYMENT_TARGET = 15.0
               RECURSIVE_SEARCH_PATHS_FOLLOW_SYMLINKS = YES
               REMOVE_CVS_FROM_RESOURCES = YES
               REMOVE_GIT_FROM_RESOURCES = YES
               REMOVE_HEADERS_FROM_EMBEDDED_BUNDLES = YES
               REMOVE_HG_FROM_RESOURCES = YES
               REMOVE_STATIC_EXECUTABLES_FROM_EMBEDDED_BUNDLES = YES
               REMOVE_SVN_FROM_RESOURCES = YES
               RESCHEDULE_INDEPENDENT_HEADERS_PHASES = YES
               REZ_COLLECTOR_DIR = /Users/carl.stanley/sites/UKCPA/ukcpa_flutter/build/ios/Pods.build/Release-iphonesimulator/Pods-RunnerTests.build/ResourceManagerResources
               REZ_OBJECTS_DIR = /Users/carl.stanley/sites/UKCPA/ukcpa_flutter/build/ios/Pods.build/Release-iphonesimulator/Pods-RunnerTests.build/ResourceManagerResources/Objects
               REZ_SEARCH_PATHS = /Users/carl.stanley/sites/UKCPA/ukcpa_flutter/build/ios/Release-iphonesimulator 
               SCAN_ALL_SOURCE_FILES_FOR_INCLUDES = NO
               SCRIPTS_FOLDER_PATH = Pods_RunnerTests.framework/Scripts
               SDKROOT = /Applications/Xcode.app/Contents/Developer/Platforms/iPhoneSimulator.platform/Developer/SDKs/iPhoneSimulator18.0.sdk
               SDK_DIR = /Applications/Xcode.app/Contents/Developer/Platforms/iPhoneSimulator.platform/Developer/SDKs/iPhoneSimulator18.0.sdk
               SDK_DIR_iphonesimulator = /Applications/Xcode.app/Contents/Developer/Platforms/iPhoneSimulator.platform/Developer/SDKs/iPhoneSimulator18.0.sdk
               SDK_DIR_iphonesimulator18_0 = /Applications/Xcode.app/Contents/Developer/Platforms/iPhoneSimulator.platform/Developer/SDKs/iPhoneSimulator18.0.sdk
               SDK_NAME = iphonesimulator18.0
               SDK_NAMES = iphonesimulator18.0
               SDK_PRODUCT_BUILD_VERSION = 22A3362
               SDK_STAT_CACHE_DIR = /var/folders/20/skb3d8qx2hn9r9z8036y32g40000gp/C/com.apple.DeveloperTools/16.0-16A242d/Xcode
               SDK_STAT_CACHE_ENABLE = YES
               SDK_STAT_CACHE_PATH = /var/folders/20/skb3d8qx2hn9r9z8036y32g40000gp/C/com.apple.DeveloperTools/16.0-16A242d/Xcode/SDKStatCaches.noindex/iphonesimulator18.0-22A3362-db63dc9361471f152f572502bdbfe70a.sdkstatcache
               SDK_VERSION = 18.0
               SDK_VERSION_ACTUAL = 180000
               SDK_VERSION_MAJOR = 180000
               SDK_VERSION_MINOR = 180000
               SED = /usr/bin/sed
               SEPARATE_STRIP = NO
               SEPARATE_SYMBOL_EDIT = NO
               SET_DIR_MODE_OWNER_GROUP = YES
               SET_FILE_MODE_OWNER_GROUP = NO
               SHALLOW_BUNDLE = YES
               SHALLOW_BUNDLE_TRIPLE = ios-simulator
               SHALLOW_BUNDLE_ios_macabi = NO
               SHALLOW_BUNDLE_macos = NO
               SHARED_DERIVED_FILE_DIR = /Users/carl.stanley/sites/UKCPA/ukcpa_flutter/build/ios/Release-iphonesimulator/DerivedSources
               SHARED_FRAMEWORKS_FOLDER_PATH = Pods_RunnerTests.framework/SharedFrameworks
               SHARED_PRECOMPS_DIR = /Users/carl.stanley/sites/UKCPA/ukcpa_flutter/build/ios/SharedPrecompiledHeaders
               SHARED_SUPPORT_FOLDER_PATH = Pods_RunnerTests.framework
               SKIP_INSTALL = YES
               SOURCE_ROOT = /Users/carl.stanley/sites/UKCPA/ukcpa_flutter/ios/Pods
               SRCROOT = /Users/carl.stanley/sites/UKCPA/ukcpa_flutter/ios/Pods
               STRINGSDATA_DIR = /Users/carl.stanley/sites/UKCPA/ukcpa_flutter/build/ios/Pods.build/Release-iphonesimulator/Pods-RunnerTests.build/Objects-normal/undefined_arch
               STRINGSDATA_ROOT = /Users/carl.stanley/sites/UKCPA/ukcpa_flutter/build/ios/Pods.build/Release-iphonesimulator/Pods-RunnerTests.build
               STRINGS_FILE_INFOPLIST_RENAME = YES
               STRINGS_FILE_OUTPUT_ENCODING = binary
               STRIP_BITCODE_FROM_COPIED_FILES = NO
               STRIP_INSTALLED_PRODUCT = NO
               STRIP_STYLE = debugging
               STRIP_SWIFT_SYMBOLS = YES
               SUPPORTED_DEVICE_FAMILIES = 1,2
               SUPPORTED_PLATFORMS = iphoneos iphonesimulator
               SUPPORTS_TEXT_BASED_API = NO
               SUPPRESS_WARNINGS = NO
               SWIFT_COMPILATION_MODE = wholemodule
               SWIFT_EMIT_LOC_STRINGS = NO
               SWIFT_INSTALL_MODULE_FOR_DEPLOYMENT = YES
               SWIFT_OPTIMIZATION_LEVEL = -O
               SWIFT_PLATFORM_TARGET_PREFIX = ios
               SWIFT_RESPONSE_FILE_PATH_normal_arm64 = /Users/carl.stanley/sites/UKCPA/ukcpa_flutter/build/ios/Pods.build/Release-iphonesimulator/Pods-RunnerTests.build/Objects-normal/arm64/Pods_RunnerTests.SwiftFileList
               SWIFT_RESPONSE_FILE_PATH_normal_x86_64 = /Users/carl.stanley/sites/UKCPA/ukcpa_flutter/build/ios/Pods.build/Release-iphonesimulator/Pods-RunnerTests.build/Objects-normal/x86_64/Pods_RunnerTests.SwiftFileList
               SWIFT_VERSION = 5.0
               SYMROOT = /Users/carl.stanley/sites/UKCPA/ukcpa_flutter/ios/build
               SYSTEM_ADMIN_APPS_DIR = /Applications/Utilities
               SYSTEM_APPS_DIR = /Applications
               SYSTEM_CORE_SERVICES_DIR = /System/Library/CoreServices
               SYSTEM_DEMOS_DIR = /Applications/Extras
               SYSTEM_DEVELOPER_APPS_DIR = /Applications/Xcode.app/Contents/Developer/Applications
               SYSTEM_DEVELOPER_BIN_DIR = /Applications/Xcode.app/Contents/Developer/usr/bin
               SYSTEM_DEVELOPER_DEMOS_DIR = /Applications/Xcode.app/Contents/Developer/Applications/Utilities/Built Examples
               SYSTEM_DEVELOPER_DIR = /Applications/Xcode.app/Contents/Developer
               SYSTEM_DEVELOPER_DOC_DIR = /Applications/Xcode.app/Contents/Developer/ADC Reference Library
               SYSTEM_DEVELOPER_GRAPHICS_TOOLS_DIR = /Applications/Xcode.app/Contents/Developer/Applications/Graphics Tools
               SYSTEM_DEVELOPER_JAVA_TOOLS_DIR = /Applications/Xcode.app/Contents/Developer/Applications/Java Tools
               SYSTEM_DEVELOPER_PERFORMANCE_TOOLS_DIR = /Applications/Xcode.app/Contents/Developer/Applications/Performance Tools
               SYSTEM_DEVELOPER_RELEASENOTES_DIR = /Applications/Xcode.app/Contents/Developer/ADC Reference Library/releasenotes
               SYSTEM_DEVELOPER_TOOLS = /Applications/Xcode.app/Contents/Developer/Tools
               SYSTEM_DEVELOPER_TOOLS_DOC_DIR = /Applications/Xcode.app/Contents/Developer/ADC Reference Library/documentation/DeveloperTools
               SYSTEM_DEVELOPER_TOOLS_RELEASENOTES_DIR = /Applications/Xcode.app/Contents/Developer/ADC Reference Library/releasenotes/DeveloperTools
               SYSTEM_DEVELOPER_USR_DIR = /Applications/Xcode.app/Contents/Developer/usr
               SYSTEM_DEVELOPER_UTILITIES_DIR = /Applications/Xcode.app/Contents/Developer/Applications/Utilities
               SYSTEM_DEXT_INSTALL_PATH = /System/Library/DriverExtensions
               SYSTEM_DOCUMENTATION_DIR = /Library/Documentation
               SYSTEM_EXTENSIONS_FOLDER_PATH = Pods_RunnerTests.framework/SystemExtensions
               SYSTEM_EXTENSIONS_FOLDER_PATH_SHALLOW_BUNDLE_NO = Pods_RunnerTests.framework/Library/SystemExtensions
               SYSTEM_EXTENSIONS_FOLDER_PATH_SHALLOW_BUNDLE_YES = Pods_RunnerTests.framework/SystemExtensions
               SYSTEM_KEXT_INSTALL_PATH = /System/Library/Extensions
               SYSTEM_LIBRARY_DIR = /System/Library
               TAPI_DEMANGLE = YES
               TAPI_ENABLE_PROJECT_HEADERS = NO
               TAPI_LANGUAGE = objective-c
               TAPI_LANGUAGE_STANDARD = compiler-default
               TAPI_USE_SRCROOT = YES
               TAPI_VERIFY_MODE = Pedantic
               TARGETED_DEVICE_FAMILY = 1,2
               TARGETNAME = Pods-RunnerTests
               TARGET_BUILD_DIR = /Users/carl.stanley/sites/UKCPA/ukcpa_flutter/build/ios/Release-iphonesimulator
               TARGET_NAME = Pods-RunnerTests
               TARGET_TEMP_DIR = /Users/carl.stanley/sites/UKCPA/ukcpa_flutter/build/ios/Pods.build/Release-iphonesimulator/Pods-RunnerTests.build
               TEMP_DIR = /Users/carl.stanley/sites/UKCPA/ukcpa_flutter/build/ios/Pods.build/Release-iphonesimulator/Pods-RunnerTests.build
               TEMP_FILES_DIR = /Users/carl.stanley/sites/UKCPA/ukcpa_flutter/build/ios/Pods.build/Release-iphonesimulator/Pods-RunnerTests.build
               TEMP_FILE_DIR = /Users/carl.stanley/sites/UKCPA/ukcpa_flutter/build/ios/Pods.build/Release-iphonesimulator/Pods-RunnerTests.build
               TEMP_ROOT = /Users/carl.stanley/sites/UKCPA/ukcpa_flutter/build/ios
               TEST_FRAMEWORK_SEARCH_PATHS =  /Applications/Xcode.app/Contents/Developer/Platforms/iPhoneSimulator.platform/Developer/Library/Frameworks /Applications/Xcode.app/Contents/Developer/Platforms/iPhoneSimulator.platform/Developer/SDKs/iPhoneSimulator18.0.sdk/Developer/Library/Frameworks
               TEST_LIBRARY_SEARCH_PATHS =  /Applications/Xcode.app/Contents/Developer/Platforms/iPhoneSimulator.platform/Developer/usr/lib
               TOOLCHAINS = com.apple.dt.toolchain.XcodeDefault
               TOOLCHAIN_DIR = /Applications/Xcode.app/Contents/Developer/Toolchains/XcodeDefault.xctoolchain
               TREAT_MISSING_BASELINES_AS_TEST_FAILURES = NO
               TREAT_MISSING_SCRIPT_PHASE_OUTPUTS_AS_ERRORS = NO
               UID = 502
               UNINSTALLED_PRODUCTS_DIR = /Users/carl.stanley/sites/UKCPA/ukcpa_flutter/build/ios/UninstalledProducts
               UNLOCALIZED_RESOURCES_FOLDER_PATH = Pods_RunnerTests.framework
               UNLOCALIZED_RESOURCES_FOLDER_PATH_SHALLOW_BUNDLE_NO = Pods_RunnerTests.framework/Resources
               UNLOCALIZED_RESOURCES_FOLDER_PATH_SHALLOW_BUNDLE_YES = Pods_RunnerTests.framework
               UNSTRIPPED_PRODUCT = NO
               USER = carl.stanley
               USER_APPS_DIR = /Users/carl.stanley/Applications
               USER_LIBRARY_DIR = /Users/carl.stanley/Library
               USE_DYNAMIC_NO_PIC = YES
               USE_HEADERMAP = YES
               USE_HEADER_SYMLINKS = NO
               USE_RECURSIVE_SCRIPT_INPUTS_IN_SCRIPT_PHASES = YES
               VALIDATE_DEVELOPMENT_ASSET_PATHS = YES_ERROR
               VALIDATE_PRODUCT = YES
               VALID_ARCHS = arm64 x86_64
               VERBOSE_PBXCP = NO
               VERSIONING_SYSTEM = apple-generic
               VERSIONPLIST_PATH = Pods_RunnerTests.framework/version.plist
               VERSIONS_FOLDER_PATH = Pods_RunnerTests.framework
               VERSIONS_FOLDER_PATH_SHALLOW_BUNDLE_NO = Pods_RunnerTests.framework/Versions
               VERSIONS_FOLDER_PATH_SHALLOW_BUNDLE_YES = Pods_RunnerTests.framework
               VERSION_INFO_BUILDER = carl.stanley
               VERSION_INFO_FILE = Pods_RunnerTests_vers.c
               VERSION_INFO_STRING = "@(#)PROGRAM:Pods_RunnerTests  PROJECT:Pods-1"
               WORKSPACE_DIR = /Users/carl.stanley/sites/UKCPA/ukcpa_flutter/ios/Pods/Pods.xcodeproj
               WRAPPER_EXTENSION = framework
               WRAPPER_NAME = Pods_RunnerTests.framework
               WRAPPER_SUFFIX = .framework
               WRAP_ASSET_PACKS_IN_SEPARATE_DIRECTORIES = NO
               XCODE_APP_SUPPORT_DIR = /Applications/Xcode.app/Contents/Developer/Library/Xcode
               XCODE_PRODUCT_BUILD_VERSION = 16A242d
               XCODE_VERSION_ACTUAL = 1600
               XCODE_VERSION_MAJOR = 1600
               XCODE_VERSION_MINOR = 1600
               XPCSERVICES_FOLDER_PATH = Pods_RunnerTests.framework/XPCServices
               YACC = yacc
               _WRAPPER_CONTENTS_DIR_SHALLOW_BUNDLE_NO = /Contents
               _WRAPPER_PARENT_PATH_SHALLOW_BUNDLE_NO = /..
               _WRAPPER_RESOURCES_DIR_SHALLOW_BUNDLE_NO = /Resources
               arch = undefined_arch
               variant = normal

           Build settings for action build and target ReachabilitySwift:
               ACTION = build
               AD_HOC_CODE_SIGNING_ALLOWED = YES
               ALLOW_BUILD_REQUEST_OVERRIDES = NO
               ALLOW_TARGET_PLATFORM_SPECIALIZATION = NO
               ALTERNATE_GROUP = staff
               ALTERNATE_MODE = u+w,go-w,a+rX
               ALTERNATE_OWNER = carl.stanley
               ALTERNATIVE_DISTRIBUTION_WEB = NO
               ALWAYS_EMBED_SWIFT_STANDARD_LIBRARIES = NO
               ALWAYS_SEARCH_USER_PATHS = NO
               ALWAYS_USE_SEPARATE_HEADERMAPS = NO
               APPLE_INTERNAL_DEVELOPER_DIR = /AppleInternal/Developer
               APPLE_INTERNAL_DIR = /AppleInternal
               APPLE_INTERNAL_DOCUMENTATION_DIR = /AppleInternal/Documentation
               APPLE_INTERNAL_LIBRARY_DIR = /AppleInternal/Library
               APPLE_INTERNAL_TOOLS = /AppleInternal/Developer/Tools
               APPLICATION_EXTENSION_API_ONLY = NO
               APPLY_RULES_IN_COPY_FILES = NO
               APPLY_RULES_IN_COPY_HEADERS = NO
               APP_SHORTCUTS_ENABLE_FLEXIBLE_MATCHING = YES
               ARCHS = arm64 x86_64
               ARCHS_STANDARD = arm64 x86_64
               ARCHS_STANDARD_32_64_BIT = arm64 i386 x86_64
               ARCHS_STANDARD_32_BIT = i386
               ARCHS_STANDARD_64_BIT = arm64 x86_64
               ARCHS_STANDARD_INCLUDING_64_BIT = arm64 x86_64
               ARCHS_UNIVERSAL_IPHONE_OS = arm64 i386 x86_64
               ASSETCATALOG_COMPILER_GENERATE_ASSET_SYMBOLS = YES
               AUTOMATICALLY_MERGE_DEPENDENCIES = NO
               AVAILABLE_PLATFORMS = appletvos appletvsimulator driverkit iphoneos iphonesimulator macosx watchos watchsimulator xros xrsimulator
               BITCODE_GENERATION_MODE = marker
               BUILD_ACTIVE_RESOURCES_ONLY = NO
               BUILD_COMPONENTS = headers build
               BUILD_DIR = /Users/carl.stanley/sites/UKCPA/ukcpa_flutter/build/ios
               BUILD_LIBRARY_FOR_DISTRIBUTION = NO
               BUILD_ROOT = /Users/carl.stanley/sites/UKCPA/ukcpa_flutter/ios/build
               BUILD_STYLE = 
               BUILD_VARIANTS = normal
               BUILT_PRODUCTS_DIR = /Users/carl.stanley/sites/UKCPA/ukcpa_flutter/build/ios/Release-iphonesimulator/ReachabilitySwift
               BUNDLE_CONTENTS_FOLDER_PATH_deep = Contents/
               BUNDLE_EXECUTABLE_FOLDER_NAME_deep = MacOS
               BUNDLE_EXTENSIONS_FOLDER_PATH = Extensions
               BUNDLE_FORMAT = shallow
               BUNDLE_FRAMEWORKS_FOLDER_PATH = Frameworks
               BUNDLE_PLUGINS_FOLDER_PATH = PlugIns
               BUNDLE_PRIVATE_HEADERS_FOLDER_PATH = PrivateHeaders
               BUNDLE_PUBLIC_HEADERS_FOLDER_PATH = Headers
               CACHE_ROOT = /var/folders/20/skb3d8qx2hn9r9z8036y32g40000gp/C/com.apple.DeveloperTools/16.0-16A242d/Xcode
               CCHROOT = /var/folders/20/skb3d8qx2hn9r9z8036y32g40000gp/C/com.apple.DeveloperTools/16.0-16A242d/Xcode
               CHMOD = /bin/chmod
               CHOWN = /usr/sbin/chown
               CLANG_ANALYZER_LOCALIZABILITY_NONLOCALIZED = YES
               CLANG_ANALYZER_NONNULL = YES
               CLANG_ANALYZER_NUMBER_OBJECT_CONVERSION = YES_AGGRESSIVE
               CLANG_CACHE_FINE_GRAINED_OUTPUTS = YES
               CLANG_CXX_LANGUAGE_STANDARD = gnu++14
               CLANG_CXX_LIBRARY = libc++
               CLANG_ENABLE_EXPLICIT_MODULES = YES
               CLANG_ENABLE_MODULES = YES
               CLANG_ENABLE_OBJC_ARC = YES
               CLANG_ENABLE_OBJC_WEAK = NO
               CLANG_MODULES_BUILD_SESSION_FILE = /var/folders/20/skb3d8qx2hn9r9z8036y32g40000gp/C/org.llvm.clang/ModuleCache.noindex/Session.modulevalidation
               CLANG_WARN_BLOCK_CAPTURE_AUTORELEASING = YES
               CLANG_WARN_BOOL_CONVERSION = YES
               CLANG_WARN_COMMA = YES
               CLANG_WARN_CONSTANT_CONVERSION = YES
               CLANG_WARN_DEPRECATED_OBJC_IMPLEMENTATIONS = YES
               CLANG_WARN_DIRECT_OBJC_ISA_USAGE = YES_ERROR
               CLANG_WARN_DOCUMENTATION_COMMENTS = YES
               CLANG_WARN_EMPTY_BODY = YES
               CLANG_WARN_ENUM_CONVERSION = YES
               CLANG_WARN_INFINITE_RECURSION = YES
               CLANG_WARN_INT_CONVERSION = YES
               CLANG_WARN_NON_LITERAL_NULL_CONVERSION = YES
               CLANG_WARN_OBJC_IMPLICIT_RETAIN_SELF = YES
               CLANG_WARN_OBJC_LITERAL_CONVERSION = YES
               CLANG_WARN_OBJC_ROOT_CLASS = YES_ERROR
               CLANG_WARN_QUOTED_INCLUDE_IN_FRAMEWORK_HEADER = NO
               CLANG_WARN_RANGE_LOOP_ANALYSIS = YES
               CLANG_WARN_STRICT_PROTOTYPES = YES
               CLANG_WARN_SUSPICIOUS_MOVE = YES
               CLANG_WARN_UNGUARDED_AVAILABILITY = YES_AGGRESSIVE
               CLANG_WARN_UNREACHABLE_CODE = YES
               CLANG_WARN__DUPLICATE_METHOD_MATCH = YES
               CLASS_FILE_DIR = /Users/carl.stanley/sites/UKCPA/ukcpa_flutter/build/ios/Pods.build/Release-iphonesimulator/ReachabilitySwift.build/JavaClasses
               CLEAN_PRECOMPS = YES
               CLONE_HEADERS = NO
               CODESIGNING_FOLDER_PATH = /Users/carl.stanley/sites/UKCPA/ukcpa_flutter/build/ios/Release-iphonesimulator/ReachabilitySwift/Reachability.framework
               CODE_SIGNING_ALLOWED = YES
               CODE_SIGNING_REQUIRED = NO
               CODE_SIGNING_REQUIRES_TEAM = YES
               CODE_SIGN_CONTEXT_CLASS = XCiPhoneSimulatorCodeSignContext
               CODE_SIGN_IDENTITY = -
               CODE_SIGN_INJECT_BASE_ENTITLEMENTS = YES
               COLOR_DIAGNOSTICS = NO
               COMBINE_HIDPI_IMAGES = NO
               COMPILATION_CACHE_CAS_PATH = /var/folders/20/skb3d8qx2hn9r9z8036y32g40000gp/C/com.apple.DeveloperTools/16.0-16A242d/Xcode/CompilationCache.noindex
               COMPILATION_CACHE_KEEP_CAS_DIRECTORY = YES
               COMPILER_INDEX_STORE_ENABLE = Default
               COMPOSITE_SDK_DIRS = /Users/carl.stanley/sites/UKCPA/ukcpa_flutter/build/ios/CompositeSDKs
               COMPRESS_PNG_FILES = YES
               CONFIGURATION = Release
               CONFIGURATION_BUILD_DIR = /Users/carl.stanley/sites/UKCPA/ukcpa_flutter/build/ios/Release-iphonesimulator/ReachabilitySwift
               CONFIGURATION_TEMP_DIR = /Users/carl.stanley/sites/UKCPA/ukcpa_flutter/build/ios/Pods.build/Release-iphonesimulator
               CONTENTS_FOLDER_PATH = Reachability.framework
               CONTENTS_FOLDER_PATH_SHALLOW_BUNDLE_NO = Reachability.framework/A
               CONTENTS_FOLDER_PATH_SHALLOW_BUNDLE_YES = Reachability.framework
               COPYING_PRESERVES_HFS_DATA = NO
               COPY_HEADERS_RUN_UNIFDEF = NO
               COPY_PHASE_STRIP = NO
               CORRESPONDING_DEVICE_PLATFORM_DIR = /Applications/Xcode.app/Contents/Developer/Platforms/iPhoneOS.platform
               CORRESPONDING_DEVICE_PLATFORM_NAME = iphoneos
               CORRESPONDING_DEVICE_SDK_DIR = /Applications/Xcode.app/Contents/Developer/Platforms/iPhoneOS.platform/Developer/SDKs/iPhoneOS18.0.sdk
               CORRESPONDING_DEVICE_SDK_NAME = iphoneos18.0
               CP = /bin/cp
               CREATE_INFOPLIST_SECTION_IN_BINARY = NO
               CURRENT_ARCH = undefined_arch
               CURRENT_PROJECT_VERSION = 1
               CURRENT_VARIANT = normal
               CURRENT_VERSION = Current
               DEAD_CODE_STRIPPING = YES
               DEBUGGING_SYMBOLS = YES
               DEBUG_INFORMATION_FORMAT = dwarf-with-dsym
               DEBUG_INFORMATION_VERSION = compiler-default
               DEFAULT_COMPILER = com.apple.compilers.llvm.clang.1_0
               DEFAULT_DEXT_INSTALL_PATH = /System/Library/DriverExtensions
               DEFAULT_KEXT_INSTALL_PATH = /System/Library/Extensions
               DEFINES_MODULE = YES
               DEPLOYMENT_LOCATION = NO
               DEPLOYMENT_POSTPROCESSING = NO
               DEPLOYMENT_TARGET_SETTING_NAME = IPHONEOS_DEPLOYMENT_TARGET
               DEPLOYMENT_TARGET_SUGGESTED_VALUES = 12.0 12.1 12.2 12.3 12.4 13.0 13.1 13.2 13.3 13.4 13.5 13.6 14.0 14.1 14.2 14.3 14.4 14.5 14.6 14.7 15.0 15.1 15.2 15.3 15.4 15.5 15.6 16.0 16.1 16.2 16.3 16.4 16.5 16.6 17.0 17.1 17.2 17.3 17.4 17.5 17.6 18.0
               DERIVED_FILES_DIR = /Users/carl.stanley/sites/UKCPA/ukcpa_flutter/build/ios/Pods.build/Release-iphonesimulator/ReachabilitySwift.build/DerivedSources
               DERIVED_FILE_DIR = /Users/carl.stanley/sites/UKCPA/ukcpa_flutter/build/ios/Pods.build/Release-iphonesimulator/ReachabilitySwift.build/DerivedSources
               DERIVED_SOURCES_DIR = /Users/carl.stanley/sites/UKCPA/ukcpa_flutter/build/ios/Pods.build/Release-iphonesimulator/ReachabilitySwift.build/DerivedSources
               DEVELOPER_APPLICATIONS_DIR = /Applications/Xcode.app/Contents/Developer/Applications
               DEVELOPER_BIN_DIR = /Applications/Xcode.app/Contents/Developer/usr/bin
               DEVELOPER_DIR = /Applications/Xcode.app/Contents/Developer
               DEVELOPER_FRAMEWORKS_DIR = /Applications/Xcode.app/Contents/Developer/Library/Frameworks
               DEVELOPER_FRAMEWORKS_DIR_QUOTED = /Applications/Xcode.app/Contents/Developer/Library/Frameworks
               DEVELOPER_LIBRARY_DIR = /Applications/Xcode.app/Contents/Developer/Library
               DEVELOPER_SDK_DIR = /Applications/Xcode.app/Contents/Developer/Platforms/MacOSX.platform/Developer/SDKs
               DEVELOPER_TOOLS_DIR = /Applications/Xcode.app/Contents/Developer/Tools
               DEVELOPER_USR_DIR = /Applications/Xcode.app/Contents/Developer/usr
               DEVELOPMENT_LANGUAGE = en
               DIFF = /usr/bin/diff
               DOCUMENTATION_FOLDER_PATH = Reachability.framework/en.lproj/Documentation
               DONT_GENERATE_INFOPLIST_FILE = NO
               DSTROOT = /tmp/Pods.dst
               DT_TOOLCHAIN_DIR = /Applications/Xcode.app/Contents/Developer/Toolchains/XcodeDefault.xctoolchain
               DWARF_DSYM_FILE_NAME = Reachability.framework.dSYM
               DWARF_DSYM_FILE_SHOULD_ACCOMPANY_PRODUCT = NO
               DWARF_DSYM_FOLDER_PATH = /Users/carl.stanley/sites/UKCPA/ukcpa_flutter/build/ios/Release-iphonesimulator/ReachabilitySwift
               DYLIB_COMPATIBILITY_VERSION = 1
               DYLIB_CURRENT_VERSION = 1
               DYLIB_INSTALL_NAME_BASE = @rpath
               DYNAMIC_LIBRARY_EXTENSION = dylib
               EAGER_COMPILATION_ALLOW_SCRIPTS = NO
               EAGER_LINKING = NO
               EFFECTIVE_PLATFORM_NAME = -iphonesimulator
               EMBEDDED_CONTENT_CONTAINS_SWIFT = NO
               EMBED_ASSET_PACKS_IN_PRODUCT_BUNDLE = NO
               ENABLE_APP_SANDBOX = NO
               ENABLE_BITCODE = NO
               ENABLE_CODE_COVERAGE = YES
               ENABLE_DEFAULT_HEADER_SEARCH_PATHS = YES
               ENABLE_DEFAULT_SEARCH_PATHS = YES
               ENABLE_HARDENED_RUNTIME = NO
               ENABLE_HEADER_DEPENDENCIES = YES
               ENABLE_MODULE_VERIFIER = NO
               ENABLE_NS_ASSERTIONS = NO
               ENABLE_ON_DEMAND_RESOURCES = NO
               ENABLE_STRICT_OBJC_MSGSEND = YES
               ENABLE_TESTABILITY = NO
               ENABLE_TESTING_SEARCH_PATHS = NO
               ENABLE_USER_SCRIPT_SANDBOXING = NO
               ENTITLEMENTS_DESTINATION = __entitlements
               ENTITLEMENTS_REQUIRED = NO
               EXCLUDED_INSTALLSRC_SUBDIRECTORY_PATTERNS = .DS_Store .svn .git .hg CVS
               EXCLUDED_RECURSIVE_SEARCH_PATH_SUBDIRECTORIES = *.nib *.lproj *.framework *.gch *.xcode* *.xcassets (*) .DS_Store CVS .svn .git .hg *.pbproj *.pbxproj
               EXECUTABLES_FOLDER_PATH = Reachability.framework/en.lproj
               EXECUTABLE_FOLDER_PATH = Reachability.framework
               EXECUTABLE_FOLDER_PATH_SHALLOW_BUNDLE_NO = Reachability.framework
               EXECUTABLE_FOLDER_PATH_SHALLOW_BUNDLE_YES = Reachability.framework
               EXECUTABLE_NAME = Reachability
               EXECUTABLE_PATH = Reachability.framework/Reachability
               EXTENSIONS_FOLDER_PATH = Reachability.framework/Extensions
               FILE_LIST = /Users/carl.stanley/sites/UKCPA/ukcpa_flutter/build/ios/Pods.build/Release-iphonesimulator/ReachabilitySwift.build/Objects/LinkFileList
               FIXED_FILES_DIR = /Users/carl.stanley/sites/UKCPA/ukcpa_flutter/build/ios/Pods.build/Release-iphonesimulator/ReachabilitySwift.build/FixedFiles
               FRAMEWORKS_FOLDER_PATH = Reachability.framework/Frameworks
               FRAMEWORK_FLAG_PREFIX = -framework
               FRAMEWORK_SEARCH_PATHS = /Users/carl.stanley/sites/UKCPA/ukcpa_flutter/build/ios/Release-iphonesimulator/ReachabilitySwift 
               FRAMEWORK_VERSION = A
               FULL_PRODUCT_NAME = Reachability.framework
               FUSE_BUILD_PHASES = YES
               FUSE_BUILD_SCRIPT_PHASES = NO
               GCC3_VERSION = 3.3
               GCC_C_LANGUAGE_STANDARD = gnu11
               GCC_INLINES_ARE_PRIVATE_EXTERN = YES
               GCC_NO_COMMON_BLOCKS = YES
               GCC_OBJC_LEGACY_DISPATCH = YES
               GCC_PFE_FILE_C_DIALECTS = c objective-c c++ objective-c++
               GCC_PREFIX_HEADER = Target Support Files/ReachabilitySwift/ReachabilitySwift-prefix.pch
               GCC_PREPROCESSOR_DEFINITIONS = POD_CONFIGURATION_RELEASE=1  COCOAPODS=1
               GCC_TREAT_WARNINGS_AS_ERRORS = NO
               GCC_VERSION = com.apple.compilers.llvm.clang.1_0
               GCC_VERSION_IDENTIFIER = com_apple_compilers_llvm_clang_1_0
               GCC_WARN_64_TO_32_BIT_CONVERSION = YES
               GCC_WARN_ABOUT_RETURN_TYPE = YES_ERROR
               GCC_WARN_UNDECLARED_SELECTOR = YES
               GCC_WARN_UNINITIALIZED_AUTOS = YES_AGGRESSIVE
               GCC_WARN_UNUSED_FUNCTION = YES
               GCC_WARN_UNUSED_VARIABLE = YES
               GENERATED_MODULEMAP_DIR = /Users/carl.stanley/sites/UKCPA/ukcpa_flutter/build/ios/GeneratedModuleMaps-iphonesimulator
               GENERATE_INFOPLIST_FILE = NO
               GENERATE_INTERMEDIATE_TEXT_BASED_STUBS = YES
               GENERATE_MASTER_OBJECT_FILE = NO
               GENERATE_PKGINFO_FILE = NO
               GENERATE_PROFILING_CODE = NO
               GENERATE_TEXT_BASED_STUBS = NO
               GID = 20
               GROUP = staff
               HEADERMAP_INCLUDES_FLAT_ENTRIES_FOR_TARGET_BEING_BUILT = YES
               HEADERMAP_INCLUDES_FRAMEWORK_ENTRIES_FOR_ALL_PRODUCT_TYPES = YES
               HEADERMAP_INCLUDES_FRAMEWORK_ENTRIES_FOR_TARGETS_NOT_BEING_BUILT = YES
               HEADERMAP_INCLUDES_NONPUBLIC_NONPRIVATE_HEADERS = YES
               HEADERMAP_INCLUDES_PROJECT_HEADERS = YES
               HEADERMAP_USES_FRAMEWORK_PREFIX_ENTRIES = YES
               HEADERMAP_USES_VFS = YES
               HEADER_SEARCH_PATHS = /Users/carl.stanley/sites/UKCPA/ukcpa_flutter/build/ios/Release-iphonesimulator/ReachabilitySwift/include 
               HIDE_BITCODE_SYMBOLS = YES
               HOME = /Users/carl.stanley
               HOST_ARCH = arm64
               HOST_PLATFORM = macosx
               ICONV = /usr/bin/iconv
               IMPLICIT_DEPENDENCY_DOMAIN = default
               INFOPLIST_ENABLE_CFBUNDLEICONS_MERGE = YES
               INFOPLIST_EXPAND_BUILD_SETTINGS = YES
               INFOPLIST_FILE = Target Support Files/ReachabilitySwift/ReachabilitySwift-Info.plist
               INFOPLIST_OUTPUT_FORMAT = binary
               INFOPLIST_PATH = Reachability.framework/Info.plist
               INFOPLIST_PREPROCESS = NO
               INFOSTRINGS_PATH = Reachability.framework/en.lproj/InfoPlist.strings
               INLINE_PRIVATE_FRAMEWORKS = NO
               INSTALLHDRS_COPY_PHASE = NO
               INSTALLHDRS_SCRIPT_PHASE = NO
               INSTALL_DIR = /tmp/Pods.dst/Library/Frameworks
               INSTALL_GROUP = staff
               INSTALL_MODE_FLAG = u+w,go-w,a+rX
               INSTALL_OWNER = carl.stanley
               INSTALL_PATH = /Library/Frameworks
               INSTALL_ROOT = /tmp/Pods.dst
               IPHONEOS_DEPLOYMENT_TARGET = 13.0
               IS_UNOPTIMIZED_BUILD = NO
               JAVAC_DEFAULT_FLAGS = -J-Xms64m -J-XX:NewSize=4M -J-Dfile.encoding=UTF8
               JAVA_APP_STUB = /System/Library/Frameworks/JavaVM.framework/Resources/MacOS/JavaApplicationStub
               JAVA_ARCHIVE_CLASSES = YES
               JAVA_ARCHIVE_TYPE = JAR
               JAVA_COMPILER = /usr/bin/javac
               JAVA_FOLDER_PATH = Reachability.framework/Java
               JAVA_FRAMEWORK_RESOURCES_DIRS = Resources
               JAVA_JAR_FLAGS = cv
               JAVA_SOURCE_SUBDIR = .
               JAVA_USE_DEPENDENCIES = YES
               JAVA_ZIP_FLAGS = -urg
               JIKES_DEFAULT_FLAGS = +E +OLDCSO
               KEEP_PRIVATE_EXTERNS = NO
               LD_DEPENDENCY_INFO_FILE = /Users/carl.stanley/sites/UKCPA/ukcpa_flutter/build/ios/Pods.build/Release-iphonesimulator/ReachabilitySwift.build/Objects-normal/undefined_arch/Reachability_dependency_info.dat
               LD_DYLIB_INSTALL_NAME = @rpath/Reachability.framework/Reachability
               LD_EXPORT_SYMBOLS = YES
               LD_GENERATE_MAP_FILE = NO
               LD_MAP_FILE_PATH = /Users/carl.stanley/sites/UKCPA/ukcpa_flutter/build/ios/Pods.build/Release-iphonesimulator/ReachabilitySwift.build/Reachability-LinkMap-normal-undefined_arch.txt
               LD_NO_PIE = NO
               LD_QUOTE_LINKER_ARGUMENTS_FOR_COMPILER_DRIVER = YES
               LD_RUNPATH_SEARCH_PATHS =  @executable_path/Frameworks @loader_path/Frameworks
               LD_SHARED_CACHE_ELIGIBLE = Automatic
               LD_WARN_DUPLICATE_LIBRARIES = NO
               LD_WARN_UNUSED_DYLIBS = NO
               LEGACY_DEVELOPER_DIR = /Applications/Xcode.app/Contents/PlugIns/Xcode3Core.ideplugin/Contents/SharedSupport/Developer
               LEX = lex
               LIBRARY_DEXT_INSTALL_PATH = /Library/DriverExtensions
               LIBRARY_FLAG_NOSPACE = YES
               LIBRARY_FLAG_PREFIX = -l
               LIBRARY_KEXT_INSTALL_PATH = /Library/Extensions
               LIBRARY_SEARCH_PATHS = /Users/carl.stanley/sites/UKCPA/ukcpa_flutter/build/ios/Release-iphonesimulator/ReachabilitySwift /Applications/Xcode.app/Contents/Developer/Toolchains/XcodeDefault.xctoolchain/usr/lib/swift/iphonesimulator /Applications/Xcode.app/Contents/Developer/Platforms/iPhoneSimulator.platform/Developer/SDKs/iPhoneSimulator18.0.sdk/usr/lib/swift
               LINKER_DISPLAYS_MANGLED_NAMES = NO
               LINK_FILE_LIST_normal_arm64 = /Users/carl.stanley/sites/UKCPA/ukcpa_flutter/build/ios/Pods.build/Release-iphonesimulator/ReachabilitySwift.build/Objects-normal/arm64/Reachability.LinkFileList
               LINK_FILE_LIST_normal_x86_64 = /Users/carl.stanley/sites/UKCPA/ukcpa_flutter/build/ios/Pods.build/Release-iphonesimulator/ReachabilitySwift.build/Objects-normal/x86_64/Reachability.LinkFileList
               LINK_OBJC_RUNTIME = YES
               LINK_WITH_STANDARD_LIBRARIES = YES
               LLVM_TARGET_TRIPLE_OS_VERSION = ios13.0
               LLVM_TARGET_TRIPLE_SUFFIX = -simulator
               LLVM_TARGET_TRIPLE_VENDOR = apple
               LM_AUX_CONST_METADATA_LIST_PATH_normal_arm64 = /Users/carl.stanley/sites/UKCPA/ukcpa_flutter/build/ios/Pods.build/Release-iphonesimulator/ReachabilitySwift.build/Objects-normal/arm64/Reachability.SwiftConstValuesFileList
               LM_AUX_CONST_METADATA_LIST_PATH_normal_x86_64 = /Users/carl.stanley/sites/UKCPA/ukcpa_flutter/build/ios/Pods.build/Release-iphonesimulator/ReachabilitySwift.build/Objects-normal/x86_64/Reachability.SwiftConstValuesFileList
               LOCALIZATION_EXPORT_SUPPORTED = YES
               LOCALIZATION_PREFERS_STRING_CATALOGS = NO
               LOCALIZED_RESOURCES_FOLDER_PATH = Reachability.framework/en.lproj
               LOCALIZED_STRING_MACRO_NAMES = NSLocalizedString CFCopyLocalizedString
               LOCALIZED_STRING_SWIFTUI_SUPPORT = YES
               LOCAL_ADMIN_APPS_DIR = /Applications/Utilities
               LOCAL_APPS_DIR = /Applications
               LOCAL_DEVELOPER_DIR = /Library/Developer
               LOCAL_LIBRARY_DIR = /Library
               LOCROOT = /Users/carl.stanley/sites/UKCPA/ukcpa_flutter/ios/Pods
               LOCSYMROOT = /Users/carl.stanley/sites/UKCPA/ukcpa_flutter/ios/Pods
               MACH_O_TYPE = mh_dylib
               MAC_OS_X_PRODUCT_BUILD_VERSION = 24G84
               MAC_OS_X_VERSION_ACTUAL = 150600
               MAC_OS_X_VERSION_MAJOR = 150000
               MAC_OS_X_VERSION_MINOR = 150600
               MAKE_MERGEABLE = NO
               MERGEABLE_LIBRARY = NO
               MERGED_BINARY_TYPE = none
               MERGE_LINKED_LIBRARIES = NO
               METAL_LIBRARY_FILE_BASE = default
               METAL_LIBRARY_OUTPUT_DIR = /Users/carl.stanley/sites/UKCPA/ukcpa_flutter/build/ios/Release-iphonesimulator/ReachabilitySwift/Reachability.framework
               MODULEMAP_FILE = Target Support Files/ReachabilitySwift/ReachabilitySwift.modulemap
               MODULES_FOLDER_PATH = Reachability.framework/Modules
               MTL_ENABLE_DEBUG_INFO = NO
               MTL_FAST_MATH = YES
               NATIVE_ARCH = arm64
               NATIVE_ARCH_32_BIT = arm
               NATIVE_ARCH_64_BIT = arm64
               NATIVE_ARCH_ACTUAL = arm64
               NO_COMMON = YES
               OBJC_ABI_VERSION = 2
               OBJECT_FILE_DIR = /Users/carl.stanley/sites/UKCPA/ukcpa_flutter/build/ios/Pods.build/Release-iphonesimulator/ReachabilitySwift.build/Objects
               OBJECT_FILE_DIR_normal = /Users/carl.stanley/sites/UKCPA/ukcpa_flutter/build/ios/Pods.build/Release-iphonesimulator/ReachabilitySwift.build/Objects-normal
               OBJROOT = /Users/carl.stanley/sites/UKCPA/ukcpa_flutter/build/ios
               ONLY_ACTIVE_ARCH = NO
               OS = MACOS
               OSAC = /usr/bin/osacompile
               OTHER_LDFLAGS =  -framework "CoreTelephony" -framework "SystemConfiguration"
               OTHER_SWIFT_FLAGS =  -D COCOAPODS
               PACKAGE_TYPE = com.apple.package-type.wrapper.framework
               PASCAL_STRINGS = YES
               PATH = /Applications/Xcode.app/Contents/SharedFrameworks/XCBuild.framework/Versions/A/PlugIns/XCBBuildService.bundle/Contents/PlugIns/XCBSpecifications.ideplugin/Contents/Resources:/Applications/Xcode.app/Contents/SharedFrameworks/XCBuild.framework/Versions/A/PlugIns/XCBBuildService.bundle/Contents/PlugIns/XCBSpecifications.ideplugin:/Applications/Xcode.app/Contents/Developer/Toolchains/XcodeDefault.xctoolchain/usr/bin:/Applications/Xcode.app/Contents/Developer/Toolchains/XcodeDefault.xctoolchain/usr/appleinternal/bin:/Applications/Xcode.app/Contents/Developer/Toolchains/XcodeDefault.xctoolchain/usr/local/bin:/Applications/Xcode.app/Contents/Developer/Toolchains/XcodeDefault.xctoolchain/usr/libexec:/Applications/Xcode.app/Contents/Developer/Platforms/iPhoneSimulator.platform/usr/bin:/Applications/Xcode.app/Contents/Developer/Platforms/iPhoneSimulator.platform/usr/appleinternal/bin:/Applications/Xcode.app/Contents/Developer/Platforms/iPhoneSimulator.platform/usr/local/bin:/Applications/Xcode.app/Contents/Developer/Platforms/iPhoneSimulator.platform/Developer/usr/bin:/Applications/Xcode.app/Contents/Developer/Platforms/iPhoneSimulator.platform/Developer/usr/local/bin:/Applications/Xcode.app/Contents/Developer/usr/bin:/Applications/Xcode.app/Contents/Developer/usr/local/bin:/opt/homebrew/Cellar/pyenv-virtualenv/1.2.4/shims:/Users/carl.stanley/.pyenv/shims:/Users/carl.stanley/.pyenv/bin:/Users/carl.stanley/.nvm/versions/node/v18.17.0/bin:/Users/carl.stanley/development/flutter/bin:/opt/homebrew/bin:/opt/homebrew/sbin:/Users/carl.stanley/.local/bin:/usr/local/bin:/System/Cryptexes/App/usr/bin:/usr/bin:/bin:/usr/sbin:/sbin:/var/run/com.apple.security.cryptexd/codex.system/bootstrap/usr/local/bin:/var/run/com.apple.security.cryptexd/codex.system/bootstrap/usr/bin:/var/run/com.apple.security.cryptexd/codex.system/bootstrap/usr/appleinternal/bin:/Library/Apple/usr/bin:/usr/local/sbin:/usr/local/go/bin:/Users/carl.stanley/.pub-cache/bin
               PATH_PREFIXES_EXCLUDED_FROM_HEADER_DEPENDENCIES = /usr/include /usr/local/include /System/Library/Frameworks /System/Library/PrivateFrameworks /Applications/Xcode.app/Contents/Developer/Headers /Applications/Xcode.app/Contents/Developer/SDKs /Applications/Xcode.app/Contents/Developer/Platforms
               PBDEVELOPMENTPLIST_PATH = Reachability.framework/pbdevelopment.plist
               PER_ARCH_OBJECT_FILE_DIR = /Users/carl.stanley/sites/UKCPA/ukcpa_flutter/build/ios/Pods.build/Release-iphonesimulator/ReachabilitySwift.build/Objects-normal/undefined_arch
               PER_VARIANT_OBJECT_FILE_DIR = /Users/carl.stanley/sites/UKCPA/ukcpa_flutter/build/ios/Pods.build/Release-iphonesimulator/ReachabilitySwift.build/Objects-normal
               PKGINFO_FILE_PATH = /Users/carl.stanley/sites/UKCPA/ukcpa_flutter/build/ios/Pods.build/Release-iphonesimulator/ReachabilitySwift.build/PkgInfo
               PKGINFO_PATH = Reachability.framework/PkgInfo
               PLATFORM_DEVELOPER_APPLICATIONS_DIR = /Applications/Xcode.app/Contents/Developer/Platforms/iPhoneSimulator.platform/Developer/Applications
               PLATFORM_DEVELOPER_BIN_DIR = /Applications/Xcode.app/Contents/Developer/Platforms/iPhoneSimulator.platform/Developer/usr/bin
               PLATFORM_DEVELOPER_LIBRARY_DIR = /Applications/Xcode.app/Contents/Developer/Platforms/iPhoneSimulator.platform/Developer/Library
               PLATFORM_DEVELOPER_SDK_DIR = /Applications/Xcode.app/Contents/Developer/Platforms/iPhoneSimulator.platform/Developer/SDKs
               PLATFORM_DEVELOPER_TOOLS_DIR = /Applications/Xcode.app/Contents/Developer/Platforms/iPhoneSimulator.platform/Developer/Tools
               PLATFORM_DEVELOPER_USR_DIR = /Applications/Xcode.app/Contents/Developer/Platforms/iPhoneSimulator.platform/Developer/usr
               PLATFORM_DIR = /Applications/Xcode.app/Contents/Developer/Platforms/iPhoneSimulator.platform
               PLATFORM_DISPLAY_NAME = iOS Simulator
               PLATFORM_FAMILY_NAME = iOS
               PLATFORM_NAME = iphonesimulator
               PLATFORM_PREFERRED_ARCH = x86_64
               PLATFORM_PRODUCT_BUILD_VERSION = 22A3362
               PLIST_FILE_OUTPUT_FORMAT = binary
               PLUGINS_FOLDER_PATH = Reachability.framework/PlugIns
               PODS_BUILD_DIR = /Users/carl.stanley/sites/UKCPA/ukcpa_flutter/build/ios
               PODS_CONFIGURATION_BUILD_DIR = /Users/carl.stanley/sites/UKCPA/ukcpa_flutter/build/ios/Release-iphonesimulator
               PODS_DEVELOPMENT_LANGUAGE = en
               PODS_ROOT = /Users/carl.stanley/sites/UKCPA/ukcpa_flutter/ios/Pods
               PODS_TARGET_SRCROOT = /Users/carl.stanley/sites/UKCPA/ukcpa_flutter/ios/Pods/ReachabilitySwift
               PODS_XCFRAMEWORKS_BUILD_DIR = /Users/carl.stanley/sites/UKCPA/ukcpa_flutter/build/ios/Release-iphonesimulator/XCFrameworkIntermediates
               PRECOMPS_INCLUDE_HEADERS_FROM_BUILT_PRODUCTS_DIR = YES
               PRECOMP_DESTINATION_DIR = /Users/carl.stanley/sites/UKCPA/ukcpa_flutter/build/ios/Pods.build/Release-iphonesimulator/ReachabilitySwift.build/PrefixHeaders
               PRIVATE_HEADERS_FOLDER_PATH = Reachability.framework/PrivateHeaders
               PROCESSED_INFOPLIST_PATH = /Users/carl.stanley/sites/UKCPA/ukcpa_flutter/build/ios/Pods.build/Release-iphonesimulator/ReachabilitySwift.build/Objects-normal/undefined_arch/Processed-Info.plist
               PRODUCT_BUNDLE_IDENTIFIER = org.cocoapods.Reachability
               PRODUCT_BUNDLE_PACKAGE_TYPE = FMWK
               PRODUCT_MODULE_NAME = Reachability
               PRODUCT_NAME = Reachability
               PRODUCT_SETTINGS_PATH = /Users/carl.stanley/sites/UKCPA/ukcpa_flutter/ios/Pods/Target Support Files/ReachabilitySwift/ReachabilitySwift-Info.plist
               PRODUCT_TYPE = com.apple.product-type.framework
               PROFILING_CODE = NO
               PROJECT = Pods
               PROJECT_DERIVED_FILE_DIR = /Users/carl.stanley/sites/UKCPA/ukcpa_flutter/build/ios/Pods.build/DerivedSources
               PROJECT_DIR = /Users/carl.stanley/sites/UKCPA/ukcpa_flutter/ios/Pods
               PROJECT_FILE_PATH = /Users/carl.stanley/sites/UKCPA/ukcpa_flutter/ios/Pods/Pods.xcodeproj
               PROJECT_GUID = bfdfe7dc352907fc980b868725387e98
               PROJECT_NAME = Pods
               PROJECT_TEMP_DIR = /Users/carl.stanley/sites/UKCPA/ukcpa_flutter/build/ios/Pods.build
               PROJECT_TEMP_ROOT = /Users/carl.stanley/sites/UKCPA/ukcpa_flutter/build/ios
               PUBLIC_HEADERS_FOLDER_PATH = Reachability.framework/Headers
               RECOMMENDED_IPHONEOS_DEPLOYMENT_TARGET = 15.0
               RECURSIVE_SEARCH_PATHS_FOLLOW_SYMLINKS = YES
               REMOVE_CVS_FROM_RESOURCES = YES
               REMOVE_GIT_FROM_RESOURCES = YES
               REMOVE_HEADERS_FROM_EMBEDDED_BUNDLES = YES
               REMOVE_HG_FROM_RESOURCES = YES
               REMOVE_STATIC_EXECUTABLES_FROM_EMBEDDED_BUNDLES = YES
               REMOVE_SVN_FROM_RESOURCES = YES
               RESCHEDULE_INDEPENDENT_HEADERS_PHASES = YES
               REZ_COLLECTOR_DIR = /Users/carl.stanley/sites/UKCPA/ukcpa_flutter/build/ios/Pods.build/Release-iphonesimulator/ReachabilitySwift.build/ResourceManagerResources
               REZ_OBJECTS_DIR = /Users/carl.stanley/sites/UKCPA/ukcpa_flutter/build/ios/Pods.build/Release-iphonesimulator/ReachabilitySwift.build/ResourceManagerResources/Objects
               REZ_SEARCH_PATHS = /Users/carl.stanley/sites/UKCPA/ukcpa_flutter/build/ios/Release-iphonesimulator/ReachabilitySwift 
               SCAN_ALL_SOURCE_FILES_FOR_INCLUDES = NO
               SCRIPTS_FOLDER_PATH = Reachability.framework/Scripts
               SDKROOT = /Applications/Xcode.app/Contents/Developer/Platforms/iPhoneSimulator.platform/Developer/SDKs/iPhoneSimulator18.0.sdk
               SDK_DIR = /Applications/Xcode.app/Contents/Developer/Platforms/iPhoneSimulator.platform/Developer/SDKs/iPhoneSimulator18.0.sdk
               SDK_DIR_iphonesimulator = /Applications/Xcode.app/Contents/Developer/Platforms/iPhoneSimulator.platform/Developer/SDKs/iPhoneSimulator18.0.sdk
               SDK_DIR_iphonesimulator18_0 = /Applications/Xcode.app/Contents/Developer/Platforms/iPhoneSimulator.platform/Developer/SDKs/iPhoneSimulator18.0.sdk
               SDK_NAME = iphonesimulator18.0
               SDK_NAMES = iphonesimulator18.0
               SDK_PRODUCT_BUILD_VERSION = 22A3362
               SDK_STAT_CACHE_DIR = /var/folders/20/skb3d8qx2hn9r9z8036y32g40000gp/C/com.apple.DeveloperTools/16.0-16A242d/Xcode
               SDK_STAT_CACHE_ENABLE = YES
               SDK_STAT_CACHE_PATH = /var/folders/20/skb3d8qx2hn9r9z8036y32g40000gp/C/com.apple.DeveloperTools/16.0-16A242d/Xcode/SDKStatCaches.noindex/iphonesimulator18.0-22A3362-db63dc9361471f152f572502bdbfe70a.sdkstatcache
               SDK_VERSION = 18.0
               SDK_VERSION_ACTUAL = 180000
               SDK_VERSION_MAJOR = 180000
               SDK_VERSION_MINOR = 180000
               SED = /usr/bin/sed
               SEPARATE_STRIP = NO
               SEPARATE_SYMBOL_EDIT = NO
               SET_DIR_MODE_OWNER_GROUP = YES
               SET_FILE_MODE_OWNER_GROUP = NO
               SHALLOW_BUNDLE = YES
               SHALLOW_BUNDLE_TRIPLE = ios-simulator
               SHALLOW_BUNDLE_ios_macabi = NO
               SHALLOW_BUNDLE_macos = NO
               SHARED_DERIVED_FILE_DIR = /Users/carl.stanley/sites/UKCPA/ukcpa_flutter/build/ios/Release-iphonesimulator/ReachabilitySwift/DerivedSources
               SHARED_FRAMEWORKS_FOLDER_PATH = Reachability.framework/SharedFrameworks
               SHARED_PRECOMPS_DIR = /Users/carl.stanley/sites/UKCPA/ukcpa_flutter/build/ios/SharedPrecompiledHeaders
               SHARED_SUPPORT_FOLDER_PATH = Reachability.framework
               SKIP_INSTALL = YES
               SOURCE_ROOT = /Users/carl.stanley/sites/UKCPA/ukcpa_flutter/ios/Pods
               SRCROOT = /Users/carl.stanley/sites/UKCPA/ukcpa_flutter/ios/Pods
               STRINGSDATA_DIR = /Users/carl.stanley/sites/UKCPA/ukcpa_flutter/build/ios/Pods.build/Release-iphonesimulator/ReachabilitySwift.build/Objects-normal/undefined_arch
               STRINGSDATA_ROOT = /Users/carl.stanley/sites/UKCPA/ukcpa_flutter/build/ios/Pods.build/Release-iphonesimulator/ReachabilitySwift.build
               STRINGS_FILE_INFOPLIST_RENAME = YES
               STRINGS_FILE_OUTPUT_ENCODING = binary
               STRIP_BITCODE_FROM_COPIED_FILES = NO
               STRIP_INSTALLED_PRODUCT = NO
               STRIP_STYLE = debugging
               STRIP_SWIFT_SYMBOLS = YES
               SUPPORTED_DEVICE_FAMILIES = 1,2
               SUPPORTED_PLATFORMS = iphoneos iphonesimulator
               SUPPORTS_TEXT_BASED_API = NO
               SUPPRESS_WARNINGS = NO
               SWIFT_ACTIVE_COMPILATION_CONDITIONS =  
               SWIFT_COMPILATION_MODE = wholemodule
               SWIFT_EMIT_LOC_STRINGS = NO
               SWIFT_INSTALL_MODULE_FOR_DEPLOYMENT = YES
               SWIFT_INSTALL_OBJC_HEADER = YES
               SWIFT_OPTIMIZATION_LEVEL = -O
               SWIFT_PLATFORM_TARGET_PREFIX = ios
               SWIFT_RESPONSE_FILE_PATH_normal_arm64 = /Users/carl.stanley/sites/UKCPA/ukcpa_flutter/build/ios/Pods.build/Release-iphonesimulator/ReachabilitySwift.build/Objects-normal/arm64/Reachability.SwiftFileList
               SWIFT_RESPONSE_FILE_PATH_normal_x86_64 = /Users/carl.stanley/sites/UKCPA/ukcpa_flutter/build/ios/Pods.build/Release-iphonesimulator/ReachabilitySwift.build/Objects-normal/x86_64/Reachability.SwiftFileList
               SWIFT_VERSION = 5.0
               SYMROOT = /Users/carl.stanley/sites/UKCPA/ukcpa_flutter/ios/build
               SYSTEM_ADMIN_APPS_DIR = /Applications/Utilities
               SYSTEM_APPS_DIR = /Applications
               SYSTEM_CORE_SERVICES_DIR = /System/Library/CoreServices
               SYSTEM_DEMOS_DIR = /Applications/Extras
               SYSTEM_DEVELOPER_APPS_DIR = /Applications/Xcode.app/Contents/Developer/Applications
               SYSTEM_DEVELOPER_BIN_DIR = /Applications/Xcode.app/Contents/Developer/usr/bin
               SYSTEM_DEVELOPER_DEMOS_DIR = /Applications/Xcode.app/Contents/Developer/Applications/Utilities/Built Examples
               SYSTEM_DEVELOPER_DIR = /Applications/Xcode.app/Contents/Developer
               SYSTEM_DEVELOPER_DOC_DIR = /Applications/Xcode.app/Contents/Developer/ADC Reference Library
               SYSTEM_DEVELOPER_GRAPHICS_TOOLS_DIR = /Applications/Xcode.app/Contents/Developer/Applications/Graphics Tools
               SYSTEM_DEVELOPER_JAVA_TOOLS_DIR = /Applications/Xcode.app/Contents/Developer/Applications/Java Tools
               SYSTEM_DEVELOPER_PERFORMANCE_TOOLS_DIR = /Applications/Xcode.app/Contents/Developer/Applications/Performance Tools
               SYSTEM_DEVELOPER_RELEASENOTES_DIR = /Applications/Xcode.app/Contents/Developer/ADC Reference Library/releasenotes
               SYSTEM_DEVELOPER_TOOLS = /Applications/Xcode.app/Contents/Developer/Tools
               SYSTEM_DEVELOPER_TOOLS_DOC_DIR = /Applications/Xcode.app/Contents/Developer/ADC Reference Library/documentation/DeveloperTools
               SYSTEM_DEVELOPER_TOOLS_RELEASENOTES_DIR = /Applications/Xcode.app/Contents/Developer/ADC Reference Library/releasenotes/DeveloperTools
               SYSTEM_DEVELOPER_USR_DIR = /Applications/Xcode.app/Contents/Developer/usr
               SYSTEM_DEVELOPER_UTILITIES_DIR = /Applications/Xcode.app/Contents/Developer/Applications/Utilities
               SYSTEM_DEXT_INSTALL_PATH = /System/Library/DriverExtensions
               SYSTEM_DOCUMENTATION_DIR = /Library/Documentation
               SYSTEM_EXTENSIONS_FOLDER_PATH = Reachability.framework/SystemExtensions
               SYSTEM_EXTENSIONS_FOLDER_PATH_SHALLOW_BUNDLE_NO = Reachability.framework/Library/SystemExtensions
               SYSTEM_EXTENSIONS_FOLDER_PATH_SHALLOW_BUNDLE_YES = Reachability.framework/SystemExtensions
               SYSTEM_KEXT_INSTALL_PATH = /System/Library/Extensions
               SYSTEM_LIBRARY_DIR = /System/Library
               TAPI_DEMANGLE = YES
               TAPI_ENABLE_PROJECT_HEADERS = NO
               TAPI_LANGUAGE = objective-c
               TAPI_LANGUAGE_STANDARD = compiler-default
               TAPI_USE_SRCROOT = YES
               TAPI_VERIFY_MODE = Pedantic
               TARGETED_DEVICE_FAMILY = 1,2
               TARGETNAME = ReachabilitySwift
               TARGET_BUILD_DIR = /Users/carl.stanley/sites/UKCPA/ukcpa_flutter/build/ios/Release-iphonesimulator/ReachabilitySwift
               TARGET_NAME = ReachabilitySwift
               TARGET_TEMP_DIR = /Users/carl.stanley/sites/UKCPA/ukcpa_flutter/build/ios/Pods.build/Release-iphonesimulator/ReachabilitySwift.build
               TEMP_DIR = /Users/carl.stanley/sites/UKCPA/ukcpa_flutter/build/ios/Pods.build/Release-iphonesimulator/ReachabilitySwift.build
               TEMP_FILES_DIR = /Users/carl.stanley/sites/UKCPA/ukcpa_flutter/build/ios/Pods.build/Release-iphonesimulator/ReachabilitySwift.build
               TEMP_FILE_DIR = /Users/carl.stanley/sites/UKCPA/ukcpa_flutter/build/ios/Pods.build/Release-iphonesimulator/ReachabilitySwift.build
               TEMP_ROOT = /Users/carl.stanley/sites/UKCPA/ukcpa_flutter/build/ios
               TEST_FRAMEWORK_SEARCH_PATHS =  /Applications/Xcode.app/Contents/Developer/Platforms/iPhoneSimulator.platform/Developer/Library/Frameworks /Applications/Xcode.app/Contents/Developer/Platforms/iPhoneSimulator.platform/Developer/SDKs/iPhoneSimulator18.0.sdk/Developer/Library/Frameworks
               TEST_LIBRARY_SEARCH_PATHS =  /Applications/Xcode.app/Contents/Developer/Platforms/iPhoneSimulator.platform/Developer/usr/lib
               TOOLCHAINS = com.apple.dt.toolchain.XcodeDefault
               TOOLCHAIN_DIR = /Applications/Xcode.app/Contents/Developer/Toolchains/XcodeDefault.xctoolchain
               TREAT_MISSING_BASELINES_AS_TEST_FAILURES = NO
               TREAT_MISSING_SCRIPT_PHASE_OUTPUTS_AS_ERRORS = NO
               UID = 502
               UNINSTALLED_PRODUCTS_DIR = /Users/carl.stanley/sites/UKCPA/ukcpa_flutter/build/ios/UninstalledProducts
               UNLOCALIZED_RESOURCES_FOLDER_PATH = Reachability.framework
               UNLOCALIZED_RESOURCES_FOLDER_PATH_SHALLOW_BUNDLE_NO = Reachability.framework/Resources
               UNLOCALIZED_RESOURCES_FOLDER_PATH_SHALLOW_BUNDLE_YES = Reachability.framework
               UNSTRIPPED_PRODUCT = NO
               USER = carl.stanley
               USER_APPS_DIR = /Users/carl.stanley/Applications
               USER_LIBRARY_DIR = /Users/carl.stanley/Library
               USE_DYNAMIC_NO_PIC = YES
               USE_HEADERMAP = YES
               USE_HEADER_SYMLINKS = NO
               USE_RECURSIVE_SCRIPT_INPUTS_IN_SCRIPT_PHASES = YES
               VALIDATE_DEVELOPMENT_ASSET_PATHS = YES_ERROR
               VALIDATE_PRODUCT = YES
               VALID_ARCHS = arm64 arm64e i386 x86_64
               VERBOSE_PBXCP = NO
               VERSIONING_SYSTEM = apple-generic
               VERSIONPLIST_PATH = Reachability.framework/version.plist
               VERSIONS_FOLDER_PATH = Reachability.framework
               VERSIONS_FOLDER_PATH_SHALLOW_BUNDLE_NO = Reachability.framework/Versions
               VERSIONS_FOLDER_PATH_SHALLOW_BUNDLE_YES = Reachability.framework
               VERSION_INFO_BUILDER = carl.stanley
               VERSION_INFO_FILE = Reachability_vers.c
               VERSION_INFO_STRING = "@(#)PROGRAM:Reachability  PROJECT:Pods-1"
               WORKSPACE_DIR = /Users/carl.stanley/sites/UKCPA/ukcpa_flutter/ios/Pods/Pods.xcodeproj
               WRAPPER_EXTENSION = framework
               WRAPPER_NAME = Reachability.framework
               WRAPPER_SUFFIX = .framework
               WRAP_ASSET_PACKS_IN_SEPARATE_DIRECTORIES = NO
               XCODE_APP_SUPPORT_DIR = /Applications/Xcode.app/Contents/Developer/Library/Xcode
               XCODE_PRODUCT_BUILD_VERSION = 16A242d
               XCODE_VERSION_ACTUAL = 1600
               XCODE_VERSION_MAJOR = 1600
               XCODE_VERSION_MINOR = 1600
               XPCSERVICES_FOLDER_PATH = Reachability.framework/XPCServices
               YACC = yacc
               _WRAPPER_CONTENTS_DIR_SHALLOW_BUNDLE_NO = /Contents
               _WRAPPER_PARENT_PATH_SHALLOW_BUNDLE_NO = /..
               _WRAPPER_RESOURCES_DIR_SHALLOW_BUNDLE_NO = /Resources
               arch = undefined_arch
               variant = normal

           Build settings for action build and target ReachabilitySwift-ReachabilitySwift:
               ACTION = build
               AD_HOC_CODE_SIGNING_ALLOWED = YES
               ALLOW_BUILD_REQUEST_OVERRIDES = NO
               ALLOW_TARGET_PLATFORM_SPECIALIZATION = NO
               ALTERNATE_GROUP = staff
               ALTERNATE_MODE = u+w,go-w,a+rX
               ALTERNATE_OWNER = carl.stanley
               ALTERNATIVE_DISTRIBUTION_WEB = NO
               ALWAYS_EMBED_SWIFT_STANDARD_LIBRARIES = NO
               ALWAYS_SEARCH_USER_PATHS = NO
               ALWAYS_USE_SEPARATE_HEADERMAPS = NO
               APPLE_INTERNAL_DEVELOPER_DIR = /AppleInternal/Developer
               APPLE_INTERNAL_DIR = /AppleInternal
               APPLE_INTERNAL_DOCUMENTATION_DIR = /AppleInternal/Documentation
               APPLE_INTERNAL_LIBRARY_DIR = /AppleInternal/Library
               APPLE_INTERNAL_TOOLS = /AppleInternal/Developer/Tools
               APPLICATION_EXTENSION_API_ONLY = NO
               APPLY_RULES_IN_COPY_FILES = NO
               APPLY_RULES_IN_COPY_HEADERS = NO
               APP_SHORTCUTS_ENABLE_FLEXIBLE_MATCHING = YES
               ARCHS = arm64 x86_64
               ARCHS_STANDARD = arm64 x86_64
               ARCHS_STANDARD_32_64_BIT = arm64 i386 x86_64
               ARCHS_STANDARD_32_BIT = i386
               ARCHS_STANDARD_64_BIT = arm64 x86_64
               ARCHS_STANDARD_INCLUDING_64_BIT = arm64 x86_64
               ARCHS_UNIVERSAL_IPHONE_OS = arm64 i386 x86_64
               ASSETCATALOG_COMPILER_GENERATE_ASSET_SYMBOLS = YES
               AUTOMATICALLY_MERGE_DEPENDENCIES = NO
               AVAILABLE_PLATFORMS = appletvos appletvsimulator driverkit iphoneos iphonesimulator macosx watchos watchsimulator xros xrsimulator
               BITCODE_GENERATION_MODE = marker
               BUILD_ACTIVE_RESOURCES_ONLY = NO
               BUILD_COMPONENTS = headers build
               BUILD_DIR = /Users/carl.stanley/sites/UKCPA/ukcpa_flutter/build/ios
               BUILD_LIBRARY_FOR_DISTRIBUTION = NO
               BUILD_ROOT = /Users/carl.stanley/sites/UKCPA/ukcpa_flutter/ios/build
               BUILD_STYLE = 
               BUILD_VARIANTS = normal
               BUILT_PRODUCTS_DIR = /Users/carl.stanley/sites/UKCPA/ukcpa_flutter/build/ios/Release-iphonesimulator/ReachabilitySwift
               BUNDLE_CONTENTS_FOLDER_PATH_deep = Contents/
               BUNDLE_EXECUTABLE_FOLDER_NAME_deep = MacOS
               BUNDLE_EXTENSIONS_FOLDER_PATH = Extensions
               BUNDLE_FORMAT = shallow
               BUNDLE_FRAMEWORKS_FOLDER_PATH = Frameworks
               BUNDLE_PLUGINS_FOLDER_PATH = PlugIns
               BUNDLE_PRIVATE_HEADERS_FOLDER_PATH = PrivateHeaders
               BUNDLE_PUBLIC_HEADERS_FOLDER_PATH = Headers
               CACHE_ROOT = /var/folders/20/skb3d8qx2hn9r9z8036y32g40000gp/C/com.apple.DeveloperTools/16.0-16A242d/Xcode
               CCHROOT = /var/folders/20/skb3d8qx2hn9r9z8036y32g40000gp/C/com.apple.DeveloperTools/16.0-16A242d/Xcode
               CHMOD = /bin/chmod
               CHOWN = /usr/sbin/chown
               CLANG_ANALYZER_LOCALIZABILITY_NONLOCALIZED = YES
               CLANG_ANALYZER_NONNULL = YES
               CLANG_ANALYZER_NUMBER_OBJECT_CONVERSION = YES_AGGRESSIVE
               CLANG_CACHE_FINE_GRAINED_OUTPUTS = YES
               CLANG_CXX_LANGUAGE_STANDARD = gnu++14
               CLANG_CXX_LIBRARY = libc++
               CLANG_ENABLE_EXPLICIT_MODULES = YES
               CLANG_ENABLE_MODULES = YES
               CLANG_ENABLE_OBJC_ARC = YES
               CLANG_ENABLE_OBJC_WEAK = YES
               CLANG_MODULES_BUILD_SESSION_FILE = /var/folders/20/skb3d8qx2hn9r9z8036y32g40000gp/C/org.llvm.clang/ModuleCache.noindex/Session.modulevalidation
               CLANG_WARN_BLOCK_CAPTURE_AUTORELEASING = YES
               CLANG_WARN_BOOL_CONVERSION = YES
               CLANG_WARN_COMMA = YES
               CLANG_WARN_CONSTANT_CONVERSION = YES
               CLANG_WARN_DEPRECATED_OBJC_IMPLEMENTATIONS = YES
               CLANG_WARN_DIRECT_OBJC_ISA_USAGE = YES_ERROR
               CLANG_WARN_DOCUMENTATION_COMMENTS = YES
               CLANG_WARN_EMPTY_BODY = YES
               CLANG_WARN_ENUM_CONVERSION = YES
               CLANG_WARN_INFINITE_RECURSION = YES
               CLANG_WARN_INT_CONVERSION = YES
               CLANG_WARN_NON_LITERAL_NULL_CONVERSION = YES
               CLANG_WARN_OBJC_IMPLICIT_RETAIN_SELF = YES
               CLANG_WARN_OBJC_LITERAL_CONVERSION = YES
               CLANG_WARN_OBJC_ROOT_CLASS = YES_ERROR
               CLANG_WARN_QUOTED_INCLUDE_IN_FRAMEWORK_HEADER = NO
               CLANG_WARN_RANGE_LOOP_ANALYSIS = YES
               CLANG_WARN_STRICT_PROTOTYPES = YES
               CLANG_WARN_SUSPICIOUS_MOVE = YES
               CLANG_WARN_UNGUARDED_AVAILABILITY = YES_AGGRESSIVE
               CLANG_WARN_UNREACHABLE_CODE = YES
               CLANG_WARN__DUPLICATE_METHOD_MATCH = YES
               CLASS_FILE_DIR = /Users/carl.stanley/sites/UKCPA/ukcpa_flutter/build/ios/Pods.build/Release-iphonesimulator/ReachabilitySwift-ReachabilitySwift.build/JavaClasses
               CLEAN_PRECOMPS = YES
               CLONE_HEADERS = NO
               CODESIGNING_FOLDER_PATH = /Users/carl.stanley/sites/UKCPA/ukcpa_flutter/build/ios/Release-iphonesimulator/ReachabilitySwift/ReachabilitySwift.bundle
               CODE_SIGNING_ALLOWED = NO
               CODE_SIGNING_IDENTITY = -
               CODE_SIGNING_REQUIRED = NO
               CODE_SIGN_CONTEXT_CLASS = XCiPhoneSimulatorCodeSignContext
               CODE_SIGN_IDENTITY = -
               CODE_SIGN_INJECT_BASE_ENTITLEMENTS = YES
               COLOR_DIAGNOSTICS = NO
               COMBINE_HIDPI_IMAGES = NO
               COMPILATION_CACHE_CAS_PATH = /var/folders/20/skb3d8qx2hn9r9z8036y32g40000gp/C/com.apple.DeveloperTools/16.0-16A242d/Xcode/CompilationCache.noindex
               COMPILATION_CACHE_KEEP_CAS_DIRECTORY = YES
               COMPILER_INDEX_STORE_ENABLE = Default
               COMPOSITE_SDK_DIRS = /Users/carl.stanley/sites/UKCPA/ukcpa_flutter/build/ios/CompositeSDKs
               COMPRESS_PNG_FILES = YES
               CONFIGURATION = Release
               CONFIGURATION_BUILD_DIR = /Users/carl.stanley/sites/UKCPA/ukcpa_flutter/build/ios/Release-iphonesimulator/ReachabilitySwift
               CONFIGURATION_TEMP_DIR = /Users/carl.stanley/sites/UKCPA/ukcpa_flutter/build/ios/Pods.build/Release-iphonesimulator
               CONTENTS_FOLDER_PATH = ReachabilitySwift.bundle
               CONTENTS_FOLDER_PATH_SHALLOW_BUNDLE_NO = ReachabilitySwift.bundle/Contents
               CONTENTS_FOLDER_PATH_SHALLOW_BUNDLE_YES = ReachabilitySwift.bundle
               COPYING_PRESERVES_HFS_DATA = NO
               COPY_HEADERS_RUN_UNIFDEF = NO
               COPY_PHASE_STRIP = NO
               CORRESPONDING_DEVICE_PLATFORM_DIR = /Applications/Xcode.app/Contents/Developer/Platforms/iPhoneOS.platform
               CORRESPONDING_DEVICE_PLATFORM_NAME = iphoneos
               CORRESPONDING_DEVICE_SDK_DIR = /Applications/Xcode.app/Contents/Developer/Platforms/iPhoneOS.platform/Developer/SDKs/iPhoneOS18.0.sdk
               CORRESPONDING_DEVICE_SDK_NAME = iphoneos18.0
               CP = /bin/cp
               CREATE_INFOPLIST_SECTION_IN_BINARY = NO
               CURRENT_ARCH = undefined_arch
               CURRENT_VARIANT = normal
               DEAD_CODE_STRIPPING = YES
               DEBUGGING_SYMBOLS = YES
               DEBUG_INFORMATION_FORMAT = dwarf-with-dsym
               DEBUG_INFORMATION_VERSION = compiler-default
               DEFAULT_COMPILER = com.apple.compilers.llvm.clang.1_0
               DEFAULT_DEXT_INSTALL_PATH = /System/Library/DriverExtensions
               DEFAULT_KEXT_INSTALL_PATH = /System/Library/Extensions
               DEFINES_MODULE = NO
               DEPLOYMENT_LOCATION = NO
               DEPLOYMENT_POSTPROCESSING = NO
               DEPLOYMENT_TARGET_SETTING_NAME = IPHONEOS_DEPLOYMENT_TARGET
               DEPLOYMENT_TARGET_SUGGESTED_VALUES = 12.0 12.1 12.2 12.3 12.4 13.0 13.1 13.2 13.3 13.4 13.5 13.6 14.0 14.1 14.2 14.3 14.4 14.5 14.6 14.7 15.0 15.1 15.2 15.3 15.4 15.5 15.6 16.0 16.1 16.2 16.3 16.4 16.5 16.6 17.0 17.1 17.2 17.3 17.4 17.5 17.6 18.0
               DERIVED_FILES_DIR = /Users/carl.stanley/sites/UKCPA/ukcpa_flutter/build/ios/Pods.build/Release-iphonesimulator/ReachabilitySwift-ReachabilitySwift.build/DerivedSources
               DERIVED_FILE_DIR = /Users/carl.stanley/sites/UKCPA/ukcpa_flutter/build/ios/Pods.build/Release-iphonesimulator/ReachabilitySwift-ReachabilitySwift.build/DerivedSources
               DERIVED_SOURCES_DIR = /Users/carl.stanley/sites/UKCPA/ukcpa_flutter/build/ios/Pods.build/Release-iphonesimulator/ReachabilitySwift-ReachabilitySwift.build/DerivedSources
               DEVELOPER_APPLICATIONS_DIR = /Applications/Xcode.app/Contents/Developer/Applications
               DEVELOPER_BIN_DIR = /Applications/Xcode.app/Contents/Developer/usr/bin
               DEVELOPER_DIR = /Applications/Xcode.app/Contents/Developer
               DEVELOPER_FRAMEWORKS_DIR = /Applications/Xcode.app/Contents/Developer/Library/Frameworks
               DEVELOPER_FRAMEWORKS_DIR_QUOTED = /Applications/Xcode.app/Contents/Developer/Library/Frameworks
               DEVELOPER_LIBRARY_DIR = /Applications/Xcode.app/Contents/Developer/Library
               DEVELOPER_SDK_DIR = /Applications/Xcode.app/Contents/Developer/Platforms/MacOSX.platform/Developer/SDKs
               DEVELOPER_TOOLS_DIR = /Applications/Xcode.app/Contents/Developer/Tools
               DEVELOPER_USR_DIR = /Applications/Xcode.app/Contents/Developer/usr
               DEVELOPMENT_LANGUAGE = en
               DIFF = /usr/bin/diff
               DOCUMENTATION_FOLDER_PATH = ReachabilitySwift.bundle/en.lproj/Documentation
               DONT_GENERATE_INFOPLIST_FILE = NO
               DSTROOT = /tmp/Pods.dst
               DT_TOOLCHAIN_DIR = /Applications/Xcode.app/Contents/Developer/Toolchains/XcodeDefault.xctoolchain
               DWARF_DSYM_FILE_NAME = ReachabilitySwift.bundle.dSYM
               DWARF_DSYM_FILE_SHOULD_ACCOMPANY_PRODUCT = NO
               DWARF_DSYM_FOLDER_PATH = /Users/carl.stanley/sites/UKCPA/ukcpa_flutter/build/ios/Release-iphonesimulator/ReachabilitySwift
               DYNAMIC_LIBRARY_EXTENSION = dylib
               EAGER_COMPILATION_ALLOW_SCRIPTS = NO
               EAGER_LINKING = NO
               EFFECTIVE_PLATFORM_NAME = -iphonesimulator
               EMBEDDED_CONTENT_CONTAINS_SWIFT = NO
               EMBED_ASSET_PACKS_IN_PRODUCT_BUNDLE = NO
               ENABLE_APP_SANDBOX = NO
               ENABLE_BITCODE = NO
               ENABLE_CODE_COVERAGE = YES
               ENABLE_DEFAULT_HEADER_SEARCH_PATHS = YES
               ENABLE_DEFAULT_SEARCH_PATHS = YES
               ENABLE_HARDENED_RUNTIME = NO
               ENABLE_HEADER_DEPENDENCIES = YES
               ENABLE_NS_ASSERTIONS = NO
               ENABLE_ON_DEMAND_RESOURCES = NO
               ENABLE_STRICT_OBJC_MSGSEND = YES
               ENABLE_TESTABILITY = NO
               ENABLE_TESTING_SEARCH_PATHS = NO
               ENABLE_USER_SCRIPT_SANDBOXING = NO
               ENTITLEMENTS_DESTINATION = __entitlements
               ENTITLEMENTS_REQUIRED = NO
               EXCLUDED_INSTALLSRC_SUBDIRECTORY_PATTERNS = .DS_Store .svn .git .hg CVS
               EXCLUDED_RECURSIVE_SEARCH_PATH_SUBDIRECTORIES = *.nib *.lproj *.framework *.gch *.xcode* *.xcassets (*) .DS_Store CVS .svn .git .hg *.pbproj *.pbxproj
               EXECUTABLES_FOLDER_PATH = ReachabilitySwift.bundle/Executables
               EXECUTABLE_FOLDER_PATH = ReachabilitySwift.bundle
               EXECUTABLE_FOLDER_PATH_SHALLOW_BUNDLE_NO = ReachabilitySwift.bundle/MacOS
               EXECUTABLE_FOLDER_PATH_SHALLOW_BUNDLE_YES = ReachabilitySwift.bundle
               EXECUTABLE_NAME = ReachabilitySwift
               EXECUTABLE_PATH = ReachabilitySwift.bundle/ReachabilitySwift
               EXPANDED_CODE_SIGN_IDENTITY = -
               EXTENSIONS_FOLDER_PATH = ReachabilitySwift.bundle/Extensions
               FILE_LIST = /Users/carl.stanley/sites/UKCPA/ukcpa_flutter/build/ios/Pods.build/Release-iphonesimulator/ReachabilitySwift-ReachabilitySwift.build/Objects/LinkFileList
               FIXED_FILES_DIR = /Users/carl.stanley/sites/UKCPA/ukcpa_flutter/build/ios/Pods.build/Release-iphonesimulator/ReachabilitySwift-ReachabilitySwift.build/FixedFiles
               FRAMEWORKS_FOLDER_PATH = ReachabilitySwift.bundle/Frameworks
               FRAMEWORK_FLAG_PREFIX = -framework
               FRAMEWORK_SEARCH_PATHS = /Users/carl.stanley/sites/UKCPA/ukcpa_flutter/build/ios/Release-iphonesimulator/ReachabilitySwift 
               FRAMEWORK_VERSION = A
               FULL_PRODUCT_NAME = ReachabilitySwift.bundle
               FUSE_BUILD_PHASES = YES
               FUSE_BUILD_SCRIPT_PHASES = NO
               GCC3_VERSION = 3.3
               GCC_C_LANGUAGE_STANDARD = gnu11
               GCC_INLINES_ARE_PRIVATE_EXTERN = YES
               GCC_NO_COMMON_BLOCKS = YES
               GCC_OBJC_LEGACY_DISPATCH = YES
               GCC_PFE_FILE_C_DIALECTS = c objective-c c++ objective-c++
               GCC_PREPROCESSOR_DEFINITIONS = POD_CONFIGURATION_RELEASE=1  COCOAPODS=1
               GCC_TREAT_WARNINGS_AS_ERRORS = NO
               GCC_VERSION = com.apple.compilers.llvm.clang.1_0
               GCC_VERSION_IDENTIFIER = com_apple_compilers_llvm_clang_1_0
               GCC_WARN_64_TO_32_BIT_CONVERSION = YES
               GCC_WARN_ABOUT_RETURN_TYPE = YES_ERROR
               GCC_WARN_UNDECLARED_SELECTOR = YES
               GCC_WARN_UNINITIALIZED_AUTOS = YES_AGGRESSIVE
               GCC_WARN_UNUSED_FUNCTION = YES
               GCC_WARN_UNUSED_VARIABLE = YES
               GENERATED_MODULEMAP_DIR = /Users/carl.stanley/sites/UKCPA/ukcpa_flutter/build/ios/GeneratedModuleMaps-iphonesimulator
               GENERATE_INFOPLIST_FILE = NO
               GENERATE_INTERMEDIATE_TEXT_BASED_STUBS = YES
               GENERATE_MASTER_OBJECT_FILE = NO
               GENERATE_PKGINFO_FILE = NO
               GENERATE_PROFILING_CODE = NO
               GENERATE_TEXT_BASED_STUBS = NO
               GID = 20
               GROUP = staff
               HEADERMAP_INCLUDES_FLAT_ENTRIES_FOR_TARGET_BEING_BUILT = YES
               HEADERMAP_INCLUDES_FRAMEWORK_ENTRIES_FOR_ALL_PRODUCT_TYPES = YES
               HEADERMAP_INCLUDES_FRAMEWORK_ENTRIES_FOR_TARGETS_NOT_BEING_BUILT = YES
               HEADERMAP_INCLUDES_NONPUBLIC_NONPRIVATE_HEADERS = YES
               HEADERMAP_INCLUDES_PROJECT_HEADERS = YES
               HEADERMAP_USES_FRAMEWORK_PREFIX_ENTRIES = YES
               HEADERMAP_USES_VFS = NO
               HEADER_SEARCH_PATHS = /Users/carl.stanley/sites/UKCPA/ukcpa_flutter/build/ios/Release-iphonesimulator/ReachabilitySwift/include 
               HIDE_BITCODE_SYMBOLS = YES
               HOME = /Users/carl.stanley
               HOST_ARCH = arm64
               HOST_PLATFORM = macosx
               IBSC_MODULE = Reachability
               ICONV = /usr/bin/iconv
               IMPLICIT_DEPENDENCY_DOMAIN = default
               INFOPLIST_ENABLE_CFBUNDLEICONS_MERGE = YES
               INFOPLIST_EXPAND_BUILD_SETTINGS = YES
               INFOPLIST_FILE = Target Support Files/ReachabilitySwift/ResourceBundle-ReachabilitySwift-ReachabilitySwift-Info.plist
               INFOPLIST_OUTPUT_FORMAT = binary
               INFOPLIST_PATH = ReachabilitySwift.bundle/Info.plist
               INFOPLIST_PREPROCESS = NO
               INFOSTRINGS_PATH = ReachabilitySwift.bundle/en.lproj/InfoPlist.strings
               INLINE_PRIVATE_FRAMEWORKS = NO
               INSTALLHDRS_COPY_PHASE = NO
               INSTALLHDRS_SCRIPT_PHASE = NO
               INSTALL_DIR = /tmp/Pods.dst
               INSTALL_GROUP = staff
               INSTALL_MODE_FLAG = u+w,go-w,a+rX
               INSTALL_OWNER = carl.stanley
               INSTALL_ROOT = /tmp/Pods.dst
               IPHONEOS_DEPLOYMENT_TARGET = 13.0
               IS_UNOPTIMIZED_BUILD = NO
               JAVAC_DEFAULT_FLAGS = -J-Xms64m -J-XX:NewSize=4M -J-Dfile.encoding=UTF8
               JAVA_APP_STUB = /System/Library/Frameworks/JavaVM.framework/Resources/MacOS/JavaApplicationStub
               JAVA_ARCHIVE_CLASSES = YES
               JAVA_ARCHIVE_TYPE = JAR
               JAVA_COMPILER = /usr/bin/javac
               JAVA_FOLDER_PATH = ReachabilitySwift.bundle/Java
               JAVA_FRAMEWORK_RESOURCES_DIRS = Resources
               JAVA_JAR_FLAGS = cv
               JAVA_SOURCE_SUBDIR = .
               JAVA_USE_DEPENDENCIES = YES
               JAVA_ZIP_FLAGS = -urg
               JIKES_DEFAULT_FLAGS = +E +OLDCSO
               KEEP_PRIVATE_EXTERNS = NO
               LD_DEPENDENCY_INFO_FILE = /Users/carl.stanley/sites/UKCPA/ukcpa_flutter/build/ios/Pods.build/Release-iphonesimulator/ReachabilitySwift-ReachabilitySwift.build/Objects-normal/undefined_arch/ReachabilitySwift_dependency_info.dat
               LD_EXPORT_SYMBOLS = YES
               LD_GENERATE_MAP_FILE = NO
               LD_MAP_FILE_PATH = /Users/carl.stanley/sites/UKCPA/ukcpa_flutter/build/ios/Pods.build/Release-iphonesimulator/ReachabilitySwift-ReachabilitySwift.build/ReachabilitySwift-LinkMap-normal-undefined_arch.txt
               LD_NO_PIE = NO
               LD_QUOTE_LINKER_ARGUMENTS_FOR_COMPILER_DRIVER = YES
               LD_SHARED_CACHE_ELIGIBLE = Automatic
               LD_WARN_DUPLICATE_LIBRARIES = NO
               LD_WARN_UNUSED_DYLIBS = NO
               LEGACY_DEVELOPER_DIR = /Applications/Xcode.app/Contents/PlugIns/Xcode3Core.ideplugin/Contents/SharedSupport/Developer
               LEX = lex
               LIBRARY_DEXT_INSTALL_PATH = /Library/DriverExtensions
               LIBRARY_FLAG_NOSPACE = YES
               LIBRARY_FLAG_PREFIX = -l
               LIBRARY_KEXT_INSTALL_PATH = /Library/Extensions
               LIBRARY_SEARCH_PATHS = /Users/carl.stanley/sites/UKCPA/ukcpa_flutter/build/ios/Release-iphonesimulator/ReachabilitySwift /Applications/Xcode.app/Contents/Developer/Toolchains/XcodeDefault.xctoolchain/usr/lib/swift/iphonesimulator /Applications/Xcode.app/Contents/Developer/Platforms/iPhoneSimulator.platform/Developer/SDKs/iPhoneSimulator18.0.sdk/usr/lib/swift
               LINKER_DISPLAYS_MANGLED_NAMES = NO
               LINK_FILE_LIST_normal_arm64 = /Users/carl.stanley/sites/UKCPA/ukcpa_flutter/build/ios/Pods.build/Release-iphonesimulator/ReachabilitySwift-ReachabilitySwift.build/Objects-normal/arm64/ReachabilitySwift.LinkFileList
               LINK_FILE_LIST_normal_x86_64 = /Users/carl.stanley/sites/UKCPA/ukcpa_flutter/build/ios/Pods.build/Release-iphonesimulator/ReachabilitySwift-ReachabilitySwift.build/Objects-normal/x86_64/ReachabilitySwift.LinkFileList
               LINK_OBJC_RUNTIME = YES
               LINK_WITH_STANDARD_LIBRARIES = YES
               LLVM_TARGET_TRIPLE_OS_VERSION = ios13.0
               LLVM_TARGET_TRIPLE_SUFFIX = -simulator
               LLVM_TARGET_TRIPLE_VENDOR = apple
               LM_AUX_CONST_METADATA_LIST_PATH_normal_arm64 = /Users/carl.stanley/sites/UKCPA/ukcpa_flutter/build/ios/Pods.build/Release-iphonesimulator/ReachabilitySwift-ReachabilitySwift.build/Objects-normal/arm64/ReachabilitySwift.SwiftConstValuesFileList
               LM_AUX_CONST_METADATA_LIST_PATH_normal_x86_64 = /Users/carl.stanley/sites/UKCPA/ukcpa_flutter/build/ios/Pods.build/Release-iphonesimulator/ReachabilitySwift-ReachabilitySwift.build/Objects-normal/x86_64/ReachabilitySwift.SwiftConstValuesFileList
               LOCALIZATION_EXPORT_SUPPORTED = YES
               LOCALIZATION_PREFERS_STRING_CATALOGS = NO
               LOCALIZED_RESOURCES_FOLDER_PATH = ReachabilitySwift.bundle/en.lproj
               LOCALIZED_STRING_MACRO_NAMES = NSLocalizedString CFCopyLocalizedString
               LOCALIZED_STRING_SWIFTUI_SUPPORT = YES
               LOCAL_ADMIN_APPS_DIR = /Applications/Utilities
               LOCAL_APPS_DIR = /Applications
               LOCAL_DEVELOPER_DIR = /Library/Developer
               LOCAL_LIBRARY_DIR = /Library
               LOCROOT = /Users/carl.stanley/sites/UKCPA/ukcpa_flutter/ios/Pods
               LOCSYMROOT = /Users/carl.stanley/sites/UKCPA/ukcpa_flutter/ios/Pods
               MACH_O_TYPE = mh_bundle
               MAC_OS_X_PRODUCT_BUILD_VERSION = 24G84
               MAC_OS_X_VERSION_ACTUAL = 150600
               MAC_OS_X_VERSION_MAJOR = 150000
               MAC_OS_X_VERSION_MINOR = 150600
               MAKE_MERGEABLE = NO
               MERGEABLE_LIBRARY = NO
               MERGED_BINARY_TYPE = none
               MERGE_LINKED_LIBRARIES = NO
               METAL_LIBRARY_FILE_BASE = default
               METAL_LIBRARY_OUTPUT_DIR = /Users/carl.stanley/sites/UKCPA/ukcpa_flutter/build/ios/Release-iphonesimulator/ReachabilitySwift/ReachabilitySwift.bundle
               MODULES_FOLDER_PATH = ReachabilitySwift.bundle/Modules
               MTL_ENABLE_DEBUG_INFO = NO
               MTL_FAST_MATH = YES
               NATIVE_ARCH = arm64
               NATIVE_ARCH_32_BIT = arm
               NATIVE_ARCH_64_BIT = arm64
               NATIVE_ARCH_ACTUAL = arm64
               NO_COMMON = YES
               OBJC_ABI_VERSION = 2
               OBJECT_FILE_DIR = /Users/carl.stanley/sites/UKCPA/ukcpa_flutter/build/ios/Pods.build/Release-iphonesimulator/ReachabilitySwift-ReachabilitySwift.build/Objects
               OBJECT_FILE_DIR_normal = /Users/carl.stanley/sites/UKCPA/ukcpa_flutter/build/ios/Pods.build/Release-iphonesimulator/ReachabilitySwift-ReachabilitySwift.build/Objects-normal
               OBJROOT = /Users/carl.stanley/sites/UKCPA/ukcpa_flutter/build/ios
               ONLY_ACTIVE_ARCH = NO
               OS = MACOS
               OSAC = /usr/bin/osacompile
               OTHER_LDFLAGS =  -framework "CoreTelephony" -framework "SystemConfiguration"
               OTHER_SWIFT_FLAGS =  -D COCOAPODS
               PACKAGE_TYPE = com.apple.package-type.wrapper
               PASCAL_STRINGS = YES
               PATH = /Applications/Xcode.app/Contents/SharedFrameworks/XCBuild.framework/Versions/A/PlugIns/XCBBuildService.bundle/Contents/PlugIns/XCBSpecifications.ideplugin/Contents/Resources:/Applications/Xcode.app/Contents/SharedFrameworks/XCBuild.framework/Versions/A/PlugIns/XCBBuildService.bundle/Contents/PlugIns/XCBSpecifications.ideplugin:/Applications/Xcode.app/Contents/Developer/Toolchains/XcodeDefault.xctoolchain/usr/bin:/Applications/Xcode.app/Contents/Developer/Toolchains/XcodeDefault.xctoolchain/usr/appleinternal/bin:/Applications/Xcode.app/Contents/Developer/Toolchains/XcodeDefault.xctoolchain/usr/local/bin:/Applications/Xcode.app/Contents/Developer/Toolchains/XcodeDefault.xctoolchain/usr/libexec:/Applications/Xcode.app/Contents/Developer/Platforms/iPhoneSimulator.platform/usr/bin:/Applications/Xcode.app/Contents/Developer/Platforms/iPhoneSimulator.platform/usr/appleinternal/bin:/Applications/Xcode.app/Contents/Developer/Platforms/iPhoneSimulator.platform/usr/local/bin:/Applications/Xcode.app/Contents/Developer/Platforms/iPhoneSimulator.platform/Developer/usr/bin:/Applications/Xcode.app/Contents/Developer/Platforms/iPhoneSimulator.platform/Developer/usr/local/bin:/Applications/Xcode.app/Contents/Developer/usr/bin:/Applications/Xcode.app/Contents/Developer/usr/local/bin:/opt/homebrew/Cellar/pyenv-virtualenv/1.2.4/shims:/Users/carl.stanley/.pyenv/shims:/Users/carl.stanley/.pyenv/bin:/Users/carl.stanley/.nvm/versions/node/v18.17.0/bin:/Users/carl.stanley/development/flutter/bin:/opt/homebrew/bin:/opt/homebrew/sbin:/Users/carl.stanley/.local/bin:/usr/local/bin:/System/Cryptexes/App/usr/bin:/usr/bin:/bin:/usr/sbin:/sbin:/var/run/com.apple.security.cryptexd/codex.system/bootstrap/usr/local/bin:/var/run/com.apple.security.cryptexd/codex.system/bootstrap/usr/bin:/var/run/com.apple.security.cryptexd/codex.system/bootstrap/usr/appleinternal/bin:/Library/Apple/usr/bin:/usr/local/sbin:/usr/local/go/bin:/Users/carl.stanley/.pub-cache/bin
               PATH_PREFIXES_EXCLUDED_FROM_HEADER_DEPENDENCIES = /usr/include /usr/local/include /System/Library/Frameworks /System/Library/PrivateFrameworks /Applications/Xcode.app/Contents/Developer/Headers /Applications/Xcode.app/Contents/Developer/SDKs /Applications/Xcode.app/Contents/Developer/Platforms
               PBDEVELOPMENTPLIST_PATH = ReachabilitySwift.bundle/pbdevelopment.plist
               PER_ARCH_OBJECT_FILE_DIR = /Users/carl.stanley/sites/UKCPA/ukcpa_flutter/build/ios/Pods.build/Release-iphonesimulator/ReachabilitySwift-ReachabilitySwift.build/Objects-normal/undefined_arch
               PER_VARIANT_OBJECT_FILE_DIR = /Users/carl.stanley/sites/UKCPA/ukcpa_flutter/build/ios/Pods.build/Release-iphonesimulator/ReachabilitySwift-ReachabilitySwift.build/Objects-normal
               PKGINFO_FILE_PATH = /Users/carl.stanley/sites/UKCPA/ukcpa_flutter/build/ios/Pods.build/Release-iphonesimulator/ReachabilitySwift-ReachabilitySwift.build/PkgInfo
               PKGINFO_PATH = ReachabilitySwift.bundle/PkgInfo
               PLATFORM_DEVELOPER_APPLICATIONS_DIR = /Applications/Xcode.app/Contents/Developer/Platforms/iPhoneSimulator.platform/Developer/Applications
               PLATFORM_DEVELOPER_BIN_DIR = /Applications/Xcode.app/Contents/Developer/Platforms/iPhoneSimulator.platform/Developer/usr/bin
               PLATFORM_DEVELOPER_LIBRARY_DIR = /Applications/Xcode.app/Contents/Developer/Platforms/iPhoneSimulator.platform/Developer/Library
               PLATFORM_DEVELOPER_SDK_DIR = /Applications/Xcode.app/Contents/Developer/Platforms/iPhoneSimulator.platform/Developer/SDKs
               PLATFORM_DEVELOPER_TOOLS_DIR = /Applications/Xcode.app/Contents/Developer/Platforms/iPhoneSimulator.platform/Developer/Tools
               PLATFORM_DEVELOPER_USR_DIR = /Applications/Xcode.app/Contents/Developer/Platforms/iPhoneSimulator.platform/Developer/usr
               PLATFORM_DIR = /Applications/Xcode.app/Contents/Developer/Platforms/iPhoneSimulator.platform
               PLATFORM_DISPLAY_NAME = iOS Simulator
               PLATFORM_FAMILY_NAME = iOS
               PLATFORM_NAME = iphonesimulator
               PLATFORM_PREFERRED_ARCH = x86_64
               PLATFORM_PRODUCT_BUILD_VERSION = 22A3362
               PLIST_FILE_OUTPUT_FORMAT = binary
               PLUGINS_FOLDER_PATH = ReachabilitySwift.bundle/PlugIns
               PODS_BUILD_DIR = /Users/carl.stanley/sites/UKCPA/ukcpa_flutter/build/ios
               PODS_CONFIGURATION_BUILD_DIR = /Users/carl.stanley/sites/UKCPA/ukcpa_flutter/build/ios/Release-iphonesimulator
               PODS_DEVELOPMENT_LANGUAGE = en
               PODS_ROOT = /Users/carl.stanley/sites/UKCPA/ukcpa_flutter/ios/Pods
               PODS_TARGET_SRCROOT = /Users/carl.stanley/sites/UKCPA/ukcpa_flutter/ios/Pods/ReachabilitySwift
               PODS_XCFRAMEWORKS_BUILD_DIR = /Users/carl.stanley/sites/UKCPA/ukcpa_flutter/build/ios/Release-iphonesimulator/XCFrameworkIntermediates
               PRECOMPS_INCLUDE_HEADERS_FROM_BUILT_PRODUCTS_DIR = YES
               PRECOMP_DESTINATION_DIR = /Users/carl.stanley/sites/UKCPA/ukcpa_flutter/build/ios/Pods.build/Release-iphonesimulator/ReachabilitySwift-ReachabilitySwift.build/PrefixHeaders
               PRIVATE_HEADERS_FOLDER_PATH = ReachabilitySwift.bundle/PrivateHeaders
               PROCESSED_INFOPLIST_PATH = /Users/carl.stanley/sites/UKCPA/ukcpa_flutter/build/ios/Pods.build/Release-iphonesimulator/ReachabilitySwift-ReachabilitySwift.build/Objects-normal/undefined_arch/Processed-Info.plist
               PRODUCT_BUNDLE_IDENTIFIER = org.cocoapods.ReachabilitySwift
               PRODUCT_BUNDLE_PACKAGE_TYPE = BNDL
               PRODUCT_MODULE_NAME = ReachabilitySwift
               PRODUCT_NAME = ReachabilitySwift
               PRODUCT_SETTINGS_PATH = /Users/carl.stanley/sites/UKCPA/ukcpa_flutter/ios/Pods/Target Support Files/ReachabilitySwift/ResourceBundle-ReachabilitySwift-ReachabilitySwift-Info.plist
               PRODUCT_TYPE = com.apple.product-type.bundle
               PROFILING_CODE = NO
               PROJECT = Pods
               PROJECT_DERIVED_FILE_DIR = /Users/carl.stanley/sites/UKCPA/ukcpa_flutter/build/ios/Pods.build/DerivedSources
               PROJECT_DIR = /Users/carl.stanley/sites/UKCPA/ukcpa_flutter/ios/Pods
               PROJECT_FILE_PATH = /Users/carl.stanley/sites/UKCPA/ukcpa_flutter/ios/Pods/Pods.xcodeproj
               PROJECT_GUID = bfdfe7dc352907fc980b868725387e98
               PROJECT_NAME = Pods
               PROJECT_TEMP_DIR = /Users/carl.stanley/sites/UKCPA/ukcpa_flutter/build/ios/Pods.build
               PROJECT_TEMP_ROOT = /Users/carl.stanley/sites/UKCPA/ukcpa_flutter/build/ios
               PUBLIC_HEADERS_FOLDER_PATH = ReachabilitySwift.bundle/Headers
               RECOMMENDED_IPHONEOS_DEPLOYMENT_TARGET = 15.0
               RECURSIVE_SEARCH_PATHS_FOLLOW_SYMLINKS = YES
               REMOVE_CVS_FROM_RESOURCES = YES
               REMOVE_GIT_FROM_RESOURCES = YES
               REMOVE_HEADERS_FROM_EMBEDDED_BUNDLES = YES
               REMOVE_HG_FROM_RESOURCES = YES
               REMOVE_STATIC_EXECUTABLES_FROM_EMBEDDED_BUNDLES = YES
               REMOVE_SVN_FROM_RESOURCES = YES
               RESCHEDULE_INDEPENDENT_HEADERS_PHASES = YES
               REZ_COLLECTOR_DIR = /Users/carl.stanley/sites/UKCPA/ukcpa_flutter/build/ios/Pods.build/Release-iphonesimulator/ReachabilitySwift-ReachabilitySwift.build/ResourceManagerResources
               REZ_OBJECTS_DIR = /Users/carl.stanley/sites/UKCPA/ukcpa_flutter/build/ios/Pods.build/Release-iphonesimulator/ReachabilitySwift-ReachabilitySwift.build/ResourceManagerResources/Objects
               REZ_SEARCH_PATHS = /Users/carl.stanley/sites/UKCPA/ukcpa_flutter/build/ios/Release-iphonesimulator/ReachabilitySwift 
               SCAN_ALL_SOURCE_FILES_FOR_INCLUDES = NO
               SCRIPTS_FOLDER_PATH = ReachabilitySwift.bundle/Scripts
               SDKROOT = /Applications/Xcode.app/Contents/Developer/Platforms/iPhoneSimulator.platform/Developer/SDKs/iPhoneSimulator18.0.sdk
               SDK_DIR = /Applications/Xcode.app/Contents/Developer/Platforms/iPhoneSimulator.platform/Developer/SDKs/iPhoneSimulator18.0.sdk
               SDK_DIR_iphonesimulator = /Applications/Xcode.app/Contents/Developer/Platforms/iPhoneSimulator.platform/Developer/SDKs/iPhoneSimulator18.0.sdk
               SDK_DIR_iphonesimulator18_0 = /Applications/Xcode.app/Contents/Developer/Platforms/iPhoneSimulator.platform/Developer/SDKs/iPhoneSimulator18.0.sdk
               SDK_NAME = iphonesimulator18.0
               SDK_NAMES = iphonesimulator18.0
               SDK_PRODUCT_BUILD_VERSION = 22A3362
               SDK_STAT_CACHE_DIR = /var/folders/20/skb3d8qx2hn9r9z8036y32g40000gp/C/com.apple.DeveloperTools/16.0-16A242d/Xcode
               SDK_STAT_CACHE_ENABLE = YES
               SDK_STAT_CACHE_PATH = /var/folders/20/skb3d8qx2hn9r9z8036y32g40000gp/C/com.apple.DeveloperTools/16.0-16A242d/Xcode/SDKStatCaches.noindex/iphonesimulator18.0-22A3362-db63dc9361471f152f572502bdbfe70a.sdkstatcache
               SDK_VERSION = 18.0
               SDK_VERSION_ACTUAL = 180000
               SDK_VERSION_MAJOR = 180000
               SDK_VERSION_MINOR = 180000
               SED = /usr/bin/sed
               SEPARATE_STRIP = NO
               SEPARATE_SYMBOL_EDIT = NO
               SET_DIR_MODE_OWNER_GROUP = YES
               SET_FILE_MODE_OWNER_GROUP = NO
               SHALLOW_BUNDLE = YES
               SHALLOW_BUNDLE_TRIPLE = ios-simulator
               SHALLOW_BUNDLE_ios_macabi = NO
               SHALLOW_BUNDLE_macos = NO
               SHARED_DERIVED_FILE_DIR = /Users/carl.stanley/sites/UKCPA/ukcpa_flutter/build/ios/Release-iphonesimulator/ReachabilitySwift/DerivedSources
               SHARED_FRAMEWORKS_FOLDER_PATH = ReachabilitySwift.bundle/SharedFrameworks
               SHARED_PRECOMPS_DIR = /Users/carl.stanley/sites/UKCPA/ukcpa_flutter/build/ios/SharedPrecompiledHeaders
               SHARED_SUPPORT_FOLDER_PATH = ReachabilitySwift.bundle/SharedSupport
               SKIP_INSTALL = YES
               SOURCE_ROOT = /Users/carl.stanley/sites/UKCPA/ukcpa_flutter/ios/Pods
               SRCROOT = /Users/carl.stanley/sites/UKCPA/ukcpa_flutter/ios/Pods
               STRINGSDATA_DIR = /Users/carl.stanley/sites/UKCPA/ukcpa_flutter/build/ios/Pods.build/Release-iphonesimulator/ReachabilitySwift-ReachabilitySwift.build/Objects-normal/undefined_arch
               STRINGSDATA_ROOT = /Users/carl.stanley/sites/UKCPA/ukcpa_flutter/build/ios/Pods.build/Release-iphonesimulator/ReachabilitySwift-ReachabilitySwift.build
               STRINGS_FILE_INFOPLIST_RENAME = YES
               STRINGS_FILE_OUTPUT_ENCODING = binary
               STRIP_BITCODE_FROM_COPIED_FILES = NO
               STRIP_INSTALLED_PRODUCT = NO
               STRIP_STYLE = non-global
               STRIP_SWIFT_SYMBOLS = YES
               SUPPORTED_DEVICE_FAMILIES = 1,2
               SUPPORTED_PLATFORMS = iphoneos iphonesimulator
               SUPPORTS_TEXT_BASED_API = NO
               SUPPRESS_WARNINGS = NO
               SWIFT_COMPILATION_MODE = wholemodule
               SWIFT_EMIT_LOC_STRINGS = NO
               SWIFT_OPTIMIZATION_LEVEL = -O
               SWIFT_PLATFORM_TARGET_PREFIX = ios
               SWIFT_RESPONSE_FILE_PATH_normal_arm64 = /Users/carl.stanley/sites/UKCPA/ukcpa_flutter/build/ios/Pods.build/Release-iphonesimulator/ReachabilitySwift-ReachabilitySwift.build/Objects-normal/arm64/ReachabilitySwift.SwiftFileList
               SWIFT_RESPONSE_FILE_PATH_normal_x86_64 = /Users/carl.stanley/sites/UKCPA/ukcpa_flutter/build/ios/Pods.build/Release-iphonesimulator/ReachabilitySwift-ReachabilitySwift.build/Objects-normal/x86_64/ReachabilitySwift.SwiftFileList
               SWIFT_VERSION = 5.0
               SYMROOT = /Users/carl.stanley/sites/UKCPA/ukcpa_flutter/ios/build
               SYSTEM_ADMIN_APPS_DIR = /Applications/Utilities
               SYSTEM_APPS_DIR = /Applications
               SYSTEM_CORE_SERVICES_DIR = /System/Library/CoreServices
               SYSTEM_DEMOS_DIR = /Applications/Extras
               SYSTEM_DEVELOPER_APPS_DIR = /Applications/Xcode.app/Contents/Developer/Applications
               SYSTEM_DEVELOPER_BIN_DIR = /Applications/Xcode.app/Contents/Developer/usr/bin
               SYSTEM_DEVELOPER_DEMOS_DIR = /Applications/Xcode.app/Contents/Developer/Applications/Utilities/Built Examples
               SYSTEM_DEVELOPER_DIR = /Applications/Xcode.app/Contents/Developer
               SYSTEM_DEVELOPER_DOC_DIR = /Applications/Xcode.app/Contents/Developer/ADC Reference Library
               SYSTEM_DEVELOPER_GRAPHICS_TOOLS_DIR = /Applications/Xcode.app/Contents/Developer/Applications/Graphics Tools
               SYSTEM_DEVELOPER_JAVA_TOOLS_DIR = /Applications/Xcode.app/Contents/Developer/Applications/Java Tools
               SYSTEM_DEVELOPER_PERFORMANCE_TOOLS_DIR = /Applications/Xcode.app/Contents/Developer/Applications/Performance Tools
               SYSTEM_DEVELOPER_RELEASENOTES_DIR = /Applications/Xcode.app/Contents/Developer/ADC Reference Library/releasenotes
               SYSTEM_DEVELOPER_TOOLS = /Applications/Xcode.app/Contents/Developer/Tools
               SYSTEM_DEVELOPER_TOOLS_DOC_DIR = /Applications/Xcode.app/Contents/Developer/ADC Reference Library/documentation/DeveloperTools
               SYSTEM_DEVELOPER_TOOLS_RELEASENOTES_DIR = /Applications/Xcode.app/Contents/Developer/ADC Reference Library/releasenotes/DeveloperTools
               SYSTEM_DEVELOPER_USR_DIR = /Applications/Xcode.app/Contents/Developer/usr
               SYSTEM_DEVELOPER_UTILITIES_DIR = /Applications/Xcode.app/Contents/Developer/Applications/Utilities
               SYSTEM_DEXT_INSTALL_PATH = /System/Library/DriverExtensions
               SYSTEM_DOCUMENTATION_DIR = /Library/Documentation
               SYSTEM_EXTENSIONS_FOLDER_PATH = ReachabilitySwift.bundle/SystemExtensions
               SYSTEM_EXTENSIONS_FOLDER_PATH_SHALLOW_BUNDLE_NO = ReachabilitySwift.bundle/Library/SystemExtensions
               SYSTEM_EXTENSIONS_FOLDER_PATH_SHALLOW_BUNDLE_YES = ReachabilitySwift.bundle/SystemExtensions
               SYSTEM_KEXT_INSTALL_PATH = /System/Library/Extensions
               SYSTEM_LIBRARY_DIR = /System/Library
               TAPI_DEMANGLE = YES
               TAPI_ENABLE_PROJECT_HEADERS = NO
               TAPI_LANGUAGE = objective-c
               TAPI_LANGUAGE_STANDARD = compiler-default
               TAPI_USE_SRCROOT = YES
               TAPI_VERIFY_MODE = Pedantic
               TARGETED_DEVICE_FAMILY = 1,2
               TARGETNAME = ReachabilitySwift-ReachabilitySwift
               TARGET_BUILD_DIR = /Users/carl.stanley/sites/UKCPA/ukcpa_flutter/build/ios/Release-iphonesimulator/ReachabilitySwift
               TARGET_NAME = ReachabilitySwift-ReachabilitySwift
               TARGET_TEMP_DIR = /Users/carl.stanley/sites/UKCPA/ukcpa_flutter/build/ios/Pods.build/Release-iphonesimulator/ReachabilitySwift-ReachabilitySwift.build
               TEMP_DIR = /Users/carl.stanley/sites/UKCPA/ukcpa_flutter/build/ios/Pods.build/Release-iphonesimulator/ReachabilitySwift-ReachabilitySwift.build
               TEMP_FILES_DIR = /Users/carl.stanley/sites/UKCPA/ukcpa_flutter/build/ios/Pods.build/Release-iphonesimulator/ReachabilitySwift-ReachabilitySwift.build
               TEMP_FILE_DIR = /Users/carl.stanley/sites/UKCPA/ukcpa_flutter/build/ios/Pods.build/Release-iphonesimulator/ReachabilitySwift-ReachabilitySwift.build
               TEMP_ROOT = /Users/carl.stanley/sites/UKCPA/ukcpa_flutter/build/ios
               TEST_FRAMEWORK_SEARCH_PATHS =  /Applications/Xcode.app/Contents/Developer/Platforms/iPhoneSimulator.platform/Developer/Library/Frameworks /Applications/Xcode.app/Contents/Developer/Platforms/iPhoneSimulator.platform/Developer/SDKs/iPhoneSimulator18.0.sdk/Developer/Library/Frameworks
               TEST_LIBRARY_SEARCH_PATHS =  /Applications/Xcode.app/Contents/Developer/Platforms/iPhoneSimulator.platform/Developer/usr/lib
               TOOLCHAINS = com.apple.dt.toolchain.XcodeDefault
               TOOLCHAIN_DIR = /Applications/Xcode.app/Contents/Developer/Toolchains/XcodeDefault.xctoolchain
               TREAT_MISSING_BASELINES_AS_TEST_FAILURES = NO
               TREAT_MISSING_SCRIPT_PHASE_OUTPUTS_AS_ERRORS = NO
               UID = 502
               UNINSTALLED_PRODUCTS_DIR = /Users/carl.stanley/sites/UKCPA/ukcpa_flutter/build/ios/UninstalledProducts
               UNLOCALIZED_RESOURCES_FOLDER_PATH = ReachabilitySwift.bundle
               UNLOCALIZED_RESOURCES_FOLDER_PATH_SHALLOW_BUNDLE_NO = ReachabilitySwift.bundle/Resources
               UNLOCALIZED_RESOURCES_FOLDER_PATH_SHALLOW_BUNDLE_YES = ReachabilitySwift.bundle
               UNSTRIPPED_PRODUCT = NO
               USER = carl.stanley
               USER_APPS_DIR = /Users/carl.stanley/Applications
               USER_LIBRARY_DIR = /Users/carl.stanley/Library
               USE_DYNAMIC_NO_PIC = YES
               USE_HEADERMAP = YES
               USE_HEADER_SYMLINKS = NO
               USE_RECURSIVE_SCRIPT_INPUTS_IN_SCRIPT_PHASES = YES
               VALIDATE_DEVELOPMENT_ASSET_PATHS = YES_ERROR
               VALIDATE_PRODUCT = NO
               VALID_ARCHS = arm64 arm64e i386 x86_64
               VERBOSE_PBXCP = NO
               VERSIONPLIST_PATH = ReachabilitySwift.bundle/version.plist
               VERSION_INFO_BUILDER = carl.stanley
               VERSION_INFO_FILE = ReachabilitySwift_vers.c
               VERSION_INFO_STRING = "@(#)PROGRAM:ReachabilitySwift  PROJECT:Pods-"
               WORKSPACE_DIR = /Users/carl.stanley/sites/UKCPA/ukcpa_flutter/ios/Pods/Pods.xcodeproj
               WRAPPER_EXTENSION = bundle
               WRAPPER_NAME = ReachabilitySwift.bundle
               WRAPPER_SUFFIX = .bundle
               WRAP_ASSET_PACKS_IN_SEPARATE_DIRECTORIES = NO
               XCODE_APP_SUPPORT_DIR = /Applications/Xcode.app/Contents/Developer/Library/Xcode
               XCODE_PRODUCT_BUILD_VERSION = 16A242d
               XCODE_VERSION_ACTUAL = 1600
               XCODE_VERSION_MAJOR = 1600
               XCODE_VERSION_MINOR = 1600
               XPCSERVICES_FOLDER_PATH = ReachabilitySwift.bundle/XPCServices
               YACC = yacc
               _WRAPPER_CONTENTS_DIR_SHALLOW_BUNDLE_NO = /Contents
               _WRAPPER_PARENT_PATH_SHALLOW_BUNDLE_NO = /..
               _WRAPPER_RESOURCES_DIR_SHALLOW_BUNDLE_NO = /Resources
               arch = undefined_arch
               variant = normal

           Build settings for action build and target share_plus:
               ACTION = build
               AD_HOC_CODE_SIGNING_ALLOWED = YES
               ALLOW_BUILD_REQUEST_OVERRIDES = NO
               ALLOW_TARGET_PLATFORM_SPECIALIZATION = NO
               ALTERNATE_GROUP = staff
               ALTERNATE_MODE = u+w,go-w,a+rX
               ALTERNATE_OWNER = carl.stanley
               ALTERNATIVE_DISTRIBUTION_WEB = NO
               ALWAYS_EMBED_SWIFT_STANDARD_LIBRARIES = NO
               ALWAYS_SEARCH_USER_PATHS = NO
               ALWAYS_USE_SEPARATE_HEADERMAPS = NO
               APPLE_INTERNAL_DEVELOPER_DIR = /AppleInternal/Developer
               APPLE_INTERNAL_DIR = /AppleInternal
               APPLE_INTERNAL_DOCUMENTATION_DIR = /AppleInternal/Documentation
               APPLE_INTERNAL_LIBRARY_DIR = /AppleInternal/Library
               APPLE_INTERNAL_TOOLS = /AppleInternal/Developer/Tools
               APPLICATION_EXTENSION_API_ONLY = NO
               APPLY_RULES_IN_COPY_FILES = NO
               APPLY_RULES_IN_COPY_HEADERS = NO
               APP_SHORTCUTS_ENABLE_FLEXIBLE_MATCHING = YES
               ARCHS = arm64 x86_64
               ARCHS_STANDARD = arm64 x86_64
               ARCHS_STANDARD_32_64_BIT = arm64 i386 x86_64
               ARCHS_STANDARD_32_BIT = i386
               ARCHS_STANDARD_64_BIT = arm64 x86_64
               ARCHS_STANDARD_INCLUDING_64_BIT = arm64 x86_64
               ARCHS_UNIVERSAL_IPHONE_OS = arm64 i386 x86_64
               ASSETCATALOG_COMPILER_GENERATE_ASSET_SYMBOLS = YES
               AUTOMATICALLY_MERGE_DEPENDENCIES = NO
               AVAILABLE_PLATFORMS = appletvos appletvsimulator driverkit iphoneos iphonesimulator macosx watchos watchsimulator xros xrsimulator
               BITCODE_GENERATION_MODE = marker
               BUILD_ACTIVE_RESOURCES_ONLY = NO
               BUILD_COMPONENTS = headers build
               BUILD_DIR = /Users/carl.stanley/sites/UKCPA/ukcpa_flutter/build/ios
               BUILD_LIBRARY_FOR_DISTRIBUTION = NO
               BUILD_ROOT = /Users/carl.stanley/sites/UKCPA/ukcpa_flutter/ios/build
               BUILD_STYLE = 
               BUILD_VARIANTS = normal
               BUILT_PRODUCTS_DIR = /Users/carl.stanley/sites/UKCPA/ukcpa_flutter/build/ios/Release-iphonesimulator/share_plus
               BUNDLE_CONTENTS_FOLDER_PATH_deep = Contents/
               BUNDLE_EXECUTABLE_FOLDER_NAME_deep = MacOS
               BUNDLE_EXTENSIONS_FOLDER_PATH = Extensions
               BUNDLE_FORMAT = shallow
               BUNDLE_FRAMEWORKS_FOLDER_PATH = Frameworks
               BUNDLE_PLUGINS_FOLDER_PATH = PlugIns
               BUNDLE_PRIVATE_HEADERS_FOLDER_PATH = PrivateHeaders
               BUNDLE_PUBLIC_HEADERS_FOLDER_PATH = Headers
               CACHE_ROOT = /var/folders/20/skb3d8qx2hn9r9z8036y32g40000gp/C/com.apple.DeveloperTools/16.0-16A242d/Xcode
               CCHROOT = /var/folders/20/skb3d8qx2hn9r9z8036y32g40000gp/C/com.apple.DeveloperTools/16.0-16A242d/Xcode
               CHMOD = /bin/chmod
               CHOWN = /usr/sbin/chown
               CLANG_ANALYZER_LOCALIZABILITY_NONLOCALIZED = YES
               CLANG_ANALYZER_NONNULL = YES
               CLANG_ANALYZER_NUMBER_OBJECT_CONVERSION = YES_AGGRESSIVE
               CLANG_CACHE_FINE_GRAINED_OUTPUTS = YES
               CLANG_CXX_LANGUAGE_STANDARD = gnu++14
               CLANG_CXX_LIBRARY = libc++
               CLANG_ENABLE_EXPLICIT_MODULES = YES
               CLANG_ENABLE_MODULES = YES
               CLANG_ENABLE_OBJC_ARC = YES
               CLANG_ENABLE_OBJC_WEAK = NO
               CLANG_MODULES_BUILD_SESSION_FILE = /var/folders/20/skb3d8qx2hn9r9z8036y32g40000gp/C/org.llvm.clang/ModuleCache.noindex/Session.modulevalidation
               CLANG_WARN_BLOCK_CAPTURE_AUTORELEASING = YES
               CLANG_WARN_BOOL_CONVERSION = YES
               CLANG_WARN_COMMA = YES
               CLANG_WARN_CONSTANT_CONVERSION = YES
               CLANG_WARN_DEPRECATED_OBJC_IMPLEMENTATIONS = YES
               CLANG_WARN_DIRECT_OBJC_ISA_USAGE = YES_ERROR
               CLANG_WARN_DOCUMENTATION_COMMENTS = YES
               CLANG_WARN_EMPTY_BODY = YES
               CLANG_WARN_ENUM_CONVERSION = YES
               CLANG_WARN_INFINITE_RECURSION = YES
               CLANG_WARN_INT_CONVERSION = YES
               CLANG_WARN_NON_LITERAL_NULL_CONVERSION = YES
               CLANG_WARN_OBJC_IMPLICIT_RETAIN_SELF = YES
               CLANG_WARN_OBJC_LITERAL_CONVERSION = YES
               CLANG_WARN_OBJC_ROOT_CLASS = YES_ERROR
               CLANG_WARN_QUOTED_INCLUDE_IN_FRAMEWORK_HEADER = NO
               CLANG_WARN_RANGE_LOOP_ANALYSIS = YES
               CLANG_WARN_STRICT_PROTOTYPES = YES
               CLANG_WARN_SUSPICIOUS_MOVE = YES
               CLANG_WARN_UNGUARDED_AVAILABILITY = YES_AGGRESSIVE
               CLANG_WARN_UNREACHABLE_CODE = YES
               CLANG_WARN__DUPLICATE_METHOD_MATCH = YES
               CLASS_FILE_DIR = /Users/carl.stanley/sites/UKCPA/ukcpa_flutter/build/ios/Pods.build/Release-iphonesimulator/share_plus.build/JavaClasses
               CLEAN_PRECOMPS = YES
               CLONE_HEADERS = NO
               CODESIGNING_FOLDER_PATH = /Users/carl.stanley/sites/UKCPA/ukcpa_flutter/build/ios/Release-iphonesimulator/share_plus/share_plus.framework
               CODE_SIGNING_ALLOWED = YES
               CODE_SIGNING_REQUIRED = NO
               CODE_SIGNING_REQUIRES_TEAM = YES
               CODE_SIGN_CONTEXT_CLASS = XCiPhoneSimulatorCodeSignContext
               CODE_SIGN_IDENTITY = -
               CODE_SIGN_INJECT_BASE_ENTITLEMENTS = YES
               COLOR_DIAGNOSTICS = NO
               COMBINE_HIDPI_IMAGES = NO
               COMPILATION_CACHE_CAS_PATH = /var/folders/20/skb3d8qx2hn9r9z8036y32g40000gp/C/com.apple.DeveloperTools/16.0-16A242d/Xcode/CompilationCache.noindex
               COMPILATION_CACHE_KEEP_CAS_DIRECTORY = YES
               COMPILER_INDEX_STORE_ENABLE = Default
               COMPOSITE_SDK_DIRS = /Users/carl.stanley/sites/UKCPA/ukcpa_flutter/build/ios/CompositeSDKs
               COMPRESS_PNG_FILES = YES
               CONFIGURATION = Release
               CONFIGURATION_BUILD_DIR = /Users/carl.stanley/sites/UKCPA/ukcpa_flutter/build/ios/Release-iphonesimulator/share_plus
               CONFIGURATION_TEMP_DIR = /Users/carl.stanley/sites/UKCPA/ukcpa_flutter/build/ios/Pods.build/Release-iphonesimulator
               CONTENTS_FOLDER_PATH = share_plus.framework
               CONTENTS_FOLDER_PATH_SHALLOW_BUNDLE_NO = share_plus.framework/A
               CONTENTS_FOLDER_PATH_SHALLOW_BUNDLE_YES = share_plus.framework
               COPYING_PRESERVES_HFS_DATA = NO
               COPY_HEADERS_RUN_UNIFDEF = NO
               COPY_PHASE_STRIP = NO
               CORRESPONDING_DEVICE_PLATFORM_DIR = /Applications/Xcode.app/Contents/Developer/Platforms/iPhoneOS.platform
               CORRESPONDING_DEVICE_PLATFORM_NAME = iphoneos
               CORRESPONDING_DEVICE_SDK_DIR = /Applications/Xcode.app/Contents/Developer/Platforms/iPhoneOS.platform/Developer/SDKs/iPhoneOS18.0.sdk
               CORRESPONDING_DEVICE_SDK_NAME = iphoneos18.0
               CP = /bin/cp
               CREATE_INFOPLIST_SECTION_IN_BINARY = NO
               CURRENT_ARCH = undefined_arch
               CURRENT_PROJECT_VERSION = 1
               CURRENT_VARIANT = normal
               CURRENT_VERSION = Current
               DEAD_CODE_STRIPPING = YES
               DEBUGGING_SYMBOLS = YES
               DEBUG_INFORMATION_FORMAT = dwarf-with-dsym
               DEBUG_INFORMATION_VERSION = compiler-default
               DEFAULT_COMPILER = com.apple.compilers.llvm.clang.1_0
               DEFAULT_DEXT_INSTALL_PATH = /System/Library/DriverExtensions
               DEFAULT_KEXT_INSTALL_PATH = /System/Library/Extensions
               DEFINES_MODULE = YES
               DEPLOYMENT_LOCATION = NO
               DEPLOYMENT_POSTPROCESSING = NO
               DEPLOYMENT_TARGET_SETTING_NAME = IPHONEOS_DEPLOYMENT_TARGET
               DEPLOYMENT_TARGET_SUGGESTED_VALUES = 12.0 12.1 12.2 12.3 12.4 13.0 13.1 13.2 13.3 13.4 13.5 13.6 14.0 14.1 14.2 14.3 14.4 14.5 14.6 14.7 15.0 15.1 15.2 15.3 15.4 15.5 15.6 16.0 16.1 16.2 16.3 16.4 16.5 16.6 17.0 17.1 17.2 17.3 17.4 17.5 17.6 18.0
               DERIVED_FILES_DIR = /Users/carl.stanley/sites/UKCPA/ukcpa_flutter/build/ios/Pods.build/Release-iphonesimulator/share_plus.build/DerivedSources
               DERIVED_FILE_DIR = /Users/carl.stanley/sites/UKCPA/ukcpa_flutter/build/ios/Pods.build/Release-iphonesimulator/share_plus.build/DerivedSources
               DERIVED_SOURCES_DIR = /Users/carl.stanley/sites/UKCPA/ukcpa_flutter/build/ios/Pods.build/Release-iphonesimulator/share_plus.build/DerivedSources
               DEVELOPER_APPLICATIONS_DIR = /Applications/Xcode.app/Contents/Developer/Applications
               DEVELOPER_BIN_DIR = /Applications/Xcode.app/Contents/Developer/usr/bin
               DEVELOPER_DIR = /Applications/Xcode.app/Contents/Developer
               DEVELOPER_FRAMEWORKS_DIR = /Applications/Xcode.app/Contents/Developer/Library/Frameworks
               DEVELOPER_FRAMEWORKS_DIR_QUOTED = /Applications/Xcode.app/Contents/Developer/Library/Frameworks
               DEVELOPER_LIBRARY_DIR = /Applications/Xcode.app/Contents/Developer/Library
               DEVELOPER_SDK_DIR = /Applications/Xcode.app/Contents/Developer/Platforms/MacOSX.platform/Developer/SDKs
               DEVELOPER_TOOLS_DIR = /Applications/Xcode.app/Contents/Developer/Tools
               DEVELOPER_USR_DIR = /Applications/Xcode.app/Contents/Developer/usr
               DEVELOPMENT_LANGUAGE = en
               DIFF = /usr/bin/diff
               DOCUMENTATION_FOLDER_PATH = share_plus.framework/en.lproj/Documentation
               DONT_GENERATE_INFOPLIST_FILE = NO
               DSTROOT = /tmp/Pods.dst
               DT_TOOLCHAIN_DIR = /Applications/Xcode.app/Contents/Developer/Toolchains/XcodeDefault.xctoolchain
               DWARF_DSYM_FILE_NAME = share_plus.framework.dSYM
               DWARF_DSYM_FILE_SHOULD_ACCOMPANY_PRODUCT = NO
               DWARF_DSYM_FOLDER_PATH = /Users/carl.stanley/sites/UKCPA/ukcpa_flutter/build/ios/Release-iphonesimulator/share_plus
               DYLIB_COMPATIBILITY_VERSION = 1
               DYLIB_CURRENT_VERSION = 1
               DYLIB_INSTALL_NAME_BASE = @rpath
               DYNAMIC_LIBRARY_EXTENSION = dylib
               EAGER_COMPILATION_ALLOW_SCRIPTS = NO
               EAGER_LINKING = NO
               EFFECTIVE_PLATFORM_NAME = -iphonesimulator
               EMBEDDED_CONTENT_CONTAINS_SWIFT = NO
               EMBED_ASSET_PACKS_IN_PRODUCT_BUNDLE = NO
               ENABLE_APP_SANDBOX = NO
               ENABLE_BITCODE = NO
               ENABLE_CODE_COVERAGE = YES
               ENABLE_DEFAULT_HEADER_SEARCH_PATHS = YES
               ENABLE_DEFAULT_SEARCH_PATHS = YES
               ENABLE_HARDENED_RUNTIME = NO
               ENABLE_HEADER_DEPENDENCIES = YES
               ENABLE_MODULE_VERIFIER = NO
               ENABLE_NS_ASSERTIONS = NO
               ENABLE_ON_DEMAND_RESOURCES = NO
               ENABLE_STRICT_OBJC_MSGSEND = YES
               ENABLE_TESTABILITY = NO
               ENABLE_TESTING_SEARCH_PATHS = NO
               ENABLE_USER_SCRIPT_SANDBOXING = NO
               ENTITLEMENTS_DESTINATION = __entitlements
               ENTITLEMENTS_REQUIRED = NO
               EXCLUDED_ARCHS =  i386
               EXCLUDED_INSTALLSRC_SUBDIRECTORY_PATTERNS = .DS_Store .svn .git .hg CVS
               EXCLUDED_RECURSIVE_SEARCH_PATH_SUBDIRECTORIES = *.nib *.lproj *.framework *.gch *.xcode* *.xcassets (*) .DS_Store CVS .svn .git .hg *.pbproj *.pbxproj
               EXECUTABLES_FOLDER_PATH = share_plus.framework/en.lproj
               EXECUTABLE_FOLDER_PATH = share_plus.framework
               EXECUTABLE_FOLDER_PATH_SHALLOW_BUNDLE_NO = share_plus.framework
               EXECUTABLE_FOLDER_PATH_SHALLOW_BUNDLE_YES = share_plus.framework
               EXECUTABLE_NAME = share_plus
               EXECUTABLE_PATH = share_plus.framework/share_plus
               EXTENSIONS_FOLDER_PATH = share_plus.framework/Extensions
               FILE_LIST = /Users/carl.stanley/sites/UKCPA/ukcpa_flutter/build/ios/Pods.build/Release-iphonesimulator/share_plus.build/Objects/LinkFileList
               FIXED_FILES_DIR = /Users/carl.stanley/sites/UKCPA/ukcpa_flutter/build/ios/Pods.build/Release-iphonesimulator/share_plus.build/FixedFiles
               FRAMEWORKS_FOLDER_PATH = share_plus.framework/Frameworks
               FRAMEWORK_FLAG_PREFIX = -framework
               FRAMEWORK_SEARCH_PATHS = /Users/carl.stanley/sites/UKCPA/ukcpa_flutter/build/ios/Release-iphonesimulator/share_plus "/Users/carl.stanley/development/flutter/bin/cache/artifacts/engine/ios-release/Flutter.xcframework/ios-arm64_x86_64-simulator" 
               FRAMEWORK_VERSION = A
               FULL_PRODUCT_NAME = share_plus.framework
               FUSE_BUILD_PHASES = YES
               FUSE_BUILD_SCRIPT_PHASES = NO
               GCC3_VERSION = 3.3
               GCC_C_LANGUAGE_STANDARD = gnu11
               GCC_INLINES_ARE_PRIVATE_EXTERN = YES
               GCC_NO_COMMON_BLOCKS = YES
               GCC_OBJC_LEGACY_DISPATCH = YES
               GCC_PFE_FILE_C_DIALECTS = c objective-c c++ objective-c++
               GCC_PREFIX_HEADER = Target Support Files/share_plus/share_plus-prefix.pch
               GCC_PREPROCESSOR_DEFINITIONS = POD_CONFIGURATION_RELEASE=1  COCOAPODS=1
               GCC_TREAT_WARNINGS_AS_ERRORS = NO
               GCC_VERSION = com.apple.compilers.llvm.clang.1_0
               GCC_VERSION_IDENTIFIER = com_apple_compilers_llvm_clang_1_0
               GCC_WARN_64_TO_32_BIT_CONVERSION = YES
               GCC_WARN_ABOUT_RETURN_TYPE = YES_ERROR
               GCC_WARN_UNDECLARED_SELECTOR = YES
               GCC_WARN_UNINITIALIZED_AUTOS = YES_AGGRESSIVE
               GCC_WARN_UNUSED_FUNCTION = YES
               GCC_WARN_UNUSED_VARIABLE = YES
               GENERATED_MODULEMAP_DIR = /Users/carl.stanley/sites/UKCPA/ukcpa_flutter/build/ios/GeneratedModuleMaps-iphonesimulator
               GENERATE_INFOPLIST_FILE = NO
               GENERATE_INTERMEDIATE_TEXT_BASED_STUBS = YES
               GENERATE_MASTER_OBJECT_FILE = NO
               GENERATE_PKGINFO_FILE = NO
               GENERATE_PROFILING_CODE = NO
               GENERATE_TEXT_BASED_STUBS = NO
               GID = 20
               GROUP = staff
               HEADERMAP_INCLUDES_FLAT_ENTRIES_FOR_TARGET_BEING_BUILT = YES
               HEADERMAP_INCLUDES_FRAMEWORK_ENTRIES_FOR_ALL_PRODUCT_TYPES = YES
               HEADERMAP_INCLUDES_FRAMEWORK_ENTRIES_FOR_TARGETS_NOT_BEING_BUILT = YES
               HEADERMAP_INCLUDES_NONPUBLIC_NONPRIVATE_HEADERS = YES
               HEADERMAP_INCLUDES_PROJECT_HEADERS = YES
               HEADERMAP_USES_FRAMEWORK_PREFIX_ENTRIES = YES
               HEADERMAP_USES_VFS = YES
               HEADER_SEARCH_PATHS = /Users/carl.stanley/sites/UKCPA/ukcpa_flutter/build/ios/Release-iphonesimulator/share_plus/include 
               HIDE_BITCODE_SYMBOLS = YES
               HOME = /Users/carl.stanley
               HOST_ARCH = arm64
               HOST_PLATFORM = macosx
               ICONV = /usr/bin/iconv
               IMPLICIT_DEPENDENCY_DOMAIN = default
               INFOPLIST_ENABLE_CFBUNDLEICONS_MERGE = YES
               INFOPLIST_EXPAND_BUILD_SETTINGS = YES
               INFOPLIST_FILE = Target Support Files/share_plus/share_plus-Info.plist
               INFOPLIST_OUTPUT_FORMAT = binary
               INFOPLIST_PATH = share_plus.framework/Info.plist
               INFOPLIST_PREPROCESS = NO
               INFOSTRINGS_PATH = share_plus.framework/en.lproj/InfoPlist.strings
               INLINE_PRIVATE_FRAMEWORKS = NO
               INSTALLHDRS_COPY_PHASE = NO
               INSTALLHDRS_SCRIPT_PHASE = NO
               INSTALL_DIR = /tmp/Pods.dst/Library/Frameworks
               INSTALL_GROUP = staff
               INSTALL_MODE_FLAG = u+w,go-w,a+rX
               INSTALL_OWNER = carl.stanley
               INSTALL_PATH = /Library/Frameworks
               INSTALL_ROOT = /tmp/Pods.dst
               IPHONEOS_DEPLOYMENT_TARGET = 13.0
               IS_UNOPTIMIZED_BUILD = NO
               JAVAC_DEFAULT_FLAGS = -J-Xms64m -J-XX:NewSize=4M -J-Dfile.encoding=UTF8
               JAVA_APP_STUB = /System/Library/Frameworks/JavaVM.framework/Resources/MacOS/JavaApplicationStub
               JAVA_ARCHIVE_CLASSES = YES
               JAVA_ARCHIVE_TYPE = JAR
               JAVA_COMPILER = /usr/bin/javac
               JAVA_FOLDER_PATH = share_plus.framework/Java
               JAVA_FRAMEWORK_RESOURCES_DIRS = Resources
               JAVA_JAR_FLAGS = cv
               JAVA_SOURCE_SUBDIR = .
               JAVA_USE_DEPENDENCIES = YES
               JAVA_ZIP_FLAGS = -urg
               JIKES_DEFAULT_FLAGS = +E +OLDCSO
               KEEP_PRIVATE_EXTERNS = NO
               LD_DEPENDENCY_INFO_FILE = /Users/carl.stanley/sites/UKCPA/ukcpa_flutter/build/ios/Pods.build/Release-iphonesimulator/share_plus.build/Objects-normal/undefined_arch/share_plus_dependency_info.dat
               LD_DYLIB_INSTALL_NAME = @rpath/share_plus.framework/share_plus
               LD_EXPORT_SYMBOLS = YES
               LD_GENERATE_MAP_FILE = NO
               LD_MAP_FILE_PATH = /Users/carl.stanley/sites/UKCPA/ukcpa_flutter/build/ios/Pods.build/Release-iphonesimulator/share_plus.build/share_plus-LinkMap-normal-undefined_arch.txt
               LD_NO_PIE = NO
               LD_QUOTE_LINKER_ARGUMENTS_FOR_COMPILER_DRIVER = YES
               LD_RUNPATH_SEARCH_PATHS =  @executable_path/Frameworks @loader_path/Frameworks
               LD_SHARED_CACHE_ELIGIBLE = Automatic
               LD_WARN_DUPLICATE_LIBRARIES = NO
               LD_WARN_UNUSED_DYLIBS = NO
               LEGACY_DEVELOPER_DIR = /Applications/Xcode.app/Contents/PlugIns/Xcode3Core.ideplugin/Contents/SharedSupport/Developer
               LEX = lex
               LIBRARY_DEXT_INSTALL_PATH = /Library/DriverExtensions
               LIBRARY_FLAG_NOSPACE = YES
               LIBRARY_FLAG_PREFIX = -l
               LIBRARY_KEXT_INSTALL_PATH = /Library/Extensions
               LIBRARY_SEARCH_PATHS = /Users/carl.stanley/sites/UKCPA/ukcpa_flutter/build/ios/Release-iphonesimulator/share_plus 
               LINKER_DISPLAYS_MANGLED_NAMES = NO
               LINK_FILE_LIST_normal_arm64 = /Users/carl.stanley/sites/UKCPA/ukcpa_flutter/build/ios/Pods.build/Release-iphonesimulator/share_plus.build/Objects-normal/arm64/share_plus.LinkFileList
               LINK_FILE_LIST_normal_x86_64 = /Users/carl.stanley/sites/UKCPA/ukcpa_flutter/build/ios/Pods.build/Release-iphonesimulator/share_plus.build/Objects-normal/x86_64/share_plus.LinkFileList
               LINK_OBJC_RUNTIME = YES
               LINK_WITH_STANDARD_LIBRARIES = YES
               LLVM_TARGET_TRIPLE_OS_VERSION = ios13.0
               LLVM_TARGET_TRIPLE_SUFFIX = -simulator
               LLVM_TARGET_TRIPLE_VENDOR = apple
               LM_AUX_CONST_METADATA_LIST_PATH_normal_arm64 = /Users/carl.stanley/sites/UKCPA/ukcpa_flutter/build/ios/Pods.build/Release-iphonesimulator/share_plus.build/Objects-normal/arm64/share_plus.SwiftConstValuesFileList
               LM_AUX_CONST_METADATA_LIST_PATH_normal_x86_64 = /Users/carl.stanley/sites/UKCPA/ukcpa_flutter/build/ios/Pods.build/Release-iphonesimulator/share_plus.build/Objects-normal/x86_64/share_plus.SwiftConstValuesFileList
               LOCALIZATION_EXPORT_SUPPORTED = YES
               LOCALIZATION_PREFERS_STRING_CATALOGS = NO
               LOCALIZED_RESOURCES_FOLDER_PATH = share_plus.framework/en.lproj
               LOCALIZED_STRING_MACRO_NAMES = NSLocalizedString CFCopyLocalizedString
               LOCALIZED_STRING_SWIFTUI_SUPPORT = YES
               LOCAL_ADMIN_APPS_DIR = /Applications/Utilities
               LOCAL_APPS_DIR = /Applications
               LOCAL_DEVELOPER_DIR = /Library/Developer
               LOCAL_LIBRARY_DIR = /Library
               LOCROOT = /Users/carl.stanley/sites/UKCPA/ukcpa_flutter/ios/Pods
               LOCSYMROOT = /Users/carl.stanley/sites/UKCPA/ukcpa_flutter/ios/Pods
               MACH_O_TYPE = mh_dylib
               MAC_OS_X_PRODUCT_BUILD_VERSION = 24G84
               MAC_OS_X_VERSION_ACTUAL = 150600
               MAC_OS_X_VERSION_MAJOR = 150000
               MAC_OS_X_VERSION_MINOR = 150600
               MAKE_MERGEABLE = NO
               MERGEABLE_LIBRARY = NO
               MERGED_BINARY_TYPE = none
               MERGE_LINKED_LIBRARIES = NO
               METAL_LIBRARY_FILE_BASE = default
               METAL_LIBRARY_OUTPUT_DIR = /Users/carl.stanley/sites/UKCPA/ukcpa_flutter/build/ios/Release-iphonesimulator/share_plus/share_plus.framework
               MODULEMAP_FILE = Target Support Files/share_plus/share_plus.modulemap
               MODULES_FOLDER_PATH = share_plus.framework/Modules
               MTL_ENABLE_DEBUG_INFO = NO
               MTL_FAST_MATH = YES
               NATIVE_ARCH = arm64
               NATIVE_ARCH_32_BIT = arm
               NATIVE_ARCH_64_BIT = arm64
               NATIVE_ARCH_ACTUAL = arm64
               NO_COMMON = YES
               OBJC_ABI_VERSION = 2
               OBJECT_FILE_DIR = /Users/carl.stanley/sites/UKCPA/ukcpa_flutter/build/ios/Pods.build/Release-iphonesimulator/share_plus.build/Objects
               OBJECT_FILE_DIR_normal = /Users/carl.stanley/sites/UKCPA/ukcpa_flutter/build/ios/Pods.build/Release-iphonesimulator/share_plus.build/Objects-normal
               OBJROOT = /Users/carl.stanley/sites/UKCPA/ukcpa_flutter/build/ios
               ONLY_ACTIVE_ARCH = NO
               OS = MACOS
               OSAC = /usr/bin/osacompile
               OTHER_LDFLAGS =  -weak_framework "LinkPresentation" -framework Flutter
               PACKAGE_TYPE = com.apple.package-type.wrapper.framework
               PASCAL_STRINGS = YES
               PATH = /Applications/Xcode.app/Contents/SharedFrameworks/XCBuild.framework/Versions/A/PlugIns/XCBBuildService.bundle/Contents/PlugIns/XCBSpecifications.ideplugin/Contents/Resources:/Applications/Xcode.app/Contents/SharedFrameworks/XCBuild.framework/Versions/A/PlugIns/XCBBuildService.bundle/Contents/PlugIns/XCBSpecifications.ideplugin:/Applications/Xcode.app/Contents/Developer/Toolchains/XcodeDefault.xctoolchain/usr/bin:/Applications/Xcode.app/Contents/Developer/Toolchains/XcodeDefault.xctoolchain/usr/appleinternal/bin:/Applications/Xcode.app/Contents/Developer/Toolchains/XcodeDefault.xctoolchain/usr/local/bin:/Applications/Xcode.app/Contents/Developer/Toolchains/XcodeDefault.xctoolchain/usr/libexec:/Applications/Xcode.app/Contents/Developer/Platforms/iPhoneSimulator.platform/usr/bin:/Applications/Xcode.app/Contents/Developer/Platforms/iPhoneSimulator.platform/usr/appleinternal/bin:/Applications/Xcode.app/Contents/Developer/Platforms/iPhoneSimulator.platform/usr/local/bin:/Applications/Xcode.app/Contents/Developer/Platforms/iPhoneSimulator.platform/Developer/usr/bin:/Applications/Xcode.app/Contents/Developer/Platforms/iPhoneSimulator.platform/Developer/usr/local/bin:/Applications/Xcode.app/Contents/Developer/usr/bin:/Applications/Xcode.app/Contents/Developer/usr/local/bin:/opt/homebrew/Cellar/pyenv-virtualenv/1.2.4/shims:/Users/carl.stanley/.pyenv/shims:/Users/carl.stanley/.pyenv/bin:/Users/carl.stanley/.nvm/versions/node/v18.17.0/bin:/Users/carl.stanley/development/flutter/bin:/opt/homebrew/bin:/opt/homebrew/sbin:/Users/carl.stanley/.local/bin:/usr/local/bin:/System/Cryptexes/App/usr/bin:/usr/bin:/bin:/usr/sbin:/sbin:/var/run/com.apple.security.cryptexd/codex.system/bootstrap/usr/local/bin:/var/run/com.apple.security.cryptexd/codex.system/bootstrap/usr/bin:/var/run/com.apple.security.cryptexd/codex.system/bootstrap/usr/appleinternal/bin:/Library/Apple/usr/bin:/usr/local/sbin:/usr/local/go/bin:/Users/carl.stanley/.pub-cache/bin
               PATH_PREFIXES_EXCLUDED_FROM_HEADER_DEPENDENCIES = /usr/include /usr/local/include /System/Library/Frameworks /System/Library/PrivateFrameworks /Applications/Xcode.app/Contents/Developer/Headers /Applications/Xcode.app/Contents/Developer/SDKs /Applications/Xcode.app/Contents/Developer/Platforms
               PBDEVELOPMENTPLIST_PATH = share_plus.framework/pbdevelopment.plist
               PER_ARCH_OBJECT_FILE_DIR = /Users/carl.stanley/sites/UKCPA/ukcpa_flutter/build/ios/Pods.build/Release-iphonesimulator/share_plus.build/Objects-normal/undefined_arch
               PER_VARIANT_OBJECT_FILE_DIR = /Users/carl.stanley/sites/UKCPA/ukcpa_flutter/build/ios/Pods.build/Release-iphonesimulator/share_plus.build/Objects-normal
               PKGINFO_FILE_PATH = /Users/carl.stanley/sites/UKCPA/ukcpa_flutter/build/ios/Pods.build/Release-iphonesimulator/share_plus.build/PkgInfo
               PKGINFO_PATH = share_plus.framework/PkgInfo
               PLATFORM_DEVELOPER_APPLICATIONS_DIR = /Applications/Xcode.app/Contents/Developer/Platforms/iPhoneSimulator.platform/Developer/Applications
               PLATFORM_DEVELOPER_BIN_DIR = /Applications/Xcode.app/Contents/Developer/Platforms/iPhoneSimulator.platform/Developer/usr/bin
               PLATFORM_DEVELOPER_LIBRARY_DIR = /Applications/Xcode.app/Contents/Developer/Platforms/iPhoneSimulator.platform/Developer/Library
               PLATFORM_DEVELOPER_SDK_DIR = /Applications/Xcode.app/Contents/Developer/Platforms/iPhoneSimulator.platform/Developer/SDKs
               PLATFORM_DEVELOPER_TOOLS_DIR = /Applications/Xcode.app/Contents/Developer/Platforms/iPhoneSimulator.platform/Developer/Tools
               PLATFORM_DEVELOPER_USR_DIR = /Applications/Xcode.app/Contents/Developer/Platforms/iPhoneSimulator.platform/Developer/usr
               PLATFORM_DIR = /Applications/Xcode.app/Contents/Developer/Platforms/iPhoneSimulator.platform
               PLATFORM_DISPLAY_NAME = iOS Simulator
               PLATFORM_FAMILY_NAME = iOS
               PLATFORM_NAME = iphonesimulator
               PLATFORM_PREFERRED_ARCH = x86_64
               PLATFORM_PRODUCT_BUILD_VERSION = 22A3362
               PLIST_FILE_OUTPUT_FORMAT = binary
               PLUGINS_FOLDER_PATH = share_plus.framework/PlugIns
               PODS_BUILD_DIR = /Users/carl.stanley/sites/UKCPA/ukcpa_flutter/build/ios
               PODS_CONFIGURATION_BUILD_DIR = /Users/carl.stanley/sites/UKCPA/ukcpa_flutter/build/ios/Release-iphonesimulator
               PODS_DEVELOPMENT_LANGUAGE = en
               PODS_ROOT = /Users/carl.stanley/sites/UKCPA/ukcpa_flutter/ios/Pods
               PODS_TARGET_SRCROOT = /Users/carl.stanley/sites/UKCPA/ukcpa_flutter/ios/Pods/../.symlinks/plugins/share_plus/ios
               PODS_XCFRAMEWORKS_BUILD_DIR = /Users/carl.stanley/sites/UKCPA/ukcpa_flutter/build/ios/Release-iphonesimulator/XCFrameworkIntermediates
               PRECOMPS_INCLUDE_HEADERS_FROM_BUILT_PRODUCTS_DIR = YES
               PRECOMP_DESTINATION_DIR = /Users/carl.stanley/sites/UKCPA/ukcpa_flutter/build/ios/Pods.build/Release-iphonesimulator/share_plus.build/PrefixHeaders
               PRIVATE_HEADERS_FOLDER_PATH = share_plus.framework/PrivateHeaders
               PROCESSED_INFOPLIST_PATH = /Users/carl.stanley/sites/UKCPA/ukcpa_flutter/build/ios/Pods.build/Release-iphonesimulator/share_plus.build/Objects-normal/undefined_arch/Processed-Info.plist
               PRODUCT_BUNDLE_IDENTIFIER = org.cocoapods.share-plus
               PRODUCT_BUNDLE_PACKAGE_TYPE = FMWK
               PRODUCT_MODULE_NAME = share_plus
               PRODUCT_NAME = share_plus
               PRODUCT_SETTINGS_PATH = /Users/carl.stanley/sites/UKCPA/ukcpa_flutter/ios/Pods/Target Support Files/share_plus/share_plus-Info.plist
               PRODUCT_TYPE = com.apple.product-type.framework
               PROFILING_CODE = NO
               PROJECT = Pods
               PROJECT_DERIVED_FILE_DIR = /Users/carl.stanley/sites/UKCPA/ukcpa_flutter/build/ios/Pods.build/DerivedSources
               PROJECT_DIR = /Users/carl.stanley/sites/UKCPA/ukcpa_flutter/ios/Pods
               PROJECT_FILE_PATH = /Users/carl.stanley/sites/UKCPA/ukcpa_flutter/ios/Pods/Pods.xcodeproj
               PROJECT_GUID = bfdfe7dc352907fc980b868725387e98
               PROJECT_NAME = Pods
               PROJECT_TEMP_DIR = /Users/carl.stanley/sites/UKCPA/ukcpa_flutter/build/ios/Pods.build
               PROJECT_TEMP_ROOT = /Users/carl.stanley/sites/UKCPA/ukcpa_flutter/build/ios
               PUBLIC_HEADERS_FOLDER_PATH = share_plus.framework/Headers
               RECOMMENDED_IPHONEOS_DEPLOYMENT_TARGET = 15.0
               RECURSIVE_SEARCH_PATHS_FOLLOW_SYMLINKS = YES
               REMOVE_CVS_FROM_RESOURCES = YES
               REMOVE_GIT_FROM_RESOURCES = YES
               REMOVE_HEADERS_FROM_EMBEDDED_BUNDLES = YES
               REMOVE_HG_FROM_RESOURCES = YES
               REMOVE_STATIC_EXECUTABLES_FROM_EMBEDDED_BUNDLES = YES
               REMOVE_SVN_FROM_RESOURCES = YES
               RESCHEDULE_INDEPENDENT_HEADERS_PHASES = YES
               REZ_COLLECTOR_DIR = /Users/carl.stanley/sites/UKCPA/ukcpa_flutter/build/ios/Pods.build/Release-iphonesimulator/share_plus.build/ResourceManagerResources
               REZ_OBJECTS_DIR = /Users/carl.stanley/sites/UKCPA/ukcpa_flutter/build/ios/Pods.build/Release-iphonesimulator/share_plus.build/ResourceManagerResources/Objects
               REZ_SEARCH_PATHS = /Users/carl.stanley/sites/UKCPA/ukcpa_flutter/build/ios/Release-iphonesimulator/share_plus 
               SCAN_ALL_SOURCE_FILES_FOR_INCLUDES = NO
               SCRIPTS_FOLDER_PATH = share_plus.framework/Scripts
               SDKROOT = /Applications/Xcode.app/Contents/Developer/Platforms/iPhoneSimulator.platform/Developer/SDKs/iPhoneSimulator18.0.sdk
               SDK_DIR = /Applications/Xcode.app/Contents/Developer/Platforms/iPhoneSimulator.platform/Developer/SDKs/iPhoneSimulator18.0.sdk
               SDK_DIR_iphonesimulator = /Applications/Xcode.app/Contents/Developer/Platforms/iPhoneSimulator.platform/Developer/SDKs/iPhoneSimulator18.0.sdk
               SDK_DIR_iphonesimulator18_0 = /Applications/Xcode.app/Contents/Developer/Platforms/iPhoneSimulator.platform/Developer/SDKs/iPhoneSimulator18.0.sdk
               SDK_NAME = iphonesimulator18.0
               SDK_NAMES = iphonesimulator18.0
               SDK_PRODUCT_BUILD_VERSION = 22A3362
               SDK_STAT_CACHE_DIR = /var/folders/20/skb3d8qx2hn9r9z8036y32g40000gp/C/com.apple.DeveloperTools/16.0-16A242d/Xcode
               SDK_STAT_CACHE_ENABLE = YES
               SDK_STAT_CACHE_PATH = /var/folders/20/skb3d8qx2hn9r9z8036y32g40000gp/C/com.apple.DeveloperTools/16.0-16A242d/Xcode/SDKStatCaches.noindex/iphonesimulator18.0-22A3362-db63dc9361471f152f572502bdbfe70a.sdkstatcache
               SDK_VERSION = 18.0
               SDK_VERSION_ACTUAL = 180000
               SDK_VERSION_MAJOR = 180000
               SDK_VERSION_MINOR = 180000
               SED = /usr/bin/sed
               SEPARATE_STRIP = NO
               SEPARATE_SYMBOL_EDIT = NO
               SET_DIR_MODE_OWNER_GROUP = YES
               SET_FILE_MODE_OWNER_GROUP = NO
               SHALLOW_BUNDLE = YES
               SHALLOW_BUNDLE_TRIPLE = ios-simulator
               SHALLOW_BUNDLE_ios_macabi = NO
               SHALLOW_BUNDLE_macos = NO
               SHARED_DERIVED_FILE_DIR = /Users/carl.stanley/sites/UKCPA/ukcpa_flutter/build/ios/Release-iphonesimulator/share_plus/DerivedSources
               SHARED_FRAMEWORKS_FOLDER_PATH = share_plus.framework/SharedFrameworks
               SHARED_PRECOMPS_DIR = /Users/carl.stanley/sites/UKCPA/ukcpa_flutter/build/ios/SharedPrecompiledHeaders
               SHARED_SUPPORT_FOLDER_PATH = share_plus.framework
               SKIP_INSTALL = YES
               SOURCE_ROOT = /Users/carl.stanley/sites/UKCPA/ukcpa_flutter/ios/Pods
               SRCROOT = /Users/carl.stanley/sites/UKCPA/ukcpa_flutter/ios/Pods
               STRINGSDATA_DIR = /Users/carl.stanley/sites/UKCPA/ukcpa_flutter/build/ios/Pods.build/Release-iphonesimulator/share_plus.build/Objects-normal/undefined_arch
               STRINGSDATA_ROOT = /Users/carl.stanley/sites/UKCPA/ukcpa_flutter/build/ios/Pods.build/Release-iphonesimulator/share_plus.build
               STRINGS_FILE_INFOPLIST_RENAME = YES
               STRINGS_FILE_OUTPUT_ENCODING = binary
               STRIP_BITCODE_FROM_COPIED_FILES = NO
               STRIP_INSTALLED_PRODUCT = NO
               STRIP_STYLE = debugging
               STRIP_SWIFT_SYMBOLS = YES
               SUPPORTED_DEVICE_FAMILIES = 1,2
               SUPPORTED_PLATFORMS = iphoneos iphonesimulator
               SUPPORTS_TEXT_BASED_API = NO
               SUPPRESS_WARNINGS = NO
               SWIFT_ACTIVE_COMPILATION_CONDITIONS =  
               SWIFT_COMPILATION_MODE = wholemodule
               SWIFT_EMIT_LOC_STRINGS = NO
               SWIFT_INSTALL_MODULE_FOR_DEPLOYMENT = YES
               SWIFT_INSTALL_OBJC_HEADER = YES
               SWIFT_OPTIMIZATION_LEVEL = -O
               SWIFT_PLATFORM_TARGET_PREFIX = ios
               SWIFT_RESPONSE_FILE_PATH_normal_arm64 = /Users/carl.stanley/sites/UKCPA/ukcpa_flutter/build/ios/Pods.build/Release-iphonesimulator/share_plus.build/Objects-normal/arm64/share_plus.SwiftFileList
               SWIFT_RESPONSE_FILE_PATH_normal_x86_64 = /Users/carl.stanley/sites/UKCPA/ukcpa_flutter/build/ios/Pods.build/Release-iphonesimulator/share_plus.build/Objects-normal/x86_64/share_plus.SwiftFileList
               SWIFT_VERSION = 5.0
               SYMROOT = /Users/carl.stanley/sites/UKCPA/ukcpa_flutter/ios/build
               SYSTEM_ADMIN_APPS_DIR = /Applications/Utilities
               SYSTEM_APPS_DIR = /Applications
               SYSTEM_CORE_SERVICES_DIR = /System/Library/CoreServices
               SYSTEM_DEMOS_DIR = /Applications/Extras
               SYSTEM_DEVELOPER_APPS_DIR = /Applications/Xcode.app/Contents/Developer/Applications
               SYSTEM_DEVELOPER_BIN_DIR = /Applications/Xcode.app/Contents/Developer/usr/bin
               SYSTEM_DEVELOPER_DEMOS_DIR = /Applications/Xcode.app/Contents/Developer/Applications/Utilities/Built Examples
               SYSTEM_DEVELOPER_DIR = /Applications/Xcode.app/Contents/Developer
               SYSTEM_DEVELOPER_DOC_DIR = /Applications/Xcode.app/Contents/Developer/ADC Reference Library
               SYSTEM_DEVELOPER_GRAPHICS_TOOLS_DIR = /Applications/Xcode.app/Contents/Developer/Applications/Graphics Tools
               SYSTEM_DEVELOPER_JAVA_TOOLS_DIR = /Applications/Xcode.app/Contents/Developer/Applications/Java Tools
               SYSTEM_DEVELOPER_PERFORMANCE_TOOLS_DIR = /Applications/Xcode.app/Contents/Developer/Applications/Performance Tools
               SYSTEM_DEVELOPER_RELEASENOTES_DIR = /Applications/Xcode.app/Contents/Developer/ADC Reference Library/releasenotes
               SYSTEM_DEVELOPER_TOOLS = /Applications/Xcode.app/Contents/Developer/Tools
               SYSTEM_DEVELOPER_TOOLS_DOC_DIR = /Applications/Xcode.app/Contents/Developer/ADC Reference Library/documentation/DeveloperTools
               SYSTEM_DEVELOPER_TOOLS_RELEASENOTES_DIR = /Applications/Xcode.app/Contents/Developer/ADC Reference Library/releasenotes/DeveloperTools
               SYSTEM_DEVELOPER_USR_DIR = /Applications/Xcode.app/Contents/Developer/usr
               SYSTEM_DEVELOPER_UTILITIES_DIR = /Applications/Xcode.app/Contents/Developer/Applications/Utilities
               SYSTEM_DEXT_INSTALL_PATH = /System/Library/DriverExtensions
               SYSTEM_DOCUMENTATION_DIR = /Library/Documentation
               SYSTEM_EXTENSIONS_FOLDER_PATH = share_plus.framework/SystemExtensions
               SYSTEM_EXTENSIONS_FOLDER_PATH_SHALLOW_BUNDLE_NO = share_plus.framework/Library/SystemExtensions
               SYSTEM_EXTENSIONS_FOLDER_PATH_SHALLOW_BUNDLE_YES = share_plus.framework/SystemExtensions
               SYSTEM_KEXT_INSTALL_PATH = /System/Library/Extensions
               SYSTEM_LIBRARY_DIR = /System/Library
               TAPI_DEMANGLE = YES
               TAPI_ENABLE_PROJECT_HEADERS = NO
               TAPI_LANGUAGE = objective-c
               TAPI_LANGUAGE_STANDARD = compiler-default
               TAPI_USE_SRCROOT = YES
               TAPI_VERIFY_MODE = Pedantic
               TARGETED_DEVICE_FAMILY = 1,2
               TARGETNAME = share_plus
               TARGET_BUILD_DIR = /Users/carl.stanley/sites/UKCPA/ukcpa_flutter/build/ios/Release-iphonesimulator/share_plus
               TARGET_NAME = share_plus
               TARGET_TEMP_DIR = /Users/carl.stanley/sites/UKCPA/ukcpa_flutter/build/ios/Pods.build/Release-iphonesimulator/share_plus.build
               TEMP_DIR = /Users/carl.stanley/sites/UKCPA/ukcpa_flutter/build/ios/Pods.build/Release-iphonesimulator/share_plus.build
               TEMP_FILES_DIR = /Users/carl.stanley/sites/UKCPA/ukcpa_flutter/build/ios/Pods.build/Release-iphonesimulator/share_plus.build
               TEMP_FILE_DIR = /Users/carl.stanley/sites/UKCPA/ukcpa_flutter/build/ios/Pods.build/Release-iphonesimulator/share_plus.build
               TEMP_ROOT = /Users/carl.stanley/sites/UKCPA/ukcpa_flutter/build/ios
               TEST_FRAMEWORK_SEARCH_PATHS =  /Applications/Xcode.app/Contents/Developer/Platforms/iPhoneSimulator.platform/Developer/Library/Frameworks /Applications/Xcode.app/Contents/Developer/Platforms/iPhoneSimulator.platform/Developer/SDKs/iPhoneSimulator18.0.sdk/Developer/Library/Frameworks
               TEST_LIBRARY_SEARCH_PATHS =  /Applications/Xcode.app/Contents/Developer/Platforms/iPhoneSimulator.platform/Developer/usr/lib
               TOOLCHAINS = com.apple.dt.toolchain.XcodeDefault
               TOOLCHAIN_DIR = /Applications/Xcode.app/Contents/Developer/Toolchains/XcodeDefault.xctoolchain
               TREAT_MISSING_BASELINES_AS_TEST_FAILURES = NO
               TREAT_MISSING_SCRIPT_PHASE_OUTPUTS_AS_ERRORS = NO
               UID = 502
               UNINSTALLED_PRODUCTS_DIR = /Users/carl.stanley/sites/UKCPA/ukcpa_flutter/build/ios/UninstalledProducts
               UNLOCALIZED_RESOURCES_FOLDER_PATH = share_plus.framework
               UNLOCALIZED_RESOURCES_FOLDER_PATH_SHALLOW_BUNDLE_NO = share_plus.framework/Resources
               UNLOCALIZED_RESOURCES_FOLDER_PATH_SHALLOW_BUNDLE_YES = share_plus.framework
               UNSTRIPPED_PRODUCT = NO
               USER = carl.stanley
               USER_APPS_DIR = /Users/carl.stanley/Applications
               USER_LIBRARY_DIR = /Users/carl.stanley/Library
               USE_DYNAMIC_NO_PIC = YES
               USE_HEADERMAP = YES
               USE_HEADER_SYMLINKS = NO
               USE_RECURSIVE_SCRIPT_INPUTS_IN_SCRIPT_PHASES = YES
               VALIDATE_DEVELOPMENT_ASSET_PATHS = YES_ERROR
               VALIDATE_PRODUCT = YES
               VALID_ARCHS = arm64 x86_64
               VERBOSE_PBXCP = NO
               VERSIONING_SYSTEM = apple-generic
               VERSIONPLIST_PATH = share_plus.framework/version.plist
               VERSIONS_FOLDER_PATH = share_plus.framework
               VERSIONS_FOLDER_PATH_SHALLOW_BUNDLE_NO = share_plus.framework/Versions
               VERSIONS_FOLDER_PATH_SHALLOW_BUNDLE_YES = share_plus.framework
               VERSION_INFO_BUILDER = carl.stanley
               VERSION_INFO_FILE = share_plus_vers.c
               VERSION_INFO_STRING = "@(#)PROGRAM:share_plus  PROJECT:Pods-1"
               WORKSPACE_DIR = /Users/carl.stanley/sites/UKCPA/ukcpa_flutter/ios/Pods/Pods.xcodeproj
               WRAPPER_EXTENSION = framework
               WRAPPER_NAME = share_plus.framework
               WRAPPER_SUFFIX = .framework
               WRAP_ASSET_PACKS_IN_SEPARATE_DIRECTORIES = NO
               XCODE_APP_SUPPORT_DIR = /Applications/Xcode.app/Contents/Developer/Library/Xcode
               XCODE_PRODUCT_BUILD_VERSION = 16A242d
               XCODE_VERSION_ACTUAL = 1600
               XCODE_VERSION_MAJOR = 1600
               XCODE_VERSION_MINOR = 1600
               XPCSERVICES_FOLDER_PATH = share_plus.framework/XPCServices
               YACC = yacc
               _WRAPPER_CONTENTS_DIR_SHALLOW_BUNDLE_NO = /Contents
               _WRAPPER_PARENT_PATH_SHALLOW_BUNDLE_NO = /..
               _WRAPPER_RESOURCES_DIR_SHALLOW_BUNDLE_NO = /Resources
               arch = undefined_arch
               variant = normal

           Build settings for action build and target shared_preferences_foundation:
               ACTION = build
               AD_HOC_CODE_SIGNING_ALLOWED = YES
               ALLOW_BUILD_REQUEST_OVERRIDES = NO
               ALLOW_TARGET_PLATFORM_SPECIALIZATION = NO
               ALTERNATE_GROUP = staff
               ALTERNATE_MODE = u+w,go-w,a+rX
               ALTERNATE_OWNER = carl.stanley
               ALTERNATIVE_DISTRIBUTION_WEB = NO
               ALWAYS_EMBED_SWIFT_STANDARD_LIBRARIES = NO
               ALWAYS_SEARCH_USER_PATHS = NO
               ALWAYS_USE_SEPARATE_HEADERMAPS = NO
               APPLE_INTERNAL_DEVELOPER_DIR = /AppleInternal/Developer
               APPLE_INTERNAL_DIR = /AppleInternal
               APPLE_INTERNAL_DOCUMENTATION_DIR = /AppleInternal/Documentation
               APPLE_INTERNAL_LIBRARY_DIR = /AppleInternal/Library
               APPLE_INTERNAL_TOOLS = /AppleInternal/Developer/Tools
               APPLICATION_EXTENSION_API_ONLY = NO
               APPLY_RULES_IN_COPY_FILES = NO
               APPLY_RULES_IN_COPY_HEADERS = NO
               APP_SHORTCUTS_ENABLE_FLEXIBLE_MATCHING = YES
               ARCHS = arm64 x86_64
               ARCHS_STANDARD = arm64 x86_64
               ARCHS_STANDARD_32_64_BIT = arm64 i386 x86_64
               ARCHS_STANDARD_32_BIT = i386
               ARCHS_STANDARD_64_BIT = arm64 x86_64
               ARCHS_STANDARD_INCLUDING_64_BIT = arm64 x86_64
               ARCHS_UNIVERSAL_IPHONE_OS = arm64 i386 x86_64
               ASSETCATALOG_COMPILER_GENERATE_ASSET_SYMBOLS = YES
               AUTOMATICALLY_MERGE_DEPENDENCIES = NO
               AVAILABLE_PLATFORMS = appletvos appletvsimulator driverkit iphoneos iphonesimulator macosx watchos watchsimulator xros xrsimulator
               BITCODE_GENERATION_MODE = marker
               BUILD_ACTIVE_RESOURCES_ONLY = NO
               BUILD_COMPONENTS = headers build
               BUILD_DIR = /Users/carl.stanley/sites/UKCPA/ukcpa_flutter/build/ios
               BUILD_LIBRARY_FOR_DISTRIBUTION = NO
               BUILD_ROOT = /Users/carl.stanley/sites/UKCPA/ukcpa_flutter/ios/build
               BUILD_STYLE = 
               BUILD_VARIANTS = normal
               BUILT_PRODUCTS_DIR = /Users/carl.stanley/sites/UKCPA/ukcpa_flutter/build/ios/Release-iphonesimulator/shared_preferences_foundation
               BUNDLE_CONTENTS_FOLDER_PATH_deep = Contents/
               BUNDLE_EXECUTABLE_FOLDER_NAME_deep = MacOS
               BUNDLE_EXTENSIONS_FOLDER_PATH = Extensions
               BUNDLE_FORMAT = shallow
               BUNDLE_FRAMEWORKS_FOLDER_PATH = Frameworks
               BUNDLE_PLUGINS_FOLDER_PATH = PlugIns
               BUNDLE_PRIVATE_HEADERS_FOLDER_PATH = PrivateHeaders
               BUNDLE_PUBLIC_HEADERS_FOLDER_PATH = Headers
               CACHE_ROOT = /var/folders/20/skb3d8qx2hn9r9z8036y32g40000gp/C/com.apple.DeveloperTools/16.0-16A242d/Xcode
               CCHROOT = /var/folders/20/skb3d8qx2hn9r9z8036y32g40000gp/C/com.apple.DeveloperTools/16.0-16A242d/Xcode
               CHMOD = /bin/chmod
               CHOWN = /usr/sbin/chown
               CLANG_ANALYZER_LOCALIZABILITY_NONLOCALIZED = YES
               CLANG_ANALYZER_NONNULL = YES
               CLANG_ANALYZER_NUMBER_OBJECT_CONVERSION = YES_AGGRESSIVE
               CLANG_CACHE_FINE_GRAINED_OUTPUTS = YES
               CLANG_CXX_LANGUAGE_STANDARD = gnu++14
               CLANG_CXX_LIBRARY = libc++
               CLANG_ENABLE_EXPLICIT_MODULES = YES
               CLANG_ENABLE_MODULES = YES
               CLANG_ENABLE_OBJC_ARC = YES
               CLANG_ENABLE_OBJC_WEAK = NO
               CLANG_MODULES_BUILD_SESSION_FILE = /var/folders/20/skb3d8qx2hn9r9z8036y32g40000gp/C/org.llvm.clang/ModuleCache.noindex/Session.modulevalidation
               CLANG_WARN_BLOCK_CAPTURE_AUTORELEASING = YES
               CLANG_WARN_BOOL_CONVERSION = YES
               CLANG_WARN_COMMA = YES
               CLANG_WARN_CONSTANT_CONVERSION = YES
               CLANG_WARN_DEPRECATED_OBJC_IMPLEMENTATIONS = YES
               CLANG_WARN_DIRECT_OBJC_ISA_USAGE = YES_ERROR
               CLANG_WARN_DOCUMENTATION_COMMENTS = YES
               CLANG_WARN_EMPTY_BODY = YES
               CLANG_WARN_ENUM_CONVERSION = YES
               CLANG_WARN_INFINITE_RECURSION = YES
               CLANG_WARN_INT_CONVERSION = YES
               CLANG_WARN_NON_LITERAL_NULL_CONVERSION = YES
               CLANG_WARN_OBJC_IMPLICIT_RETAIN_SELF = YES
               CLANG_WARN_OBJC_LITERAL_CONVERSION = YES
               CLANG_WARN_OBJC_ROOT_CLASS = YES_ERROR
               CLANG_WARN_QUOTED_INCLUDE_IN_FRAMEWORK_HEADER = NO
               CLANG_WARN_RANGE_LOOP_ANALYSIS = YES
               CLANG_WARN_STRICT_PROTOTYPES = YES
               CLANG_WARN_SUSPICIOUS_MOVE = YES
               CLANG_WARN_UNGUARDED_AVAILABILITY = YES_AGGRESSIVE
               CLANG_WARN_UNREACHABLE_CODE = YES
               CLANG_WARN__DUPLICATE_METHOD_MATCH = YES
               CLASS_FILE_DIR = /Users/carl.stanley/sites/UKCPA/ukcpa_flutter/build/ios/Pods.build/Release-iphonesimulator/shared_preferences_foundation.build/JavaClasses
               CLEAN_PRECOMPS = YES
               CLONE_HEADERS = NO
               CODESIGNING_FOLDER_PATH = /Users/carl.stanley/sites/UKCPA/ukcpa_flutter/build/ios/Release-iphonesimulator/shared_preferences_foundation/shared_preferences_foundation.framework
               CODE_SIGNING_ALLOWED = YES
               CODE_SIGNING_REQUIRED = NO
               CODE_SIGNING_REQUIRES_TEAM = YES
               CODE_SIGN_CONTEXT_CLASS = XCiPhoneSimulatorCodeSignContext
               CODE_SIGN_IDENTITY = -
               CODE_SIGN_INJECT_BASE_ENTITLEMENTS = YES
               COLOR_DIAGNOSTICS = NO
               COMBINE_HIDPI_IMAGES = NO
               COMPILATION_CACHE_CAS_PATH = /var/folders/20/skb3d8qx2hn9r9z8036y32g40000gp/C/com.apple.DeveloperTools/16.0-16A242d/Xcode/CompilationCache.noindex
               COMPILATION_CACHE_KEEP_CAS_DIRECTORY = YES
               COMPILER_INDEX_STORE_ENABLE = Default
               COMPOSITE_SDK_DIRS = /Users/carl.stanley/sites/UKCPA/ukcpa_flutter/build/ios/CompositeSDKs
               COMPRESS_PNG_FILES = YES
               CONFIGURATION = Release
               CONFIGURATION_BUILD_DIR = /Users/carl.stanley/sites/UKCPA/ukcpa_flutter/build/ios/Release-iphonesimulator/shared_preferences_foundation
               CONFIGURATION_TEMP_DIR = /Users/carl.stanley/sites/UKCPA/ukcpa_flutter/build/ios/Pods.build/Release-iphonesimulator
               CONTENTS_FOLDER_PATH = shared_preferences_foundation.framework
               CONTENTS_FOLDER_PATH_SHALLOW_BUNDLE_NO = shared_preferences_foundation.framework/A
               CONTENTS_FOLDER_PATH_SHALLOW_BUNDLE_YES = shared_preferences_foundation.framework
               COPYING_PRESERVES_HFS_DATA = NO
               COPY_HEADERS_RUN_UNIFDEF = NO
               COPY_PHASE_STRIP = NO
               CORRESPONDING_DEVICE_PLATFORM_DIR = /Applications/Xcode.app/Contents/Developer/Platforms/iPhoneOS.platform
               CORRESPONDING_DEVICE_PLATFORM_NAME = iphoneos
               CORRESPONDING_DEVICE_SDK_DIR = /Applications/Xcode.app/Contents/Developer/Platforms/iPhoneOS.platform/Developer/SDKs/iPhoneOS18.0.sdk
               CORRESPONDING_DEVICE_SDK_NAME = iphoneos18.0
               CP = /bin/cp
               CREATE_INFOPLIST_SECTION_IN_BINARY = NO
               CURRENT_ARCH = undefined_arch
               CURRENT_PROJECT_VERSION = 1
               CURRENT_VARIANT = normal
               CURRENT_VERSION = Current
               DEAD_CODE_STRIPPING = YES
               DEBUGGING_SYMBOLS = YES
               DEBUG_INFORMATION_FORMAT = dwarf-with-dsym
               DEBUG_INFORMATION_VERSION = compiler-default
               DEFAULT_COMPILER = com.apple.compilers.llvm.clang.1_0
               DEFAULT_DEXT_INSTALL_PATH = /System/Library/DriverExtensions
               DEFAULT_KEXT_INSTALL_PATH = /System/Library/Extensions
               DEFINES_MODULE = YES
               DEPLOYMENT_LOCATION = NO
               DEPLOYMENT_POSTPROCESSING = NO
               DEPLOYMENT_TARGET_SETTING_NAME = IPHONEOS_DEPLOYMENT_TARGET
               DEPLOYMENT_TARGET_SUGGESTED_VALUES = 12.0 12.1 12.2 12.3 12.4 13.0 13.1 13.2 13.3 13.4 13.5 13.6 14.0 14.1 14.2 14.3 14.4 14.5 14.6 14.7 15.0 15.1 15.2 15.3 15.4 15.5 15.6 16.0 16.1 16.2 16.3 16.4 16.5 16.6 17.0 17.1 17.2 17.3 17.4 17.5 17.6 18.0
               DERIVED_FILES_DIR = /Users/carl.stanley/sites/UKCPA/ukcpa_flutter/build/ios/Pods.build/Release-iphonesimulator/shared_preferences_foundation.build/DerivedSources
               DERIVED_FILE_DIR = /Users/carl.stanley/sites/UKCPA/ukcpa_flutter/build/ios/Pods.build/Release-iphonesimulator/shared_preferences_foundation.build/DerivedSources
               DERIVED_SOURCES_DIR = /Users/carl.stanley/sites/UKCPA/ukcpa_flutter/build/ios/Pods.build/Release-iphonesimulator/shared_preferences_foundation.build/DerivedSources
               DEVELOPER_APPLICATIONS_DIR = /Applications/Xcode.app/Contents/Developer/Applications
               DEVELOPER_BIN_DIR = /Applications/Xcode.app/Contents/Developer/usr/bin
               DEVELOPER_DIR = /Applications/Xcode.app/Contents/Developer
               DEVELOPER_FRAMEWORKS_DIR = /Applications/Xcode.app/Contents/Developer/Library/Frameworks
               DEVELOPER_FRAMEWORKS_DIR_QUOTED = /Applications/Xcode.app/Contents/Developer/Library/Frameworks
               DEVELOPER_LIBRARY_DIR = /Applications/Xcode.app/Contents/Developer/Library
               DEVELOPER_SDK_DIR = /Applications/Xcode.app/Contents/Developer/Platforms/MacOSX.platform/Developer/SDKs
               DEVELOPER_TOOLS_DIR = /Applications/Xcode.app/Contents/Developer/Tools
               DEVELOPER_USR_DIR = /Applications/Xcode.app/Contents/Developer/usr
               DEVELOPMENT_LANGUAGE = en
               DIFF = /usr/bin/diff
               DOCUMENTATION_FOLDER_PATH = shared_preferences_foundation.framework/en.lproj/Documentation
               DONT_GENERATE_INFOPLIST_FILE = NO
               DSTROOT = /tmp/Pods.dst
               DT_TOOLCHAIN_DIR = /Applications/Xcode.app/Contents/Developer/Toolchains/XcodeDefault.xctoolchain
               DWARF_DSYM_FILE_NAME = shared_preferences_foundation.framework.dSYM
               DWARF_DSYM_FILE_SHOULD_ACCOMPANY_PRODUCT = NO
               DWARF_DSYM_FOLDER_PATH = /Users/carl.stanley/sites/UKCPA/ukcpa_flutter/build/ios/Release-iphonesimulator/shared_preferences_foundation
               DYLIB_COMPATIBILITY_VERSION = 1
               DYLIB_CURRENT_VERSION = 1
               DYLIB_INSTALL_NAME_BASE = @rpath
               DYNAMIC_LIBRARY_EXTENSION = dylib
               EAGER_COMPILATION_ALLOW_SCRIPTS = NO
               EAGER_LINKING = NO
               EFFECTIVE_PLATFORM_NAME = -iphonesimulator
               EMBEDDED_CONTENT_CONTAINS_SWIFT = NO
               EMBED_ASSET_PACKS_IN_PRODUCT_BUNDLE = NO
               ENABLE_APP_SANDBOX = NO
               ENABLE_BITCODE = NO
               ENABLE_CODE_COVERAGE = YES
               ENABLE_DEFAULT_HEADER_SEARCH_PATHS = YES
               ENABLE_DEFAULT_SEARCH_PATHS = YES
               ENABLE_HARDENED_RUNTIME = NO
               ENABLE_HEADER_DEPENDENCIES = YES
               ENABLE_MODULE_VERIFIER = NO
               ENABLE_NS_ASSERTIONS = NO
               ENABLE_ON_DEMAND_RESOURCES = NO
               ENABLE_STRICT_OBJC_MSGSEND = YES
               ENABLE_TESTABILITY = NO
               ENABLE_TESTING_SEARCH_PATHS = NO
               ENABLE_USER_SCRIPT_SANDBOXING = NO
               ENTITLEMENTS_DESTINATION = __entitlements
               ENTITLEMENTS_REQUIRED = NO
               EXCLUDED_ARCHS =  i386
               EXCLUDED_INSTALLSRC_SUBDIRECTORY_PATTERNS = .DS_Store .svn .git .hg CVS
               EXCLUDED_RECURSIVE_SEARCH_PATH_SUBDIRECTORIES = *.nib *.lproj *.framework *.gch *.xcode* *.xcassets (*) .DS_Store CVS .svn .git .hg *.pbproj *.pbxproj
               EXECUTABLES_FOLDER_PATH = shared_preferences_foundation.framework/en.lproj
               EXECUTABLE_FOLDER_PATH = shared_preferences_foundation.framework
               EXECUTABLE_FOLDER_PATH_SHALLOW_BUNDLE_NO = shared_preferences_foundation.framework
               EXECUTABLE_FOLDER_PATH_SHALLOW_BUNDLE_YES = shared_preferences_foundation.framework
               EXECUTABLE_NAME = shared_preferences_foundation
               EXECUTABLE_PATH = shared_preferences_foundation.framework/shared_preferences_foundation
               EXTENSIONS_FOLDER_PATH = shared_preferences_foundation.framework/Extensions
               FILE_LIST = /Users/carl.stanley/sites/UKCPA/ukcpa_flutter/build/ios/Pods.build/Release-iphonesimulator/shared_preferences_foundation.build/Objects/LinkFileList
               FIXED_FILES_DIR = /Users/carl.stanley/sites/UKCPA/ukcpa_flutter/build/ios/Pods.build/Release-iphonesimulator/shared_preferences_foundation.build/FixedFiles
               FRAMEWORKS_FOLDER_PATH = shared_preferences_foundation.framework/Frameworks
               FRAMEWORK_FLAG_PREFIX = -framework
               FRAMEWORK_SEARCH_PATHS = /Users/carl.stanley/sites/UKCPA/ukcpa_flutter/build/ios/Release-iphonesimulator/shared_preferences_foundation "/Users/carl.stanley/development/flutter/bin/cache/artifacts/engine/ios-release/Flutter.xcframework/ios-arm64_x86_64-simulator" 
               FRAMEWORK_VERSION = A
               FULL_PRODUCT_NAME = shared_preferences_foundation.framework
               FUSE_BUILD_PHASES = YES
               FUSE_BUILD_SCRIPT_PHASES = NO
               GCC3_VERSION = 3.3
               GCC_C_LANGUAGE_STANDARD = gnu11
               GCC_INLINES_ARE_PRIVATE_EXTERN = YES
               GCC_NO_COMMON_BLOCKS = YES
               GCC_OBJC_LEGACY_DISPATCH = YES
               GCC_PFE_FILE_C_DIALECTS = c objective-c c++ objective-c++
               GCC_PREFIX_HEADER = Target Support Files/shared_preferences_foundation/shared_preferences_foundation-prefix.pch
               GCC_PREPROCESSOR_DEFINITIONS = POD_CONFIGURATION_RELEASE=1  COCOAPODS=1
               GCC_TREAT_WARNINGS_AS_ERRORS = NO
               GCC_VERSION = com.apple.compilers.llvm.clang.1_0
               GCC_VERSION_IDENTIFIER = com_apple_compilers_llvm_clang_1_0
               GCC_WARN_64_TO_32_BIT_CONVERSION = YES
               GCC_WARN_ABOUT_RETURN_TYPE = YES_ERROR
               GCC_WARN_UNDECLARED_SELECTOR = YES
               GCC_WARN_UNINITIALIZED_AUTOS = YES_AGGRESSIVE
               GCC_WARN_UNUSED_FUNCTION = YES
               GCC_WARN_UNUSED_VARIABLE = YES
               GENERATED_MODULEMAP_DIR = /Users/carl.stanley/sites/UKCPA/ukcpa_flutter/build/ios/GeneratedModuleMaps-iphonesimulator
               GENERATE_INFOPLIST_FILE = NO
               GENERATE_INTERMEDIATE_TEXT_BASED_STUBS = YES
               GENERATE_MASTER_OBJECT_FILE = NO
               GENERATE_PKGINFO_FILE = NO
               GENERATE_PROFILING_CODE = NO
               GENERATE_TEXT_BASED_STUBS = NO
               GID = 20
               GROUP = staff
               HEADERMAP_INCLUDES_FLAT_ENTRIES_FOR_TARGET_BEING_BUILT = YES
               HEADERMAP_INCLUDES_FRAMEWORK_ENTRIES_FOR_ALL_PRODUCT_TYPES = YES
               HEADERMAP_INCLUDES_FRAMEWORK_ENTRIES_FOR_TARGETS_NOT_BEING_BUILT = YES
               HEADERMAP_INCLUDES_NONPUBLIC_NONPRIVATE_HEADERS = YES
               HEADERMAP_INCLUDES_PROJECT_HEADERS = YES
               HEADERMAP_USES_FRAMEWORK_PREFIX_ENTRIES = YES
               HEADERMAP_USES_VFS = YES
               HEADER_SEARCH_PATHS = /Users/carl.stanley/sites/UKCPA/ukcpa_flutter/build/ios/Release-iphonesimulator/shared_preferences_foundation/include 
               HIDE_BITCODE_SYMBOLS = YES
               HOME = /Users/carl.stanley
               HOST_ARCH = arm64
               HOST_PLATFORM = macosx
               ICONV = /usr/bin/iconv
               IMPLICIT_DEPENDENCY_DOMAIN = default
               INFOPLIST_ENABLE_CFBUNDLEICONS_MERGE = YES
               INFOPLIST_EXPAND_BUILD_SETTINGS = YES
               INFOPLIST_FILE = Target Support Files/shared_preferences_foundation/shared_preferences_foundation-Info.plist
               INFOPLIST_OUTPUT_FORMAT = binary
               INFOPLIST_PATH = shared_preferences_foundation.framework/Info.plist
               INFOPLIST_PREPROCESS = NO
               INFOSTRINGS_PATH = shared_preferences_foundation.framework/en.lproj/InfoPlist.strings
               INLINE_PRIVATE_FRAMEWORKS = NO
               INSTALLHDRS_COPY_PHASE = NO
               INSTALLHDRS_SCRIPT_PHASE = NO
               INSTALL_DIR = /tmp/Pods.dst/Library/Frameworks
               INSTALL_GROUP = staff
               INSTALL_MODE_FLAG = u+w,go-w,a+rX
               INSTALL_OWNER = carl.stanley
               INSTALL_PATH = /Library/Frameworks
               INSTALL_ROOT = /tmp/Pods.dst
               IPHONEOS_DEPLOYMENT_TARGET = 13.0
               IS_UNOPTIMIZED_BUILD = NO
               JAVAC_DEFAULT_FLAGS = -J-Xms64m -J-XX:NewSize=4M -J-Dfile.encoding=UTF8
               JAVA_APP_STUB = /System/Library/Frameworks/JavaVM.framework/Resources/MacOS/JavaApplicationStub
               JAVA_ARCHIVE_CLASSES = YES
               JAVA_ARCHIVE_TYPE = JAR
               JAVA_COMPILER = /usr/bin/javac
               JAVA_FOLDER_PATH = shared_preferences_foundation.framework/Java
               JAVA_FRAMEWORK_RESOURCES_DIRS = Resources
               JAVA_JAR_FLAGS = cv
               JAVA_SOURCE_SUBDIR = .
               JAVA_USE_DEPENDENCIES = YES
               JAVA_ZIP_FLAGS = -urg
               JIKES_DEFAULT_FLAGS = +E +OLDCSO
               KEEP_PRIVATE_EXTERNS = NO
               LD_DEPENDENCY_INFO_FILE = /Users/carl.stanley/sites/UKCPA/ukcpa_flutter/build/ios/Pods.build/Release-iphonesimulator/shared_preferences_foundation.build/Objects-normal/undefined_arch/shared_preferences_foundation_dependency_info.dat
               LD_DYLIB_INSTALL_NAME = @rpath/shared_preferences_foundation.framework/shared_preferences_foundation
               LD_EXPORT_SYMBOLS = YES
               LD_GENERATE_MAP_FILE = NO
               LD_MAP_FILE_PATH = /Users/carl.stanley/sites/UKCPA/ukcpa_flutter/build/ios/Pods.build/Release-iphonesimulator/shared_preferences_foundation.build/shared_preferences_foundation-LinkMap-normal-undefined_arch.txt
               LD_NO_PIE = NO
               LD_QUOTE_LINKER_ARGUMENTS_FOR_COMPILER_DRIVER = YES
               LD_RUNPATH_SEARCH_PATHS =  /usr/lib/swift
               LD_SHARED_CACHE_ELIGIBLE = Automatic
               LD_WARN_DUPLICATE_LIBRARIES = NO
               LD_WARN_UNUSED_DYLIBS = NO
               LEGACY_DEVELOPER_DIR = /Applications/Xcode.app/Contents/PlugIns/Xcode3Core.ideplugin/Contents/SharedSupport/Developer
               LEX = lex
               LIBRARY_DEXT_INSTALL_PATH = /Library/DriverExtensions
               LIBRARY_FLAG_NOSPACE = YES
               LIBRARY_FLAG_PREFIX = -l
               LIBRARY_KEXT_INSTALL_PATH = /Library/Extensions
               LIBRARY_SEARCH_PATHS = /Users/carl.stanley/sites/UKCPA/ukcpa_flutter/build/ios/Release-iphonesimulator/shared_preferences_foundation /Applications/Xcode.app/Contents/Developer/Toolchains/XcodeDefault.xctoolchain/usr/lib/swift/iphonesimulator /Applications/Xcode.app/Contents/Developer/Platforms/iPhoneSimulator.platform/Developer/SDKs/iPhoneSimulator18.0.sdk/usr/lib/swift /Applications/Xcode.app/Contents/Developer/Toolchains/XcodeDefault.xctoolchain/usr/lib/swift/iphonesimulator/ /Applications/Xcode.app/Contents/Developer/Platforms/iPhoneSimulator.platform/Developer/SDKs/iPhoneSimulator18.0.sdk/usr/lib/swift
               LINKER_DISPLAYS_MANGLED_NAMES = NO
               LINK_FILE_LIST_normal_arm64 = /Users/carl.stanley/sites/UKCPA/ukcpa_flutter/build/ios/Pods.build/Release-iphonesimulator/shared_preferences_foundation.build/Objects-normal/arm64/shared_preferences_foundation.LinkFileList
               LINK_FILE_LIST_normal_x86_64 = /Users/carl.stanley/sites/UKCPA/ukcpa_flutter/build/ios/Pods.build/Release-iphonesimulator/shared_preferences_foundation.build/Objects-normal/x86_64/shared_preferences_foundation.LinkFileList
               LINK_OBJC_RUNTIME = YES
               LINK_WITH_STANDARD_LIBRARIES = YES
               LLVM_TARGET_TRIPLE_OS_VERSION = ios13.0
               LLVM_TARGET_TRIPLE_SUFFIX = -simulator
               LLVM_TARGET_TRIPLE_VENDOR = apple
               LM_AUX_CONST_METADATA_LIST_PATH_normal_arm64 = /Users/carl.stanley/sites/UKCPA/ukcpa_flutter/build/ios/Pods.build/Release-iphonesimulator/shared_preferences_foundation.build/Objects-normal/arm64/shared_preferences_foundation.SwiftConstValuesFileList
               LM_AUX_CONST_METADATA_LIST_PATH_normal_x86_64 = /Users/carl.stanley/sites/UKCPA/ukcpa_flutter/build/ios/Pods.build/Release-iphonesimulator/shared_preferences_foundation.build/Objects-normal/x86_64/shared_preferences_foundation.SwiftConstValuesFileList
               LOCALIZATION_EXPORT_SUPPORTED = YES
               LOCALIZATION_PREFERS_STRING_CATALOGS = NO
               LOCALIZED_RESOURCES_FOLDER_PATH = shared_preferences_foundation.framework/en.lproj
               LOCALIZED_STRING_MACRO_NAMES = NSLocalizedString CFCopyLocalizedString
               LOCALIZED_STRING_SWIFTUI_SUPPORT = YES
               LOCAL_ADMIN_APPS_DIR = /Applications/Utilities
               LOCAL_APPS_DIR = /Applications
               LOCAL_DEVELOPER_DIR = /Library/Developer
               LOCAL_LIBRARY_DIR = /Library
               LOCROOT = /Users/carl.stanley/sites/UKCPA/ukcpa_flutter/ios/Pods
               LOCSYMROOT = /Users/carl.stanley/sites/UKCPA/ukcpa_flutter/ios/Pods
               MACH_O_TYPE = mh_dylib
               MAC_OS_X_PRODUCT_BUILD_VERSION = 24G84
               MAC_OS_X_VERSION_ACTUAL = 150600
               MAC_OS_X_VERSION_MAJOR = 150000
               MAC_OS_X_VERSION_MINOR = 150600
               MAKE_MERGEABLE = NO
               MERGEABLE_LIBRARY = NO
               MERGED_BINARY_TYPE = none
               MERGE_LINKED_LIBRARIES = NO
               METAL_LIBRARY_FILE_BASE = default
               METAL_LIBRARY_OUTPUT_DIR = /Users/carl.stanley/sites/UKCPA/ukcpa_flutter/build/ios/Release-iphonesimulator/shared_preferences_foundation/shared_preferences_foundation.framework
               MODULEMAP_FILE = Target Support Files/shared_preferences_foundation/shared_preferences_foundation.modulemap
               MODULES_FOLDER_PATH = shared_preferences_foundation.framework/Modules
               MTL_ENABLE_DEBUG_INFO = NO
               MTL_FAST_MATH = YES
               NATIVE_ARCH = arm64
               NATIVE_ARCH_32_BIT = arm
               NATIVE_ARCH_64_BIT = arm64
               NATIVE_ARCH_ACTUAL = arm64
               NO_COMMON = YES
               OBJC_ABI_VERSION = 2
               OBJECT_FILE_DIR = /Users/carl.stanley/sites/UKCPA/ukcpa_flutter/build/ios/Pods.build/Release-iphonesimulator/shared_preferences_foundation.build/Objects
               OBJECT_FILE_DIR_normal = /Users/carl.stanley/sites/UKCPA/ukcpa_flutter/build/ios/Pods.build/Release-iphonesimulator/shared_preferences_foundation.build/Objects-normal
               OBJROOT = /Users/carl.stanley/sites/UKCPA/ukcpa_flutter/build/ios
               ONLY_ACTIVE_ARCH = NO
               OS = MACOS
               OSAC = /usr/bin/osacompile
               OTHER_LDFLAGS =  -framework Flutter
               OTHER_SWIFT_FLAGS =  -D COCOAPODS
               PACKAGE_TYPE = com.apple.package-type.wrapper.framework
               PASCAL_STRINGS = YES
               PATH = /Applications/Xcode.app/Contents/SharedFrameworks/XCBuild.framework/Versions/A/PlugIns/XCBBuildService.bundle/Contents/PlugIns/XCBSpecifications.ideplugin/Contents/Resources:/Applications/Xcode.app/Contents/SharedFrameworks/XCBuild.framework/Versions/A/PlugIns/XCBBuildService.bundle/Contents/PlugIns/XCBSpecifications.ideplugin:/Applications/Xcode.app/Contents/Developer/Toolchains/XcodeDefault.xctoolchain/usr/bin:/Applications/Xcode.app/Contents/Developer/Toolchains/XcodeDefault.xctoolchain/usr/appleinternal/bin:/Applications/Xcode.app/Contents/Developer/Toolchains/XcodeDefault.xctoolchain/usr/local/bin:/Applications/Xcode.app/Contents/Developer/Toolchains/XcodeDefault.xctoolchain/usr/libexec:/Applications/Xcode.app/Contents/Developer/Platforms/iPhoneSimulator.platform/usr/bin:/Applications/Xcode.app/Contents/Developer/Platforms/iPhoneSimulator.platform/usr/appleinternal/bin:/Applications/Xcode.app/Contents/Developer/Platforms/iPhoneSimulator.platform/usr/local/bin:/Applications/Xcode.app/Contents/Developer/Platforms/iPhoneSimulator.platform/Developer/usr/bin:/Applications/Xcode.app/Contents/Developer/Platforms/iPhoneSimulator.platform/Developer/usr/local/bin:/Applications/Xcode.app/Contents/Developer/usr/bin:/Applications/Xcode.app/Contents/Developer/usr/local/bin:/opt/homebrew/Cellar/pyenv-virtualenv/1.2.4/shims:/Users/carl.stanley/.pyenv/shims:/Users/carl.stanley/.pyenv/bin:/Users/carl.stanley/.nvm/versions/node/v18.17.0/bin:/Users/carl.stanley/development/flutter/bin:/opt/homebrew/bin:/opt/homebrew/sbin:/Users/carl.stanley/.local/bin:/usr/local/bin:/System/Cryptexes/App/usr/bin:/usr/bin:/bin:/usr/sbin:/sbin:/var/run/com.apple.security.cryptexd/codex.system/bootstrap/usr/local/bin:/var/run/com.apple.security.cryptexd/codex.system/bootstrap/usr/bin:/var/run/com.apple.security.cryptexd/codex.system/bootstrap/usr/appleinternal/bin:/Library/Apple/usr/bin:/usr/local/sbin:/usr/local/go/bin:/Users/carl.stanley/.pub-cache/bin
               PATH_PREFIXES_EXCLUDED_FROM_HEADER_DEPENDENCIES = /usr/include /usr/local/include /System/Library/Frameworks /System/Library/PrivateFrameworks /Applications/Xcode.app/Contents/Developer/Headers /Applications/Xcode.app/Contents/Developer/SDKs /Applications/Xcode.app/Contents/Developer/Platforms
               PBDEVELOPMENTPLIST_PATH = shared_preferences_foundation.framework/pbdevelopment.plist
               PER_ARCH_OBJECT_FILE_DIR = /Users/carl.stanley/sites/UKCPA/ukcpa_flutter/build/ios/Pods.build/Release-iphonesimulator/shared_preferences_foundation.build/Objects-normal/undefined_arch
               PER_VARIANT_OBJECT_FILE_DIR = /Users/carl.stanley/sites/UKCPA/ukcpa_flutter/build/ios/Pods.build/Release-iphonesimulator/shared_preferences_foundation.build/Objects-normal
               PKGINFO_FILE_PATH = /Users/carl.stanley/sites/UKCPA/ukcpa_flutter/build/ios/Pods.build/Release-iphonesimulator/shared_preferences_foundation.build/PkgInfo
               PKGINFO_PATH = shared_preferences_foundation.framework/PkgInfo
               PLATFORM_DEVELOPER_APPLICATIONS_DIR = /Applications/Xcode.app/Contents/Developer/Platforms/iPhoneSimulator.platform/Developer/Applications
               PLATFORM_DEVELOPER_BIN_DIR = /Applications/Xcode.app/Contents/Developer/Platforms/iPhoneSimulator.platform/Developer/usr/bin
               PLATFORM_DEVELOPER_LIBRARY_DIR = /Applications/Xcode.app/Contents/Developer/Platforms/iPhoneSimulator.platform/Developer/Library
               PLATFORM_DEVELOPER_SDK_DIR = /Applications/Xcode.app/Contents/Developer/Platforms/iPhoneSimulator.platform/Developer/SDKs
               PLATFORM_DEVELOPER_TOOLS_DIR = /Applications/Xcode.app/Contents/Developer/Platforms/iPhoneSimulator.platform/Developer/Tools
               PLATFORM_DEVELOPER_USR_DIR = /Applications/Xcode.app/Contents/Developer/Platforms/iPhoneSimulator.platform/Developer/usr
               PLATFORM_DIR = /Applications/Xcode.app/Contents/Developer/Platforms/iPhoneSimulator.platform
               PLATFORM_DISPLAY_NAME = iOS Simulator
               PLATFORM_FAMILY_NAME = iOS
               PLATFORM_NAME = iphonesimulator
               PLATFORM_PREFERRED_ARCH = x86_64
               PLATFORM_PRODUCT_BUILD_VERSION = 22A3362
               PLIST_FILE_OUTPUT_FORMAT = binary
               PLUGINS_FOLDER_PATH = shared_preferences_foundation.framework/PlugIns
               PODS_BUILD_DIR = /Users/carl.stanley/sites/UKCPA/ukcpa_flutter/build/ios
               PODS_CONFIGURATION_BUILD_DIR = /Users/carl.stanley/sites/UKCPA/ukcpa_flutter/build/ios/Release-iphonesimulator
               PODS_DEVELOPMENT_LANGUAGE = en
               PODS_ROOT = /Users/carl.stanley/sites/UKCPA/ukcpa_flutter/ios/Pods
               PODS_TARGET_SRCROOT = /Users/carl.stanley/sites/UKCPA/ukcpa_flutter/ios/Pods/../.symlinks/plugins/shared_preferences_foundation/darwin
               PODS_XCFRAMEWORKS_BUILD_DIR = /Users/carl.stanley/sites/UKCPA/ukcpa_flutter/build/ios/Release-iphonesimulator/XCFrameworkIntermediates
               PRECOMPS_INCLUDE_HEADERS_FROM_BUILT_PRODUCTS_DIR = YES
               PRECOMP_DESTINATION_DIR = /Users/carl.stanley/sites/UKCPA/ukcpa_flutter/build/ios/Pods.build/Release-iphonesimulator/shared_preferences_foundation.build/PrefixHeaders
               PRIVATE_HEADERS_FOLDER_PATH = shared_preferences_foundation.framework/PrivateHeaders
               PROCESSED_INFOPLIST_PATH = /Users/carl.stanley/sites/UKCPA/ukcpa_flutter/build/ios/Pods.build/Release-iphonesimulator/shared_preferences_foundation.build/Objects-normal/undefined_arch/Processed-Info.plist
               PRODUCT_BUNDLE_IDENTIFIER = org.cocoapods.shared-preferences-foundation
               PRODUCT_BUNDLE_PACKAGE_TYPE = FMWK
               PRODUCT_MODULE_NAME = shared_preferences_foundation
               PRODUCT_NAME = shared_preferences_foundation
               PRODUCT_SETTINGS_PATH = /Users/carl.stanley/sites/UKCPA/ukcpa_flutter/ios/Pods/Target Support Files/shared_preferences_foundation/shared_preferences_foundation-Info.plist
               PRODUCT_TYPE = com.apple.product-type.framework
               PROFILING_CODE = NO
               PROJECT = Pods
               PROJECT_DERIVED_FILE_DIR = /Users/carl.stanley/sites/UKCPA/ukcpa_flutter/build/ios/Pods.build/DerivedSources
               PROJECT_DIR = /Users/carl.stanley/sites/UKCPA/ukcpa_flutter/ios/Pods
               PROJECT_FILE_PATH = /Users/carl.stanley/sites/UKCPA/ukcpa_flutter/ios/Pods/Pods.xcodeproj
               PROJECT_GUID = bfdfe7dc352907fc980b868725387e98
               PROJECT_NAME = Pods
               PROJECT_TEMP_DIR = /Users/carl.stanley/sites/UKCPA/ukcpa_flutter/build/ios/Pods.build
               PROJECT_TEMP_ROOT = /Users/carl.stanley/sites/UKCPA/ukcpa_flutter/build/ios
               PUBLIC_HEADERS_FOLDER_PATH = shared_preferences_foundation.framework/Headers
               RECOMMENDED_IPHONEOS_DEPLOYMENT_TARGET = 15.0
               RECURSIVE_SEARCH_PATHS_FOLLOW_SYMLINKS = YES
               REMOVE_CVS_FROM_RESOURCES = YES
               REMOVE_GIT_FROM_RESOURCES = YES
               REMOVE_HEADERS_FROM_EMBEDDED_BUNDLES = YES
               REMOVE_HG_FROM_RESOURCES = YES
               REMOVE_STATIC_EXECUTABLES_FROM_EMBEDDED_BUNDLES = YES
               REMOVE_SVN_FROM_RESOURCES = YES
               RESCHEDULE_INDEPENDENT_HEADERS_PHASES = YES
               REZ_COLLECTOR_DIR = /Users/carl.stanley/sites/UKCPA/ukcpa_flutter/build/ios/Pods.build/Release-iphonesimulator/shared_preferences_foundation.build/ResourceManagerResources
               REZ_OBJECTS_DIR = /Users/carl.stanley/sites/UKCPA/ukcpa_flutter/build/ios/Pods.build/Release-iphonesimulator/shared_preferences_foundation.build/ResourceManagerResources/Objects
               REZ_SEARCH_PATHS = /Users/carl.stanley/sites/UKCPA/ukcpa_flutter/build/ios/Release-iphonesimulator/shared_preferences_foundation 
               SCAN_ALL_SOURCE_FILES_FOR_INCLUDES = NO
               SCRIPTS_FOLDER_PATH = shared_preferences_foundation.framework/Scripts
               SDKROOT = /Applications/Xcode.app/Contents/Developer/Platforms/iPhoneSimulator.platform/Developer/SDKs/iPhoneSimulator18.0.sdk
               SDK_DIR = /Applications/Xcode.app/Contents/Developer/Platforms/iPhoneSimulator.platform/Developer/SDKs/iPhoneSimulator18.0.sdk
               SDK_DIR_iphonesimulator = /Applications/Xcode.app/Contents/Developer/Platforms/iPhoneSimulator.platform/Developer/SDKs/iPhoneSimulator18.0.sdk
               SDK_DIR_iphonesimulator18_0 = /Applications/Xcode.app/Contents/Developer/Platforms/iPhoneSimulator.platform/Developer/SDKs/iPhoneSimulator18.0.sdk
               SDK_NAME = iphonesimulator18.0
               SDK_NAMES = iphonesimulator18.0
               SDK_PRODUCT_BUILD_VERSION = 22A3362
               SDK_STAT_CACHE_DIR = /var/folders/20/skb3d8qx2hn9r9z8036y32g40000gp/C/com.apple.DeveloperTools/16.0-16A242d/Xcode
               SDK_STAT_CACHE_ENABLE = YES
               SDK_STAT_CACHE_PATH = /var/folders/20/skb3d8qx2hn9r9z8036y32g40000gp/C/com.apple.DeveloperTools/16.0-16A242d/Xcode/SDKStatCaches.noindex/iphonesimulator18.0-22A3362-db63dc9361471f152f572502bdbfe70a.sdkstatcache
               SDK_VERSION = 18.0
               SDK_VERSION_ACTUAL = 180000
               SDK_VERSION_MAJOR = 180000
               SDK_VERSION_MINOR = 180000
               SED = /usr/bin/sed
               SEPARATE_STRIP = NO
               SEPARATE_SYMBOL_EDIT = NO
               SET_DIR_MODE_OWNER_GROUP = YES
               SET_FILE_MODE_OWNER_GROUP = NO
               SHALLOW_BUNDLE = YES
               SHALLOW_BUNDLE_TRIPLE = ios-simulator
               SHALLOW_BUNDLE_ios_macabi = NO
               SHALLOW_BUNDLE_macos = NO
               SHARED_DERIVED_FILE_DIR = /Users/carl.stanley/sites/UKCPA/ukcpa_flutter/build/ios/Release-iphonesimulator/shared_preferences_foundation/DerivedSources
               SHARED_FRAMEWORKS_FOLDER_PATH = shared_preferences_foundation.framework/SharedFrameworks
               SHARED_PRECOMPS_DIR = /Users/carl.stanley/sites/UKCPA/ukcpa_flutter/build/ios/SharedPrecompiledHeaders
               SHARED_SUPPORT_FOLDER_PATH = shared_preferences_foundation.framework
               SKIP_INSTALL = YES
               SOURCE_ROOT = /Users/carl.stanley/sites/UKCPA/ukcpa_flutter/ios/Pods
               SRCROOT = /Users/carl.stanley/sites/UKCPA/ukcpa_flutter/ios/Pods
               STRINGSDATA_DIR = /Users/carl.stanley/sites/UKCPA/ukcpa_flutter/build/ios/Pods.build/Release-iphonesimulator/shared_preferences_foundation.build/Objects-normal/undefined_arch
               STRINGSDATA_ROOT = /Users/carl.stanley/sites/UKCPA/ukcpa_flutter/build/ios/Pods.build/Release-iphonesimulator/shared_preferences_foundation.build
               STRINGS_FILE_INFOPLIST_RENAME = YES
               STRINGS_FILE_OUTPUT_ENCODING = binary
               STRIP_BITCODE_FROM_COPIED_FILES = NO
               STRIP_INSTALLED_PRODUCT = NO
               STRIP_STYLE = debugging
               STRIP_SWIFT_SYMBOLS = YES
               SUPPORTED_DEVICE_FAMILIES = 1,2
               SUPPORTED_PLATFORMS = iphoneos iphonesimulator
               SUPPORTS_TEXT_BASED_API = NO
               SUPPRESS_WARNINGS = NO
               SWIFT_ACTIVE_COMPILATION_CONDITIONS =  
               SWIFT_COMPILATION_MODE = wholemodule
               SWIFT_EMIT_LOC_STRINGS = NO
               SWIFT_INSTALL_MODULE_FOR_DEPLOYMENT = YES
               SWIFT_INSTALL_OBJC_HEADER = YES
               SWIFT_OPTIMIZATION_LEVEL = -O
               SWIFT_PLATFORM_TARGET_PREFIX = ios
               SWIFT_RESPONSE_FILE_PATH_normal_arm64 = /Users/carl.stanley/sites/UKCPA/ukcpa_flutter/build/ios/Pods.build/Release-iphonesimulator/shared_preferences_foundation.build/Objects-normal/arm64/shared_preferences_foundation.SwiftFileList
               SWIFT_RESPONSE_FILE_PATH_normal_x86_64 = /Users/carl.stanley/sites/UKCPA/ukcpa_flutter/build/ios/Pods.build/Release-iphonesimulator/shared_preferences_foundation.build/Objects-normal/x86_64/shared_preferences_foundation.SwiftFileList
               SWIFT_VERSION = 5.0
               SYMROOT = /Users/carl.stanley/sites/UKCPA/ukcpa_flutter/ios/build
               SYSTEM_ADMIN_APPS_DIR = /Applications/Utilities
               SYSTEM_APPS_DIR = /Applications
               SYSTEM_CORE_SERVICES_DIR = /System/Library/CoreServices
               SYSTEM_DEMOS_DIR = /Applications/Extras
               SYSTEM_DEVELOPER_APPS_DIR = /Applications/Xcode.app/Contents/Developer/Applications
               SYSTEM_DEVELOPER_BIN_DIR = /Applications/Xcode.app/Contents/Developer/usr/bin
               SYSTEM_DEVELOPER_DEMOS_DIR = /Applications/Xcode.app/Contents/Developer/Applications/Utilities/Built Examples
               SYSTEM_DEVELOPER_DIR = /Applications/Xcode.app/Contents/Developer
               SYSTEM_DEVELOPER_DOC_DIR = /Applications/Xcode.app/Contents/Developer/ADC Reference Library
               SYSTEM_DEVELOPER_GRAPHICS_TOOLS_DIR = /Applications/Xcode.app/Contents/Developer/Applications/Graphics Tools
               SYSTEM_DEVELOPER_JAVA_TOOLS_DIR = /Applications/Xcode.app/Contents/Developer/Applications/Java Tools
               SYSTEM_DEVELOPER_PERFORMANCE_TOOLS_DIR = /Applications/Xcode.app/Contents/Developer/Applications/Performance Tools
               SYSTEM_DEVELOPER_RELEASENOTES_DIR = /Applications/Xcode.app/Contents/Developer/ADC Reference Library/releasenotes
               SYSTEM_DEVELOPER_TOOLS = /Applications/Xcode.app/Contents/Developer/Tools
               SYSTEM_DEVELOPER_TOOLS_DOC_DIR = /Applications/Xcode.app/Contents/Developer/ADC Reference Library/documentation/DeveloperTools
               SYSTEM_DEVELOPER_TOOLS_RELEASENOTES_DIR = /Applications/Xcode.app/Contents/Developer/ADC Reference Library/releasenotes/DeveloperTools
               SYSTEM_DEVELOPER_USR_DIR = /Applications/Xcode.app/Contents/Developer/usr
               SYSTEM_DEVELOPER_UTILITIES_DIR = /Applications/Xcode.app/Contents/Developer/Applications/Utilities
               SYSTEM_DEXT_INSTALL_PATH = /System/Library/DriverExtensions
               SYSTEM_DOCUMENTATION_DIR = /Library/Documentation
               SYSTEM_EXTENSIONS_FOLDER_PATH = shared_preferences_foundation.framework/SystemExtensions
               SYSTEM_EXTENSIONS_FOLDER_PATH_SHALLOW_BUNDLE_NO = shared_preferences_foundation.framework/Library/SystemExtensions
               SYSTEM_EXTENSIONS_FOLDER_PATH_SHALLOW_BUNDLE_YES = shared_preferences_foundation.framework/SystemExtensions
               SYSTEM_KEXT_INSTALL_PATH = /System/Library/Extensions
               SYSTEM_LIBRARY_DIR = /System/Library
               TAPI_DEMANGLE = YES
               TAPI_ENABLE_PROJECT_HEADERS = NO
               TAPI_LANGUAGE = objective-c
               TAPI_LANGUAGE_STANDARD = compiler-default
               TAPI_USE_SRCROOT = YES
               TAPI_VERIFY_MODE = Pedantic
               TARGETED_DEVICE_FAMILY = 1,2
               TARGETNAME = shared_preferences_foundation
               TARGET_BUILD_DIR = /Users/carl.stanley/sites/UKCPA/ukcpa_flutter/build/ios/Release-iphonesimulator/shared_preferences_foundation
               TARGET_NAME = shared_preferences_foundation
               TARGET_TEMP_DIR = /Users/carl.stanley/sites/UKCPA/ukcpa_flutter/build/ios/Pods.build/Release-iphonesimulator/shared_preferences_foundation.build
               TEMP_DIR = /Users/carl.stanley/sites/UKCPA/ukcpa_flutter/build/ios/Pods.build/Release-iphonesimulator/shared_preferences_foundation.build
               TEMP_FILES_DIR = /Users/carl.stanley/sites/UKCPA/ukcpa_flutter/build/ios/Pods.build/Release-iphonesimulator/shared_preferences_foundation.build
               TEMP_FILE_DIR = /Users/carl.stanley/sites/UKCPA/ukcpa_flutter/build/ios/Pods.build/Release-iphonesimulator/shared_preferences_foundation.build
               TEMP_ROOT = /Users/carl.stanley/sites/UKCPA/ukcpa_flutter/build/ios
               TEST_FRAMEWORK_SEARCH_PATHS =  /Applications/Xcode.app/Contents/Developer/Platforms/iPhoneSimulator.platform/Developer/Library/Frameworks /Applications/Xcode.app/Contents/Developer/Platforms/iPhoneSimulator.platform/Developer/SDKs/iPhoneSimulator18.0.sdk/Developer/Library/Frameworks
               TEST_LIBRARY_SEARCH_PATHS =  /Applications/Xcode.app/Contents/Developer/Platforms/iPhoneSimulator.platform/Developer/usr/lib
               TOOLCHAINS = com.apple.dt.toolchain.XcodeDefault
               TOOLCHAIN_DIR = /Applications/Xcode.app/Contents/Developer/Toolchains/XcodeDefault.xctoolchain
               TREAT_MISSING_BASELINES_AS_TEST_FAILURES = NO
               TREAT_MISSING_SCRIPT_PHASE_OUTPUTS_AS_ERRORS = NO
               UID = 502
               UNINSTALLED_PRODUCTS_DIR = /Users/carl.stanley/sites/UKCPA/ukcpa_flutter/build/ios/UninstalledProducts
               UNLOCALIZED_RESOURCES_FOLDER_PATH = shared_preferences_foundation.framework
               UNLOCALIZED_RESOURCES_FOLDER_PATH_SHALLOW_BUNDLE_NO = shared_preferences_foundation.framework/Resources
               UNLOCALIZED_RESOURCES_FOLDER_PATH_SHALLOW_BUNDLE_YES = shared_preferences_foundation.framework
               UNSTRIPPED_PRODUCT = NO
               USER = carl.stanley
               USER_APPS_DIR = /Users/carl.stanley/Applications
               USER_LIBRARY_DIR = /Users/carl.stanley/Library
               USE_DYNAMIC_NO_PIC = YES
               USE_HEADERMAP = YES
               USE_HEADER_SYMLINKS = NO
               USE_RECURSIVE_SCRIPT_INPUTS_IN_SCRIPT_PHASES = YES
               VALIDATE_DEVELOPMENT_ASSET_PATHS = YES_ERROR
               VALIDATE_PRODUCT = YES
               VALID_ARCHS = arm64 x86_64
               VERBOSE_PBXCP = NO
               VERSIONING_SYSTEM = apple-generic
               VERSIONPLIST_PATH = shared_preferences_foundation.framework/version.plist
               VERSIONS_FOLDER_PATH = shared_preferences_foundation.framework
               VERSIONS_FOLDER_PATH_SHALLOW_BUNDLE_NO = shared_preferences_foundation.framework/Versions
               VERSIONS_FOLDER_PATH_SHALLOW_BUNDLE_YES = shared_preferences_foundation.framework
               VERSION_INFO_BUILDER = carl.stanley
               VERSION_INFO_FILE = shared_preferences_foundation_vers.c
               VERSION_INFO_STRING = "@(#)PROGRAM:shared_preferences_foundation  PROJECT:Pods-1"
               WORKSPACE_DIR = /Users/carl.stanley/sites/UKCPA/ukcpa_flutter/ios/Pods/Pods.xcodeproj
               WRAPPER_EXTENSION = framework
               WRAPPER_NAME = shared_preferences_foundation.framework
               WRAPPER_SUFFIX = .framework
               WRAP_ASSET_PACKS_IN_SEPARATE_DIRECTORIES = NO
               XCODE_APP_SUPPORT_DIR = /Applications/Xcode.app/Contents/Developer/Library/Xcode
               XCODE_PRODUCT_BUILD_VERSION = 16A242d
               XCODE_VERSION_ACTUAL = 1600
               XCODE_VERSION_MAJOR = 1600
               XCODE_VERSION_MINOR = 1600
               XPCSERVICES_FOLDER_PATH = shared_preferences_foundation.framework/XPCServices
               YACC = yacc
               _WRAPPER_CONTENTS_DIR_SHALLOW_BUNDLE_NO = /Contents
               _WRAPPER_PARENT_PATH_SHALLOW_BUNDLE_NO = /..
               _WRAPPER_RESOURCES_DIR_SHALLOW_BUNDLE_NO = /Resources
               arch = undefined_arch
               variant = normal

           Build settings for action build and target shared_preferences_foundation-shared_preferences_foundation_privacy:
               ACTION = build
               AD_HOC_CODE_SIGNING_ALLOWED = YES
               ALLOW_BUILD_REQUEST_OVERRIDES = NO
               ALLOW_TARGET_PLATFORM_SPECIALIZATION = NO
               ALTERNATE_GROUP = staff
               ALTERNATE_MODE = u+w,go-w,a+rX
               ALTERNATE_OWNER = carl.stanley
               ALTERNATIVE_DISTRIBUTION_WEB = NO
               ALWAYS_EMBED_SWIFT_STANDARD_LIBRARIES = NO
               ALWAYS_SEARCH_USER_PATHS = NO
               ALWAYS_USE_SEPARATE_HEADERMAPS = NO
               APPLE_INTERNAL_DEVELOPER_DIR = /AppleInternal/Developer
               APPLE_INTERNAL_DIR = /AppleInternal
               APPLE_INTERNAL_DOCUMENTATION_DIR = /AppleInternal/Documentation
               APPLE_INTERNAL_LIBRARY_DIR = /AppleInternal/Library
               APPLE_INTERNAL_TOOLS = /AppleInternal/Developer/Tools
               APPLICATION_EXTENSION_API_ONLY = NO
               APPLY_RULES_IN_COPY_FILES = NO
               APPLY_RULES_IN_COPY_HEADERS = NO
               APP_SHORTCUTS_ENABLE_FLEXIBLE_MATCHING = YES
               ARCHS = arm64 x86_64
               ARCHS_STANDARD = arm64 x86_64
               ARCHS_STANDARD_32_64_BIT = arm64 i386 x86_64
               ARCHS_STANDARD_32_BIT = i386
               ARCHS_STANDARD_64_BIT = arm64 x86_64
               ARCHS_STANDARD_INCLUDING_64_BIT = arm64 x86_64
               ARCHS_UNIVERSAL_IPHONE_OS = arm64 i386 x86_64
               ASSETCATALOG_COMPILER_GENERATE_ASSET_SYMBOLS = YES
               AUTOMATICALLY_MERGE_DEPENDENCIES = NO
               AVAILABLE_PLATFORMS = appletvos appletvsimulator driverkit iphoneos iphonesimulator macosx watchos watchsimulator xros xrsimulator
               BITCODE_GENERATION_MODE = marker
               BUILD_ACTIVE_RESOURCES_ONLY = NO
               BUILD_COMPONENTS = headers build
               BUILD_DIR = /Users/carl.stanley/sites/UKCPA/ukcpa_flutter/build/ios
               BUILD_LIBRARY_FOR_DISTRIBUTION = NO
               BUILD_ROOT = /Users/carl.stanley/sites/UKCPA/ukcpa_flutter/ios/build
               BUILD_STYLE = 
               BUILD_VARIANTS = normal
               BUILT_PRODUCTS_DIR = /Users/carl.stanley/sites/UKCPA/ukcpa_flutter/build/ios/Release-iphonesimulator/shared_preferences_foundation
               BUNDLE_CONTENTS_FOLDER_PATH_deep = Contents/
               BUNDLE_EXECUTABLE_FOLDER_NAME_deep = MacOS
               BUNDLE_EXTENSIONS_FOLDER_PATH = Extensions
               BUNDLE_FORMAT = shallow
               BUNDLE_FRAMEWORKS_FOLDER_PATH = Frameworks
               BUNDLE_PLUGINS_FOLDER_PATH = PlugIns
               BUNDLE_PRIVATE_HEADERS_FOLDER_PATH = PrivateHeaders
               BUNDLE_PUBLIC_HEADERS_FOLDER_PATH = Headers
               CACHE_ROOT = /var/folders/20/skb3d8qx2hn9r9z8036y32g40000gp/C/com.apple.DeveloperTools/16.0-16A242d/Xcode
               CCHROOT = /var/folders/20/skb3d8qx2hn9r9z8036y32g40000gp/C/com.apple.DeveloperTools/16.0-16A242d/Xcode
               CHMOD = /bin/chmod
               CHOWN = /usr/sbin/chown
               CLANG_ANALYZER_LOCALIZABILITY_NONLOCALIZED = YES
               CLANG_ANALYZER_NONNULL = YES
               CLANG_ANALYZER_NUMBER_OBJECT_CONVERSION = YES_AGGRESSIVE
               CLANG_CACHE_FINE_GRAINED_OUTPUTS = YES
               CLANG_CXX_LANGUAGE_STANDARD = gnu++14
               CLANG_CXX_LIBRARY = libc++
               CLANG_ENABLE_EXPLICIT_MODULES = YES
               CLANG_ENABLE_MODULES = YES
               CLANG_ENABLE_OBJC_ARC = YES
               CLANG_ENABLE_OBJC_WEAK = YES
               CLANG_MODULES_BUILD_SESSION_FILE = /var/folders/20/skb3d8qx2hn9r9z8036y32g40000gp/C/org.llvm.clang/ModuleCache.noindex/Session.modulevalidation
               CLANG_WARN_BLOCK_CAPTURE_AUTORELEASING = YES
               CLANG_WARN_BOOL_CONVERSION = YES
               CLANG_WARN_COMMA = YES
               CLANG_WARN_CONSTANT_CONVERSION = YES
               CLANG_WARN_DEPRECATED_OBJC_IMPLEMENTATIONS = YES
               CLANG_WARN_DIRECT_OBJC_ISA_USAGE = YES_ERROR
               CLANG_WARN_DOCUMENTATION_COMMENTS = YES
               CLANG_WARN_EMPTY_BODY = YES
               CLANG_WARN_ENUM_CONVERSION = YES
               CLANG_WARN_INFINITE_RECURSION = YES
               CLANG_WARN_INT_CONVERSION = YES
               CLANG_WARN_NON_LITERAL_NULL_CONVERSION = YES
               CLANG_WARN_OBJC_IMPLICIT_RETAIN_SELF = YES
               CLANG_WARN_OBJC_LITERAL_CONVERSION = YES
               CLANG_WARN_OBJC_ROOT_CLASS = YES_ERROR
               CLANG_WARN_QUOTED_INCLUDE_IN_FRAMEWORK_HEADER = NO
               CLANG_WARN_RANGE_LOOP_ANALYSIS = YES
               CLANG_WARN_STRICT_PROTOTYPES = YES
               CLANG_WARN_SUSPICIOUS_MOVE = YES
               CLANG_WARN_UNGUARDED_AVAILABILITY = YES_AGGRESSIVE
               CLANG_WARN_UNREACHABLE_CODE = YES
               CLANG_WARN__DUPLICATE_METHOD_MATCH = YES
               CLASS_FILE_DIR = /Users/carl.stanley/sites/UKCPA/ukcpa_flutter/build/ios/Pods.build/Release-iphonesimulator/shared_preferences_foundation-shared_preferences_foundation_privacy.build/JavaClasses
               CLEAN_PRECOMPS = YES
               CLONE_HEADERS = NO
               CODESIGNING_FOLDER_PATH = /Users/carl.stanley/sites/UKCPA/ukcpa_flutter/build/ios/Release-iphonesimulator/shared_preferences_foundation/shared_preferences_foundation_privacy.bundle
               CODE_SIGNING_ALLOWED = NO
               CODE_SIGNING_IDENTITY = -
               CODE_SIGNING_REQUIRED = NO
               CODE_SIGN_CONTEXT_CLASS = XCiPhoneSimulatorCodeSignContext
               CODE_SIGN_IDENTITY = -
               CODE_SIGN_INJECT_BASE_ENTITLEMENTS = YES
               COLOR_DIAGNOSTICS = NO
               COMBINE_HIDPI_IMAGES = NO
               COMPILATION_CACHE_CAS_PATH = /var/folders/20/skb3d8qx2hn9r9z8036y32g40000gp/C/com.apple.DeveloperTools/16.0-16A242d/Xcode/CompilationCache.noindex
               COMPILATION_CACHE_KEEP_CAS_DIRECTORY = YES
               COMPILER_INDEX_STORE_ENABLE = Default
               COMPOSITE_SDK_DIRS = /Users/carl.stanley/sites/UKCPA/ukcpa_flutter/build/ios/CompositeSDKs
               COMPRESS_PNG_FILES = YES
               CONFIGURATION = Release
               CONFIGURATION_BUILD_DIR = /Users/carl.stanley/sites/UKCPA/ukcpa_flutter/build/ios/Release-iphonesimulator/shared_preferences_foundation
               CONFIGURATION_TEMP_DIR = /Users/carl.stanley/sites/UKCPA/ukcpa_flutter/build/ios/Pods.build/Release-iphonesimulator
               CONTENTS_FOLDER_PATH = shared_preferences_foundation_privacy.bundle
               CONTENTS_FOLDER_PATH_SHALLOW_BUNDLE_NO = shared_preferences_foundation_privacy.bundle/Contents
               CONTENTS_FOLDER_PATH_SHALLOW_BUNDLE_YES = shared_preferences_foundation_privacy.bundle
               COPYING_PRESERVES_HFS_DATA = NO
               COPY_HEADERS_RUN_UNIFDEF = NO
               COPY_PHASE_STRIP = NO
               CORRESPONDING_DEVICE_PLATFORM_DIR = /Applications/Xcode.app/Contents/Developer/Platforms/iPhoneOS.platform
               CORRESPONDING_DEVICE_PLATFORM_NAME = iphoneos
               CORRESPONDING_DEVICE_SDK_DIR = /Applications/Xcode.app/Contents/Developer/Platforms/iPhoneOS.platform/Developer/SDKs/iPhoneOS18.0.sdk
               CORRESPONDING_DEVICE_SDK_NAME = iphoneos18.0
               CP = /bin/cp
               CREATE_INFOPLIST_SECTION_IN_BINARY = NO
               CURRENT_ARCH = undefined_arch
               CURRENT_VARIANT = normal
               DEAD_CODE_STRIPPING = YES
               DEBUGGING_SYMBOLS = YES
               DEBUG_INFORMATION_FORMAT = dwarf-with-dsym
               DEBUG_INFORMATION_VERSION = compiler-default
               DEFAULT_COMPILER = com.apple.compilers.llvm.clang.1_0
               DEFAULT_DEXT_INSTALL_PATH = /System/Library/DriverExtensions
               DEFAULT_KEXT_INSTALL_PATH = /System/Library/Extensions
               DEFINES_MODULE = YES
               DEPLOYMENT_LOCATION = NO
               DEPLOYMENT_POSTPROCESSING = NO
               DEPLOYMENT_TARGET_SETTING_NAME = IPHONEOS_DEPLOYMENT_TARGET
               DEPLOYMENT_TARGET_SUGGESTED_VALUES = 12.0 12.1 12.2 12.3 12.4 13.0 13.1 13.2 13.3 13.4 13.5 13.6 14.0 14.1 14.2 14.3 14.4 14.5 14.6 14.7 15.0 15.1 15.2 15.3 15.4 15.5 15.6 16.0 16.1 16.2 16.3 16.4 16.5 16.6 17.0 17.1 17.2 17.3 17.4 17.5 17.6 18.0
               DERIVED_FILES_DIR = /Users/carl.stanley/sites/UKCPA/ukcpa_flutter/build/ios/Pods.build/Release-iphonesimulator/shared_preferences_foundation-shared_preferences_foundation_privacy.build/DerivedSources
               DERIVED_FILE_DIR = /Users/carl.stanley/sites/UKCPA/ukcpa_flutter/build/ios/Pods.build/Release-iphonesimulator/shared_preferences_foundation-shared_preferences_foundation_privacy.build/DerivedSources
               DERIVED_SOURCES_DIR = /Users/carl.stanley/sites/UKCPA/ukcpa_flutter/build/ios/Pods.build/Release-iphonesimulator/shared_preferences_foundation-shared_preferences_foundation_privacy.build/DerivedSources
               DEVELOPER_APPLICATIONS_DIR = /Applications/Xcode.app/Contents/Developer/Applications
               DEVELOPER_BIN_DIR = /Applications/Xcode.app/Contents/Developer/usr/bin
               DEVELOPER_DIR = /Applications/Xcode.app/Contents/Developer
               DEVELOPER_FRAMEWORKS_DIR = /Applications/Xcode.app/Contents/Developer/Library/Frameworks
               DEVELOPER_FRAMEWORKS_DIR_QUOTED = /Applications/Xcode.app/Contents/Developer/Library/Frameworks
               DEVELOPER_LIBRARY_DIR = /Applications/Xcode.app/Contents/Developer/Library
               DEVELOPER_SDK_DIR = /Applications/Xcode.app/Contents/Developer/Platforms/MacOSX.platform/Developer/SDKs
               DEVELOPER_TOOLS_DIR = /Applications/Xcode.app/Contents/Developer/Tools
               DEVELOPER_USR_DIR = /Applications/Xcode.app/Contents/Developer/usr
               DEVELOPMENT_LANGUAGE = en
               DIFF = /usr/bin/diff
               DOCUMENTATION_FOLDER_PATH = shared_preferences_foundation_privacy.bundle/en.lproj/Documentation
               DONT_GENERATE_INFOPLIST_FILE = NO
               DSTROOT = /tmp/Pods.dst
               DT_TOOLCHAIN_DIR = /Applications/Xcode.app/Contents/Developer/Toolchains/XcodeDefault.xctoolchain
               DWARF_DSYM_FILE_NAME = shared_preferences_foundation_privacy.bundle.dSYM
               DWARF_DSYM_FILE_SHOULD_ACCOMPANY_PRODUCT = NO
               DWARF_DSYM_FOLDER_PATH = /Users/carl.stanley/sites/UKCPA/ukcpa_flutter/build/ios/Release-iphonesimulator/shared_preferences_foundation
               DYNAMIC_LIBRARY_EXTENSION = dylib
               EAGER_COMPILATION_ALLOW_SCRIPTS = NO
               EAGER_LINKING = NO
               EFFECTIVE_PLATFORM_NAME = -iphonesimulator
               EMBEDDED_CONTENT_CONTAINS_SWIFT = NO
               EMBED_ASSET_PACKS_IN_PRODUCT_BUNDLE = NO
               ENABLE_APP_SANDBOX = NO
               ENABLE_BITCODE = NO
               ENABLE_CODE_COVERAGE = YES
               ENABLE_DEFAULT_HEADER_SEARCH_PATHS = YES
               ENABLE_DEFAULT_SEARCH_PATHS = YES
               ENABLE_HARDENED_RUNTIME = NO
               ENABLE_HEADER_DEPENDENCIES = YES
               ENABLE_NS_ASSERTIONS = NO
               ENABLE_ON_DEMAND_RESOURCES = NO
               ENABLE_STRICT_OBJC_MSGSEND = YES
               ENABLE_TESTABILITY = NO
               ENABLE_TESTING_SEARCH_PATHS = NO
               ENABLE_USER_SCRIPT_SANDBOXING = NO
               ENTITLEMENTS_DESTINATION = __entitlements
               ENTITLEMENTS_REQUIRED = NO
               EXCLUDED_INSTALLSRC_SUBDIRECTORY_PATTERNS = .DS_Store .svn .git .hg CVS
               EXCLUDED_RECURSIVE_SEARCH_PATH_SUBDIRECTORIES = *.nib *.lproj *.framework *.gch *.xcode* *.xcassets (*) .DS_Store CVS .svn .git .hg *.pbproj *.pbxproj
               EXECUTABLES_FOLDER_PATH = shared_preferences_foundation_privacy.bundle/Executables
               EXECUTABLE_FOLDER_PATH = shared_preferences_foundation_privacy.bundle
               EXECUTABLE_FOLDER_PATH_SHALLOW_BUNDLE_NO = shared_preferences_foundation_privacy.bundle/MacOS
               EXECUTABLE_FOLDER_PATH_SHALLOW_BUNDLE_YES = shared_preferences_foundation_privacy.bundle
               EXECUTABLE_NAME = shared_preferences_foundation_privacy
               EXECUTABLE_PATH = shared_preferences_foundation_privacy.bundle/shared_preferences_foundation_privacy
               EXPANDED_CODE_SIGN_IDENTITY = -
               EXTENSIONS_FOLDER_PATH = shared_preferences_foundation_privacy.bundle/Extensions
               FILE_LIST = /Users/carl.stanley/sites/UKCPA/ukcpa_flutter/build/ios/Pods.build/Release-iphonesimulator/shared_preferences_foundation-shared_preferences_foundation_privacy.build/Objects/LinkFileList
               FIXED_FILES_DIR = /Users/carl.stanley/sites/UKCPA/ukcpa_flutter/build/ios/Pods.build/Release-iphonesimulator/shared_preferences_foundation-shared_preferences_foundation_privacy.build/FixedFiles
               FRAMEWORKS_FOLDER_PATH = shared_preferences_foundation_privacy.bundle/Frameworks
               FRAMEWORK_FLAG_PREFIX = -framework
               FRAMEWORK_SEARCH_PATHS = /Users/carl.stanley/sites/UKCPA/ukcpa_flutter/build/ios/Release-iphonesimulator/shared_preferences_foundation 
               FRAMEWORK_VERSION = A
               FULL_PRODUCT_NAME = shared_preferences_foundation_privacy.bundle
               FUSE_BUILD_PHASES = YES
               FUSE_BUILD_SCRIPT_PHASES = NO
               GCC3_VERSION = 3.3
               GCC_C_LANGUAGE_STANDARD = gnu11
               GCC_INLINES_ARE_PRIVATE_EXTERN = YES
               GCC_NO_COMMON_BLOCKS = YES
               GCC_OBJC_LEGACY_DISPATCH = YES
               GCC_PFE_FILE_C_DIALECTS = c objective-c c++ objective-c++
               GCC_PREPROCESSOR_DEFINITIONS = POD_CONFIGURATION_RELEASE=1  COCOAPODS=1
               GCC_TREAT_WARNINGS_AS_ERRORS = NO
               GCC_VERSION = com.apple.compilers.llvm.clang.1_0
               GCC_VERSION_IDENTIFIER = com_apple_compilers_llvm_clang_1_0
               GCC_WARN_64_TO_32_BIT_CONVERSION = YES
               GCC_WARN_ABOUT_RETURN_TYPE = YES_ERROR
               GCC_WARN_UNDECLARED_SELECTOR = YES
               GCC_WARN_UNINITIALIZED_AUTOS = YES_AGGRESSIVE
               GCC_WARN_UNUSED_FUNCTION = YES
               GCC_WARN_UNUSED_VARIABLE = YES
               GENERATED_MODULEMAP_DIR = /Users/carl.stanley/sites/UKCPA/ukcpa_flutter/build/ios/GeneratedModuleMaps-iphonesimulator
               GENERATE_INFOPLIST_FILE = NO
               GENERATE_INTERMEDIATE_TEXT_BASED_STUBS = YES
               GENERATE_MASTER_OBJECT_FILE = NO
               GENERATE_PKGINFO_FILE = NO
               GENERATE_PROFILING_CODE = NO
               GENERATE_TEXT_BASED_STUBS = NO
               GID = 20
               GROUP = staff
               HEADERMAP_INCLUDES_FLAT_ENTRIES_FOR_TARGET_BEING_BUILT = YES
               HEADERMAP_INCLUDES_FRAMEWORK_ENTRIES_FOR_ALL_PRODUCT_TYPES = YES
               HEADERMAP_INCLUDES_FRAMEWORK_ENTRIES_FOR_TARGETS_NOT_BEING_BUILT = YES
               HEADERMAP_INCLUDES_NONPUBLIC_NONPRIVATE_HEADERS = YES
               HEADERMAP_INCLUDES_PROJECT_HEADERS = YES
               HEADERMAP_USES_FRAMEWORK_PREFIX_ENTRIES = YES
               HEADERMAP_USES_VFS = YES
               HEADER_SEARCH_PATHS = /Users/carl.stanley/sites/UKCPA/ukcpa_flutter/build/ios/Release-iphonesimulator/shared_preferences_foundation/include 
               HIDE_BITCODE_SYMBOLS = YES
               HOME = /Users/carl.stanley
               HOST_ARCH = arm64
               HOST_PLATFORM = macosx
               IBSC_MODULE = shared_preferences_foundation
               ICONV = /usr/bin/iconv
               IMPLICIT_DEPENDENCY_DOMAIN = default
               INFOPLIST_ENABLE_CFBUNDLEICONS_MERGE = YES
               INFOPLIST_EXPAND_BUILD_SETTINGS = YES
               INFOPLIST_FILE = Target Support Files/shared_preferences_foundation/ResourceBundle-shared_preferences_foundation_privacy-shared_preferences_foundation-Info.plist
               INFOPLIST_OUTPUT_FORMAT = binary
               INFOPLIST_PATH = shared_preferences_foundation_privacy.bundle/Info.plist
               INFOPLIST_PREPROCESS = NO
               INFOSTRINGS_PATH = shared_preferences_foundation_privacy.bundle/en.lproj/InfoPlist.strings
               INLINE_PRIVATE_FRAMEWORKS = NO
               INSTALLHDRS_COPY_PHASE = NO
               INSTALLHDRS_SCRIPT_PHASE = NO
               INSTALL_DIR = /tmp/Pods.dst
               INSTALL_GROUP = staff
               INSTALL_MODE_FLAG = u+w,go-w,a+rX
               INSTALL_OWNER = carl.stanley
               INSTALL_ROOT = /tmp/Pods.dst
               IPHONEOS_DEPLOYMENT_TARGET = 13.0
               IS_UNOPTIMIZED_BUILD = NO
               JAVAC_DEFAULT_FLAGS = -J-Xms64m -J-XX:NewSize=4M -J-Dfile.encoding=UTF8
               JAVA_APP_STUB = /System/Library/Frameworks/JavaVM.framework/Resources/MacOS/JavaApplicationStub
               JAVA_ARCHIVE_CLASSES = YES
               JAVA_ARCHIVE_TYPE = JAR
               JAVA_COMPILER = /usr/bin/javac
               JAVA_FOLDER_PATH = shared_preferences_foundation_privacy.bundle/Java
               JAVA_FRAMEWORK_RESOURCES_DIRS = Resources
               JAVA_JAR_FLAGS = cv
               JAVA_SOURCE_SUBDIR = .
               JAVA_USE_DEPENDENCIES = YES
               JAVA_ZIP_FLAGS = -urg
               JIKES_DEFAULT_FLAGS = +E +OLDCSO
               KEEP_PRIVATE_EXTERNS = NO
               LD_DEPENDENCY_INFO_FILE = /Users/carl.stanley/sites/UKCPA/ukcpa_flutter/build/ios/Pods.build/Release-iphonesimulator/shared_preferences_foundation-shared_preferences_foundation_privacy.build/Objects-normal/undefined_arch/shared_preferences_foundation_privacy_dependency_info.dat
               LD_EXPORT_SYMBOLS = YES
               LD_GENERATE_MAP_FILE = NO
               LD_MAP_FILE_PATH = /Users/carl.stanley/sites/UKCPA/ukcpa_flutter/build/ios/Pods.build/Release-iphonesimulator/shared_preferences_foundation-shared_preferences_foundation_privacy.build/shared_preferences_foundation_privacy-LinkMap-normal-undefined_arch.txt
               LD_NO_PIE = NO
               LD_QUOTE_LINKER_ARGUMENTS_FOR_COMPILER_DRIVER = YES
               LD_RUNPATH_SEARCH_PATHS =  /usr/lib/swift
               LD_SHARED_CACHE_ELIGIBLE = Automatic
               LD_WARN_DUPLICATE_LIBRARIES = NO
               LD_WARN_UNUSED_DYLIBS = NO
               LEGACY_DEVELOPER_DIR = /Applications/Xcode.app/Contents/PlugIns/Xcode3Core.ideplugin/Contents/SharedSupport/Developer
               LEX = lex
               LIBRARY_DEXT_INSTALL_PATH = /Library/DriverExtensions
               LIBRARY_FLAG_NOSPACE = YES
               LIBRARY_FLAG_PREFIX = -l
               LIBRARY_KEXT_INSTALL_PATH = /Library/Extensions
               LIBRARY_SEARCH_PATHS = /Users/carl.stanley/sites/UKCPA/ukcpa_flutter/build/ios/Release-iphonesimulator/shared_preferences_foundation /Applications/Xcode.app/Contents/Developer/Toolchains/XcodeDefault.xctoolchain/usr/lib/swift/iphonesimulator /Applications/Xcode.app/Contents/Developer/Platforms/iPhoneSimulator.platform/Developer/SDKs/iPhoneSimulator18.0.sdk/usr/lib/swift /Applications/Xcode.app/Contents/Developer/Toolchains/XcodeDefault.xctoolchain/usr/lib/swift/iphonesimulator/ /Applications/Xcode.app/Contents/Developer/Platforms/iPhoneSimulator.platform/Developer/SDKs/iPhoneSimulator18.0.sdk/usr/lib/swift
               LINKER_DISPLAYS_MANGLED_NAMES = NO
               LINK_FILE_LIST_normal_arm64 = /Users/carl.stanley/sites/UKCPA/ukcpa_flutter/build/ios/Pods.build/Release-iphonesimulator/shared_preferences_foundation-shared_preferences_foundation_privacy.build/Objects-normal/arm64/shared_preferences_foundation_privacy.LinkFileList
               LINK_FILE_LIST_normal_x86_64 = /Users/carl.stanley/sites/UKCPA/ukcpa_flutter/build/ios/Pods.build/Release-iphonesimulator/shared_preferences_foundation-shared_preferences_foundation_privacy.build/Objects-normal/x86_64/shared_preferences_foundation_privacy.LinkFileList
               LINK_OBJC_RUNTIME = YES
               LINK_WITH_STANDARD_LIBRARIES = YES
               LLVM_TARGET_TRIPLE_OS_VERSION = ios13.0
               LLVM_TARGET_TRIPLE_SUFFIX = -simulator
               LLVM_TARGET_TRIPLE_VENDOR = apple
               LM_AUX_CONST_METADATA_LIST_PATH_normal_arm64 = /Users/carl.stanley/sites/UKCPA/ukcpa_flutter/build/ios/Pods.build/Release-iphonesimulator/shared_preferences_foundation-shared_preferences_foundation_privacy.build/Objects-normal/arm64/shared_preferences_foundation_privacy.SwiftConstValuesFileList
               LM_AUX_CONST_METADATA_LIST_PATH_normal_x86_64 = /Users/carl.stanley/sites/UKCPA/ukcpa_flutter/build/ios/Pods.build/Release-iphonesimulator/shared_preferences_foundation-shared_preferences_foundation_privacy.build/Objects-normal/x86_64/shared_preferences_foundation_privacy.SwiftConstValuesFileList
               LOCALIZATION_EXPORT_SUPPORTED = YES
               LOCALIZATION_PREFERS_STRING_CATALOGS = NO
               LOCALIZED_RESOURCES_FOLDER_PATH = shared_preferences_foundation_privacy.bundle/en.lproj
               LOCALIZED_STRING_MACRO_NAMES = NSLocalizedString CFCopyLocalizedString
               LOCALIZED_STRING_SWIFTUI_SUPPORT = YES
               LOCAL_ADMIN_APPS_DIR = /Applications/Utilities
               LOCAL_APPS_DIR = /Applications
               LOCAL_DEVELOPER_DIR = /Library/Developer
               LOCAL_LIBRARY_DIR = /Library
               LOCROOT = /Users/carl.stanley/sites/UKCPA/ukcpa_flutter/ios/Pods
               LOCSYMROOT = /Users/carl.stanley/sites/UKCPA/ukcpa_flutter/ios/Pods
               MACH_O_TYPE = mh_bundle
               MAC_OS_X_PRODUCT_BUILD_VERSION = 24G84
               MAC_OS_X_VERSION_ACTUAL = 150600
               MAC_OS_X_VERSION_MAJOR = 150000
               MAC_OS_X_VERSION_MINOR = 150600
               MAKE_MERGEABLE = NO
               MERGEABLE_LIBRARY = NO
               MERGED_BINARY_TYPE = none
               MERGE_LINKED_LIBRARIES = NO
               METAL_LIBRARY_FILE_BASE = default
               METAL_LIBRARY_OUTPUT_DIR = /Users/carl.stanley/sites/UKCPA/ukcpa_flutter/build/ios/Release-iphonesimulator/shared_preferences_foundation/shared_preferences_foundation_privacy.bundle
               MODULES_FOLDER_PATH = shared_preferences_foundation_privacy.bundle/Modules
               MTL_ENABLE_DEBUG_INFO = NO
               MTL_FAST_MATH = YES
               NATIVE_ARCH = arm64
               NATIVE_ARCH_32_BIT = arm
               NATIVE_ARCH_64_BIT = arm64
               NATIVE_ARCH_ACTUAL = arm64
               NO_COMMON = YES
               OBJC_ABI_VERSION = 2
               OBJECT_FILE_DIR = /Users/carl.stanley/sites/UKCPA/ukcpa_flutter/build/ios/Pods.build/Release-iphonesimulator/shared_preferences_foundation-shared_preferences_foundation_privacy.build/Objects
               OBJECT_FILE_DIR_normal = /Users/carl.stanley/sites/UKCPA/ukcpa_flutter/build/ios/Pods.build/Release-iphonesimulator/shared_preferences_foundation-shared_preferences_foundation_privacy.build/Objects-normal
               OBJROOT = /Users/carl.stanley/sites/UKCPA/ukcpa_flutter/build/ios
               ONLY_ACTIVE_ARCH = NO
               OS = MACOS
               OSAC = /usr/bin/osacompile
               OTHER_SWIFT_FLAGS =  -D COCOAPODS
               PACKAGE_TYPE = com.apple.package-type.wrapper
               PASCAL_STRINGS = YES
               PATH = /Applications/Xcode.app/Contents/SharedFrameworks/XCBuild.framework/Versions/A/PlugIns/XCBBuildService.bundle/Contents/PlugIns/XCBSpecifications.ideplugin/Contents/Resources:/Applications/Xcode.app/Contents/SharedFrameworks/XCBuild.framework/Versions/A/PlugIns/XCBBuildService.bundle/Contents/PlugIns/XCBSpecifications.ideplugin:/Applications/Xcode.app/Contents/Developer/Toolchains/XcodeDefault.xctoolchain/usr/bin:/Applications/Xcode.app/Contents/Developer/Toolchains/XcodeDefault.xctoolchain/usr/appleinternal/bin:/Applications/Xcode.app/Contents/Developer/Toolchains/XcodeDefault.xctoolchain/usr/local/bin:/Applications/Xcode.app/Contents/Developer/Toolchains/XcodeDefault.xctoolchain/usr/libexec:/Applications/Xcode.app/Contents/Developer/Platforms/iPhoneSimulator.platform/usr/bin:/Applications/Xcode.app/Contents/Developer/Platforms/iPhoneSimulator.platform/usr/appleinternal/bin:/Applications/Xcode.app/Contents/Developer/Platforms/iPhoneSimulator.platform/usr/local/bin:/Applications/Xcode.app/Contents/Developer/Platforms/iPhoneSimulator.platform/Developer/usr/bin:/Applications/Xcode.app/Contents/Developer/Platforms/iPhoneSimulator.platform/Developer/usr/local/bin:/Applications/Xcode.app/Contents/Developer/usr/bin:/Applications/Xcode.app/Contents/Developer/usr/local/bin:/opt/homebrew/Cellar/pyenv-virtualenv/1.2.4/shims:/Users/carl.stanley/.pyenv/shims:/Users/carl.stanley/.pyenv/bin:/Users/carl.stanley/.nvm/versions/node/v18.17.0/bin:/Users/carl.stanley/development/flutter/bin:/opt/homebrew/bin:/opt/homebrew/sbin:/Users/carl.stanley/.local/bin:/usr/local/bin:/System/Cryptexes/App/usr/bin:/usr/bin:/bin:/usr/sbin:/sbin:/var/run/com.apple.security.cryptexd/codex.system/bootstrap/usr/local/bin:/var/run/com.apple.security.cryptexd/codex.system/bootstrap/usr/bin:/var/run/com.apple.security.cryptexd/codex.system/bootstrap/usr/appleinternal/bin:/Library/Apple/usr/bin:/usr/local/sbin:/usr/local/go/bin:/Users/carl.stanley/.pub-cache/bin
               PATH_PREFIXES_EXCLUDED_FROM_HEADER_DEPENDENCIES = /usr/include /usr/local/include /System/Library/Frameworks /System/Library/PrivateFrameworks /Applications/Xcode.app/Contents/Developer/Headers /Applications/Xcode.app/Contents/Developer/SDKs /Applications/Xcode.app/Contents/Developer/Platforms
               PBDEVELOPMENTPLIST_PATH = shared_preferences_foundation_privacy.bundle/pbdevelopment.plist
               PER_ARCH_OBJECT_FILE_DIR = /Users/carl.stanley/sites/UKCPA/ukcpa_flutter/build/ios/Pods.build/Release-iphonesimulator/shared_preferences_foundation-shared_preferences_foundation_privacy.build/Objects-normal/undefined_arch
               PER_VARIANT_OBJECT_FILE_DIR = /Users/carl.stanley/sites/UKCPA/ukcpa_flutter/build/ios/Pods.build/Release-iphonesimulator/shared_preferences_foundation-shared_preferences_foundation_privacy.build/Objects-normal
               PKGINFO_FILE_PATH = /Users/carl.stanley/sites/UKCPA/ukcpa_flutter/build/ios/Pods.build/Release-iphonesimulator/shared_preferences_foundation-shared_preferences_foundation_privacy.build/PkgInfo
               PKGINFO_PATH = shared_preferences_foundation_privacy.bundle/PkgInfo
               PLATFORM_DEVELOPER_APPLICATIONS_DIR = /Applications/Xcode.app/Contents/Developer/Platforms/iPhoneSimulator.platform/Developer/Applications
               PLATFORM_DEVELOPER_BIN_DIR = /Applications/Xcode.app/Contents/Developer/Platforms/iPhoneSimulator.platform/Developer/usr/bin
               PLATFORM_DEVELOPER_LIBRARY_DIR = /Applications/Xcode.app/Contents/Developer/Platforms/iPhoneSimulator.platform/Developer/Library
               PLATFORM_DEVELOPER_SDK_DIR = /Applications/Xcode.app/Contents/Developer/Platforms/iPhoneSimulator.platform/Developer/SDKs
               PLATFORM_DEVELOPER_TOOLS_DIR = /Applications/Xcode.app/Contents/Developer/Platforms/iPhoneSimulator.platform/Developer/Tools
               PLATFORM_DEVELOPER_USR_DIR = /Applications/Xcode.app/Contents/Developer/Platforms/iPhoneSimulator.platform/Developer/usr
               PLATFORM_DIR = /Applications/Xcode.app/Contents/Developer/Platforms/iPhoneSimulator.platform
               PLATFORM_DISPLAY_NAME = iOS Simulator
               PLATFORM_FAMILY_NAME = iOS
               PLATFORM_NAME = iphonesimulator
               PLATFORM_PREFERRED_ARCH = x86_64
               PLATFORM_PRODUCT_BUILD_VERSION = 22A3362
               PLIST_FILE_OUTPUT_FORMAT = binary
               PLUGINS_FOLDER_PATH = shared_preferences_foundation_privacy.bundle/PlugIns
               PODS_BUILD_DIR = /Users/carl.stanley/sites/UKCPA/ukcpa_flutter/build/ios
               PODS_CONFIGURATION_BUILD_DIR = /Users/carl.stanley/sites/UKCPA/ukcpa_flutter/build/ios/Release-iphonesimulator
               PODS_DEVELOPMENT_LANGUAGE = en
               PODS_ROOT = /Users/carl.stanley/sites/UKCPA/ukcpa_flutter/ios/Pods
               PODS_TARGET_SRCROOT = /Users/carl.stanley/sites/UKCPA/ukcpa_flutter/ios/Pods/../.symlinks/plugins/shared_preferences_foundation/darwin
               PODS_XCFRAMEWORKS_BUILD_DIR = /Users/carl.stanley/sites/UKCPA/ukcpa_flutter/build/ios/Release-iphonesimulator/XCFrameworkIntermediates
               PRECOMPS_INCLUDE_HEADERS_FROM_BUILT_PRODUCTS_DIR = YES
               PRECOMP_DESTINATION_DIR = /Users/carl.stanley/sites/UKCPA/ukcpa_flutter/build/ios/Pods.build/Release-iphonesimulator/shared_preferences_foundation-shared_preferences_foundation_privacy.build/PrefixHeaders
               PRIVATE_HEADERS_FOLDER_PATH = shared_preferences_foundation_privacy.bundle/PrivateHeaders
               PROCESSED_INFOPLIST_PATH = /Users/carl.stanley/sites/UKCPA/ukcpa_flutter/build/ios/Pods.build/Release-iphonesimulator/shared_preferences_foundation-shared_preferences_foundation_privacy.build/Objects-normal/undefined_arch/Processed-Info.plist
               PRODUCT_BUNDLE_IDENTIFIER = org.cocoapods.shared-preferences-foundation-privacy
               PRODUCT_BUNDLE_PACKAGE_TYPE = BNDL
               PRODUCT_MODULE_NAME = shared_preferences_foundation_privacy
               PRODUCT_NAME = shared_preferences_foundation_privacy
               PRODUCT_SETTINGS_PATH = /Users/carl.stanley/sites/UKCPA/ukcpa_flutter/ios/Pods/Target Support Files/shared_preferences_foundation/ResourceBundle-shared_preferences_foundation_privacy-shared_preferences_foundation-Info.plist
               PRODUCT_TYPE = com.apple.product-type.bundle
               PROFILING_CODE = NO
               PROJECT = Pods
               PROJECT_DERIVED_FILE_DIR = /Users/carl.stanley/sites/UKCPA/ukcpa_flutter/build/ios/Pods.build/DerivedSources
               PROJECT_DIR = /Users/carl.stanley/sites/UKCPA/ukcpa_flutter/ios/Pods
               PROJECT_FILE_PATH = /Users/carl.stanley/sites/UKCPA/ukcpa_flutter/ios/Pods/Pods.xcodeproj
               PROJECT_GUID = bfdfe7dc352907fc980b868725387e98
               PROJECT_NAME = Pods
               PROJECT_TEMP_DIR = /Users/carl.stanley/sites/UKCPA/ukcpa_flutter/build/ios/Pods.build
               PROJECT_TEMP_ROOT = /Users/carl.stanley/sites/UKCPA/ukcpa_flutter/build/ios
               PUBLIC_HEADERS_FOLDER_PATH = shared_preferences_foundation_privacy.bundle/Headers
               RECOMMENDED_IPHONEOS_DEPLOYMENT_TARGET = 15.0
               RECURSIVE_SEARCH_PATHS_FOLLOW_SYMLINKS = YES
               REMOVE_CVS_FROM_RESOURCES = YES
               REMOVE_GIT_FROM_RESOURCES = YES
               REMOVE_HEADERS_FROM_EMBEDDED_BUNDLES = YES
               REMOVE_HG_FROM_RESOURCES = YES
               REMOVE_STATIC_EXECUTABLES_FROM_EMBEDDED_BUNDLES = YES
               REMOVE_SVN_FROM_RESOURCES = YES
               RESCHEDULE_INDEPENDENT_HEADERS_PHASES = YES
               REZ_COLLECTOR_DIR = /Users/carl.stanley/sites/UKCPA/ukcpa_flutter/build/ios/Pods.build/Release-iphonesimulator/shared_preferences_foundation-shared_preferences_foundation_privacy.build/ResourceManagerResources
               REZ_OBJECTS_DIR = /Users/carl.stanley/sites/UKCPA/ukcpa_flutter/build/ios/Pods.build/Release-iphonesimulator/shared_preferences_foundation-shared_preferences_foundation_privacy.build/ResourceManagerResources/Objects
               REZ_SEARCH_PATHS = /Users/carl.stanley/sites/UKCPA/ukcpa_flutter/build/ios/Release-iphonesimulator/shared_preferences_foundation 
               SCAN_ALL_SOURCE_FILES_FOR_INCLUDES = NO
               SCRIPTS_FOLDER_PATH = shared_preferences_foundation_privacy.bundle/Scripts
               SDKROOT = /Applications/Xcode.app/Contents/Developer/Platforms/iPhoneSimulator.platform/Developer/SDKs/iPhoneSimulator18.0.sdk
               SDK_DIR = /Applications/Xcode.app/Contents/Developer/Platforms/iPhoneSimulator.platform/Developer/SDKs/iPhoneSimulator18.0.sdk
               SDK_DIR_iphonesimulator = /Applications/Xcode.app/Contents/Developer/Platforms/iPhoneSimulator.platform/Developer/SDKs/iPhoneSimulator18.0.sdk
               SDK_DIR_iphonesimulator18_0 = /Applications/Xcode.app/Contents/Developer/Platforms/iPhoneSimulator.platform/Developer/SDKs/iPhoneSimulator18.0.sdk
               SDK_NAME = iphonesimulator18.0
               SDK_NAMES = iphonesimulator18.0
               SDK_PRODUCT_BUILD_VERSION = 22A3362
               SDK_STAT_CACHE_DIR = /var/folders/20/skb3d8qx2hn9r9z8036y32g40000gp/C/com.apple.DeveloperTools/16.0-16A242d/Xcode
               SDK_STAT_CACHE_ENABLE = YES
               SDK_STAT_CACHE_PATH = /var/folders/20/skb3d8qx2hn9r9z8036y32g40000gp/C/com.apple.DeveloperTools/16.0-16A242d/Xcode/SDKStatCaches.noindex/iphonesimulator18.0-22A3362-db63dc9361471f152f572502bdbfe70a.sdkstatcache
               SDK_VERSION = 18.0
               SDK_VERSION_ACTUAL = 180000
               SDK_VERSION_MAJOR = 180000
               SDK_VERSION_MINOR = 180000
               SED = /usr/bin/sed
               SEPARATE_STRIP = NO
               SEPARATE_SYMBOL_EDIT = NO
               SET_DIR_MODE_OWNER_GROUP = YES
               SET_FILE_MODE_OWNER_GROUP = NO
               SHALLOW_BUNDLE = YES
               SHALLOW_BUNDLE_TRIPLE = ios-simulator
               SHALLOW_BUNDLE_ios_macabi = NO
               SHALLOW_BUNDLE_macos = NO
               SHARED_DERIVED_FILE_DIR = /Users/carl.stanley/sites/UKCPA/ukcpa_flutter/build/ios/Release-iphonesimulator/shared_preferences_foundation/DerivedSources
               SHARED_FRAMEWORKS_FOLDER_PATH = shared_preferences_foundation_privacy.bundle/SharedFrameworks
               SHARED_PRECOMPS_DIR = /Users/carl.stanley/sites/UKCPA/ukcpa_flutter/build/ios/SharedPrecompiledHeaders
               SHARED_SUPPORT_FOLDER_PATH = shared_preferences_foundation_privacy.bundle/SharedSupport
               SKIP_INSTALL = YES
               SOURCE_ROOT = /Users/carl.stanley/sites/UKCPA/ukcpa_flutter/ios/Pods
               SRCROOT = /Users/carl.stanley/sites/UKCPA/ukcpa_flutter/ios/Pods
               STRINGSDATA_DIR = /Users/carl.stanley/sites/UKCPA/ukcpa_flutter/build/ios/Pods.build/Release-iphonesimulator/shared_preferences_foundation-shared_preferences_foundation_privacy.build/Objects-normal/undefined_arch
               STRINGSDATA_ROOT = /Users/carl.stanley/sites/UKCPA/ukcpa_flutter/build/ios/Pods.build/Release-iphonesimulator/shared_preferences_foundation-shared_preferences_foundation_privacy.build
               STRINGS_FILE_INFOPLIST_RENAME = YES
               STRINGS_FILE_OUTPUT_ENCODING = binary
               STRIP_BITCODE_FROM_COPIED_FILES = NO
               STRIP_INSTALLED_PRODUCT = NO
               STRIP_STYLE = non-global
               STRIP_SWIFT_SYMBOLS = YES
               SUPPORTED_DEVICE_FAMILIES = 1,2
               SUPPORTED_PLATFORMS = iphoneos iphonesimulator
               SUPPORTS_TEXT_BASED_API = NO
               SUPPRESS_WARNINGS = NO
               SWIFT_COMPILATION_MODE = wholemodule
               SWIFT_EMIT_LOC_STRINGS = NO
               SWIFT_OPTIMIZATION_LEVEL = -O
               SWIFT_PLATFORM_TARGET_PREFIX = ios
               SWIFT_RESPONSE_FILE_PATH_normal_arm64 = /Users/carl.stanley/sites/UKCPA/ukcpa_flutter/build/ios/Pods.build/Release-iphonesimulator/shared_preferences_foundation-shared_preferences_foundation_privacy.build/Objects-normal/arm64/shared_preferences_foundation_privacy.SwiftFileList
               SWIFT_RESPONSE_FILE_PATH_normal_x86_64 = /Users/carl.stanley/sites/UKCPA/ukcpa_flutter/build/ios/Pods.build/Release-iphonesimulator/shared_preferences_foundation-shared_preferences_foundation_privacy.build/Objects-normal/x86_64/shared_preferences_foundation_privacy.SwiftFileList
               SWIFT_VERSION = 5.0
               SYMROOT = /Users/carl.stanley/sites/UKCPA/ukcpa_flutter/ios/build
               SYSTEM_ADMIN_APPS_DIR = /Applications/Utilities
               SYSTEM_APPS_DIR = /Applications
               SYSTEM_CORE_SERVICES_DIR = /System/Library/CoreServices
               SYSTEM_DEMOS_DIR = /Applications/Extras
               SYSTEM_DEVELOPER_APPS_DIR = /Applications/Xcode.app/Contents/Developer/Applications
               SYSTEM_DEVELOPER_BIN_DIR = /Applications/Xcode.app/Contents/Developer/usr/bin
               SYSTEM_DEVELOPER_DEMOS_DIR = /Applications/Xcode.app/Contents/Developer/Applications/Utilities/Built Examples
               SYSTEM_DEVELOPER_DIR = /Applications/Xcode.app/Contents/Developer
               SYSTEM_DEVELOPER_DOC_DIR = /Applications/Xcode.app/Contents/Developer/ADC Reference Library
               SYSTEM_DEVELOPER_GRAPHICS_TOOLS_DIR = /Applications/Xcode.app/Contents/Developer/Applications/Graphics Tools
               SYSTEM_DEVELOPER_JAVA_TOOLS_DIR = /Applications/Xcode.app/Contents/Developer/Applications/Java Tools
               SYSTEM_DEVELOPER_PERFORMANCE_TOOLS_DIR = /Applications/Xcode.app/Contents/Developer/Applications/Performance Tools
               SYSTEM_DEVELOPER_RELEASENOTES_DIR = /Applications/Xcode.app/Contents/Developer/ADC Reference Library/releasenotes
               SYSTEM_DEVELOPER_TOOLS = /Applications/Xcode.app/Contents/Developer/Tools
               SYSTEM_DEVELOPER_TOOLS_DOC_DIR = /Applications/Xcode.app/Contents/Developer/ADC Reference Library/documentation/DeveloperTools
               SYSTEM_DEVELOPER_TOOLS_RELEASENOTES_DIR = /Applications/Xcode.app/Contents/Developer/ADC Reference Library/releasenotes/DeveloperTools
               SYSTEM_DEVELOPER_USR_DIR = /Applications/Xcode.app/Contents/Developer/usr
               SYSTEM_DEVELOPER_UTILITIES_DIR = /Applications/Xcode.app/Contents/Developer/Applications/Utilities
               SYSTEM_DEXT_INSTALL_PATH = /System/Library/DriverExtensions
               SYSTEM_DOCUMENTATION_DIR = /Library/Documentation
               SYSTEM_EXTENSIONS_FOLDER_PATH = shared_preferences_foundation_privacy.bundle/SystemExtensions
               SYSTEM_EXTENSIONS_FOLDER_PATH_SHALLOW_BUNDLE_NO = shared_preferences_foundation_privacy.bundle/Library/SystemExtensions
               SYSTEM_EXTENSIONS_FOLDER_PATH_SHALLOW_BUNDLE_YES = shared_preferences_foundation_privacy.bundle/SystemExtensions
               SYSTEM_KEXT_INSTALL_PATH = /System/Library/Extensions
               SYSTEM_LIBRARY_DIR = /System/Library
               TAPI_DEMANGLE = YES
               TAPI_ENABLE_PROJECT_HEADERS = NO
               TAPI_LANGUAGE = objective-c
               TAPI_LANGUAGE_STANDARD = compiler-default
               TAPI_USE_SRCROOT = YES
               TAPI_VERIFY_MODE = Pedantic
               TARGETED_DEVICE_FAMILY = 1,2
               TARGETNAME = shared_preferences_foundation-shared_preferences_foundation_privacy
               TARGET_BUILD_DIR = /Users/carl.stanley/sites/UKCPA/ukcpa_flutter/build/ios/Release-iphonesimulator/shared_preferences_foundation
               TARGET_NAME = shared_preferences_foundation-shared_preferences_foundation_privacy
               TARGET_TEMP_DIR = /Users/carl.stanley/sites/UKCPA/ukcpa_flutter/build/ios/Pods.build/Release-iphonesimulator/shared_preferences_foundation-shared_preferences_foundation_privacy.build
               TEMP_DIR = /Users/carl.stanley/sites/UKCPA/ukcpa_flutter/build/ios/Pods.build/Release-iphonesimulator/shared_preferences_foundation-shared_preferences_foundation_privacy.build
               TEMP_FILES_DIR = /Users/carl.stanley/sites/UKCPA/ukcpa_flutter/build/ios/Pods.build/Release-iphonesimulator/shared_preferences_foundation-shared_preferences_foundation_privacy.build
               TEMP_FILE_DIR = /Users/carl.stanley/sites/UKCPA/ukcpa_flutter/build/ios/Pods.build/Release-iphonesimulator/shared_preferences_foundation-shared_preferences_foundation_privacy.build
               TEMP_ROOT = /Users/carl.stanley/sites/UKCPA/ukcpa_flutter/build/ios
               TEST_FRAMEWORK_SEARCH_PATHS =  /Applications/Xcode.app/Contents/Developer/Platforms/iPhoneSimulator.platform/Developer/Library/Frameworks /Applications/Xcode.app/Contents/Developer/Platforms/iPhoneSimulator.platform/Developer/SDKs/iPhoneSimulator18.0.sdk/Developer/Library/Frameworks
               TEST_LIBRARY_SEARCH_PATHS =  /Applications/Xcode.app/Contents/Developer/Platforms/iPhoneSimulator.platform/Developer/usr/lib
               TOOLCHAINS = com.apple.dt.toolchain.XcodeDefault
               TOOLCHAIN_DIR = /Applications/Xcode.app/Contents/Developer/Toolchains/XcodeDefault.xctoolchain
               TREAT_MISSING_BASELINES_AS_TEST_FAILURES = NO
               TREAT_MISSING_SCRIPT_PHASE_OUTPUTS_AS_ERRORS = NO
               UID = 502
               UNINSTALLED_PRODUCTS_DIR = /Users/carl.stanley/sites/UKCPA/ukcpa_flutter/build/ios/UninstalledProducts
               UNLOCALIZED_RESOURCES_FOLDER_PATH = shared_preferences_foundation_privacy.bundle
               UNLOCALIZED_RESOURCES_FOLDER_PATH_SHALLOW_BUNDLE_NO = shared_preferences_foundation_privacy.bundle/Resources
               UNLOCALIZED_RESOURCES_FOLDER_PATH_SHALLOW_BUNDLE_YES = shared_preferences_foundation_privacy.bundle
               UNSTRIPPED_PRODUCT = NO
               USER = carl.stanley
               USER_APPS_DIR = /Users/carl.stanley/Applications
               USER_LIBRARY_DIR = /Users/carl.stanley/Library
               USE_DYNAMIC_NO_PIC = YES
               USE_HEADERMAP = YES
               USE_HEADER_SYMLINKS = NO
               USE_RECURSIVE_SCRIPT_INPUTS_IN_SCRIPT_PHASES = YES
               VALIDATE_DEVELOPMENT_ASSET_PATHS = YES_ERROR
               VALIDATE_PRODUCT = NO
               VALID_ARCHS = arm64 arm64e i386 x86_64
               VERBOSE_PBXCP = NO
               VERSIONPLIST_PATH = shared_preferences_foundation_privacy.bundle/version.plist
               VERSION_INFO_BUILDER = carl.stanley
               VERSION_INFO_FILE = shared_preferences_foundation_privacy_vers.c
               VERSION_INFO_STRING = "@(#)PROGRAM:shared_preferences_foundation_privacy  PROJECT:Pods-"
               WORKSPACE_DIR = /Users/carl.stanley/sites/UKCPA/ukcpa_flutter/ios/Pods/Pods.xcodeproj
               WRAPPER_EXTENSION = bundle
               WRAPPER_NAME = shared_preferences_foundation_privacy.bundle
               WRAPPER_SUFFIX = .bundle
               WRAP_ASSET_PACKS_IN_SEPARATE_DIRECTORIES = NO
               XCODE_APP_SUPPORT_DIR = /Applications/Xcode.app/Contents/Developer/Library/Xcode
               XCODE_PRODUCT_BUILD_VERSION = 16A242d
               XCODE_VERSION_ACTUAL = 1600
               XCODE_VERSION_MAJOR = 1600
               XCODE_VERSION_MINOR = 1600
               XPCSERVICES_FOLDER_PATH = shared_preferences_foundation_privacy.bundle/XPCServices
               YACC = yacc
               _WRAPPER_CONTENTS_DIR_SHALLOW_BUNDLE_NO = /Contents
               _WRAPPER_PARENT_PATH_SHALLOW_BUNDLE_NO = /..
               _WRAPPER_RESOURCES_DIR_SHALLOW_BUNDLE_NO = /Resources
               arch = undefined_arch
               variant = normal

           Build settings for action build and target sqflite_darwin:
               ACTION = build
               AD_HOC_CODE_SIGNING_ALLOWED = YES
               ALLOW_BUILD_REQUEST_OVERRIDES = NO
               ALLOW_TARGET_PLATFORM_SPECIALIZATION = NO
               ALTERNATE_GROUP = staff
               ALTERNATE_MODE = u+w,go-w,a+rX
               ALTERNATE_OWNER = carl.stanley
               ALTERNATIVE_DISTRIBUTION_WEB = NO
               ALWAYS_EMBED_SWIFT_STANDARD_LIBRARIES = NO
               ALWAYS_SEARCH_USER_PATHS = NO
               ALWAYS_USE_SEPARATE_HEADERMAPS = NO
               APPLE_INTERNAL_DEVELOPER_DIR = /AppleInternal/Developer
               APPLE_INTERNAL_DIR = /AppleInternal
               APPLE_INTERNAL_DOCUMENTATION_DIR = /AppleInternal/Documentation
               APPLE_INTERNAL_LIBRARY_DIR = /AppleInternal/Library
               APPLE_INTERNAL_TOOLS = /AppleInternal/Developer/Tools
               APPLICATION_EXTENSION_API_ONLY = NO
               APPLY_RULES_IN_COPY_FILES = NO
               APPLY_RULES_IN_COPY_HEADERS = NO
               APP_SHORTCUTS_ENABLE_FLEXIBLE_MATCHING = YES
               ARCHS = arm64 x86_64
               ARCHS_STANDARD = arm64 x86_64
               ARCHS_STANDARD_32_64_BIT = arm64 i386 x86_64
               ARCHS_STANDARD_32_BIT = i386
               ARCHS_STANDARD_64_BIT = arm64 x86_64
               ARCHS_STANDARD_INCLUDING_64_BIT = arm64 x86_64
               ARCHS_UNIVERSAL_IPHONE_OS = arm64 i386 x86_64
               ASSETCATALOG_COMPILER_GENERATE_ASSET_SYMBOLS = YES
               AUTOMATICALLY_MERGE_DEPENDENCIES = NO
               AVAILABLE_PLATFORMS = appletvos appletvsimulator driverkit iphoneos iphonesimulator macosx watchos watchsimulator xros xrsimulator
               BITCODE_GENERATION_MODE = marker
               BUILD_ACTIVE_RESOURCES_ONLY = NO
               BUILD_COMPONENTS = headers build
               BUILD_DIR = /Users/carl.stanley/sites/UKCPA/ukcpa_flutter/build/ios
               BUILD_LIBRARY_FOR_DISTRIBUTION = NO
               BUILD_ROOT = /Users/carl.stanley/sites/UKCPA/ukcpa_flutter/ios/build
               BUILD_STYLE = 
               BUILD_VARIANTS = normal
               BUILT_PRODUCTS_DIR = /Users/carl.stanley/sites/UKCPA/ukcpa_flutter/build/ios/Release-iphonesimulator/sqflite_darwin
               BUNDLE_CONTENTS_FOLDER_PATH_deep = Contents/
               BUNDLE_EXECUTABLE_FOLDER_NAME_deep = MacOS
               BUNDLE_EXTENSIONS_FOLDER_PATH = Extensions
               BUNDLE_FORMAT = shallow
               BUNDLE_FRAMEWORKS_FOLDER_PATH = Frameworks
               BUNDLE_PLUGINS_FOLDER_PATH = PlugIns
               BUNDLE_PRIVATE_HEADERS_FOLDER_PATH = PrivateHeaders
               BUNDLE_PUBLIC_HEADERS_FOLDER_PATH = Headers
               CACHE_ROOT = /var/folders/20/skb3d8qx2hn9r9z8036y32g40000gp/C/com.apple.DeveloperTools/16.0-16A242d/Xcode
               CCHROOT = /var/folders/20/skb3d8qx2hn9r9z8036y32g40000gp/C/com.apple.DeveloperTools/16.0-16A242d/Xcode
               CHMOD = /bin/chmod
               CHOWN = /usr/sbin/chown
               CLANG_ANALYZER_LOCALIZABILITY_NONLOCALIZED = YES
               CLANG_ANALYZER_NONNULL = YES
               CLANG_ANALYZER_NUMBER_OBJECT_CONVERSION = YES_AGGRESSIVE
               CLANG_CACHE_FINE_GRAINED_OUTPUTS = YES
               CLANG_CXX_LANGUAGE_STANDARD = gnu++14
               CLANG_CXX_LIBRARY = libc++
               CLANG_ENABLE_EXPLICIT_MODULES = YES
               CLANG_ENABLE_MODULES = YES
               CLANG_ENABLE_OBJC_ARC = YES
               CLANG_ENABLE_OBJC_WEAK = NO
               CLANG_MODULES_BUILD_SESSION_FILE = /var/folders/20/skb3d8qx2hn9r9z8036y32g40000gp/C/org.llvm.clang/ModuleCache.noindex/Session.modulevalidation
               CLANG_WARN_BLOCK_CAPTURE_AUTORELEASING = YES
               CLANG_WARN_BOOL_CONVERSION = YES
               CLANG_WARN_COMMA = YES
               CLANG_WARN_CONSTANT_CONVERSION = YES
               CLANG_WARN_DEPRECATED_OBJC_IMPLEMENTATIONS = YES
               CLANG_WARN_DIRECT_OBJC_ISA_USAGE = YES_ERROR
               CLANG_WARN_DOCUMENTATION_COMMENTS = YES
               CLANG_WARN_EMPTY_BODY = YES
               CLANG_WARN_ENUM_CONVERSION = YES
               CLANG_WARN_INFINITE_RECURSION = YES
               CLANG_WARN_INT_CONVERSION = YES
               CLANG_WARN_NON_LITERAL_NULL_CONVERSION = YES
               CLANG_WARN_OBJC_IMPLICIT_RETAIN_SELF = YES
               CLANG_WARN_OBJC_LITERAL_CONVERSION = YES
               CLANG_WARN_OBJC_ROOT_CLASS = YES_ERROR
               CLANG_WARN_QUOTED_INCLUDE_IN_FRAMEWORK_HEADER = NO
               CLANG_WARN_RANGE_LOOP_ANALYSIS = YES
               CLANG_WARN_STRICT_PROTOTYPES = YES
               CLANG_WARN_SUSPICIOUS_MOVE = YES
               CLANG_WARN_UNGUARDED_AVAILABILITY = YES_AGGRESSIVE
               CLANG_WARN_UNREACHABLE_CODE = YES
               CLANG_WARN__DUPLICATE_METHOD_MATCH = YES
               CLASS_FILE_DIR = /Users/carl.stanley/sites/UKCPA/ukcpa_flutter/build/ios/Pods.build/Release-iphonesimulator/sqflite_darwin.build/JavaClasses
               CLEAN_PRECOMPS = YES
               CLONE_HEADERS = NO
               CODESIGNING_FOLDER_PATH = /Users/carl.stanley/sites/UKCPA/ukcpa_flutter/build/ios/Release-iphonesimulator/sqflite_darwin/sqflite_darwin.framework
               CODE_SIGNING_ALLOWED = YES
               CODE_SIGNING_REQUIRED = NO
               CODE_SIGNING_REQUIRES_TEAM = YES
               CODE_SIGN_CONTEXT_CLASS = XCiPhoneSimulatorCodeSignContext
               CODE_SIGN_IDENTITY = -
               CODE_SIGN_INJECT_BASE_ENTITLEMENTS = YES
               COLOR_DIAGNOSTICS = NO
               COMBINE_HIDPI_IMAGES = NO
               COMPILATION_CACHE_CAS_PATH = /var/folders/20/skb3d8qx2hn9r9z8036y32g40000gp/C/com.apple.DeveloperTools/16.0-16A242d/Xcode/CompilationCache.noindex
               COMPILATION_CACHE_KEEP_CAS_DIRECTORY = YES
               COMPILER_INDEX_STORE_ENABLE = Default
               COMPOSITE_SDK_DIRS = /Users/carl.stanley/sites/UKCPA/ukcpa_flutter/build/ios/CompositeSDKs
               COMPRESS_PNG_FILES = YES
               CONFIGURATION = Release
               CONFIGURATION_BUILD_DIR = /Users/carl.stanley/sites/UKCPA/ukcpa_flutter/build/ios/Release-iphonesimulator/sqflite_darwin
               CONFIGURATION_TEMP_DIR = /Users/carl.stanley/sites/UKCPA/ukcpa_flutter/build/ios/Pods.build/Release-iphonesimulator
               CONTENTS_FOLDER_PATH = sqflite_darwin.framework
               CONTENTS_FOLDER_PATH_SHALLOW_BUNDLE_NO = sqflite_darwin.framework/A
               CONTENTS_FOLDER_PATH_SHALLOW_BUNDLE_YES = sqflite_darwin.framework
               COPYING_PRESERVES_HFS_DATA = NO
               COPY_HEADERS_RUN_UNIFDEF = NO
               COPY_PHASE_STRIP = NO
               CORRESPONDING_DEVICE_PLATFORM_DIR = /Applications/Xcode.app/Contents/Developer/Platforms/iPhoneOS.platform
               CORRESPONDING_DEVICE_PLATFORM_NAME = iphoneos
               CORRESPONDING_DEVICE_SDK_DIR = /Applications/Xcode.app/Contents/Developer/Platforms/iPhoneOS.platform/Developer/SDKs/iPhoneOS18.0.sdk
               CORRESPONDING_DEVICE_SDK_NAME = iphoneos18.0
               CP = /bin/cp
               CREATE_INFOPLIST_SECTION_IN_BINARY = NO
               CURRENT_ARCH = undefined_arch
               CURRENT_PROJECT_VERSION = 1
               CURRENT_VARIANT = normal
               CURRENT_VERSION = Current
               DEAD_CODE_STRIPPING = YES
               DEBUGGING_SYMBOLS = YES
               DEBUG_INFORMATION_FORMAT = dwarf-with-dsym
               DEBUG_INFORMATION_VERSION = compiler-default
               DEFAULT_COMPILER = com.apple.compilers.llvm.clang.1_0
               DEFAULT_DEXT_INSTALL_PATH = /System/Library/DriverExtensions
               DEFAULT_KEXT_INSTALL_PATH = /System/Library/Extensions
               DEFINES_MODULE = YES
               DEPLOYMENT_LOCATION = NO
               DEPLOYMENT_POSTPROCESSING = NO
               DEPLOYMENT_TARGET_SETTING_NAME = IPHONEOS_DEPLOYMENT_TARGET
               DEPLOYMENT_TARGET_SUGGESTED_VALUES = 12.0 12.1 12.2 12.3 12.4 13.0 13.1 13.2 13.3 13.4 13.5 13.6 14.0 14.1 14.2 14.3 14.4 14.5 14.6 14.7 15.0 15.1 15.2 15.3 15.4 15.5 15.6 16.0 16.1 16.2 16.3 16.4 16.5 16.6 17.0 17.1 17.2 17.3 17.4 17.5 17.6 18.0
               DERIVED_FILES_DIR = /Users/carl.stanley/sites/UKCPA/ukcpa_flutter/build/ios/Pods.build/Release-iphonesimulator/sqflite_darwin.build/DerivedSources
               DERIVED_FILE_DIR = /Users/carl.stanley/sites/UKCPA/ukcpa_flutter/build/ios/Pods.build/Release-iphonesimulator/sqflite_darwin.build/DerivedSources
               DERIVED_SOURCES_DIR = /Users/carl.stanley/sites/UKCPA/ukcpa_flutter/build/ios/Pods.build/Release-iphonesimulator/sqflite_darwin.build/DerivedSources
               DEVELOPER_APPLICATIONS_DIR = /Applications/Xcode.app/Contents/Developer/Applications
               DEVELOPER_BIN_DIR = /Applications/Xcode.app/Contents/Developer/usr/bin
               DEVELOPER_DIR = /Applications/Xcode.app/Contents/Developer
               DEVELOPER_FRAMEWORKS_DIR = /Applications/Xcode.app/Contents/Developer/Library/Frameworks
               DEVELOPER_FRAMEWORKS_DIR_QUOTED = /Applications/Xcode.app/Contents/Developer/Library/Frameworks
               DEVELOPER_LIBRARY_DIR = /Applications/Xcode.app/Contents/Developer/Library
               DEVELOPER_SDK_DIR = /Applications/Xcode.app/Contents/Developer/Platforms/MacOSX.platform/Developer/SDKs
               DEVELOPER_TOOLS_DIR = /Applications/Xcode.app/Contents/Developer/Tools
               DEVELOPER_USR_DIR = /Applications/Xcode.app/Contents/Developer/usr
               DEVELOPMENT_LANGUAGE = en
               DIFF = /usr/bin/diff
               DOCUMENTATION_FOLDER_PATH = sqflite_darwin.framework/en.lproj/Documentation
               DONT_GENERATE_INFOPLIST_FILE = NO
               DSTROOT = /tmp/Pods.dst
               DT_TOOLCHAIN_DIR = /Applications/Xcode.app/Contents/Developer/Toolchains/XcodeDefault.xctoolchain
               DWARF_DSYM_FILE_NAME = sqflite_darwin.framework.dSYM
               DWARF_DSYM_FILE_SHOULD_ACCOMPANY_PRODUCT = NO
               DWARF_DSYM_FOLDER_PATH = /Users/carl.stanley/sites/UKCPA/ukcpa_flutter/build/ios/Release-iphonesimulator/sqflite_darwin
               DYLIB_COMPATIBILITY_VERSION = 1
               DYLIB_CURRENT_VERSION = 1
               DYLIB_INSTALL_NAME_BASE = @rpath
               DYNAMIC_LIBRARY_EXTENSION = dylib
               EAGER_COMPILATION_ALLOW_SCRIPTS = NO
               EAGER_LINKING = NO
               EFFECTIVE_PLATFORM_NAME = -iphonesimulator
               EMBEDDED_CONTENT_CONTAINS_SWIFT = NO
               EMBED_ASSET_PACKS_IN_PRODUCT_BUNDLE = NO
               ENABLE_APP_SANDBOX = NO
               ENABLE_BITCODE = NO
               ENABLE_CODE_COVERAGE = YES
               ENABLE_DEFAULT_HEADER_SEARCH_PATHS = YES
               ENABLE_DEFAULT_SEARCH_PATHS = YES
               ENABLE_HARDENED_RUNTIME = NO
               ENABLE_HEADER_DEPENDENCIES = YES
               ENABLE_MODULE_VERIFIER = NO
               ENABLE_NS_ASSERTIONS = NO
               ENABLE_ON_DEMAND_RESOURCES = NO
               ENABLE_STRICT_OBJC_MSGSEND = YES
               ENABLE_TESTABILITY = NO
               ENABLE_TESTING_SEARCH_PATHS = NO
               ENABLE_USER_SCRIPT_SANDBOXING = NO
               ENTITLEMENTS_DESTINATION = __entitlements
               ENTITLEMENTS_REQUIRED = NO
               EXCLUDED_ARCHS = i386 i386
               EXCLUDED_INSTALLSRC_SUBDIRECTORY_PATTERNS = .DS_Store .svn .git .hg CVS
               EXCLUDED_RECURSIVE_SEARCH_PATH_SUBDIRECTORIES = *.nib *.lproj *.framework *.gch *.xcode* *.xcassets (*) .DS_Store CVS .svn .git .hg *.pbproj *.pbxproj
               EXECUTABLES_FOLDER_PATH = sqflite_darwin.framework/en.lproj
               EXECUTABLE_FOLDER_PATH = sqflite_darwin.framework
               EXECUTABLE_FOLDER_PATH_SHALLOW_BUNDLE_NO = sqflite_darwin.framework
               EXECUTABLE_FOLDER_PATH_SHALLOW_BUNDLE_YES = sqflite_darwin.framework
               EXECUTABLE_NAME = sqflite_darwin
               EXECUTABLE_PATH = sqflite_darwin.framework/sqflite_darwin
               EXTENSIONS_FOLDER_PATH = sqflite_darwin.framework/Extensions
               FILE_LIST = /Users/carl.stanley/sites/UKCPA/ukcpa_flutter/build/ios/Pods.build/Release-iphonesimulator/sqflite_darwin.build/Objects/LinkFileList
               FIXED_FILES_DIR = /Users/carl.stanley/sites/UKCPA/ukcpa_flutter/build/ios/Pods.build/Release-iphonesimulator/sqflite_darwin.build/FixedFiles
               FRAMEWORKS_FOLDER_PATH = sqflite_darwin.framework/Frameworks
               FRAMEWORK_FLAG_PREFIX = -framework
               FRAMEWORK_SEARCH_PATHS = /Users/carl.stanley/sites/UKCPA/ukcpa_flutter/build/ios/Release-iphonesimulator/sqflite_darwin "/Users/carl.stanley/development/flutter/bin/cache/artifacts/engine/ios-release/Flutter.xcframework/ios-arm64_x86_64-simulator" 
               FRAMEWORK_VERSION = A
               FULL_PRODUCT_NAME = sqflite_darwin.framework
               FUSE_BUILD_PHASES = YES
               FUSE_BUILD_SCRIPT_PHASES = NO
               GCC3_VERSION = 3.3
               GCC_C_LANGUAGE_STANDARD = gnu11
               GCC_INLINES_ARE_PRIVATE_EXTERN = YES
               GCC_NO_COMMON_BLOCKS = YES
               GCC_OBJC_LEGACY_DISPATCH = YES
               GCC_PFE_FILE_C_DIALECTS = c objective-c c++ objective-c++
               GCC_PREFIX_HEADER = Target Support Files/sqflite_darwin/sqflite_darwin-prefix.pch
               GCC_PREPROCESSOR_DEFINITIONS = POD_CONFIGURATION_RELEASE=1  COCOAPODS=1
               GCC_TREAT_WARNINGS_AS_ERRORS = NO
               GCC_VERSION = com.apple.compilers.llvm.clang.1_0
               GCC_VERSION_IDENTIFIER = com_apple_compilers_llvm_clang_1_0
               GCC_WARN_64_TO_32_BIT_CONVERSION = YES
               GCC_WARN_ABOUT_RETURN_TYPE = YES_ERROR
               GCC_WARN_UNDECLARED_SELECTOR = YES
               GCC_WARN_UNINITIALIZED_AUTOS = YES_AGGRESSIVE
               GCC_WARN_UNUSED_FUNCTION = YES
               GCC_WARN_UNUSED_VARIABLE = YES
               GENERATED_MODULEMAP_DIR = /Users/carl.stanley/sites/UKCPA/ukcpa_flutter/build/ios/GeneratedModuleMaps-iphonesimulator
               GENERATE_INFOPLIST_FILE = NO
               GENERATE_INTERMEDIATE_TEXT_BASED_STUBS = YES
               GENERATE_MASTER_OBJECT_FILE = NO
               GENERATE_PKGINFO_FILE = NO
               GENERATE_PROFILING_CODE = NO
               GENERATE_TEXT_BASED_STUBS = NO
               GID = 20
               GROUP = staff
               HEADERMAP_INCLUDES_FLAT_ENTRIES_FOR_TARGET_BEING_BUILT = YES
               HEADERMAP_INCLUDES_FRAMEWORK_ENTRIES_FOR_ALL_PRODUCT_TYPES = YES
               HEADERMAP_INCLUDES_FRAMEWORK_ENTRIES_FOR_TARGETS_NOT_BEING_BUILT = YES
               HEADERMAP_INCLUDES_NONPUBLIC_NONPRIVATE_HEADERS = YES
               HEADERMAP_INCLUDES_PROJECT_HEADERS = YES
               HEADERMAP_USES_FRAMEWORK_PREFIX_ENTRIES = YES
               HEADERMAP_USES_VFS = YES
               HEADER_SEARCH_PATHS = /Users/carl.stanley/sites/UKCPA/ukcpa_flutter/build/ios/Release-iphonesimulator/sqflite_darwin/include 
               HIDE_BITCODE_SYMBOLS = YES
               HOME = /Users/carl.stanley
               HOST_ARCH = arm64
               HOST_PLATFORM = macosx
               ICONV = /usr/bin/iconv
               IMPLICIT_DEPENDENCY_DOMAIN = default
               INFOPLIST_ENABLE_CFBUNDLEICONS_MERGE = YES
               INFOPLIST_EXPAND_BUILD_SETTINGS = YES
               INFOPLIST_FILE = Target Support Files/sqflite_darwin/sqflite_darwin-Info.plist
               INFOPLIST_OUTPUT_FORMAT = binary
               INFOPLIST_PATH = sqflite_darwin.framework/Info.plist
               INFOPLIST_PREPROCESS = NO
               INFOSTRINGS_PATH = sqflite_darwin.framework/en.lproj/InfoPlist.strings
               INLINE_PRIVATE_FRAMEWORKS = NO
               INSTALLHDRS_COPY_PHASE = NO
               INSTALLHDRS_SCRIPT_PHASE = NO
               INSTALL_DIR = /tmp/Pods.dst/Library/Frameworks
               INSTALL_GROUP = staff
               INSTALL_MODE_FLAG = u+w,go-w,a+rX
               INSTALL_OWNER = carl.stanley
               INSTALL_PATH = /Library/Frameworks
               INSTALL_ROOT = /tmp/Pods.dst
               IPHONEOS_DEPLOYMENT_TARGET = 13.0
               IS_UNOPTIMIZED_BUILD = NO
               JAVAC_DEFAULT_FLAGS = -J-Xms64m -J-XX:NewSize=4M -J-Dfile.encoding=UTF8
               JAVA_APP_STUB = /System/Library/Frameworks/JavaVM.framework/Resources/MacOS/JavaApplicationStub
               JAVA_ARCHIVE_CLASSES = YES
               JAVA_ARCHIVE_TYPE = JAR
               JAVA_COMPILER = /usr/bin/javac
               JAVA_FOLDER_PATH = sqflite_darwin.framework/Java
               JAVA_FRAMEWORK_RESOURCES_DIRS = Resources
               JAVA_JAR_FLAGS = cv
               JAVA_SOURCE_SUBDIR = .
               JAVA_USE_DEPENDENCIES = YES
               JAVA_ZIP_FLAGS = -urg
               JIKES_DEFAULT_FLAGS = +E +OLDCSO
               KEEP_PRIVATE_EXTERNS = NO
               LD_DEPENDENCY_INFO_FILE = /Users/carl.stanley/sites/UKCPA/ukcpa_flutter/build/ios/Pods.build/Release-iphonesimulator/sqflite_darwin.build/Objects-normal/undefined_arch/sqflite_darwin_dependency_info.dat
               LD_DYLIB_INSTALL_NAME = @rpath/sqflite_darwin.framework/sqflite_darwin
               LD_EXPORT_SYMBOLS = YES
               LD_GENERATE_MAP_FILE = NO
               LD_MAP_FILE_PATH = /Users/carl.stanley/sites/UKCPA/ukcpa_flutter/build/ios/Pods.build/Release-iphonesimulator/sqflite_darwin.build/sqflite_darwin-LinkMap-normal-undefined_arch.txt
               LD_NO_PIE = NO
               LD_QUOTE_LINKER_ARGUMENTS_FOR_COMPILER_DRIVER = YES
               LD_RUNPATH_SEARCH_PATHS =  @executable_path/Frameworks @loader_path/Frameworks
               LD_SHARED_CACHE_ELIGIBLE = Automatic
               LD_WARN_DUPLICATE_LIBRARIES = NO
               LD_WARN_UNUSED_DYLIBS = NO
               LEGACY_DEVELOPER_DIR = /Applications/Xcode.app/Contents/PlugIns/Xcode3Core.ideplugin/Contents/SharedSupport/Developer
               LEX = lex
               LIBRARY_DEXT_INSTALL_PATH = /Library/DriverExtensions
               LIBRARY_FLAG_NOSPACE = YES
               LIBRARY_FLAG_PREFIX = -l
               LIBRARY_KEXT_INSTALL_PATH = /Library/Extensions
               LIBRARY_SEARCH_PATHS = /Users/carl.stanley/sites/UKCPA/ukcpa_flutter/build/ios/Release-iphonesimulator/sqflite_darwin 
               LINKER_DISPLAYS_MANGLED_NAMES = NO
               LINK_FILE_LIST_normal_arm64 = /Users/carl.stanley/sites/UKCPA/ukcpa_flutter/build/ios/Pods.build/Release-iphonesimulator/sqflite_darwin.build/Objects-normal/arm64/sqflite_darwin.LinkFileList
               LINK_FILE_LIST_normal_x86_64 = /Users/carl.stanley/sites/UKCPA/ukcpa_flutter/build/ios/Pods.build/Release-iphonesimulator/sqflite_darwin.build/Objects-normal/x86_64/sqflite_darwin.LinkFileList
               LINK_OBJC_RUNTIME = YES
               LINK_WITH_STANDARD_LIBRARIES = YES
               LLVM_TARGET_TRIPLE_OS_VERSION = ios13.0
               LLVM_TARGET_TRIPLE_SUFFIX = -simulator
               LLVM_TARGET_TRIPLE_VENDOR = apple
               LM_AUX_CONST_METADATA_LIST_PATH_normal_arm64 = /Users/carl.stanley/sites/UKCPA/ukcpa_flutter/build/ios/Pods.build/Release-iphonesimulator/sqflite_darwin.build/Objects-normal/arm64/sqflite_darwin.SwiftConstValuesFileList
               LM_AUX_CONST_METADATA_LIST_PATH_normal_x86_64 = /Users/carl.stanley/sites/UKCPA/ukcpa_flutter/build/ios/Pods.build/Release-iphonesimulator/sqflite_darwin.build/Objects-normal/x86_64/sqflite_darwin.SwiftConstValuesFileList
               LOCALIZATION_EXPORT_SUPPORTED = YES
               LOCALIZATION_PREFERS_STRING_CATALOGS = NO
               LOCALIZED_RESOURCES_FOLDER_PATH = sqflite_darwin.framework/en.lproj
               LOCALIZED_STRING_MACRO_NAMES = NSLocalizedString CFCopyLocalizedString
               LOCALIZED_STRING_SWIFTUI_SUPPORT = YES
               LOCAL_ADMIN_APPS_DIR = /Applications/Utilities
               LOCAL_APPS_DIR = /Applications
               LOCAL_DEVELOPER_DIR = /Library/Developer
               LOCAL_LIBRARY_DIR = /Library
               LOCROOT = /Users/carl.stanley/sites/UKCPA/ukcpa_flutter/ios/Pods
               LOCSYMROOT = /Users/carl.stanley/sites/UKCPA/ukcpa_flutter/ios/Pods
               MACH_O_TYPE = mh_dylib
               MAC_OS_X_PRODUCT_BUILD_VERSION = 24G84
               MAC_OS_X_VERSION_ACTUAL = 150600
               MAC_OS_X_VERSION_MAJOR = 150000
               MAC_OS_X_VERSION_MINOR = 150600
               MAKE_MERGEABLE = NO
               MERGEABLE_LIBRARY = NO
               MERGED_BINARY_TYPE = none
               MERGE_LINKED_LIBRARIES = NO
               METAL_LIBRARY_FILE_BASE = default
               METAL_LIBRARY_OUTPUT_DIR = /Users/carl.stanley/sites/UKCPA/ukcpa_flutter/build/ios/Release-iphonesimulator/sqflite_darwin/sqflite_darwin.framework
               MODULEMAP_FILE = Target Support Files/sqflite_darwin/sqflite_darwin.modulemap
               MODULES_FOLDER_PATH = sqflite_darwin.framework/Modules
               MTL_ENABLE_DEBUG_INFO = NO
               MTL_FAST_MATH = YES
               NATIVE_ARCH = arm64
               NATIVE_ARCH_32_BIT = arm
               NATIVE_ARCH_64_BIT = arm64
               NATIVE_ARCH_ACTUAL = arm64
               NO_COMMON = YES
               OBJC_ABI_VERSION = 2
               OBJECT_FILE_DIR = /Users/carl.stanley/sites/UKCPA/ukcpa_flutter/build/ios/Pods.build/Release-iphonesimulator/sqflite_darwin.build/Objects
               OBJECT_FILE_DIR_normal = /Users/carl.stanley/sites/UKCPA/ukcpa_flutter/build/ios/Pods.build/Release-iphonesimulator/sqflite_darwin.build/Objects-normal
               OBJROOT = /Users/carl.stanley/sites/UKCPA/ukcpa_flutter/build/ios
               ONLY_ACTIVE_ARCH = NO
               OS = MACOS
               OSAC = /usr/bin/osacompile
               OTHER_LDFLAGS =  -framework Flutter
               PACKAGE_TYPE = com.apple.package-type.wrapper.framework
               PASCAL_STRINGS = YES
               PATH = /Applications/Xcode.app/Contents/SharedFrameworks/XCBuild.framework/Versions/A/PlugIns/XCBBuildService.bundle/Contents/PlugIns/XCBSpecifications.ideplugin/Contents/Resources:/Applications/Xcode.app/Contents/SharedFrameworks/XCBuild.framework/Versions/A/PlugIns/XCBBuildService.bundle/Contents/PlugIns/XCBSpecifications.ideplugin:/Applications/Xcode.app/Contents/Developer/Toolchains/XcodeDefault.xctoolchain/usr/bin:/Applications/Xcode.app/Contents/Developer/Toolchains/XcodeDefault.xctoolchain/usr/appleinternal/bin:/Applications/Xcode.app/Contents/Developer/Toolchains/XcodeDefault.xctoolchain/usr/local/bin:/Applications/Xcode.app/Contents/Developer/Toolchains/XcodeDefault.xctoolchain/usr/libexec:/Applications/Xcode.app/Contents/Developer/Platforms/iPhoneSimulator.platform/usr/bin:/Applications/Xcode.app/Contents/Developer/Platforms/iPhoneSimulator.platform/usr/appleinternal/bin:/Applications/Xcode.app/Contents/Developer/Platforms/iPhoneSimulator.platform/usr/local/bin:/Applications/Xcode.app/Contents/Developer/Platforms/iPhoneSimulator.platform/Developer/usr/bin:/Applications/Xcode.app/Contents/Developer/Platforms/iPhoneSimulator.platform/Developer/usr/local/bin:/Applications/Xcode.app/Contents/Developer/usr/bin:/Applications/Xcode.app/Contents/Developer/usr/local/bin:/opt/homebrew/Cellar/pyenv-virtualenv/1.2.4/shims:/Users/carl.stanley/.pyenv/shims:/Users/carl.stanley/.pyenv/bin:/Users/carl.stanley/.nvm/versions/node/v18.17.0/bin:/Users/carl.stanley/development/flutter/bin:/opt/homebrew/bin:/opt/homebrew/sbin:/Users/carl.stanley/.local/bin:/usr/local/bin:/System/Cryptexes/App/usr/bin:/usr/bin:/bin:/usr/sbin:/sbin:/var/run/com.apple.security.cryptexd/codex.system/bootstrap/usr/local/bin:/var/run/com.apple.security.cryptexd/codex.system/bootstrap/usr/bin:/var/run/com.apple.security.cryptexd/codex.system/bootstrap/usr/appleinternal/bin:/Library/Apple/usr/bin:/usr/local/sbin:/usr/local/go/bin:/Users/carl.stanley/.pub-cache/bin
               PATH_PREFIXES_EXCLUDED_FROM_HEADER_DEPENDENCIES = /usr/include /usr/local/include /System/Library/Frameworks /System/Library/PrivateFrameworks /Applications/Xcode.app/Contents/Developer/Headers /Applications/Xcode.app/Contents/Developer/SDKs /Applications/Xcode.app/Contents/Developer/Platforms
               PBDEVELOPMENTPLIST_PATH = sqflite_darwin.framework/pbdevelopment.plist
               PER_ARCH_OBJECT_FILE_DIR = /Users/carl.stanley/sites/UKCPA/ukcpa_flutter/build/ios/Pods.build/Release-iphonesimulator/sqflite_darwin.build/Objects-normal/undefined_arch
               PER_VARIANT_OBJECT_FILE_DIR = /Users/carl.stanley/sites/UKCPA/ukcpa_flutter/build/ios/Pods.build/Release-iphonesimulator/sqflite_darwin.build/Objects-normal
               PKGINFO_FILE_PATH = /Users/carl.stanley/sites/UKCPA/ukcpa_flutter/build/ios/Pods.build/Release-iphonesimulator/sqflite_darwin.build/PkgInfo
               PKGINFO_PATH = sqflite_darwin.framework/PkgInfo
               PLATFORM_DEVELOPER_APPLICATIONS_DIR = /Applications/Xcode.app/Contents/Developer/Platforms/iPhoneSimulator.platform/Developer/Applications
               PLATFORM_DEVELOPER_BIN_DIR = /Applications/Xcode.app/Contents/Developer/Platforms/iPhoneSimulator.platform/Developer/usr/bin
               PLATFORM_DEVELOPER_LIBRARY_DIR = /Applications/Xcode.app/Contents/Developer/Platforms/iPhoneSimulator.platform/Developer/Library
               PLATFORM_DEVELOPER_SDK_DIR = /Applications/Xcode.app/Contents/Developer/Platforms/iPhoneSimulator.platform/Developer/SDKs
               PLATFORM_DEVELOPER_TOOLS_DIR = /Applications/Xcode.app/Contents/Developer/Platforms/iPhoneSimulator.platform/Developer/Tools
               PLATFORM_DEVELOPER_USR_DIR = /Applications/Xcode.app/Contents/Developer/Platforms/iPhoneSimulator.platform/Developer/usr
               PLATFORM_DIR = /Applications/Xcode.app/Contents/Developer/Platforms/iPhoneSimulator.platform
               PLATFORM_DISPLAY_NAME = iOS Simulator
               PLATFORM_FAMILY_NAME = iOS
               PLATFORM_NAME = iphonesimulator
               PLATFORM_PREFERRED_ARCH = x86_64
               PLATFORM_PRODUCT_BUILD_VERSION = 22A3362
               PLIST_FILE_OUTPUT_FORMAT = binary
               PLUGINS_FOLDER_PATH = sqflite_darwin.framework/PlugIns
               PODS_BUILD_DIR = /Users/carl.stanley/sites/UKCPA/ukcpa_flutter/build/ios
               PODS_CONFIGURATION_BUILD_DIR = /Users/carl.stanley/sites/UKCPA/ukcpa_flutter/build/ios/Release-iphonesimulator
               PODS_DEVELOPMENT_LANGUAGE = en
               PODS_ROOT = /Users/carl.stanley/sites/UKCPA/ukcpa_flutter/ios/Pods
               PODS_TARGET_SRCROOT = /Users/carl.stanley/sites/UKCPA/ukcpa_flutter/ios/Pods/../.symlinks/plugins/sqflite_darwin/darwin
               PODS_XCFRAMEWORKS_BUILD_DIR = /Users/carl.stanley/sites/UKCPA/ukcpa_flutter/build/ios/Release-iphonesimulator/XCFrameworkIntermediates
               PRECOMPS_INCLUDE_HEADERS_FROM_BUILT_PRODUCTS_DIR = YES
               PRECOMP_DESTINATION_DIR = /Users/carl.stanley/sites/UKCPA/ukcpa_flutter/build/ios/Pods.build/Release-iphonesimulator/sqflite_darwin.build/PrefixHeaders
               PRIVATE_HEADERS_FOLDER_PATH = sqflite_darwin.framework/PrivateHeaders
               PROCESSED_INFOPLIST_PATH = /Users/carl.stanley/sites/UKCPA/ukcpa_flutter/build/ios/Pods.build/Release-iphonesimulator/sqflite_darwin.build/Objects-normal/undefined_arch/Processed-Info.plist
               PRODUCT_BUNDLE_IDENTIFIER = org.cocoapods.sqflite-darwin
               PRODUCT_BUNDLE_PACKAGE_TYPE = FMWK
               PRODUCT_MODULE_NAME = sqflite_darwin
               PRODUCT_NAME = sqflite_darwin
               PRODUCT_SETTINGS_PATH = /Users/carl.stanley/sites/UKCPA/ukcpa_flutter/ios/Pods/Target Support Files/sqflite_darwin/sqflite_darwin-Info.plist
               PRODUCT_TYPE = com.apple.product-type.framework
               PROFILING_CODE = NO
               PROJECT = Pods
               PROJECT_DERIVED_FILE_DIR = /Users/carl.stanley/sites/UKCPA/ukcpa_flutter/build/ios/Pods.build/DerivedSources
               PROJECT_DIR = /Users/carl.stanley/sites/UKCPA/ukcpa_flutter/ios/Pods
               PROJECT_FILE_PATH = /Users/carl.stanley/sites/UKCPA/ukcpa_flutter/ios/Pods/Pods.xcodeproj
               PROJECT_GUID = bfdfe7dc352907fc980b868725387e98
               PROJECT_NAME = Pods
               PROJECT_TEMP_DIR = /Users/carl.stanley/sites/UKCPA/ukcpa_flutter/build/ios/Pods.build
               PROJECT_TEMP_ROOT = /Users/carl.stanley/sites/UKCPA/ukcpa_flutter/build/ios
               PUBLIC_HEADERS_FOLDER_PATH = sqflite_darwin.framework/Headers
               RECOMMENDED_IPHONEOS_DEPLOYMENT_TARGET = 15.0
               RECURSIVE_SEARCH_PATHS_FOLLOW_SYMLINKS = YES
               REMOVE_CVS_FROM_RESOURCES = YES
               REMOVE_GIT_FROM_RESOURCES = YES
               REMOVE_HEADERS_FROM_EMBEDDED_BUNDLES = YES
               REMOVE_HG_FROM_RESOURCES = YES
               REMOVE_STATIC_EXECUTABLES_FROM_EMBEDDED_BUNDLES = YES
               REMOVE_SVN_FROM_RESOURCES = YES
               RESCHEDULE_INDEPENDENT_HEADERS_PHASES = YES
               REZ_COLLECTOR_DIR = /Users/carl.stanley/sites/UKCPA/ukcpa_flutter/build/ios/Pods.build/Release-iphonesimulator/sqflite_darwin.build/ResourceManagerResources
               REZ_OBJECTS_DIR = /Users/carl.stanley/sites/UKCPA/ukcpa_flutter/build/ios/Pods.build/Release-iphonesimulator/sqflite_darwin.build/ResourceManagerResources/Objects
               REZ_SEARCH_PATHS = /Users/carl.stanley/sites/UKCPA/ukcpa_flutter/build/ios/Release-iphonesimulator/sqflite_darwin 
               SCAN_ALL_SOURCE_FILES_FOR_INCLUDES = NO
               SCRIPTS_FOLDER_PATH = sqflite_darwin.framework/Scripts
               SDKROOT = /Applications/Xcode.app/Contents/Developer/Platforms/iPhoneSimulator.platform/Developer/SDKs/iPhoneSimulator18.0.sdk
               SDK_DIR = /Applications/Xcode.app/Contents/Developer/Platforms/iPhoneSimulator.platform/Developer/SDKs/iPhoneSimulator18.0.sdk
               SDK_DIR_iphonesimulator = /Applications/Xcode.app/Contents/Developer/Platforms/iPhoneSimulator.platform/Developer/SDKs/iPhoneSimulator18.0.sdk
               SDK_DIR_iphonesimulator18_0 = /Applications/Xcode.app/Contents/Developer/Platforms/iPhoneSimulator.platform/Developer/SDKs/iPhoneSimulator18.0.sdk
               SDK_NAME = iphonesimulator18.0
               SDK_NAMES = iphonesimulator18.0
               SDK_PRODUCT_BUILD_VERSION = 22A3362
               SDK_STAT_CACHE_DIR = /var/folders/20/skb3d8qx2hn9r9z8036y32g40000gp/C/com.apple.DeveloperTools/16.0-16A242d/Xcode
               SDK_STAT_CACHE_ENABLE = YES
               SDK_STAT_CACHE_PATH = /var/folders/20/skb3d8qx2hn9r9z8036y32g40000gp/C/com.apple.DeveloperTools/16.0-16A242d/Xcode/SDKStatCaches.noindex/iphonesimulator18.0-22A3362-db63dc9361471f152f572502bdbfe70a.sdkstatcache
               SDK_VERSION = 18.0
               SDK_VERSION_ACTUAL = 180000
               SDK_VERSION_MAJOR = 180000
               SDK_VERSION_MINOR = 180000
               SED = /usr/bin/sed
               SEPARATE_STRIP = NO
               SEPARATE_SYMBOL_EDIT = NO
               SET_DIR_MODE_OWNER_GROUP = YES
               SET_FILE_MODE_OWNER_GROUP = NO
               SHALLOW_BUNDLE = YES
               SHALLOW_BUNDLE_TRIPLE = ios-simulator
               SHALLOW_BUNDLE_ios_macabi = NO
               SHALLOW_BUNDLE_macos = NO
               SHARED_DERIVED_FILE_DIR = /Users/carl.stanley/sites/UKCPA/ukcpa_flutter/build/ios/Release-iphonesimulator/sqflite_darwin/DerivedSources
               SHARED_FRAMEWORKS_FOLDER_PATH = sqflite_darwin.framework/SharedFrameworks
               SHARED_PRECOMPS_DIR = /Users/carl.stanley/sites/UKCPA/ukcpa_flutter/build/ios/SharedPrecompiledHeaders
               SHARED_SUPPORT_FOLDER_PATH = sqflite_darwin.framework
               SKIP_INSTALL = YES
               SOURCE_ROOT = /Users/carl.stanley/sites/UKCPA/ukcpa_flutter/ios/Pods
               SRCROOT = /Users/carl.stanley/sites/UKCPA/ukcpa_flutter/ios/Pods
               STRINGSDATA_DIR = /Users/carl.stanley/sites/UKCPA/ukcpa_flutter/build/ios/Pods.build/Release-iphonesimulator/sqflite_darwin.build/Objects-normal/undefined_arch
               STRINGSDATA_ROOT = /Users/carl.stanley/sites/UKCPA/ukcpa_flutter/build/ios/Pods.build/Release-iphonesimulator/sqflite_darwin.build
               STRINGS_FILE_INFOPLIST_RENAME = YES
               STRINGS_FILE_OUTPUT_ENCODING = binary
               STRIP_BITCODE_FROM_COPIED_FILES = NO
               STRIP_INSTALLED_PRODUCT = NO
               STRIP_STYLE = debugging
               STRIP_SWIFT_SYMBOLS = YES
               SUPPORTED_DEVICE_FAMILIES = 1,2
               SUPPORTED_PLATFORMS = iphoneos iphonesimulator
               SUPPORTS_TEXT_BASED_API = NO
               SUPPRESS_WARNINGS = NO
               SWIFT_ACTIVE_COMPILATION_CONDITIONS =  
               SWIFT_COMPILATION_MODE = wholemodule
               SWIFT_EMIT_LOC_STRINGS = NO
               SWIFT_INSTALL_MODULE_FOR_DEPLOYMENT = YES
               SWIFT_INSTALL_OBJC_HEADER = YES
               SWIFT_OPTIMIZATION_LEVEL = -O
               SWIFT_PLATFORM_TARGET_PREFIX = ios
               SWIFT_RESPONSE_FILE_PATH_normal_arm64 = /Users/carl.stanley/sites/UKCPA/ukcpa_flutter/build/ios/Pods.build/Release-iphonesimulator/sqflite_darwin.build/Objects-normal/arm64/sqflite_darwin.SwiftFileList
               SWIFT_RESPONSE_FILE_PATH_normal_x86_64 = /Users/carl.stanley/sites/UKCPA/ukcpa_flutter/build/ios/Pods.build/Release-iphonesimulator/sqflite_darwin.build/Objects-normal/x86_64/sqflite_darwin.SwiftFileList
               SWIFT_VERSION = 5.0
               SYMROOT = /Users/carl.stanley/sites/UKCPA/ukcpa_flutter/ios/build
               SYSTEM_ADMIN_APPS_DIR = /Applications/Utilities
               SYSTEM_APPS_DIR = /Applications
               SYSTEM_CORE_SERVICES_DIR = /System/Library/CoreServices
               SYSTEM_DEMOS_DIR = /Applications/Extras
               SYSTEM_DEVELOPER_APPS_DIR = /Applications/Xcode.app/Contents/Developer/Applications
               SYSTEM_DEVELOPER_BIN_DIR = /Applications/Xcode.app/Contents/Developer/usr/bin
               SYSTEM_DEVELOPER_DEMOS_DIR = /Applications/Xcode.app/Contents/Developer/Applications/Utilities/Built Examples
               SYSTEM_DEVELOPER_DIR = /Applications/Xcode.app/Contents/Developer
               SYSTEM_DEVELOPER_DOC_DIR = /Applications/Xcode.app/Contents/Developer/ADC Reference Library
               SYSTEM_DEVELOPER_GRAPHICS_TOOLS_DIR = /Applications/Xcode.app/Contents/Developer/Applications/Graphics Tools
               SYSTEM_DEVELOPER_JAVA_TOOLS_DIR = /Applications/Xcode.app/Contents/Developer/Applications/Java Tools
               SYSTEM_DEVELOPER_PERFORMANCE_TOOLS_DIR = /Applications/Xcode.app/Contents/Developer/Applications/Performance Tools
               SYSTEM_DEVELOPER_RELEASENOTES_DIR = /Applications/Xcode.app/Contents/Developer/ADC Reference Library/releasenotes
               SYSTEM_DEVELOPER_TOOLS = /Applications/Xcode.app/Contents/Developer/Tools
               SYSTEM_DEVELOPER_TOOLS_DOC_DIR = /Applications/Xcode.app/Contents/Developer/ADC Reference Library/documentation/DeveloperTools
               SYSTEM_DEVELOPER_TOOLS_RELEASENOTES_DIR = /Applications/Xcode.app/Contents/Developer/ADC Reference Library/releasenotes/DeveloperTools
               SYSTEM_DEVELOPER_USR_DIR = /Applications/Xcode.app/Contents/Developer/usr
               SYSTEM_DEVELOPER_UTILITIES_DIR = /Applications/Xcode.app/Contents/Developer/Applications/Utilities
               SYSTEM_DEXT_INSTALL_PATH = /System/Library/DriverExtensions
               SYSTEM_DOCUMENTATION_DIR = /Library/Documentation
               SYSTEM_EXTENSIONS_FOLDER_PATH = sqflite_darwin.framework/SystemExtensions
               SYSTEM_EXTENSIONS_FOLDER_PATH_SHALLOW_BUNDLE_NO = sqflite_darwin.framework/Library/SystemExtensions
               SYSTEM_EXTENSIONS_FOLDER_PATH_SHALLOW_BUNDLE_YES = sqflite_darwin.framework/SystemExtensions
               SYSTEM_KEXT_INSTALL_PATH = /System/Library/Extensions
               SYSTEM_LIBRARY_DIR = /System/Library
               TAPI_DEMANGLE = YES
               TAPI_ENABLE_PROJECT_HEADERS = NO
               TAPI_LANGUAGE = objective-c
               TAPI_LANGUAGE_STANDARD = compiler-default
               TAPI_USE_SRCROOT = YES
               TAPI_VERIFY_MODE = Pedantic
               TARGETED_DEVICE_FAMILY = 1,2
               TARGETNAME = sqflite_darwin
               TARGET_BUILD_DIR = /Users/carl.stanley/sites/UKCPA/ukcpa_flutter/build/ios/Release-iphonesimulator/sqflite_darwin
               TARGET_NAME = sqflite_darwin
               TARGET_TEMP_DIR = /Users/carl.stanley/sites/UKCPA/ukcpa_flutter/build/ios/Pods.build/Release-iphonesimulator/sqflite_darwin.build
               TEMP_DIR = /Users/carl.stanley/sites/UKCPA/ukcpa_flutter/build/ios/Pods.build/Release-iphonesimulator/sqflite_darwin.build
               TEMP_FILES_DIR = /Users/carl.stanley/sites/UKCPA/ukcpa_flutter/build/ios/Pods.build/Release-iphonesimulator/sqflite_darwin.build
               TEMP_FILE_DIR = /Users/carl.stanley/sites/UKCPA/ukcpa_flutter/build/ios/Pods.build/Release-iphonesimulator/sqflite_darwin.build
               TEMP_ROOT = /Users/carl.stanley/sites/UKCPA/ukcpa_flutter/build/ios
               TEST_FRAMEWORK_SEARCH_PATHS =  /Applications/Xcode.app/Contents/Developer/Platforms/iPhoneSimulator.platform/Developer/Library/Frameworks /Applications/Xcode.app/Contents/Developer/Platforms/iPhoneSimulator.platform/Developer/SDKs/iPhoneSimulator18.0.sdk/Developer/Library/Frameworks
               TEST_LIBRARY_SEARCH_PATHS =  /Applications/Xcode.app/Contents/Developer/Platforms/iPhoneSimulator.platform/Developer/usr/lib
               TOOLCHAINS = com.apple.dt.toolchain.XcodeDefault
               TOOLCHAIN_DIR = /Applications/Xcode.app/Contents/Developer/Toolchains/XcodeDefault.xctoolchain
               TREAT_MISSING_BASELINES_AS_TEST_FAILURES = NO
               TREAT_MISSING_SCRIPT_PHASE_OUTPUTS_AS_ERRORS = NO
               UID = 502
               UNINSTALLED_PRODUCTS_DIR = /Users/carl.stanley/sites/UKCPA/ukcpa_flutter/build/ios/UninstalledProducts
               UNLOCALIZED_RESOURCES_FOLDER_PATH = sqflite_darwin.framework
               UNLOCALIZED_RESOURCES_FOLDER_PATH_SHALLOW_BUNDLE_NO = sqflite_darwin.framework/Resources
               UNLOCALIZED_RESOURCES_FOLDER_PATH_SHALLOW_BUNDLE_YES = sqflite_darwin.framework
               UNSTRIPPED_PRODUCT = NO
               USER = carl.stanley
               USER_APPS_DIR = /Users/carl.stanley/Applications
               USER_LIBRARY_DIR = /Users/carl.stanley/Library
               USE_DYNAMIC_NO_PIC = YES
               USE_HEADERMAP = YES
               USE_HEADER_SYMLINKS = NO
               USE_RECURSIVE_SCRIPT_INPUTS_IN_SCRIPT_PHASES = YES
               VALIDATE_DEVELOPMENT_ASSET_PATHS = YES_ERROR
               VALIDATE_PRODUCT = YES
               VALID_ARCHS = arm64 x86_64
               VERBOSE_PBXCP = NO
               VERSIONING_SYSTEM = apple-generic
               VERSIONPLIST_PATH = sqflite_darwin.framework/version.plist
               VERSIONS_FOLDER_PATH = sqflite_darwin.framework
               VERSIONS_FOLDER_PATH_SHALLOW_BUNDLE_NO = sqflite_darwin.framework/Versions
               VERSIONS_FOLDER_PATH_SHALLOW_BUNDLE_YES = sqflite_darwin.framework
               VERSION_INFO_BUILDER = carl.stanley
               VERSION_INFO_FILE = sqflite_darwin_vers.c
               VERSION_INFO_STRING = "@(#)PROGRAM:sqflite_darwin  PROJECT:Pods-1"
               WORKSPACE_DIR = /Users/carl.stanley/sites/UKCPA/ukcpa_flutter/ios/Pods/Pods.xcodeproj
               WRAPPER_EXTENSION = framework
               WRAPPER_NAME = sqflite_darwin.framework
               WRAPPER_SUFFIX = .framework
               WRAP_ASSET_PACKS_IN_SEPARATE_DIRECTORIES = NO
               XCODE_APP_SUPPORT_DIR = /Applications/Xcode.app/Contents/Developer/Library/Xcode
               XCODE_PRODUCT_BUILD_VERSION = 16A242d
               XCODE_VERSION_ACTUAL = 1600
               XCODE_VERSION_MAJOR = 1600
               XCODE_VERSION_MINOR = 1600
               XPCSERVICES_FOLDER_PATH = sqflite_darwin.framework/XPCServices
               YACC = yacc
               _WRAPPER_CONTENTS_DIR_SHALLOW_BUNDLE_NO = /Contents
               _WRAPPER_PARENT_PATH_SHALLOW_BUNDLE_NO = /..
               _WRAPPER_RESOURCES_DIR_SHALLOW_BUNDLE_NO = /Resources
               arch = undefined_arch
               variant = normal

           Build settings for action build and target sqflite_darwin-sqflite_darwin_privacy:
               ACTION = build
               AD_HOC_CODE_SIGNING_ALLOWED = YES
               ALLOW_BUILD_REQUEST_OVERRIDES = NO
               ALLOW_TARGET_PLATFORM_SPECIALIZATION = NO
               ALTERNATE_GROUP = staff
               ALTERNATE_MODE = u+w,go-w,a+rX
               ALTERNATE_OWNER = carl.stanley
               ALTERNATIVE_DISTRIBUTION_WEB = NO
               ALWAYS_EMBED_SWIFT_STANDARD_LIBRARIES = NO
               ALWAYS_SEARCH_USER_PATHS = NO
               ALWAYS_USE_SEPARATE_HEADERMAPS = NO
               APPLE_INTERNAL_DEVELOPER_DIR = /AppleInternal/Developer
               APPLE_INTERNAL_DIR = /AppleInternal
               APPLE_INTERNAL_DOCUMENTATION_DIR = /AppleInternal/Documentation
               APPLE_INTERNAL_LIBRARY_DIR = /AppleInternal/Library
               APPLE_INTERNAL_TOOLS = /AppleInternal/Developer/Tools
               APPLICATION_EXTENSION_API_ONLY = NO
               APPLY_RULES_IN_COPY_FILES = NO
               APPLY_RULES_IN_COPY_HEADERS = NO
               APP_SHORTCUTS_ENABLE_FLEXIBLE_MATCHING = YES
               ARCHS = arm64 x86_64
               ARCHS_STANDARD = arm64 x86_64
               ARCHS_STANDARD_32_64_BIT = arm64 i386 x86_64
               ARCHS_STANDARD_32_BIT = i386
               ARCHS_STANDARD_64_BIT = arm64 x86_64
               ARCHS_STANDARD_INCLUDING_64_BIT = arm64 x86_64
               ARCHS_UNIVERSAL_IPHONE_OS = arm64 i386 x86_64
               ASSETCATALOG_COMPILER_GENERATE_ASSET_SYMBOLS = YES
               AUTOMATICALLY_MERGE_DEPENDENCIES = NO
               AVAILABLE_PLATFORMS = appletvos appletvsimulator driverkit iphoneos iphonesimulator macosx watchos watchsimulator xros xrsimulator
               BITCODE_GENERATION_MODE = marker
               BUILD_ACTIVE_RESOURCES_ONLY = NO
               BUILD_COMPONENTS = headers build
               BUILD_DIR = /Users/carl.stanley/sites/UKCPA/ukcpa_flutter/build/ios
               BUILD_LIBRARY_FOR_DISTRIBUTION = NO
               BUILD_ROOT = /Users/carl.stanley/sites/UKCPA/ukcpa_flutter/ios/build
               BUILD_STYLE = 
               BUILD_VARIANTS = normal
               BUILT_PRODUCTS_DIR = /Users/carl.stanley/sites/UKCPA/ukcpa_flutter/build/ios/Release-iphonesimulator/sqflite_darwin
               BUNDLE_CONTENTS_FOLDER_PATH_deep = Contents/
               BUNDLE_EXECUTABLE_FOLDER_NAME_deep = MacOS
               BUNDLE_EXTENSIONS_FOLDER_PATH = Extensions
               BUNDLE_FORMAT = shallow
               BUNDLE_FRAMEWORKS_FOLDER_PATH = Frameworks
               BUNDLE_PLUGINS_FOLDER_PATH = PlugIns
               BUNDLE_PRIVATE_HEADERS_FOLDER_PATH = PrivateHeaders
               BUNDLE_PUBLIC_HEADERS_FOLDER_PATH = Headers
               CACHE_ROOT = /var/folders/20/skb3d8qx2hn9r9z8036y32g40000gp/C/com.apple.DeveloperTools/16.0-16A242d/Xcode
               CCHROOT = /var/folders/20/skb3d8qx2hn9r9z8036y32g40000gp/C/com.apple.DeveloperTools/16.0-16A242d/Xcode
               CHMOD = /bin/chmod
               CHOWN = /usr/sbin/chown
               CLANG_ANALYZER_LOCALIZABILITY_NONLOCALIZED = YES
               CLANG_ANALYZER_NONNULL = YES
               CLANG_ANALYZER_NUMBER_OBJECT_CONVERSION = YES_AGGRESSIVE
               CLANG_CACHE_FINE_GRAINED_OUTPUTS = YES
               CLANG_CXX_LANGUAGE_STANDARD = gnu++14
               CLANG_CXX_LIBRARY = libc++
               CLANG_ENABLE_EXPLICIT_MODULES = YES
               CLANG_ENABLE_MODULES = YES
               CLANG_ENABLE_OBJC_ARC = YES
               CLANG_ENABLE_OBJC_WEAK = YES
               CLANG_MODULES_BUILD_SESSION_FILE = /var/folders/20/skb3d8qx2hn9r9z8036y32g40000gp/C/org.llvm.clang/ModuleCache.noindex/Session.modulevalidation
               CLANG_WARN_BLOCK_CAPTURE_AUTORELEASING = YES
               CLANG_WARN_BOOL_CONVERSION = YES
               CLANG_WARN_COMMA = YES
               CLANG_WARN_CONSTANT_CONVERSION = YES
               CLANG_WARN_DEPRECATED_OBJC_IMPLEMENTATIONS = YES
               CLANG_WARN_DIRECT_OBJC_ISA_USAGE = YES_ERROR
               CLANG_WARN_DOCUMENTATION_COMMENTS = YES
               CLANG_WARN_EMPTY_BODY = YES
               CLANG_WARN_ENUM_CONVERSION = YES
               CLANG_WARN_INFINITE_RECURSION = YES
               CLANG_WARN_INT_CONVERSION = YES
               CLANG_WARN_NON_LITERAL_NULL_CONVERSION = YES
               CLANG_WARN_OBJC_IMPLICIT_RETAIN_SELF = YES
               CLANG_WARN_OBJC_LITERAL_CONVERSION = YES
               CLANG_WARN_OBJC_ROOT_CLASS = YES_ERROR
               CLANG_WARN_QUOTED_INCLUDE_IN_FRAMEWORK_HEADER = NO
               CLANG_WARN_RANGE_LOOP_ANALYSIS = YES
               CLANG_WARN_STRICT_PROTOTYPES = YES
               CLANG_WARN_SUSPICIOUS_MOVE = YES
               CLANG_WARN_UNGUARDED_AVAILABILITY = YES_AGGRESSIVE
               CLANG_WARN_UNREACHABLE_CODE = YES
               CLANG_WARN__DUPLICATE_METHOD_MATCH = YES
               CLASS_FILE_DIR = /Users/carl.stanley/sites/UKCPA/ukcpa_flutter/build/ios/Pods.build/Release-iphonesimulator/sqflite_darwin-sqflite_darwin_privacy.build/JavaClasses
               CLEAN_PRECOMPS = YES
               CLONE_HEADERS = NO
               CODESIGNING_FOLDER_PATH = /Users/carl.stanley/sites/UKCPA/ukcpa_flutter/build/ios/Release-iphonesimulator/sqflite_darwin/sqflite_darwin_privacy.bundle
               CODE_SIGNING_ALLOWED = NO
               CODE_SIGNING_IDENTITY = -
               CODE_SIGNING_REQUIRED = NO
               CODE_SIGN_CONTEXT_CLASS = XCiPhoneSimulatorCodeSignContext
               CODE_SIGN_IDENTITY = -
               CODE_SIGN_INJECT_BASE_ENTITLEMENTS = YES
               COLOR_DIAGNOSTICS = NO
               COMBINE_HIDPI_IMAGES = NO
               COMPILATION_CACHE_CAS_PATH = /var/folders/20/skb3d8qx2hn9r9z8036y32g40000gp/C/com.apple.DeveloperTools/16.0-16A242d/Xcode/CompilationCache.noindex
               COMPILATION_CACHE_KEEP_CAS_DIRECTORY = YES
               COMPILER_INDEX_STORE_ENABLE = Default
               COMPOSITE_SDK_DIRS = /Users/carl.stanley/sites/UKCPA/ukcpa_flutter/build/ios/CompositeSDKs
               COMPRESS_PNG_FILES = YES
               CONFIGURATION = Release
               CONFIGURATION_BUILD_DIR = /Users/carl.stanley/sites/UKCPA/ukcpa_flutter/build/ios/Release-iphonesimulator/sqflite_darwin
               CONFIGURATION_TEMP_DIR = /Users/carl.stanley/sites/UKCPA/ukcpa_flutter/build/ios/Pods.build/Release-iphonesimulator
               CONTENTS_FOLDER_PATH = sqflite_darwin_privacy.bundle
               CONTENTS_FOLDER_PATH_SHALLOW_BUNDLE_NO = sqflite_darwin_privacy.bundle/Contents
               CONTENTS_FOLDER_PATH_SHALLOW_BUNDLE_YES = sqflite_darwin_privacy.bundle
               COPYING_PRESERVES_HFS_DATA = NO
               COPY_HEADERS_RUN_UNIFDEF = NO
               COPY_PHASE_STRIP = NO
               CORRESPONDING_DEVICE_PLATFORM_DIR = /Applications/Xcode.app/Contents/Developer/Platforms/iPhoneOS.platform
               CORRESPONDING_DEVICE_PLATFORM_NAME = iphoneos
               CORRESPONDING_DEVICE_SDK_DIR = /Applications/Xcode.app/Contents/Developer/Platforms/iPhoneOS.platform/Developer/SDKs/iPhoneOS18.0.sdk
               CORRESPONDING_DEVICE_SDK_NAME = iphoneos18.0
               CP = /bin/cp
               CREATE_INFOPLIST_SECTION_IN_BINARY = NO
               CURRENT_ARCH = undefined_arch
               CURRENT_VARIANT = normal
               DEAD_CODE_STRIPPING = YES
               DEBUGGING_SYMBOLS = YES
               DEBUG_INFORMATION_FORMAT = dwarf-with-dsym
               DEBUG_INFORMATION_VERSION = compiler-default
               DEFAULT_COMPILER = com.apple.compilers.llvm.clang.1_0
               DEFAULT_DEXT_INSTALL_PATH = /System/Library/DriverExtensions
               DEFAULT_KEXT_INSTALL_PATH = /System/Library/Extensions
               DEFINES_MODULE = YES
               DEPLOYMENT_LOCATION = NO
               DEPLOYMENT_POSTPROCESSING = NO
               DEPLOYMENT_TARGET_SETTING_NAME = IPHONEOS_DEPLOYMENT_TARGET
               DEPLOYMENT_TARGET_SUGGESTED_VALUES = 12.0 12.1 12.2 12.3 12.4 13.0 13.1 13.2 13.3 13.4 13.5 13.6 14.0 14.1 14.2 14.3 14.4 14.5 14.6 14.7 15.0 15.1 15.2 15.3 15.4 15.5 15.6 16.0 16.1 16.2 16.3 16.4 16.5 16.6 17.0 17.1 17.2 17.3 17.4 17.5 17.6 18.0
               DERIVED_FILES_DIR = /Users/carl.stanley/sites/UKCPA/ukcpa_flutter/build/ios/Pods.build/Release-iphonesimulator/sqflite_darwin-sqflite_darwin_privacy.build/DerivedSources
               DERIVED_FILE_DIR = /Users/carl.stanley/sites/UKCPA/ukcpa_flutter/build/ios/Pods.build/Release-iphonesimulator/sqflite_darwin-sqflite_darwin_privacy.build/DerivedSources
               DERIVED_SOURCES_DIR = /Users/carl.stanley/sites/UKCPA/ukcpa_flutter/build/ios/Pods.build/Release-iphonesimulator/sqflite_darwin-sqflite_darwin_privacy.build/DerivedSources
               DEVELOPER_APPLICATIONS_DIR = /Applications/Xcode.app/Contents/Developer/Applications
               DEVELOPER_BIN_DIR = /Applications/Xcode.app/Contents/Developer/usr/bin
               DEVELOPER_DIR = /Applications/Xcode.app/Contents/Developer
               DEVELOPER_FRAMEWORKS_DIR = /Applications/Xcode.app/Contents/Developer/Library/Frameworks
               DEVELOPER_FRAMEWORKS_DIR_QUOTED = /Applications/Xcode.app/Contents/Developer/Library/Frameworks
               DEVELOPER_LIBRARY_DIR = /Applications/Xcode.app/Contents/Developer/Library
               DEVELOPER_SDK_DIR = /Applications/Xcode.app/Contents/Developer/Platforms/MacOSX.platform/Developer/SDKs
               DEVELOPER_TOOLS_DIR = /Applications/Xcode.app/Contents/Developer/Tools
               DEVELOPER_USR_DIR = /Applications/Xcode.app/Contents/Developer/usr
               DEVELOPMENT_LANGUAGE = en
               DIFF = /usr/bin/diff
               DOCUMENTATION_FOLDER_PATH = sqflite_darwin_privacy.bundle/en.lproj/Documentation
               DONT_GENERATE_INFOPLIST_FILE = NO
               DSTROOT = /tmp/Pods.dst
               DT_TOOLCHAIN_DIR = /Applications/Xcode.app/Contents/Developer/Toolchains/XcodeDefault.xctoolchain
               DWARF_DSYM_FILE_NAME = sqflite_darwin_privacy.bundle.dSYM
               DWARF_DSYM_FILE_SHOULD_ACCOMPANY_PRODUCT = NO
               DWARF_DSYM_FOLDER_PATH = /Users/carl.stanley/sites/UKCPA/ukcpa_flutter/build/ios/Release-iphonesimulator/sqflite_darwin
               DYNAMIC_LIBRARY_EXTENSION = dylib
               EAGER_COMPILATION_ALLOW_SCRIPTS = NO
               EAGER_LINKING = NO
               EFFECTIVE_PLATFORM_NAME = -iphonesimulator
               EMBEDDED_CONTENT_CONTAINS_SWIFT = NO
               EMBED_ASSET_PACKS_IN_PRODUCT_BUNDLE = NO
               ENABLE_APP_SANDBOX = NO
               ENABLE_BITCODE = NO
               ENABLE_CODE_COVERAGE = YES
               ENABLE_DEFAULT_HEADER_SEARCH_PATHS = YES
               ENABLE_DEFAULT_SEARCH_PATHS = YES
               ENABLE_HARDENED_RUNTIME = NO
               ENABLE_HEADER_DEPENDENCIES = YES
               ENABLE_NS_ASSERTIONS = NO
               ENABLE_ON_DEMAND_RESOURCES = NO
               ENABLE_STRICT_OBJC_MSGSEND = YES
               ENABLE_TESTABILITY = NO
               ENABLE_TESTING_SEARCH_PATHS = NO
               ENABLE_USER_SCRIPT_SANDBOXING = NO
               ENTITLEMENTS_DESTINATION = __entitlements
               ENTITLEMENTS_REQUIRED = NO
               EXCLUDED_ARCHS = i386
               EXCLUDED_INSTALLSRC_SUBDIRECTORY_PATTERNS = .DS_Store .svn .git .hg CVS
               EXCLUDED_RECURSIVE_SEARCH_PATH_SUBDIRECTORIES = *.nib *.lproj *.framework *.gch *.xcode* *.xcassets (*) .DS_Store CVS .svn .git .hg *.pbproj *.pbxproj
               EXECUTABLES_FOLDER_PATH = sqflite_darwin_privacy.bundle/Executables
               EXECUTABLE_FOLDER_PATH = sqflite_darwin_privacy.bundle
               EXECUTABLE_FOLDER_PATH_SHALLOW_BUNDLE_NO = sqflite_darwin_privacy.bundle/MacOS
               EXECUTABLE_FOLDER_PATH_SHALLOW_BUNDLE_YES = sqflite_darwin_privacy.bundle
               EXECUTABLE_NAME = sqflite_darwin_privacy
               EXECUTABLE_PATH = sqflite_darwin_privacy.bundle/sqflite_darwin_privacy
               EXPANDED_CODE_SIGN_IDENTITY = -
               EXTENSIONS_FOLDER_PATH = sqflite_darwin_privacy.bundle/Extensions
               FILE_LIST = /Users/carl.stanley/sites/UKCPA/ukcpa_flutter/build/ios/Pods.build/Release-iphonesimulator/sqflite_darwin-sqflite_darwin_privacy.build/Objects/LinkFileList
               FIXED_FILES_DIR = /Users/carl.stanley/sites/UKCPA/ukcpa_flutter/build/ios/Pods.build/Release-iphonesimulator/sqflite_darwin-sqflite_darwin_privacy.build/FixedFiles
               FRAMEWORKS_FOLDER_PATH = sqflite_darwin_privacy.bundle/Frameworks
               FRAMEWORK_FLAG_PREFIX = -framework
               FRAMEWORK_SEARCH_PATHS = /Users/carl.stanley/sites/UKCPA/ukcpa_flutter/build/ios/Release-iphonesimulator/sqflite_darwin 
               FRAMEWORK_VERSION = A
               FULL_PRODUCT_NAME = sqflite_darwin_privacy.bundle
               FUSE_BUILD_PHASES = YES
               FUSE_BUILD_SCRIPT_PHASES = NO
               GCC3_VERSION = 3.3
               GCC_C_LANGUAGE_STANDARD = gnu11
               GCC_INLINES_ARE_PRIVATE_EXTERN = YES
               GCC_NO_COMMON_BLOCKS = YES
               GCC_OBJC_LEGACY_DISPATCH = YES
               GCC_PFE_FILE_C_DIALECTS = c objective-c c++ objective-c++
               GCC_PREPROCESSOR_DEFINITIONS = POD_CONFIGURATION_RELEASE=1  COCOAPODS=1
               GCC_TREAT_WARNINGS_AS_ERRORS = NO
               GCC_VERSION = com.apple.compilers.llvm.clang.1_0
               GCC_VERSION_IDENTIFIER = com_apple_compilers_llvm_clang_1_0
               GCC_WARN_64_TO_32_BIT_CONVERSION = YES
               GCC_WARN_ABOUT_RETURN_TYPE = YES_ERROR
               GCC_WARN_UNDECLARED_SELECTOR = YES
               GCC_WARN_UNINITIALIZED_AUTOS = YES_AGGRESSIVE
               GCC_WARN_UNUSED_FUNCTION = YES
               GCC_WARN_UNUSED_VARIABLE = YES
               GENERATED_MODULEMAP_DIR = /Users/carl.stanley/sites/UKCPA/ukcpa_flutter/build/ios/GeneratedModuleMaps-iphonesimulator
               GENERATE_INFOPLIST_FILE = NO
               GENERATE_INTERMEDIATE_TEXT_BASED_STUBS = YES
               GENERATE_MASTER_OBJECT_FILE = NO
               GENERATE_PKGINFO_FILE = NO
               GENERATE_PROFILING_CODE = NO
               GENERATE_TEXT_BASED_STUBS = NO
               GID = 20
               GROUP = staff
               HEADERMAP_INCLUDES_FLAT_ENTRIES_FOR_TARGET_BEING_BUILT = YES
               HEADERMAP_INCLUDES_FRAMEWORK_ENTRIES_FOR_ALL_PRODUCT_TYPES = YES
               HEADERMAP_INCLUDES_FRAMEWORK_ENTRIES_FOR_TARGETS_NOT_BEING_BUILT = YES
               HEADERMAP_INCLUDES_NONPUBLIC_NONPRIVATE_HEADERS = YES
               HEADERMAP_INCLUDES_PROJECT_HEADERS = YES
               HEADERMAP_USES_FRAMEWORK_PREFIX_ENTRIES = YES
               HEADERMAP_USES_VFS = YES
               HEADER_SEARCH_PATHS = /Users/carl.stanley/sites/UKCPA/ukcpa_flutter/build/ios/Release-iphonesimulator/sqflite_darwin/include 
               HIDE_BITCODE_SYMBOLS = YES
               HOME = /Users/carl.stanley
               HOST_ARCH = arm64
               HOST_PLATFORM = macosx
               IBSC_MODULE = sqflite_darwin
               ICONV = /usr/bin/iconv
               IMPLICIT_DEPENDENCY_DOMAIN = default
               INFOPLIST_ENABLE_CFBUNDLEICONS_MERGE = YES
               INFOPLIST_EXPAND_BUILD_SETTINGS = YES
               INFOPLIST_FILE = Target Support Files/sqflite_darwin/ResourceBundle-sqflite_darwin_privacy-sqflite_darwin-Info.plist
               INFOPLIST_OUTPUT_FORMAT = binary
               INFOPLIST_PATH = sqflite_darwin_privacy.bundle/Info.plist
               INFOPLIST_PREPROCESS = NO
               INFOSTRINGS_PATH = sqflite_darwin_privacy.bundle/en.lproj/InfoPlist.strings
               INLINE_PRIVATE_FRAMEWORKS = NO
               INSTALLHDRS_COPY_PHASE = NO
               INSTALLHDRS_SCRIPT_PHASE = NO
               INSTALL_DIR = /tmp/Pods.dst
               INSTALL_GROUP = staff
               INSTALL_MODE_FLAG = u+w,go-w,a+rX
               INSTALL_OWNER = carl.stanley
               INSTALL_ROOT = /tmp/Pods.dst
               IPHONEOS_DEPLOYMENT_TARGET = 13.0
               IS_UNOPTIMIZED_BUILD = NO
               JAVAC_DEFAULT_FLAGS = -J-Xms64m -J-XX:NewSize=4M -J-Dfile.encoding=UTF8
               JAVA_APP_STUB = /System/Library/Frameworks/JavaVM.framework/Resources/MacOS/JavaApplicationStub
               JAVA_ARCHIVE_CLASSES = YES
               JAVA_ARCHIVE_TYPE = JAR
               JAVA_COMPILER = /usr/bin/javac
               JAVA_FOLDER_PATH = sqflite_darwin_privacy.bundle/Java
               JAVA_FRAMEWORK_RESOURCES_DIRS = Resources
               JAVA_JAR_FLAGS = cv
               JAVA_SOURCE_SUBDIR = .
               JAVA_USE_DEPENDENCIES = YES
               JAVA_ZIP_FLAGS = -urg
               JIKES_DEFAULT_FLAGS = +E +OLDCSO
               KEEP_PRIVATE_EXTERNS = NO
               LD_DEPENDENCY_INFO_FILE = /Users/carl.stanley/sites/UKCPA/ukcpa_flutter/build/ios/Pods.build/Release-iphonesimulator/sqflite_darwin-sqflite_darwin_privacy.build/Objects-normal/undefined_arch/sqflite_darwin_privacy_dependency_info.dat
               LD_EXPORT_SYMBOLS = YES
               LD_GENERATE_MAP_FILE = NO
               LD_MAP_FILE_PATH = /Users/carl.stanley/sites/UKCPA/ukcpa_flutter/build/ios/Pods.build/Release-iphonesimulator/sqflite_darwin-sqflite_darwin_privacy.build/sqflite_darwin_privacy-LinkMap-normal-undefined_arch.txt
               LD_NO_PIE = NO
               LD_QUOTE_LINKER_ARGUMENTS_FOR_COMPILER_DRIVER = YES
               LD_SHARED_CACHE_ELIGIBLE = Automatic
               LD_WARN_DUPLICATE_LIBRARIES = NO
               LD_WARN_UNUSED_DYLIBS = NO
               LEGACY_DEVELOPER_DIR = /Applications/Xcode.app/Contents/PlugIns/Xcode3Core.ideplugin/Contents/SharedSupport/Developer
               LEX = lex
               LIBRARY_DEXT_INSTALL_PATH = /Library/DriverExtensions
               LIBRARY_FLAG_NOSPACE = YES
               LIBRARY_FLAG_PREFIX = -l
               LIBRARY_KEXT_INSTALL_PATH = /Library/Extensions
               LIBRARY_SEARCH_PATHS = /Users/carl.stanley/sites/UKCPA/ukcpa_flutter/build/ios/Release-iphonesimulator/sqflite_darwin 
               LINKER_DISPLAYS_MANGLED_NAMES = NO
               LINK_FILE_LIST_normal_arm64 = /Users/carl.stanley/sites/UKCPA/ukcpa_flutter/build/ios/Pods.build/Release-iphonesimulator/sqflite_darwin-sqflite_darwin_privacy.build/Objects-normal/arm64/sqflite_darwin_privacy.LinkFileList
               LINK_FILE_LIST_normal_x86_64 = /Users/carl.stanley/sites/UKCPA/ukcpa_flutter/build/ios/Pods.build/Release-iphonesimulator/sqflite_darwin-sqflite_darwin_privacy.build/Objects-normal/x86_64/sqflite_darwin_privacy.LinkFileList
               LINK_OBJC_RUNTIME = YES
               LINK_WITH_STANDARD_LIBRARIES = YES
               LLVM_TARGET_TRIPLE_OS_VERSION = ios13.0
               LLVM_TARGET_TRIPLE_SUFFIX = -simulator
               LLVM_TARGET_TRIPLE_VENDOR = apple
               LM_AUX_CONST_METADATA_LIST_PATH_normal_arm64 = /Users/carl.stanley/sites/UKCPA/ukcpa_flutter/build/ios/Pods.build/Release-iphonesimulator/sqflite_darwin-sqflite_darwin_privacy.build/Objects-normal/arm64/sqflite_darwin_privacy.SwiftConstValuesFileList
               LM_AUX_CONST_METADATA_LIST_PATH_normal_x86_64 = /Users/carl.stanley/sites/UKCPA/ukcpa_flutter/build/ios/Pods.build/Release-iphonesimulator/sqflite_darwin-sqflite_darwin_privacy.build/Objects-normal/x86_64/sqflite_darwin_privacy.SwiftConstValuesFileList
               LOCALIZATION_EXPORT_SUPPORTED = YES
               LOCALIZATION_PREFERS_STRING_CATALOGS = NO
               LOCALIZED_RESOURCES_FOLDER_PATH = sqflite_darwin_privacy.bundle/en.lproj
               LOCALIZED_STRING_MACRO_NAMES = NSLocalizedString CFCopyLocalizedString
               LOCALIZED_STRING_SWIFTUI_SUPPORT = YES
               LOCAL_ADMIN_APPS_DIR = /Applications/Utilities
               LOCAL_APPS_DIR = /Applications
               LOCAL_DEVELOPER_DIR = /Library/Developer
               LOCAL_LIBRARY_DIR = /Library
               LOCROOT = /Users/carl.stanley/sites/UKCPA/ukcpa_flutter/ios/Pods
               LOCSYMROOT = /Users/carl.stanley/sites/UKCPA/ukcpa_flutter/ios/Pods
               MACH_O_TYPE = mh_bundle
               MAC_OS_X_PRODUCT_BUILD_VERSION = 24G84
               MAC_OS_X_VERSION_ACTUAL = 150600
               MAC_OS_X_VERSION_MAJOR = 150000
               MAC_OS_X_VERSION_MINOR = 150600
               MAKE_MERGEABLE = NO
               MERGEABLE_LIBRARY = NO
               MERGED_BINARY_TYPE = none
               MERGE_LINKED_LIBRARIES = NO
               METAL_LIBRARY_FILE_BASE = default
               METAL_LIBRARY_OUTPUT_DIR = /Users/carl.stanley/sites/UKCPA/ukcpa_flutter/build/ios/Release-iphonesimulator/sqflite_darwin/sqflite_darwin_privacy.bundle
               MODULES_FOLDER_PATH = sqflite_darwin_privacy.bundle/Modules
               MTL_ENABLE_DEBUG_INFO = NO
               MTL_FAST_MATH = YES
               NATIVE_ARCH = arm64
               NATIVE_ARCH_32_BIT = arm
               NATIVE_ARCH_64_BIT = arm64
               NATIVE_ARCH_ACTUAL = arm64
               NO_COMMON = YES
               OBJC_ABI_VERSION = 2
               OBJECT_FILE_DIR = /Users/carl.stanley/sites/UKCPA/ukcpa_flutter/build/ios/Pods.build/Release-iphonesimulator/sqflite_darwin-sqflite_darwin_privacy.build/Objects
               OBJECT_FILE_DIR_normal = /Users/carl.stanley/sites/UKCPA/ukcpa_flutter/build/ios/Pods.build/Release-iphonesimulator/sqflite_darwin-sqflite_darwin_privacy.build/Objects-normal
               OBJROOT = /Users/carl.stanley/sites/UKCPA/ukcpa_flutter/build/ios
               ONLY_ACTIVE_ARCH = NO
               OS = MACOS
               OSAC = /usr/bin/osacompile
               PACKAGE_TYPE = com.apple.package-type.wrapper
               PASCAL_STRINGS = YES
               PATH = /Applications/Xcode.app/Contents/SharedFrameworks/XCBuild.framework/Versions/A/PlugIns/XCBBuildService.bundle/Contents/PlugIns/XCBSpecifications.ideplugin/Contents/Resources:/Applications/Xcode.app/Contents/SharedFrameworks/XCBuild.framework/Versions/A/PlugIns/XCBBuildService.bundle/Contents/PlugIns/XCBSpecifications.ideplugin:/Applications/Xcode.app/Contents/Developer/Toolchains/XcodeDefault.xctoolchain/usr/bin:/Applications/Xcode.app/Contents/Developer/Toolchains/XcodeDefault.xctoolchain/usr/appleinternal/bin:/Applications/Xcode.app/Contents/Developer/Toolchains/XcodeDefault.xctoolchain/usr/local/bin:/Applications/Xcode.app/Contents/Developer/Toolchains/XcodeDefault.xctoolchain/usr/libexec:/Applications/Xcode.app/Contents/Developer/Platforms/iPhoneSimulator.platform/usr/bin:/Applications/Xcode.app/Contents/Developer/Platforms/iPhoneSimulator.platform/usr/appleinternal/bin:/Applications/Xcode.app/Contents/Developer/Platforms/iPhoneSimulator.platform/usr/local/bin:/Applications/Xcode.app/Contents/Developer/Platforms/iPhoneSimulator.platform/Developer/usr/bin:/Applications/Xcode.app/Contents/Developer/Platforms/iPhoneSimulator.platform/Developer/usr/local/bin:/Applications/Xcode.app/Contents/Developer/usr/bin:/Applications/Xcode.app/Contents/Developer/usr/local/bin:/opt/homebrew/Cellar/pyenv-virtualenv/1.2.4/shims:/Users/carl.stanley/.pyenv/shims:/Users/carl.stanley/.pyenv/bin:/Users/carl.stanley/.nvm/versions/node/v18.17.0/bin:/Users/carl.stanley/development/flutter/bin:/opt/homebrew/bin:/opt/homebrew/sbin:/Users/carl.stanley/.local/bin:/usr/local/bin:/System/Cryptexes/App/usr/bin:/usr/bin:/bin:/usr/sbin:/sbin:/var/run/com.apple.security.cryptexd/codex.system/bootstrap/usr/local/bin:/var/run/com.apple.security.cryptexd/codex.system/bootstrap/usr/bin:/var/run/com.apple.security.cryptexd/codex.system/bootstrap/usr/appleinternal/bin:/Library/Apple/usr/bin:/usr/local/sbin:/usr/local/go/bin:/Users/carl.stanley/.pub-cache/bin
               PATH_PREFIXES_EXCLUDED_FROM_HEADER_DEPENDENCIES = /usr/include /usr/local/include /System/Library/Frameworks /System/Library/PrivateFrameworks /Applications/Xcode.app/Contents/Developer/Headers /Applications/Xcode.app/Contents/Developer/SDKs /Applications/Xcode.app/Contents/Developer/Platforms
               PBDEVELOPMENTPLIST_PATH = sqflite_darwin_privacy.bundle/pbdevelopment.plist
               PER_ARCH_OBJECT_FILE_DIR = /Users/carl.stanley/sites/UKCPA/ukcpa_flutter/build/ios/Pods.build/Release-iphonesimulator/sqflite_darwin-sqflite_darwin_privacy.build/Objects-normal/undefined_arch
               PER_VARIANT_OBJECT_FILE_DIR = /Users/carl.stanley/sites/UKCPA/ukcpa_flutter/build/ios/Pods.build/Release-iphonesimulator/sqflite_darwin-sqflite_darwin_privacy.build/Objects-normal
               PKGINFO_FILE_PATH = /Users/carl.stanley/sites/UKCPA/ukcpa_flutter/build/ios/Pods.build/Release-iphonesimulator/sqflite_darwin-sqflite_darwin_privacy.build/PkgInfo
               PKGINFO_PATH = sqflite_darwin_privacy.bundle/PkgInfo
               PLATFORM_DEVELOPER_APPLICATIONS_DIR = /Applications/Xcode.app/Contents/Developer/Platforms/iPhoneSimulator.platform/Developer/Applications
               PLATFORM_DEVELOPER_BIN_DIR = /Applications/Xcode.app/Contents/Developer/Platforms/iPhoneSimulator.platform/Developer/usr/bin
               PLATFORM_DEVELOPER_LIBRARY_DIR = /Applications/Xcode.app/Contents/Developer/Platforms/iPhoneSimulator.platform/Developer/Library
               PLATFORM_DEVELOPER_SDK_DIR = /Applications/Xcode.app/Contents/Developer/Platforms/iPhoneSimulator.platform/Developer/SDKs
               PLATFORM_DEVELOPER_TOOLS_DIR = /Applications/Xcode.app/Contents/Developer/Platforms/iPhoneSimulator.platform/Developer/Tools
               PLATFORM_DEVELOPER_USR_DIR = /Applications/Xcode.app/Contents/Developer/Platforms/iPhoneSimulator.platform/Developer/usr
               PLATFORM_DIR = /Applications/Xcode.app/Contents/Developer/Platforms/iPhoneSimulator.platform
               PLATFORM_DISPLAY_NAME = iOS Simulator
               PLATFORM_FAMILY_NAME = iOS
               PLATFORM_NAME = iphonesimulator
               PLATFORM_PREFERRED_ARCH = x86_64
               PLATFORM_PRODUCT_BUILD_VERSION = 22A3362
               PLIST_FILE_OUTPUT_FORMAT = binary
               PLUGINS_FOLDER_PATH = sqflite_darwin_privacy.bundle/PlugIns
               PODS_BUILD_DIR = /Users/carl.stanley/sites/UKCPA/ukcpa_flutter/build/ios
               PODS_CONFIGURATION_BUILD_DIR = /Users/carl.stanley/sites/UKCPA/ukcpa_flutter/build/ios/Release-iphonesimulator
               PODS_DEVELOPMENT_LANGUAGE = en
               PODS_ROOT = /Users/carl.stanley/sites/UKCPA/ukcpa_flutter/ios/Pods
               PODS_TARGET_SRCROOT = /Users/carl.stanley/sites/UKCPA/ukcpa_flutter/ios/Pods/../.symlinks/plugins/sqflite_darwin/darwin
               PODS_XCFRAMEWORKS_BUILD_DIR = /Users/carl.stanley/sites/UKCPA/ukcpa_flutter/build/ios/Release-iphonesimulator/XCFrameworkIntermediates
               PRECOMPS_INCLUDE_HEADERS_FROM_BUILT_PRODUCTS_DIR = YES
               PRECOMP_DESTINATION_DIR = /Users/carl.stanley/sites/UKCPA/ukcpa_flutter/build/ios/Pods.build/Release-iphonesimulator/sqflite_darwin-sqflite_darwin_privacy.build/PrefixHeaders
               PRIVATE_HEADERS_FOLDER_PATH = sqflite_darwin_privacy.bundle/PrivateHeaders
               PROCESSED_INFOPLIST_PATH = /Users/carl.stanley/sites/UKCPA/ukcpa_flutter/build/ios/Pods.build/Release-iphonesimulator/sqflite_darwin-sqflite_darwin_privacy.build/Objects-normal/undefined_arch/Processed-Info.plist
               PRODUCT_BUNDLE_IDENTIFIER = org.cocoapods.sqflite-darwin-privacy
               PRODUCT_BUNDLE_PACKAGE_TYPE = BNDL
               PRODUCT_MODULE_NAME = sqflite_darwin_privacy
               PRODUCT_NAME = sqflite_darwin_privacy
               PRODUCT_SETTINGS_PATH = /Users/carl.stanley/sites/UKCPA/ukcpa_flutter/ios/Pods/Target Support Files/sqflite_darwin/ResourceBundle-sqflite_darwin_privacy-sqflite_darwin-Info.plist
               PRODUCT_TYPE = com.apple.product-type.bundle
               PROFILING_CODE = NO
               PROJECT = Pods
               PROJECT_DERIVED_FILE_DIR = /Users/carl.stanley/sites/UKCPA/ukcpa_flutter/build/ios/Pods.build/DerivedSources
               PROJECT_DIR = /Users/carl.stanley/sites/UKCPA/ukcpa_flutter/ios/Pods
               PROJECT_FILE_PATH = /Users/carl.stanley/sites/UKCPA/ukcpa_flutter/ios/Pods/Pods.xcodeproj
               PROJECT_GUID = bfdfe7dc352907fc980b868725387e98
               PROJECT_NAME = Pods
               PROJECT_TEMP_DIR = /Users/carl.stanley/sites/UKCPA/ukcpa_flutter/build/ios/Pods.build
               PROJECT_TEMP_ROOT = /Users/carl.stanley/sites/UKCPA/ukcpa_flutter/build/ios
               PUBLIC_HEADERS_FOLDER_PATH = sqflite_darwin_privacy.bundle/Headers
               RECOMMENDED_IPHONEOS_DEPLOYMENT_TARGET = 15.0
               RECURSIVE_SEARCH_PATHS_FOLLOW_SYMLINKS = YES
               REMOVE_CVS_FROM_RESOURCES = YES
               REMOVE_GIT_FROM_RESOURCES = YES
               REMOVE_HEADERS_FROM_EMBEDDED_BUNDLES = YES
               REMOVE_HG_FROM_RESOURCES = YES
               REMOVE_STATIC_EXECUTABLES_FROM_EMBEDDED_BUNDLES = YES
               REMOVE_SVN_FROM_RESOURCES = YES
               RESCHEDULE_INDEPENDENT_HEADERS_PHASES = YES
               REZ_COLLECTOR_DIR = /Users/carl.stanley/sites/UKCPA/ukcpa_flutter/build/ios/Pods.build/Release-iphonesimulator/sqflite_darwin-sqflite_darwin_privacy.build/ResourceManagerResources
               REZ_OBJECTS_DIR = /Users/carl.stanley/sites/UKCPA/ukcpa_flutter/build/ios/Pods.build/Release-iphonesimulator/sqflite_darwin-sqflite_darwin_privacy.build/ResourceManagerResources/Objects
               REZ_SEARCH_PATHS = /Users/carl.stanley/sites/UKCPA/ukcpa_flutter/build/ios/Release-iphonesimulator/sqflite_darwin 
               SCAN_ALL_SOURCE_FILES_FOR_INCLUDES = NO
               SCRIPTS_FOLDER_PATH = sqflite_darwin_privacy.bundle/Scripts
               SDKROOT = /Applications/Xcode.app/Contents/Developer/Platforms/iPhoneSimulator.platform/Developer/SDKs/iPhoneSimulator18.0.sdk
               SDK_DIR = /Applications/Xcode.app/Contents/Developer/Platforms/iPhoneSimulator.platform/Developer/SDKs/iPhoneSimulator18.0.sdk
               SDK_DIR_iphonesimulator = /Applications/Xcode.app/Contents/Developer/Platforms/iPhoneSimulator.platform/Developer/SDKs/iPhoneSimulator18.0.sdk
               SDK_DIR_iphonesimulator18_0 = /Applications/Xcode.app/Contents/Developer/Platforms/iPhoneSimulator.platform/Developer/SDKs/iPhoneSimulator18.0.sdk
               SDK_NAME = iphonesimulator18.0
               SDK_NAMES = iphonesimulator18.0
               SDK_PRODUCT_BUILD_VERSION = 22A3362
               SDK_STAT_CACHE_DIR = /var/folders/20/skb3d8qx2hn9r9z8036y32g40000gp/C/com.apple.DeveloperTools/16.0-16A242d/Xcode
               SDK_STAT_CACHE_ENABLE = YES
               SDK_STAT_CACHE_PATH = /var/folders/20/skb3d8qx2hn9r9z8036y32g40000gp/C/com.apple.DeveloperTools/16.0-16A242d/Xcode/SDKStatCaches.noindex/iphonesimulator18.0-22A3362-db63dc9361471f152f572502bdbfe70a.sdkstatcache
               SDK_VERSION = 18.0
               SDK_VERSION_ACTUAL = 180000
               SDK_VERSION_MAJOR = 180000
               SDK_VERSION_MINOR = 180000
               SED = /usr/bin/sed
               SEPARATE_STRIP = NO
               SEPARATE_SYMBOL_EDIT = NO
               SET_DIR_MODE_OWNER_GROUP = YES
               SET_FILE_MODE_OWNER_GROUP = NO
               SHALLOW_BUNDLE = YES
               SHALLOW_BUNDLE_TRIPLE = ios-simulator
               SHALLOW_BUNDLE_ios_macabi = NO
               SHALLOW_BUNDLE_macos = NO
               SHARED_DERIVED_FILE_DIR = /Users/carl.stanley/sites/UKCPA/ukcpa_flutter/build/ios/Release-iphonesimulator/sqflite_darwin/DerivedSources
               SHARED_FRAMEWORKS_FOLDER_PATH = sqflite_darwin_privacy.bundle/SharedFrameworks
               SHARED_PRECOMPS_DIR = /Users/carl.stanley/sites/UKCPA/ukcpa_flutter/build/ios/SharedPrecompiledHeaders
               SHARED_SUPPORT_FOLDER_PATH = sqflite_darwin_privacy.bundle/SharedSupport
               SKIP_INSTALL = YES
               SOURCE_ROOT = /Users/carl.stanley/sites/UKCPA/ukcpa_flutter/ios/Pods
               SRCROOT = /Users/carl.stanley/sites/UKCPA/ukcpa_flutter/ios/Pods
               STRINGSDATA_DIR = /Users/carl.stanley/sites/UKCPA/ukcpa_flutter/build/ios/Pods.build/Release-iphonesimulator/sqflite_darwin-sqflite_darwin_privacy.build/Objects-normal/undefined_arch
               STRINGSDATA_ROOT = /Users/carl.stanley/sites/UKCPA/ukcpa_flutter/build/ios/Pods.build/Release-iphonesimulator/sqflite_darwin-sqflite_darwin_privacy.build
               STRINGS_FILE_INFOPLIST_RENAME = YES
               STRINGS_FILE_OUTPUT_ENCODING = binary
               STRIP_BITCODE_FROM_COPIED_FILES = NO
               STRIP_INSTALLED_PRODUCT = NO
               STRIP_STYLE = non-global
               STRIP_SWIFT_SYMBOLS = YES
               SUPPORTED_DEVICE_FAMILIES = 1,2
               SUPPORTED_PLATFORMS = iphoneos iphonesimulator
               SUPPORTS_TEXT_BASED_API = NO
               SUPPRESS_WARNINGS = NO
               SWIFT_COMPILATION_MODE = wholemodule
               SWIFT_EMIT_LOC_STRINGS = NO
               SWIFT_OPTIMIZATION_LEVEL = -O
               SWIFT_PLATFORM_TARGET_PREFIX = ios
               SWIFT_RESPONSE_FILE_PATH_normal_arm64 = /Users/carl.stanley/sites/UKCPA/ukcpa_flutter/build/ios/Pods.build/Release-iphonesimulator/sqflite_darwin-sqflite_darwin_privacy.build/Objects-normal/arm64/sqflite_darwin_privacy.SwiftFileList
               SWIFT_RESPONSE_FILE_PATH_normal_x86_64 = /Users/carl.stanley/sites/UKCPA/ukcpa_flutter/build/ios/Pods.build/Release-iphonesimulator/sqflite_darwin-sqflite_darwin_privacy.build/Objects-normal/x86_64/sqflite_darwin_privacy.SwiftFileList
               SWIFT_VERSION = 5.0
               SYMROOT = /Users/carl.stanley/sites/UKCPA/ukcpa_flutter/ios/build
               SYSTEM_ADMIN_APPS_DIR = /Applications/Utilities
               SYSTEM_APPS_DIR = /Applications
               SYSTEM_CORE_SERVICES_DIR = /System/Library/CoreServices
               SYSTEM_DEMOS_DIR = /Applications/Extras
               SYSTEM_DEVELOPER_APPS_DIR = /Applications/Xcode.app/Contents/Developer/Applications
               SYSTEM_DEVELOPER_BIN_DIR = /Applications/Xcode.app/Contents/Developer/usr/bin
               SYSTEM_DEVELOPER_DEMOS_DIR = /Applications/Xcode.app/Contents/Developer/Applications/Utilities/Built Examples
               SYSTEM_DEVELOPER_DIR = /Applications/Xcode.app/Contents/Developer
               SYSTEM_DEVELOPER_DOC_DIR = /Applications/Xcode.app/Contents/Developer/ADC Reference Library
               SYSTEM_DEVELOPER_GRAPHICS_TOOLS_DIR = /Applications/Xcode.app/Contents/Developer/Applications/Graphics Tools
               SYSTEM_DEVELOPER_JAVA_TOOLS_DIR = /Applications/Xcode.app/Contents/Developer/Applications/Java Tools
               SYSTEM_DEVELOPER_PERFORMANCE_TOOLS_DIR = /Applications/Xcode.app/Contents/Developer/Applications/Performance Tools
               SYSTEM_DEVELOPER_RELEASENOTES_DIR = /Applications/Xcode.app/Contents/Developer/ADC Reference Library/releasenotes
               SYSTEM_DEVELOPER_TOOLS = /Applications/Xcode.app/Contents/Developer/Tools
               SYSTEM_DEVELOPER_TOOLS_DOC_DIR = /Applications/Xcode.app/Contents/Developer/ADC Reference Library/documentation/DeveloperTools
               SYSTEM_DEVELOPER_TOOLS_RELEASENOTES_DIR = /Applications/Xcode.app/Contents/Developer/ADC Reference Library/releasenotes/DeveloperTools
               SYSTEM_DEVELOPER_USR_DIR = /Applications/Xcode.app/Contents/Developer/usr
               SYSTEM_DEVELOPER_UTILITIES_DIR = /Applications/Xcode.app/Contents/Developer/Applications/Utilities
               SYSTEM_DEXT_INSTALL_PATH = /System/Library/DriverExtensions
               SYSTEM_DOCUMENTATION_DIR = /Library/Documentation
               SYSTEM_EXTENSIONS_FOLDER_PATH = sqflite_darwin_privacy.bundle/SystemExtensions
               SYSTEM_EXTENSIONS_FOLDER_PATH_SHALLOW_BUNDLE_NO = sqflite_darwin_privacy.bundle/Library/SystemExtensions
               SYSTEM_EXTENSIONS_FOLDER_PATH_SHALLOW_BUNDLE_YES = sqflite_darwin_privacy.bundle/SystemExtensions
               SYSTEM_KEXT_INSTALL_PATH = /System/Library/Extensions
               SYSTEM_LIBRARY_DIR = /System/Library
               TAPI_DEMANGLE = YES
               TAPI_ENABLE_PROJECT_HEADERS = NO
               TAPI_LANGUAGE = objective-c
               TAPI_LANGUAGE_STANDARD = compiler-default
               TAPI_USE_SRCROOT = YES
               TAPI_VERIFY_MODE = Pedantic
               TARGETED_DEVICE_FAMILY = 1,2
               TARGETNAME = sqflite_darwin-sqflite_darwin_privacy
               TARGET_BUILD_DIR = /Users/carl.stanley/sites/UKCPA/ukcpa_flutter/build/ios/Release-iphonesimulator/sqflite_darwin
               TARGET_NAME = sqflite_darwin-sqflite_darwin_privacy
               TARGET_TEMP_DIR = /Users/carl.stanley/sites/UKCPA/ukcpa_flutter/build/ios/Pods.build/Release-iphonesimulator/sqflite_darwin-sqflite_darwin_privacy.build
               TEMP_DIR = /Users/carl.stanley/sites/UKCPA/ukcpa_flutter/build/ios/Pods.build/Release-iphonesimulator/sqflite_darwin-sqflite_darwin_privacy.build
               TEMP_FILES_DIR = /Users/carl.stanley/sites/UKCPA/ukcpa_flutter/build/ios/Pods.build/Release-iphonesimulator/sqflite_darwin-sqflite_darwin_privacy.build
               TEMP_FILE_DIR = /Users/carl.stanley/sites/UKCPA/ukcpa_flutter/build/ios/Pods.build/Release-iphonesimulator/sqflite_darwin-sqflite_darwin_privacy.build
               TEMP_ROOT = /Users/carl.stanley/sites/UKCPA/ukcpa_flutter/build/ios
               TEST_FRAMEWORK_SEARCH_PATHS =  /Applications/Xcode.app/Contents/Developer/Platforms/iPhoneSimulator.platform/Developer/Library/Frameworks /Applications/Xcode.app/Contents/Developer/Platforms/iPhoneSimulator.platform/Developer/SDKs/iPhoneSimulator18.0.sdk/Developer/Library/Frameworks
               TEST_LIBRARY_SEARCH_PATHS =  /Applications/Xcode.app/Contents/Developer/Platforms/iPhoneSimulator.platform/Developer/usr/lib
               TOOLCHAINS = com.apple.dt.toolchain.XcodeDefault
               TOOLCHAIN_DIR = /Applications/Xcode.app/Contents/Developer/Toolchains/XcodeDefault.xctoolchain
               TREAT_MISSING_BASELINES_AS_TEST_FAILURES = NO
               TREAT_MISSING_SCRIPT_PHASE_OUTPUTS_AS_ERRORS = NO
               UID = 502
               UNINSTALLED_PRODUCTS_DIR = /Users/carl.stanley/sites/UKCPA/ukcpa_flutter/build/ios/UninstalledProducts
               UNLOCALIZED_RESOURCES_FOLDER_PATH = sqflite_darwin_privacy.bundle
               UNLOCALIZED_RESOURCES_FOLDER_PATH_SHALLOW_BUNDLE_NO = sqflite_darwin_privacy.bundle/Resources
               UNLOCALIZED_RESOURCES_FOLDER_PATH_SHALLOW_BUNDLE_YES = sqflite_darwin_privacy.bundle
               UNSTRIPPED_PRODUCT = NO
               USER = carl.stanley
               USER_APPS_DIR = /Users/carl.stanley/Applications
               USER_LIBRARY_DIR = /Users/carl.stanley/Library
               USE_DYNAMIC_NO_PIC = YES
               USE_HEADERMAP = YES
               USE_HEADER_SYMLINKS = NO
               USE_RECURSIVE_SCRIPT_INPUTS_IN_SCRIPT_PHASES = YES
               VALIDATE_DEVELOPMENT_ASSET_PATHS = YES_ERROR
               VALIDATE_PRODUCT = NO
               VALID_ARCHS = arm64 arm64e i386 x86_64
               VERBOSE_PBXCP = NO
               VERSIONPLIST_PATH = sqflite_darwin_privacy.bundle/version.plist
               VERSION_INFO_BUILDER = carl.stanley
               VERSION_INFO_FILE = sqflite_darwin_privacy_vers.c
               VERSION_INFO_STRING = "@(#)PROGRAM:sqflite_darwin_privacy  PROJECT:Pods-"
               WORKSPACE_DIR = /Users/carl.stanley/sites/UKCPA/ukcpa_flutter/ios/Pods/Pods.xcodeproj
               WRAPPER_EXTENSION = bundle
               WRAPPER_NAME = sqflite_darwin_privacy.bundle
               WRAPPER_SUFFIX = .bundle
               WRAP_ASSET_PACKS_IN_SEPARATE_DIRECTORIES = NO
               XCODE_APP_SUPPORT_DIR = /Applications/Xcode.app/Contents/Developer/Library/Xcode
               XCODE_PRODUCT_BUILD_VERSION = 16A242d
               XCODE_VERSION_ACTUAL = 1600
               XCODE_VERSION_MAJOR = 1600
               XCODE_VERSION_MINOR = 1600
               XPCSERVICES_FOLDER_PATH = sqflite_darwin_privacy.bundle/XPCServices
               YACC = yacc
               _WRAPPER_CONTENTS_DIR_SHALLOW_BUNDLE_NO = /Contents
               _WRAPPER_PARENT_PATH_SHALLOW_BUNDLE_NO = /..
               _WRAPPER_RESOURCES_DIR_SHALLOW_BUNDLE_NO = /Resources
               arch = undefined_arch
               variant = normal

           Build settings for action build and target TOCropViewController:
               ACTION = build
               AD_HOC_CODE_SIGNING_ALLOWED = YES
               ALLOW_BUILD_REQUEST_OVERRIDES = NO
               ALLOW_TARGET_PLATFORM_SPECIALIZATION = NO
               ALTERNATE_GROUP = staff
               ALTERNATE_MODE = u+w,go-w,a+rX
               ALTERNATE_OWNER = carl.stanley
               ALTERNATIVE_DISTRIBUTION_WEB = NO
               ALWAYS_EMBED_SWIFT_STANDARD_LIBRARIES = NO
               ALWAYS_SEARCH_USER_PATHS = NO
               ALWAYS_USE_SEPARATE_HEADERMAPS = NO
               APPLE_INTERNAL_DEVELOPER_DIR = /AppleInternal/Developer
               APPLE_INTERNAL_DIR = /AppleInternal
               APPLE_INTERNAL_DOCUMENTATION_DIR = /AppleInternal/Documentation
               APPLE_INTERNAL_LIBRARY_DIR = /AppleInternal/Library
               APPLE_INTERNAL_TOOLS = /AppleInternal/Developer/Tools
               APPLICATION_EXTENSION_API_ONLY = NO
               APPLY_RULES_IN_COPY_FILES = NO
               APPLY_RULES_IN_COPY_HEADERS = NO
               APP_SHORTCUTS_ENABLE_FLEXIBLE_MATCHING = YES
               ARCHS = arm64 x86_64
               ARCHS_STANDARD = arm64 x86_64
               ARCHS_STANDARD_32_64_BIT = arm64 i386 x86_64
               ARCHS_STANDARD_32_BIT = i386
               ARCHS_STANDARD_64_BIT = arm64 x86_64
               ARCHS_STANDARD_INCLUDING_64_BIT = arm64 x86_64
               ARCHS_UNIVERSAL_IPHONE_OS = arm64 i386 x86_64
               ASSETCATALOG_COMPILER_GENERATE_ASSET_SYMBOLS = YES
               AUTOMATICALLY_MERGE_DEPENDENCIES = NO
               AVAILABLE_PLATFORMS = appletvos appletvsimulator driverkit iphoneos iphonesimulator macosx watchos watchsimulator xros xrsimulator
               BITCODE_GENERATION_MODE = marker
               BUILD_ACTIVE_RESOURCES_ONLY = NO
               BUILD_COMPONENTS = headers build
               BUILD_DIR = /Users/carl.stanley/sites/UKCPA/ukcpa_flutter/build/ios
               BUILD_LIBRARY_FOR_DISTRIBUTION = NO
               BUILD_ROOT = /Users/carl.stanley/sites/UKCPA/ukcpa_flutter/ios/build
               BUILD_STYLE = 
               BUILD_VARIANTS = normal
               BUILT_PRODUCTS_DIR = /Users/carl.stanley/sites/UKCPA/ukcpa_flutter/build/ios/Release-iphonesimulator/TOCropViewController
               BUNDLE_CONTENTS_FOLDER_PATH_deep = Contents/
               BUNDLE_EXECUTABLE_FOLDER_NAME_deep = MacOS
               BUNDLE_EXTENSIONS_FOLDER_PATH = Extensions
               BUNDLE_FORMAT = shallow
               BUNDLE_FRAMEWORKS_FOLDER_PATH = Frameworks
               BUNDLE_PLUGINS_FOLDER_PATH = PlugIns
               BUNDLE_PRIVATE_HEADERS_FOLDER_PATH = PrivateHeaders
               BUNDLE_PUBLIC_HEADERS_FOLDER_PATH = Headers
               CACHE_ROOT = /var/folders/20/skb3d8qx2hn9r9z8036y32g40000gp/C/com.apple.DeveloperTools/16.0-16A242d/Xcode
               CCHROOT = /var/folders/20/skb3d8qx2hn9r9z8036y32g40000gp/C/com.apple.DeveloperTools/16.0-16A242d/Xcode
               CHMOD = /bin/chmod
               CHOWN = /usr/sbin/chown
               CLANG_ANALYZER_LOCALIZABILITY_NONLOCALIZED = YES
               CLANG_ANALYZER_NONNULL = YES
               CLANG_ANALYZER_NUMBER_OBJECT_CONVERSION = YES_AGGRESSIVE
               CLANG_CACHE_FINE_GRAINED_OUTPUTS = YES
               CLANG_CXX_LANGUAGE_STANDARD = gnu++14
               CLANG_CXX_LIBRARY = libc++
               CLANG_ENABLE_EXPLICIT_MODULES = YES
               CLANG_ENABLE_MODULES = YES
               CLANG_ENABLE_OBJC_ARC = YES
               CLANG_ENABLE_OBJC_WEAK = NO
               CLANG_MODULES_BUILD_SESSION_FILE = /var/folders/20/skb3d8qx2hn9r9z8036y32g40000gp/C/org.llvm.clang/ModuleCache.noindex/Session.modulevalidation
               CLANG_WARN_BLOCK_CAPTURE_AUTORELEASING = YES
               CLANG_WARN_BOOL_CONVERSION = YES
               CLANG_WARN_COMMA = YES
               CLANG_WARN_CONSTANT_CONVERSION = YES
               CLANG_WARN_DEPRECATED_OBJC_IMPLEMENTATIONS = YES
               CLANG_WARN_DIRECT_OBJC_ISA_USAGE = YES_ERROR
               CLANG_WARN_DOCUMENTATION_COMMENTS = YES
               CLANG_WARN_EMPTY_BODY = YES
               CLANG_WARN_ENUM_CONVERSION = YES
               CLANG_WARN_INFINITE_RECURSION = YES
               CLANG_WARN_INT_CONVERSION = YES
               CLANG_WARN_NON_LITERAL_NULL_CONVERSION = YES
               CLANG_WARN_OBJC_IMPLICIT_RETAIN_SELF = YES
               CLANG_WARN_OBJC_LITERAL_CONVERSION = YES
               CLANG_WARN_OBJC_ROOT_CLASS = YES_ERROR
               CLANG_WARN_QUOTED_INCLUDE_IN_FRAMEWORK_HEADER = NO
               CLANG_WARN_RANGE_LOOP_ANALYSIS = YES
               CLANG_WARN_STRICT_PROTOTYPES = YES
               CLANG_WARN_SUSPICIOUS_MOVE = YES
               CLANG_WARN_UNGUARDED_AVAILABILITY = YES_AGGRESSIVE
               CLANG_WARN_UNREACHABLE_CODE = YES
               CLANG_WARN__DUPLICATE_METHOD_MATCH = YES
               CLASS_FILE_DIR = /Users/carl.stanley/sites/UKCPA/ukcpa_flutter/build/ios/Pods.build/Release-iphonesimulator/TOCropViewController.build/JavaClasses
               CLEAN_PRECOMPS = YES
               CLONE_HEADERS = NO
               CODESIGNING_FOLDER_PATH = /Users/carl.stanley/sites/UKCPA/ukcpa_flutter/build/ios/Release-iphonesimulator/TOCropViewController/TOCropViewController.framework
               CODE_SIGNING_ALLOWED = YES
               CODE_SIGNING_REQUIRED = NO
               CODE_SIGNING_REQUIRES_TEAM = YES
               CODE_SIGN_CONTEXT_CLASS = XCiPhoneSimulatorCodeSignContext
               CODE_SIGN_IDENTITY = -
               CODE_SIGN_INJECT_BASE_ENTITLEMENTS = YES
               COLOR_DIAGNOSTICS = NO
               COMBINE_HIDPI_IMAGES = NO
               COMPILATION_CACHE_CAS_PATH = /var/folders/20/skb3d8qx2hn9r9z8036y32g40000gp/C/com.apple.DeveloperTools/16.0-16A242d/Xcode/CompilationCache.noindex
               COMPILATION_CACHE_KEEP_CAS_DIRECTORY = YES
               COMPILER_INDEX_STORE_ENABLE = Default
               COMPOSITE_SDK_DIRS = /Users/carl.stanley/sites/UKCPA/ukcpa_flutter/build/ios/CompositeSDKs
               COMPRESS_PNG_FILES = YES
               CONFIGURATION = Release
               CONFIGURATION_BUILD_DIR = /Users/carl.stanley/sites/UKCPA/ukcpa_flutter/build/ios/Release-iphonesimulator/TOCropViewController
               CONFIGURATION_TEMP_DIR = /Users/carl.stanley/sites/UKCPA/ukcpa_flutter/build/ios/Pods.build/Release-iphonesimulator
               CONTENTS_FOLDER_PATH = TOCropViewController.framework
               CONTENTS_FOLDER_PATH_SHALLOW_BUNDLE_NO = TOCropViewController.framework/A
               CONTENTS_FOLDER_PATH_SHALLOW_BUNDLE_YES = TOCropViewController.framework
               COPYING_PRESERVES_HFS_DATA = NO
               COPY_HEADERS_RUN_UNIFDEF = NO
               COPY_PHASE_STRIP = NO
               CORRESPONDING_DEVICE_PLATFORM_DIR = /Applications/Xcode.app/Contents/Developer/Platforms/iPhoneOS.platform
               CORRESPONDING_DEVICE_PLATFORM_NAME = iphoneos
               CORRESPONDING_DEVICE_SDK_DIR = /Applications/Xcode.app/Contents/Developer/Platforms/iPhoneOS.platform/Developer/SDKs/iPhoneOS18.0.sdk
               CORRESPONDING_DEVICE_SDK_NAME = iphoneos18.0
               CP = /bin/cp
               CREATE_INFOPLIST_SECTION_IN_BINARY = NO
               CURRENT_ARCH = undefined_arch
               CURRENT_PROJECT_VERSION = 1
               CURRENT_VARIANT = normal
               CURRENT_VERSION = Current
               DEAD_CODE_STRIPPING = YES
               DEBUGGING_SYMBOLS = YES
               DEBUG_INFORMATION_FORMAT = dwarf-with-dsym
               DEBUG_INFORMATION_VERSION = compiler-default
               DEFAULT_COMPILER = com.apple.compilers.llvm.clang.1_0
               DEFAULT_DEXT_INSTALL_PATH = /System/Library/DriverExtensions
               DEFAULT_KEXT_INSTALL_PATH = /System/Library/Extensions
               DEFINES_MODULE = YES
               DEPLOYMENT_LOCATION = NO
               DEPLOYMENT_POSTPROCESSING = NO
               DEPLOYMENT_TARGET_SETTING_NAME = IPHONEOS_DEPLOYMENT_TARGET
               DEPLOYMENT_TARGET_SUGGESTED_VALUES = 12.0 12.1 12.2 12.3 12.4 13.0 13.1 13.2 13.3 13.4 13.5 13.6 14.0 14.1 14.2 14.3 14.4 14.5 14.6 14.7 15.0 15.1 15.2 15.3 15.4 15.5 15.6 16.0 16.1 16.2 16.3 16.4 16.5 16.6 17.0 17.1 17.2 17.3 17.4 17.5 17.6 18.0
               DERIVED_FILES_DIR = /Users/carl.stanley/sites/UKCPA/ukcpa_flutter/build/ios/Pods.build/Release-iphonesimulator/TOCropViewController.build/DerivedSources
               DERIVED_FILE_DIR = /Users/carl.stanley/sites/UKCPA/ukcpa_flutter/build/ios/Pods.build/Release-iphonesimulator/TOCropViewController.build/DerivedSources
               DERIVED_SOURCES_DIR = /Users/carl.stanley/sites/UKCPA/ukcpa_flutter/build/ios/Pods.build/Release-iphonesimulator/TOCropViewController.build/DerivedSources
               DEVELOPER_APPLICATIONS_DIR = /Applications/Xcode.app/Contents/Developer/Applications
               DEVELOPER_BIN_DIR = /Applications/Xcode.app/Contents/Developer/usr/bin
               DEVELOPER_DIR = /Applications/Xcode.app/Contents/Developer
               DEVELOPER_FRAMEWORKS_DIR = /Applications/Xcode.app/Contents/Developer/Library/Frameworks
               DEVELOPER_FRAMEWORKS_DIR_QUOTED = /Applications/Xcode.app/Contents/Developer/Library/Frameworks
               DEVELOPER_LIBRARY_DIR = /Applications/Xcode.app/Contents/Developer/Library
               DEVELOPER_SDK_DIR = /Applications/Xcode.app/Contents/Developer/Platforms/MacOSX.platform/Developer/SDKs
               DEVELOPER_TOOLS_DIR = /Applications/Xcode.app/Contents/Developer/Tools
               DEVELOPER_USR_DIR = /Applications/Xcode.app/Contents/Developer/usr
               DEVELOPMENT_LANGUAGE = en
               DIFF = /usr/bin/diff
               DOCUMENTATION_FOLDER_PATH = TOCropViewController.framework/en.lproj/Documentation
               DONT_GENERATE_INFOPLIST_FILE = NO
               DSTROOT = /tmp/Pods.dst
               DT_TOOLCHAIN_DIR = /Applications/Xcode.app/Contents/Developer/Toolchains/XcodeDefault.xctoolchain
               DWARF_DSYM_FILE_NAME = TOCropViewController.framework.dSYM
               DWARF_DSYM_FILE_SHOULD_ACCOMPANY_PRODUCT = NO
               DWARF_DSYM_FOLDER_PATH = /Users/carl.stanley/sites/UKCPA/ukcpa_flutter/build/ios/Release-iphonesimulator/TOCropViewController
               DYLIB_COMPATIBILITY_VERSION = 1
               DYLIB_CURRENT_VERSION = 1
               DYLIB_INSTALL_NAME_BASE = @rpath
               DYNAMIC_LIBRARY_EXTENSION = dylib
               EAGER_COMPILATION_ALLOW_SCRIPTS = NO
               EAGER_LINKING = NO
               EFFECTIVE_PLATFORM_NAME = -iphonesimulator
               EMBEDDED_CONTENT_CONTAINS_SWIFT = NO
               EMBED_ASSET_PACKS_IN_PRODUCT_BUNDLE = NO
               ENABLE_APP_SANDBOX = NO
               ENABLE_BITCODE = NO
               ENABLE_CODE_COVERAGE = YES
               ENABLE_DEFAULT_HEADER_SEARCH_PATHS = YES
               ENABLE_DEFAULT_SEARCH_PATHS = YES
               ENABLE_HARDENED_RUNTIME = NO
               ENABLE_HEADER_DEPENDENCIES = YES
               ENABLE_MODULE_VERIFIER = NO
               ENABLE_NS_ASSERTIONS = NO
               ENABLE_ON_DEMAND_RESOURCES = NO
               ENABLE_STRICT_OBJC_MSGSEND = YES
               ENABLE_TESTABILITY = NO
               ENABLE_TESTING_SEARCH_PATHS = NO
               ENABLE_USER_SCRIPT_SANDBOXING = NO
               ENTITLEMENTS_DESTINATION = __entitlements
               ENTITLEMENTS_REQUIRED = NO
               EXCLUDED_INSTALLSRC_SUBDIRECTORY_PATTERNS = .DS_Store .svn .git .hg CVS
               EXCLUDED_RECURSIVE_SEARCH_PATH_SUBDIRECTORIES = *.nib *.lproj *.framework *.gch *.xcode* *.xcassets (*) .DS_Store CVS .svn .git .hg *.pbproj *.pbxproj
               EXECUTABLES_FOLDER_PATH = TOCropViewController.framework/en.lproj
               EXECUTABLE_FOLDER_PATH = TOCropViewController.framework
               EXECUTABLE_FOLDER_PATH_SHALLOW_BUNDLE_NO = TOCropViewController.framework
               EXECUTABLE_FOLDER_PATH_SHALLOW_BUNDLE_YES = TOCropViewController.framework
               EXECUTABLE_NAME = TOCropViewController
               EXECUTABLE_PATH = TOCropViewController.framework/TOCropViewController
               EXTENSIONS_FOLDER_PATH = TOCropViewController.framework/Extensions
               FILE_LIST = /Users/carl.stanley/sites/UKCPA/ukcpa_flutter/build/ios/Pods.build/Release-iphonesimulator/TOCropViewController.build/Objects/LinkFileList
               FIXED_FILES_DIR = /Users/carl.stanley/sites/UKCPA/ukcpa_flutter/build/ios/Pods.build/Release-iphonesimulator/TOCropViewController.build/FixedFiles
               FRAMEWORKS_FOLDER_PATH = TOCropViewController.framework/Frameworks
               FRAMEWORK_FLAG_PREFIX = -framework
               FRAMEWORK_SEARCH_PATHS = /Users/carl.stanley/sites/UKCPA/ukcpa_flutter/build/ios/Release-iphonesimulator/TOCropViewController 
               FRAMEWORK_VERSION = A
               FULL_PRODUCT_NAME = TOCropViewController.framework
               FUSE_BUILD_PHASES = YES
               FUSE_BUILD_SCRIPT_PHASES = NO
               GCC3_VERSION = 3.3
               GCC_C_LANGUAGE_STANDARD = gnu11
               GCC_INLINES_ARE_PRIVATE_EXTERN = YES
               GCC_NO_COMMON_BLOCKS = YES
               GCC_OBJC_LEGACY_DISPATCH = YES
               GCC_PFE_FILE_C_DIALECTS = c objective-c c++ objective-c++
               GCC_PREFIX_HEADER = Target Support Files/TOCropViewController/TOCropViewController-prefix.pch
               GCC_PREPROCESSOR_DEFINITIONS = POD_CONFIGURATION_RELEASE=1  COCOAPODS=1
               GCC_TREAT_WARNINGS_AS_ERRORS = NO
               GCC_VERSION = com.apple.compilers.llvm.clang.1_0
               GCC_VERSION_IDENTIFIER = com_apple_compilers_llvm_clang_1_0
               GCC_WARN_64_TO_32_BIT_CONVERSION = YES
               GCC_WARN_ABOUT_RETURN_TYPE = YES_ERROR
               GCC_WARN_UNDECLARED_SELECTOR = YES
               GCC_WARN_UNINITIALIZED_AUTOS = YES_AGGRESSIVE
               GCC_WARN_UNUSED_FUNCTION = YES
               GCC_WARN_UNUSED_VARIABLE = YES
               GENERATED_MODULEMAP_DIR = /Users/carl.stanley/sites/UKCPA/ukcpa_flutter/build/ios/GeneratedModuleMaps-iphonesimulator
               GENERATE_INFOPLIST_FILE = NO
               GENERATE_INTERMEDIATE_TEXT_BASED_STUBS = YES
               GENERATE_MASTER_OBJECT_FILE = NO
               GENERATE_PKGINFO_FILE = NO
               GENERATE_PROFILING_CODE = NO
               GENERATE_TEXT_BASED_STUBS = NO
               GID = 20
               GROUP = staff
               HEADERMAP_INCLUDES_FLAT_ENTRIES_FOR_TARGET_BEING_BUILT = YES
               HEADERMAP_INCLUDES_FRAMEWORK_ENTRIES_FOR_ALL_PRODUCT_TYPES = YES
               HEADERMAP_INCLUDES_FRAMEWORK_ENTRIES_FOR_TARGETS_NOT_BEING_BUILT = YES
               HEADERMAP_INCLUDES_NONPUBLIC_NONPRIVATE_HEADERS = YES
               HEADERMAP_INCLUDES_PROJECT_HEADERS = YES
               HEADERMAP_USES_FRAMEWORK_PREFIX_ENTRIES = YES
               HEADERMAP_USES_VFS = YES
               HEADER_SEARCH_PATHS = /Users/carl.stanley/sites/UKCPA/ukcpa_flutter/build/ios/Release-iphonesimulator/TOCropViewController/include 
               HIDE_BITCODE_SYMBOLS = YES
               HOME = /Users/carl.stanley
               HOST_ARCH = arm64
               HOST_PLATFORM = macosx
               ICONV = /usr/bin/iconv
               IMPLICIT_DEPENDENCY_DOMAIN = default
               INFOPLIST_ENABLE_CFBUNDLEICONS_MERGE = YES
               INFOPLIST_EXPAND_BUILD_SETTINGS = YES
               INFOPLIST_FILE = Target Support Files/TOCropViewController/TOCropViewController-Info.plist
               INFOPLIST_OUTPUT_FORMAT = binary
               INFOPLIST_PATH = TOCropViewController.framework/Info.plist
               INFOPLIST_PREPROCESS = NO
               INFOSTRINGS_PATH = TOCropViewController.framework/en.lproj/InfoPlist.strings
               INLINE_PRIVATE_FRAMEWORKS = NO
               INSTALLHDRS_COPY_PHASE = NO
               INSTALLHDRS_SCRIPT_PHASE = NO
               INSTALL_DIR = /tmp/Pods.dst/Library/Frameworks
               INSTALL_GROUP = staff
               INSTALL_MODE_FLAG = u+w,go-w,a+rX
               INSTALL_OWNER = carl.stanley
               INSTALL_PATH = /Library/Frameworks
               INSTALL_ROOT = /tmp/Pods.dst
               IPHONEOS_DEPLOYMENT_TARGET = 13.0
               IS_UNOPTIMIZED_BUILD = NO
               JAVAC_DEFAULT_FLAGS = -J-Xms64m -J-XX:NewSize=4M -J-Dfile.encoding=UTF8
               JAVA_APP_STUB = /System/Library/Frameworks/JavaVM.framework/Resources/MacOS/JavaApplicationStub
               JAVA_ARCHIVE_CLASSES = YES
               JAVA_ARCHIVE_TYPE = JAR
               JAVA_COMPILER = /usr/bin/javac
               JAVA_FOLDER_PATH = TOCropViewController.framework/Java
               JAVA_FRAMEWORK_RESOURCES_DIRS = Resources
               JAVA_JAR_FLAGS = cv
               JAVA_SOURCE_SUBDIR = .
               JAVA_USE_DEPENDENCIES = YES
               JAVA_ZIP_FLAGS = -urg
               JIKES_DEFAULT_FLAGS = +E +OLDCSO
               KEEP_PRIVATE_EXTERNS = NO
               LD_DEPENDENCY_INFO_FILE = /Users/carl.stanley/sites/UKCPA/ukcpa_flutter/build/ios/Pods.build/Release-iphonesimulator/TOCropViewController.build/Objects-normal/undefined_arch/TOCropViewController_dependency_info.dat
               LD_DYLIB_INSTALL_NAME = @rpath/TOCropViewController.framework/TOCropViewController
               LD_EXPORT_SYMBOLS = YES
               LD_GENERATE_MAP_FILE = NO
               LD_MAP_FILE_PATH = /Users/carl.stanley/sites/UKCPA/ukcpa_flutter/build/ios/Pods.build/Release-iphonesimulator/TOCropViewController.build/TOCropViewController-LinkMap-normal-undefined_arch.txt
               LD_NO_PIE = NO
               LD_QUOTE_LINKER_ARGUMENTS_FOR_COMPILER_DRIVER = YES
               LD_RUNPATH_SEARCH_PATHS =  @executable_path/Frameworks @loader_path/Frameworks
               LD_SHARED_CACHE_ELIGIBLE = Automatic
               LD_WARN_DUPLICATE_LIBRARIES = NO
               LD_WARN_UNUSED_DYLIBS = NO
               LEGACY_DEVELOPER_DIR = /Applications/Xcode.app/Contents/PlugIns/Xcode3Core.ideplugin/Contents/SharedSupport/Developer
               LEX = lex
               LIBRARY_DEXT_INSTALL_PATH = /Library/DriverExtensions
               LIBRARY_FLAG_NOSPACE = YES
               LIBRARY_FLAG_PREFIX = -l
               LIBRARY_KEXT_INSTALL_PATH = /Library/Extensions
               LIBRARY_SEARCH_PATHS = /Users/carl.stanley/sites/UKCPA/ukcpa_flutter/build/ios/Release-iphonesimulator/TOCropViewController 
               LINKER_DISPLAYS_MANGLED_NAMES = NO
               LINK_FILE_LIST_normal_arm64 = /Users/carl.stanley/sites/UKCPA/ukcpa_flutter/build/ios/Pods.build/Release-iphonesimulator/TOCropViewController.build/Objects-normal/arm64/TOCropViewController.LinkFileList
               LINK_FILE_LIST_normal_x86_64 = /Users/carl.stanley/sites/UKCPA/ukcpa_flutter/build/ios/Pods.build/Release-iphonesimulator/TOCropViewController.build/Objects-normal/x86_64/TOCropViewController.LinkFileList
               LINK_OBJC_RUNTIME = YES
               LINK_WITH_STANDARD_LIBRARIES = YES
               LLVM_TARGET_TRIPLE_OS_VERSION = ios13.0
               LLVM_TARGET_TRIPLE_SUFFIX = -simulator
               LLVM_TARGET_TRIPLE_VENDOR = apple
               LM_AUX_CONST_METADATA_LIST_PATH_normal_arm64 = /Users/carl.stanley/sites/UKCPA/ukcpa_flutter/build/ios/Pods.build/Release-iphonesimulator/TOCropViewController.build/Objects-normal/arm64/TOCropViewController.SwiftConstValuesFileList
               LM_AUX_CONST_METADATA_LIST_PATH_normal_x86_64 = /Users/carl.stanley/sites/UKCPA/ukcpa_flutter/build/ios/Pods.build/Release-iphonesimulator/TOCropViewController.build/Objects-normal/x86_64/TOCropViewController.SwiftConstValuesFileList
               LOCALIZATION_EXPORT_SUPPORTED = YES
               LOCALIZATION_PREFERS_STRING_CATALOGS = NO
               LOCALIZED_RESOURCES_FOLDER_PATH = TOCropViewController.framework/en.lproj
               LOCALIZED_STRING_MACRO_NAMES = NSLocalizedString CFCopyLocalizedString
               LOCALIZED_STRING_SWIFTUI_SUPPORT = YES
               LOCAL_ADMIN_APPS_DIR = /Applications/Utilities
               LOCAL_APPS_DIR = /Applications
               LOCAL_DEVELOPER_DIR = /Library/Developer
               LOCAL_LIBRARY_DIR = /Library
               LOCROOT = /Users/carl.stanley/sites/UKCPA/ukcpa_flutter/ios/Pods
               LOCSYMROOT = /Users/carl.stanley/sites/UKCPA/ukcpa_flutter/ios/Pods
               MACH_O_TYPE = mh_dylib
               MAC_OS_X_PRODUCT_BUILD_VERSION = 24G84
               MAC_OS_X_VERSION_ACTUAL = 150600
               MAC_OS_X_VERSION_MAJOR = 150000
               MAC_OS_X_VERSION_MINOR = 150600
               MAKE_MERGEABLE = NO
               MERGEABLE_LIBRARY = NO
               MERGED_BINARY_TYPE = none
               MERGE_LINKED_LIBRARIES = NO
               METAL_LIBRARY_FILE_BASE = default
               METAL_LIBRARY_OUTPUT_DIR = /Users/carl.stanley/sites/UKCPA/ukcpa_flutter/build/ios/Release-iphonesimulator/TOCropViewController/TOCropViewController.framework
               MODULEMAP_FILE = Target Support Files/TOCropViewController/TOCropViewController.modulemap
               MODULES_FOLDER_PATH = TOCropViewController.framework/Modules
               MTL_ENABLE_DEBUG_INFO = NO
               MTL_FAST_MATH = YES
               NATIVE_ARCH = arm64
               NATIVE_ARCH_32_BIT = arm
               NATIVE_ARCH_64_BIT = arm64
               NATIVE_ARCH_ACTUAL = arm64
               NO_COMMON = YES
               OBJC_ABI_VERSION = 2
               OBJECT_FILE_DIR = /Users/carl.stanley/sites/UKCPA/ukcpa_flutter/build/ios/Pods.build/Release-iphonesimulator/TOCropViewController.build/Objects
               OBJECT_FILE_DIR_normal = /Users/carl.stanley/sites/UKCPA/ukcpa_flutter/build/ios/Pods.build/Release-iphonesimulator/TOCropViewController.build/Objects-normal
               OBJROOT = /Users/carl.stanley/sites/UKCPA/ukcpa_flutter/build/ios
               ONLY_ACTIVE_ARCH = NO
               OS = MACOS
               OSAC = /usr/bin/osacompile
               PACKAGE_TYPE = com.apple.package-type.wrapper.framework
               PASCAL_STRINGS = YES
               PATH = /Applications/Xcode.app/Contents/SharedFrameworks/XCBuild.framework/Versions/A/PlugIns/XCBBuildService.bundle/Contents/PlugIns/XCBSpecifications.ideplugin/Contents/Resources:/Applications/Xcode.app/Contents/SharedFrameworks/XCBuild.framework/Versions/A/PlugIns/XCBBuildService.bundle/Contents/PlugIns/XCBSpecifications.ideplugin:/Applications/Xcode.app/Contents/Developer/Toolchains/XcodeDefault.xctoolchain/usr/bin:/Applications/Xcode.app/Contents/Developer/Toolchains/XcodeDefault.xctoolchain/usr/appleinternal/bin:/Applications/Xcode.app/Contents/Developer/Toolchains/XcodeDefault.xctoolchain/usr/local/bin:/Applications/Xcode.app/Contents/Developer/Toolchains/XcodeDefault.xctoolchain/usr/libexec:/Applications/Xcode.app/Contents/Developer/Platforms/iPhoneSimulator.platform/usr/bin:/Applications/Xcode.app/Contents/Developer/Platforms/iPhoneSimulator.platform/usr/appleinternal/bin:/Applications/Xcode.app/Contents/Developer/Platforms/iPhoneSimulator.platform/usr/local/bin:/Applications/Xcode.app/Contents/Developer/Platforms/iPhoneSimulator.platform/Developer/usr/bin:/Applications/Xcode.app/Contents/Developer/Platforms/iPhoneSimulator.platform/Developer/usr/local/bin:/Applications/Xcode.app/Contents/Developer/usr/bin:/Applications/Xcode.app/Contents/Developer/usr/local/bin:/opt/homebrew/Cellar/pyenv-virtualenv/1.2.4/shims:/Users/carl.stanley/.pyenv/shims:/Users/carl.stanley/.pyenv/bin:/Users/carl.stanley/.nvm/versions/node/v18.17.0/bin:/Users/carl.stanley/development/flutter/bin:/opt/homebrew/bin:/opt/homebrew/sbin:/Users/carl.stanley/.local/bin:/usr/local/bin:/System/Cryptexes/App/usr/bin:/usr/bin:/bin:/usr/sbin:/sbin:/var/run/com.apple.security.cryptexd/codex.system/bootstrap/usr/local/bin:/var/run/com.apple.security.cryptexd/codex.system/bootstrap/usr/bin:/var/run/com.apple.security.cryptexd/codex.system/bootstrap/usr/appleinternal/bin:/Library/Apple/usr/bin:/usr/local/sbin:/usr/local/go/bin:/Users/carl.stanley/.pub-cache/bin
               PATH_PREFIXES_EXCLUDED_FROM_HEADER_DEPENDENCIES = /usr/include /usr/local/include /System/Library/Frameworks /System/Library/PrivateFrameworks /Applications/Xcode.app/Contents/Developer/Headers /Applications/Xcode.app/Contents/Developer/SDKs /Applications/Xcode.app/Contents/Developer/Platforms
               PBDEVELOPMENTPLIST_PATH = TOCropViewController.framework/pbdevelopment.plist
               PER_ARCH_OBJECT_FILE_DIR = /Users/carl.stanley/sites/UKCPA/ukcpa_flutter/build/ios/Pods.build/Release-iphonesimulator/TOCropViewController.build/Objects-normal/undefined_arch
               PER_VARIANT_OBJECT_FILE_DIR = /Users/carl.stanley/sites/UKCPA/ukcpa_flutter/build/ios/Pods.build/Release-iphonesimulator/TOCropViewController.build/Objects-normal
               PKGINFO_FILE_PATH = /Users/carl.stanley/sites/UKCPA/ukcpa_flutter/build/ios/Pods.build/Release-iphonesimulator/TOCropViewController.build/PkgInfo
               PKGINFO_PATH = TOCropViewController.framework/PkgInfo
               PLATFORM_DEVELOPER_APPLICATIONS_DIR = /Applications/Xcode.app/Contents/Developer/Platforms/iPhoneSimulator.platform/Developer/Applications
               PLATFORM_DEVELOPER_BIN_DIR = /Applications/Xcode.app/Contents/Developer/Platforms/iPhoneSimulator.platform/Developer/usr/bin
               PLATFORM_DEVELOPER_LIBRARY_DIR = /Applications/Xcode.app/Contents/Developer/Platforms/iPhoneSimulator.platform/Developer/Library
               PLATFORM_DEVELOPER_SDK_DIR = /Applications/Xcode.app/Contents/Developer/Platforms/iPhoneSimulator.platform/Developer/SDKs
               PLATFORM_DEVELOPER_TOOLS_DIR = /Applications/Xcode.app/Contents/Developer/Platforms/iPhoneSimulator.platform/Developer/Tools
               PLATFORM_DEVELOPER_USR_DIR = /Applications/Xcode.app/Contents/Developer/Platforms/iPhoneSimulator.platform/Developer/usr
               PLATFORM_DIR = /Applications/Xcode.app/Contents/Developer/Platforms/iPhoneSimulator.platform
               PLATFORM_DISPLAY_NAME = iOS Simulator
               PLATFORM_FAMILY_NAME = iOS
               PLATFORM_NAME = iphonesimulator
               PLATFORM_PREFERRED_ARCH = x86_64
               PLATFORM_PRODUCT_BUILD_VERSION = 22A3362
               PLIST_FILE_OUTPUT_FORMAT = binary
               PLUGINS_FOLDER_PATH = TOCropViewController.framework/PlugIns
               PODS_BUILD_DIR = /Users/carl.stanley/sites/UKCPA/ukcpa_flutter/build/ios
               PODS_CONFIGURATION_BUILD_DIR = /Users/carl.stanley/sites/UKCPA/ukcpa_flutter/build/ios/Release-iphonesimulator
               PODS_DEVELOPMENT_LANGUAGE = en
               PODS_ROOT = /Users/carl.stanley/sites/UKCPA/ukcpa_flutter/ios/Pods
               PODS_TARGET_SRCROOT = /Users/carl.stanley/sites/UKCPA/ukcpa_flutter/ios/Pods/TOCropViewController
               PODS_XCFRAMEWORKS_BUILD_DIR = /Users/carl.stanley/sites/UKCPA/ukcpa_flutter/build/ios/Release-iphonesimulator/XCFrameworkIntermediates
               PRECOMPS_INCLUDE_HEADERS_FROM_BUILT_PRODUCTS_DIR = YES
               PRECOMP_DESTINATION_DIR = /Users/carl.stanley/sites/UKCPA/ukcpa_flutter/build/ios/Pods.build/Release-iphonesimulator/TOCropViewController.build/PrefixHeaders
               PRIVATE_HEADERS_FOLDER_PATH = TOCropViewController.framework/PrivateHeaders
               PROCESSED_INFOPLIST_PATH = /Users/carl.stanley/sites/UKCPA/ukcpa_flutter/build/ios/Pods.build/Release-iphonesimulator/TOCropViewController.build/Objects-normal/undefined_arch/Processed-Info.plist
               PRODUCT_BUNDLE_IDENTIFIER = org.cocoapods.TOCropViewController
               PRODUCT_BUNDLE_PACKAGE_TYPE = FMWK
               PRODUCT_MODULE_NAME = TOCropViewController
               PRODUCT_NAME = TOCropViewController
               PRODUCT_SETTINGS_PATH = /Users/carl.stanley/sites/UKCPA/ukcpa_flutter/ios/Pods/Target Support Files/TOCropViewController/TOCropViewController-Info.plist
               PRODUCT_TYPE = com.apple.product-type.framework
               PROFILING_CODE = NO
               PROJECT = Pods
               PROJECT_DERIVED_FILE_DIR = /Users/carl.stanley/sites/UKCPA/ukcpa_flutter/build/ios/Pods.build/DerivedSources
               PROJECT_DIR = /Users/carl.stanley/sites/UKCPA/ukcpa_flutter/ios/Pods
               PROJECT_FILE_PATH = /Users/carl.stanley/sites/UKCPA/ukcpa_flutter/ios/Pods/Pods.xcodeproj
               PROJECT_GUID = bfdfe7dc352907fc980b868725387e98
               PROJECT_NAME = Pods
               PROJECT_TEMP_DIR = /Users/carl.stanley/sites/UKCPA/ukcpa_flutter/build/ios/Pods.build
               PROJECT_TEMP_ROOT = /Users/carl.stanley/sites/UKCPA/ukcpa_flutter/build/ios
               PUBLIC_HEADERS_FOLDER_PATH = TOCropViewController.framework/Headers
               RECOMMENDED_IPHONEOS_DEPLOYMENT_TARGET = 15.0
               RECURSIVE_SEARCH_PATHS_FOLLOW_SYMLINKS = YES
               REMOVE_CVS_FROM_RESOURCES = YES
               REMOVE_GIT_FROM_RESOURCES = YES
               REMOVE_HEADERS_FROM_EMBEDDED_BUNDLES = YES
               REMOVE_HG_FROM_RESOURCES = YES
               REMOVE_STATIC_EXECUTABLES_FROM_EMBEDDED_BUNDLES = YES
               REMOVE_SVN_FROM_RESOURCES = YES
               RESCHEDULE_INDEPENDENT_HEADERS_PHASES = YES
               REZ_COLLECTOR_DIR = /Users/carl.stanley/sites/UKCPA/ukcpa_flutter/build/ios/Pods.build/Release-iphonesimulator/TOCropViewController.build/ResourceManagerResources
               REZ_OBJECTS_DIR = /Users/carl.stanley/sites/UKCPA/ukcpa_flutter/build/ios/Pods.build/Release-iphonesimulator/TOCropViewController.build/ResourceManagerResources/Objects
               REZ_SEARCH_PATHS = /Users/carl.stanley/sites/UKCPA/ukcpa_flutter/build/ios/Release-iphonesimulator/TOCropViewController 
               SCAN_ALL_SOURCE_FILES_FOR_INCLUDES = NO
               SCRIPTS_FOLDER_PATH = TOCropViewController.framework/Scripts
               SDKROOT = /Applications/Xcode.app/Contents/Developer/Platforms/iPhoneSimulator.platform/Developer/SDKs/iPhoneSimulator18.0.sdk
               SDK_DIR = /Applications/Xcode.app/Contents/Developer/Platforms/iPhoneSimulator.platform/Developer/SDKs/iPhoneSimulator18.0.sdk
               SDK_DIR_iphonesimulator = /Applications/Xcode.app/Contents/Developer/Platforms/iPhoneSimulator.platform/Developer/SDKs/iPhoneSimulator18.0.sdk
               SDK_DIR_iphonesimulator18_0 = /Applications/Xcode.app/Contents/Developer/Platforms/iPhoneSimulator.platform/Developer/SDKs/iPhoneSimulator18.0.sdk
               SDK_NAME = iphonesimulator18.0
               SDK_NAMES = iphonesimulator18.0
               SDK_PRODUCT_BUILD_VERSION = 22A3362
               SDK_STAT_CACHE_DIR = /var/folders/20/skb3d8qx2hn9r9z8036y32g40000gp/C/com.apple.DeveloperTools/16.0-16A242d/Xcode
               SDK_STAT_CACHE_ENABLE = YES
               SDK_STAT_CACHE_PATH = /var/folders/20/skb3d8qx2hn9r9z8036y32g40000gp/C/com.apple.DeveloperTools/16.0-16A242d/Xcode/SDKStatCaches.noindex/iphonesimulator18.0-22A3362-db63dc9361471f152f572502bdbfe70a.sdkstatcache
               SDK_VERSION = 18.0
               SDK_VERSION_ACTUAL = 180000
               SDK_VERSION_MAJOR = 180000
               SDK_VERSION_MINOR = 180000
               SED = /usr/bin/sed
               SEPARATE_STRIP = NO
               SEPARATE_SYMBOL_EDIT = NO
               SET_DIR_MODE_OWNER_GROUP = YES
               SET_FILE_MODE_OWNER_GROUP = NO
               SHALLOW_BUNDLE = YES
               SHALLOW_BUNDLE_TRIPLE = ios-simulator
               SHALLOW_BUNDLE_ios_macabi = NO
               SHALLOW_BUNDLE_macos = NO
               SHARED_DERIVED_FILE_DIR = /Users/carl.stanley/sites/UKCPA/ukcpa_flutter/build/ios/Release-iphonesimulator/TOCropViewController/DerivedSources
               SHARED_FRAMEWORKS_FOLDER_PATH = TOCropViewController.framework/SharedFrameworks
               SHARED_PRECOMPS_DIR = /Users/carl.stanley/sites/UKCPA/ukcpa_flutter/build/ios/SharedPrecompiledHeaders
               SHARED_SUPPORT_FOLDER_PATH = TOCropViewController.framework
               SKIP_INSTALL = YES
               SOURCE_ROOT = /Users/carl.stanley/sites/UKCPA/ukcpa_flutter/ios/Pods
               SRCROOT = /Users/carl.stanley/sites/UKCPA/ukcpa_flutter/ios/Pods
               STRINGSDATA_DIR = /Users/carl.stanley/sites/UKCPA/ukcpa_flutter/build/ios/Pods.build/Release-iphonesimulator/TOCropViewController.build/Objects-normal/undefined_arch
               STRINGSDATA_ROOT = /Users/carl.stanley/sites/UKCPA/ukcpa_flutter/build/ios/Pods.build/Release-iphonesimulator/TOCropViewController.build
               STRINGS_FILE_INFOPLIST_RENAME = YES
               STRINGS_FILE_OUTPUT_ENCODING = binary
               STRIP_BITCODE_FROM_COPIED_FILES = NO
               STRIP_INSTALLED_PRODUCT = NO
               STRIP_STYLE = debugging
               STRIP_SWIFT_SYMBOLS = YES
               SUPPORTED_DEVICE_FAMILIES = 1,2
               SUPPORTED_PLATFORMS = iphoneos iphonesimulator
               SUPPORTS_TEXT_BASED_API = NO
               SUPPRESS_WARNINGS = NO
               SWIFT_ACTIVE_COMPILATION_CONDITIONS =  
               SWIFT_COMPILATION_MODE = wholemodule
               SWIFT_EMIT_LOC_STRINGS = NO
               SWIFT_INSTALL_MODULE_FOR_DEPLOYMENT = YES
               SWIFT_INSTALL_OBJC_HEADER = YES
               SWIFT_OPTIMIZATION_LEVEL = -O
               SWIFT_PLATFORM_TARGET_PREFIX = ios
               SWIFT_RESPONSE_FILE_PATH_normal_arm64 = /Users/carl.stanley/sites/UKCPA/ukcpa_flutter/build/ios/Pods.build/Release-iphonesimulator/TOCropViewController.build/Objects-normal/arm64/TOCropViewController.SwiftFileList
               SWIFT_RESPONSE_FILE_PATH_normal_x86_64 = /Users/carl.stanley/sites/UKCPA/ukcpa_flutter/build/ios/Pods.build/Release-iphonesimulator/TOCropViewController.build/Objects-normal/x86_64/TOCropViewController.SwiftFileList
               SWIFT_VERSION = 5.0
               SYMROOT = /Users/carl.stanley/sites/UKCPA/ukcpa_flutter/ios/build
               SYSTEM_ADMIN_APPS_DIR = /Applications/Utilities
               SYSTEM_APPS_DIR = /Applications
               SYSTEM_CORE_SERVICES_DIR = /System/Library/CoreServices
               SYSTEM_DEMOS_DIR = /Applications/Extras
               SYSTEM_DEVELOPER_APPS_DIR = /Applications/Xcode.app/Contents/Developer/Applications
               SYSTEM_DEVELOPER_BIN_DIR = /Applications/Xcode.app/Contents/Developer/usr/bin
               SYSTEM_DEVELOPER_DEMOS_DIR = /Applications/Xcode.app/Contents/Developer/Applications/Utilities/Built Examples
               SYSTEM_DEVELOPER_DIR = /Applications/Xcode.app/Contents/Developer
               SYSTEM_DEVELOPER_DOC_DIR = /Applications/Xcode.app/Contents/Developer/ADC Reference Library
               SYSTEM_DEVELOPER_GRAPHICS_TOOLS_DIR = /Applications/Xcode.app/Contents/Developer/Applications/Graphics Tools
               SYSTEM_DEVELOPER_JAVA_TOOLS_DIR = /Applications/Xcode.app/Contents/Developer/Applications/Java Tools
               SYSTEM_DEVELOPER_PERFORMANCE_TOOLS_DIR = /Applications/Xcode.app/Contents/Developer/Applications/Performance Tools
               SYSTEM_DEVELOPER_RELEASENOTES_DIR = /Applications/Xcode.app/Contents/Developer/ADC Reference Library/releasenotes
               SYSTEM_DEVELOPER_TOOLS = /Applications/Xcode.app/Contents/Developer/Tools
               SYSTEM_DEVELOPER_TOOLS_DOC_DIR = /Applications/Xcode.app/Contents/Developer/ADC Reference Library/documentation/DeveloperTools
               SYSTEM_DEVELOPER_TOOLS_RELEASENOTES_DIR = /Applications/Xcode.app/Contents/Developer/ADC Reference Library/releasenotes/DeveloperTools
               SYSTEM_DEVELOPER_USR_DIR = /Applications/Xcode.app/Contents/Developer/usr
               SYSTEM_DEVELOPER_UTILITIES_DIR = /Applications/Xcode.app/Contents/Developer/Applications/Utilities
               SYSTEM_DEXT_INSTALL_PATH = /System/Library/DriverExtensions
               SYSTEM_DOCUMENTATION_DIR = /Library/Documentation
               SYSTEM_EXTENSIONS_FOLDER_PATH = TOCropViewController.framework/SystemExtensions
               SYSTEM_EXTENSIONS_FOLDER_PATH_SHALLOW_BUNDLE_NO = TOCropViewController.framework/Library/SystemExtensions
               SYSTEM_EXTENSIONS_FOLDER_PATH_SHALLOW_BUNDLE_YES = TOCropViewController.framework/SystemExtensions
               SYSTEM_KEXT_INSTALL_PATH = /System/Library/Extensions
               SYSTEM_LIBRARY_DIR = /System/Library
               TAPI_DEMANGLE = YES
               TAPI_ENABLE_PROJECT_HEADERS = NO
               TAPI_LANGUAGE = objective-c
               TAPI_LANGUAGE_STANDARD = compiler-default
               TAPI_USE_SRCROOT = YES
               TAPI_VERIFY_MODE = Pedantic
               TARGETED_DEVICE_FAMILY = 1,2
               TARGETNAME = TOCropViewController
               TARGET_BUILD_DIR = /Users/carl.stanley/sites/UKCPA/ukcpa_flutter/build/ios/Release-iphonesimulator/TOCropViewController
               TARGET_NAME = TOCropViewController
               TARGET_TEMP_DIR = /Users/carl.stanley/sites/UKCPA/ukcpa_flutter/build/ios/Pods.build/Release-iphonesimulator/TOCropViewController.build
               TEMP_DIR = /Users/carl.stanley/sites/UKCPA/ukcpa_flutter/build/ios/Pods.build/Release-iphonesimulator/TOCropViewController.build
               TEMP_FILES_DIR = /Users/carl.stanley/sites/UKCPA/ukcpa_flutter/build/ios/Pods.build/Release-iphonesimulator/TOCropViewController.build
               TEMP_FILE_DIR = /Users/carl.stanley/sites/UKCPA/ukcpa_flutter/build/ios/Pods.build/Release-iphonesimulator/TOCropViewController.build
               TEMP_ROOT = /Users/carl.stanley/sites/UKCPA/ukcpa_flutter/build/ios
               TEST_FRAMEWORK_SEARCH_PATHS =  /Applications/Xcode.app/Contents/Developer/Platforms/iPhoneSimulator.platform/Developer/Library/Frameworks /Applications/Xcode.app/Contents/Developer/Platforms/iPhoneSimulator.platform/Developer/SDKs/iPhoneSimulator18.0.sdk/Developer/Library/Frameworks
               TEST_LIBRARY_SEARCH_PATHS =  /Applications/Xcode.app/Contents/Developer/Platforms/iPhoneSimulator.platform/Developer/usr/lib
               TOOLCHAINS = com.apple.dt.toolchain.XcodeDefault
               TOOLCHAIN_DIR = /Applications/Xcode.app/Contents/Developer/Toolchains/XcodeDefault.xctoolchain
               TREAT_MISSING_BASELINES_AS_TEST_FAILURES = NO
               TREAT_MISSING_SCRIPT_PHASE_OUTPUTS_AS_ERRORS = NO
               UID = 502
               UNINSTALLED_PRODUCTS_DIR = /Users/carl.stanley/sites/UKCPA/ukcpa_flutter/build/ios/UninstalledProducts
               UNLOCALIZED_RESOURCES_FOLDER_PATH = TOCropViewController.framework
               UNLOCALIZED_RESOURCES_FOLDER_PATH_SHALLOW_BUNDLE_NO = TOCropViewController.framework/Resources
               UNLOCALIZED_RESOURCES_FOLDER_PATH_SHALLOW_BUNDLE_YES = TOCropViewController.framework
               UNSTRIPPED_PRODUCT = NO
               USER = carl.stanley
               USER_APPS_DIR = /Users/carl.stanley/Applications
               USER_LIBRARY_DIR = /Users/carl.stanley/Library
               USE_DYNAMIC_NO_PIC = YES
               USE_HEADERMAP = YES
               USE_HEADER_SYMLINKS = NO
               USE_RECURSIVE_SCRIPT_INPUTS_IN_SCRIPT_PHASES = YES
               VALIDATE_DEVELOPMENT_ASSET_PATHS = YES_ERROR
               VALIDATE_PRODUCT = YES
               VALID_ARCHS = arm64 arm64e i386 x86_64
               VERBOSE_PBXCP = NO
               VERSIONING_SYSTEM = apple-generic
               VERSIONPLIST_PATH = TOCropViewController.framework/version.plist
               VERSIONS_FOLDER_PATH = TOCropViewController.framework
               VERSIONS_FOLDER_PATH_SHALLOW_BUNDLE_NO = TOCropViewController.framework/Versions
               VERSIONS_FOLDER_PATH_SHALLOW_BUNDLE_YES = TOCropViewController.framework
               VERSION_INFO_BUILDER = carl.stanley
               VERSION_INFO_FILE = TOCropViewController_vers.c
               VERSION_INFO_STRING = "@(#)PROGRAM:TOCropViewController  PROJECT:Pods-1"
               WORKSPACE_DIR = /Users/carl.stanley/sites/UKCPA/ukcpa_flutter/ios/Pods/Pods.xcodeproj
               WRAPPER_EXTENSION = framework
               WRAPPER_NAME = TOCropViewController.framework
               WRAPPER_SUFFIX = .framework
               WRAP_ASSET_PACKS_IN_SEPARATE_DIRECTORIES = NO
               XCODE_APP_SUPPORT_DIR = /Applications/Xcode.app/Contents/Developer/Library/Xcode
               XCODE_PRODUCT_BUILD_VERSION = 16A242d
               XCODE_VERSION_ACTUAL = 1600
               XCODE_VERSION_MAJOR = 1600
               XCODE_VERSION_MINOR = 1600
               XPCSERVICES_FOLDER_PATH = TOCropViewController.framework/XPCServices
               YACC = yacc
               _WRAPPER_CONTENTS_DIR_SHALLOW_BUNDLE_NO = /Contents
               _WRAPPER_PARENT_PATH_SHALLOW_BUNDLE_NO = /..
               _WRAPPER_RESOURCES_DIR_SHALLOW_BUNDLE_NO = /Resources
               arch = undefined_arch
               variant = normal

           Build settings for action build and target TOCropViewController-TOCropViewControllerBundle:
               ACTION = build
               AD_HOC_CODE_SIGNING_ALLOWED = YES
               ALLOW_BUILD_REQUEST_OVERRIDES = NO
               ALLOW_TARGET_PLATFORM_SPECIALIZATION = NO
               ALTERNATE_GROUP = staff
               ALTERNATE_MODE = u+w,go-w,a+rX
               ALTERNATE_OWNER = carl.stanley
               ALTERNATIVE_DISTRIBUTION_WEB = NO
               ALWAYS_EMBED_SWIFT_STANDARD_LIBRARIES = NO
               ALWAYS_SEARCH_USER_PATHS = NO
               ALWAYS_USE_SEPARATE_HEADERMAPS = NO
               APPLE_INTERNAL_DEVELOPER_DIR = /AppleInternal/Developer
               APPLE_INTERNAL_DIR = /AppleInternal
               APPLE_INTERNAL_DOCUMENTATION_DIR = /AppleInternal/Documentation
               APPLE_INTERNAL_LIBRARY_DIR = /AppleInternal/Library
               APPLE_INTERNAL_TOOLS = /AppleInternal/Developer/Tools
               APPLICATION_EXTENSION_API_ONLY = NO
               APPLY_RULES_IN_COPY_FILES = NO
               APPLY_RULES_IN_COPY_HEADERS = NO
               APP_SHORTCUTS_ENABLE_FLEXIBLE_MATCHING = YES
               ARCHS = arm64 x86_64
               ARCHS_STANDARD = arm64 x86_64
               ARCHS_STANDARD_32_64_BIT = arm64 i386 x86_64
               ARCHS_STANDARD_32_BIT = i386
               ARCHS_STANDARD_64_BIT = arm64 x86_64
               ARCHS_STANDARD_INCLUDING_64_BIT = arm64 x86_64
               ARCHS_UNIVERSAL_IPHONE_OS = arm64 i386 x86_64
               ASSETCATALOG_COMPILER_GENERATE_ASSET_SYMBOLS = YES
               AUTOMATICALLY_MERGE_DEPENDENCIES = NO
               AVAILABLE_PLATFORMS = appletvos appletvsimulator driverkit iphoneos iphonesimulator macosx watchos watchsimulator xros xrsimulator
               BITCODE_GENERATION_MODE = marker
               BUILD_ACTIVE_RESOURCES_ONLY = NO
               BUILD_COMPONENTS = headers build
               BUILD_DIR = /Users/carl.stanley/sites/UKCPA/ukcpa_flutter/build/ios
               BUILD_LIBRARY_FOR_DISTRIBUTION = NO
               BUILD_ROOT = /Users/carl.stanley/sites/UKCPA/ukcpa_flutter/ios/build
               BUILD_STYLE = 
               BUILD_VARIANTS = normal
               BUILT_PRODUCTS_DIR = /Users/carl.stanley/sites/UKCPA/ukcpa_flutter/build/ios/Release-iphonesimulator/TOCropViewController
               BUNDLE_CONTENTS_FOLDER_PATH_deep = Contents/
               BUNDLE_EXECUTABLE_FOLDER_NAME_deep = MacOS
               BUNDLE_EXTENSIONS_FOLDER_PATH = Extensions
               BUNDLE_FORMAT = shallow
               BUNDLE_FRAMEWORKS_FOLDER_PATH = Frameworks
               BUNDLE_PLUGINS_FOLDER_PATH = PlugIns
               BUNDLE_PRIVATE_HEADERS_FOLDER_PATH = PrivateHeaders
               BUNDLE_PUBLIC_HEADERS_FOLDER_PATH = Headers
               CACHE_ROOT = /var/folders/20/skb3d8qx2hn9r9z8036y32g40000gp/C/com.apple.DeveloperTools/16.0-16A242d/Xcode
               CCHROOT = /var/folders/20/skb3d8qx2hn9r9z8036y32g40000gp/C/com.apple.DeveloperTools/16.0-16A242d/Xcode
               CHMOD = /bin/chmod
               CHOWN = /usr/sbin/chown
               CLANG_ANALYZER_LOCALIZABILITY_NONLOCALIZED = YES
               CLANG_ANALYZER_NONNULL = YES
               CLANG_ANALYZER_NUMBER_OBJECT_CONVERSION = YES_AGGRESSIVE
               CLANG_CACHE_FINE_GRAINED_OUTPUTS = YES
               CLANG_CXX_LANGUAGE_STANDARD = gnu++14
               CLANG_CXX_LIBRARY = libc++
               CLANG_ENABLE_EXPLICIT_MODULES = YES
               CLANG_ENABLE_MODULES = YES
               CLANG_ENABLE_OBJC_ARC = YES
               CLANG_ENABLE_OBJC_WEAK = YES
               CLANG_MODULES_BUILD_SESSION_FILE = /var/folders/20/skb3d8qx2hn9r9z8036y32g40000gp/C/org.llvm.clang/ModuleCache.noindex/Session.modulevalidation
               CLANG_WARN_BLOCK_CAPTURE_AUTORELEASING = YES
               CLANG_WARN_BOOL_CONVERSION = YES
               CLANG_WARN_COMMA = YES
               CLANG_WARN_CONSTANT_CONVERSION = YES
               CLANG_WARN_DEPRECATED_OBJC_IMPLEMENTATIONS = YES
               CLANG_WARN_DIRECT_OBJC_ISA_USAGE = YES_ERROR
               CLANG_WARN_DOCUMENTATION_COMMENTS = YES
               CLANG_WARN_EMPTY_BODY = YES
               CLANG_WARN_ENUM_CONVERSION = YES
               CLANG_WARN_INFINITE_RECURSION = YES
               CLANG_WARN_INT_CONVERSION = YES
               CLANG_WARN_NON_LITERAL_NULL_CONVERSION = YES
               CLANG_WARN_OBJC_IMPLICIT_RETAIN_SELF = YES
               CLANG_WARN_OBJC_LITERAL_CONVERSION = YES
               CLANG_WARN_OBJC_ROOT_CLASS = YES_ERROR
               CLANG_WARN_QUOTED_INCLUDE_IN_FRAMEWORK_HEADER = NO
               CLANG_WARN_RANGE_LOOP_ANALYSIS = YES
               CLANG_WARN_STRICT_PROTOTYPES = YES
               CLANG_WARN_SUSPICIOUS_MOVE = YES
               CLANG_WARN_UNGUARDED_AVAILABILITY = YES_AGGRESSIVE
               CLANG_WARN_UNREACHABLE_CODE = YES
               CLANG_WARN__DUPLICATE_METHOD_MATCH = YES
               CLASS_FILE_DIR = /Users/carl.stanley/sites/UKCPA/ukcpa_flutter/build/ios/Pods.build/Release-iphonesimulator/TOCropViewController-TOCropViewControllerBundle.build/JavaClasses
               CLEAN_PRECOMPS = YES
               CLONE_HEADERS = NO
               CODESIGNING_FOLDER_PATH = /Users/carl.stanley/sites/UKCPA/ukcpa_flutter/build/ios/Release-iphonesimulator/TOCropViewController/TOCropViewControllerBundle.bundle
               CODE_SIGNING_ALLOWED = NO
               CODE_SIGNING_IDENTITY = -
               CODE_SIGNING_REQUIRED = NO
               CODE_SIGN_CONTEXT_CLASS = XCiPhoneSimulatorCodeSignContext
               CODE_SIGN_IDENTITY = -
               CODE_SIGN_INJECT_BASE_ENTITLEMENTS = YES
               COLOR_DIAGNOSTICS = NO
               COMBINE_HIDPI_IMAGES = NO
               COMPILATION_CACHE_CAS_PATH = /var/folders/20/skb3d8qx2hn9r9z8036y32g40000gp/C/com.apple.DeveloperTools/16.0-16A242d/Xcode/CompilationCache.noindex
               COMPILATION_CACHE_KEEP_CAS_DIRECTORY = YES
               COMPILER_INDEX_STORE_ENABLE = Default
               COMPOSITE_SDK_DIRS = /Users/carl.stanley/sites/UKCPA/ukcpa_flutter/build/ios/CompositeSDKs
               COMPRESS_PNG_FILES = YES
               CONFIGURATION = Release
               CONFIGURATION_BUILD_DIR = /Users/carl.stanley/sites/UKCPA/ukcpa_flutter/build/ios/Release-iphonesimulator/TOCropViewController
               CONFIGURATION_TEMP_DIR = /Users/carl.stanley/sites/UKCPA/ukcpa_flutter/build/ios/Pods.build/Release-iphonesimulator
               CONTENTS_FOLDER_PATH = TOCropViewControllerBundle.bundle
               CONTENTS_FOLDER_PATH_SHALLOW_BUNDLE_NO = TOCropViewControllerBundle.bundle/Contents
               CONTENTS_FOLDER_PATH_SHALLOW_BUNDLE_YES = TOCropViewControllerBundle.bundle
               COPYING_PRESERVES_HFS_DATA = NO
               COPY_HEADERS_RUN_UNIFDEF = NO
               COPY_PHASE_STRIP = NO
               CORRESPONDING_DEVICE_PLATFORM_DIR = /Applications/Xcode.app/Contents/Developer/Platforms/iPhoneOS.platform
               CORRESPONDING_DEVICE_PLATFORM_NAME = iphoneos
               CORRESPONDING_DEVICE_SDK_DIR = /Applications/Xcode.app/Contents/Developer/Platforms/iPhoneOS.platform/Developer/SDKs/iPhoneOS18.0.sdk
               CORRESPONDING_DEVICE_SDK_NAME = iphoneos18.0
               CP = /bin/cp
               CREATE_INFOPLIST_SECTION_IN_BINARY = NO
               CURRENT_ARCH = undefined_arch
               CURRENT_VARIANT = normal
               DEAD_CODE_STRIPPING = YES
               DEBUGGING_SYMBOLS = YES
               DEBUG_INFORMATION_FORMAT = dwarf-with-dsym
               DEBUG_INFORMATION_VERSION = compiler-default
               DEFAULT_COMPILER = com.apple.compilers.llvm.clang.1_0
               DEFAULT_DEXT_INSTALL_PATH = /System/Library/DriverExtensions
               DEFAULT_KEXT_INSTALL_PATH = /System/Library/Extensions
               DEFINES_MODULE = NO
               DEPLOYMENT_LOCATION = NO
               DEPLOYMENT_POSTPROCESSING = NO
               DEPLOYMENT_TARGET_SETTING_NAME = IPHONEOS_DEPLOYMENT_TARGET
               DEPLOYMENT_TARGET_SUGGESTED_VALUES = 12.0 12.1 12.2 12.3 12.4 13.0 13.1 13.2 13.3 13.4 13.5 13.6 14.0 14.1 14.2 14.3 14.4 14.5 14.6 14.7 15.0 15.1 15.2 15.3 15.4 15.5 15.6 16.0 16.1 16.2 16.3 16.4 16.5 16.6 17.0 17.1 17.2 17.3 17.4 17.5 17.6 18.0
               DERIVED_FILES_DIR = /Users/carl.stanley/sites/UKCPA/ukcpa_flutter/build/ios/Pods.build/Release-iphonesimulator/TOCropViewController-TOCropViewControllerBundle.build/DerivedSources
               DERIVED_FILE_DIR = /Users/carl.stanley/sites/UKCPA/ukcpa_flutter/build/ios/Pods.build/Release-iphonesimulator/TOCropViewController-TOCropViewControllerBundle.build/DerivedSources
               DERIVED_SOURCES_DIR = /Users/carl.stanley/sites/UKCPA/ukcpa_flutter/build/ios/Pods.build/Release-iphonesimulator/TOCropViewController-TOCropViewControllerBundle.build/DerivedSources
               DEVELOPER_APPLICATIONS_DIR = /Applications/Xcode.app/Contents/Developer/Applications
               DEVELOPER_BIN_DIR = /Applications/Xcode.app/Contents/Developer/usr/bin
               DEVELOPER_DIR = /Applications/Xcode.app/Contents/Developer
               DEVELOPER_FRAMEWORKS_DIR = /Applications/Xcode.app/Contents/Developer/Library/Frameworks
               DEVELOPER_FRAMEWORKS_DIR_QUOTED = /Applications/Xcode.app/Contents/Developer/Library/Frameworks
               DEVELOPER_LIBRARY_DIR = /Applications/Xcode.app/Contents/Developer/Library
               DEVELOPER_SDK_DIR = /Applications/Xcode.app/Contents/Developer/Platforms/MacOSX.platform/Developer/SDKs
               DEVELOPER_TOOLS_DIR = /Applications/Xcode.app/Contents/Developer/Tools
               DEVELOPER_USR_DIR = /Applications/Xcode.app/Contents/Developer/usr
               DEVELOPMENT_LANGUAGE = en
               DIFF = /usr/bin/diff
               DOCUMENTATION_FOLDER_PATH = TOCropViewControllerBundle.bundle/en.lproj/Documentation
               DONT_GENERATE_INFOPLIST_FILE = NO
               DSTROOT = /tmp/Pods.dst
               DT_TOOLCHAIN_DIR = /Applications/Xcode.app/Contents/Developer/Toolchains/XcodeDefault.xctoolchain
               DWARF_DSYM_FILE_NAME = TOCropViewControllerBundle.bundle.dSYM
               DWARF_DSYM_FILE_SHOULD_ACCOMPANY_PRODUCT = NO
               DWARF_DSYM_FOLDER_PATH = /Users/carl.stanley/sites/UKCPA/ukcpa_flutter/build/ios/Release-iphonesimulator/TOCropViewController
               DYNAMIC_LIBRARY_EXTENSION = dylib
               EAGER_COMPILATION_ALLOW_SCRIPTS = NO
               EAGER_LINKING = NO
               EFFECTIVE_PLATFORM_NAME = -iphonesimulator
               EMBEDDED_CONTENT_CONTAINS_SWIFT = NO
               EMBED_ASSET_PACKS_IN_PRODUCT_BUNDLE = NO
               ENABLE_APP_SANDBOX = NO
               ENABLE_BITCODE = NO
               ENABLE_CODE_COVERAGE = YES
               ENABLE_DEFAULT_HEADER_SEARCH_PATHS = YES
               ENABLE_DEFAULT_SEARCH_PATHS = YES
               ENABLE_HARDENED_RUNTIME = NO
               ENABLE_HEADER_DEPENDENCIES = YES
               ENABLE_NS_ASSERTIONS = NO
               ENABLE_ON_DEMAND_RESOURCES = NO
               ENABLE_STRICT_OBJC_MSGSEND = YES
               ENABLE_TESTABILITY = NO
               ENABLE_TESTING_SEARCH_PATHS = NO
               ENABLE_USER_SCRIPT_SANDBOXING = NO
               ENTITLEMENTS_DESTINATION = __entitlements
               ENTITLEMENTS_REQUIRED = NO
               EXCLUDED_INSTALLSRC_SUBDIRECTORY_PATTERNS = .DS_Store .svn .git .hg CVS
               EXCLUDED_RECURSIVE_SEARCH_PATH_SUBDIRECTORIES = *.nib *.lproj *.framework *.gch *.xcode* *.xcassets (*) .DS_Store CVS .svn .git .hg *.pbproj *.pbxproj
               EXECUTABLES_FOLDER_PATH = TOCropViewControllerBundle.bundle/Executables
               EXECUTABLE_FOLDER_PATH = TOCropViewControllerBundle.bundle
               EXECUTABLE_FOLDER_PATH_SHALLOW_BUNDLE_NO = TOCropViewControllerBundle.bundle/MacOS
               EXECUTABLE_FOLDER_PATH_SHALLOW_BUNDLE_YES = TOCropViewControllerBundle.bundle
               EXECUTABLE_NAME = TOCropViewControllerBundle
               EXECUTABLE_PATH = TOCropViewControllerBundle.bundle/TOCropViewControllerBundle
               EXPANDED_CODE_SIGN_IDENTITY = -
               EXTENSIONS_FOLDER_PATH = TOCropViewControllerBundle.bundle/Extensions
               FILE_LIST = /Users/carl.stanley/sites/UKCPA/ukcpa_flutter/build/ios/Pods.build/Release-iphonesimulator/TOCropViewController-TOCropViewControllerBundle.build/Objects/LinkFileList
               FIXED_FILES_DIR = /Users/carl.stanley/sites/UKCPA/ukcpa_flutter/build/ios/Pods.build/Release-iphonesimulator/TOCropViewController-TOCropViewControllerBundle.build/FixedFiles
               FRAMEWORKS_FOLDER_PATH = TOCropViewControllerBundle.bundle/Frameworks
               FRAMEWORK_FLAG_PREFIX = -framework
               FRAMEWORK_SEARCH_PATHS = /Users/carl.stanley/sites/UKCPA/ukcpa_flutter/build/ios/Release-iphonesimulator/TOCropViewController 
               FRAMEWORK_VERSION = A
               FULL_PRODUCT_NAME = TOCropViewControllerBundle.bundle
               FUSE_BUILD_PHASES = YES
               FUSE_BUILD_SCRIPT_PHASES = NO
               GCC3_VERSION = 3.3
               GCC_C_LANGUAGE_STANDARD = gnu11
               GCC_INLINES_ARE_PRIVATE_EXTERN = YES
               GCC_NO_COMMON_BLOCKS = YES
               GCC_OBJC_LEGACY_DISPATCH = YES
               GCC_PFE_FILE_C_DIALECTS = c objective-c c++ objective-c++
               GCC_PREPROCESSOR_DEFINITIONS = POD_CONFIGURATION_RELEASE=1  COCOAPODS=1
               GCC_TREAT_WARNINGS_AS_ERRORS = NO
               GCC_VERSION = com.apple.compilers.llvm.clang.1_0
               GCC_VERSION_IDENTIFIER = com_apple_compilers_llvm_clang_1_0
               GCC_WARN_64_TO_32_BIT_CONVERSION = YES
               GCC_WARN_ABOUT_RETURN_TYPE = YES_ERROR
               GCC_WARN_UNDECLARED_SELECTOR = YES
               GCC_WARN_UNINITIALIZED_AUTOS = YES_AGGRESSIVE
               GCC_WARN_UNUSED_FUNCTION = YES
               GCC_WARN_UNUSED_VARIABLE = YES
               GENERATED_MODULEMAP_DIR = /Users/carl.stanley/sites/UKCPA/ukcpa_flutter/build/ios/GeneratedModuleMaps-iphonesimulator
               GENERATE_INFOPLIST_FILE = NO
               GENERATE_INTERMEDIATE_TEXT_BASED_STUBS = YES
               GENERATE_MASTER_OBJECT_FILE = NO
               GENERATE_PKGINFO_FILE = NO
               GENERATE_PROFILING_CODE = NO
               GENERATE_TEXT_BASED_STUBS = NO
               GID = 20
               GROUP = staff
               HEADERMAP_INCLUDES_FLAT_ENTRIES_FOR_TARGET_BEING_BUILT = YES
               HEADERMAP_INCLUDES_FRAMEWORK_ENTRIES_FOR_ALL_PRODUCT_TYPES = YES
               HEADERMAP_INCLUDES_FRAMEWORK_ENTRIES_FOR_TARGETS_NOT_BEING_BUILT = YES
               HEADERMAP_INCLUDES_NONPUBLIC_NONPRIVATE_HEADERS = YES
               HEADERMAP_INCLUDES_PROJECT_HEADERS = YES
               HEADERMAP_USES_FRAMEWORK_PREFIX_ENTRIES = YES
               HEADERMAP_USES_VFS = NO
               HEADER_SEARCH_PATHS = /Users/carl.stanley/sites/UKCPA/ukcpa_flutter/build/ios/Release-iphonesimulator/TOCropViewController/include 
               HIDE_BITCODE_SYMBOLS = YES
               HOME = /Users/carl.stanley
               HOST_ARCH = arm64
               HOST_PLATFORM = macosx
               IBSC_MODULE = TOCropViewController
               ICONV = /usr/bin/iconv
               IMPLICIT_DEPENDENCY_DOMAIN = default
               INFOPLIST_ENABLE_CFBUNDLEICONS_MERGE = YES
               INFOPLIST_EXPAND_BUILD_SETTINGS = YES
               INFOPLIST_FILE = Target Support Files/TOCropViewController/ResourceBundle-TOCropViewControllerBundle-TOCropViewController-Info.plist
               INFOPLIST_OUTPUT_FORMAT = binary
               INFOPLIST_PATH = TOCropViewControllerBundle.bundle/Info.plist
               INFOPLIST_PREPROCESS = NO
               INFOSTRINGS_PATH = TOCropViewControllerBundle.bundle/en.lproj/InfoPlist.strings
               INLINE_PRIVATE_FRAMEWORKS = NO
               INSTALLHDRS_COPY_PHASE = NO
               INSTALLHDRS_SCRIPT_PHASE = NO
               INSTALL_DIR = /tmp/Pods.dst
               INSTALL_GROUP = staff
               INSTALL_MODE_FLAG = u+w,go-w,a+rX
               INSTALL_OWNER = carl.stanley
               INSTALL_ROOT = /tmp/Pods.dst
               IPHONEOS_DEPLOYMENT_TARGET = 13.0
               IS_UNOPTIMIZED_BUILD = NO
               JAVAC_DEFAULT_FLAGS = -J-Xms64m -J-XX:NewSize=4M -J-Dfile.encoding=UTF8
               JAVA_APP_STUB = /System/Library/Frameworks/JavaVM.framework/Resources/MacOS/JavaApplicationStub
               JAVA_ARCHIVE_CLASSES = YES
               JAVA_ARCHIVE_TYPE = JAR
               JAVA_COMPILER = /usr/bin/javac
               JAVA_FOLDER_PATH = TOCropViewControllerBundle.bundle/Java
               JAVA_FRAMEWORK_RESOURCES_DIRS = Resources
               JAVA_JAR_FLAGS = cv
               JAVA_SOURCE_SUBDIR = .
               JAVA_USE_DEPENDENCIES = YES
               JAVA_ZIP_FLAGS = -urg
               JIKES_DEFAULT_FLAGS = +E +OLDCSO
               KEEP_PRIVATE_EXTERNS = NO
               LD_DEPENDENCY_INFO_FILE = /Users/carl.stanley/sites/UKCPA/ukcpa_flutter/build/ios/Pods.build/Release-iphonesimulator/TOCropViewController-TOCropViewControllerBundle.build/Objects-normal/undefined_arch/TOCropViewControllerBundle_dependency_info.dat
               LD_EXPORT_SYMBOLS = YES
               LD_GENERATE_MAP_FILE = NO
               LD_MAP_FILE_PATH = /Users/carl.stanley/sites/UKCPA/ukcpa_flutter/build/ios/Pods.build/Release-iphonesimulator/TOCropViewController-TOCropViewControllerBundle.build/TOCropViewControllerBundle-LinkMap-normal-undefined_arch.txt
               LD_NO_PIE = NO
               LD_QUOTE_LINKER_ARGUMENTS_FOR_COMPILER_DRIVER = YES
               LD_SHARED_CACHE_ELIGIBLE = Automatic
               LD_WARN_DUPLICATE_LIBRARIES = NO
               LD_WARN_UNUSED_DYLIBS = NO
               LEGACY_DEVELOPER_DIR = /Applications/Xcode.app/Contents/PlugIns/Xcode3Core.ideplugin/Contents/SharedSupport/Developer
               LEX = lex
               LIBRARY_DEXT_INSTALL_PATH = /Library/DriverExtensions
               LIBRARY_FLAG_NOSPACE = YES
               LIBRARY_FLAG_PREFIX = -l
               LIBRARY_KEXT_INSTALL_PATH = /Library/Extensions
               LIBRARY_SEARCH_PATHS = /Users/carl.stanley/sites/UKCPA/ukcpa_flutter/build/ios/Release-iphonesimulator/TOCropViewController 
               LINKER_DISPLAYS_MANGLED_NAMES = NO
               LINK_FILE_LIST_normal_arm64 = /Users/carl.stanley/sites/UKCPA/ukcpa_flutter/build/ios/Pods.build/Release-iphonesimulator/TOCropViewController-TOCropViewControllerBundle.build/Objects-normal/arm64/TOCropViewControllerBundle.LinkFileList
               LINK_FILE_LIST_normal_x86_64 = /Users/carl.stanley/sites/UKCPA/ukcpa_flutter/build/ios/Pods.build/Release-iphonesimulator/TOCropViewController-TOCropViewControllerBundle.build/Objects-normal/x86_64/TOCropViewControllerBundle.LinkFileList
               LINK_OBJC_RUNTIME = YES
               LINK_WITH_STANDARD_LIBRARIES = YES
               LLVM_TARGET_TRIPLE_OS_VERSION = ios13.0
               LLVM_TARGET_TRIPLE_SUFFIX = -simulator
               LLVM_TARGET_TRIPLE_VENDOR = apple
               LM_AUX_CONST_METADATA_LIST_PATH_normal_arm64 = /Users/carl.stanley/sites/UKCPA/ukcpa_flutter/build/ios/Pods.build/Release-iphonesimulator/TOCropViewController-TOCropViewControllerBundle.build/Objects-normal/arm64/TOCropViewControllerBundle.SwiftConstValuesFileList
               LM_AUX_CONST_METADATA_LIST_PATH_normal_x86_64 = /Users/carl.stanley/sites/UKCPA/ukcpa_flutter/build/ios/Pods.build/Release-iphonesimulator/TOCropViewController-TOCropViewControllerBundle.build/Objects-normal/x86_64/TOCropViewControllerBundle.SwiftConstValuesFileList
               LOCALIZATION_EXPORT_SUPPORTED = YES
               LOCALIZATION_PREFERS_STRING_CATALOGS = NO
               LOCALIZED_RESOURCES_FOLDER_PATH = TOCropViewControllerBundle.bundle/en.lproj
               LOCALIZED_STRING_MACRO_NAMES = NSLocalizedString CFCopyLocalizedString
               LOCALIZED_STRING_SWIFTUI_SUPPORT = YES
               LOCAL_ADMIN_APPS_DIR = /Applications/Utilities
               LOCAL_APPS_DIR = /Applications
               LOCAL_DEVELOPER_DIR = /Library/Developer
               LOCAL_LIBRARY_DIR = /Library
               LOCROOT = /Users/carl.stanley/sites/UKCPA/ukcpa_flutter/ios/Pods
               LOCSYMROOT = /Users/carl.stanley/sites/UKCPA/ukcpa_flutter/ios/Pods
               MACH_O_TYPE = mh_bundle
               MAC_OS_X_PRODUCT_BUILD_VERSION = 24G84
               MAC_OS_X_VERSION_ACTUAL = 150600
               MAC_OS_X_VERSION_MAJOR = 150000
               MAC_OS_X_VERSION_MINOR = 150600
               MAKE_MERGEABLE = NO
               MERGEABLE_LIBRARY = NO
               MERGED_BINARY_TYPE = none
               MERGE_LINKED_LIBRARIES = NO
               METAL_LIBRARY_FILE_BASE = default
               METAL_LIBRARY_OUTPUT_DIR = /Users/carl.stanley/sites/UKCPA/ukcpa_flutter/build/ios/Release-iphonesimulator/TOCropViewController/TOCropViewControllerBundle.bundle
               MODULES_FOLDER_PATH = TOCropViewControllerBundle.bundle/Modules
               MTL_ENABLE_DEBUG_INFO = NO
               MTL_FAST_MATH = YES
               NATIVE_ARCH = arm64
               NATIVE_ARCH_32_BIT = arm
               NATIVE_ARCH_64_BIT = arm64
               NATIVE_ARCH_ACTUAL = arm64
               NO_COMMON = YES
               OBJC_ABI_VERSION = 2
               OBJECT_FILE_DIR = /Users/carl.stanley/sites/UKCPA/ukcpa_flutter/build/ios/Pods.build/Release-iphonesimulator/TOCropViewController-TOCropViewControllerBundle.build/Objects
               OBJECT_FILE_DIR_normal = /Users/carl.stanley/sites/UKCPA/ukcpa_flutter/build/ios/Pods.build/Release-iphonesimulator/TOCropViewController-TOCropViewControllerBundle.build/Objects-normal
               OBJROOT = /Users/carl.stanley/sites/UKCPA/ukcpa_flutter/build/ios
               ONLY_ACTIVE_ARCH = NO
               OS = MACOS
               OSAC = /usr/bin/osacompile
               PACKAGE_TYPE = com.apple.package-type.wrapper
               PASCAL_STRINGS = YES
               PATH = /Applications/Xcode.app/Contents/SharedFrameworks/XCBuild.framework/Versions/A/PlugIns/XCBBuildService.bundle/Contents/PlugIns/XCBSpecifications.ideplugin/Contents/Resources:/Applications/Xcode.app/Contents/SharedFrameworks/XCBuild.framework/Versions/A/PlugIns/XCBBuildService.bundle/Contents/PlugIns/XCBSpecifications.ideplugin:/Applications/Xcode.app/Contents/Developer/Toolchains/XcodeDefault.xctoolchain/usr/bin:/Applications/Xcode.app/Contents/Developer/Toolchains/XcodeDefault.xctoolchain/usr/appleinternal/bin:/Applications/Xcode.app/Contents/Developer/Toolchains/XcodeDefault.xctoolchain/usr/local/bin:/Applications/Xcode.app/Contents/Developer/Toolchains/XcodeDefault.xctoolchain/usr/libexec:/Applications/Xcode.app/Contents/Developer/Platforms/iPhoneSimulator.platform/usr/bin:/Applications/Xcode.app/Contents/Developer/Platforms/iPhoneSimulator.platform/usr/appleinternal/bin:/Applications/Xcode.app/Contents/Developer/Platforms/iPhoneSimulator.platform/usr/local/bin:/Applications/Xcode.app/Contents/Developer/Platforms/iPhoneSimulator.platform/Developer/usr/bin:/Applications/Xcode.app/Contents/Developer/Platforms/iPhoneSimulator.platform/Developer/usr/local/bin:/Applications/Xcode.app/Contents/Developer/usr/bin:/Applications/Xcode.app/Contents/Developer/usr/local/bin:/opt/homebrew/Cellar/pyenv-virtualenv/1.2.4/shims:/Users/carl.stanley/.pyenv/shims:/Users/carl.stanley/.pyenv/bin:/Users/carl.stanley/.nvm/versions/node/v18.17.0/bin:/Users/carl.stanley/development/flutter/bin:/opt/homebrew/bin:/opt/homebrew/sbin:/Users/carl.stanley/.local/bin:/usr/local/bin:/System/Cryptexes/App/usr/bin:/usr/bin:/bin:/usr/sbin:/sbin:/var/run/com.apple.security.cryptexd/codex.system/bootstrap/usr/local/bin:/var/run/com.apple.security.cryptexd/codex.system/bootstrap/usr/bin:/var/run/com.apple.security.cryptexd/codex.system/bootstrap/usr/appleinternal/bin:/Library/Apple/usr/bin:/usr/local/sbin:/usr/local/go/bin:/Users/carl.stanley/.pub-cache/bin
               PATH_PREFIXES_EXCLUDED_FROM_HEADER_DEPENDENCIES = /usr/include /usr/local/include /System/Library/Frameworks /System/Library/PrivateFrameworks /Applications/Xcode.app/Contents/Developer/Headers /Applications/Xcode.app/Contents/Developer/SDKs /Applications/Xcode.app/Contents/Developer/Platforms
               PBDEVELOPMENTPLIST_PATH = TOCropViewControllerBundle.bundle/pbdevelopment.plist
               PER_ARCH_OBJECT_FILE_DIR = /Users/carl.stanley/sites/UKCPA/ukcpa_flutter/build/ios/Pods.build/Release-iphonesimulator/TOCropViewController-TOCropViewControllerBundle.build/Objects-normal/undefined_arch
               PER_VARIANT_OBJECT_FILE_DIR = /Users/carl.stanley/sites/UKCPA/ukcpa_flutter/build/ios/Pods.build/Release-iphonesimulator/TOCropViewController-TOCropViewControllerBundle.build/Objects-normal
               PKGINFO_FILE_PATH = /Users/carl.stanley/sites/UKCPA/ukcpa_flutter/build/ios/Pods.build/Release-iphonesimulator/TOCropViewController-TOCropViewControllerBundle.build/PkgInfo
               PKGINFO_PATH = TOCropViewControllerBundle.bundle/PkgInfo
               PLATFORM_DEVELOPER_APPLICATIONS_DIR = /Applications/Xcode.app/Contents/Developer/Platforms/iPhoneSimulator.platform/Developer/Applications
               PLATFORM_DEVELOPER_BIN_DIR = /Applications/Xcode.app/Contents/Developer/Platforms/iPhoneSimulator.platform/Developer/usr/bin
               PLATFORM_DEVELOPER_LIBRARY_DIR = /Applications/Xcode.app/Contents/Developer/Platforms/iPhoneSimulator.platform/Developer/Library
               PLATFORM_DEVELOPER_SDK_DIR = /Applications/Xcode.app/Contents/Developer/Platforms/iPhoneSimulator.platform/Developer/SDKs
               PLATFORM_DEVELOPER_TOOLS_DIR = /Applications/Xcode.app/Contents/Developer/Platforms/iPhoneSimulator.platform/Developer/Tools
               PLATFORM_DEVELOPER_USR_DIR = /Applications/Xcode.app/Contents/Developer/Platforms/iPhoneSimulator.platform/Developer/usr
               PLATFORM_DIR = /Applications/Xcode.app/Contents/Developer/Platforms/iPhoneSimulator.platform
               PLATFORM_DISPLAY_NAME = iOS Simulator
               PLATFORM_FAMILY_NAME = iOS
               PLATFORM_NAME = iphonesimulator
               PLATFORM_PREFERRED_ARCH = x86_64
               PLATFORM_PRODUCT_BUILD_VERSION = 22A3362
               PLIST_FILE_OUTPUT_FORMAT = binary
               PLUGINS_FOLDER_PATH = TOCropViewControllerBundle.bundle/PlugIns
               PODS_BUILD_DIR = /Users/carl.stanley/sites/UKCPA/ukcpa_flutter/build/ios
               PODS_CONFIGURATION_BUILD_DIR = /Users/carl.stanley/sites/UKCPA/ukcpa_flutter/build/ios/Release-iphonesimulator
               PODS_DEVELOPMENT_LANGUAGE = en
               PODS_ROOT = /Users/carl.stanley/sites/UKCPA/ukcpa_flutter/ios/Pods
               PODS_TARGET_SRCROOT = /Users/carl.stanley/sites/UKCPA/ukcpa_flutter/ios/Pods/TOCropViewController
               PODS_XCFRAMEWORKS_BUILD_DIR = /Users/carl.stanley/sites/UKCPA/ukcpa_flutter/build/ios/Release-iphonesimulator/XCFrameworkIntermediates
               PRECOMPS_INCLUDE_HEADERS_FROM_BUILT_PRODUCTS_DIR = YES
               PRECOMP_DESTINATION_DIR = /Users/carl.stanley/sites/UKCPA/ukcpa_flutter/build/ios/Pods.build/Release-iphonesimulator/TOCropViewController-TOCropViewControllerBundle.build/PrefixHeaders
               PRIVATE_HEADERS_FOLDER_PATH = TOCropViewControllerBundle.bundle/PrivateHeaders
               PROCESSED_INFOPLIST_PATH = /Users/carl.stanley/sites/UKCPA/ukcpa_flutter/build/ios/Pods.build/Release-iphonesimulator/TOCropViewController-TOCropViewControllerBundle.build/Objects-normal/undefined_arch/Processed-Info.plist
               PRODUCT_BUNDLE_IDENTIFIER = org.cocoapods.TOCropViewControllerBundle
               PRODUCT_BUNDLE_PACKAGE_TYPE = BNDL
               PRODUCT_MODULE_NAME = TOCropViewControllerBundle
               PRODUCT_NAME = TOCropViewControllerBundle
               PRODUCT_SETTINGS_PATH = /Users/carl.stanley/sites/UKCPA/ukcpa_flutter/ios/Pods/Target Support Files/TOCropViewController/ResourceBundle-TOCropViewControllerBundle-TOCropViewController-Info.plist
               PRODUCT_TYPE = com.apple.product-type.bundle
               PROFILING_CODE = NO
               PROJECT = Pods
               PROJECT_DERIVED_FILE_DIR = /Users/carl.stanley/sites/UKCPA/ukcpa_flutter/build/ios/Pods.build/DerivedSources
               PROJECT_DIR = /Users/carl.stanley/sites/UKCPA/ukcpa_flutter/ios/Pods
               PROJECT_FILE_PATH = /Users/carl.stanley/sites/UKCPA/ukcpa_flutter/ios/Pods/Pods.xcodeproj
               PROJECT_GUID = bfdfe7dc352907fc980b868725387e98
               PROJECT_NAME = Pods
               PROJECT_TEMP_DIR = /Users/carl.stanley/sites/UKCPA/ukcpa_flutter/build/ios/Pods.build
               PROJECT_TEMP_ROOT = /Users/carl.stanley/sites/UKCPA/ukcpa_flutter/build/ios
               PUBLIC_HEADERS_FOLDER_PATH = TOCropViewControllerBundle.bundle/Headers
               RECOMMENDED_IPHONEOS_DEPLOYMENT_TARGET = 15.0
               RECURSIVE_SEARCH_PATHS_FOLLOW_SYMLINKS = YES
               REMOVE_CVS_FROM_RESOURCES = YES
               REMOVE_GIT_FROM_RESOURCES = YES
               REMOVE_HEADERS_FROM_EMBEDDED_BUNDLES = YES
               REMOVE_HG_FROM_RESOURCES = YES
               REMOVE_STATIC_EXECUTABLES_FROM_EMBEDDED_BUNDLES = YES
               REMOVE_SVN_FROM_RESOURCES = YES
               RESCHEDULE_INDEPENDENT_HEADERS_PHASES = YES
               REZ_COLLECTOR_DIR = /Users/carl.stanley/sites/UKCPA/ukcpa_flutter/build/ios/Pods.build/Release-iphonesimulator/TOCropViewController-TOCropViewControllerBundle.build/ResourceManagerResources
               REZ_OBJECTS_DIR = /Users/carl.stanley/sites/UKCPA/ukcpa_flutter/build/ios/Pods.build/Release-iphonesimulator/TOCropViewController-TOCropViewControllerBundle.build/ResourceManagerResources/Objects
               REZ_SEARCH_PATHS = /Users/carl.stanley/sites/UKCPA/ukcpa_flutter/build/ios/Release-iphonesimulator/TOCropViewController 
               SCAN_ALL_SOURCE_FILES_FOR_INCLUDES = NO
               SCRIPTS_FOLDER_PATH = TOCropViewControllerBundle.bundle/Scripts
               SDKROOT = /Applications/Xcode.app/Contents/Developer/Platforms/iPhoneSimulator.platform/Developer/SDKs/iPhoneSimulator18.0.sdk
               SDK_DIR = /Applications/Xcode.app/Contents/Developer/Platforms/iPhoneSimulator.platform/Developer/SDKs/iPhoneSimulator18.0.sdk
               SDK_DIR_iphonesimulator = /Applications/Xcode.app/Contents/Developer/Platforms/iPhoneSimulator.platform/Developer/SDKs/iPhoneSimulator18.0.sdk
               SDK_DIR_iphonesimulator18_0 = /Applications/Xcode.app/Contents/Developer/Platforms/iPhoneSimulator.platform/Developer/SDKs/iPhoneSimulator18.0.sdk
               SDK_NAME = iphonesimulator18.0
               SDK_NAMES = iphonesimulator18.0
               SDK_PRODUCT_BUILD_VERSION = 22A3362
               SDK_STAT_CACHE_DIR = /var/folders/20/skb3d8qx2hn9r9z8036y32g40000gp/C/com.apple.DeveloperTools/16.0-16A242d/Xcode
               SDK_STAT_CACHE_ENABLE = YES
               SDK_STAT_CACHE_PATH = /var/folders/20/skb3d8qx2hn9r9z8036y32g40000gp/C/com.apple.DeveloperTools/16.0-16A242d/Xcode/SDKStatCaches.noindex/iphonesimulator18.0-22A3362-db63dc9361471f152f572502bdbfe70a.sdkstatcache
               SDK_VERSION = 18.0
               SDK_VERSION_ACTUAL = 180000
               SDK_VERSION_MAJOR = 180000
               SDK_VERSION_MINOR = 180000
               SED = /usr/bin/sed
               SEPARATE_STRIP = NO
               SEPARATE_SYMBOL_EDIT = NO
               SET_DIR_MODE_OWNER_GROUP = YES
               SET_FILE_MODE_OWNER_GROUP = NO
               SHALLOW_BUNDLE = YES
               SHALLOW_BUNDLE_TRIPLE = ios-simulator
               SHALLOW_BUNDLE_ios_macabi = NO
               SHALLOW_BUNDLE_macos = NO
               SHARED_DERIVED_FILE_DIR = /Users/carl.stanley/sites/UKCPA/ukcpa_flutter/build/ios/Release-iphonesimulator/TOCropViewController/DerivedSources
               SHARED_FRAMEWORKS_FOLDER_PATH = TOCropViewControllerBundle.bundle/SharedFrameworks
               SHARED_PRECOMPS_DIR = /Users/carl.stanley/sites/UKCPA/ukcpa_flutter/build/ios/SharedPrecompiledHeaders
               SHARED_SUPPORT_FOLDER_PATH = TOCropViewControllerBundle.bundle/SharedSupport
               SKIP_INSTALL = YES
               SOURCE_ROOT = /Users/carl.stanley/sites/UKCPA/ukcpa_flutter/ios/Pods
               SRCROOT = /Users/carl.stanley/sites/UKCPA/ukcpa_flutter/ios/Pods
               STRINGSDATA_DIR = /Users/carl.stanley/sites/UKCPA/ukcpa_flutter/build/ios/Pods.build/Release-iphonesimulator/TOCropViewController-TOCropViewControllerBundle.build/Objects-normal/undefined_arch
               STRINGSDATA_ROOT = /Users/carl.stanley/sites/UKCPA/ukcpa_flutter/build/ios/Pods.build/Release-iphonesimulator/TOCropViewController-TOCropViewControllerBundle.build
               STRINGS_FILE_INFOPLIST_RENAME = YES
               STRINGS_FILE_OUTPUT_ENCODING = binary
               STRIP_BITCODE_FROM_COPIED_FILES = NO
               STRIP_INSTALLED_PRODUCT = NO
               STRIP_STYLE = non-global
               STRIP_SWIFT_SYMBOLS = YES
               SUPPORTED_DEVICE_FAMILIES = 1,2
               SUPPORTED_PLATFORMS = iphoneos iphonesimulator
               SUPPORTS_TEXT_BASED_API = NO
               SUPPRESS_WARNINGS = NO
               SWIFT_COMPILATION_MODE = wholemodule
               SWIFT_EMIT_LOC_STRINGS = NO
               SWIFT_OPTIMIZATION_LEVEL = -O
               SWIFT_PLATFORM_TARGET_PREFIX = ios
               SWIFT_RESPONSE_FILE_PATH_normal_arm64 = /Users/carl.stanley/sites/UKCPA/ukcpa_flutter/build/ios/Pods.build/Release-iphonesimulator/TOCropViewController-TOCropViewControllerBundle.build/Objects-normal/arm64/TOCropViewControllerBundle.SwiftFileList
               SWIFT_RESPONSE_FILE_PATH_normal_x86_64 = /Users/carl.stanley/sites/UKCPA/ukcpa_flutter/build/ios/Pods.build/Release-iphonesimulator/TOCropViewController-TOCropViewControllerBundle.build/Objects-normal/x86_64/TOCropViewControllerBundle.SwiftFileList
               SWIFT_VERSION = 5.0
               SYMROOT = /Users/carl.stanley/sites/UKCPA/ukcpa_flutter/ios/build
               SYSTEM_ADMIN_APPS_DIR = /Applications/Utilities
               SYSTEM_APPS_DIR = /Applications
               SYSTEM_CORE_SERVICES_DIR = /System/Library/CoreServices
               SYSTEM_DEMOS_DIR = /Applications/Extras
               SYSTEM_DEVELOPER_APPS_DIR = /Applications/Xcode.app/Contents/Developer/Applications
               SYSTEM_DEVELOPER_BIN_DIR = /Applications/Xcode.app/Contents/Developer/usr/bin
               SYSTEM_DEVELOPER_DEMOS_DIR = /Applications/Xcode.app/Contents/Developer/Applications/Utilities/Built Examples
               SYSTEM_DEVELOPER_DIR = /Applications/Xcode.app/Contents/Developer
               SYSTEM_DEVELOPER_DOC_DIR = /Applications/Xcode.app/Contents/Developer/ADC Reference Library
               SYSTEM_DEVELOPER_GRAPHICS_TOOLS_DIR = /Applications/Xcode.app/Contents/Developer/Applications/Graphics Tools
               SYSTEM_DEVELOPER_JAVA_TOOLS_DIR = /Applications/Xcode.app/Contents/Developer/Applications/Java Tools
               SYSTEM_DEVELOPER_PERFORMANCE_TOOLS_DIR = /Applications/Xcode.app/Contents/Developer/Applications/Performance Tools
               SYSTEM_DEVELOPER_RELEASENOTES_DIR = /Applications/Xcode.app/Contents/Developer/ADC Reference Library/releasenotes
               SYSTEM_DEVELOPER_TOOLS = /Applications/Xcode.app/Contents/Developer/Tools
               SYSTEM_DEVELOPER_TOOLS_DOC_DIR = /Applications/Xcode.app/Contents/Developer/ADC Reference Library/documentation/DeveloperTools
               SYSTEM_DEVELOPER_TOOLS_RELEASENOTES_DIR = /Applications/Xcode.app/Contents/Developer/ADC Reference Library/releasenotes/DeveloperTools
               SYSTEM_DEVELOPER_USR_DIR = /Applications/Xcode.app/Contents/Developer/usr
               SYSTEM_DEVELOPER_UTILITIES_DIR = /Applications/Xcode.app/Contents/Developer/Applications/Utilities
               SYSTEM_DEXT_INSTALL_PATH = /System/Library/DriverExtensions
               SYSTEM_DOCUMENTATION_DIR = /Library/Documentation
               SYSTEM_EXTENSIONS_FOLDER_PATH = TOCropViewControllerBundle.bundle/SystemExtensions
               SYSTEM_EXTENSIONS_FOLDER_PATH_SHALLOW_BUNDLE_NO = TOCropViewControllerBundle.bundle/Library/SystemExtensions
               SYSTEM_EXTENSIONS_FOLDER_PATH_SHALLOW_BUNDLE_YES = TOCropViewControllerBundle.bundle/SystemExtensions
               SYSTEM_KEXT_INSTALL_PATH = /System/Library/Extensions
               SYSTEM_LIBRARY_DIR = /System/Library
               TAPI_DEMANGLE = YES
               TAPI_ENABLE_PROJECT_HEADERS = NO
               TAPI_LANGUAGE = objective-c
               TAPI_LANGUAGE_STANDARD = compiler-default
               TAPI_USE_SRCROOT = YES
               TAPI_VERIFY_MODE = Pedantic
               TARGETED_DEVICE_FAMILY = 1,2
               TARGETNAME = TOCropViewController-TOCropViewControllerBundle
               TARGET_BUILD_DIR = /Users/carl.stanley/sites/UKCPA/ukcpa_flutter/build/ios/Release-iphonesimulator/TOCropViewController
               TARGET_NAME = TOCropViewController-TOCropViewControllerBundle
               TARGET_TEMP_DIR = /Users/carl.stanley/sites/UKCPA/ukcpa_flutter/build/ios/Pods.build/Release-iphonesimulator/TOCropViewController-TOCropViewControllerBundle.build
               TEMP_DIR = /Users/carl.stanley/sites/UKCPA/ukcpa_flutter/build/ios/Pods.build/Release-iphonesimulator/TOCropViewController-TOCropViewControllerBundle.build
               TEMP_FILES_DIR = /Users/carl.stanley/sites/UKCPA/ukcpa_flutter/build/ios/Pods.build/Release-iphonesimulator/TOCropViewController-TOCropViewControllerBundle.build
               TEMP_FILE_DIR = /Users/carl.stanley/sites/UKCPA/ukcpa_flutter/build/ios/Pods.build/Release-iphonesimulator/TOCropViewController-TOCropViewControllerBundle.build
               TEMP_ROOT = /Users/carl.stanley/sites/UKCPA/ukcpa_flutter/build/ios
               TEST_FRAMEWORK_SEARCH_PATHS =  /Applications/Xcode.app/Contents/Developer/Platforms/iPhoneSimulator.platform/Developer/Library/Frameworks /Applications/Xcode.app/Contents/Developer/Platforms/iPhoneSimulator.platform/Developer/SDKs/iPhoneSimulator18.0.sdk/Developer/Library/Frameworks
               TEST_LIBRARY_SEARCH_PATHS =  /Applications/Xcode.app/Contents/Developer/Platforms/iPhoneSimulator.platform/Developer/usr/lib
               TOOLCHAINS = com.apple.dt.toolchain.XcodeDefault
               TOOLCHAIN_DIR = /Applications/Xcode.app/Contents/Developer/Toolchains/XcodeDefault.xctoolchain
               TREAT_MISSING_BASELINES_AS_TEST_FAILURES = NO
               TREAT_MISSING_SCRIPT_PHASE_OUTPUTS_AS_ERRORS = NO
               UID = 502
               UNINSTALLED_PRODUCTS_DIR = /Users/carl.stanley/sites/UKCPA/ukcpa_flutter/build/ios/UninstalledProducts
               UNLOCALIZED_RESOURCES_FOLDER_PATH = TOCropViewControllerBundle.bundle
               UNLOCALIZED_RESOURCES_FOLDER_PATH_SHALLOW_BUNDLE_NO = TOCropViewControllerBundle.bundle/Resources
               UNLOCALIZED_RESOURCES_FOLDER_PATH_SHALLOW_BUNDLE_YES = TOCropViewControllerBundle.bundle
               UNSTRIPPED_PRODUCT = NO
               USER = carl.stanley
               USER_APPS_DIR = /Users/carl.stanley/Applications
               USER_LIBRARY_DIR = /Users/carl.stanley/Library
               USE_DYNAMIC_NO_PIC = YES
               USE_HEADERMAP = YES
               USE_HEADER_SYMLINKS = NO
               USE_RECURSIVE_SCRIPT_INPUTS_IN_SCRIPT_PHASES = YES
               VALIDATE_DEVELOPMENT_ASSET_PATHS = YES_ERROR
               VALIDATE_PRODUCT = NO
               VALID_ARCHS = arm64 arm64e i386 x86_64
               VERBOSE_PBXCP = NO
               VERSIONPLIST_PATH = TOCropViewControllerBundle.bundle/version.plist
               VERSION_INFO_BUILDER = carl.stanley
               VERSION_INFO_FILE = TOCropViewControllerBundle_vers.c
               VERSION_INFO_STRING = "@(#)PROGRAM:TOCropViewControllerBundle  PROJECT:Pods-"
               WORKSPACE_DIR = /Users/carl.stanley/sites/UKCPA/ukcpa_flutter/ios/Pods/Pods.xcodeproj
               WRAPPER_EXTENSION = bundle
               WRAPPER_NAME = TOCropViewControllerBundle.bundle
               WRAPPER_SUFFIX = .bundle
               WRAP_ASSET_PACKS_IN_SEPARATE_DIRECTORIES = NO
               XCODE_APP_SUPPORT_DIR = /Applications/Xcode.app/Contents/Developer/Library/Xcode
               XCODE_PRODUCT_BUILD_VERSION = 16A242d
               XCODE_VERSION_ACTUAL = 1600
               XCODE_VERSION_MAJOR = 1600
               XCODE_VERSION_MINOR = 1600
               XPCSERVICES_FOLDER_PATH = TOCropViewControllerBundle.bundle/XPCServices
               YACC = yacc
               _WRAPPER_CONTENTS_DIR_SHALLOW_BUNDLE_NO = /Contents
               _WRAPPER_PARENT_PATH_SHALLOW_BUNDLE_NO = /..
               _WRAPPER_RESOURCES_DIR_SHALLOW_BUNDLE_NO = /Resources
               arch = undefined_arch
               variant = normal

           Build settings for action build and target url_launcher_ios:
               ACTION = build
               AD_HOC_CODE_SIGNING_ALLOWED = YES
               ALLOW_BUILD_REQUEST_OVERRIDES = NO
               ALLOW_TARGET_PLATFORM_SPECIALIZATION = NO
               ALTERNATE_GROUP = staff
               ALTERNATE_MODE = u+w,go-w,a+rX
               ALTERNATE_OWNER = carl.stanley
               ALTERNATIVE_DISTRIBUTION_WEB = NO
               ALWAYS_EMBED_SWIFT_STANDARD_LIBRARIES = NO
               ALWAYS_SEARCH_USER_PATHS = NO
               ALWAYS_USE_SEPARATE_HEADERMAPS = NO
               APPLE_INTERNAL_DEVELOPER_DIR = /AppleInternal/Developer
               APPLE_INTERNAL_DIR = /AppleInternal
               APPLE_INTERNAL_DOCUMENTATION_DIR = /AppleInternal/Documentation
               APPLE_INTERNAL_LIBRARY_DIR = /AppleInternal/Library
               APPLE_INTERNAL_TOOLS = /AppleInternal/Developer/Tools
               APPLICATION_EXTENSION_API_ONLY = NO
               APPLY_RULES_IN_COPY_FILES = NO
               APPLY_RULES_IN_COPY_HEADERS = NO
               APP_SHORTCUTS_ENABLE_FLEXIBLE_MATCHING = YES
               ARCHS = arm64 x86_64
               ARCHS_STANDARD = arm64 x86_64
               ARCHS_STANDARD_32_64_BIT = arm64 i386 x86_64
               ARCHS_STANDARD_32_BIT = i386
               ARCHS_STANDARD_64_BIT = arm64 x86_64
               ARCHS_STANDARD_INCLUDING_64_BIT = arm64 x86_64
               ARCHS_UNIVERSAL_IPHONE_OS = arm64 i386 x86_64
               ASSETCATALOG_COMPILER_GENERATE_ASSET_SYMBOLS = YES
               AUTOMATICALLY_MERGE_DEPENDENCIES = NO
               AVAILABLE_PLATFORMS = appletvos appletvsimulator driverkit iphoneos iphonesimulator macosx watchos watchsimulator xros xrsimulator
               BITCODE_GENERATION_MODE = marker
               BUILD_ACTIVE_RESOURCES_ONLY = NO
               BUILD_COMPONENTS = headers build
               BUILD_DIR = /Users/carl.stanley/sites/UKCPA/ukcpa_flutter/build/ios
               BUILD_LIBRARY_FOR_DISTRIBUTION = NO
               BUILD_ROOT = /Users/carl.stanley/sites/UKCPA/ukcpa_flutter/ios/build
               BUILD_STYLE = 
               BUILD_VARIANTS = normal
               BUILT_PRODUCTS_DIR = /Users/carl.stanley/sites/UKCPA/ukcpa_flutter/build/ios/Release-iphonesimulator/url_launcher_ios
               BUNDLE_CONTENTS_FOLDER_PATH_deep = Contents/
               BUNDLE_EXECUTABLE_FOLDER_NAME_deep = MacOS
               BUNDLE_EXTENSIONS_FOLDER_PATH = Extensions
               BUNDLE_FORMAT = shallow
               BUNDLE_FRAMEWORKS_FOLDER_PATH = Frameworks
               BUNDLE_PLUGINS_FOLDER_PATH = PlugIns
               BUNDLE_PRIVATE_HEADERS_FOLDER_PATH = PrivateHeaders
               BUNDLE_PUBLIC_HEADERS_FOLDER_PATH = Headers
               CACHE_ROOT = /var/folders/20/skb3d8qx2hn9r9z8036y32g40000gp/C/com.apple.DeveloperTools/16.0-16A242d/Xcode
               CCHROOT = /var/folders/20/skb3d8qx2hn9r9z8036y32g40000gp/C/com.apple.DeveloperTools/16.0-16A242d/Xcode
               CHMOD = /bin/chmod
               CHOWN = /usr/sbin/chown
               CLANG_ANALYZER_LOCALIZABILITY_NONLOCALIZED = YES
               CLANG_ANALYZER_NONNULL = YES
               CLANG_ANALYZER_NUMBER_OBJECT_CONVERSION = YES_AGGRESSIVE
               CLANG_CACHE_FINE_GRAINED_OUTPUTS = YES
               CLANG_CXX_LANGUAGE_STANDARD = gnu++14
               CLANG_CXX_LIBRARY = libc++
               CLANG_ENABLE_EXPLICIT_MODULES = YES
               CLANG_ENABLE_MODULES = YES
               CLANG_ENABLE_OBJC_ARC = YES
               CLANG_ENABLE_OBJC_WEAK = NO
               CLANG_MODULES_BUILD_SESSION_FILE = /var/folders/20/skb3d8qx2hn9r9z8036y32g40000gp/C/org.llvm.clang/ModuleCache.noindex/Session.modulevalidation
               CLANG_WARN_BLOCK_CAPTURE_AUTORELEASING = YES
               CLANG_WARN_BOOL_CONVERSION = YES
               CLANG_WARN_COMMA = YES
               CLANG_WARN_CONSTANT_CONVERSION = YES
               CLANG_WARN_DEPRECATED_OBJC_IMPLEMENTATIONS = YES
               CLANG_WARN_DIRECT_OBJC_ISA_USAGE = YES_ERROR
               CLANG_WARN_DOCUMENTATION_COMMENTS = YES
               CLANG_WARN_EMPTY_BODY = YES
               CLANG_WARN_ENUM_CONVERSION = YES
               CLANG_WARN_INFINITE_RECURSION = YES
               CLANG_WARN_INT_CONVERSION = YES
               CLANG_WARN_NON_LITERAL_NULL_CONVERSION = YES
               CLANG_WARN_OBJC_IMPLICIT_RETAIN_SELF = YES
               CLANG_WARN_OBJC_LITERAL_CONVERSION = YES
               CLANG_WARN_OBJC_ROOT_CLASS = YES_ERROR
               CLANG_WARN_QUOTED_INCLUDE_IN_FRAMEWORK_HEADER = NO
               CLANG_WARN_RANGE_LOOP_ANALYSIS = YES
               CLANG_WARN_STRICT_PROTOTYPES = YES
               CLANG_WARN_SUSPICIOUS_MOVE = YES
               CLANG_WARN_UNGUARDED_AVAILABILITY = YES_AGGRESSIVE
               CLANG_WARN_UNREACHABLE_CODE = YES
               CLANG_WARN__DUPLICATE_METHOD_MATCH = YES
               CLASS_FILE_DIR = /Users/carl.stanley/sites/UKCPA/ukcpa_flutter/build/ios/Pods.build/Release-iphonesimulator/url_launcher_ios.build/JavaClasses
               CLEAN_PRECOMPS = YES
               CLONE_HEADERS = NO
               CODESIGNING_FOLDER_PATH = /Users/carl.stanley/sites/UKCPA/ukcpa_flutter/build/ios/Release-iphonesimulator/url_launcher_ios/url_launcher_ios.framework
               CODE_SIGNING_ALLOWED = YES
               CODE_SIGNING_REQUIRED = NO
               CODE_SIGNING_REQUIRES_TEAM = YES
               CODE_SIGN_CONTEXT_CLASS = XCiPhoneSimulatorCodeSignContext
               CODE_SIGN_IDENTITY = -
               CODE_SIGN_INJECT_BASE_ENTITLEMENTS = YES
               COLOR_DIAGNOSTICS = NO
               COMBINE_HIDPI_IMAGES = NO
               COMPILATION_CACHE_CAS_PATH = /var/folders/20/skb3d8qx2hn9r9z8036y32g40000gp/C/com.apple.DeveloperTools/16.0-16A242d/Xcode/CompilationCache.noindex
               COMPILATION_CACHE_KEEP_CAS_DIRECTORY = YES
               COMPILER_INDEX_STORE_ENABLE = Default
               COMPOSITE_SDK_DIRS = /Users/carl.stanley/sites/UKCPA/ukcpa_flutter/build/ios/CompositeSDKs
               COMPRESS_PNG_FILES = YES
               CONFIGURATION = Release
               CONFIGURATION_BUILD_DIR = /Users/carl.stanley/sites/UKCPA/ukcpa_flutter/build/ios/Release-iphonesimulator/url_launcher_ios
               CONFIGURATION_TEMP_DIR = /Users/carl.stanley/sites/UKCPA/ukcpa_flutter/build/ios/Pods.build/Release-iphonesimulator
               CONTENTS_FOLDER_PATH = url_launcher_ios.framework
               CONTENTS_FOLDER_PATH_SHALLOW_BUNDLE_NO = url_launcher_ios.framework/A
               CONTENTS_FOLDER_PATH_SHALLOW_BUNDLE_YES = url_launcher_ios.framework
               COPYING_PRESERVES_HFS_DATA = NO
               COPY_HEADERS_RUN_UNIFDEF = NO
               COPY_PHASE_STRIP = NO
               CORRESPONDING_DEVICE_PLATFORM_DIR = /Applications/Xcode.app/Contents/Developer/Platforms/iPhoneOS.platform
               CORRESPONDING_DEVICE_PLATFORM_NAME = iphoneos
               CORRESPONDING_DEVICE_SDK_DIR = /Applications/Xcode.app/Contents/Developer/Platforms/iPhoneOS.platform/Developer/SDKs/iPhoneOS18.0.sdk
               CORRESPONDING_DEVICE_SDK_NAME = iphoneos18.0
               CP = /bin/cp
               CREATE_INFOPLIST_SECTION_IN_BINARY = NO
               CURRENT_ARCH = undefined_arch
               CURRENT_PROJECT_VERSION = 1
               CURRENT_VARIANT = normal
               CURRENT_VERSION = Current
               DEAD_CODE_STRIPPING = YES
               DEBUGGING_SYMBOLS = YES
               DEBUG_INFORMATION_FORMAT = dwarf-with-dsym
               DEBUG_INFORMATION_VERSION = compiler-default
               DEFAULT_COMPILER = com.apple.compilers.llvm.clang.1_0
               DEFAULT_DEXT_INSTALL_PATH = /System/Library/DriverExtensions
               DEFAULT_KEXT_INSTALL_PATH = /System/Library/Extensions
               DEFINES_MODULE = YES
               DEPLOYMENT_LOCATION = NO
               DEPLOYMENT_POSTPROCESSING = NO
               DEPLOYMENT_TARGET_SETTING_NAME = IPHONEOS_DEPLOYMENT_TARGET
               DEPLOYMENT_TARGET_SUGGESTED_VALUES = 12.0 12.1 12.2 12.3 12.4 13.0 13.1 13.2 13.3 13.4 13.5 13.6 14.0 14.1 14.2 14.3 14.4 14.5 14.6 14.7 15.0 15.1 15.2 15.3 15.4 15.5 15.6 16.0 16.1 16.2 16.3 16.4 16.5 16.6 17.0 17.1 17.2 17.3 17.4 17.5 17.6 18.0
               DERIVED_FILES_DIR = /Users/carl.stanley/sites/UKCPA/ukcpa_flutter/build/ios/Pods.build/Release-iphonesimulator/url_launcher_ios.build/DerivedSources
               DERIVED_FILE_DIR = /Users/carl.stanley/sites/UKCPA/ukcpa_flutter/build/ios/Pods.build/Release-iphonesimulator/url_launcher_ios.build/DerivedSources
               DERIVED_SOURCES_DIR = /Users/carl.stanley/sites/UKCPA/ukcpa_flutter/build/ios/Pods.build/Release-iphonesimulator/url_launcher_ios.build/DerivedSources
               DEVELOPER_APPLICATIONS_DIR = /Applications/Xcode.app/Contents/Developer/Applications
               DEVELOPER_BIN_DIR = /Applications/Xcode.app/Contents/Developer/usr/bin
               DEVELOPER_DIR = /Applications/Xcode.app/Contents/Developer
               DEVELOPER_FRAMEWORKS_DIR = /Applications/Xcode.app/Contents/Developer/Library/Frameworks
               DEVELOPER_FRAMEWORKS_DIR_QUOTED = /Applications/Xcode.app/Contents/Developer/Library/Frameworks
               DEVELOPER_LIBRARY_DIR = /Applications/Xcode.app/Contents/Developer/Library
               DEVELOPER_SDK_DIR = /Applications/Xcode.app/Contents/Developer/Platforms/MacOSX.platform/Developer/SDKs
               DEVELOPER_TOOLS_DIR = /Applications/Xcode.app/Contents/Developer/Tools
               DEVELOPER_USR_DIR = /Applications/Xcode.app/Contents/Developer/usr
               DEVELOPMENT_LANGUAGE = en
               DIFF = /usr/bin/diff
               DOCUMENTATION_FOLDER_PATH = url_launcher_ios.framework/en.lproj/Documentation
               DONT_GENERATE_INFOPLIST_FILE = NO
               DSTROOT = /tmp/Pods.dst
               DT_TOOLCHAIN_DIR = /Applications/Xcode.app/Contents/Developer/Toolchains/XcodeDefault.xctoolchain
               DWARF_DSYM_FILE_NAME = url_launcher_ios.framework.dSYM
               DWARF_DSYM_FILE_SHOULD_ACCOMPANY_PRODUCT = NO
               DWARF_DSYM_FOLDER_PATH = /Users/carl.stanley/sites/UKCPA/ukcpa_flutter/build/ios/Release-iphonesimulator/url_launcher_ios
               DYLIB_COMPATIBILITY_VERSION = 1
               DYLIB_CURRENT_VERSION = 1
               DYLIB_INSTALL_NAME_BASE = @rpath
               DYNAMIC_LIBRARY_EXTENSION = dylib
               EAGER_COMPILATION_ALLOW_SCRIPTS = NO
               EAGER_LINKING = NO
               EFFECTIVE_PLATFORM_NAME = -iphonesimulator
               EMBEDDED_CONTENT_CONTAINS_SWIFT = NO
               EMBED_ASSET_PACKS_IN_PRODUCT_BUNDLE = NO
               ENABLE_APP_SANDBOX = NO
               ENABLE_BITCODE = NO
               ENABLE_CODE_COVERAGE = YES
               ENABLE_DEFAULT_HEADER_SEARCH_PATHS = YES
               ENABLE_DEFAULT_SEARCH_PATHS = YES
               ENABLE_HARDENED_RUNTIME = NO
               ENABLE_HEADER_DEPENDENCIES = YES
               ENABLE_MODULE_VERIFIER = NO
               ENABLE_NS_ASSERTIONS = NO
               ENABLE_ON_DEMAND_RESOURCES = NO
               ENABLE_STRICT_OBJC_MSGSEND = YES
               ENABLE_TESTABILITY = NO
               ENABLE_TESTING_SEARCH_PATHS = NO
               ENABLE_USER_SCRIPT_SANDBOXING = NO
               ENTITLEMENTS_DESTINATION = __entitlements
               ENTITLEMENTS_REQUIRED = NO
               EXCLUDED_ARCHS =  i386
               EXCLUDED_INSTALLSRC_SUBDIRECTORY_PATTERNS = .DS_Store .svn .git .hg CVS
               EXCLUDED_RECURSIVE_SEARCH_PATH_SUBDIRECTORIES = *.nib *.lproj *.framework *.gch *.xcode* *.xcassets (*) .DS_Store CVS .svn .git .hg *.pbproj *.pbxproj
               EXECUTABLES_FOLDER_PATH = url_launcher_ios.framework/en.lproj
               EXECUTABLE_FOLDER_PATH = url_launcher_ios.framework
               EXECUTABLE_FOLDER_PATH_SHALLOW_BUNDLE_NO = url_launcher_ios.framework
               EXECUTABLE_FOLDER_PATH_SHALLOW_BUNDLE_YES = url_launcher_ios.framework
               EXECUTABLE_NAME = url_launcher_ios
               EXECUTABLE_PATH = url_launcher_ios.framework/url_launcher_ios
               EXTENSIONS_FOLDER_PATH = url_launcher_ios.framework/Extensions
               FILE_LIST = /Users/carl.stanley/sites/UKCPA/ukcpa_flutter/build/ios/Pods.build/Release-iphonesimulator/url_launcher_ios.build/Objects/LinkFileList
               FIXED_FILES_DIR = /Users/carl.stanley/sites/UKCPA/ukcpa_flutter/build/ios/Pods.build/Release-iphonesimulator/url_launcher_ios.build/FixedFiles
               FRAMEWORKS_FOLDER_PATH = url_launcher_ios.framework/Frameworks
               FRAMEWORK_FLAG_PREFIX = -framework
               FRAMEWORK_SEARCH_PATHS = /Users/carl.stanley/sites/UKCPA/ukcpa_flutter/build/ios/Release-iphonesimulator/url_launcher_ios "/Users/carl.stanley/development/flutter/bin/cache/artifacts/engine/ios-release/Flutter.xcframework/ios-arm64_x86_64-simulator" 
               FRAMEWORK_VERSION = A
               FULL_PRODUCT_NAME = url_launcher_ios.framework
               FUSE_BUILD_PHASES = YES
               FUSE_BUILD_SCRIPT_PHASES = NO
               GCC3_VERSION = 3.3
               GCC_C_LANGUAGE_STANDARD = gnu11
               GCC_INLINES_ARE_PRIVATE_EXTERN = YES
               GCC_NO_COMMON_BLOCKS = YES
               GCC_OBJC_LEGACY_DISPATCH = YES
               GCC_PFE_FILE_C_DIALECTS = c objective-c c++ objective-c++
               GCC_PREFIX_HEADER = Target Support Files/url_launcher_ios/url_launcher_ios-prefix.pch
               GCC_PREPROCESSOR_DEFINITIONS = POD_CONFIGURATION_RELEASE=1  COCOAPODS=1
               GCC_TREAT_WARNINGS_AS_ERRORS = NO
               GCC_VERSION = com.apple.compilers.llvm.clang.1_0
               GCC_VERSION_IDENTIFIER = com_apple_compilers_llvm_clang_1_0
               GCC_WARN_64_TO_32_BIT_CONVERSION = YES
               GCC_WARN_ABOUT_RETURN_TYPE = YES_ERROR
               GCC_WARN_UNDECLARED_SELECTOR = YES
               GCC_WARN_UNINITIALIZED_AUTOS = YES_AGGRESSIVE
               GCC_WARN_UNUSED_FUNCTION = YES
               GCC_WARN_UNUSED_VARIABLE = YES
               GENERATED_MODULEMAP_DIR = /Users/carl.stanley/sites/UKCPA/ukcpa_flutter/build/ios/GeneratedModuleMaps-iphonesimulator
               GENERATE_INFOPLIST_FILE = NO
               GENERATE_INTERMEDIATE_TEXT_BASED_STUBS = YES
               GENERATE_MASTER_OBJECT_FILE = NO
               GENERATE_PKGINFO_FILE = NO
               GENERATE_PROFILING_CODE = NO
               GENERATE_TEXT_BASED_STUBS = NO
               GID = 20
               GROUP = staff
               HEADERMAP_INCLUDES_FLAT_ENTRIES_FOR_TARGET_BEING_BUILT = YES
               HEADERMAP_INCLUDES_FRAMEWORK_ENTRIES_FOR_ALL_PRODUCT_TYPES = YES
               HEADERMAP_INCLUDES_FRAMEWORK_ENTRIES_FOR_TARGETS_NOT_BEING_BUILT = YES
               HEADERMAP_INCLUDES_NONPUBLIC_NONPRIVATE_HEADERS = YES
               HEADERMAP_INCLUDES_PROJECT_HEADERS = YES
               HEADERMAP_USES_FRAMEWORK_PREFIX_ENTRIES = YES
               HEADERMAP_USES_VFS = YES
               HEADER_SEARCH_PATHS = /Users/carl.stanley/sites/UKCPA/ukcpa_flutter/build/ios/Release-iphonesimulator/url_launcher_ios/include 
               HIDE_BITCODE_SYMBOLS = YES
               HOME = /Users/carl.stanley
               HOST_ARCH = arm64
               HOST_PLATFORM = macosx
               ICONV = /usr/bin/iconv
               IMPLICIT_DEPENDENCY_DOMAIN = default
               INFOPLIST_ENABLE_CFBUNDLEICONS_MERGE = YES
               INFOPLIST_EXPAND_BUILD_SETTINGS = YES
               INFOPLIST_FILE = Target Support Files/url_launcher_ios/url_launcher_ios-Info.plist
               INFOPLIST_OUTPUT_FORMAT = binary
               INFOPLIST_PATH = url_launcher_ios.framework/Info.plist
               INFOPLIST_PREPROCESS = NO
               INFOSTRINGS_PATH = url_launcher_ios.framework/en.lproj/InfoPlist.strings
               INLINE_PRIVATE_FRAMEWORKS = NO
               INSTALLHDRS_COPY_PHASE = NO
               INSTALLHDRS_SCRIPT_PHASE = NO
               INSTALL_DIR = /tmp/Pods.dst/Library/Frameworks
               INSTALL_GROUP = staff
               INSTALL_MODE_FLAG = u+w,go-w,a+rX
               INSTALL_OWNER = carl.stanley
               INSTALL_PATH = /Library/Frameworks
               INSTALL_ROOT = /tmp/Pods.dst
               IPHONEOS_DEPLOYMENT_TARGET = 13.0
               IS_UNOPTIMIZED_BUILD = NO
               JAVAC_DEFAULT_FLAGS = -J-Xms64m -J-XX:NewSize=4M -J-Dfile.encoding=UTF8
               JAVA_APP_STUB = /System/Library/Frameworks/JavaVM.framework/Resources/MacOS/JavaApplicationStub
               JAVA_ARCHIVE_CLASSES = YES
               JAVA_ARCHIVE_TYPE = JAR
               JAVA_COMPILER = /usr/bin/javac
               JAVA_FOLDER_PATH = url_launcher_ios.framework/Java
               JAVA_FRAMEWORK_RESOURCES_DIRS = Resources
               JAVA_JAR_FLAGS = cv
               JAVA_SOURCE_SUBDIR = .
               JAVA_USE_DEPENDENCIES = YES
               JAVA_ZIP_FLAGS = -urg
               JIKES_DEFAULT_FLAGS = +E +OLDCSO
               KEEP_PRIVATE_EXTERNS = NO
               LD_DEPENDENCY_INFO_FILE = /Users/carl.stanley/sites/UKCPA/ukcpa_flutter/build/ios/Pods.build/Release-iphonesimulator/url_launcher_ios.build/Objects-normal/undefined_arch/url_launcher_ios_dependency_info.dat
               LD_DYLIB_INSTALL_NAME = @rpath/url_launcher_ios.framework/url_launcher_ios
               LD_EXPORT_SYMBOLS = YES
               LD_GENERATE_MAP_FILE = NO
               LD_MAP_FILE_PATH = /Users/carl.stanley/sites/UKCPA/ukcpa_flutter/build/ios/Pods.build/Release-iphonesimulator/url_launcher_ios.build/url_launcher_ios-LinkMap-normal-undefined_arch.txt
               LD_NO_PIE = NO
               LD_QUOTE_LINKER_ARGUMENTS_FOR_COMPILER_DRIVER = YES
               LD_RUNPATH_SEARCH_PATHS =  /usr/lib/swift
               LD_SHARED_CACHE_ELIGIBLE = Automatic
               LD_WARN_DUPLICATE_LIBRARIES = NO
               LD_WARN_UNUSED_DYLIBS = NO
               LEGACY_DEVELOPER_DIR = /Applications/Xcode.app/Contents/PlugIns/Xcode3Core.ideplugin/Contents/SharedSupport/Developer
               LEX = lex
               LIBRARY_DEXT_INSTALL_PATH = /Library/DriverExtensions
               LIBRARY_FLAG_NOSPACE = YES
               LIBRARY_FLAG_PREFIX = -l
               LIBRARY_KEXT_INSTALL_PATH = /Library/Extensions
               LIBRARY_SEARCH_PATHS = /Users/carl.stanley/sites/UKCPA/ukcpa_flutter/build/ios/Release-iphonesimulator/url_launcher_ios /Applications/Xcode.app/Contents/Developer/Toolchains/XcodeDefault.xctoolchain/usr/lib/swift/iphonesimulator /Applications/Xcode.app/Contents/Developer/Platforms/iPhoneSimulator.platform/Developer/SDKs/iPhoneSimulator18.0.sdk/usr/lib/swift /Applications/Xcode.app/Contents/Developer/Toolchains/XcodeDefault.xctoolchain/usr/lib/swift/iphonesimulator/ /Applications/Xcode.app/Contents/Developer/Platforms/iPhoneSimulator.platform/Developer/SDKs/iPhoneSimulator18.0.sdk/usr/lib/swift
               LINKER_DISPLAYS_MANGLED_NAMES = NO
               LINK_FILE_LIST_normal_arm64 = /Users/carl.stanley/sites/UKCPA/ukcpa_flutter/build/ios/Pods.build/Release-iphonesimulator/url_launcher_ios.build/Objects-normal/arm64/url_launcher_ios.LinkFileList
               LINK_FILE_LIST_normal_x86_64 = /Users/carl.stanley/sites/UKCPA/ukcpa_flutter/build/ios/Pods.build/Release-iphonesimulator/url_launcher_ios.build/Objects-normal/x86_64/url_launcher_ios.LinkFileList
               LINK_OBJC_RUNTIME = YES
               LINK_WITH_STANDARD_LIBRARIES = YES
               LLVM_TARGET_TRIPLE_OS_VERSION = ios13.0
               LLVM_TARGET_TRIPLE_SUFFIX = -simulator
               LLVM_TARGET_TRIPLE_VENDOR = apple
               LM_AUX_CONST_METADATA_LIST_PATH_normal_arm64 = /Users/carl.stanley/sites/UKCPA/ukcpa_flutter/build/ios/Pods.build/Release-iphonesimulator/url_launcher_ios.build/Objects-normal/arm64/url_launcher_ios.SwiftConstValuesFileList
               LM_AUX_CONST_METADATA_LIST_PATH_normal_x86_64 = /Users/carl.stanley/sites/UKCPA/ukcpa_flutter/build/ios/Pods.build/Release-iphonesimulator/url_launcher_ios.build/Objects-normal/x86_64/url_launcher_ios.SwiftConstValuesFileList
               LOCALIZATION_EXPORT_SUPPORTED = YES
               LOCALIZATION_PREFERS_STRING_CATALOGS = NO
               LOCALIZED_RESOURCES_FOLDER_PATH = url_launcher_ios.framework/en.lproj
               LOCALIZED_STRING_MACRO_NAMES = NSLocalizedString CFCopyLocalizedString
               LOCALIZED_STRING_SWIFTUI_SUPPORT = YES
               LOCAL_ADMIN_APPS_DIR = /Applications/Utilities
               LOCAL_APPS_DIR = /Applications
               LOCAL_DEVELOPER_DIR = /Library/Developer
               LOCAL_LIBRARY_DIR = /Library
               LOCROOT = /Users/carl.stanley/sites/UKCPA/ukcpa_flutter/ios/Pods
               LOCSYMROOT = /Users/carl.stanley/sites/UKCPA/ukcpa_flutter/ios/Pods
               MACH_O_TYPE = mh_dylib
               MAC_OS_X_PRODUCT_BUILD_VERSION = 24G84
               MAC_OS_X_VERSION_ACTUAL = 150600
               MAC_OS_X_VERSION_MAJOR = 150000
               MAC_OS_X_VERSION_MINOR = 150600
               MAKE_MERGEABLE = NO
               MERGEABLE_LIBRARY = NO
               MERGED_BINARY_TYPE = none
               MERGE_LINKED_LIBRARIES = NO
               METAL_LIBRARY_FILE_BASE = default
               METAL_LIBRARY_OUTPUT_DIR = /Users/carl.stanley/sites/UKCPA/ukcpa_flutter/build/ios/Release-iphonesimulator/url_launcher_ios/url_launcher_ios.framework
               MODULEMAP_FILE = Target Support Files/url_launcher_ios/url_launcher_ios.modulemap
               MODULES_FOLDER_PATH = url_launcher_ios.framework/Modules
               MTL_ENABLE_DEBUG_INFO = NO
               MTL_FAST_MATH = YES
               NATIVE_ARCH = arm64
               NATIVE_ARCH_32_BIT = arm
               NATIVE_ARCH_64_BIT = arm64
               NATIVE_ARCH_ACTUAL = arm64
               NO_COMMON = YES
               OBJC_ABI_VERSION = 2
               OBJECT_FILE_DIR = /Users/carl.stanley/sites/UKCPA/ukcpa_flutter/build/ios/Pods.build/Release-iphonesimulator/url_launcher_ios.build/Objects
               OBJECT_FILE_DIR_normal = /Users/carl.stanley/sites/UKCPA/ukcpa_flutter/build/ios/Pods.build/Release-iphonesimulator/url_launcher_ios.build/Objects-normal
               OBJROOT = /Users/carl.stanley/sites/UKCPA/ukcpa_flutter/build/ios
               ONLY_ACTIVE_ARCH = NO
               OS = MACOS
               OSAC = /usr/bin/osacompile
               OTHER_LDFLAGS =  -framework Flutter
               OTHER_SWIFT_FLAGS =  -D COCOAPODS
               PACKAGE_TYPE = com.apple.package-type.wrapper.framework
               PASCAL_STRINGS = YES
               PATH = /Applications/Xcode.app/Contents/SharedFrameworks/XCBuild.framework/Versions/A/PlugIns/XCBBuildService.bundle/Contents/PlugIns/XCBSpecifications.ideplugin/Contents/Resources:/Applications/Xcode.app/Contents/SharedFrameworks/XCBuild.framework/Versions/A/PlugIns/XCBBuildService.bundle/Contents/PlugIns/XCBSpecifications.ideplugin:/Applications/Xcode.app/Contents/Developer/Toolchains/XcodeDefault.xctoolchain/usr/bin:/Applications/Xcode.app/Contents/Developer/Toolchains/XcodeDefault.xctoolchain/usr/appleinternal/bin:/Applications/Xcode.app/Contents/Developer/Toolchains/XcodeDefault.xctoolchain/usr/local/bin:/Applications/Xcode.app/Contents/Developer/Toolchains/XcodeDefault.xctoolchain/usr/libexec:/Applications/Xcode.app/Contents/Developer/Platforms/iPhoneSimulator.platform/usr/bin:/Applications/Xcode.app/Contents/Developer/Platforms/iPhoneSimulator.platform/usr/appleinternal/bin:/Applications/Xcode.app/Contents/Developer/Platforms/iPhoneSimulator.platform/usr/local/bin:/Applications/Xcode.app/Contents/Developer/Platforms/iPhoneSimulator.platform/Developer/usr/bin:/Applications/Xcode.app/Contents/Developer/Platforms/iPhoneSimulator.platform/Developer/usr/local/bin:/Applications/Xcode.app/Contents/Developer/usr/bin:/Applications/Xcode.app/Contents/Developer/usr/local/bin:/opt/homebrew/Cellar/pyenv-virtualenv/1.2.4/shims:/Users/carl.stanley/.pyenv/shims:/Users/carl.stanley/.pyenv/bin:/Users/carl.stanley/.nvm/versions/node/v18.17.0/bin:/Users/carl.stanley/development/flutter/bin:/opt/homebrew/bin:/opt/homebrew/sbin:/Users/carl.stanley/.local/bin:/usr/local/bin:/System/Cryptexes/App/usr/bin:/usr/bin:/bin:/usr/sbin:/sbin:/var/run/com.apple.security.cryptexd/codex.system/bootstrap/usr/local/bin:/var/run/com.apple.security.cryptexd/codex.system/bootstrap/usr/bin:/var/run/com.apple.security.cryptexd/codex.system/bootstrap/usr/appleinternal/bin:/Library/Apple/usr/bin:/usr/local/sbin:/usr/local/go/bin:/Users/carl.stanley/.pub-cache/bin
               PATH_PREFIXES_EXCLUDED_FROM_HEADER_DEPENDENCIES = /usr/include /usr/local/include /System/Library/Frameworks /System/Library/PrivateFrameworks /Applications/Xcode.app/Contents/Developer/Headers /Applications/Xcode.app/Contents/Developer/SDKs /Applications/Xcode.app/Contents/Developer/Platforms
               PBDEVELOPMENTPLIST_PATH = url_launcher_ios.framework/pbdevelopment.plist
               PER_ARCH_OBJECT_FILE_DIR = /Users/carl.stanley/sites/UKCPA/ukcpa_flutter/build/ios/Pods.build/Release-iphonesimulator/url_launcher_ios.build/Objects-normal/undefined_arch
               PER_VARIANT_OBJECT_FILE_DIR = /Users/carl.stanley/sites/UKCPA/ukcpa_flutter/build/ios/Pods.build/Release-iphonesimulator/url_launcher_ios.build/Objects-normal
               PKGINFO_FILE_PATH = /Users/carl.stanley/sites/UKCPA/ukcpa_flutter/build/ios/Pods.build/Release-iphonesimulator/url_launcher_ios.build/PkgInfo
               PKGINFO_PATH = url_launcher_ios.framework/PkgInfo
               PLATFORM_DEVELOPER_APPLICATIONS_DIR = /Applications/Xcode.app/Contents/Developer/Platforms/iPhoneSimulator.platform/Developer/Applications
               PLATFORM_DEVELOPER_BIN_DIR = /Applications/Xcode.app/Contents/Developer/Platforms/iPhoneSimulator.platform/Developer/usr/bin
               PLATFORM_DEVELOPER_LIBRARY_DIR = /Applications/Xcode.app/Contents/Developer/Platforms/iPhoneSimulator.platform/Developer/Library
               PLATFORM_DEVELOPER_SDK_DIR = /Applications/Xcode.app/Contents/Developer/Platforms/iPhoneSimulator.platform/Developer/SDKs
               PLATFORM_DEVELOPER_TOOLS_DIR = /Applications/Xcode.app/Contents/Developer/Platforms/iPhoneSimulator.platform/Developer/Tools
               PLATFORM_DEVELOPER_USR_DIR = /Applications/Xcode.app/Contents/Developer/Platforms/iPhoneSimulator.platform/Developer/usr
               PLATFORM_DIR = /Applications/Xcode.app/Contents/Developer/Platforms/iPhoneSimulator.platform
               PLATFORM_DISPLAY_NAME = iOS Simulator
               PLATFORM_FAMILY_NAME = iOS
               PLATFORM_NAME = iphonesimulator
               PLATFORM_PREFERRED_ARCH = x86_64
               PLATFORM_PRODUCT_BUILD_VERSION = 22A3362
               PLIST_FILE_OUTPUT_FORMAT = binary
               PLUGINS_FOLDER_PATH = url_launcher_ios.framework/PlugIns
               PODS_BUILD_DIR = /Users/carl.stanley/sites/UKCPA/ukcpa_flutter/build/ios
               PODS_CONFIGURATION_BUILD_DIR = /Users/carl.stanley/sites/UKCPA/ukcpa_flutter/build/ios/Release-iphonesimulator
               PODS_DEVELOPMENT_LANGUAGE = en
               PODS_ROOT = /Users/carl.stanley/sites/UKCPA/ukcpa_flutter/ios/Pods
               PODS_TARGET_SRCROOT = /Users/carl.stanley/sites/UKCPA/ukcpa_flutter/ios/Pods/../.symlinks/plugins/url_launcher_ios/ios
               PODS_XCFRAMEWORKS_BUILD_DIR = /Users/carl.stanley/sites/UKCPA/ukcpa_flutter/build/ios/Release-iphonesimulator/XCFrameworkIntermediates
               PRECOMPS_INCLUDE_HEADERS_FROM_BUILT_PRODUCTS_DIR = YES
               PRECOMP_DESTINATION_DIR = /Users/carl.stanley/sites/UKCPA/ukcpa_flutter/build/ios/Pods.build/Release-iphonesimulator/url_launcher_ios.build/PrefixHeaders
               PRIVATE_HEADERS_FOLDER_PATH = url_launcher_ios.framework/PrivateHeaders
               PROCESSED_INFOPLIST_PATH = /Users/carl.stanley/sites/UKCPA/ukcpa_flutter/build/ios/Pods.build/Release-iphonesimulator/url_launcher_ios.build/Objects-normal/undefined_arch/Processed-Info.plist
               PRODUCT_BUNDLE_IDENTIFIER = org.cocoapods.url-launcher-ios
               PRODUCT_BUNDLE_PACKAGE_TYPE = FMWK
               PRODUCT_MODULE_NAME = url_launcher_ios
               PRODUCT_NAME = url_launcher_ios
               PRODUCT_SETTINGS_PATH = /Users/carl.stanley/sites/UKCPA/ukcpa_flutter/ios/Pods/Target Support Files/url_launcher_ios/url_launcher_ios-Info.plist
               PRODUCT_TYPE = com.apple.product-type.framework
               PROFILING_CODE = NO
               PROJECT = Pods
               PROJECT_DERIVED_FILE_DIR = /Users/carl.stanley/sites/UKCPA/ukcpa_flutter/build/ios/Pods.build/DerivedSources
               PROJECT_DIR = /Users/carl.stanley/sites/UKCPA/ukcpa_flutter/ios/Pods
               PROJECT_FILE_PATH = /Users/carl.stanley/sites/UKCPA/ukcpa_flutter/ios/Pods/Pods.xcodeproj
               PROJECT_GUID = bfdfe7dc352907fc980b868725387e98
               PROJECT_NAME = Pods
               PROJECT_TEMP_DIR = /Users/carl.stanley/sites/UKCPA/ukcpa_flutter/build/ios/Pods.build
               PROJECT_TEMP_ROOT = /Users/carl.stanley/sites/UKCPA/ukcpa_flutter/build/ios
               PUBLIC_HEADERS_FOLDER_PATH = url_launcher_ios.framework/Headers
               RECOMMENDED_IPHONEOS_DEPLOYMENT_TARGET = 15.0
               RECURSIVE_SEARCH_PATHS_FOLLOW_SYMLINKS = YES
               REMOVE_CVS_FROM_RESOURCES = YES
               REMOVE_GIT_FROM_RESOURCES = YES
               REMOVE_HEADERS_FROM_EMBEDDED_BUNDLES = YES
               REMOVE_HG_FROM_RESOURCES = YES
               REMOVE_STATIC_EXECUTABLES_FROM_EMBEDDED_BUNDLES = YES
               REMOVE_SVN_FROM_RESOURCES = YES
               RESCHEDULE_INDEPENDENT_HEADERS_PHASES = YES
               REZ_COLLECTOR_DIR = /Users/carl.stanley/sites/UKCPA/ukcpa_flutter/build/ios/Pods.build/Release-iphonesimulator/url_launcher_ios.build/ResourceManagerResources
               REZ_OBJECTS_DIR = /Users/carl.stanley/sites/UKCPA/ukcpa_flutter/build/ios/Pods.build/Release-iphonesimulator/url_launcher_ios.build/ResourceManagerResources/Objects
               REZ_SEARCH_PATHS = /Users/carl.stanley/sites/UKCPA/ukcpa_flutter/build/ios/Release-iphonesimulator/url_launcher_ios 
               SCAN_ALL_SOURCE_FILES_FOR_INCLUDES = NO
               SCRIPTS_FOLDER_PATH = url_launcher_ios.framework/Scripts
               SDKROOT = /Applications/Xcode.app/Contents/Developer/Platforms/iPhoneSimulator.platform/Developer/SDKs/iPhoneSimulator18.0.sdk
               SDK_DIR = /Applications/Xcode.app/Contents/Developer/Platforms/iPhoneSimulator.platform/Developer/SDKs/iPhoneSimulator18.0.sdk
               SDK_DIR_iphonesimulator = /Applications/Xcode.app/Contents/Developer/Platforms/iPhoneSimulator.platform/Developer/SDKs/iPhoneSimulator18.0.sdk
               SDK_DIR_iphonesimulator18_0 = /Applications/Xcode.app/Contents/Developer/Platforms/iPhoneSimulator.platform/Developer/SDKs/iPhoneSimulator18.0.sdk
               SDK_NAME = iphonesimulator18.0
               SDK_NAMES = iphonesimulator18.0
               SDK_PRODUCT_BUILD_VERSION = 22A3362
               SDK_STAT_CACHE_DIR = /var/folders/20/skb3d8qx2hn9r9z8036y32g40000gp/C/com.apple.DeveloperTools/16.0-16A242d/Xcode
               SDK_STAT_CACHE_ENABLE = YES
               SDK_STAT_CACHE_PATH = /var/folders/20/skb3d8qx2hn9r9z8036y32g40000gp/C/com.apple.DeveloperTools/16.0-16A242d/Xcode/SDKStatCaches.noindex/iphonesimulator18.0-22A3362-db63dc9361471f152f572502bdbfe70a.sdkstatcache
               SDK_VERSION = 18.0
               SDK_VERSION_ACTUAL = 180000
               SDK_VERSION_MAJOR = 180000
               SDK_VERSION_MINOR = 180000
               SED = /usr/bin/sed
               SEPARATE_STRIP = NO
               SEPARATE_SYMBOL_EDIT = NO
               SET_DIR_MODE_OWNER_GROUP = YES
               SET_FILE_MODE_OWNER_GROUP = NO
               SHALLOW_BUNDLE = YES
               SHALLOW_BUNDLE_TRIPLE = ios-simulator
               SHALLOW_BUNDLE_ios_macabi = NO
               SHALLOW_BUNDLE_macos = NO
               SHARED_DERIVED_FILE_DIR = /Users/carl.stanley/sites/UKCPA/ukcpa_flutter/build/ios/Release-iphonesimulator/url_launcher_ios/DerivedSources
               SHARED_FRAMEWORKS_FOLDER_PATH = url_launcher_ios.framework/SharedFrameworks
               SHARED_PRECOMPS_DIR = /Users/carl.stanley/sites/UKCPA/ukcpa_flutter/build/ios/SharedPrecompiledHeaders
               SHARED_SUPPORT_FOLDER_PATH = url_launcher_ios.framework
               SKIP_INSTALL = YES
               SOURCE_ROOT = /Users/carl.stanley/sites/UKCPA/ukcpa_flutter/ios/Pods
               SRCROOT = /Users/carl.stanley/sites/UKCPA/ukcpa_flutter/ios/Pods
               STRINGSDATA_DIR = /Users/carl.stanley/sites/UKCPA/ukcpa_flutter/build/ios/Pods.build/Release-iphonesimulator/url_launcher_ios.build/Objects-normal/undefined_arch
               STRINGSDATA_ROOT = /Users/carl.stanley/sites/UKCPA/ukcpa_flutter/build/ios/Pods.build/Release-iphonesimulator/url_launcher_ios.build
               STRINGS_FILE_INFOPLIST_RENAME = YES
               STRINGS_FILE_OUTPUT_ENCODING = binary
               STRIP_BITCODE_FROM_COPIED_FILES = NO
               STRIP_INSTALLED_PRODUCT = NO
               STRIP_STYLE = debugging
               STRIP_SWIFT_SYMBOLS = YES
               SUPPORTED_DEVICE_FAMILIES = 1,2
               SUPPORTED_PLATFORMS = iphoneos iphonesimulator
               SUPPORTS_TEXT_BASED_API = NO
               SUPPRESS_WARNINGS = NO
               SWIFT_ACTIVE_COMPILATION_CONDITIONS =  
               SWIFT_COMPILATION_MODE = wholemodule
               SWIFT_EMIT_LOC_STRINGS = NO
               SWIFT_INSTALL_MODULE_FOR_DEPLOYMENT = YES
               SWIFT_INSTALL_OBJC_HEADER = YES
               SWIFT_OPTIMIZATION_LEVEL = -O
               SWIFT_PLATFORM_TARGET_PREFIX = ios
               SWIFT_RESPONSE_FILE_PATH_normal_arm64 = /Users/carl.stanley/sites/UKCPA/ukcpa_flutter/build/ios/Pods.build/Release-iphonesimulator/url_launcher_ios.build/Objects-normal/arm64/url_launcher_ios.SwiftFileList
               SWIFT_RESPONSE_FILE_PATH_normal_x86_64 = /Users/carl.stanley/sites/UKCPA/ukcpa_flutter/build/ios/Pods.build/Release-iphonesimulator/url_launcher_ios.build/Objects-normal/x86_64/url_launcher_ios.SwiftFileList
               SWIFT_VERSION = 5.0
               SYMROOT = /Users/carl.stanley/sites/UKCPA/ukcpa_flutter/ios/build
               SYSTEM_ADMIN_APPS_DIR = /Applications/Utilities
               SYSTEM_APPS_DIR = /Applications
               SYSTEM_CORE_SERVICES_DIR = /System/Library/CoreServices
               SYSTEM_DEMOS_DIR = /Applications/Extras
               SYSTEM_DEVELOPER_APPS_DIR = /Applications/Xcode.app/Contents/Developer/Applications
               SYSTEM_DEVELOPER_BIN_DIR = /Applications/Xcode.app/Contents/Developer/usr/bin
               SYSTEM_DEVELOPER_DEMOS_DIR = /Applications/Xcode.app/Contents/Developer/Applications/Utilities/Built Examples
               SYSTEM_DEVELOPER_DIR = /Applications/Xcode.app/Contents/Developer
               SYSTEM_DEVELOPER_DOC_DIR = /Applications/Xcode.app/Contents/Developer/ADC Reference Library
               SYSTEM_DEVELOPER_GRAPHICS_TOOLS_DIR = /Applications/Xcode.app/Contents/Developer/Applications/Graphics Tools
               SYSTEM_DEVELOPER_JAVA_TOOLS_DIR = /Applications/Xcode.app/Contents/Developer/Applications/Java Tools
               SYSTEM_DEVELOPER_PERFORMANCE_TOOLS_DIR = /Applications/Xcode.app/Contents/Developer/Applications/Performance Tools
               SYSTEM_DEVELOPER_RELEASENOTES_DIR = /Applications/Xcode.app/Contents/Developer/ADC Reference Library/releasenotes
               SYSTEM_DEVELOPER_TOOLS = /Applications/Xcode.app/Contents/Developer/Tools
               SYSTEM_DEVELOPER_TOOLS_DOC_DIR = /Applications/Xcode.app/Contents/Developer/ADC Reference Library/documentation/DeveloperTools
               SYSTEM_DEVELOPER_TOOLS_RELEASENOTES_DIR = /Applications/Xcode.app/Contents/Developer/ADC Reference Library/releasenotes/DeveloperTools
               SYSTEM_DEVELOPER_USR_DIR = /Applications/Xcode.app/Contents/Developer/usr
               SYSTEM_DEVELOPER_UTILITIES_DIR = /Applications/Xcode.app/Contents/Developer/Applications/Utilities
               SYSTEM_DEXT_INSTALL_PATH = /System/Library/DriverExtensions
               SYSTEM_DOCUMENTATION_DIR = /Library/Documentation
               SYSTEM_EXTENSIONS_FOLDER_PATH = url_launcher_ios.framework/SystemExtensions
               SYSTEM_EXTENSIONS_FOLDER_PATH_SHALLOW_BUNDLE_NO = url_launcher_ios.framework/Library/SystemExtensions
               SYSTEM_EXTENSIONS_FOLDER_PATH_SHALLOW_BUNDLE_YES = url_launcher_ios.framework/SystemExtensions
               SYSTEM_KEXT_INSTALL_PATH = /System/Library/Extensions
               SYSTEM_LIBRARY_DIR = /System/Library
               TAPI_DEMANGLE = YES
               TAPI_ENABLE_PROJECT_HEADERS = NO
               TAPI_LANGUAGE = objective-c
               TAPI_LANGUAGE_STANDARD = compiler-default
               TAPI_USE_SRCROOT = YES
               TAPI_VERIFY_MODE = Pedantic
               TARGETED_DEVICE_FAMILY = 1,2
               TARGETNAME = url_launcher_ios
               TARGET_BUILD_DIR = /Users/carl.stanley/sites/UKCPA/ukcpa_flutter/build/ios/Release-iphonesimulator/url_launcher_ios
               TARGET_NAME = url_launcher_ios
               TARGET_TEMP_DIR = /Users/carl.stanley/sites/UKCPA/ukcpa_flutter/build/ios/Pods.build/Release-iphonesimulator/url_launcher_ios.build
               TEMP_DIR = /Users/carl.stanley/sites/UKCPA/ukcpa_flutter/build/ios/Pods.build/Release-iphonesimulator/url_launcher_ios.build
               TEMP_FILES_DIR = /Users/carl.stanley/sites/UKCPA/ukcpa_flutter/build/ios/Pods.build/Release-iphonesimulator/url_launcher_ios.build
               TEMP_FILE_DIR = /Users/carl.stanley/sites/UKCPA/ukcpa_flutter/build/ios/Pods.build/Release-iphonesimulator/url_launcher_ios.build
               TEMP_ROOT = /Users/carl.stanley/sites/UKCPA/ukcpa_flutter/build/ios
               TEST_FRAMEWORK_SEARCH_PATHS =  /Applications/Xcode.app/Contents/Developer/Platforms/iPhoneSimulator.platform/Developer/Library/Frameworks /Applications/Xcode.app/Contents/Developer/Platforms/iPhoneSimulator.platform/Developer/SDKs/iPhoneSimulator18.0.sdk/Developer/Library/Frameworks
               TEST_LIBRARY_SEARCH_PATHS =  /Applications/Xcode.app/Contents/Developer/Platforms/iPhoneSimulator.platform/Developer/usr/lib
               TOOLCHAINS = com.apple.dt.toolchain.XcodeDefault
               TOOLCHAIN_DIR = /Applications/Xcode.app/Contents/Developer/Toolchains/XcodeDefault.xctoolchain
               TREAT_MISSING_BASELINES_AS_TEST_FAILURES = NO
               TREAT_MISSING_SCRIPT_PHASE_OUTPUTS_AS_ERRORS = NO
               UID = 502
               UNINSTALLED_PRODUCTS_DIR = /Users/carl.stanley/sites/UKCPA/ukcpa_flutter/build/ios/UninstalledProducts
               UNLOCALIZED_RESOURCES_FOLDER_PATH = url_launcher_ios.framework
               UNLOCALIZED_RESOURCES_FOLDER_PATH_SHALLOW_BUNDLE_NO = url_launcher_ios.framework/Resources
               UNLOCALIZED_RESOURCES_FOLDER_PATH_SHALLOW_BUNDLE_YES = url_launcher_ios.framework
               UNSTRIPPED_PRODUCT = NO
               USER = carl.stanley
               USER_APPS_DIR = /Users/carl.stanley/Applications
               USER_LIBRARY_DIR = /Users/carl.stanley/Library
               USE_DYNAMIC_NO_PIC = YES
               USE_HEADERMAP = YES
               USE_HEADER_SYMLINKS = NO
               USE_RECURSIVE_SCRIPT_INPUTS_IN_SCRIPT_PHASES = YES
               VALIDATE_DEVELOPMENT_ASSET_PATHS = YES_ERROR
               VALIDATE_PRODUCT = YES
               VALID_ARCHS = arm64 x86_64
               VERBOSE_PBXCP = NO
               VERSIONING_SYSTEM = apple-generic
               VERSIONPLIST_PATH = url_launcher_ios.framework/version.plist
               VERSIONS_FOLDER_PATH = url_launcher_ios.framework
               VERSIONS_FOLDER_PATH_SHALLOW_BUNDLE_NO = url_launcher_ios.framework/Versions
               VERSIONS_FOLDER_PATH_SHALLOW_BUNDLE_YES = url_launcher_ios.framework
               VERSION_INFO_BUILDER = carl.stanley
               VERSION_INFO_FILE = url_launcher_ios_vers.c
               VERSION_INFO_STRING = "@(#)PROGRAM:url_launcher_ios  PROJECT:Pods-1"
               WORKSPACE_DIR = /Users/carl.stanley/sites/UKCPA/ukcpa_flutter/ios/Pods/Pods.xcodeproj
               WRAPPER_EXTENSION = framework
               WRAPPER_NAME = url_launcher_ios.framework
               WRAPPER_SUFFIX = .framework
               WRAP_ASSET_PACKS_IN_SEPARATE_DIRECTORIES = NO
               XCODE_APP_SUPPORT_DIR = /Applications/Xcode.app/Contents/Developer/Library/Xcode
               XCODE_PRODUCT_BUILD_VERSION = 16A242d
               XCODE_VERSION_ACTUAL = 1600
               XCODE_VERSION_MAJOR = 1600
               XCODE_VERSION_MINOR = 1600
               XPCSERVICES_FOLDER_PATH = url_launcher_ios.framework/XPCServices
               YACC = yacc
               _WRAPPER_CONTENTS_DIR_SHALLOW_BUNDLE_NO = /Contents
               _WRAPPER_PARENT_PATH_SHALLOW_BUNDLE_NO = /..
               _WRAPPER_RESOURCES_DIR_SHALLOW_BUNDLE_NO = /Resources
               arch = undefined_arch
               variant = normal

           Build settings for action build and target url_launcher_ios-url_launcher_ios_privacy:
               ACTION = build
               AD_HOC_CODE_SIGNING_ALLOWED = YES
               ALLOW_BUILD_REQUEST_OVERRIDES = NO
               ALLOW_TARGET_PLATFORM_SPECIALIZATION = NO
               ALTERNATE_GROUP = staff
               ALTERNATE_MODE = u+w,go-w,a+rX
               ALTERNATE_OWNER = carl.stanley
               ALTERNATIVE_DISTRIBUTION_WEB = NO
               ALWAYS_EMBED_SWIFT_STANDARD_LIBRARIES = NO
               ALWAYS_SEARCH_USER_PATHS = NO
               ALWAYS_USE_SEPARATE_HEADERMAPS = NO
               APPLE_INTERNAL_DEVELOPER_DIR = /AppleInternal/Developer
               APPLE_INTERNAL_DIR = /AppleInternal
               APPLE_INTERNAL_DOCUMENTATION_DIR = /AppleInternal/Documentation
               APPLE_INTERNAL_LIBRARY_DIR = /AppleInternal/Library
               APPLE_INTERNAL_TOOLS = /AppleInternal/Developer/Tools
               APPLICATION_EXTENSION_API_ONLY = NO
               APPLY_RULES_IN_COPY_FILES = NO
               APPLY_RULES_IN_COPY_HEADERS = NO
               APP_SHORTCUTS_ENABLE_FLEXIBLE_MATCHING = YES
               ARCHS = arm64 x86_64
               ARCHS_STANDARD = arm64 x86_64
               ARCHS_STANDARD_32_64_BIT = arm64 i386 x86_64
               ARCHS_STANDARD_32_BIT = i386
               ARCHS_STANDARD_64_BIT = arm64 x86_64
               ARCHS_STANDARD_INCLUDING_64_BIT = arm64 x86_64
               ARCHS_UNIVERSAL_IPHONE_OS = arm64 i386 x86_64
               ASSETCATALOG_COMPILER_GENERATE_ASSET_SYMBOLS = YES
               AUTOMATICALLY_MERGE_DEPENDENCIES = NO
               AVAILABLE_PLATFORMS = appletvos appletvsimulator driverkit iphoneos iphonesimulator macosx watchos watchsimulator xros xrsimulator
               BITCODE_GENERATION_MODE = marker
               BUILD_ACTIVE_RESOURCES_ONLY = NO
               BUILD_COMPONENTS = headers build
               BUILD_DIR = /Users/carl.stanley/sites/UKCPA/ukcpa_flutter/build/ios
               BUILD_LIBRARY_FOR_DISTRIBUTION = NO
               BUILD_ROOT = /Users/carl.stanley/sites/UKCPA/ukcpa_flutter/ios/build
               BUILD_STYLE = 
               BUILD_VARIANTS = normal
               BUILT_PRODUCTS_DIR = /Users/carl.stanley/sites/UKCPA/ukcpa_flutter/build/ios/Release-iphonesimulator/url_launcher_ios
               BUNDLE_CONTENTS_FOLDER_PATH_deep = Contents/
               BUNDLE_EXECUTABLE_FOLDER_NAME_deep = MacOS
               BUNDLE_EXTENSIONS_FOLDER_PATH = Extensions
               BUNDLE_FORMAT = shallow
               BUNDLE_FRAMEWORKS_FOLDER_PATH = Frameworks
               BUNDLE_PLUGINS_FOLDER_PATH = PlugIns
               BUNDLE_PRIVATE_HEADERS_FOLDER_PATH = PrivateHeaders
               BUNDLE_PUBLIC_HEADERS_FOLDER_PATH = Headers
               CACHE_ROOT = /var/folders/20/skb3d8qx2hn9r9z8036y32g40000gp/C/com.apple.DeveloperTools/16.0-16A242d/Xcode
               CCHROOT = /var/folders/20/skb3d8qx2hn9r9z8036y32g40000gp/C/com.apple.DeveloperTools/16.0-16A242d/Xcode
               CHMOD = /bin/chmod
               CHOWN = /usr/sbin/chown
               CLANG_ANALYZER_LOCALIZABILITY_NONLOCALIZED = YES
               CLANG_ANALYZER_NONNULL = YES
               CLANG_ANALYZER_NUMBER_OBJECT_CONVERSION = YES_AGGRESSIVE
               CLANG_CACHE_FINE_GRAINED_OUTPUTS = YES
               CLANG_CXX_LANGUAGE_STANDARD = gnu++14
               CLANG_CXX_LIBRARY = libc++
               CLANG_ENABLE_EXPLICIT_MODULES = YES
               CLANG_ENABLE_MODULES = YES
               CLANG_ENABLE_OBJC_ARC = YES
               CLANG_ENABLE_OBJC_WEAK = YES
               CLANG_MODULES_BUILD_SESSION_FILE = /var/folders/20/skb3d8qx2hn9r9z8036y32g40000gp/C/org.llvm.clang/ModuleCache.noindex/Session.modulevalidation
               CLANG_WARN_BLOCK_CAPTURE_AUTORELEASING = YES
               CLANG_WARN_BOOL_CONVERSION = YES
               CLANG_WARN_COMMA = YES
               CLANG_WARN_CONSTANT_CONVERSION = YES
               CLANG_WARN_DEPRECATED_OBJC_IMPLEMENTATIONS = YES
               CLANG_WARN_DIRECT_OBJC_ISA_USAGE = YES_ERROR
               CLANG_WARN_DOCUMENTATION_COMMENTS = YES
               CLANG_WARN_EMPTY_BODY = YES
               CLANG_WARN_ENUM_CONVERSION = YES
               CLANG_WARN_INFINITE_RECURSION = YES
               CLANG_WARN_INT_CONVERSION = YES
               CLANG_WARN_NON_LITERAL_NULL_CONVERSION = YES
               CLANG_WARN_OBJC_IMPLICIT_RETAIN_SELF = YES
               CLANG_WARN_OBJC_LITERAL_CONVERSION = YES
               CLANG_WARN_OBJC_ROOT_CLASS = YES_ERROR
               CLANG_WARN_QUOTED_INCLUDE_IN_FRAMEWORK_HEADER = NO
               CLANG_WARN_RANGE_LOOP_ANALYSIS = YES
               CLANG_WARN_STRICT_PROTOTYPES = YES
               CLANG_WARN_SUSPICIOUS_MOVE = YES
               CLANG_WARN_UNGUARDED_AVAILABILITY = YES_AGGRESSIVE
               CLANG_WARN_UNREACHABLE_CODE = YES
               CLANG_WARN__DUPLICATE_METHOD_MATCH = YES
               CLASS_FILE_DIR = /Users/carl.stanley/sites/UKCPA/ukcpa_flutter/build/ios/Pods.build/Release-iphonesimulator/url_launcher_ios-url_launcher_ios_privacy.build/JavaClasses
               CLEAN_PRECOMPS = YES
               CLONE_HEADERS = NO
               CODESIGNING_FOLDER_PATH = /Users/carl.stanley/sites/UKCPA/ukcpa_flutter/build/ios/Release-iphonesimulator/url_launcher_ios/url_launcher_ios_privacy.bundle
               CODE_SIGNING_ALLOWED = NO
               CODE_SIGNING_IDENTITY = -
               CODE_SIGNING_REQUIRED = NO
               CODE_SIGN_CONTEXT_CLASS = XCiPhoneSimulatorCodeSignContext
               CODE_SIGN_IDENTITY = -
               CODE_SIGN_INJECT_BASE_ENTITLEMENTS = YES
               COLOR_DIAGNOSTICS = NO
               COMBINE_HIDPI_IMAGES = NO
               COMPILATION_CACHE_CAS_PATH = /var/folders/20/skb3d8qx2hn9r9z8036y32g40000gp/C/com.apple.DeveloperTools/16.0-16A242d/Xcode/CompilationCache.noindex
               COMPILATION_CACHE_KEEP_CAS_DIRECTORY = YES
               COMPILER_INDEX_STORE_ENABLE = Default
               COMPOSITE_SDK_DIRS = /Users/carl.stanley/sites/UKCPA/ukcpa_flutter/build/ios/CompositeSDKs
               COMPRESS_PNG_FILES = YES
               CONFIGURATION = Release
               CONFIGURATION_BUILD_DIR = /Users/carl.stanley/sites/UKCPA/ukcpa_flutter/build/ios/Release-iphonesimulator/url_launcher_ios
               CONFIGURATION_TEMP_DIR = /Users/carl.stanley/sites/UKCPA/ukcpa_flutter/build/ios/Pods.build/Release-iphonesimulator
               CONTENTS_FOLDER_PATH = url_launcher_ios_privacy.bundle
               CONTENTS_FOLDER_PATH_SHALLOW_BUNDLE_NO = url_launcher_ios_privacy.bundle/Contents
               CONTENTS_FOLDER_PATH_SHALLOW_BUNDLE_YES = url_launcher_ios_privacy.bundle
               COPYING_PRESERVES_HFS_DATA = NO
               COPY_HEADERS_RUN_UNIFDEF = NO
               COPY_PHASE_STRIP = NO
               CORRESPONDING_DEVICE_PLATFORM_DIR = /Applications/Xcode.app/Contents/Developer/Platforms/iPhoneOS.platform
               CORRESPONDING_DEVICE_PLATFORM_NAME = iphoneos
               CORRESPONDING_DEVICE_SDK_DIR = /Applications/Xcode.app/Contents/Developer/Platforms/iPhoneOS.platform/Developer/SDKs/iPhoneOS18.0.sdk
               CORRESPONDING_DEVICE_SDK_NAME = iphoneos18.0
               CP = /bin/cp
               CREATE_INFOPLIST_SECTION_IN_BINARY = NO
               CURRENT_ARCH = undefined_arch
               CURRENT_VARIANT = normal
               DEAD_CODE_STRIPPING = YES
               DEBUGGING_SYMBOLS = YES
               DEBUG_INFORMATION_FORMAT = dwarf-with-dsym
               DEBUG_INFORMATION_VERSION = compiler-default
               DEFAULT_COMPILER = com.apple.compilers.llvm.clang.1_0
               DEFAULT_DEXT_INSTALL_PATH = /System/Library/DriverExtensions
               DEFAULT_KEXT_INSTALL_PATH = /System/Library/Extensions
               DEFINES_MODULE = YES
               DEPLOYMENT_LOCATION = NO
               DEPLOYMENT_POSTPROCESSING = NO
               DEPLOYMENT_TARGET_SETTING_NAME = IPHONEOS_DEPLOYMENT_TARGET
               DEPLOYMENT_TARGET_SUGGESTED_VALUES = 12.0 12.1 12.2 12.3 12.4 13.0 13.1 13.2 13.3 13.4 13.5 13.6 14.0 14.1 14.2 14.3 14.4 14.5 14.6 14.7 15.0 15.1 15.2 15.3 15.4 15.5 15.6 16.0 16.1 16.2 16.3 16.4 16.5 16.6 17.0 17.1 17.2 17.3 17.4 17.5 17.6 18.0
               DERIVED_FILES_DIR = /Users/carl.stanley/sites/UKCPA/ukcpa_flutter/build/ios/Pods.build/Release-iphonesimulator/url_launcher_ios-url_launcher_ios_privacy.build/DerivedSources
               DERIVED_FILE_DIR = /Users/carl.stanley/sites/UKCPA/ukcpa_flutter/build/ios/Pods.build/Release-iphonesimulator/url_launcher_ios-url_launcher_ios_privacy.build/DerivedSources
               DERIVED_SOURCES_DIR = /Users/carl.stanley/sites/UKCPA/ukcpa_flutter/build/ios/Pods.build/Release-iphonesimulator/url_launcher_ios-url_launcher_ios_privacy.build/DerivedSources
               DEVELOPER_APPLICATIONS_DIR = /Applications/Xcode.app/Contents/Developer/Applications
               DEVELOPER_BIN_DIR = /Applications/Xcode.app/Contents/Developer/usr/bin
               DEVELOPER_DIR = /Applications/Xcode.app/Contents/Developer
               DEVELOPER_FRAMEWORKS_DIR = /Applications/Xcode.app/Contents/Developer/Library/Frameworks
               DEVELOPER_FRAMEWORKS_DIR_QUOTED = /Applications/Xcode.app/Contents/Developer/Library/Frameworks
               DEVELOPER_LIBRARY_DIR = /Applications/Xcode.app/Contents/Developer/Library
               DEVELOPER_SDK_DIR = /Applications/Xcode.app/Contents/Developer/Platforms/MacOSX.platform/Developer/SDKs
               DEVELOPER_TOOLS_DIR = /Applications/Xcode.app/Contents/Developer/Tools
               DEVELOPER_USR_DIR = /Applications/Xcode.app/Contents/Developer/usr
               DEVELOPMENT_LANGUAGE = en
               DIFF = /usr/bin/diff
               DOCUMENTATION_FOLDER_PATH = url_launcher_ios_privacy.bundle/en.lproj/Documentation
               DONT_GENERATE_INFOPLIST_FILE = NO
               DSTROOT = /tmp/Pods.dst
               DT_TOOLCHAIN_DIR = /Applications/Xcode.app/Contents/Developer/Toolchains/XcodeDefault.xctoolchain
               DWARF_DSYM_FILE_NAME = url_launcher_ios_privacy.bundle.dSYM
               DWARF_DSYM_FILE_SHOULD_ACCOMPANY_PRODUCT = NO
               DWARF_DSYM_FOLDER_PATH = /Users/carl.stanley/sites/UKCPA/ukcpa_flutter/build/ios/Release-iphonesimulator/url_launcher_ios
               DYNAMIC_LIBRARY_EXTENSION = dylib
               EAGER_COMPILATION_ALLOW_SCRIPTS = NO
               EAGER_LINKING = NO
               EFFECTIVE_PLATFORM_NAME = -iphonesimulator
               EMBEDDED_CONTENT_CONTAINS_SWIFT = NO
               EMBED_ASSET_PACKS_IN_PRODUCT_BUNDLE = NO
               ENABLE_APP_SANDBOX = NO
               ENABLE_BITCODE = NO
               ENABLE_CODE_COVERAGE = YES
               ENABLE_DEFAULT_HEADER_SEARCH_PATHS = YES
               ENABLE_DEFAULT_SEARCH_PATHS = YES
               ENABLE_HARDENED_RUNTIME = NO
               ENABLE_HEADER_DEPENDENCIES = YES
               ENABLE_NS_ASSERTIONS = NO
               ENABLE_ON_DEMAND_RESOURCES = NO
               ENABLE_STRICT_OBJC_MSGSEND = YES
               ENABLE_TESTABILITY = NO
               ENABLE_TESTING_SEARCH_PATHS = NO
               ENABLE_USER_SCRIPT_SANDBOXING = NO
               ENTITLEMENTS_DESTINATION = __entitlements
               ENTITLEMENTS_REQUIRED = NO
               EXCLUDED_INSTALLSRC_SUBDIRECTORY_PATTERNS = .DS_Store .svn .git .hg CVS
               EXCLUDED_RECURSIVE_SEARCH_PATH_SUBDIRECTORIES = *.nib *.lproj *.framework *.gch *.xcode* *.xcassets (*) .DS_Store CVS .svn .git .hg *.pbproj *.pbxproj
               EXECUTABLES_FOLDER_PATH = url_launcher_ios_privacy.bundle/Executables
               EXECUTABLE_FOLDER_PATH = url_launcher_ios_privacy.bundle
               EXECUTABLE_FOLDER_PATH_SHALLOW_BUNDLE_NO = url_launcher_ios_privacy.bundle/MacOS
               EXECUTABLE_FOLDER_PATH_SHALLOW_BUNDLE_YES = url_launcher_ios_privacy.bundle
               EXECUTABLE_NAME = url_launcher_ios_privacy
               EXECUTABLE_PATH = url_launcher_ios_privacy.bundle/url_launcher_ios_privacy
               EXPANDED_CODE_SIGN_IDENTITY = -
               EXTENSIONS_FOLDER_PATH = url_launcher_ios_privacy.bundle/Extensions
               FILE_LIST = /Users/carl.stanley/sites/UKCPA/ukcpa_flutter/build/ios/Pods.build/Release-iphonesimulator/url_launcher_ios-url_launcher_ios_privacy.build/Objects/LinkFileList
               FIXED_FILES_DIR = /Users/carl.stanley/sites/UKCPA/ukcpa_flutter/build/ios/Pods.build/Release-iphonesimulator/url_launcher_ios-url_launcher_ios_privacy.build/FixedFiles
               FRAMEWORKS_FOLDER_PATH = url_launcher_ios_privacy.bundle/Frameworks
               FRAMEWORK_FLAG_PREFIX = -framework
               FRAMEWORK_SEARCH_PATHS = /Users/carl.stanley/sites/UKCPA/ukcpa_flutter/build/ios/Release-iphonesimulator/url_launcher_ios 
               FRAMEWORK_VERSION = A
               FULL_PRODUCT_NAME = url_launcher_ios_privacy.bundle
               FUSE_BUILD_PHASES = YES
               FUSE_BUILD_SCRIPT_PHASES = NO
               GCC3_VERSION = 3.3
               GCC_C_LANGUAGE_STANDARD = gnu11
               GCC_INLINES_ARE_PRIVATE_EXTERN = YES
               GCC_NO_COMMON_BLOCKS = YES
               GCC_OBJC_LEGACY_DISPATCH = YES
               GCC_PFE_FILE_C_DIALECTS = c objective-c c++ objective-c++
               GCC_PREPROCESSOR_DEFINITIONS = POD_CONFIGURATION_RELEASE=1  COCOAPODS=1
               GCC_TREAT_WARNINGS_AS_ERRORS = NO
               GCC_VERSION = com.apple.compilers.llvm.clang.1_0
               GCC_VERSION_IDENTIFIER = com_apple_compilers_llvm_clang_1_0
               GCC_WARN_64_TO_32_BIT_CONVERSION = YES
               GCC_WARN_ABOUT_RETURN_TYPE = YES_ERROR
               GCC_WARN_UNDECLARED_SELECTOR = YES
               GCC_WARN_UNINITIALIZED_AUTOS = YES_AGGRESSIVE
               GCC_WARN_UNUSED_FUNCTION = YES
               GCC_WARN_UNUSED_VARIABLE = YES
               GENERATED_MODULEMAP_DIR = /Users/carl.stanley/sites/UKCPA/ukcpa_flutter/build/ios/GeneratedModuleMaps-iphonesimulator
               GENERATE_INFOPLIST_FILE = NO
               GENERATE_INTERMEDIATE_TEXT_BASED_STUBS = YES
               GENERATE_MASTER_OBJECT_FILE = NO
               GENERATE_PKGINFO_FILE = NO
               GENERATE_PROFILING_CODE = NO
               GENERATE_TEXT_BASED_STUBS = NO
               GID = 20
               GROUP = staff
               HEADERMAP_INCLUDES_FLAT_ENTRIES_FOR_TARGET_BEING_BUILT = YES
               HEADERMAP_INCLUDES_FRAMEWORK_ENTRIES_FOR_ALL_PRODUCT_TYPES = YES
               HEADERMAP_INCLUDES_FRAMEWORK_ENTRIES_FOR_TARGETS_NOT_BEING_BUILT = YES
               HEADERMAP_INCLUDES_NONPUBLIC_NONPRIVATE_HEADERS = YES
               HEADERMAP_INCLUDES_PROJECT_HEADERS = YES
               HEADERMAP_USES_FRAMEWORK_PREFIX_ENTRIES = YES
               HEADERMAP_USES_VFS = YES
               HEADER_SEARCH_PATHS = /Users/carl.stanley/sites/UKCPA/ukcpa_flutter/build/ios/Release-iphonesimulator/url_launcher_ios/include 
               HIDE_BITCODE_SYMBOLS = YES
               HOME = /Users/carl.stanley
               HOST_ARCH = arm64
               HOST_PLATFORM = macosx
               IBSC_MODULE = url_launcher_ios
               ICONV = /usr/bin/iconv
               IMPLICIT_DEPENDENCY_DOMAIN = default
               INFOPLIST_ENABLE_CFBUNDLEICONS_MERGE = YES
               INFOPLIST_EXPAND_BUILD_SETTINGS = YES
               INFOPLIST_FILE = Target Support Files/url_launcher_ios/ResourceBundle-url_launcher_ios_privacy-url_launcher_ios-Info.plist
               INFOPLIST_OUTPUT_FORMAT = binary
               INFOPLIST_PATH = url_launcher_ios_privacy.bundle/Info.plist
               INFOPLIST_PREPROCESS = NO
               INFOSTRINGS_PATH = url_launcher_ios_privacy.bundle/en.lproj/InfoPlist.strings
               INLINE_PRIVATE_FRAMEWORKS = NO
               INSTALLHDRS_COPY_PHASE = NO
               INSTALLHDRS_SCRIPT_PHASE = NO
               INSTALL_DIR = /tmp/Pods.dst
               INSTALL_GROUP = staff
               INSTALL_MODE_FLAG = u+w,go-w,a+rX
               INSTALL_OWNER = carl.stanley
               INSTALL_ROOT = /tmp/Pods.dst
               IPHONEOS_DEPLOYMENT_TARGET = 13.0
               IS_UNOPTIMIZED_BUILD = NO
               JAVAC_DEFAULT_FLAGS = -J-Xms64m -J-XX:NewSize=4M -J-Dfile.encoding=UTF8
               JAVA_APP_STUB = /System/Library/Frameworks/JavaVM.framework/Resources/MacOS/JavaApplicationStub
               JAVA_ARCHIVE_CLASSES = YES
               JAVA_ARCHIVE_TYPE = JAR
               JAVA_COMPILER = /usr/bin/javac
               JAVA_FOLDER_PATH = url_launcher_ios_privacy.bundle/Java
               JAVA_FRAMEWORK_RESOURCES_DIRS = Resources
               JAVA_JAR_FLAGS = cv
               JAVA_SOURCE_SUBDIR = .
               JAVA_USE_DEPENDENCIES = YES
               JAVA_ZIP_FLAGS = -urg
               JIKES_DEFAULT_FLAGS = +E +OLDCSO
               KEEP_PRIVATE_EXTERNS = NO
               LD_DEPENDENCY_INFO_FILE = /Users/carl.stanley/sites/UKCPA/ukcpa_flutter/build/ios/Pods.build/Release-iphonesimulator/url_launcher_ios-url_launcher_ios_privacy.build/Objects-normal/undefined_arch/url_launcher_ios_privacy_dependency_info.dat
               LD_EXPORT_SYMBOLS = YES
               LD_GENERATE_MAP_FILE = NO
               LD_MAP_FILE_PATH = /Users/carl.stanley/sites/UKCPA/ukcpa_flutter/build/ios/Pods.build/Release-iphonesimulator/url_launcher_ios-url_launcher_ios_privacy.build/url_launcher_ios_privacy-LinkMap-normal-undefined_arch.txt
               LD_NO_PIE = NO
               LD_QUOTE_LINKER_ARGUMENTS_FOR_COMPILER_DRIVER = YES
               LD_RUNPATH_SEARCH_PATHS =  /usr/lib/swift
               LD_SHARED_CACHE_ELIGIBLE = Automatic
               LD_WARN_DUPLICATE_LIBRARIES = NO
               LD_WARN_UNUSED_DYLIBS = NO
               LEGACY_DEVELOPER_DIR = /Applications/Xcode.app/Contents/PlugIns/Xcode3Core.ideplugin/Contents/SharedSupport/Developer
               LEX = lex
               LIBRARY_DEXT_INSTALL_PATH = /Library/DriverExtensions
               LIBRARY_FLAG_NOSPACE = YES
               LIBRARY_FLAG_PREFIX = -l
               LIBRARY_KEXT_INSTALL_PATH = /Library/Extensions
               LIBRARY_SEARCH_PATHS = /Users/carl.stanley/sites/UKCPA/ukcpa_flutter/build/ios/Release-iphonesimulator/url_launcher_ios /Applications/Xcode.app/Contents/Developer/Toolchains/XcodeDefault.xctoolchain/usr/lib/swift/iphonesimulator /Applications/Xcode.app/Contents/Developer/Platforms/iPhoneSimulator.platform/Developer/SDKs/iPhoneSimulator18.0.sdk/usr/lib/swift /Applications/Xcode.app/Contents/Developer/Toolchains/XcodeDefault.xctoolchain/usr/lib/swift/iphonesimulator/ /Applications/Xcode.app/Contents/Developer/Platforms/iPhoneSimulator.platform/Developer/SDKs/iPhoneSimulator18.0.sdk/usr/lib/swift
               LINKER_DISPLAYS_MANGLED_NAMES = NO
               LINK_FILE_LIST_normal_arm64 = /Users/carl.stanley/sites/UKCPA/ukcpa_flutter/build/ios/Pods.build/Release-iphonesimulator/url_launcher_ios-url_launcher_ios_privacy.build/Objects-normal/arm64/url_launcher_ios_privacy.LinkFileList
               LINK_FILE_LIST_normal_x86_64 = /Users/carl.stanley/sites/UKCPA/ukcpa_flutter/build/ios/Pods.build/Release-iphonesimulator/url_launcher_ios-url_launcher_ios_privacy.build/Objects-normal/x86_64/url_launcher_ios_privacy.LinkFileList
               LINK_OBJC_RUNTIME = YES
               LINK_WITH_STANDARD_LIBRARIES = YES
               LLVM_TARGET_TRIPLE_OS_VERSION = ios13.0
               LLVM_TARGET_TRIPLE_SUFFIX = -simulator
               LLVM_TARGET_TRIPLE_VENDOR = apple
               LM_AUX_CONST_METADATA_LIST_PATH_normal_arm64 = /Users/carl.stanley/sites/UKCPA/ukcpa_flutter/build/ios/Pods.build/Release-iphonesimulator/url_launcher_ios-url_launcher_ios_privacy.build/Objects-normal/arm64/url_launcher_ios_privacy.SwiftConstValuesFileList
               LM_AUX_CONST_METADATA_LIST_PATH_normal_x86_64 = /Users/carl.stanley/sites/UKCPA/ukcpa_flutter/build/ios/Pods.build/Release-iphonesimulator/url_launcher_ios-url_launcher_ios_privacy.build/Objects-normal/x86_64/url_launcher_ios_privacy.SwiftConstValuesFileList
               LOCALIZATION_EXPORT_SUPPORTED = YES
               LOCALIZATION_PREFERS_STRING_CATALOGS = NO
               LOCALIZED_RESOURCES_FOLDER_PATH = url_launcher_ios_privacy.bundle/en.lproj
               LOCALIZED_STRING_MACRO_NAMES = NSLocalizedString CFCopyLocalizedString
               LOCALIZED_STRING_SWIFTUI_SUPPORT = YES
               LOCAL_ADMIN_APPS_DIR = /Applications/Utilities
               LOCAL_APPS_DIR = /Applications
               LOCAL_DEVELOPER_DIR = /Library/Developer
               LOCAL_LIBRARY_DIR = /Library
               LOCROOT = /Users/carl.stanley/sites/UKCPA/ukcpa_flutter/ios/Pods
               LOCSYMROOT = /Users/carl.stanley/sites/UKCPA/ukcpa_flutter/ios/Pods
               MACH_O_TYPE = mh_bundle
               MAC_OS_X_PRODUCT_BUILD_VERSION = 24G84
               MAC_OS_X_VERSION_ACTUAL = 150600
               MAC_OS_X_VERSION_MAJOR = 150000
               MAC_OS_X_VERSION_MINOR = 150600
               MAKE_MERGEABLE = NO
               MERGEABLE_LIBRARY = NO
               MERGED_BINARY_TYPE = none
               MERGE_LINKED_LIBRARIES = NO
               METAL_LIBRARY_FILE_BASE = default
               METAL_LIBRARY_OUTPUT_DIR = /Users/carl.stanley/sites/UKCPA/ukcpa_flutter/build/ios/Release-iphonesimulator/url_launcher_ios/url_launcher_ios_privacy.bundle
               MODULES_FOLDER_PATH = url_launcher_ios_privacy.bundle/Modules
               MTL_ENABLE_DEBUG_INFO = NO
               MTL_FAST_MATH = YES
               NATIVE_ARCH = arm64
               NATIVE_ARCH_32_BIT = arm
               NATIVE_ARCH_64_BIT = arm64
               NATIVE_ARCH_ACTUAL = arm64
               NO_COMMON = YES
               OBJC_ABI_VERSION = 2
               OBJECT_FILE_DIR = /Users/carl.stanley/sites/UKCPA/ukcpa_flutter/build/ios/Pods.build/Release-iphonesimulator/url_launcher_ios-url_launcher_ios_privacy.build/Objects
               OBJECT_FILE_DIR_normal = /Users/carl.stanley/sites/UKCPA/ukcpa_flutter/build/ios/Pods.build/Release-iphonesimulator/url_launcher_ios-url_launcher_ios_privacy.build/Objects-normal
               OBJROOT = /Users/carl.stanley/sites/UKCPA/ukcpa_flutter/build/ios
               ONLY_ACTIVE_ARCH = NO
               OS = MACOS
               OSAC = /usr/bin/osacompile
               OTHER_SWIFT_FLAGS =  -D COCOAPODS
               PACKAGE_TYPE = com.apple.package-type.wrapper
               PASCAL_STRINGS = YES
               PATH = /Applications/Xcode.app/Contents/SharedFrameworks/XCBuild.framework/Versions/A/PlugIns/XCBBuildService.bundle/Contents/PlugIns/XCBSpecifications.ideplugin/Contents/Resources:/Applications/Xcode.app/Contents/SharedFrameworks/XCBuild.framework/Versions/A/PlugIns/XCBBuildService.bundle/Contents/PlugIns/XCBSpecifications.ideplugin:/Applications/Xcode.app/Contents/Developer/Toolchains/XcodeDefault.xctoolchain/usr/bin:/Applications/Xcode.app/Contents/Developer/Toolchains/XcodeDefault.xctoolchain/usr/appleinternal/bin:/Applications/Xcode.app/Contents/Developer/Toolchains/XcodeDefault.xctoolchain/usr/local/bin:/Applications/Xcode.app/Contents/Developer/Toolchains/XcodeDefault.xctoolchain/usr/libexec:/Applications/Xcode.app/Contents/Developer/Platforms/iPhoneSimulator.platform/usr/bin:/Applications/Xcode.app/Contents/Developer/Platforms/iPhoneSimulator.platform/usr/appleinternal/bin:/Applications/Xcode.app/Contents/Developer/Platforms/iPhoneSimulator.platform/usr/local/bin:/Applications/Xcode.app/Contents/Developer/Platforms/iPhoneSimulator.platform/Developer/usr/bin:/Applications/Xcode.app/Contents/Developer/Platforms/iPhoneSimulator.platform/Developer/usr/local/bin:/Applications/Xcode.app/Contents/Developer/usr/bin:/Applications/Xcode.app/Contents/Developer/usr/local/bin:/opt/homebrew/Cellar/pyenv-virtualenv/1.2.4/shims:/Users/carl.stanley/.pyenv/shims:/Users/carl.stanley/.pyenv/bin:/Users/carl.stanley/.nvm/versions/node/v18.17.0/bin:/Users/carl.stanley/development/flutter/bin:/opt/homebrew/bin:/opt/homebrew/sbin:/Users/carl.stanley/.local/bin:/usr/local/bin:/System/Cryptexes/App/usr/bin:/usr/bin:/bin:/usr/sbin:/sbin:/var/run/com.apple.security.cryptexd/codex.system/bootstrap/usr/local/bin:/var/run/com.apple.security.cryptexd/codex.system/bootstrap/usr/bin:/var/run/com.apple.security.cryptexd/codex.system/bootstrap/usr/appleinternal/bin:/Library/Apple/usr/bin:/usr/local/sbin:/usr/local/go/bin:/Users/carl.stanley/.pub-cache/bin
               PATH_PREFIXES_EXCLUDED_FROM_HEADER_DEPENDENCIES = /usr/include /usr/local/include /System/Library/Frameworks /System/Library/PrivateFrameworks /Applications/Xcode.app/Contents/Developer/Headers /Applications/Xcode.app/Contents/Developer/SDKs /Applications/Xcode.app/Contents/Developer/Platforms
               PBDEVELOPMENTPLIST_PATH = url_launcher_ios_privacy.bundle/pbdevelopment.plist
               PER_ARCH_OBJECT_FILE_DIR = /Users/carl.stanley/sites/UKCPA/ukcpa_flutter/build/ios/Pods.build/Release-iphonesimulator/url_launcher_ios-url_launcher_ios_privacy.build/Objects-normal/undefined_arch
               PER_VARIANT_OBJECT_FILE_DIR = /Users/carl.stanley/sites/UKCPA/ukcpa_flutter/build/ios/Pods.build/Release-iphonesimulator/url_launcher_ios-url_launcher_ios_privacy.build/Objects-normal
               PKGINFO_FILE_PATH = /Users/carl.stanley/sites/UKCPA/ukcpa_flutter/build/ios/Pods.build/Release-iphonesimulator/url_launcher_ios-url_launcher_ios_privacy.build/PkgInfo
               PKGINFO_PATH = url_launcher_ios_privacy.bundle/PkgInfo
               PLATFORM_DEVELOPER_APPLICATIONS_DIR = /Applications/Xcode.app/Contents/Developer/Platforms/iPhoneSimulator.platform/Developer/Applications
               PLATFORM_DEVELOPER_BIN_DIR = /Applications/Xcode.app/Contents/Developer/Platforms/iPhoneSimulator.platform/Developer/usr/bin
               PLATFORM_DEVELOPER_LIBRARY_DIR = /Applications/Xcode.app/Contents/Developer/Platforms/iPhoneSimulator.platform/Developer/Library
               PLATFORM_DEVELOPER_SDK_DIR = /Applications/Xcode.app/Contents/Developer/Platforms/iPhoneSimulator.platform/Developer/SDKs
               PLATFORM_DEVELOPER_TOOLS_DIR = /Applications/Xcode.app/Contents/Developer/Platforms/iPhoneSimulator.platform/Developer/Tools
               PLATFORM_DEVELOPER_USR_DIR = /Applications/Xcode.app/Contents/Developer/Platforms/iPhoneSimulator.platform/Developer/usr
               PLATFORM_DIR = /Applications/Xcode.app/Contents/Developer/Platforms/iPhoneSimulator.platform
               PLATFORM_DISPLAY_NAME = iOS Simulator
               PLATFORM_FAMILY_NAME = iOS
               PLATFORM_NAME = iphonesimulator
               PLATFORM_PREFERRED_ARCH = x86_64
               PLATFORM_PRODUCT_BUILD_VERSION = 22A3362
               PLIST_FILE_OUTPUT_FORMAT = binary
               PLUGINS_FOLDER_PATH = url_launcher_ios_privacy.bundle/PlugIns
               PODS_BUILD_DIR = /Users/carl.stanley/sites/UKCPA/ukcpa_flutter/build/ios
               PODS_CONFIGURATION_BUILD_DIR = /Users/carl.stanley/sites/UKCPA/ukcpa_flutter/build/ios/Release-iphonesimulator
               PODS_DEVELOPMENT_LANGUAGE = en
               PODS_ROOT = /Users/carl.stanley/sites/UKCPA/ukcpa_flutter/ios/Pods
               PODS_TARGET_SRCROOT = /Users/carl.stanley/sites/UKCPA/ukcpa_flutter/ios/Pods/../.symlinks/plugins/url_launcher_ios/ios
               PODS_XCFRAMEWORKS_BUILD_DIR = /Users/carl.stanley/sites/UKCPA/ukcpa_flutter/build/ios/Release-iphonesimulator/XCFrameworkIntermediates
               PRECOMPS_INCLUDE_HEADERS_FROM_BUILT_PRODUCTS_DIR = YES
               PRECOMP_DESTINATION_DIR = /Users/carl.stanley/sites/UKCPA/ukcpa_flutter/build/ios/Pods.build/Release-iphonesimulator/url_launcher_ios-url_launcher_ios_privacy.build/PrefixHeaders
               PRIVATE_HEADERS_FOLDER_PATH = url_launcher_ios_privacy.bundle/PrivateHeaders
               PROCESSED_INFOPLIST_PATH = /Users/carl.stanley/sites/UKCPA/ukcpa_flutter/build/ios/Pods.build/Release-iphonesimulator/url_launcher_ios-url_launcher_ios_privacy.build/Objects-normal/undefined_arch/Processed-Info.plist
               PRODUCT_BUNDLE_IDENTIFIER = org.cocoapods.url-launcher-ios-privacy
               PRODUCT_BUNDLE_PACKAGE_TYPE = BNDL
               PRODUCT_MODULE_NAME = url_launcher_ios_privacy
               PRODUCT_NAME = url_launcher_ios_privacy
               PRODUCT_SETTINGS_PATH = /Users/carl.stanley/sites/UKCPA/ukcpa_flutter/ios/Pods/Target Support Files/url_launcher_ios/ResourceBundle-url_launcher_ios_privacy-url_launcher_ios-Info.plist
               PRODUCT_TYPE = com.apple.product-type.bundle
               PROFILING_CODE = NO
               PROJECT = Pods
               PROJECT_DERIVED_FILE_DIR = /Users/carl.stanley/sites/UKCPA/ukcpa_flutter/build/ios/Pods.build/DerivedSources
               PROJECT_DIR = /Users/carl.stanley/sites/UKCPA/ukcpa_flutter/ios/Pods
               PROJECT_FILE_PATH = /Users/carl.stanley/sites/UKCPA/ukcpa_flutter/ios/Pods/Pods.xcodeproj
               PROJECT_GUID = bfdfe7dc352907fc980b868725387e98
               PROJECT_NAME = Pods
               PROJECT_TEMP_DIR = /Users/carl.stanley/sites/UKCPA/ukcpa_flutter/build/ios/Pods.build
               PROJECT_TEMP_ROOT = /Users/carl.stanley/sites/UKCPA/ukcpa_flutter/build/ios
               PUBLIC_HEADERS_FOLDER_PATH = url_launcher_ios_privacy.bundle/Headers
               RECOMMENDED_IPHONEOS_DEPLOYMENT_TARGET = 15.0
               RECURSIVE_SEARCH_PATHS_FOLLOW_SYMLINKS = YES
               REMOVE_CVS_FROM_RESOURCES = YES
               REMOVE_GIT_FROM_RESOURCES = YES
               REMOVE_HEADERS_FROM_EMBEDDED_BUNDLES = YES
               REMOVE_HG_FROM_RESOURCES = YES
               REMOVE_STATIC_EXECUTABLES_FROM_EMBEDDED_BUNDLES = YES
               REMOVE_SVN_FROM_RESOURCES = YES
               RESCHEDULE_INDEPENDENT_HEADERS_PHASES = YES
               REZ_COLLECTOR_DIR = /Users/carl.stanley/sites/UKCPA/ukcpa_flutter/build/ios/Pods.build/Release-iphonesimulator/url_launcher_ios-url_launcher_ios_privacy.build/ResourceManagerResources
               REZ_OBJECTS_DIR = /Users/carl.stanley/sites/UKCPA/ukcpa_flutter/build/ios/Pods.build/Release-iphonesimulator/url_launcher_ios-url_launcher_ios_privacy.build/ResourceManagerResources/Objects
               REZ_SEARCH_PATHS = /Users/carl.stanley/sites/UKCPA/ukcpa_flutter/build/ios/Release-iphonesimulator/url_launcher_ios 
               SCAN_ALL_SOURCE_FILES_FOR_INCLUDES = NO
               SCRIPTS_FOLDER_PATH = url_launcher_ios_privacy.bundle/Scripts
               SDKROOT = /Applications/Xcode.app/Contents/Developer/Platforms/iPhoneSimulator.platform/Developer/SDKs/iPhoneSimulator18.0.sdk
               SDK_DIR = /Applications/Xcode.app/Contents/Developer/Platforms/iPhoneSimulator.platform/Developer/SDKs/iPhoneSimulator18.0.sdk
               SDK_DIR_iphonesimulator = /Applications/Xcode.app/Contents/Developer/Platforms/iPhoneSimulator.platform/Developer/SDKs/iPhoneSimulator18.0.sdk
               SDK_DIR_iphonesimulator18_0 = /Applications/Xcode.app/Contents/Developer/Platforms/iPhoneSimulator.platform/Developer/SDKs/iPhoneSimulator18.0.sdk
               SDK_NAME = iphonesimulator18.0
               SDK_NAMES = iphonesimulator18.0
               SDK_PRODUCT_BUILD_VERSION = 22A3362
               SDK_STAT_CACHE_DIR = /var/folders/20/skb3d8qx2hn9r9z8036y32g40000gp/C/com.apple.DeveloperTools/16.0-16A242d/Xcode
               SDK_STAT_CACHE_ENABLE = YES
               SDK_STAT_CACHE_PATH = /var/folders/20/skb3d8qx2hn9r9z8036y32g40000gp/C/com.apple.DeveloperTools/16.0-16A242d/Xcode/SDKStatCaches.noindex/iphonesimulator18.0-22A3362-db63dc9361471f152f572502bdbfe70a.sdkstatcache
               SDK_VERSION = 18.0
               SDK_VERSION_ACTUAL = 180000
               SDK_VERSION_MAJOR = 180000
               SDK_VERSION_MINOR = 180000
               SED = /usr/bin/sed
               SEPARATE_STRIP = NO
               SEPARATE_SYMBOL_EDIT = NO
               SET_DIR_MODE_OWNER_GROUP = YES
               SET_FILE_MODE_OWNER_GROUP = NO
               SHALLOW_BUNDLE = YES
               SHALLOW_BUNDLE_TRIPLE = ios-simulator
               SHALLOW_BUNDLE_ios_macabi = NO
               SHALLOW_BUNDLE_macos = NO
               SHARED_DERIVED_FILE_DIR = /Users/carl.stanley/sites/UKCPA/ukcpa_flutter/build/ios/Release-iphonesimulator/url_launcher_ios/DerivedSources
               SHARED_FRAMEWORKS_FOLDER_PATH = url_launcher_ios_privacy.bundle/SharedFrameworks
               SHARED_PRECOMPS_DIR = /Users/carl.stanley/sites/UKCPA/ukcpa_flutter/build/ios/SharedPrecompiledHeaders
               SHARED_SUPPORT_FOLDER_PATH = url_launcher_ios_privacy.bundle/SharedSupport
               SKIP_INSTALL = YES
               SOURCE_ROOT = /Users/carl.stanley/sites/UKCPA/ukcpa_flutter/ios/Pods
               SRCROOT = /Users/carl.stanley/sites/UKCPA/ukcpa_flutter/ios/Pods
               STRINGSDATA_DIR = /Users/carl.stanley/sites/UKCPA/ukcpa_flutter/build/ios/Pods.build/Release-iphonesimulator/url_launcher_ios-url_launcher_ios_privacy.build/Objects-normal/undefined_arch
               STRINGSDATA_ROOT = /Users/carl.stanley/sites/UKCPA/ukcpa_flutter/build/ios/Pods.build/Release-iphonesimulator/url_launcher_ios-url_launcher_ios_privacy.build
               STRINGS_FILE_INFOPLIST_RENAME = YES
               STRINGS_FILE_OUTPUT_ENCODING = binary
               STRIP_BITCODE_FROM_COPIED_FILES = NO
               STRIP_INSTALLED_PRODUCT = NO
               STRIP_STYLE = non-global
               STRIP_SWIFT_SYMBOLS = YES
               SUPPORTED_DEVICE_FAMILIES = 1,2
               SUPPORTED_PLATFORMS = iphoneos iphonesimulator
               SUPPORTS_TEXT_BASED_API = NO
               SUPPRESS_WARNINGS = NO
               SWIFT_COMPILATION_MODE = wholemodule
               SWIFT_EMIT_LOC_STRINGS = NO
               SWIFT_OPTIMIZATION_LEVEL = -O
               SWIFT_PLATFORM_TARGET_PREFIX = ios
               SWIFT_RESPONSE_FILE_PATH_normal_arm64 = /Users/carl.stanley/sites/UKCPA/ukcpa_flutter/build/ios/Pods.build/Release-iphonesimulator/url_launcher_ios-url_launcher_ios_privacy.build/Objects-normal/arm64/url_launcher_ios_privacy.SwiftFileList
               SWIFT_RESPONSE_FILE_PATH_normal_x86_64 = /Users/carl.stanley/sites/UKCPA/ukcpa_flutter/build/ios/Pods.build/Release-iphonesimulator/url_launcher_ios-url_launcher_ios_privacy.build/Objects-normal/x86_64/url_launcher_ios_privacy.SwiftFileList
               SWIFT_VERSION = 5.0
               SYMROOT = /Users/carl.stanley/sites/UKCPA/ukcpa_flutter/ios/build
               SYSTEM_ADMIN_APPS_DIR = /Applications/Utilities
               SYSTEM_APPS_DIR = /Applications
               SYSTEM_CORE_SERVICES_DIR = /System/Library/CoreServices
               SYSTEM_DEMOS_DIR = /Applications/Extras
               SYSTEM_DEVELOPER_APPS_DIR = /Applications/Xcode.app/Contents/Developer/Applications
               SYSTEM_DEVELOPER_BIN_DIR = /Applications/Xcode.app/Contents/Developer/usr/bin
               SYSTEM_DEVELOPER_DEMOS_DIR = /Applications/Xcode.app/Contents/Developer/Applications/Utilities/Built Examples
               SYSTEM_DEVELOPER_DIR = /Applications/Xcode.app/Contents/Developer
               SYSTEM_DEVELOPER_DOC_DIR = /Applications/Xcode.app/Contents/Developer/ADC Reference Library
               SYSTEM_DEVELOPER_GRAPHICS_TOOLS_DIR = /Applications/Xcode.app/Contents/Developer/Applications/Graphics Tools
               SYSTEM_DEVELOPER_JAVA_TOOLS_DIR = /Applications/Xcode.app/Contents/Developer/Applications/Java Tools
               SYSTEM_DEVELOPER_PERFORMANCE_TOOLS_DIR = /Applications/Xcode.app/Contents/Developer/Applications/Performance Tools
               SYSTEM_DEVELOPER_RELEASENOTES_DIR = /Applications/Xcode.app/Contents/Developer/ADC Reference Library/releasenotes
               SYSTEM_DEVELOPER_TOOLS = /Applications/Xcode.app/Contents/Developer/Tools
               SYSTEM_DEVELOPER_TOOLS_DOC_DIR = /Applications/Xcode.app/Contents/Developer/ADC Reference Library/documentation/DeveloperTools
               SYSTEM_DEVELOPER_TOOLS_RELEASENOTES_DIR = /Applications/Xcode.app/Contents/Developer/ADC Reference Library/releasenotes/DeveloperTools
               SYSTEM_DEVELOPER_USR_DIR = /Applications/Xcode.app/Contents/Developer/usr
               SYSTEM_DEVELOPER_UTILITIES_DIR = /Applications/Xcode.app/Contents/Developer/Applications/Utilities
               SYSTEM_DEXT_INSTALL_PATH = /System/Library/DriverExtensions
               SYSTEM_DOCUMENTATION_DIR = /Library/Documentation
               SYSTEM_EXTENSIONS_FOLDER_PATH = url_launcher_ios_privacy.bundle/SystemExtensions
               SYSTEM_EXTENSIONS_FOLDER_PATH_SHALLOW_BUNDLE_NO = url_launcher_ios_privacy.bundle/Library/SystemExtensions
               SYSTEM_EXTENSIONS_FOLDER_PATH_SHALLOW_BUNDLE_YES = url_launcher_ios_privacy.bundle/SystemExtensions
               SYSTEM_KEXT_INSTALL_PATH = /System/Library/Extensions
               SYSTEM_LIBRARY_DIR = /System/Library
               TAPI_DEMANGLE = YES
               TAPI_ENABLE_PROJECT_HEADERS = NO
               TAPI_LANGUAGE = objective-c
               TAPI_LANGUAGE_STANDARD = compiler-default
               TAPI_USE_SRCROOT = YES
               TAPI_VERIFY_MODE = Pedantic
               TARGETED_DEVICE_FAMILY = 1,2
               TARGETNAME = url_launcher_ios-url_launcher_ios_privacy
               TARGET_BUILD_DIR = /Users/carl.stanley/sites/UKCPA/ukcpa_flutter/build/ios/Release-iphonesimulator/url_launcher_ios
               TARGET_NAME = url_launcher_ios-url_launcher_ios_privacy
               TARGET_TEMP_DIR = /Users/carl.stanley/sites/UKCPA/ukcpa_flutter/build/ios/Pods.build/Release-iphonesimulator/url_launcher_ios-url_launcher_ios_privacy.build
               TEMP_DIR = /Users/carl.stanley/sites/UKCPA/ukcpa_flutter/build/ios/Pods.build/Release-iphonesimulator/url_launcher_ios-url_launcher_ios_privacy.build
               TEMP_FILES_DIR = /Users/carl.stanley/sites/UKCPA/ukcpa_flutter/build/ios/Pods.build/Release-iphonesimulator/url_launcher_ios-url_launcher_ios_privacy.build
               TEMP_FILE_DIR = /Users/carl.stanley/sites/UKCPA/ukcpa_flutter/build/ios/Pods.build/Release-iphonesimulator/url_launcher_ios-url_launcher_ios_privacy.build
               TEMP_ROOT = /Users/carl.stanley/sites/UKCPA/ukcpa_flutter/build/ios
               TEST_FRAMEWORK_SEARCH_PATHS =  /Applications/Xcode.app/Contents/Developer/Platforms/iPhoneSimulator.platform/Developer/Library/Frameworks /Applications/Xcode.app/Contents/Developer/Platforms/iPhoneSimulator.platform/Developer/SDKs/iPhoneSimulator18.0.sdk/Developer/Library/Frameworks
               TEST_LIBRARY_SEARCH_PATHS =  /Applications/Xcode.app/Contents/Developer/Platforms/iPhoneSimulator.platform/Developer/usr/lib
               TOOLCHAINS = com.apple.dt.toolchain.XcodeDefault
               TOOLCHAIN_DIR = /Applications/Xcode.app/Contents/Developer/Toolchains/XcodeDefault.xctoolchain
               TREAT_MISSING_BASELINES_AS_TEST_FAILURES = NO
               TREAT_MISSING_SCRIPT_PHASE_OUTPUTS_AS_ERRORS = NO
               UID = 502
               UNINSTALLED_PRODUCTS_DIR = /Users/carl.stanley/sites/UKCPA/ukcpa_flutter/build/ios/UninstalledProducts
               UNLOCALIZED_RESOURCES_FOLDER_PATH = url_launcher_ios_privacy.bundle
               UNLOCALIZED_RESOURCES_FOLDER_PATH_SHALLOW_BUNDLE_NO = url_launcher_ios_privacy.bundle/Resources
               UNLOCALIZED_RESOURCES_FOLDER_PATH_SHALLOW_BUNDLE_YES = url_launcher_ios_privacy.bundle
               UNSTRIPPED_PRODUCT = NO
               USER = carl.stanley
               USER_APPS_DIR = /Users/carl.stanley/Applications
               USER_LIBRARY_DIR = /Users/carl.stanley/Library
               USE_DYNAMIC_NO_PIC = YES
               USE_HEADERMAP = YES
               USE_HEADER_SYMLINKS = NO
               USE_RECURSIVE_SCRIPT_INPUTS_IN_SCRIPT_PHASES = YES
               VALIDATE_DEVELOPMENT_ASSET_PATHS = YES_ERROR
               VALIDATE_PRODUCT = NO
               VALID_ARCHS = arm64 arm64e i386 x86_64
               VERBOSE_PBXCP = NO
               VERSIONPLIST_PATH = url_launcher_ios_privacy.bundle/version.plist
               VERSION_INFO_BUILDER = carl.stanley
               VERSION_INFO_FILE = url_launcher_ios_privacy_vers.c
               VERSION_INFO_STRING = "@(#)PROGRAM:url_launcher_ios_privacy  PROJECT:Pods-"
               WORKSPACE_DIR = /Users/carl.stanley/sites/UKCPA/ukcpa_flutter/ios/Pods/Pods.xcodeproj
               WRAPPER_EXTENSION = bundle
               WRAPPER_NAME = url_launcher_ios_privacy.bundle
               WRAPPER_SUFFIX = .bundle
               WRAP_ASSET_PACKS_IN_SEPARATE_DIRECTORIES = NO
               XCODE_APP_SUPPORT_DIR = /Applications/Xcode.app/Contents/Developer/Library/Xcode
               XCODE_PRODUCT_BUILD_VERSION = 16A242d
               XCODE_VERSION_ACTUAL = 1600
               XCODE_VERSION_MAJOR = 1600
               XCODE_VERSION_MINOR = 1600
               XPCSERVICES_FOLDER_PATH = url_launcher_ios_privacy.bundle/XPCServices
               YACC = yacc
               _WRAPPER_CONTENTS_DIR_SHALLOW_BUNDLE_NO = /Contents
               _WRAPPER_PARENT_PATH_SHALLOW_BUNDLE_NO = /..
               _WRAPPER_RESOURCES_DIR_SHALLOW_BUNDLE_NO = /Resources
               arch = undefined_arch
               variant = normal

           Build settings for action build and target video_player_avfoundation:
               ACTION = build
               AD_HOC_CODE_SIGNING_ALLOWED = YES
               ALLOW_BUILD_REQUEST_OVERRIDES = NO
               ALLOW_TARGET_PLATFORM_SPECIALIZATION = NO
               ALTERNATE_GROUP = staff
               ALTERNATE_MODE = u+w,go-w,a+rX
               ALTERNATE_OWNER = carl.stanley
               ALTERNATIVE_DISTRIBUTION_WEB = NO
               ALWAYS_EMBED_SWIFT_STANDARD_LIBRARIES = NO
               ALWAYS_SEARCH_USER_PATHS = NO
               ALWAYS_USE_SEPARATE_HEADERMAPS = NO
               APPLE_INTERNAL_DEVELOPER_DIR = /AppleInternal/Developer
               APPLE_INTERNAL_DIR = /AppleInternal
               APPLE_INTERNAL_DOCUMENTATION_DIR = /AppleInternal/Documentation
               APPLE_INTERNAL_LIBRARY_DIR = /AppleInternal/Library
               APPLE_INTERNAL_TOOLS = /AppleInternal/Developer/Tools
               APPLICATION_EXTENSION_API_ONLY = NO
               APPLY_RULES_IN_COPY_FILES = NO
               APPLY_RULES_IN_COPY_HEADERS = NO
               APP_SHORTCUTS_ENABLE_FLEXIBLE_MATCHING = YES
               ARCHS = arm64 x86_64
               ARCHS_STANDARD = arm64 x86_64
               ARCHS_STANDARD_32_64_BIT = arm64 i386 x86_64
               ARCHS_STANDARD_32_BIT = i386
               ARCHS_STANDARD_64_BIT = arm64 x86_64
               ARCHS_STANDARD_INCLUDING_64_BIT = arm64 x86_64
               ARCHS_UNIVERSAL_IPHONE_OS = arm64 i386 x86_64
               ASSETCATALOG_COMPILER_GENERATE_ASSET_SYMBOLS = YES
               AUTOMATICALLY_MERGE_DEPENDENCIES = NO
               AVAILABLE_PLATFORMS = appletvos appletvsimulator driverkit iphoneos iphonesimulator macosx watchos watchsimulator xros xrsimulator
               BITCODE_GENERATION_MODE = marker
               BUILD_ACTIVE_RESOURCES_ONLY = NO
               BUILD_COMPONENTS = headers build
               BUILD_DIR = /Users/carl.stanley/sites/UKCPA/ukcpa_flutter/build/ios
               BUILD_LIBRARY_FOR_DISTRIBUTION = NO
               BUILD_ROOT = /Users/carl.stanley/sites/UKCPA/ukcpa_flutter/ios/build
               BUILD_STYLE = 
               BUILD_VARIANTS = normal
               BUILT_PRODUCTS_DIR = /Users/carl.stanley/sites/UKCPA/ukcpa_flutter/build/ios/Release-iphonesimulator/video_player_avfoundation
               BUNDLE_CONTENTS_FOLDER_PATH_deep = Contents/
               BUNDLE_EXECUTABLE_FOLDER_NAME_deep = MacOS
               BUNDLE_EXTENSIONS_FOLDER_PATH = Extensions
               BUNDLE_FORMAT = shallow
               BUNDLE_FRAMEWORKS_FOLDER_PATH = Frameworks
               BUNDLE_PLUGINS_FOLDER_PATH = PlugIns
               BUNDLE_PRIVATE_HEADERS_FOLDER_PATH = PrivateHeaders
               BUNDLE_PUBLIC_HEADERS_FOLDER_PATH = Headers
               CACHE_ROOT = /var/folders/20/skb3d8qx2hn9r9z8036y32g40000gp/C/com.apple.DeveloperTools/16.0-16A242d/Xcode
               CCHROOT = /var/folders/20/skb3d8qx2hn9r9z8036y32g40000gp/C/com.apple.DeveloperTools/16.0-16A242d/Xcode
               CHMOD = /bin/chmod
               CHOWN = /usr/sbin/chown
               CLANG_ANALYZER_LOCALIZABILITY_NONLOCALIZED = YES
               CLANG_ANALYZER_NONNULL = YES
               CLANG_ANALYZER_NUMBER_OBJECT_CONVERSION = YES_AGGRESSIVE
               CLANG_CACHE_FINE_GRAINED_OUTPUTS = YES
               CLANG_CXX_LANGUAGE_STANDARD = gnu++14
               CLANG_CXX_LIBRARY = libc++
               CLANG_ENABLE_EXPLICIT_MODULES = YES
               CLANG_ENABLE_MODULES = YES
               CLANG_ENABLE_OBJC_ARC = YES
               CLANG_ENABLE_OBJC_WEAK = NO
               CLANG_MODULES_BUILD_SESSION_FILE = /var/folders/20/skb3d8qx2hn9r9z8036y32g40000gp/C/org.llvm.clang/ModuleCache.noindex/Session.modulevalidation
               CLANG_WARN_BLOCK_CAPTURE_AUTORELEASING = YES
               CLANG_WARN_BOOL_CONVERSION = YES
               CLANG_WARN_COMMA = YES
               CLANG_WARN_CONSTANT_CONVERSION = YES
               CLANG_WARN_DEPRECATED_OBJC_IMPLEMENTATIONS = YES
               CLANG_WARN_DIRECT_OBJC_ISA_USAGE = YES_ERROR
               CLANG_WARN_DOCUMENTATION_COMMENTS = YES
               CLANG_WARN_EMPTY_BODY = YES
               CLANG_WARN_ENUM_CONVERSION = YES
               CLANG_WARN_INFINITE_RECURSION = YES
               CLANG_WARN_INT_CONVERSION = YES
               CLANG_WARN_NON_LITERAL_NULL_CONVERSION = YES
               CLANG_WARN_OBJC_IMPLICIT_RETAIN_SELF = YES
               CLANG_WARN_OBJC_LITERAL_CONVERSION = YES
               CLANG_WARN_OBJC_ROOT_CLASS = YES_ERROR
               CLANG_WARN_QUOTED_INCLUDE_IN_FRAMEWORK_HEADER = NO
               CLANG_WARN_RANGE_LOOP_ANALYSIS = YES
               CLANG_WARN_STRICT_PROTOTYPES = YES
               CLANG_WARN_SUSPICIOUS_MOVE = YES
               CLANG_WARN_UNGUARDED_AVAILABILITY = YES_AGGRESSIVE
               CLANG_WARN_UNREACHABLE_CODE = YES
               CLANG_WARN__DUPLICATE_METHOD_MATCH = YES
               CLASS_FILE_DIR = /Users/carl.stanley/sites/UKCPA/ukcpa_flutter/build/ios/Pods.build/Release-iphonesimulator/video_player_avfoundation.build/JavaClasses
               CLEAN_PRECOMPS = YES
               CLONE_HEADERS = NO
               CODESIGNING_FOLDER_PATH = /Users/carl.stanley/sites/UKCPA/ukcpa_flutter/build/ios/Release-iphonesimulator/video_player_avfoundation/video_player_avfoundation.framework
               CODE_SIGNING_ALLOWED = YES
               CODE_SIGNING_REQUIRED = NO
               CODE_SIGNING_REQUIRES_TEAM = YES
               CODE_SIGN_CONTEXT_CLASS = XCiPhoneSimulatorCodeSignContext
               CODE_SIGN_IDENTITY = -
               CODE_SIGN_INJECT_BASE_ENTITLEMENTS = YES
               COLOR_DIAGNOSTICS = NO
               COMBINE_HIDPI_IMAGES = NO
               COMPILATION_CACHE_CAS_PATH = /var/folders/20/skb3d8qx2hn9r9z8036y32g40000gp/C/com.apple.DeveloperTools/16.0-16A242d/Xcode/CompilationCache.noindex
               COMPILATION_CACHE_KEEP_CAS_DIRECTORY = YES
               COMPILER_INDEX_STORE_ENABLE = Default
               COMPOSITE_SDK_DIRS = /Users/carl.stanley/sites/UKCPA/ukcpa_flutter/build/ios/CompositeSDKs
               COMPRESS_PNG_FILES = YES
               CONFIGURATION = Release
               CONFIGURATION_BUILD_DIR = /Users/carl.stanley/sites/UKCPA/ukcpa_flutter/build/ios/Release-iphonesimulator/video_player_avfoundation
               CONFIGURATION_TEMP_DIR = /Users/carl.stanley/sites/UKCPA/ukcpa_flutter/build/ios/Pods.build/Release-iphonesimulator
               CONTENTS_FOLDER_PATH = video_player_avfoundation.framework
               CONTENTS_FOLDER_PATH_SHALLOW_BUNDLE_NO = video_player_avfoundation.framework/A
               CONTENTS_FOLDER_PATH_SHALLOW_BUNDLE_YES = video_player_avfoundation.framework
               COPYING_PRESERVES_HFS_DATA = NO
               COPY_HEADERS_RUN_UNIFDEF = NO
               COPY_PHASE_STRIP = NO
               CORRESPONDING_DEVICE_PLATFORM_DIR = /Applications/Xcode.app/Contents/Developer/Platforms/iPhoneOS.platform
               CORRESPONDING_DEVICE_PLATFORM_NAME = iphoneos
               CORRESPONDING_DEVICE_SDK_DIR = /Applications/Xcode.app/Contents/Developer/Platforms/iPhoneOS.platform/Developer/SDKs/iPhoneOS18.0.sdk
               CORRESPONDING_DEVICE_SDK_NAME = iphoneos18.0
               CP = /bin/cp
               CREATE_INFOPLIST_SECTION_IN_BINARY = NO
               CURRENT_ARCH = undefined_arch
               CURRENT_PROJECT_VERSION = 1
               CURRENT_VARIANT = normal
               CURRENT_VERSION = Current
               DEAD_CODE_STRIPPING = YES
               DEBUGGING_SYMBOLS = YES
               DEBUG_INFORMATION_FORMAT = dwarf-with-dsym
               DEBUG_INFORMATION_VERSION = compiler-default
               DEFAULT_COMPILER = com.apple.compilers.llvm.clang.1_0
               DEFAULT_DEXT_INSTALL_PATH = /System/Library/DriverExtensions
               DEFAULT_KEXT_INSTALL_PATH = /System/Library/Extensions
               DEFINES_MODULE = YES
               DEPLOYMENT_LOCATION = NO
               DEPLOYMENT_POSTPROCESSING = NO
               DEPLOYMENT_TARGET_SETTING_NAME = IPHONEOS_DEPLOYMENT_TARGET
               DEPLOYMENT_TARGET_SUGGESTED_VALUES = 12.0 12.1 12.2 12.3 12.4 13.0 13.1 13.2 13.3 13.4 13.5 13.6 14.0 14.1 14.2 14.3 14.4 14.5 14.6 14.7 15.0 15.1 15.2 15.3 15.4 15.5 15.6 16.0 16.1 16.2 16.3 16.4 16.5 16.6 17.0 17.1 17.2 17.3 17.4 17.5 17.6 18.0
               DERIVED_FILES_DIR = /Users/carl.stanley/sites/UKCPA/ukcpa_flutter/build/ios/Pods.build/Release-iphonesimulator/video_player_avfoundation.build/DerivedSources
               DERIVED_FILE_DIR = /Users/carl.stanley/sites/UKCPA/ukcpa_flutter/build/ios/Pods.build/Release-iphonesimulator/video_player_avfoundation.build/DerivedSources
               DERIVED_SOURCES_DIR = /Users/carl.stanley/sites/UKCPA/ukcpa_flutter/build/ios/Pods.build/Release-iphonesimulator/video_player_avfoundation.build/DerivedSources
               DEVELOPER_APPLICATIONS_DIR = /Applications/Xcode.app/Contents/Developer/Applications
               DEVELOPER_BIN_DIR = /Applications/Xcode.app/Contents/Developer/usr/bin
               DEVELOPER_DIR = /Applications/Xcode.app/Contents/Developer
               DEVELOPER_FRAMEWORKS_DIR = /Applications/Xcode.app/Contents/Developer/Library/Frameworks
               DEVELOPER_FRAMEWORKS_DIR_QUOTED = /Applications/Xcode.app/Contents/Developer/Library/Frameworks
               DEVELOPER_LIBRARY_DIR = /Applications/Xcode.app/Contents/Developer/Library
               DEVELOPER_SDK_DIR = /Applications/Xcode.app/Contents/Developer/Platforms/MacOSX.platform/Developer/SDKs
               DEVELOPER_TOOLS_DIR = /Applications/Xcode.app/Contents/Developer/Tools
               DEVELOPER_USR_DIR = /Applications/Xcode.app/Contents/Developer/usr
               DEVELOPMENT_LANGUAGE = en
               DIFF = /usr/bin/diff
               DOCUMENTATION_FOLDER_PATH = video_player_avfoundation.framework/en.lproj/Documentation
               DONT_GENERATE_INFOPLIST_FILE = NO
               DSTROOT = /tmp/Pods.dst
               DT_TOOLCHAIN_DIR = /Applications/Xcode.app/Contents/Developer/Toolchains/XcodeDefault.xctoolchain
               DWARF_DSYM_FILE_NAME = video_player_avfoundation.framework.dSYM
               DWARF_DSYM_FILE_SHOULD_ACCOMPANY_PRODUCT = NO
               DWARF_DSYM_FOLDER_PATH = /Users/carl.stanley/sites/UKCPA/ukcpa_flutter/build/ios/Release-iphonesimulator/video_player_avfoundation
               DYLIB_COMPATIBILITY_VERSION = 1
               DYLIB_CURRENT_VERSION = 1
               DYLIB_INSTALL_NAME_BASE = @rpath
               DYNAMIC_LIBRARY_EXTENSION = dylib
               EAGER_COMPILATION_ALLOW_SCRIPTS = NO
               EAGER_LINKING = NO
               EFFECTIVE_PLATFORM_NAME = -iphonesimulator
               EMBEDDED_CONTENT_CONTAINS_SWIFT = NO
               EMBED_ASSET_PACKS_IN_PRODUCT_BUNDLE = NO
               ENABLE_APP_SANDBOX = NO
               ENABLE_BITCODE = NO
               ENABLE_CODE_COVERAGE = YES
               ENABLE_DEFAULT_HEADER_SEARCH_PATHS = YES
               ENABLE_DEFAULT_SEARCH_PATHS = YES
               ENABLE_HARDENED_RUNTIME = NO
               ENABLE_HEADER_DEPENDENCIES = YES
               ENABLE_MODULE_VERIFIER = NO
               ENABLE_NS_ASSERTIONS = NO
               ENABLE_ON_DEMAND_RESOURCES = NO
               ENABLE_STRICT_OBJC_MSGSEND = YES
               ENABLE_TESTABILITY = NO
               ENABLE_TESTING_SEARCH_PATHS = NO
               ENABLE_USER_SCRIPT_SANDBOXING = NO
               ENTITLEMENTS_DESTINATION = __entitlements
               ENTITLEMENTS_REQUIRED = NO
               EXCLUDED_ARCHS =  i386
               EXCLUDED_INSTALLSRC_SUBDIRECTORY_PATTERNS = .DS_Store .svn .git .hg CVS
               EXCLUDED_RECURSIVE_SEARCH_PATH_SUBDIRECTORIES = *.nib *.lproj *.framework *.gch *.xcode* *.xcassets (*) .DS_Store CVS .svn .git .hg *.pbproj *.pbxproj
               EXECUTABLES_FOLDER_PATH = video_player_avfoundation.framework/en.lproj
               EXECUTABLE_FOLDER_PATH = video_player_avfoundation.framework
               EXECUTABLE_FOLDER_PATH_SHALLOW_BUNDLE_NO = video_player_avfoundation.framework
               EXECUTABLE_FOLDER_PATH_SHALLOW_BUNDLE_YES = video_player_avfoundation.framework
               EXECUTABLE_NAME = video_player_avfoundation
               EXECUTABLE_PATH = video_player_avfoundation.framework/video_player_avfoundation
               EXTENSIONS_FOLDER_PATH = video_player_avfoundation.framework/Extensions
               FILE_LIST = /Users/carl.stanley/sites/UKCPA/ukcpa_flutter/build/ios/Pods.build/Release-iphonesimulator/video_player_avfoundation.build/Objects/LinkFileList
               FIXED_FILES_DIR = /Users/carl.stanley/sites/UKCPA/ukcpa_flutter/build/ios/Pods.build/Release-iphonesimulator/video_player_avfoundation.build/FixedFiles
               FRAMEWORKS_FOLDER_PATH = video_player_avfoundation.framework/Frameworks
               FRAMEWORK_FLAG_PREFIX = -framework
               FRAMEWORK_SEARCH_PATHS = /Users/carl.stanley/sites/UKCPA/ukcpa_flutter/build/ios/Release-iphonesimulator/video_player_avfoundation "/Users/carl.stanley/development/flutter/bin/cache/artifacts/engine/ios-release/Flutter.xcframework/ios-arm64_x86_64-simulator" 
               FRAMEWORK_VERSION = A
               FULL_PRODUCT_NAME = video_player_avfoundation.framework
               FUSE_BUILD_PHASES = YES
               FUSE_BUILD_SCRIPT_PHASES = NO
               GCC3_VERSION = 3.3
               GCC_C_LANGUAGE_STANDARD = gnu11
               GCC_INLINES_ARE_PRIVATE_EXTERN = YES
               GCC_NO_COMMON_BLOCKS = YES
               GCC_OBJC_LEGACY_DISPATCH = YES
               GCC_PFE_FILE_C_DIALECTS = c objective-c c++ objective-c++
               GCC_PREFIX_HEADER = Target Support Files/video_player_avfoundation/video_player_avfoundation-prefix.pch
               GCC_PREPROCESSOR_DEFINITIONS = POD_CONFIGURATION_RELEASE=1  COCOAPODS=1
               GCC_TREAT_WARNINGS_AS_ERRORS = NO
               GCC_VERSION = com.apple.compilers.llvm.clang.1_0
               GCC_VERSION_IDENTIFIER = com_apple_compilers_llvm_clang_1_0
               GCC_WARN_64_TO_32_BIT_CONVERSION = YES
               GCC_WARN_ABOUT_RETURN_TYPE = YES_ERROR
               GCC_WARN_UNDECLARED_SELECTOR = YES
               GCC_WARN_UNINITIALIZED_AUTOS = YES_AGGRESSIVE
               GCC_WARN_UNUSED_FUNCTION = YES
               GCC_WARN_UNUSED_VARIABLE = YES
               GENERATED_MODULEMAP_DIR = /Users/carl.stanley/sites/UKCPA/ukcpa_flutter/build/ios/GeneratedModuleMaps-iphonesimulator
               GENERATE_INFOPLIST_FILE = NO
               GENERATE_INTERMEDIATE_TEXT_BASED_STUBS = YES
               GENERATE_MASTER_OBJECT_FILE = NO
               GENERATE_PKGINFO_FILE = NO
               GENERATE_PROFILING_CODE = NO
               GENERATE_TEXT_BASED_STUBS = NO
               GID = 20
               GROUP = staff
               HEADERMAP_INCLUDES_FLAT_ENTRIES_FOR_TARGET_BEING_BUILT = YES
               HEADERMAP_INCLUDES_FRAMEWORK_ENTRIES_FOR_ALL_PRODUCT_TYPES = YES
               HEADERMAP_INCLUDES_FRAMEWORK_ENTRIES_FOR_TARGETS_NOT_BEING_BUILT = YES
               HEADERMAP_INCLUDES_NONPUBLIC_NONPRIVATE_HEADERS = YES
               HEADERMAP_INCLUDES_PROJECT_HEADERS = YES
               HEADERMAP_USES_FRAMEWORK_PREFIX_ENTRIES = YES
               HEADERMAP_USES_VFS = YES
               HEADER_SEARCH_PATHS = /Users/carl.stanley/sites/UKCPA/ukcpa_flutter/build/ios/Release-iphonesimulator/video_player_avfoundation/include 
               HIDE_BITCODE_SYMBOLS = YES
               HOME = /Users/carl.stanley
               HOST_ARCH = arm64
               HOST_PLATFORM = macosx
               ICONV = /usr/bin/iconv
               IMPLICIT_DEPENDENCY_DOMAIN = default
               INFOPLIST_ENABLE_CFBUNDLEICONS_MERGE = YES
               INFOPLIST_EXPAND_BUILD_SETTINGS = YES
               INFOPLIST_FILE = Target Support Files/video_player_avfoundation/video_player_avfoundation-Info.plist
               INFOPLIST_OUTPUT_FORMAT = binary
               INFOPLIST_PATH = video_player_avfoundation.framework/Info.plist
               INFOPLIST_PREPROCESS = NO
               INFOSTRINGS_PATH = video_player_avfoundation.framework/en.lproj/InfoPlist.strings
               INLINE_PRIVATE_FRAMEWORKS = NO
               INSTALLHDRS_COPY_PHASE = NO
               INSTALLHDRS_SCRIPT_PHASE = NO
               INSTALL_DIR = /tmp/Pods.dst/Library/Frameworks
               INSTALL_GROUP = staff
               INSTALL_MODE_FLAG = u+w,go-w,a+rX
               INSTALL_OWNER = carl.stanley
               INSTALL_PATH = /Library/Frameworks
               INSTALL_ROOT = /tmp/Pods.dst
               IPHONEOS_DEPLOYMENT_TARGET = 13.0
               IS_UNOPTIMIZED_BUILD = NO
               JAVAC_DEFAULT_FLAGS = -J-Xms64m -J-XX:NewSize=4M -J-Dfile.encoding=UTF8
               JAVA_APP_STUB = /System/Library/Frameworks/JavaVM.framework/Resources/MacOS/JavaApplicationStub
               JAVA_ARCHIVE_CLASSES = YES
               JAVA_ARCHIVE_TYPE = JAR
               JAVA_COMPILER = /usr/bin/javac
               JAVA_FOLDER_PATH = video_player_avfoundation.framework/Java
               JAVA_FRAMEWORK_RESOURCES_DIRS = Resources
               JAVA_JAR_FLAGS = cv
               JAVA_SOURCE_SUBDIR = .
               JAVA_USE_DEPENDENCIES = YES
               JAVA_ZIP_FLAGS = -urg
               JIKES_DEFAULT_FLAGS = +E +OLDCSO
               KEEP_PRIVATE_EXTERNS = NO
               LD_DEPENDENCY_INFO_FILE = /Users/carl.stanley/sites/UKCPA/ukcpa_flutter/build/ios/Pods.build/Release-iphonesimulator/video_player_avfoundation.build/Objects-normal/undefined_arch/video_player_avfoundation_dependency_info.dat
               LD_DYLIB_INSTALL_NAME = @rpath/video_player_avfoundation.framework/video_player_avfoundation
               LD_EXPORT_SYMBOLS = YES
               LD_GENERATE_MAP_FILE = NO
               LD_MAP_FILE_PATH = /Users/carl.stanley/sites/UKCPA/ukcpa_flutter/build/ios/Pods.build/Release-iphonesimulator/video_player_avfoundation.build/video_player_avfoundation-LinkMap-normal-undefined_arch.txt
               LD_NO_PIE = NO
               LD_QUOTE_LINKER_ARGUMENTS_FOR_COMPILER_DRIVER = YES
               LD_RUNPATH_SEARCH_PATHS =  @executable_path/Frameworks @loader_path/Frameworks
               LD_SHARED_CACHE_ELIGIBLE = Automatic
               LD_WARN_DUPLICATE_LIBRARIES = NO
               LD_WARN_UNUSED_DYLIBS = NO
               LEGACY_DEVELOPER_DIR = /Applications/Xcode.app/Contents/PlugIns/Xcode3Core.ideplugin/Contents/SharedSupport/Developer
               LEX = lex
               LIBRARY_DEXT_INSTALL_PATH = /Library/DriverExtensions
               LIBRARY_FLAG_NOSPACE = YES
               LIBRARY_FLAG_PREFIX = -l
               LIBRARY_KEXT_INSTALL_PATH = /Library/Extensions
               LIBRARY_SEARCH_PATHS = /Users/carl.stanley/sites/UKCPA/ukcpa_flutter/build/ios/Release-iphonesimulator/video_player_avfoundation 
               LINKER_DISPLAYS_MANGLED_NAMES = NO
               LINK_FILE_LIST_normal_arm64 = /Users/carl.stanley/sites/UKCPA/ukcpa_flutter/build/ios/Pods.build/Release-iphonesimulator/video_player_avfoundation.build/Objects-normal/arm64/video_player_avfoundation.LinkFileList
               LINK_FILE_LIST_normal_x86_64 = /Users/carl.stanley/sites/UKCPA/ukcpa_flutter/build/ios/Pods.build/Release-iphonesimulator/video_player_avfoundation.build/Objects-normal/x86_64/video_player_avfoundation.LinkFileList
               LINK_OBJC_RUNTIME = YES
               LINK_WITH_STANDARD_LIBRARIES = YES
               LLVM_TARGET_TRIPLE_OS_VERSION = ios13.0
               LLVM_TARGET_TRIPLE_SUFFIX = -simulator
               LLVM_TARGET_TRIPLE_VENDOR = apple
               LM_AUX_CONST_METADATA_LIST_PATH_normal_arm64 = /Users/carl.stanley/sites/UKCPA/ukcpa_flutter/build/ios/Pods.build/Release-iphonesimulator/video_player_avfoundation.build/Objects-normal/arm64/video_player_avfoundation.SwiftConstValuesFileList
               LM_AUX_CONST_METADATA_LIST_PATH_normal_x86_64 = /Users/carl.stanley/sites/UKCPA/ukcpa_flutter/build/ios/Pods.build/Release-iphonesimulator/video_player_avfoundation.build/Objects-normal/x86_64/video_player_avfoundation.SwiftConstValuesFileList
               LOCALIZATION_EXPORT_SUPPORTED = YES
               LOCALIZATION_PREFERS_STRING_CATALOGS = NO
               LOCALIZED_RESOURCES_FOLDER_PATH = video_player_avfoundation.framework/en.lproj
               LOCALIZED_STRING_MACRO_NAMES = NSLocalizedString CFCopyLocalizedString
               LOCALIZED_STRING_SWIFTUI_SUPPORT = YES
               LOCAL_ADMIN_APPS_DIR = /Applications/Utilities
               LOCAL_APPS_DIR = /Applications
               LOCAL_DEVELOPER_DIR = /Library/Developer
               LOCAL_LIBRARY_DIR = /Library
               LOCROOT = /Users/carl.stanley/sites/UKCPA/ukcpa_flutter/ios/Pods
               LOCSYMROOT = /Users/carl.stanley/sites/UKCPA/ukcpa_flutter/ios/Pods
               MACH_O_TYPE = mh_dylib
               MAC_OS_X_PRODUCT_BUILD_VERSION = 24G84
               MAC_OS_X_VERSION_ACTUAL = 150600
               MAC_OS_X_VERSION_MAJOR = 150000
               MAC_OS_X_VERSION_MINOR = 150600
               MAKE_MERGEABLE = NO
               MERGEABLE_LIBRARY = NO
               MERGED_BINARY_TYPE = none
               MERGE_LINKED_LIBRARIES = NO
               METAL_LIBRARY_FILE_BASE = default
               METAL_LIBRARY_OUTPUT_DIR = /Users/carl.stanley/sites/UKCPA/ukcpa_flutter/build/ios/Release-iphonesimulator/video_player_avfoundation/video_player_avfoundation.framework
               MODULEMAP_FILE = Target Support Files/video_player_avfoundation/video_player_avfoundation.modulemap
               MODULES_FOLDER_PATH = video_player_avfoundation.framework/Modules
               MTL_ENABLE_DEBUG_INFO = NO
               MTL_FAST_MATH = YES
               NATIVE_ARCH = arm64
               NATIVE_ARCH_32_BIT = arm
               NATIVE_ARCH_64_BIT = arm64
               NATIVE_ARCH_ACTUAL = arm64
               NO_COMMON = YES
               OBJC_ABI_VERSION = 2
               OBJECT_FILE_DIR = /Users/carl.stanley/sites/UKCPA/ukcpa_flutter/build/ios/Pods.build/Release-iphonesimulator/video_player_avfoundation.build/Objects
               OBJECT_FILE_DIR_normal = /Users/carl.stanley/sites/UKCPA/ukcpa_flutter/build/ios/Pods.build/Release-iphonesimulator/video_player_avfoundation.build/Objects-normal
               OBJROOT = /Users/carl.stanley/sites/UKCPA/ukcpa_flutter/build/ios
               ONLY_ACTIVE_ARCH = NO
               OS = MACOS
               OSAC = /usr/bin/osacompile
               OTHER_LDFLAGS =  -framework Flutter
               PACKAGE_TYPE = com.apple.package-type.wrapper.framework
               PASCAL_STRINGS = YES
               PATH = /Applications/Xcode.app/Contents/SharedFrameworks/XCBuild.framework/Versions/A/PlugIns/XCBBuildService.bundle/Contents/PlugIns/XCBSpecifications.ideplugin/Contents/Resources:/Applications/Xcode.app/Contents/SharedFrameworks/XCBuild.framework/Versions/A/PlugIns/XCBBuildService.bundle/Contents/PlugIns/XCBSpecifications.ideplugin:/Applications/Xcode.app/Contents/Developer/Toolchains/XcodeDefault.xctoolchain/usr/bin:/Applications/Xcode.app/Contents/Developer/Toolchains/XcodeDefault.xctoolchain/usr/appleinternal/bin:/Applications/Xcode.app/Contents/Developer/Toolchains/XcodeDefault.xctoolchain/usr/local/bin:/Applications/Xcode.app/Contents/Developer/Toolchains/XcodeDefault.xctoolchain/usr/libexec:/Applications/Xcode.app/Contents/Developer/Platforms/iPhoneSimulator.platform/usr/bin:/Applications/Xcode.app/Contents/Developer/Platforms/iPhoneSimulator.platform/usr/appleinternal/bin:/Applications/Xcode.app/Contents/Developer/Platforms/iPhoneSimulator.platform/usr/local/bin:/Applications/Xcode.app/Contents/Developer/Platforms/iPhoneSimulator.platform/Developer/usr/bin:/Applications/Xcode.app/Contents/Developer/Platforms/iPhoneSimulator.platform/Developer/usr/local/bin:/Applications/Xcode.app/Contents/Developer/usr/bin:/Applications/Xcode.app/Contents/Developer/usr/local/bin:/opt/homebrew/Cellar/pyenv-virtualenv/1.2.4/shims:/Users/carl.stanley/.pyenv/shims:/Users/carl.stanley/.pyenv/bin:/Users/carl.stanley/.nvm/versions/node/v18.17.0/bin:/Users/carl.stanley/development/flutter/bin:/opt/homebrew/bin:/opt/homebrew/sbin:/Users/carl.stanley/.local/bin:/usr/local/bin:/System/Cryptexes/App/usr/bin:/usr/bin:/bin:/usr/sbin:/sbin:/var/run/com.apple.security.cryptexd/codex.system/bootstrap/usr/local/bin:/var/run/com.apple.security.cryptexd/codex.system/bootstrap/usr/bin:/var/run/com.apple.security.cryptexd/codex.system/bootstrap/usr/appleinternal/bin:/Library/Apple/usr/bin:/usr/local/sbin:/usr/local/go/bin:/Users/carl.stanley/.pub-cache/bin
               PATH_PREFIXES_EXCLUDED_FROM_HEADER_DEPENDENCIES = /usr/include /usr/local/include /System/Library/Frameworks /System/Library/PrivateFrameworks /Applications/Xcode.app/Contents/Developer/Headers /Applications/Xcode.app/Contents/Developer/SDKs /Applications/Xcode.app/Contents/Developer/Platforms
               PBDEVELOPMENTPLIST_PATH = video_player_avfoundation.framework/pbdevelopment.plist
               PER_ARCH_OBJECT_FILE_DIR = /Users/carl.stanley/sites/UKCPA/ukcpa_flutter/build/ios/Pods.build/Release-iphonesimulator/video_player_avfoundation.build/Objects-normal/undefined_arch
               PER_VARIANT_OBJECT_FILE_DIR = /Users/carl.stanley/sites/UKCPA/ukcpa_flutter/build/ios/Pods.build/Release-iphonesimulator/video_player_avfoundation.build/Objects-normal
               PKGINFO_FILE_PATH = /Users/carl.stanley/sites/UKCPA/ukcpa_flutter/build/ios/Pods.build/Release-iphonesimulator/video_player_avfoundation.build/PkgInfo
               PKGINFO_PATH = video_player_avfoundation.framework/PkgInfo
               PLATFORM_DEVELOPER_APPLICATIONS_DIR = /Applications/Xcode.app/Contents/Developer/Platforms/iPhoneSimulator.platform/Developer/Applications
               PLATFORM_DEVELOPER_BIN_DIR = /Applications/Xcode.app/Contents/Developer/Platforms/iPhoneSimulator.platform/Developer/usr/bin
               PLATFORM_DEVELOPER_LIBRARY_DIR = /Applications/Xcode.app/Contents/Developer/Platforms/iPhoneSimulator.platform/Developer/Library
               PLATFORM_DEVELOPER_SDK_DIR = /Applications/Xcode.app/Contents/Developer/Platforms/iPhoneSimulator.platform/Developer/SDKs
               PLATFORM_DEVELOPER_TOOLS_DIR = /Applications/Xcode.app/Contents/Developer/Platforms/iPhoneSimulator.platform/Developer/Tools
               PLATFORM_DEVELOPER_USR_DIR = /Applications/Xcode.app/Contents/Developer/Platforms/iPhoneSimulator.platform/Developer/usr
               PLATFORM_DIR = /Applications/Xcode.app/Contents/Developer/Platforms/iPhoneSimulator.platform
               PLATFORM_DISPLAY_NAME = iOS Simulator
               PLATFORM_FAMILY_NAME = iOS
               PLATFORM_NAME = iphonesimulator
               PLATFORM_PREFERRED_ARCH = x86_64
               PLATFORM_PRODUCT_BUILD_VERSION = 22A3362
               PLIST_FILE_OUTPUT_FORMAT = binary
               PLUGINS_FOLDER_PATH = video_player_avfoundation.framework/PlugIns
               PODS_BUILD_DIR = /Users/carl.stanley/sites/UKCPA/ukcpa_flutter/build/ios
               PODS_CONFIGURATION_BUILD_DIR = /Users/carl.stanley/sites/UKCPA/ukcpa_flutter/build/ios/Release-iphonesimulator
               PODS_DEVELOPMENT_LANGUAGE = en
               PODS_ROOT = /Users/carl.stanley/sites/UKCPA/ukcpa_flutter/ios/Pods
               PODS_TARGET_SRCROOT = /Users/carl.stanley/sites/UKCPA/ukcpa_flutter/ios/Pods/../.symlinks/plugins/video_player_avfoundation/darwin
               PODS_XCFRAMEWORKS_BUILD_DIR = /Users/carl.stanley/sites/UKCPA/ukcpa_flutter/build/ios/Release-iphonesimulator/XCFrameworkIntermediates
               PRECOMPS_INCLUDE_HEADERS_FROM_BUILT_PRODUCTS_DIR = YES
               PRECOMP_DESTINATION_DIR = /Users/carl.stanley/sites/UKCPA/ukcpa_flutter/build/ios/Pods.build/Release-iphonesimulator/video_player_avfoundation.build/PrefixHeaders
               PRIVATE_HEADERS_FOLDER_PATH = video_player_avfoundation.framework/PrivateHeaders
               PROCESSED_INFOPLIST_PATH = /Users/carl.stanley/sites/UKCPA/ukcpa_flutter/build/ios/Pods.build/Release-iphonesimulator/video_player_avfoundation.build/Objects-normal/undefined_arch/Processed-Info.plist
               PRODUCT_BUNDLE_IDENTIFIER = org.cocoapods.video-player-avfoundation
               PRODUCT_BUNDLE_PACKAGE_TYPE = FMWK
               PRODUCT_MODULE_NAME = video_player_avfoundation
               PRODUCT_NAME = video_player_avfoundation
               PRODUCT_SETTINGS_PATH = /Users/carl.stanley/sites/UKCPA/ukcpa_flutter/ios/Pods/Target Support Files/video_player_avfoundation/video_player_avfoundation-Info.plist
               PRODUCT_TYPE = com.apple.product-type.framework
               PROFILING_CODE = NO
               PROJECT = Pods
               PROJECT_DERIVED_FILE_DIR = /Users/carl.stanley/sites/UKCPA/ukcpa_flutter/build/ios/Pods.build/DerivedSources
               PROJECT_DIR = /Users/carl.stanley/sites/UKCPA/ukcpa_flutter/ios/Pods
               PROJECT_FILE_PATH = /Users/carl.stanley/sites/UKCPA/ukcpa_flutter/ios/Pods/Pods.xcodeproj
               PROJECT_GUID = bfdfe7dc352907fc980b868725387e98
               PROJECT_NAME = Pods
               PROJECT_TEMP_DIR = /Users/carl.stanley/sites/UKCPA/ukcpa_flutter/build/ios/Pods.build
               PROJECT_TEMP_ROOT = /Users/carl.stanley/sites/UKCPA/ukcpa_flutter/build/ios
               PUBLIC_HEADERS_FOLDER_PATH = video_player_avfoundation.framework/Headers
               RECOMMENDED_IPHONEOS_DEPLOYMENT_TARGET = 15.0
               RECURSIVE_SEARCH_PATHS_FOLLOW_SYMLINKS = YES
               REMOVE_CVS_FROM_RESOURCES = YES
               REMOVE_GIT_FROM_RESOURCES = YES
               REMOVE_HEADERS_FROM_EMBEDDED_BUNDLES = YES
               REMOVE_HG_FROM_RESOURCES = YES
               REMOVE_STATIC_EXECUTABLES_FROM_EMBEDDED_BUNDLES = YES
               REMOVE_SVN_FROM_RESOURCES = YES
               RESCHEDULE_INDEPENDENT_HEADERS_PHASES = YES
               REZ_COLLECTOR_DIR = /Users/carl.stanley/sites/UKCPA/ukcpa_flutter/build/ios/Pods.build/Release-iphonesimulator/video_player_avfoundation.build/ResourceManagerResources
               REZ_OBJECTS_DIR = /Users/carl.stanley/sites/UKCPA/ukcpa_flutter/build/ios/Pods.build/Release-iphonesimulator/video_player_avfoundation.build/ResourceManagerResources/Objects
               REZ_SEARCH_PATHS = /Users/carl.stanley/sites/UKCPA/ukcpa_flutter/build/ios/Release-iphonesimulator/video_player_avfoundation 
               SCAN_ALL_SOURCE_FILES_FOR_INCLUDES = NO
               SCRIPTS_FOLDER_PATH = video_player_avfoundation.framework/Scripts
               SDKROOT = /Applications/Xcode.app/Contents/Developer/Platforms/iPhoneSimulator.platform/Developer/SDKs/iPhoneSimulator18.0.sdk
               SDK_DIR = /Applications/Xcode.app/Contents/Developer/Platforms/iPhoneSimulator.platform/Developer/SDKs/iPhoneSimulator18.0.sdk
               SDK_DIR_iphonesimulator = /Applications/Xcode.app/Contents/Developer/Platforms/iPhoneSimulator.platform/Developer/SDKs/iPhoneSimulator18.0.sdk
               SDK_DIR_iphonesimulator18_0 = /Applications/Xcode.app/Contents/Developer/Platforms/iPhoneSimulator.platform/Developer/SDKs/iPhoneSimulator18.0.sdk
               SDK_NAME = iphonesimulator18.0
               SDK_NAMES = iphonesimulator18.0
               SDK_PRODUCT_BUILD_VERSION = 22A3362
               SDK_STAT_CACHE_DIR = /var/folders/20/skb3d8qx2hn9r9z8036y32g40000gp/C/com.apple.DeveloperTools/16.0-16A242d/Xcode
               SDK_STAT_CACHE_ENABLE = YES
               SDK_STAT_CACHE_PATH = /var/folders/20/skb3d8qx2hn9r9z8036y32g40000gp/C/com.apple.DeveloperTools/16.0-16A242d/Xcode/SDKStatCaches.noindex/iphonesimulator18.0-22A3362-db63dc9361471f152f572502bdbfe70a.sdkstatcache
               SDK_VERSION = 18.0
               SDK_VERSION_ACTUAL = 180000
               SDK_VERSION_MAJOR = 180000
               SDK_VERSION_MINOR = 180000
               SED = /usr/bin/sed
               SEPARATE_STRIP = NO
               SEPARATE_SYMBOL_EDIT = NO
               SET_DIR_MODE_OWNER_GROUP = YES
               SET_FILE_MODE_OWNER_GROUP = NO
               SHALLOW_BUNDLE = YES
               SHALLOW_BUNDLE_TRIPLE = ios-simulator
               SHALLOW_BUNDLE_ios_macabi = NO
               SHALLOW_BUNDLE_macos = NO
               SHARED_DERIVED_FILE_DIR = /Users/carl.stanley/sites/UKCPA/ukcpa_flutter/build/ios/Release-iphonesimulator/video_player_avfoundation/DerivedSources
               SHARED_FRAMEWORKS_FOLDER_PATH = video_player_avfoundation.framework/SharedFrameworks
               SHARED_PRECOMPS_DIR = /Users/carl.stanley/sites/UKCPA/ukcpa_flutter/build/ios/SharedPrecompiledHeaders
               SHARED_SUPPORT_FOLDER_PATH = video_player_avfoundation.framework
               SKIP_INSTALL = YES
               SOURCE_ROOT = /Users/carl.stanley/sites/UKCPA/ukcpa_flutter/ios/Pods
               SRCROOT = /Users/carl.stanley/sites/UKCPA/ukcpa_flutter/ios/Pods
               STRINGSDATA_DIR = /Users/carl.stanley/sites/UKCPA/ukcpa_flutter/build/ios/Pods.build/Release-iphonesimulator/video_player_avfoundation.build/Objects-normal/undefined_arch
               STRINGSDATA_ROOT = /Users/carl.stanley/sites/UKCPA/ukcpa_flutter/build/ios/Pods.build/Release-iphonesimulator/video_player_avfoundation.build
               STRINGS_FILE_INFOPLIST_RENAME = YES
               STRINGS_FILE_OUTPUT_ENCODING = binary
               STRIP_BITCODE_FROM_COPIED_FILES = NO
               STRIP_INSTALLED_PRODUCT = NO
               STRIP_STYLE = debugging
               STRIP_SWIFT_SYMBOLS = YES
               SUPPORTED_DEVICE_FAMILIES = 1,2
               SUPPORTED_PLATFORMS = iphoneos iphonesimulator
               SUPPORTS_TEXT_BASED_API = NO
               SUPPRESS_WARNINGS = NO
               SWIFT_ACTIVE_COMPILATION_CONDITIONS =  
               SWIFT_COMPILATION_MODE = wholemodule
               SWIFT_EMIT_LOC_STRINGS = NO
               SWIFT_INSTALL_MODULE_FOR_DEPLOYMENT = YES
               SWIFT_INSTALL_OBJC_HEADER = YES
               SWIFT_OPTIMIZATION_LEVEL = -O
               SWIFT_PLATFORM_TARGET_PREFIX = ios
               SWIFT_RESPONSE_FILE_PATH_normal_arm64 = /Users/carl.stanley/sites/UKCPA/ukcpa_flutter/build/ios/Pods.build/Release-iphonesimulator/video_player_avfoundation.build/Objects-normal/arm64/video_player_avfoundation.SwiftFileList
               SWIFT_RESPONSE_FILE_PATH_normal_x86_64 = /Users/carl.stanley/sites/UKCPA/ukcpa_flutter/build/ios/Pods.build/Release-iphonesimulator/video_player_avfoundation.build/Objects-normal/x86_64/video_player_avfoundation.SwiftFileList
               SWIFT_VERSION = 5.0
               SYMROOT = /Users/carl.stanley/sites/UKCPA/ukcpa_flutter/ios/build
               SYSTEM_ADMIN_APPS_DIR = /Applications/Utilities
               SYSTEM_APPS_DIR = /Applications
               SYSTEM_CORE_SERVICES_DIR = /System/Library/CoreServices
               SYSTEM_DEMOS_DIR = /Applications/Extras
               SYSTEM_DEVELOPER_APPS_DIR = /Applications/Xcode.app/Contents/Developer/Applications
               SYSTEM_DEVELOPER_BIN_DIR = /Applications/Xcode.app/Contents/Developer/usr/bin
               SYSTEM_DEVELOPER_DEMOS_DIR = /Applications/Xcode.app/Contents/Developer/Applications/Utilities/Built Examples
               SYSTEM_DEVELOPER_DIR = /Applications/Xcode.app/Contents/Developer
               SYSTEM_DEVELOPER_DOC_DIR = /Applications/Xcode.app/Contents/Developer/ADC Reference Library
               SYSTEM_DEVELOPER_GRAPHICS_TOOLS_DIR = /Applications/Xcode.app/Contents/Developer/Applications/Graphics Tools
               SYSTEM_DEVELOPER_JAVA_TOOLS_DIR = /Applications/Xcode.app/Contents/Developer/Applications/Java Tools
               SYSTEM_DEVELOPER_PERFORMANCE_TOOLS_DIR = /Applications/Xcode.app/Contents/Developer/Applications/Performance Tools
               SYSTEM_DEVELOPER_RELEASENOTES_DIR = /Applications/Xcode.app/Contents/Developer/ADC Reference Library/releasenotes
               SYSTEM_DEVELOPER_TOOLS = /Applications/Xcode.app/Contents/Developer/Tools
               SYSTEM_DEVELOPER_TOOLS_DOC_DIR = /Applications/Xcode.app/Contents/Developer/ADC Reference Library/documentation/DeveloperTools
               SYSTEM_DEVELOPER_TOOLS_RELEASENOTES_DIR = /Applications/Xcode.app/Contents/Developer/ADC Reference Library/releasenotes/DeveloperTools
               SYSTEM_DEVELOPER_USR_DIR = /Applications/Xcode.app/Contents/Developer/usr
               SYSTEM_DEVELOPER_UTILITIES_DIR = /Applications/Xcode.app/Contents/Developer/Applications/Utilities
               SYSTEM_DEXT_INSTALL_PATH = /System/Library/DriverExtensions
               SYSTEM_DOCUMENTATION_DIR = /Library/Documentation
               SYSTEM_EXTENSIONS_FOLDER_PATH = video_player_avfoundation.framework/SystemExtensions
               SYSTEM_EXTENSIONS_FOLDER_PATH_SHALLOW_BUNDLE_NO = video_player_avfoundation.framework/Library/SystemExtensions
               SYSTEM_EXTENSIONS_FOLDER_PATH_SHALLOW_BUNDLE_YES = video_player_avfoundation.framework/SystemExtensions
               SYSTEM_KEXT_INSTALL_PATH = /System/Library/Extensions
               SYSTEM_LIBRARY_DIR = /System/Library
               TAPI_DEMANGLE = YES
               TAPI_ENABLE_PROJECT_HEADERS = NO
               TAPI_LANGUAGE = objective-c
               TAPI_LANGUAGE_STANDARD = compiler-default
               TAPI_USE_SRCROOT = YES
               TAPI_VERIFY_MODE = Pedantic
               TARGETED_DEVICE_FAMILY = 1,2
               TARGETNAME = video_player_avfoundation
               TARGET_BUILD_DIR = /Users/carl.stanley/sites/UKCPA/ukcpa_flutter/build/ios/Release-iphonesimulator/video_player_avfoundation
               TARGET_NAME = video_player_avfoundation
               TARGET_TEMP_DIR = /Users/carl.stanley/sites/UKCPA/ukcpa_flutter/build/ios/Pods.build/Release-iphonesimulator/video_player_avfoundation.build
               TEMP_DIR = /Users/carl.stanley/sites/UKCPA/ukcpa_flutter/build/ios/Pods.build/Release-iphonesimulator/video_player_avfoundation.build
               TEMP_FILES_DIR = /Users/carl.stanley/sites/UKCPA/ukcpa_flutter/build/ios/Pods.build/Release-iphonesimulator/video_player_avfoundation.build
               TEMP_FILE_DIR = /Users/carl.stanley/sites/UKCPA/ukcpa_flutter/build/ios/Pods.build/Release-iphonesimulator/video_player_avfoundation.build
               TEMP_ROOT = /Users/carl.stanley/sites/UKCPA/ukcpa_flutter/build/ios
               TEST_FRAMEWORK_SEARCH_PATHS =  /Applications/Xcode.app/Contents/Developer/Platforms/iPhoneSimulator.platform/Developer/Library/Frameworks /Applications/Xcode.app/Contents/Developer/Platforms/iPhoneSimulator.platform/Developer/SDKs/iPhoneSimulator18.0.sdk/Developer/Library/Frameworks
               TEST_LIBRARY_SEARCH_PATHS =  /Applications/Xcode.app/Contents/Developer/Platforms/iPhoneSimulator.platform/Developer/usr/lib
               TOOLCHAINS = com.apple.dt.toolchain.XcodeDefault
               TOOLCHAIN_DIR = /Applications/Xcode.app/Contents/Developer/Toolchains/XcodeDefault.xctoolchain
               TREAT_MISSING_BASELINES_AS_TEST_FAILURES = NO
               TREAT_MISSING_SCRIPT_PHASE_OUTPUTS_AS_ERRORS = NO
               UID = 502
               UNINSTALLED_PRODUCTS_DIR = /Users/carl.stanley/sites/UKCPA/ukcpa_flutter/build/ios/UninstalledProducts
               UNLOCALIZED_RESOURCES_FOLDER_PATH = video_player_avfoundation.framework
               UNLOCALIZED_RESOURCES_FOLDER_PATH_SHALLOW_BUNDLE_NO = video_player_avfoundation.framework/Resources
               UNLOCALIZED_RESOURCES_FOLDER_PATH_SHALLOW_BUNDLE_YES = video_player_avfoundation.framework
               UNSTRIPPED_PRODUCT = NO
               USER = carl.stanley
               USER_APPS_DIR = /Users/carl.stanley/Applications
               USER_LIBRARY_DIR = /Users/carl.stanley/Library
               USE_DYNAMIC_NO_PIC = YES
               USE_HEADERMAP = YES
               USE_HEADER_SYMLINKS = NO
               USE_RECURSIVE_SCRIPT_INPUTS_IN_SCRIPT_PHASES = YES
               VALIDATE_DEVELOPMENT_ASSET_PATHS = YES_ERROR
               VALIDATE_PRODUCT = YES
               VALID_ARCHS = arm64 x86_64
               VERBOSE_PBXCP = NO
               VERSIONING_SYSTEM = apple-generic
               VERSIONPLIST_PATH = video_player_avfoundation.framework/version.plist
               VERSIONS_FOLDER_PATH = video_player_avfoundation.framework
               VERSIONS_FOLDER_PATH_SHALLOW_BUNDLE_NO = video_player_avfoundation.framework/Versions
               VERSIONS_FOLDER_PATH_SHALLOW_BUNDLE_YES = video_player_avfoundation.framework
               VERSION_INFO_BUILDER = carl.stanley
               VERSION_INFO_FILE = video_player_avfoundation_vers.c
               VERSION_INFO_STRING = "@(#)PROGRAM:video_player_avfoundation  PROJECT:Pods-1"
               WORKSPACE_DIR = /Users/carl.stanley/sites/UKCPA/ukcpa_flutter/ios/Pods/Pods.xcodeproj
               WRAPPER_EXTENSION = framework
               WRAPPER_NAME = video_player_avfoundation.framework
               WRAPPER_SUFFIX = .framework
               WRAP_ASSET_PACKS_IN_SEPARATE_DIRECTORIES = NO
               XCODE_APP_SUPPORT_DIR = /Applications/Xcode.app/Contents/Developer/Library/Xcode
               XCODE_PRODUCT_BUILD_VERSION = 16A242d
               XCODE_VERSION_ACTUAL = 1600
               XCODE_VERSION_MAJOR = 1600
               XCODE_VERSION_MINOR = 1600
               XPCSERVICES_FOLDER_PATH = video_player_avfoundation.framework/XPCServices
               YACC = yacc
               _WRAPPER_CONTENTS_DIR_SHALLOW_BUNDLE_NO = /Contents
               _WRAPPER_PARENT_PATH_SHALLOW_BUNDLE_NO = /..
               _WRAPPER_RESOURCES_DIR_SHALLOW_BUNDLE_NO = /Resources
               arch = undefined_arch
               variant = normal

           Build settings for action build and target video_player_avfoundation-video_player_avfoundation_privacy:
               ACTION = build
               AD_HOC_CODE_SIGNING_ALLOWED = YES
               ALLOW_BUILD_REQUEST_OVERRIDES = NO
               ALLOW_TARGET_PLATFORM_SPECIALIZATION = NO
               ALTERNATE_GROUP = staff
               ALTERNATE_MODE = u+w,go-w,a+rX
               ALTERNATE_OWNER = carl.stanley
               ALTERNATIVE_DISTRIBUTION_WEB = NO
               ALWAYS_EMBED_SWIFT_STANDARD_LIBRARIES = NO
               ALWAYS_SEARCH_USER_PATHS = NO
               ALWAYS_USE_SEPARATE_HEADERMAPS = NO
               APPLE_INTERNAL_DEVELOPER_DIR = /AppleInternal/Developer
               APPLE_INTERNAL_DIR = /AppleInternal
               APPLE_INTERNAL_DOCUMENTATION_DIR = /AppleInternal/Documentation
               APPLE_INTERNAL_LIBRARY_DIR = /AppleInternal/Library
               APPLE_INTERNAL_TOOLS = /AppleInternal/Developer/Tools
               APPLICATION_EXTENSION_API_ONLY = NO
               APPLY_RULES_IN_COPY_FILES = NO
               APPLY_RULES_IN_COPY_HEADERS = NO
               APP_SHORTCUTS_ENABLE_FLEXIBLE_MATCHING = YES
               ARCHS = arm64 x86_64
               ARCHS_STANDARD = arm64 x86_64
               ARCHS_STANDARD_32_64_BIT = arm64 i386 x86_64
               ARCHS_STANDARD_32_BIT = i386
               ARCHS_STANDARD_64_BIT = arm64 x86_64
               ARCHS_STANDARD_INCLUDING_64_BIT = arm64 x86_64
               ARCHS_UNIVERSAL_IPHONE_OS = arm64 i386 x86_64
               ASSETCATALOG_COMPILER_GENERATE_ASSET_SYMBOLS = YES
               AUTOMATICALLY_MERGE_DEPENDENCIES = NO
               AVAILABLE_PLATFORMS = appletvos appletvsimulator driverkit iphoneos iphonesimulator macosx watchos watchsimulator xros xrsimulator
               BITCODE_GENERATION_MODE = marker
               BUILD_ACTIVE_RESOURCES_ONLY = NO
               BUILD_COMPONENTS = headers build
               BUILD_DIR = /Users/carl.stanley/sites/UKCPA/ukcpa_flutter/build/ios
               BUILD_LIBRARY_FOR_DISTRIBUTION = NO
               BUILD_ROOT = /Users/carl.stanley/sites/UKCPA/ukcpa_flutter/ios/build
               BUILD_STYLE = 
               BUILD_VARIANTS = normal
               BUILT_PRODUCTS_DIR = /Users/carl.stanley/sites/UKCPA/ukcpa_flutter/build/ios/Release-iphonesimulator/video_player_avfoundation
               BUNDLE_CONTENTS_FOLDER_PATH_deep = Contents/
               BUNDLE_EXECUTABLE_FOLDER_NAME_deep = MacOS
               BUNDLE_EXTENSIONS_FOLDER_PATH = Extensions
               BUNDLE_FORMAT = shallow
               BUNDLE_FRAMEWORKS_FOLDER_PATH = Frameworks
               BUNDLE_PLUGINS_FOLDER_PATH = PlugIns
               BUNDLE_PRIVATE_HEADERS_FOLDER_PATH = PrivateHeaders
               BUNDLE_PUBLIC_HEADERS_FOLDER_PATH = Headers
               CACHE_ROOT = /var/folders/20/skb3d8qx2hn9r9z8036y32g40000gp/C/com.apple.DeveloperTools/16.0-16A242d/Xcode
               CCHROOT = /var/folders/20/skb3d8qx2hn9r9z8036y32g40000gp/C/com.apple.DeveloperTools/16.0-16A242d/Xcode
               CHMOD = /bin/chmod
               CHOWN = /usr/sbin/chown
               CLANG_ANALYZER_LOCALIZABILITY_NONLOCALIZED = YES
               CLANG_ANALYZER_NONNULL = YES
               CLANG_ANALYZER_NUMBER_OBJECT_CONVERSION = YES_AGGRESSIVE
               CLANG_CACHE_FINE_GRAINED_OUTPUTS = YES
               CLANG_CXX_LANGUAGE_STANDARD = gnu++14
               CLANG_CXX_LIBRARY = libc++
               CLANG_ENABLE_EXPLICIT_MODULES = YES
               CLANG_ENABLE_MODULES = YES
               CLANG_ENABLE_OBJC_ARC = YES
               CLANG_ENABLE_OBJC_WEAK = YES
               CLANG_MODULES_BUILD_SESSION_FILE = /var/folders/20/skb3d8qx2hn9r9z8036y32g40000gp/C/org.llvm.clang/ModuleCache.noindex/Session.modulevalidation
               CLANG_WARN_BLOCK_CAPTURE_AUTORELEASING = YES
               CLANG_WARN_BOOL_CONVERSION = YES
               CLANG_WARN_COMMA = YES
               CLANG_WARN_CONSTANT_CONVERSION = YES
               CLANG_WARN_DEPRECATED_OBJC_IMPLEMENTATIONS = YES
               CLANG_WARN_DIRECT_OBJC_ISA_USAGE = YES_ERROR
               CLANG_WARN_DOCUMENTATION_COMMENTS = YES
               CLANG_WARN_EMPTY_BODY = YES
               CLANG_WARN_ENUM_CONVERSION = YES
               CLANG_WARN_INFINITE_RECURSION = YES
               CLANG_WARN_INT_CONVERSION = YES
               CLANG_WARN_NON_LITERAL_NULL_CONVERSION = YES
               CLANG_WARN_OBJC_IMPLICIT_RETAIN_SELF = YES
               CLANG_WARN_OBJC_LITERAL_CONVERSION = YES
               CLANG_WARN_OBJC_ROOT_CLASS = YES_ERROR
               CLANG_WARN_QUOTED_INCLUDE_IN_FRAMEWORK_HEADER = NO
               CLANG_WARN_RANGE_LOOP_ANALYSIS = YES
               CLANG_WARN_STRICT_PROTOTYPES = YES
               CLANG_WARN_SUSPICIOUS_MOVE = YES
               CLANG_WARN_UNGUARDED_AVAILABILITY = YES_AGGRESSIVE
               CLANG_WARN_UNREACHABLE_CODE = YES
               CLANG_WARN__DUPLICATE_METHOD_MATCH = YES
               CLASS_FILE_DIR = /Users/carl.stanley/sites/UKCPA/ukcpa_flutter/build/ios/Pods.build/Release-iphonesimulator/video_player_avfoundation-video_player_avfoundation_privacy.build/JavaClasses
               CLEAN_PRECOMPS = YES
               CLONE_HEADERS = NO
               CODESIGNING_FOLDER_PATH = /Users/carl.stanley/sites/UKCPA/ukcpa_flutter/build/ios/Release-iphonesimulator/video_player_avfoundation/video_player_avfoundation_privacy.bundle
               CODE_SIGNING_ALLOWED = NO
               CODE_SIGNING_IDENTITY = -
               CODE_SIGNING_REQUIRED = NO
               CODE_SIGN_CONTEXT_CLASS = XCiPhoneSimulatorCodeSignContext
               CODE_SIGN_IDENTITY = -
               CODE_SIGN_INJECT_BASE_ENTITLEMENTS = YES
               COLOR_DIAGNOSTICS = NO
               COMBINE_HIDPI_IMAGES = NO
               COMPILATION_CACHE_CAS_PATH = /var/folders/20/skb3d8qx2hn9r9z8036y32g40000gp/C/com.apple.DeveloperTools/16.0-16A242d/Xcode/CompilationCache.noindex
               COMPILATION_CACHE_KEEP_CAS_DIRECTORY = YES
               COMPILER_INDEX_STORE_ENABLE = Default
               COMPOSITE_SDK_DIRS = /Users/carl.stanley/sites/UKCPA/ukcpa_flutter/build/ios/CompositeSDKs
               COMPRESS_PNG_FILES = YES
               CONFIGURATION = Release
               CONFIGURATION_BUILD_DIR = /Users/carl.stanley/sites/UKCPA/ukcpa_flutter/build/ios/Release-iphonesimulator/video_player_avfoundation
               CONFIGURATION_TEMP_DIR = /Users/carl.stanley/sites/UKCPA/ukcpa_flutter/build/ios/Pods.build/Release-iphonesimulator
               CONTENTS_FOLDER_PATH = video_player_avfoundation_privacy.bundle
               CONTENTS_FOLDER_PATH_SHALLOW_BUNDLE_NO = video_player_avfoundation_privacy.bundle/Contents
               CONTENTS_FOLDER_PATH_SHALLOW_BUNDLE_YES = video_player_avfoundation_privacy.bundle
               COPYING_PRESERVES_HFS_DATA = NO
               COPY_HEADERS_RUN_UNIFDEF = NO
               COPY_PHASE_STRIP = NO
               CORRESPONDING_DEVICE_PLATFORM_DIR = /Applications/Xcode.app/Contents/Developer/Platforms/iPhoneOS.platform
               CORRESPONDING_DEVICE_PLATFORM_NAME = iphoneos
               CORRESPONDING_DEVICE_SDK_DIR = /Applications/Xcode.app/Contents/Developer/Platforms/iPhoneOS.platform/Developer/SDKs/iPhoneOS18.0.sdk
               CORRESPONDING_DEVICE_SDK_NAME = iphoneos18.0
               CP = /bin/cp
               CREATE_INFOPLIST_SECTION_IN_BINARY = NO
               CURRENT_ARCH = undefined_arch
               CURRENT_VARIANT = normal
               DEAD_CODE_STRIPPING = YES
               DEBUGGING_SYMBOLS = YES
               DEBUG_INFORMATION_FORMAT = dwarf-with-dsym
               DEBUG_INFORMATION_VERSION = compiler-default
               DEFAULT_COMPILER = com.apple.compilers.llvm.clang.1_0
               DEFAULT_DEXT_INSTALL_PATH = /System/Library/DriverExtensions
               DEFAULT_KEXT_INSTALL_PATH = /System/Library/Extensions
               DEFINES_MODULE = YES
               DEPLOYMENT_LOCATION = NO
               DEPLOYMENT_POSTPROCESSING = NO
               DEPLOYMENT_TARGET_SETTING_NAME = IPHONEOS_DEPLOYMENT_TARGET
               DEPLOYMENT_TARGET_SUGGESTED_VALUES = 12.0 12.1 12.2 12.3 12.4 13.0 13.1 13.2 13.3 13.4 13.5 13.6 14.0 14.1 14.2 14.3 14.4 14.5 14.6 14.7 15.0 15.1 15.2 15.3 15.4 15.5 15.6 16.0 16.1 16.2 16.3 16.4 16.5 16.6 17.0 17.1 17.2 17.3 17.4 17.5 17.6 18.0
               DERIVED_FILES_DIR = /Users/carl.stanley/sites/UKCPA/ukcpa_flutter/build/ios/Pods.build/Release-iphonesimulator/video_player_avfoundation-video_player_avfoundation_privacy.build/DerivedSources
               DERIVED_FILE_DIR = /Users/carl.stanley/sites/UKCPA/ukcpa_flutter/build/ios/Pods.build/Release-iphonesimulator/video_player_avfoundation-video_player_avfoundation_privacy.build/DerivedSources
               DERIVED_SOURCES_DIR = /Users/carl.stanley/sites/UKCPA/ukcpa_flutter/build/ios/Pods.build/Release-iphonesimulator/video_player_avfoundation-video_player_avfoundation_privacy.build/DerivedSources
               DEVELOPER_APPLICATIONS_DIR = /Applications/Xcode.app/Contents/Developer/Applications
               DEVELOPER_BIN_DIR = /Applications/Xcode.app/Contents/Developer/usr/bin
               DEVELOPER_DIR = /Applications/Xcode.app/Contents/Developer
               DEVELOPER_FRAMEWORKS_DIR = /Applications/Xcode.app/Contents/Developer/Library/Frameworks
               DEVELOPER_FRAMEWORKS_DIR_QUOTED = /Applications/Xcode.app/Contents/Developer/Library/Frameworks
               DEVELOPER_LIBRARY_DIR = /Applications/Xcode.app/Contents/Developer/Library
               DEVELOPER_SDK_DIR = /Applications/Xcode.app/Contents/Developer/Platforms/MacOSX.platform/Developer/SDKs
               DEVELOPER_TOOLS_DIR = /Applications/Xcode.app/Contents/Developer/Tools
               DEVELOPER_USR_DIR = /Applications/Xcode.app/Contents/Developer/usr
               DEVELOPMENT_LANGUAGE = en
               DIFF = /usr/bin/diff
               DOCUMENTATION_FOLDER_PATH = video_player_avfoundation_privacy.bundle/en.lproj/Documentation
               DONT_GENERATE_INFOPLIST_FILE = NO
               DSTROOT = /tmp/Pods.dst
               DT_TOOLCHAIN_DIR = /Applications/Xcode.app/Contents/Developer/Toolchains/XcodeDefault.xctoolchain
               DWARF_DSYM_FILE_NAME = video_player_avfoundation_privacy.bundle.dSYM
               DWARF_DSYM_FILE_SHOULD_ACCOMPANY_PRODUCT = NO
               DWARF_DSYM_FOLDER_PATH = /Users/carl.stanley/sites/UKCPA/ukcpa_flutter/build/ios/Release-iphonesimulator/video_player_avfoundation
               DYNAMIC_LIBRARY_EXTENSION = dylib
               EAGER_COMPILATION_ALLOW_SCRIPTS = NO
               EAGER_LINKING = NO
               EFFECTIVE_PLATFORM_NAME = -iphonesimulator
               EMBEDDED_CONTENT_CONTAINS_SWIFT = NO
               EMBED_ASSET_PACKS_IN_PRODUCT_BUNDLE = NO
               ENABLE_APP_SANDBOX = NO
               ENABLE_BITCODE = NO
               ENABLE_CODE_COVERAGE = YES
               ENABLE_DEFAULT_HEADER_SEARCH_PATHS = YES
               ENABLE_DEFAULT_SEARCH_PATHS = YES
               ENABLE_HARDENED_RUNTIME = NO
               ENABLE_HEADER_DEPENDENCIES = YES
               ENABLE_NS_ASSERTIONS = NO
               ENABLE_ON_DEMAND_RESOURCES = NO
               ENABLE_STRICT_OBJC_MSGSEND = YES
               ENABLE_TESTABILITY = NO
               ENABLE_TESTING_SEARCH_PATHS = NO
               ENABLE_USER_SCRIPT_SANDBOXING = NO
               ENTITLEMENTS_DESTINATION = __entitlements
               ENTITLEMENTS_REQUIRED = NO
               EXCLUDED_INSTALLSRC_SUBDIRECTORY_PATTERNS = .DS_Store .svn .git .hg CVS
               EXCLUDED_RECURSIVE_SEARCH_PATH_SUBDIRECTORIES = *.nib *.lproj *.framework *.gch *.xcode* *.xcassets (*) .DS_Store CVS .svn .git .hg *.pbproj *.pbxproj
               EXECUTABLES_FOLDER_PATH = video_player_avfoundation_privacy.bundle/Executables
               EXECUTABLE_FOLDER_PATH = video_player_avfoundation_privacy.bundle
               EXECUTABLE_FOLDER_PATH_SHALLOW_BUNDLE_NO = video_player_avfoundation_privacy.bundle/MacOS
               EXECUTABLE_FOLDER_PATH_SHALLOW_BUNDLE_YES = video_player_avfoundation_privacy.bundle
               EXECUTABLE_NAME = video_player_avfoundation_privacy
               EXECUTABLE_PATH = video_player_avfoundation_privacy.bundle/video_player_avfoundation_privacy
               EXPANDED_CODE_SIGN_IDENTITY = -
               EXTENSIONS_FOLDER_PATH = video_player_avfoundation_privacy.bundle/Extensions
               FILE_LIST = /Users/carl.stanley/sites/UKCPA/ukcpa_flutter/build/ios/Pods.build/Release-iphonesimulator/video_player_avfoundation-video_player_avfoundation_privacy.build/Objects/LinkFileList
               FIXED_FILES_DIR = /Users/carl.stanley/sites/UKCPA/ukcpa_flutter/build/ios/Pods.build/Release-iphonesimulator/video_player_avfoundation-video_player_avfoundation_privacy.build/FixedFiles
               FRAMEWORKS_FOLDER_PATH = video_player_avfoundation_privacy.bundle/Frameworks
               FRAMEWORK_FLAG_PREFIX = -framework
               FRAMEWORK_SEARCH_PATHS = /Users/carl.stanley/sites/UKCPA/ukcpa_flutter/build/ios/Release-iphonesimulator/video_player_avfoundation 
               FRAMEWORK_VERSION = A
               FULL_PRODUCT_NAME = video_player_avfoundation_privacy.bundle
               FUSE_BUILD_PHASES = YES
               FUSE_BUILD_SCRIPT_PHASES = NO
               GCC3_VERSION = 3.3
               GCC_C_LANGUAGE_STANDARD = gnu11
               GCC_INLINES_ARE_PRIVATE_EXTERN = YES
               GCC_NO_COMMON_BLOCKS = YES
               GCC_OBJC_LEGACY_DISPATCH = YES
               GCC_PFE_FILE_C_DIALECTS = c objective-c c++ objective-c++
               GCC_PREPROCESSOR_DEFINITIONS = POD_CONFIGURATION_RELEASE=1  COCOAPODS=1
               GCC_TREAT_WARNINGS_AS_ERRORS = NO
               GCC_VERSION = com.apple.compilers.llvm.clang.1_0
               GCC_VERSION_IDENTIFIER = com_apple_compilers_llvm_clang_1_0
               GCC_WARN_64_TO_32_BIT_CONVERSION = YES
               GCC_WARN_ABOUT_RETURN_TYPE = YES_ERROR
               GCC_WARN_UNDECLARED_SELECTOR = YES
               GCC_WARN_UNINITIALIZED_AUTOS = YES_AGGRESSIVE
               GCC_WARN_UNUSED_FUNCTION = YES
               GCC_WARN_UNUSED_VARIABLE = YES
               GENERATED_MODULEMAP_DIR = /Users/carl.stanley/sites/UKCPA/ukcpa_flutter/build/ios/GeneratedModuleMaps-iphonesimulator
               GENERATE_INFOPLIST_FILE = NO
               GENERATE_INTERMEDIATE_TEXT_BASED_STUBS = YES
               GENERATE_MASTER_OBJECT_FILE = NO
               GENERATE_PKGINFO_FILE = NO
               GENERATE_PROFILING_CODE = NO
               GENERATE_TEXT_BASED_STUBS = NO
               GID = 20
               GROUP = staff
               HEADERMAP_INCLUDES_FLAT_ENTRIES_FOR_TARGET_BEING_BUILT = YES
               HEADERMAP_INCLUDES_FRAMEWORK_ENTRIES_FOR_ALL_PRODUCT_TYPES = YES
               HEADERMAP_INCLUDES_FRAMEWORK_ENTRIES_FOR_TARGETS_NOT_BEING_BUILT = YES
               HEADERMAP_INCLUDES_NONPUBLIC_NONPRIVATE_HEADERS = YES
               HEADERMAP_INCLUDES_PROJECT_HEADERS = YES
               HEADERMAP_USES_FRAMEWORK_PREFIX_ENTRIES = YES
               HEADERMAP_USES_VFS = YES
               HEADER_SEARCH_PATHS = /Users/carl.stanley/sites/UKCPA/ukcpa_flutter/build/ios/Release-iphonesimulator/video_player_avfoundation/include 
               HIDE_BITCODE_SYMBOLS = YES
               HOME = /Users/carl.stanley
               HOST_ARCH = arm64
               HOST_PLATFORM = macosx
               IBSC_MODULE = video_player_avfoundation
               ICONV = /usr/bin/iconv
               IMPLICIT_DEPENDENCY_DOMAIN = default
               INFOPLIST_ENABLE_CFBUNDLEICONS_MERGE = YES
               INFOPLIST_EXPAND_BUILD_SETTINGS = YES
               INFOPLIST_FILE = Target Support Files/video_player_avfoundation/ResourceBundle-video_player_avfoundation_privacy-video_player_avfoundation-Info.plist
               INFOPLIST_OUTPUT_FORMAT = binary
               INFOPLIST_PATH = video_player_avfoundation_privacy.bundle/Info.plist
               INFOPLIST_PREPROCESS = NO
               INFOSTRINGS_PATH = video_player_avfoundation_privacy.bundle/en.lproj/InfoPlist.strings
               INLINE_PRIVATE_FRAMEWORKS = NO
               INSTALLHDRS_COPY_PHASE = NO
               INSTALLHDRS_SCRIPT_PHASE = NO
               INSTALL_DIR = /tmp/Pods.dst
               INSTALL_GROUP = staff
               INSTALL_MODE_FLAG = u+w,go-w,a+rX
               INSTALL_OWNER = carl.stanley
               INSTALL_ROOT = /tmp/Pods.dst
               IPHONEOS_DEPLOYMENT_TARGET = 13.0
               IS_UNOPTIMIZED_BUILD = NO
               JAVAC_DEFAULT_FLAGS = -J-Xms64m -J-XX:NewSize=4M -J-Dfile.encoding=UTF8
               JAVA_APP_STUB = /System/Library/Frameworks/JavaVM.framework/Resources/MacOS/JavaApplicationStub
               JAVA_ARCHIVE_CLASSES = YES
               JAVA_ARCHIVE_TYPE = JAR
               JAVA_COMPILER = /usr/bin/javac
               JAVA_FOLDER_PATH = video_player_avfoundation_privacy.bundle/Java
               JAVA_FRAMEWORK_RESOURCES_DIRS = Resources
               JAVA_JAR_FLAGS = cv
               JAVA_SOURCE_SUBDIR = .
               JAVA_USE_DEPENDENCIES = YES
               JAVA_ZIP_FLAGS = -urg
               JIKES_DEFAULT_FLAGS = +E +OLDCSO
               KEEP_PRIVATE_EXTERNS = NO
               LD_DEPENDENCY_INFO_FILE = /Users/carl.stanley/sites/UKCPA/ukcpa_flutter/build/ios/Pods.build/Release-iphonesimulator/video_player_avfoundation-video_player_avfoundation_privacy.build/Objects-normal/undefined_arch/video_player_avfoundation_privacy_dependency_info.dat
               LD_EXPORT_SYMBOLS = YES
               LD_GENERATE_MAP_FILE = NO
               LD_MAP_FILE_PATH = /Users/carl.stanley/sites/UKCPA/ukcpa_flutter/build/ios/Pods.build/Release-iphonesimulator/video_player_avfoundation-video_player_avfoundation_privacy.build/video_player_avfoundation_privacy-LinkMap-normal-undefined_arch.txt
               LD_NO_PIE = NO
               LD_QUOTE_LINKER_ARGUMENTS_FOR_COMPILER_DRIVER = YES
               LD_SHARED_CACHE_ELIGIBLE = Automatic
               LD_WARN_DUPLICATE_LIBRARIES = NO
               LD_WARN_UNUSED_DYLIBS = NO
               LEGACY_DEVELOPER_DIR = /Applications/Xcode.app/Contents/PlugIns/Xcode3Core.ideplugin/Contents/SharedSupport/Developer
               LEX = lex
               LIBRARY_DEXT_INSTALL_PATH = /Library/DriverExtensions
               LIBRARY_FLAG_NOSPACE = YES
               LIBRARY_FLAG_PREFIX = -l
               LIBRARY_KEXT_INSTALL_PATH = /Library/Extensions
               LIBRARY_SEARCH_PATHS = /Users/carl.stanley/sites/UKCPA/ukcpa_flutter/build/ios/Release-iphonesimulator/video_player_avfoundation 
               LINKER_DISPLAYS_MANGLED_NAMES = NO
               LINK_FILE_LIST_normal_arm64 = /Users/carl.stanley/sites/UKCPA/ukcpa_flutter/build/ios/Pods.build/Release-iphonesimulator/video_player_avfoundation-video_player_avfoundation_privacy.build/Objects-normal/arm64/video_player_avfoundation_privacy.LinkFileList
               LINK_FILE_LIST_normal_x86_64 = /Users/carl.stanley/sites/UKCPA/ukcpa_flutter/build/ios/Pods.build/Release-iphonesimulator/video_player_avfoundation-video_player_avfoundation_privacy.build/Objects-normal/x86_64/video_player_avfoundation_privacy.LinkFileList
               LINK_OBJC_RUNTIME = YES
               LINK_WITH_STANDARD_LIBRARIES = YES
               LLVM_TARGET_TRIPLE_OS_VERSION = ios13.0
               LLVM_TARGET_TRIPLE_SUFFIX = -simulator
               LLVM_TARGET_TRIPLE_VENDOR = apple
               LM_AUX_CONST_METADATA_LIST_PATH_normal_arm64 = /Users/carl.stanley/sites/UKCPA/ukcpa_flutter/build/ios/Pods.build/Release-iphonesimulator/video_player_avfoundation-video_player_avfoundation_privacy.build/Objects-normal/arm64/video_player_avfoundation_privacy.SwiftConstValuesFileList
               LM_AUX_CONST_METADATA_LIST_PATH_normal_x86_64 = /Users/carl.stanley/sites/UKCPA/ukcpa_flutter/build/ios/Pods.build/Release-iphonesimulator/video_player_avfoundation-video_player_avfoundation_privacy.build/Objects-normal/x86_64/video_player_avfoundation_privacy.SwiftConstValuesFileList
               LOCALIZATION_EXPORT_SUPPORTED = YES
               LOCALIZATION_PREFERS_STRING_CATALOGS = NO
               LOCALIZED_RESOURCES_FOLDER_PATH = video_player_avfoundation_privacy.bundle/en.lproj
               LOCALIZED_STRING_MACRO_NAMES = NSLocalizedString CFCopyLocalizedString
               LOCALIZED_STRING_SWIFTUI_SUPPORT = YES
               LOCAL_ADMIN_APPS_DIR = /Applications/Utilities
               LOCAL_APPS_DIR = /Applications
               LOCAL_DEVELOPER_DIR = /Library/Developer
               LOCAL_LIBRARY_DIR = /Library
               LOCROOT = /Users/carl.stanley/sites/UKCPA/ukcpa_flutter/ios/Pods
               LOCSYMROOT = /Users/carl.stanley/sites/UKCPA/ukcpa_flutter/ios/Pods
               MACH_O_TYPE = mh_bundle
               MAC_OS_X_PRODUCT_BUILD_VERSION = 24G84
               MAC_OS_X_VERSION_ACTUAL = 150600
               MAC_OS_X_VERSION_MAJOR = 150000
               MAC_OS_X_VERSION_MINOR = 150600
               MAKE_MERGEABLE = NO
               MERGEABLE_LIBRARY = NO
               MERGED_BINARY_TYPE = none
               MERGE_LINKED_LIBRARIES = NO
               METAL_LIBRARY_FILE_BASE = default
               METAL_LIBRARY_OUTPUT_DIR = /Users/carl.stanley/sites/UKCPA/ukcpa_flutter/build/ios/Release-iphonesimulator/video_player_avfoundation/video_player_avfoundation_privacy.bundle
               MODULES_FOLDER_PATH = video_player_avfoundation_privacy.bundle/Modules
               MTL_ENABLE_DEBUG_INFO = NO
               MTL_FAST_MATH = YES
               NATIVE_ARCH = arm64
               NATIVE_ARCH_32_BIT = arm
               NATIVE_ARCH_64_BIT = arm64
               NATIVE_ARCH_ACTUAL = arm64
               NO_COMMON = YES
               OBJC_ABI_VERSION = 2
               OBJECT_FILE_DIR = /Users/carl.stanley/sites/UKCPA/ukcpa_flutter/build/ios/Pods.build/Release-iphonesimulator/video_player_avfoundation-video_player_avfoundation_privacy.build/Objects
               OBJECT_FILE_DIR_normal = /Users/carl.stanley/sites/UKCPA/ukcpa_flutter/build/ios/Pods.build/Release-iphonesimulator/video_player_avfoundation-video_player_avfoundation_privacy.build/Objects-normal
               OBJROOT = /Users/carl.stanley/sites/UKCPA/ukcpa_flutter/build/ios
               ONLY_ACTIVE_ARCH = NO
               OS = MACOS
               OSAC = /usr/bin/osacompile
               PACKAGE_TYPE = com.apple.package-type.wrapper
               PASCAL_STRINGS = YES
               PATH = /Applications/Xcode.app/Contents/SharedFrameworks/XCBuild.framework/Versions/A/PlugIns/XCBBuildService.bundle/Contents/PlugIns/XCBSpecifications.ideplugin/Contents/Resources:/Applications/Xcode.app/Contents/SharedFrameworks/XCBuild.framework/Versions/A/PlugIns/XCBBuildService.bundle/Contents/PlugIns/XCBSpecifications.ideplugin:/Applications/Xcode.app/Contents/Developer/Toolchains/XcodeDefault.xctoolchain/usr/bin:/Applications/Xcode.app/Contents/Developer/Toolchains/XcodeDefault.xctoolchain/usr/appleinternal/bin:/Applications/Xcode.app/Contents/Developer/Toolchains/XcodeDefault.xctoolchain/usr/local/bin:/Applications/Xcode.app/Contents/Developer/Toolchains/XcodeDefault.xctoolchain/usr/libexec:/Applications/Xcode.app/Contents/Developer/Platforms/iPhoneSimulator.platform/usr/bin:/Applications/Xcode.app/Contents/Developer/Platforms/iPhoneSimulator.platform/usr/appleinternal/bin:/Applications/Xcode.app/Contents/Developer/Platforms/iPhoneSimulator.platform/usr/local/bin:/Applications/Xcode.app/Contents/Developer/Platforms/iPhoneSimulator.platform/Developer/usr/bin:/Applications/Xcode.app/Contents/Developer/Platforms/iPhoneSimulator.platform/Developer/usr/local/bin:/Applications/Xcode.app/Contents/Developer/usr/bin:/Applications/Xcode.app/Contents/Developer/usr/local/bin:/opt/homebrew/Cellar/pyenv-virtualenv/1.2.4/shims:/Users/carl.stanley/.pyenv/shims:/Users/carl.stanley/.pyenv/bin:/Users/carl.stanley/.nvm/versions/node/v18.17.0/bin:/Users/carl.stanley/development/flutter/bin:/opt/homebrew/bin:/opt/homebrew/sbin:/Users/carl.stanley/.local/bin:/usr/local/bin:/System/Cryptexes/App/usr/bin:/usr/bin:/bin:/usr/sbin:/sbin:/var/run/com.apple.security.cryptexd/codex.system/bootstrap/usr/local/bin:/var/run/com.apple.security.cryptexd/codex.system/bootstrap/usr/bin:/var/run/com.apple.security.cryptexd/codex.system/bootstrap/usr/appleinternal/bin:/Library/Apple/usr/bin:/usr/local/sbin:/usr/local/go/bin:/Users/carl.stanley/.pub-cache/bin
               PATH_PREFIXES_EXCLUDED_FROM_HEADER_DEPENDENCIES = /usr/include /usr/local/include /System/Library/Frameworks /System/Library/PrivateFrameworks /Applications/Xcode.app/Contents/Developer/Headers /Applications/Xcode.app/Contents/Developer/SDKs /Applications/Xcode.app/Contents/Developer/Platforms
               PBDEVELOPMENTPLIST_PATH = video_player_avfoundation_privacy.bundle/pbdevelopment.plist
               PER_ARCH_OBJECT_FILE_DIR = /Users/carl.stanley/sites/UKCPA/ukcpa_flutter/build/ios/Pods.build/Release-iphonesimulator/video_player_avfoundation-video_player_avfoundation_privacy.build/Objects-normal/undefined_arch
               PER_VARIANT_OBJECT_FILE_DIR = /Users/carl.stanley/sites/UKCPA/ukcpa_flutter/build/ios/Pods.build/Release-iphonesimulator/video_player_avfoundation-video_player_avfoundation_privacy.build/Objects-normal
               PKGINFO_FILE_PATH = /Users/carl.stanley/sites/UKCPA/ukcpa_flutter/build/ios/Pods.build/Release-iphonesimulator/video_player_avfoundation-video_player_avfoundation_privacy.build/PkgInfo
               PKGINFO_PATH = video_player_avfoundation_privacy.bundle/PkgInfo
               PLATFORM_DEVELOPER_APPLICATIONS_DIR = /Applications/Xcode.app/Contents/Developer/Platforms/iPhoneSimulator.platform/Developer/Applications
               PLATFORM_DEVELOPER_BIN_DIR = /Applications/Xcode.app/Contents/Developer/Platforms/iPhoneSimulator.platform/Developer/usr/bin
               PLATFORM_DEVELOPER_LIBRARY_DIR = /Applications/Xcode.app/Contents/Developer/Platforms/iPhoneSimulator.platform/Developer/Library
               PLATFORM_DEVELOPER_SDK_DIR = /Applications/Xcode.app/Contents/Developer/Platforms/iPhoneSimulator.platform/Developer/SDKs
               PLATFORM_DEVELOPER_TOOLS_DIR = /Applications/Xcode.app/Contents/Developer/Platforms/iPhoneSimulator.platform/Developer/Tools
               PLATFORM_DEVELOPER_USR_DIR = /Applications/Xcode.app/Contents/Developer/Platforms/iPhoneSimulator.platform/Developer/usr
               PLATFORM_DIR = /Applications/Xcode.app/Contents/Developer/Platforms/iPhoneSimulator.platform
               PLATFORM_DISPLAY_NAME = iOS Simulator
               PLATFORM_FAMILY_NAME = iOS
               PLATFORM_NAME = iphonesimulator
               PLATFORM_PREFERRED_ARCH = x86_64
               PLATFORM_PRODUCT_BUILD_VERSION = 22A3362
               PLIST_FILE_OUTPUT_FORMAT = binary
               PLUGINS_FOLDER_PATH = video_player_avfoundation_privacy.bundle/PlugIns
               PODS_BUILD_DIR = /Users/carl.stanley/sites/UKCPA/ukcpa_flutter/build/ios
               PODS_CONFIGURATION_BUILD_DIR = /Users/carl.stanley/sites/UKCPA/ukcpa_flutter/build/ios/Release-iphonesimulator
               PODS_DEVELOPMENT_LANGUAGE = en
               PODS_ROOT = /Users/carl.stanley/sites/UKCPA/ukcpa_flutter/ios/Pods
               PODS_TARGET_SRCROOT = /Users/carl.stanley/sites/UKCPA/ukcpa_flutter/ios/Pods/../.symlinks/plugins/video_player_avfoundation/darwin
               PODS_XCFRAMEWORKS_BUILD_DIR = /Users/carl.stanley/sites/UKCPA/ukcpa_flutter/build/ios/Release-iphonesimulator/XCFrameworkIntermediates
               PRECOMPS_INCLUDE_HEADERS_FROM_BUILT_PRODUCTS_DIR = YES
               PRECOMP_DESTINATION_DIR = /Users/carl.stanley/sites/UKCPA/ukcpa_flutter/build/ios/Pods.build/Release-iphonesimulator/video_player_avfoundation-video_player_avfoundation_privacy.build/PrefixHeaders
               PRIVATE_HEADERS_FOLDER_PATH = video_player_avfoundation_privacy.bundle/PrivateHeaders
               PROCESSED_INFOPLIST_PATH = /Users/carl.stanley/sites/UKCPA/ukcpa_flutter/build/ios/Pods.build/Release-iphonesimulator/video_player_avfoundation-video_player_avfoundation_privacy.build/Objects-normal/undefined_arch/Processed-Info.plist
               PRODUCT_BUNDLE_IDENTIFIER = org.cocoapods.video-player-avfoundation-privacy
               PRODUCT_BUNDLE_PACKAGE_TYPE = BNDL
               PRODUCT_MODULE_NAME = video_player_avfoundation_privacy
               PRODUCT_NAME = video_player_avfoundation_privacy
               PRODUCT_SETTINGS_PATH = /Users/carl.stanley/sites/UKCPA/ukcpa_flutter/ios/Pods/Target Support Files/video_player_avfoundation/ResourceBundle-video_player_avfoundation_privacy-video_player_avfoundation-Info.plist
               PRODUCT_TYPE = com.apple.product-type.bundle
               PROFILING_CODE = NO
               PROJECT = Pods
               PROJECT_DERIVED_FILE_DIR = /Users/carl.stanley/sites/UKCPA/ukcpa_flutter/build/ios/Pods.build/DerivedSources
               PROJECT_DIR = /Users/carl.stanley/sites/UKCPA/ukcpa_flutter/ios/Pods
               PROJECT_FILE_PATH = /Users/carl.stanley/sites/UKCPA/ukcpa_flutter/ios/Pods/Pods.xcodeproj
               PROJECT_GUID = bfdfe7dc352907fc980b868725387e98
               PROJECT_NAME = Pods
               PROJECT_TEMP_DIR = /Users/carl.stanley/sites/UKCPA/ukcpa_flutter/build/ios/Pods.build
               PROJECT_TEMP_ROOT = /Users/carl.stanley/sites/UKCPA/ukcpa_flutter/build/ios
               PUBLIC_HEADERS_FOLDER_PATH = video_player_avfoundation_privacy.bundle/Headers
               RECOMMENDED_IPHONEOS_DEPLOYMENT_TARGET = 15.0
               RECURSIVE_SEARCH_PATHS_FOLLOW_SYMLINKS = YES
               REMOVE_CVS_FROM_RESOURCES = YES
               REMOVE_GIT_FROM_RESOURCES = YES
               REMOVE_HEADERS_FROM_EMBEDDED_BUNDLES = YES
               REMOVE_HG_FROM_RESOURCES = YES
               REMOVE_STATIC_EXECUTABLES_FROM_EMBEDDED_BUNDLES = YES
               REMOVE_SVN_FROM_RESOURCES = YES
               RESCHEDULE_INDEPENDENT_HEADERS_PHASES = YES
               REZ_COLLECTOR_DIR = /Users/carl.stanley/sites/UKCPA/ukcpa_flutter/build/ios/Pods.build/Release-iphonesimulator/video_player_avfoundation-video_player_avfoundation_privacy.build/ResourceManagerResources
               REZ_OBJECTS_DIR = /Users/carl.stanley/sites/UKCPA/ukcpa_flutter/build/ios/Pods.build/Release-iphonesimulator/video_player_avfoundation-video_player_avfoundation_privacy.build/ResourceManagerResources/Objects
               REZ_SEARCH_PATHS = /Users/carl.stanley/sites/UKCPA/ukcpa_flutter/build/ios/Release-iphonesimulator/video_player_avfoundation 
               SCAN_ALL_SOURCE_FILES_FOR_INCLUDES = NO
               SCRIPTS_FOLDER_PATH = video_player_avfoundation_privacy.bundle/Scripts
               SDKROOT = /Applications/Xcode.app/Contents/Developer/Platforms/iPhoneSimulator.platform/Developer/SDKs/iPhoneSimulator18.0.sdk
               SDK_DIR = /Applications/Xcode.app/Contents/Developer/Platforms/iPhoneSimulator.platform/Developer/SDKs/iPhoneSimulator18.0.sdk
               SDK_DIR_iphonesimulator = /Applications/Xcode.app/Contents/Developer/Platforms/iPhoneSimulator.platform/Developer/SDKs/iPhoneSimulator18.0.sdk
               SDK_DIR_iphonesimulator18_0 = /Applications/Xcode.app/Contents/Developer/Platforms/iPhoneSimulator.platform/Developer/SDKs/iPhoneSimulator18.0.sdk
               SDK_NAME = iphonesimulator18.0
               SDK_NAMES = iphonesimulator18.0
               SDK_PRODUCT_BUILD_VERSION = 22A3362
               SDK_STAT_CACHE_DIR = /var/folders/20/skb3d8qx2hn9r9z8036y32g40000gp/C/com.apple.DeveloperTools/16.0-16A242d/Xcode
               SDK_STAT_CACHE_ENABLE = YES
               SDK_STAT_CACHE_PATH = /var/folders/20/skb3d8qx2hn9r9z8036y32g40000gp/C/com.apple.DeveloperTools/16.0-16A242d/Xcode/SDKStatCaches.noindex/iphonesimulator18.0-22A3362-db63dc9361471f152f572502bdbfe70a.sdkstatcache
               SDK_VERSION = 18.0
               SDK_VERSION_ACTUAL = 180000
               SDK_VERSION_MAJOR = 180000
               SDK_VERSION_MINOR = 180000
               SED = /usr/bin/sed
               SEPARATE_STRIP = NO
               SEPARATE_SYMBOL_EDIT = NO
               SET_DIR_MODE_OWNER_GROUP = YES
               SET_FILE_MODE_OWNER_GROUP = NO
               SHALLOW_BUNDLE = YES
               SHALLOW_BUNDLE_TRIPLE = ios-simulator
               SHALLOW_BUNDLE_ios_macabi = NO
               SHALLOW_BUNDLE_macos = NO
               SHARED_DERIVED_FILE_DIR = /Users/carl.stanley/sites/UKCPA/ukcpa_flutter/build/ios/Release-iphonesimulator/video_player_avfoundation/DerivedSources
               SHARED_FRAMEWORKS_FOLDER_PATH = video_player_avfoundation_privacy.bundle/SharedFrameworks
               SHARED_PRECOMPS_DIR = /Users/carl.stanley/sites/UKCPA/ukcpa_flutter/build/ios/SharedPrecompiledHeaders
               SHARED_SUPPORT_FOLDER_PATH = video_player_avfoundation_privacy.bundle/SharedSupport
               SKIP_INSTALL = YES
               SOURCE_ROOT = /Users/carl.stanley/sites/UKCPA/ukcpa_flutter/ios/Pods
               SRCROOT = /Users/carl.stanley/sites/UKCPA/ukcpa_flutter/ios/Pods
               STRINGSDATA_DIR = /Users/carl.stanley/sites/UKCPA/ukcpa_flutter/build/ios/Pods.build/Release-iphonesimulator/video_player_avfoundation-video_player_avfoundation_privacy.build/Objects-normal/undefined_arch
               STRINGSDATA_ROOT = /Users/carl.stanley/sites/UKCPA/ukcpa_flutter/build/ios/Pods.build/Release-iphonesimulator/video_player_avfoundation-video_player_avfoundation_privacy.build
               STRINGS_FILE_INFOPLIST_RENAME = YES
               STRINGS_FILE_OUTPUT_ENCODING = binary
               STRIP_BITCODE_FROM_COPIED_FILES = NO
               STRIP_INSTALLED_PRODUCT = NO
               STRIP_STYLE = non-global
               STRIP_SWIFT_SYMBOLS = YES
               SUPPORTED_DEVICE_FAMILIES = 1,2
               SUPPORTED_PLATFORMS = iphoneos iphonesimulator
               SUPPORTS_TEXT_BASED_API = NO
               SUPPRESS_WARNINGS = NO
               SWIFT_COMPILATION_MODE = wholemodule
               SWIFT_EMIT_LOC_STRINGS = NO
               SWIFT_OPTIMIZATION_LEVEL = -O
               SWIFT_PLATFORM_TARGET_PREFIX = ios
               SWIFT_RESPONSE_FILE_PATH_normal_arm64 = /Users/carl.stanley/sites/UKCPA/ukcpa_flutter/build/ios/Pods.build/Release-iphonesimulator/video_player_avfoundation-video_player_avfoundation_privacy.build/Objects-normal/arm64/video_player_avfoundation_privacy.SwiftFileList
               SWIFT_RESPONSE_FILE_PATH_normal_x86_64 = /Users/carl.stanley/sites/UKCPA/ukcpa_flutter/build/ios/Pods.build/Release-iphonesimulator/video_player_avfoundation-video_player_avfoundation_privacy.build/Objects-normal/x86_64/video_player_avfoundation_privacy.SwiftFileList
               SWIFT_VERSION = 5.0
               SYMROOT = /Users/carl.stanley/sites/UKCPA/ukcpa_flutter/ios/build
               SYSTEM_ADMIN_APPS_DIR = /Applications/Utilities
               SYSTEM_APPS_DIR = /Applications
               SYSTEM_CORE_SERVICES_DIR = /System/Library/CoreServices
               SYSTEM_DEMOS_DIR = /Applications/Extras
               SYSTEM_DEVELOPER_APPS_DIR = /Applications/Xcode.app/Contents/Developer/Applications
               SYSTEM_DEVELOPER_BIN_DIR = /Applications/Xcode.app/Contents/Developer/usr/bin
               SYSTEM_DEVELOPER_DEMOS_DIR = /Applications/Xcode.app/Contents/Developer/Applications/Utilities/Built Examples
               SYSTEM_DEVELOPER_DIR = /Applications/Xcode.app/Contents/Developer
               SYSTEM_DEVELOPER_DOC_DIR = /Applications/Xcode.app/Contents/Developer/ADC Reference Library
               SYSTEM_DEVELOPER_GRAPHICS_TOOLS_DIR = /Applications/Xcode.app/Contents/Developer/Applications/Graphics Tools
               SYSTEM_DEVELOPER_JAVA_TOOLS_DIR = /Applications/Xcode.app/Contents/Developer/Applications/Java Tools
               SYSTEM_DEVELOPER_PERFORMANCE_TOOLS_DIR = /Applications/Xcode.app/Contents/Developer/Applications/Performance Tools
               SYSTEM_DEVELOPER_RELEASENOTES_DIR = /Applications/Xcode.app/Contents/Developer/ADC Reference Library/releasenotes
               SYSTEM_DEVELOPER_TOOLS = /Applications/Xcode.app/Contents/Developer/Tools
               SYSTEM_DEVELOPER_TOOLS_DOC_DIR = /Applications/Xcode.app/Contents/Developer/ADC Reference Library/documentation/DeveloperTools
               SYSTEM_DEVELOPER_TOOLS_RELEASENOTES_DIR = /Applications/Xcode.app/Contents/Developer/ADC Reference Library/releasenotes/DeveloperTools
               SYSTEM_DEVELOPER_USR_DIR = /Applications/Xcode.app/Contents/Developer/usr
               SYSTEM_DEVELOPER_UTILITIES_DIR = /Applications/Xcode.app/Contents/Developer/Applications/Utilities
               SYSTEM_DEXT_INSTALL_PATH = /System/Library/DriverExtensions
               SYSTEM_DOCUMENTATION_DIR = /Library/Documentation
               SYSTEM_EXTENSIONS_FOLDER_PATH = video_player_avfoundation_privacy.bundle/SystemExtensions
               SYSTEM_EXTENSIONS_FOLDER_PATH_SHALLOW_BUNDLE_NO = video_player_avfoundation_privacy.bundle/Library/SystemExtensions
               SYSTEM_EXTENSIONS_FOLDER_PATH_SHALLOW_BUNDLE_YES = video_player_avfoundation_privacy.bundle/SystemExtensions
               SYSTEM_KEXT_INSTALL_PATH = /System/Library/Extensions
               SYSTEM_LIBRARY_DIR = /System/Library
               TAPI_DEMANGLE = YES
               TAPI_ENABLE_PROJECT_HEADERS = NO
               TAPI_LANGUAGE = objective-c
               TAPI_LANGUAGE_STANDARD = compiler-default
               TAPI_USE_SRCROOT = YES
               TAPI_VERIFY_MODE = Pedantic
               TARGETED_DEVICE_FAMILY = 1,2
               TARGETNAME = video_player_avfoundation-video_player_avfoundation_privacy
               TARGET_BUILD_DIR = /Users/carl.stanley/sites/UKCPA/ukcpa_flutter/build/ios/Release-iphonesimulator/video_player_avfoundation
               TARGET_NAME = video_player_avfoundation-video_player_avfoundation_privacy
               TARGET_TEMP_DIR = /Users/carl.stanley/sites/UKCPA/ukcpa_flutter/build/ios/Pods.build/Release-iphonesimulator/video_player_avfoundation-video_player_avfoundation_privacy.build
               TEMP_DIR = /Users/carl.stanley/sites/UKCPA/ukcpa_flutter/build/ios/Pods.build/Release-iphonesimulator/video_player_avfoundation-video_player_avfoundation_privacy.build
               TEMP_FILES_DIR = /Users/carl.stanley/sites/UKCPA/ukcpa_flutter/build/ios/Pods.build/Release-iphonesimulator/video_player_avfoundation-video_player_avfoundation_privacy.build
               TEMP_FILE_DIR = /Users/carl.stanley/sites/UKCPA/ukcpa_flutter/build/ios/Pods.build/Release-iphonesimulator/video_player_avfoundation-video_player_avfoundation_privacy.build
               TEMP_ROOT = /Users/carl.stanley/sites/UKCPA/ukcpa_flutter/build/ios
               TEST_FRAMEWORK_SEARCH_PATHS =  /Applications/Xcode.app/Contents/Developer/Platforms/iPhoneSimulator.platform/Developer/Library/Frameworks /Applications/Xcode.app/Contents/Developer/Platforms/iPhoneSimulator.platform/Developer/SDKs/iPhoneSimulator18.0.sdk/Developer/Library/Frameworks
               TEST_LIBRARY_SEARCH_PATHS =  /Applications/Xcode.app/Contents/Developer/Platforms/iPhoneSimulator.platform/Developer/usr/lib
               TOOLCHAINS = com.apple.dt.toolchain.XcodeDefault
               TOOLCHAIN_DIR = /Applications/Xcode.app/Contents/Developer/Toolchains/XcodeDefault.xctoolchain
               TREAT_MISSING_BASELINES_AS_TEST_FAILURES = NO
               TREAT_MISSING_SCRIPT_PHASE_OUTPUTS_AS_ERRORS = NO
               UID = 502
               UNINSTALLED_PRODUCTS_DIR = /Users/carl.stanley/sites/UKCPA/ukcpa_flutter/build/ios/UninstalledProducts
               UNLOCALIZED_RESOURCES_FOLDER_PATH = video_player_avfoundation_privacy.bundle
               UNLOCALIZED_RESOURCES_FOLDER_PATH_SHALLOW_BUNDLE_NO = video_player_avfoundation_privacy.bundle/Resources
               UNLOCALIZED_RESOURCES_FOLDER_PATH_SHALLOW_BUNDLE_YES = video_player_avfoundation_privacy.bundle
               UNSTRIPPED_PRODUCT = NO
               USER = carl.stanley
               USER_APPS_DIR = /Users/carl.stanley/Applications
               USER_LIBRARY_DIR = /Users/carl.stanley/Library
               USE_DYNAMIC_NO_PIC = YES
               USE_HEADERMAP = YES
               USE_HEADER_SYMLINKS = NO
               USE_RECURSIVE_SCRIPT_INPUTS_IN_SCRIPT_PHASES = YES
               VALIDATE_DEVELOPMENT_ASSET_PATHS = YES_ERROR
               VALIDATE_PRODUCT = NO
               VALID_ARCHS = arm64 arm64e i386 x86_64
               VERBOSE_PBXCP = NO
               VERSIONPLIST_PATH = video_player_avfoundation_privacy.bundle/version.plist
               VERSION_INFO_BUILDER = carl.stanley
               VERSION_INFO_FILE = video_player_avfoundation_privacy_vers.c
               VERSION_INFO_STRING = "@(#)PROGRAM:video_player_avfoundation_privacy  PROJECT:Pods-"
               WORKSPACE_DIR = /Users/carl.stanley/sites/UKCPA/ukcpa_flutter/ios/Pods/Pods.xcodeproj
               WRAPPER_EXTENSION = bundle
               WRAPPER_NAME = video_player_avfoundation_privacy.bundle
               WRAPPER_SUFFIX = .bundle
               WRAP_ASSET_PACKS_IN_SEPARATE_DIRECTORIES = NO
               XCODE_APP_SUPPORT_DIR = /Applications/Xcode.app/Contents/Developer/Library/Xcode
               XCODE_PRODUCT_BUILD_VERSION = 16A242d
               XCODE_VERSION_ACTUAL = 1600
               XCODE_VERSION_MAJOR = 1600
               XCODE_VERSION_MINOR = 1600
               XPCSERVICES_FOLDER_PATH = video_player_avfoundation_privacy.bundle/XPCServices
               YACC = yacc
               _WRAPPER_CONTENTS_DIR_SHALLOW_BUNDLE_NO = /Contents
               _WRAPPER_PARENT_PATH_SHALLOW_BUNDLE_NO = /..
               _WRAPPER_RESOURCES_DIR_SHALLOW_BUNDLE_NO = /Resources
               arch = undefined_arch
               variant = normal

           Build settings for action build and target wakelock_plus:
               ACTION = build
               AD_HOC_CODE_SIGNING_ALLOWED = YES
               ALLOW_BUILD_REQUEST_OVERRIDES = NO
               ALLOW_TARGET_PLATFORM_SPECIALIZATION = NO
               ALTERNATE_GROUP = staff
               ALTERNATE_MODE = u+w,go-w,a+rX
               ALTERNATE_OWNER = carl.stanley
               ALTERNATIVE_DISTRIBUTION_WEB = NO
               ALWAYS_EMBED_SWIFT_STANDARD_LIBRARIES = NO
               ALWAYS_SEARCH_USER_PATHS = NO
               ALWAYS_USE_SEPARATE_HEADERMAPS = NO
               APPLE_INTERNAL_DEVELOPER_DIR = /AppleInternal/Developer
               APPLE_INTERNAL_DIR = /AppleInternal
               APPLE_INTERNAL_DOCUMENTATION_DIR = /AppleInternal/Documentation
               APPLE_INTERNAL_LIBRARY_DIR = /AppleInternal/Library
               APPLE_INTERNAL_TOOLS = /AppleInternal/Developer/Tools
               APPLICATION_EXTENSION_API_ONLY = NO
               APPLY_RULES_IN_COPY_FILES = NO
               APPLY_RULES_IN_COPY_HEADERS = NO
               APP_SHORTCUTS_ENABLE_FLEXIBLE_MATCHING = YES
               ARCHS = arm64 x86_64
               ARCHS_STANDARD = arm64 x86_64
               ARCHS_STANDARD_32_64_BIT = arm64 i386 x86_64
               ARCHS_STANDARD_32_BIT = i386
               ARCHS_STANDARD_64_BIT = arm64 x86_64
               ARCHS_STANDARD_INCLUDING_64_BIT = arm64 x86_64
               ARCHS_UNIVERSAL_IPHONE_OS = arm64 i386 x86_64
               ASSETCATALOG_COMPILER_GENERATE_ASSET_SYMBOLS = YES
               AUTOMATICALLY_MERGE_DEPENDENCIES = NO
               AVAILABLE_PLATFORMS = appletvos appletvsimulator driverkit iphoneos iphonesimulator macosx watchos watchsimulator xros xrsimulator
               BITCODE_GENERATION_MODE = marker
               BUILD_ACTIVE_RESOURCES_ONLY = NO
               BUILD_COMPONENTS = headers build
               BUILD_DIR = /Users/carl.stanley/sites/UKCPA/ukcpa_flutter/build/ios
               BUILD_LIBRARY_FOR_DISTRIBUTION = NO
               BUILD_ROOT = /Users/carl.stanley/sites/UKCPA/ukcpa_flutter/ios/build
               BUILD_STYLE = 
               BUILD_VARIANTS = normal
               BUILT_PRODUCTS_DIR = /Users/carl.stanley/sites/UKCPA/ukcpa_flutter/build/ios/Release-iphonesimulator/wakelock_plus
               BUNDLE_CONTENTS_FOLDER_PATH_deep = Contents/
               BUNDLE_EXECUTABLE_FOLDER_NAME_deep = MacOS
               BUNDLE_EXTENSIONS_FOLDER_PATH = Extensions
               BUNDLE_FORMAT = shallow
               BUNDLE_FRAMEWORKS_FOLDER_PATH = Frameworks
               BUNDLE_PLUGINS_FOLDER_PATH = PlugIns
               BUNDLE_PRIVATE_HEADERS_FOLDER_PATH = PrivateHeaders
               BUNDLE_PUBLIC_HEADERS_FOLDER_PATH = Headers
               CACHE_ROOT = /var/folders/20/skb3d8qx2hn9r9z8036y32g40000gp/C/com.apple.DeveloperTools/16.0-16A242d/Xcode
               CCHROOT = /var/folders/20/skb3d8qx2hn9r9z8036y32g40000gp/C/com.apple.DeveloperTools/16.0-16A242d/Xcode
               CHMOD = /bin/chmod
               CHOWN = /usr/sbin/chown
               CLANG_ANALYZER_LOCALIZABILITY_NONLOCALIZED = YES
               CLANG_ANALYZER_NONNULL = YES
               CLANG_ANALYZER_NUMBER_OBJECT_CONVERSION = YES_AGGRESSIVE
               CLANG_CACHE_FINE_GRAINED_OUTPUTS = YES
               CLANG_CXX_LANGUAGE_STANDARD = gnu++14
               CLANG_CXX_LIBRARY = libc++
               CLANG_ENABLE_EXPLICIT_MODULES = YES
               CLANG_ENABLE_MODULES = YES
               CLANG_ENABLE_OBJC_ARC = YES
               CLANG_ENABLE_OBJC_WEAK = NO
               CLANG_MODULES_BUILD_SESSION_FILE = /var/folders/20/skb3d8qx2hn9r9z8036y32g40000gp/C/org.llvm.clang/ModuleCache.noindex/Session.modulevalidation
               CLANG_WARN_BLOCK_CAPTURE_AUTORELEASING = YES
               CLANG_WARN_BOOL_CONVERSION = YES
               CLANG_WARN_COMMA = YES
               CLANG_WARN_CONSTANT_CONVERSION = YES
               CLANG_WARN_DEPRECATED_OBJC_IMPLEMENTATIONS = YES
               CLANG_WARN_DIRECT_OBJC_ISA_USAGE = YES_ERROR
               CLANG_WARN_DOCUMENTATION_COMMENTS = YES
               CLANG_WARN_EMPTY_BODY = YES
               CLANG_WARN_ENUM_CONVERSION = YES
               CLANG_WARN_INFINITE_RECURSION = YES
               CLANG_WARN_INT_CONVERSION = YES
               CLANG_WARN_NON_LITERAL_NULL_CONVERSION = YES
               CLANG_WARN_OBJC_IMPLICIT_RETAIN_SELF = YES
               CLANG_WARN_OBJC_LITERAL_CONVERSION = YES
               CLANG_WARN_OBJC_ROOT_CLASS = YES_ERROR
               CLANG_WARN_QUOTED_INCLUDE_IN_FRAMEWORK_HEADER = NO
               CLANG_WARN_RANGE_LOOP_ANALYSIS = YES
               CLANG_WARN_STRICT_PROTOTYPES = YES
               CLANG_WARN_SUSPICIOUS_MOVE = YES
               CLANG_WARN_UNGUARDED_AVAILABILITY = YES_AGGRESSIVE
               CLANG_WARN_UNREACHABLE_CODE = YES
               CLANG_WARN__DUPLICATE_METHOD_MATCH = YES
               CLASS_FILE_DIR = /Users/carl.stanley/sites/UKCPA/ukcpa_flutter/build/ios/Pods.build/Release-iphonesimulator/wakelock_plus.build/JavaClasses
               CLEAN_PRECOMPS = YES
               CLONE_HEADERS = NO
               CODESIGNING_FOLDER_PATH = /Users/carl.stanley/sites/UKCPA/ukcpa_flutter/build/ios/Release-iphonesimulator/wakelock_plus/wakelock_plus.framework
               CODE_SIGNING_ALLOWED = YES
               CODE_SIGNING_REQUIRED = NO
               CODE_SIGNING_REQUIRES_TEAM = YES
               CODE_SIGN_CONTEXT_CLASS = XCiPhoneSimulatorCodeSignContext
               CODE_SIGN_IDENTITY = -
               CODE_SIGN_INJECT_BASE_ENTITLEMENTS = YES
               COLOR_DIAGNOSTICS = NO
               COMBINE_HIDPI_IMAGES = NO
               COMPILATION_CACHE_CAS_PATH = /var/folders/20/skb3d8qx2hn9r9z8036y32g40000gp/C/com.apple.DeveloperTools/16.0-16A242d/Xcode/CompilationCache.noindex
               COMPILATION_CACHE_KEEP_CAS_DIRECTORY = YES
               COMPILER_INDEX_STORE_ENABLE = Default
               COMPOSITE_SDK_DIRS = /Users/carl.stanley/sites/UKCPA/ukcpa_flutter/build/ios/CompositeSDKs
               COMPRESS_PNG_FILES = YES
               CONFIGURATION = Release
               CONFIGURATION_BUILD_DIR = /Users/carl.stanley/sites/UKCPA/ukcpa_flutter/build/ios/Release-iphonesimulator/wakelock_plus
               CONFIGURATION_TEMP_DIR = /Users/carl.stanley/sites/UKCPA/ukcpa_flutter/build/ios/Pods.build/Release-iphonesimulator
               CONTENTS_FOLDER_PATH = wakelock_plus.framework
               CONTENTS_FOLDER_PATH_SHALLOW_BUNDLE_NO = wakelock_plus.framework/A
               CONTENTS_FOLDER_PATH_SHALLOW_BUNDLE_YES = wakelock_plus.framework
               COPYING_PRESERVES_HFS_DATA = NO
               COPY_HEADERS_RUN_UNIFDEF = NO
               COPY_PHASE_STRIP = NO
               CORRESPONDING_DEVICE_PLATFORM_DIR = /Applications/Xcode.app/Contents/Developer/Platforms/iPhoneOS.platform
               CORRESPONDING_DEVICE_PLATFORM_NAME = iphoneos
               CORRESPONDING_DEVICE_SDK_DIR = /Applications/Xcode.app/Contents/Developer/Platforms/iPhoneOS.platform/Developer/SDKs/iPhoneOS18.0.sdk
               CORRESPONDING_DEVICE_SDK_NAME = iphoneos18.0
               CP = /bin/cp
               CREATE_INFOPLIST_SECTION_IN_BINARY = NO
               CURRENT_ARCH = undefined_arch
               CURRENT_PROJECT_VERSION = 1
               CURRENT_VARIANT = normal
               CURRENT_VERSION = Current
               DEAD_CODE_STRIPPING = YES
               DEBUGGING_SYMBOLS = YES
               DEBUG_INFORMATION_FORMAT = dwarf-with-dsym
               DEBUG_INFORMATION_VERSION = compiler-default
               DEFAULT_COMPILER = com.apple.compilers.llvm.clang.1_0
               DEFAULT_DEXT_INSTALL_PATH = /System/Library/DriverExtensions
               DEFAULT_KEXT_INSTALL_PATH = /System/Library/Extensions
               DEFINES_MODULE = YES
               DEPLOYMENT_LOCATION = NO
               DEPLOYMENT_POSTPROCESSING = NO
               DEPLOYMENT_TARGET_SETTING_NAME = IPHONEOS_DEPLOYMENT_TARGET
               DEPLOYMENT_TARGET_SUGGESTED_VALUES = 12.0 12.1 12.2 12.3 12.4 13.0 13.1 13.2 13.3 13.4 13.5 13.6 14.0 14.1 14.2 14.3 14.4 14.5 14.6 14.7 15.0 15.1 15.2 15.3 15.4 15.5 15.6 16.0 16.1 16.2 16.3 16.4 16.5 16.6 17.0 17.1 17.2 17.3 17.4 17.5 17.6 18.0
               DERIVED_FILES_DIR = /Users/carl.stanley/sites/UKCPA/ukcpa_flutter/build/ios/Pods.build/Release-iphonesimulator/wakelock_plus.build/DerivedSources
               DERIVED_FILE_DIR = /Users/carl.stanley/sites/UKCPA/ukcpa_flutter/build/ios/Pods.build/Release-iphonesimulator/wakelock_plus.build/DerivedSources
               DERIVED_SOURCES_DIR = /Users/carl.stanley/sites/UKCPA/ukcpa_flutter/build/ios/Pods.build/Release-iphonesimulator/wakelock_plus.build/DerivedSources
               DEVELOPER_APPLICATIONS_DIR = /Applications/Xcode.app/Contents/Developer/Applications
               DEVELOPER_BIN_DIR = /Applications/Xcode.app/Contents/Developer/usr/bin
               DEVELOPER_DIR = /Applications/Xcode.app/Contents/Developer
               DEVELOPER_FRAMEWORKS_DIR = /Applications/Xcode.app/Contents/Developer/Library/Frameworks
               DEVELOPER_FRAMEWORKS_DIR_QUOTED = /Applications/Xcode.app/Contents/Developer/Library/Frameworks
               DEVELOPER_LIBRARY_DIR = /Applications/Xcode.app/Contents/Developer/Library
               DEVELOPER_SDK_DIR = /Applications/Xcode.app/Contents/Developer/Platforms/MacOSX.platform/Developer/SDKs
               DEVELOPER_TOOLS_DIR = /Applications/Xcode.app/Contents/Developer/Tools
               DEVELOPER_USR_DIR = /Applications/Xcode.app/Contents/Developer/usr
               DEVELOPMENT_LANGUAGE = en
               DIFF = /usr/bin/diff
               DOCUMENTATION_FOLDER_PATH = wakelock_plus.framework/en.lproj/Documentation
               DONT_GENERATE_INFOPLIST_FILE = NO
               DSTROOT = /tmp/Pods.dst
               DT_TOOLCHAIN_DIR = /Applications/Xcode.app/Contents/Developer/Toolchains/XcodeDefault.xctoolchain
               DWARF_DSYM_FILE_NAME = wakelock_plus.framework.dSYM
               DWARF_DSYM_FILE_SHOULD_ACCOMPANY_PRODUCT = NO
               DWARF_DSYM_FOLDER_PATH = /Users/carl.stanley/sites/UKCPA/ukcpa_flutter/build/ios/Release-iphonesimulator/wakelock_plus
               DYLIB_COMPATIBILITY_VERSION = 1
               DYLIB_CURRENT_VERSION = 1
               DYLIB_INSTALL_NAME_BASE = @rpath
               DYNAMIC_LIBRARY_EXTENSION = dylib
               EAGER_COMPILATION_ALLOW_SCRIPTS = NO
               EAGER_LINKING = NO
               EFFECTIVE_PLATFORM_NAME = -iphonesimulator
               EMBEDDED_CONTENT_CONTAINS_SWIFT = NO
               EMBED_ASSET_PACKS_IN_PRODUCT_BUNDLE = NO
               ENABLE_APP_SANDBOX = NO
               ENABLE_BITCODE = NO
               ENABLE_CODE_COVERAGE = YES
               ENABLE_DEFAULT_HEADER_SEARCH_PATHS = YES
               ENABLE_DEFAULT_SEARCH_PATHS = YES
               ENABLE_HARDENED_RUNTIME = NO
               ENABLE_HEADER_DEPENDENCIES = YES
               ENABLE_MODULE_VERIFIER = NO
               ENABLE_NS_ASSERTIONS = NO
               ENABLE_ON_DEMAND_RESOURCES = NO
               ENABLE_STRICT_OBJC_MSGSEND = YES
               ENABLE_TESTABILITY = NO
               ENABLE_TESTING_SEARCH_PATHS = NO
               ENABLE_USER_SCRIPT_SANDBOXING = NO
               ENTITLEMENTS_DESTINATION = __entitlements
               ENTITLEMENTS_REQUIRED = NO
               EXCLUDED_ARCHS = i386 i386
               EXCLUDED_INSTALLSRC_SUBDIRECTORY_PATTERNS = .DS_Store .svn .git .hg CVS
               EXCLUDED_RECURSIVE_SEARCH_PATH_SUBDIRECTORIES = *.nib *.lproj *.framework *.gch *.xcode* *.xcassets (*) .DS_Store CVS .svn .git .hg *.pbproj *.pbxproj
               EXECUTABLES_FOLDER_PATH = wakelock_plus.framework/en.lproj
               EXECUTABLE_FOLDER_PATH = wakelock_plus.framework
               EXECUTABLE_FOLDER_PATH_SHALLOW_BUNDLE_NO = wakelock_plus.framework
               EXECUTABLE_FOLDER_PATH_SHALLOW_BUNDLE_YES = wakelock_plus.framework
               EXECUTABLE_NAME = wakelock_plus
               EXECUTABLE_PATH = wakelock_plus.framework/wakelock_plus
               EXTENSIONS_FOLDER_PATH = wakelock_plus.framework/Extensions
               FILE_LIST = /Users/carl.stanley/sites/UKCPA/ukcpa_flutter/build/ios/Pods.build/Release-iphonesimulator/wakelock_plus.build/Objects/LinkFileList
               FIXED_FILES_DIR = /Users/carl.stanley/sites/UKCPA/ukcpa_flutter/build/ios/Pods.build/Release-iphonesimulator/wakelock_plus.build/FixedFiles
               FRAMEWORKS_FOLDER_PATH = wakelock_plus.framework/Frameworks
               FRAMEWORK_FLAG_PREFIX = -framework
               FRAMEWORK_SEARCH_PATHS = /Users/carl.stanley/sites/UKCPA/ukcpa_flutter/build/ios/Release-iphonesimulator/wakelock_plus "/Users/carl.stanley/development/flutter/bin/cache/artifacts/engine/ios-release/Flutter.xcframework/ios-arm64_x86_64-simulator" 
               FRAMEWORK_VERSION = A
               FULL_PRODUCT_NAME = wakelock_plus.framework
               FUSE_BUILD_PHASES = YES
               FUSE_BUILD_SCRIPT_PHASES = NO
               GCC3_VERSION = 3.3
               GCC_C_LANGUAGE_STANDARD = gnu11
               GCC_INLINES_ARE_PRIVATE_EXTERN = YES
               GCC_NO_COMMON_BLOCKS = YES
               GCC_OBJC_LEGACY_DISPATCH = YES
               GCC_PFE_FILE_C_DIALECTS = c objective-c c++ objective-c++
               GCC_PREFIX_HEADER = Target Support Files/wakelock_plus/wakelock_plus-prefix.pch
               GCC_PREPROCESSOR_DEFINITIONS = POD_CONFIGURATION_RELEASE=1  COCOAPODS=1
               GCC_TREAT_WARNINGS_AS_ERRORS = NO
               GCC_VERSION = com.apple.compilers.llvm.clang.1_0
               GCC_VERSION_IDENTIFIER = com_apple_compilers_llvm_clang_1_0
               GCC_WARN_64_TO_32_BIT_CONVERSION = YES
               GCC_WARN_ABOUT_RETURN_TYPE = YES_ERROR
               GCC_WARN_UNDECLARED_SELECTOR = YES
               GCC_WARN_UNINITIALIZED_AUTOS = YES_AGGRESSIVE
               GCC_WARN_UNUSED_FUNCTION = YES
               GCC_WARN_UNUSED_VARIABLE = YES
               GENERATED_MODULEMAP_DIR = /Users/carl.stanley/sites/UKCPA/ukcpa_flutter/build/ios/GeneratedModuleMaps-iphonesimulator
               GENERATE_INFOPLIST_FILE = NO
               GENERATE_INTERMEDIATE_TEXT_BASED_STUBS = YES
               GENERATE_MASTER_OBJECT_FILE = NO
               GENERATE_PKGINFO_FILE = NO
               GENERATE_PROFILING_CODE = NO
               GENERATE_TEXT_BASED_STUBS = NO
               GID = 20
               GROUP = staff
               HEADERMAP_INCLUDES_FLAT_ENTRIES_FOR_TARGET_BEING_BUILT = YES
               HEADERMAP_INCLUDES_FRAMEWORK_ENTRIES_FOR_ALL_PRODUCT_TYPES = YES
               HEADERMAP_INCLUDES_FRAMEWORK_ENTRIES_FOR_TARGETS_NOT_BEING_BUILT = YES
               HEADERMAP_INCLUDES_NONPUBLIC_NONPRIVATE_HEADERS = YES
               HEADERMAP_INCLUDES_PROJECT_HEADERS = YES
               HEADERMAP_USES_FRAMEWORK_PREFIX_ENTRIES = YES
               HEADERMAP_USES_VFS = YES
               HEADER_SEARCH_PATHS = /Users/carl.stanley/sites/UKCPA/ukcpa_flutter/build/ios/Release-iphonesimulator/wakelock_plus/include 
               HIDE_BITCODE_SYMBOLS = YES
               HOME = /Users/carl.stanley
               HOST_ARCH = arm64
               HOST_PLATFORM = macosx
               ICONV = /usr/bin/iconv
               IMPLICIT_DEPENDENCY_DOMAIN = default
               INFOPLIST_ENABLE_CFBUNDLEICONS_MERGE = YES
               INFOPLIST_EXPAND_BUILD_SETTINGS = YES
               INFOPLIST_FILE = Target Support Files/wakelock_plus/wakelock_plus-Info.plist
               INFOPLIST_OUTPUT_FORMAT = binary
               INFOPLIST_PATH = wakelock_plus.framework/Info.plist
               INFOPLIST_PREPROCESS = NO
               INFOSTRINGS_PATH = wakelock_plus.framework/en.lproj/InfoPlist.strings
               INLINE_PRIVATE_FRAMEWORKS = NO
               INSTALLHDRS_COPY_PHASE = NO
               INSTALLHDRS_SCRIPT_PHASE = NO
               INSTALL_DIR = /tmp/Pods.dst/Library/Frameworks
               INSTALL_GROUP = staff
               INSTALL_MODE_FLAG = u+w,go-w,a+rX
               INSTALL_OWNER = carl.stanley
               INSTALL_PATH = /Library/Frameworks
               INSTALL_ROOT = /tmp/Pods.dst
               IPHONEOS_DEPLOYMENT_TARGET = 13.0
               IS_UNOPTIMIZED_BUILD = NO
               JAVAC_DEFAULT_FLAGS = -J-Xms64m -J-XX:NewSize=4M -J-Dfile.encoding=UTF8
               JAVA_APP_STUB = /System/Library/Frameworks/JavaVM.framework/Resources/MacOS/JavaApplicationStub
               JAVA_ARCHIVE_CLASSES = YES
               JAVA_ARCHIVE_TYPE = JAR
               JAVA_COMPILER = /usr/bin/javac
               JAVA_FOLDER_PATH = wakelock_plus.framework/Java
               JAVA_FRAMEWORK_RESOURCES_DIRS = Resources
               JAVA_JAR_FLAGS = cv
               JAVA_SOURCE_SUBDIR = .
               JAVA_USE_DEPENDENCIES = YES
               JAVA_ZIP_FLAGS = -urg
               JIKES_DEFAULT_FLAGS = +E +OLDCSO
               KEEP_PRIVATE_EXTERNS = NO
               LD_DEPENDENCY_INFO_FILE = /Users/carl.stanley/sites/UKCPA/ukcpa_flutter/build/ios/Pods.build/Release-iphonesimulator/wakelock_plus.build/Objects-normal/undefined_arch/wakelock_plus_dependency_info.dat
               LD_DYLIB_INSTALL_NAME = @rpath/wakelock_plus.framework/wakelock_plus
               LD_EXPORT_SYMBOLS = YES
               LD_GENERATE_MAP_FILE = NO
               LD_MAP_FILE_PATH = /Users/carl.stanley/sites/UKCPA/ukcpa_flutter/build/ios/Pods.build/Release-iphonesimulator/wakelock_plus.build/wakelock_plus-LinkMap-normal-undefined_arch.txt
               LD_NO_PIE = NO
               LD_QUOTE_LINKER_ARGUMENTS_FOR_COMPILER_DRIVER = YES
               LD_RUNPATH_SEARCH_PATHS =  @executable_path/Frameworks @loader_path/Frameworks
               LD_SHARED_CACHE_ELIGIBLE = Automatic
               LD_WARN_DUPLICATE_LIBRARIES = NO
               LD_WARN_UNUSED_DYLIBS = NO
               LEGACY_DEVELOPER_DIR = /Applications/Xcode.app/Contents/PlugIns/Xcode3Core.ideplugin/Contents/SharedSupport/Developer
               LEX = lex
               LIBRARY_DEXT_INSTALL_PATH = /Library/DriverExtensions
               LIBRARY_FLAG_NOSPACE = YES
               LIBRARY_FLAG_PREFIX = -l
               LIBRARY_KEXT_INSTALL_PATH = /Library/Extensions
               LIBRARY_SEARCH_PATHS = /Users/carl.stanley/sites/UKCPA/ukcpa_flutter/build/ios/Release-iphonesimulator/wakelock_plus 
               LINKER_DISPLAYS_MANGLED_NAMES = NO
               LINK_FILE_LIST_normal_arm64 = /Users/carl.stanley/sites/UKCPA/ukcpa_flutter/build/ios/Pods.build/Release-iphonesimulator/wakelock_plus.build/Objects-normal/arm64/wakelock_plus.LinkFileList
               LINK_FILE_LIST_normal_x86_64 = /Users/carl.stanley/sites/UKCPA/ukcpa_flutter/build/ios/Pods.build/Release-iphonesimulator/wakelock_plus.build/Objects-normal/x86_64/wakelock_plus.LinkFileList
               LINK_OBJC_RUNTIME = YES
               LINK_WITH_STANDARD_LIBRARIES = YES
               LLVM_TARGET_TRIPLE_OS_VERSION = ios13.0
               LLVM_TARGET_TRIPLE_SUFFIX = -simulator
               LLVM_TARGET_TRIPLE_VENDOR = apple
               LM_AUX_CONST_METADATA_LIST_PATH_normal_arm64 = /Users/carl.stanley/sites/UKCPA/ukcpa_flutter/build/ios/Pods.build/Release-iphonesimulator/wakelock_plus.build/Objects-normal/arm64/wakelock_plus.SwiftConstValuesFileList
               LM_AUX_CONST_METADATA_LIST_PATH_normal_x86_64 = /Users/carl.stanley/sites/UKCPA/ukcpa_flutter/build/ios/Pods.build/Release-iphonesimulator/wakelock_plus.build/Objects-normal/x86_64/wakelock_plus.SwiftConstValuesFileList
               LOCALIZATION_EXPORT_SUPPORTED = YES
               LOCALIZATION_PREFERS_STRING_CATALOGS = NO
               LOCALIZED_RESOURCES_FOLDER_PATH = wakelock_plus.framework/en.lproj
               LOCALIZED_STRING_MACRO_NAMES = NSLocalizedString CFCopyLocalizedString
               LOCALIZED_STRING_SWIFTUI_SUPPORT = YES
               LOCAL_ADMIN_APPS_DIR = /Applications/Utilities
               LOCAL_APPS_DIR = /Applications
               LOCAL_DEVELOPER_DIR = /Library/Developer
               LOCAL_LIBRARY_DIR = /Library
               LOCROOT = /Users/carl.stanley/sites/UKCPA/ukcpa_flutter/ios/Pods
               LOCSYMROOT = /Users/carl.stanley/sites/UKCPA/ukcpa_flutter/ios/Pods
               MACH_O_TYPE = mh_dylib
               MAC_OS_X_PRODUCT_BUILD_VERSION = 24G84
               MAC_OS_X_VERSION_ACTUAL = 150600
               MAC_OS_X_VERSION_MAJOR = 150000
               MAC_OS_X_VERSION_MINOR = 150600
               MAKE_MERGEABLE = NO
               MERGEABLE_LIBRARY = NO
               MERGED_BINARY_TYPE = none
               MERGE_LINKED_LIBRARIES = NO
               METAL_LIBRARY_FILE_BASE = default
               METAL_LIBRARY_OUTPUT_DIR = /Users/carl.stanley/sites/UKCPA/ukcpa_flutter/build/ios/Release-iphonesimulator/wakelock_plus/wakelock_plus.framework
               MODULEMAP_FILE = Target Support Files/wakelock_plus/wakelock_plus.modulemap
               MODULES_FOLDER_PATH = wakelock_plus.framework/Modules
               MTL_ENABLE_DEBUG_INFO = NO
               MTL_FAST_MATH = YES
               NATIVE_ARCH = arm64
               NATIVE_ARCH_32_BIT = arm
               NATIVE_ARCH_64_BIT = arm64
               NATIVE_ARCH_ACTUAL = arm64
               NO_COMMON = YES
               OBJC_ABI_VERSION = 2
               OBJECT_FILE_DIR = /Users/carl.stanley/sites/UKCPA/ukcpa_flutter/build/ios/Pods.build/Release-iphonesimulator/wakelock_plus.build/Objects
               OBJECT_FILE_DIR_normal = /Users/carl.stanley/sites/UKCPA/ukcpa_flutter/build/ios/Pods.build/Release-iphonesimulator/wakelock_plus.build/Objects-normal
               OBJROOT = /Users/carl.stanley/sites/UKCPA/ukcpa_flutter/build/ios
               ONLY_ACTIVE_ARCH = NO
               OS = MACOS
               OSAC = /usr/bin/osacompile
               OTHER_LDFLAGS =  -framework Flutter
               PACKAGE_TYPE = com.apple.package-type.wrapper.framework
               PASCAL_STRINGS = YES
               PATH = /Applications/Xcode.app/Contents/SharedFrameworks/XCBuild.framework/Versions/A/PlugIns/XCBBuildService.bundle/Contents/PlugIns/XCBSpecifications.ideplugin/Contents/Resources:/Applications/Xcode.app/Contents/SharedFrameworks/XCBuild.framework/Versions/A/PlugIns/XCBBuildService.bundle/Contents/PlugIns/XCBSpecifications.ideplugin:/Applications/Xcode.app/Contents/Developer/Toolchains/XcodeDefault.xctoolchain/usr/bin:/Applications/Xcode.app/Contents/Developer/Toolchains/XcodeDefault.xctoolchain/usr/appleinternal/bin:/Applications/Xcode.app/Contents/Developer/Toolchains/XcodeDefault.xctoolchain/usr/local/bin:/Applications/Xcode.app/Contents/Developer/Toolchains/XcodeDefault.xctoolchain/usr/libexec:/Applications/Xcode.app/Contents/Developer/Platforms/iPhoneSimulator.platform/usr/bin:/Applications/Xcode.app/Contents/Developer/Platforms/iPhoneSimulator.platform/usr/appleinternal/bin:/Applications/Xcode.app/Contents/Developer/Platforms/iPhoneSimulator.platform/usr/local/bin:/Applications/Xcode.app/Contents/Developer/Platforms/iPhoneSimulator.platform/Developer/usr/bin:/Applications/Xcode.app/Contents/Developer/Platforms/iPhoneSimulator.platform/Developer/usr/local/bin:/Applications/Xcode.app/Contents/Developer/usr/bin:/Applications/Xcode.app/Contents/Developer/usr/local/bin:/opt/homebrew/Cellar/pyenv-virtualenv/1.2.4/shims:/Users/carl.stanley/.pyenv/shims:/Users/carl.stanley/.pyenv/bin:/Users/carl.stanley/.nvm/versions/node/v18.17.0/bin:/Users/carl.stanley/development/flutter/bin:/opt/homebrew/bin:/opt/homebrew/sbin:/Users/carl.stanley/.local/bin:/usr/local/bin:/System/Cryptexes/App/usr/bin:/usr/bin:/bin:/usr/sbin:/sbin:/var/run/com.apple.security.cryptexd/codex.system/bootstrap/usr/local/bin:/var/run/com.apple.security.cryptexd/codex.system/bootstrap/usr/bin:/var/run/com.apple.security.cryptexd/codex.system/bootstrap/usr/appleinternal/bin:/Library/Apple/usr/bin:/usr/local/sbin:/usr/local/go/bin:/Users/carl.stanley/.pub-cache/bin
               PATH_PREFIXES_EXCLUDED_FROM_HEADER_DEPENDENCIES = /usr/include /usr/local/include /System/Library/Frameworks /System/Library/PrivateFrameworks /Applications/Xcode.app/Contents/Developer/Headers /Applications/Xcode.app/Contents/Developer/SDKs /Applications/Xcode.app/Contents/Developer/Platforms
               PBDEVELOPMENTPLIST_PATH = wakelock_plus.framework/pbdevelopment.plist
               PER_ARCH_OBJECT_FILE_DIR = /Users/carl.stanley/sites/UKCPA/ukcpa_flutter/build/ios/Pods.build/Release-iphonesimulator/wakelock_plus.build/Objects-normal/undefined_arch
               PER_VARIANT_OBJECT_FILE_DIR = /Users/carl.stanley/sites/UKCPA/ukcpa_flutter/build/ios/Pods.build/Release-iphonesimulator/wakelock_plus.build/Objects-normal
               PKGINFO_FILE_PATH = /Users/carl.stanley/sites/UKCPA/ukcpa_flutter/build/ios/Pods.build/Release-iphonesimulator/wakelock_plus.build/PkgInfo
               PKGINFO_PATH = wakelock_plus.framework/PkgInfo
               PLATFORM_DEVELOPER_APPLICATIONS_DIR = /Applications/Xcode.app/Contents/Developer/Platforms/iPhoneSimulator.platform/Developer/Applications
               PLATFORM_DEVELOPER_BIN_DIR = /Applications/Xcode.app/Contents/Developer/Platforms/iPhoneSimulator.platform/Developer/usr/bin
               PLATFORM_DEVELOPER_LIBRARY_DIR = /Applications/Xcode.app/Contents/Developer/Platforms/iPhoneSimulator.platform/Developer/Library
               PLATFORM_DEVELOPER_SDK_DIR = /Applications/Xcode.app/Contents/Developer/Platforms/iPhoneSimulator.platform/Developer/SDKs
               PLATFORM_DEVELOPER_TOOLS_DIR = /Applications/Xcode.app/Contents/Developer/Platforms/iPhoneSimulator.platform/Developer/Tools
               PLATFORM_DEVELOPER_USR_DIR = /Applications/Xcode.app/Contents/Developer/Platforms/iPhoneSimulator.platform/Developer/usr
               PLATFORM_DIR = /Applications/Xcode.app/Contents/Developer/Platforms/iPhoneSimulator.platform
               PLATFORM_DISPLAY_NAME = iOS Simulator
               PLATFORM_FAMILY_NAME = iOS
               PLATFORM_NAME = iphonesimulator
               PLATFORM_PREFERRED_ARCH = x86_64
               PLATFORM_PRODUCT_BUILD_VERSION = 22A3362
               PLIST_FILE_OUTPUT_FORMAT = binary
               PLUGINS_FOLDER_PATH = wakelock_plus.framework/PlugIns
               PODS_BUILD_DIR = /Users/carl.stanley/sites/UKCPA/ukcpa_flutter/build/ios
               PODS_CONFIGURATION_BUILD_DIR = /Users/carl.stanley/sites/UKCPA/ukcpa_flutter/build/ios/Release-iphonesimulator
               PODS_DEVELOPMENT_LANGUAGE = en
               PODS_ROOT = /Users/carl.stanley/sites/UKCPA/ukcpa_flutter/ios/Pods
               PODS_TARGET_SRCROOT = /Users/carl.stanley/sites/UKCPA/ukcpa_flutter/ios/Pods/../.symlinks/plugins/wakelock_plus/ios
               PODS_XCFRAMEWORKS_BUILD_DIR = /Users/carl.stanley/sites/UKCPA/ukcpa_flutter/build/ios/Release-iphonesimulator/XCFrameworkIntermediates
               PRECOMPS_INCLUDE_HEADERS_FROM_BUILT_PRODUCTS_DIR = YES
               PRECOMP_DESTINATION_DIR = /Users/carl.stanley/sites/UKCPA/ukcpa_flutter/build/ios/Pods.build/Release-iphonesimulator/wakelock_plus.build/PrefixHeaders
               PRIVATE_HEADERS_FOLDER_PATH = wakelock_plus.framework/PrivateHeaders
               PROCESSED_INFOPLIST_PATH = /Users/carl.stanley/sites/UKCPA/ukcpa_flutter/build/ios/Pods.build/Release-iphonesimulator/wakelock_plus.build/Objects-normal/undefined_arch/Processed-Info.plist
               PRODUCT_BUNDLE_IDENTIFIER = org.cocoapods.wakelock-plus
               PRODUCT_BUNDLE_PACKAGE_TYPE = FMWK
               PRODUCT_MODULE_NAME = wakelock_plus
               PRODUCT_NAME = wakelock_plus
               PRODUCT_SETTINGS_PATH = /Users/carl.stanley/sites/UKCPA/ukcpa_flutter/ios/Pods/Target Support Files/wakelock_plus/wakelock_plus-Info.plist
               PRODUCT_TYPE = com.apple.product-type.framework
               PROFILING_CODE = NO
               PROJECT = Pods
               PROJECT_DERIVED_FILE_DIR = /Users/carl.stanley/sites/UKCPA/ukcpa_flutter/build/ios/Pods.build/DerivedSources
               PROJECT_DIR = /Users/carl.stanley/sites/UKCPA/ukcpa_flutter/ios/Pods
               PROJECT_FILE_PATH = /Users/carl.stanley/sites/UKCPA/ukcpa_flutter/ios/Pods/Pods.xcodeproj
               PROJECT_GUID = bfdfe7dc352907fc980b868725387e98
               PROJECT_NAME = Pods
               PROJECT_TEMP_DIR = /Users/carl.stanley/sites/UKCPA/ukcpa_flutter/build/ios/Pods.build
               PROJECT_TEMP_ROOT = /Users/carl.stanley/sites/UKCPA/ukcpa_flutter/build/ios
               PUBLIC_HEADERS_FOLDER_PATH = wakelock_plus.framework/Headers
               RECOMMENDED_IPHONEOS_DEPLOYMENT_TARGET = 15.0
               RECURSIVE_SEARCH_PATHS_FOLLOW_SYMLINKS = YES
               REMOVE_CVS_FROM_RESOURCES = YES
               REMOVE_GIT_FROM_RESOURCES = YES
               REMOVE_HEADERS_FROM_EMBEDDED_BUNDLES = YES
               REMOVE_HG_FROM_RESOURCES = YES
               REMOVE_STATIC_EXECUTABLES_FROM_EMBEDDED_BUNDLES = YES
               REMOVE_SVN_FROM_RESOURCES = YES
               RESCHEDULE_INDEPENDENT_HEADERS_PHASES = YES
               REZ_COLLECTOR_DIR = /Users/carl.stanley/sites/UKCPA/ukcpa_flutter/build/ios/Pods.build/Release-iphonesimulator/wakelock_plus.build/ResourceManagerResources
               REZ_OBJECTS_DIR = /Users/carl.stanley/sites/UKCPA/ukcpa_flutter/build/ios/Pods.build/Release-iphonesimulator/wakelock_plus.build/ResourceManagerResources/Objects
               REZ_SEARCH_PATHS = /Users/carl.stanley/sites/UKCPA/ukcpa_flutter/build/ios/Release-iphonesimulator/wakelock_plus 
               SCAN_ALL_SOURCE_FILES_FOR_INCLUDES = NO
               SCRIPTS_FOLDER_PATH = wakelock_plus.framework/Scripts
               SDKROOT = /Applications/Xcode.app/Contents/Developer/Platforms/iPhoneSimulator.platform/Developer/SDKs/iPhoneSimulator18.0.sdk
               SDK_DIR = /Applications/Xcode.app/Contents/Developer/Platforms/iPhoneSimulator.platform/Developer/SDKs/iPhoneSimulator18.0.sdk
               SDK_DIR_iphonesimulator = /Applications/Xcode.app/Contents/Developer/Platforms/iPhoneSimulator.platform/Developer/SDKs/iPhoneSimulator18.0.sdk
               SDK_DIR_iphonesimulator18_0 = /Applications/Xcode.app/Contents/Developer/Platforms/iPhoneSimulator.platform/Developer/SDKs/iPhoneSimulator18.0.sdk
               SDK_NAME = iphonesimulator18.0
               SDK_NAMES = iphonesimulator18.0
               SDK_PRODUCT_BUILD_VERSION = 22A3362
               SDK_STAT_CACHE_DIR = /var/folders/20/skb3d8qx2hn9r9z8036y32g40000gp/C/com.apple.DeveloperTools/16.0-16A242d/Xcode
               SDK_STAT_CACHE_ENABLE = YES
               SDK_STAT_CACHE_PATH = /var/folders/20/skb3d8qx2hn9r9z8036y32g40000gp/C/com.apple.DeveloperTools/16.0-16A242d/Xcode/SDKStatCaches.noindex/iphonesimulator18.0-22A3362-db63dc9361471f152f572502bdbfe70a.sdkstatcache
               SDK_VERSION = 18.0
               SDK_VERSION_ACTUAL = 180000
               SDK_VERSION_MAJOR = 180000
               SDK_VERSION_MINOR = 180000
               SED = /usr/bin/sed
               SEPARATE_STRIP = NO
               SEPARATE_SYMBOL_EDIT = NO
               SET_DIR_MODE_OWNER_GROUP = YES
               SET_FILE_MODE_OWNER_GROUP = NO
               SHALLOW_BUNDLE = YES
               SHALLOW_BUNDLE_TRIPLE = ios-simulator
               SHALLOW_BUNDLE_ios_macabi = NO
               SHALLOW_BUNDLE_macos = NO
               SHARED_DERIVED_FILE_DIR = /Users/carl.stanley/sites/UKCPA/ukcpa_flutter/build/ios/Release-iphonesimulator/wakelock_plus/DerivedSources
               SHARED_FRAMEWORKS_FOLDER_PATH = wakelock_plus.framework/SharedFrameworks
               SHARED_PRECOMPS_DIR = /Users/carl.stanley/sites/UKCPA/ukcpa_flutter/build/ios/SharedPrecompiledHeaders
               SHARED_SUPPORT_FOLDER_PATH = wakelock_plus.framework
               SKIP_INSTALL = YES
               SOURCE_ROOT = /Users/carl.stanley/sites/UKCPA/ukcpa_flutter/ios/Pods
               SRCROOT = /Users/carl.stanley/sites/UKCPA/ukcpa_flutter/ios/Pods
               STRINGSDATA_DIR = /Users/carl.stanley/sites/UKCPA/ukcpa_flutter/build/ios/Pods.build/Release-iphonesimulator/wakelock_plus.build/Objects-normal/undefined_arch
               STRINGSDATA_ROOT = /Users/carl.stanley/sites/UKCPA/ukcpa_flutter/build/ios/Pods.build/Release-iphonesimulator/wakelock_plus.build
               STRINGS_FILE_INFOPLIST_RENAME = YES
               STRINGS_FILE_OUTPUT_ENCODING = binary
               STRIP_BITCODE_FROM_COPIED_FILES = NO
               STRIP_INSTALLED_PRODUCT = NO
               STRIP_STYLE = debugging
               STRIP_SWIFT_SYMBOLS = YES
               SUPPORTED_DEVICE_FAMILIES = 1,2
               SUPPORTED_PLATFORMS = iphoneos iphonesimulator
               SUPPORTS_TEXT_BASED_API = NO
               SUPPRESS_WARNINGS = NO
               SWIFT_ACTIVE_COMPILATION_CONDITIONS =  
               SWIFT_COMPILATION_MODE = wholemodule
               SWIFT_EMIT_LOC_STRINGS = NO
               SWIFT_INSTALL_MODULE_FOR_DEPLOYMENT = YES
               SWIFT_INSTALL_OBJC_HEADER = YES
               SWIFT_OPTIMIZATION_LEVEL = -O
               SWIFT_PLATFORM_TARGET_PREFIX = ios
               SWIFT_RESPONSE_FILE_PATH_normal_arm64 = /Users/carl.stanley/sites/UKCPA/ukcpa_flutter/build/ios/Pods.build/Release-iphonesimulator/wakelock_plus.build/Objects-normal/arm64/wakelock_plus.SwiftFileList
               SWIFT_RESPONSE_FILE_PATH_normal_x86_64 = /Users/carl.stanley/sites/UKCPA/ukcpa_flutter/build/ios/Pods.build/Release-iphonesimulator/wakelock_plus.build/Objects-normal/x86_64/wakelock_plus.SwiftFileList
               SWIFT_VERSION = 5.0
               SYMROOT = /Users/carl.stanley/sites/UKCPA/ukcpa_flutter/ios/build
               SYSTEM_ADMIN_APPS_DIR = /Applications/Utilities
               SYSTEM_APPS_DIR = /Applications
               SYSTEM_CORE_SERVICES_DIR = /System/Library/CoreServices
               SYSTEM_DEMOS_DIR = /Applications/Extras
               SYSTEM_DEVELOPER_APPS_DIR = /Applications/Xcode.app/Contents/Developer/Applications
               SYSTEM_DEVELOPER_BIN_DIR = /Applications/Xcode.app/Contents/Developer/usr/bin
               SYSTEM_DEVELOPER_DEMOS_DIR = /Applications/Xcode.app/Contents/Developer/Applications/Utilities/Built Examples
               SYSTEM_DEVELOPER_DIR = /Applications/Xcode.app/Contents/Developer
               SYSTEM_DEVELOPER_DOC_DIR = /Applications/Xcode.app/Contents/Developer/ADC Reference Library
               SYSTEM_DEVELOPER_GRAPHICS_TOOLS_DIR = /Applications/Xcode.app/Contents/Developer/Applications/Graphics Tools
               SYSTEM_DEVELOPER_JAVA_TOOLS_DIR = /Applications/Xcode.app/Contents/Developer/Applications/Java Tools
               SYSTEM_DEVELOPER_PERFORMANCE_TOOLS_DIR = /Applications/Xcode.app/Contents/Developer/Applications/Performance Tools
               SYSTEM_DEVELOPER_RELEASENOTES_DIR = /Applications/Xcode.app/Contents/Developer/ADC Reference Library/releasenotes
               SYSTEM_DEVELOPER_TOOLS = /Applications/Xcode.app/Contents/Developer/Tools
               SYSTEM_DEVELOPER_TOOLS_DOC_DIR = /Applications/Xcode.app/Contents/Developer/ADC Reference Library/documentation/DeveloperTools
               SYSTEM_DEVELOPER_TOOLS_RELEASENOTES_DIR = /Applications/Xcode.app/Contents/Developer/ADC Reference Library/releasenotes/DeveloperTools
               SYSTEM_DEVELOPER_USR_DIR = /Applications/Xcode.app/Contents/Developer/usr
               SYSTEM_DEVELOPER_UTILITIES_DIR = /Applications/Xcode.app/Contents/Developer/Applications/Utilities
               SYSTEM_DEXT_INSTALL_PATH = /System/Library/DriverExtensions
               SYSTEM_DOCUMENTATION_DIR = /Library/Documentation
               SYSTEM_EXTENSIONS_FOLDER_PATH = wakelock_plus.framework/SystemExtensions
               SYSTEM_EXTENSIONS_FOLDER_PATH_SHALLOW_BUNDLE_NO = wakelock_plus.framework/Library/SystemExtensions
               SYSTEM_EXTENSIONS_FOLDER_PATH_SHALLOW_BUNDLE_YES = wakelock_plus.framework/SystemExtensions
               SYSTEM_KEXT_INSTALL_PATH = /System/Library/Extensions
               SYSTEM_LIBRARY_DIR = /System/Library
               TAPI_DEMANGLE = YES
               TAPI_ENABLE_PROJECT_HEADERS = NO
               TAPI_LANGUAGE = objective-c
               TAPI_LANGUAGE_STANDARD = compiler-default
               TAPI_USE_SRCROOT = YES
               TAPI_VERIFY_MODE = Pedantic
               TARGETED_DEVICE_FAMILY = 1,2
               TARGETNAME = wakelock_plus
               TARGET_BUILD_DIR = /Users/carl.stanley/sites/UKCPA/ukcpa_flutter/build/ios/Release-iphonesimulator/wakelock_plus
               TARGET_NAME = wakelock_plus
               TARGET_TEMP_DIR = /Users/carl.stanley/sites/UKCPA/ukcpa_flutter/build/ios/Pods.build/Release-iphonesimulator/wakelock_plus.build
               TEMP_DIR = /Users/carl.stanley/sites/UKCPA/ukcpa_flutter/build/ios/Pods.build/Release-iphonesimulator/wakelock_plus.build
               TEMP_FILES_DIR = /Users/carl.stanley/sites/UKCPA/ukcpa_flutter/build/ios/Pods.build/Release-iphonesimulator/wakelock_plus.build
               TEMP_FILE_DIR = /Users/carl.stanley/sites/UKCPA/ukcpa_flutter/build/ios/Pods.build/Release-iphonesimulator/wakelock_plus.build
               TEMP_ROOT = /Users/carl.stanley/sites/UKCPA/ukcpa_flutter/build/ios
               TEST_FRAMEWORK_SEARCH_PATHS =  /Applications/Xcode.app/Contents/Developer/Platforms/iPhoneSimulator.platform/Developer/Library/Frameworks /Applications/Xcode.app/Contents/Developer/Platforms/iPhoneSimulator.platform/Developer/SDKs/iPhoneSimulator18.0.sdk/Developer/Library/Frameworks
               TEST_LIBRARY_SEARCH_PATHS =  /Applications/Xcode.app/Contents/Developer/Platforms/iPhoneSimulator.platform/Developer/usr/lib
               TOOLCHAINS = com.apple.dt.toolchain.XcodeDefault
               TOOLCHAIN_DIR = /Applications/Xcode.app/Contents/Developer/Toolchains/XcodeDefault.xctoolchain
               TREAT_MISSING_BASELINES_AS_TEST_FAILURES = NO
               TREAT_MISSING_SCRIPT_PHASE_OUTPUTS_AS_ERRORS = NO
               UID = 502
               UNINSTALLED_PRODUCTS_DIR = /Users/carl.stanley/sites/UKCPA/ukcpa_flutter/build/ios/UninstalledProducts
               UNLOCALIZED_RESOURCES_FOLDER_PATH = wakelock_plus.framework
               UNLOCALIZED_RESOURCES_FOLDER_PATH_SHALLOW_BUNDLE_NO = wakelock_plus.framework/Resources
               UNLOCALIZED_RESOURCES_FOLDER_PATH_SHALLOW_BUNDLE_YES = wakelock_plus.framework
               UNSTRIPPED_PRODUCT = NO
               USER = carl.stanley
               USER_APPS_DIR = /Users/carl.stanley/Applications
               USER_LIBRARY_DIR = /Users/carl.stanley/Library
               USE_DYNAMIC_NO_PIC = YES
               USE_HEADERMAP = YES
               USE_HEADER_SYMLINKS = NO
               USE_RECURSIVE_SCRIPT_INPUTS_IN_SCRIPT_PHASES = YES
               VALIDATE_DEVELOPMENT_ASSET_PATHS = YES_ERROR
               VALIDATE_PRODUCT = YES
               VALID_ARCHS = arm64 x86_64
               VERBOSE_PBXCP = NO
               VERSIONING_SYSTEM = apple-generic
               VERSIONPLIST_PATH = wakelock_plus.framework/version.plist
               VERSIONS_FOLDER_PATH = wakelock_plus.framework
               VERSIONS_FOLDER_PATH_SHALLOW_BUNDLE_NO = wakelock_plus.framework/Versions
               VERSIONS_FOLDER_PATH_SHALLOW_BUNDLE_YES = wakelock_plus.framework
               VERSION_INFO_BUILDER = carl.stanley
               VERSION_INFO_FILE = wakelock_plus_vers.c
               VERSION_INFO_STRING = "@(#)PROGRAM:wakelock_plus  PROJECT:Pods-1"
               WORKSPACE_DIR = /Users/carl.stanley/sites/UKCPA/ukcpa_flutter/ios/Pods/Pods.xcodeproj
               WRAPPER_EXTENSION = framework
               WRAPPER_NAME = wakelock_plus.framework
               WRAPPER_SUFFIX = .framework
               WRAP_ASSET_PACKS_IN_SEPARATE_DIRECTORIES = NO
               XCODE_APP_SUPPORT_DIR = /Applications/Xcode.app/Contents/Developer/Library/Xcode
               XCODE_PRODUCT_BUILD_VERSION = 16A242d
               XCODE_VERSION_ACTUAL = 1600
               XCODE_VERSION_MAJOR = 1600
               XCODE_VERSION_MINOR = 1600
               XPCSERVICES_FOLDER_PATH = wakelock_plus.framework/XPCServices
               YACC = yacc
               _WRAPPER_CONTENTS_DIR_SHALLOW_BUNDLE_NO = /Contents
               _WRAPPER_PARENT_PATH_SHALLOW_BUNDLE_NO = /..
               _WRAPPER_RESOURCES_DIR_SHALLOW_BUNDLE_NO = /Resources
               arch = undefined_arch
               variant = normal

           Build settings for action build and target connectivity_plus:
               ACTION = build
               AD_HOC_CODE_SIGNING_ALLOWED = YES
               ALLOW_BUILD_REQUEST_OVERRIDES = NO
               ALLOW_TARGET_PLATFORM_SPECIALIZATION = NO
               ALTERNATE_GROUP = staff
               ALTERNATE_MODE = u+w,go-w,a+rX
               ALTERNATE_OWNER = carl.stanley
               ALTERNATIVE_DISTRIBUTION_WEB = NO
               ALWAYS_EMBED_SWIFT_STANDARD_LIBRARIES = NO
               ALWAYS_SEARCH_USER_PATHS = NO
               ALWAYS_USE_SEPARATE_HEADERMAPS = NO
               APPLE_INTERNAL_DEVELOPER_DIR = /AppleInternal/Developer
               APPLE_INTERNAL_DIR = /AppleInternal
               APPLE_INTERNAL_DOCUMENTATION_DIR = /AppleInternal/Documentation
               APPLE_INTERNAL_LIBRARY_DIR = /AppleInternal/Library
               APPLE_INTERNAL_TOOLS = /AppleInternal/Developer/Tools
               APPLICATION_EXTENSION_API_ONLY = NO
               APPLY_RULES_IN_COPY_FILES = NO
               APPLY_RULES_IN_COPY_HEADERS = NO
               APP_SHORTCUTS_ENABLE_FLEXIBLE_MATCHING = YES
               ARCHS = arm64 x86_64
               ARCHS_STANDARD = arm64 x86_64
               ARCHS_STANDARD_32_64_BIT = arm64 i386 x86_64
               ARCHS_STANDARD_32_BIT = i386
               ARCHS_STANDARD_64_BIT = arm64 x86_64
               ARCHS_STANDARD_INCLUDING_64_BIT = arm64 x86_64
               ARCHS_UNIVERSAL_IPHONE_OS = arm64 i386 x86_64
               ASSETCATALOG_COMPILER_GENERATE_ASSET_SYMBOLS = YES
               AUTOMATICALLY_MERGE_DEPENDENCIES = NO
               AVAILABLE_PLATFORMS = appletvos appletvsimulator driverkit iphoneos iphonesimulator macosx watchos watchsimulator xros xrsimulator
               BITCODE_GENERATION_MODE = marker
               BUILD_ACTIVE_RESOURCES_ONLY = NO
               BUILD_COMPONENTS = headers build
               BUILD_DIR = /Users/carl.stanley/sites/UKCPA/ukcpa_flutter/build/ios
               BUILD_LIBRARY_FOR_DISTRIBUTION = NO
               BUILD_ROOT = /Users/carl.stanley/sites/UKCPA/ukcpa_flutter/ios/build
               BUILD_STYLE = 
               BUILD_VARIANTS = normal
               BUILT_PRODUCTS_DIR = /Users/carl.stanley/sites/UKCPA/ukcpa_flutter/build/ios/Release-iphonesimulator/connectivity_plus
               BUNDLE_CONTENTS_FOLDER_PATH_deep = Contents/
               BUNDLE_EXECUTABLE_FOLDER_NAME_deep = MacOS
               BUNDLE_EXTENSIONS_FOLDER_PATH = Extensions
               BUNDLE_FORMAT = shallow
               BUNDLE_FRAMEWORKS_FOLDER_PATH = Frameworks
               BUNDLE_PLUGINS_FOLDER_PATH = PlugIns
               BUNDLE_PRIVATE_HEADERS_FOLDER_PATH = PrivateHeaders
               BUNDLE_PUBLIC_HEADERS_FOLDER_PATH = Headers
               CACHE_ROOT = /var/folders/20/skb3d8qx2hn9r9z8036y32g40000gp/C/com.apple.DeveloperTools/16.0-16A242d/Xcode
               CCHROOT = /var/folders/20/skb3d8qx2hn9r9z8036y32g40000gp/C/com.apple.DeveloperTools/16.0-16A242d/Xcode
               CHMOD = /bin/chmod
               CHOWN = /usr/sbin/chown
               CLANG_ANALYZER_LOCALIZABILITY_NONLOCALIZED = YES
               CLANG_ANALYZER_NONNULL = YES
               CLANG_ANALYZER_NUMBER_OBJECT_CONVERSION = YES_AGGRESSIVE
               CLANG_CACHE_FINE_GRAINED_OUTPUTS = YES
               CLANG_CXX_LANGUAGE_STANDARD = gnu++14
               CLANG_CXX_LIBRARY = libc++
               CLANG_ENABLE_EXPLICIT_MODULES = YES
               CLANG_ENABLE_MODULES = YES
               CLANG_ENABLE_OBJC_ARC = YES
               CLANG_ENABLE_OBJC_WEAK = NO
               CLANG_MODULES_BUILD_SESSION_FILE = /var/folders/20/skb3d8qx2hn9r9z8036y32g40000gp/C/org.llvm.clang/ModuleCache.noindex/Session.modulevalidation
               CLANG_WARN_BLOCK_CAPTURE_AUTORELEASING = YES
               CLANG_WARN_BOOL_CONVERSION = YES
               CLANG_WARN_COMMA = YES
               CLANG_WARN_CONSTANT_CONVERSION = YES
               CLANG_WARN_DEPRECATED_OBJC_IMPLEMENTATIONS = YES
               CLANG_WARN_DIRECT_OBJC_ISA_USAGE = YES_ERROR
               CLANG_WARN_DOCUMENTATION_COMMENTS = YES
               CLANG_WARN_EMPTY_BODY = YES
               CLANG_WARN_ENUM_CONVERSION = YES
               CLANG_WARN_INFINITE_RECURSION = YES
               CLANG_WARN_INT_CONVERSION = YES
               CLANG_WARN_NON_LITERAL_NULL_CONVERSION = YES
               CLANG_WARN_OBJC_IMPLICIT_RETAIN_SELF = YES
               CLANG_WARN_OBJC_LITERAL_CONVERSION = YES
               CLANG_WARN_OBJC_ROOT_CLASS = YES_ERROR
               CLANG_WARN_QUOTED_INCLUDE_IN_FRAMEWORK_HEADER = NO
               CLANG_WARN_RANGE_LOOP_ANALYSIS = YES
               CLANG_WARN_STRICT_PROTOTYPES = YES
               CLANG_WARN_SUSPICIOUS_MOVE = YES
               CLANG_WARN_UNGUARDED_AVAILABILITY = YES_AGGRESSIVE
               CLANG_WARN_UNREACHABLE_CODE = YES
               CLANG_WARN__DUPLICATE_METHOD_MATCH = YES
               CLASS_FILE_DIR = /Users/carl.stanley/sites/UKCPA/ukcpa_flutter/build/ios/Pods.build/Release-iphonesimulator/connectivity_plus.build/JavaClasses
               CLEAN_PRECOMPS = YES
               CLONE_HEADERS = NO
               CODESIGNING_FOLDER_PATH = /Users/carl.stanley/sites/UKCPA/ukcpa_flutter/build/ios/Release-iphonesimulator/connectivity_plus/connectivity_plus.framework
               CODE_SIGNING_ALLOWED = YES
               CODE_SIGNING_REQUIRED = NO
               CODE_SIGNING_REQUIRES_TEAM = YES
               CODE_SIGN_CONTEXT_CLASS = XCiPhoneSimulatorCodeSignContext
               CODE_SIGN_IDENTITY = -
               CODE_SIGN_INJECT_BASE_ENTITLEMENTS = YES
               COLOR_DIAGNOSTICS = NO
               COMBINE_HIDPI_IMAGES = NO
               COMPILATION_CACHE_CAS_PATH = /var/folders/20/skb3d8qx2hn9r9z8036y32g40000gp/C/com.apple.DeveloperTools/16.0-16A242d/Xcode/CompilationCache.noindex
               COMPILATION_CACHE_KEEP_CAS_DIRECTORY = YES
               COMPILER_INDEX_STORE_ENABLE = Default
               COMPOSITE_SDK_DIRS = /Users/carl.stanley/sites/UKCPA/ukcpa_flutter/build/ios/CompositeSDKs
               COMPRESS_PNG_FILES = YES
               CONFIGURATION = Release
               CONFIGURATION_BUILD_DIR = /Users/carl.stanley/sites/UKCPA/ukcpa_flutter/build/ios/Release-iphonesimulator/connectivity_plus
               CONFIGURATION_TEMP_DIR = /Users/carl.stanley/sites/UKCPA/ukcpa_flutter/build/ios/Pods.build/Release-iphonesimulator
               CONTENTS_FOLDER_PATH = connectivity_plus.framework
               CONTENTS_FOLDER_PATH_SHALLOW_BUNDLE_NO = connectivity_plus.framework/A
               CONTENTS_FOLDER_PATH_SHALLOW_BUNDLE_YES = connectivity_plus.framework
               COPYING_PRESERVES_HFS_DATA = NO
               COPY_HEADERS_RUN_UNIFDEF = NO
               COPY_PHASE_STRIP = NO
               CORRESPONDING_DEVICE_PLATFORM_DIR = /Applications/Xcode.app/Contents/Developer/Platforms/iPhoneOS.platform
               CORRESPONDING_DEVICE_PLATFORM_NAME = iphoneos
               CORRESPONDING_DEVICE_SDK_DIR = /Applications/Xcode.app/Contents/Developer/Platforms/iPhoneOS.platform/Developer/SDKs/iPhoneOS18.0.sdk
               CORRESPONDING_DEVICE_SDK_NAME = iphoneos18.0
               CP = /bin/cp
               CREATE_INFOPLIST_SECTION_IN_BINARY = NO
               CURRENT_ARCH = undefined_arch
               CURRENT_PROJECT_VERSION = 1
               CURRENT_VARIANT = normal
               CURRENT_VERSION = Current
               DEAD_CODE_STRIPPING = YES
               DEBUGGING_SYMBOLS = YES
               DEBUG_INFORMATION_FORMAT = dwarf-with-dsym
               DEBUG_INFORMATION_VERSION = compiler-default
               DEFAULT_COMPILER = com.apple.compilers.llvm.clang.1_0
               DEFAULT_DEXT_INSTALL_PATH = /System/Library/DriverExtensions
               DEFAULT_KEXT_INSTALL_PATH = /System/Library/Extensions
               DEFINES_MODULE = YES
               DEPLOYMENT_LOCATION = NO
               DEPLOYMENT_POSTPROCESSING = NO
               DEPLOYMENT_TARGET_SETTING_NAME = IPHONEOS_DEPLOYMENT_TARGET
               DEPLOYMENT_TARGET_SUGGESTED_VALUES = 12.0 12.1 12.2 12.3 12.4 13.0 13.1 13.2 13.3 13.4 13.5 13.6 14.0 14.1 14.2 14.3 14.4 14.5 14.6 14.7 15.0 15.1 15.2 15.3 15.4 15.5 15.6 16.0 16.1 16.2 16.3 16.4 16.5 16.6 17.0 17.1 17.2 17.3 17.4 17.5 17.6 18.0
               DERIVED_FILES_DIR = /Users/carl.stanley/sites/UKCPA/ukcpa_flutter/build/ios/Pods.build/Release-iphonesimulator/connectivity_plus.build/DerivedSources
               DERIVED_FILE_DIR = /Users/carl.stanley/sites/UKCPA/ukcpa_flutter/build/ios/Pods.build/Release-iphonesimulator/connectivity_plus.build/DerivedSources
               DERIVED_SOURCES_DIR = /Users/carl.stanley/sites/UKCPA/ukcpa_flutter/build/ios/Pods.build/Release-iphonesimulator/connectivity_plus.build/DerivedSources
               DEVELOPER_APPLICATIONS_DIR = /Applications/Xcode.app/Contents/Developer/Applications
               DEVELOPER_BIN_DIR = /Applications/Xcode.app/Contents/Developer/usr/bin
               DEVELOPER_DIR = /Applications/Xcode.app/Contents/Developer
               DEVELOPER_FRAMEWORKS_DIR = /Applications/Xcode.app/Contents/Developer/Library/Frameworks
               DEVELOPER_FRAMEWORKS_DIR_QUOTED = /Applications/Xcode.app/Contents/Developer/Library/Frameworks
               DEVELOPER_LIBRARY_DIR = /Applications/Xcode.app/Contents/Developer/Library
               DEVELOPER_SDK_DIR = /Applications/Xcode.app/Contents/Developer/Platforms/MacOSX.platform/Developer/SDKs
               DEVELOPER_TOOLS_DIR = /Applications/Xcode.app/Contents/Developer/Tools
               DEVELOPER_USR_DIR = /Applications/Xcode.app/Contents/Developer/usr
               DEVELOPMENT_LANGUAGE = en
               DIFF = /usr/bin/diff
               DOCUMENTATION_FOLDER_PATH = connectivity_plus.framework/en.lproj/Documentation
               DONT_GENERATE_INFOPLIST_FILE = NO
               DSTROOT = /tmp/Pods.dst
               DT_TOOLCHAIN_DIR = /Applications/Xcode.app/Contents/Developer/Toolchains/XcodeDefault.xctoolchain
               DWARF_DSYM_FILE_NAME = connectivity_plus.framework.dSYM
               DWARF_DSYM_FILE_SHOULD_ACCOMPANY_PRODUCT = NO
               DWARF_DSYM_FOLDER_PATH = /Users/carl.stanley/sites/UKCPA/ukcpa_flutter/build/ios/Release-iphonesimulator/connectivity_plus
               DYLIB_COMPATIBILITY_VERSION = 1
               DYLIB_CURRENT_VERSION = 1
               DYLIB_INSTALL_NAME_BASE = @rpath
               DYNAMIC_LIBRARY_EXTENSION = dylib
               EAGER_COMPILATION_ALLOW_SCRIPTS = NO
               EAGER_LINKING = NO
               EFFECTIVE_PLATFORM_NAME = -iphonesimulator
               EMBEDDED_CONTENT_CONTAINS_SWIFT = NO
               EMBED_ASSET_PACKS_IN_PRODUCT_BUNDLE = NO
               ENABLE_APP_SANDBOX = NO
               ENABLE_BITCODE = NO
               ENABLE_CODE_COVERAGE = YES
               ENABLE_DEFAULT_HEADER_SEARCH_PATHS = YES
               ENABLE_DEFAULT_SEARCH_PATHS = YES
               ENABLE_HARDENED_RUNTIME = NO
               ENABLE_HEADER_DEPENDENCIES = YES
               ENABLE_MODULE_VERIFIER = NO
               ENABLE_NS_ASSERTIONS = NO
               ENABLE_ON_DEMAND_RESOURCES = NO
               ENABLE_STRICT_OBJC_MSGSEND = YES
               ENABLE_TESTABILITY = NO
               ENABLE_TESTING_SEARCH_PATHS = NO
               ENABLE_USER_SCRIPT_SANDBOXING = NO
               ENTITLEMENTS_DESTINATION = __entitlements
               ENTITLEMENTS_REQUIRED = NO
               EXCLUDED_ARCHS =  i386
               EXCLUDED_INSTALLSRC_SUBDIRECTORY_PATTERNS = .DS_Store .svn .git .hg CVS
               EXCLUDED_RECURSIVE_SEARCH_PATH_SUBDIRECTORIES = *.nib *.lproj *.framework *.gch *.xcode* *.xcassets (*) .DS_Store CVS .svn .git .hg *.pbproj *.pbxproj
               EXECUTABLES_FOLDER_PATH = connectivity_plus.framework/en.lproj
               EXECUTABLE_FOLDER_PATH = connectivity_plus.framework
               EXECUTABLE_FOLDER_PATH_SHALLOW_BUNDLE_NO = connectivity_plus.framework
               EXECUTABLE_FOLDER_PATH_SHALLOW_BUNDLE_YES = connectivity_plus.framework
               EXECUTABLE_NAME = connectivity_plus
               EXECUTABLE_PATH = connectivity_plus.framework/connectivity_plus
               EXTENSIONS_FOLDER_PATH = connectivity_plus.framework/Extensions
               FILE_LIST = /Users/carl.stanley/sites/UKCPA/ukcpa_flutter/build/ios/Pods.build/Release-iphonesimulator/connectivity_plus.build/Objects/LinkFileList
               FIXED_FILES_DIR = /Users/carl.stanley/sites/UKCPA/ukcpa_flutter/build/ios/Pods.build/Release-iphonesimulator/connectivity_plus.build/FixedFiles
               FRAMEWORKS_FOLDER_PATH = connectivity_plus.framework/Frameworks
               FRAMEWORK_FLAG_PREFIX = -framework
               FRAMEWORK_SEARCH_PATHS = /Users/carl.stanley/sites/UKCPA/ukcpa_flutter/build/ios/Release-iphonesimulator/connectivity_plus "/Users/carl.stanley/development/flutter/bin/cache/artifacts/engine/ios-release/Flutter.xcframework/ios-arm64_x86_64-simulator"  "/Users/carl.stanley/sites/UKCPA/ukcpa_flutter/build/ios/Release-iphonesimulator/ReachabilitySwift"
               FRAMEWORK_VERSION = A
               FULL_PRODUCT_NAME = connectivity_plus.framework
               FUSE_BUILD_PHASES = YES
               FUSE_BUILD_SCRIPT_PHASES = NO
               GCC3_VERSION = 3.3
               GCC_C_LANGUAGE_STANDARD = gnu11
               GCC_INLINES_ARE_PRIVATE_EXTERN = YES
               GCC_NO_COMMON_BLOCKS = YES
               GCC_OBJC_LEGACY_DISPATCH = YES
               GCC_PFE_FILE_C_DIALECTS = c objective-c c++ objective-c++
               GCC_PREFIX_HEADER = Target Support Files/connectivity_plus/connectivity_plus-prefix.pch
               GCC_PREPROCESSOR_DEFINITIONS = POD_CONFIGURATION_RELEASE=1  COCOAPODS=1
               GCC_TREAT_WARNINGS_AS_ERRORS = NO
               GCC_VERSION = com.apple.compilers.llvm.clang.1_0
               GCC_VERSION_IDENTIFIER = com_apple_compilers_llvm_clang_1_0
               GCC_WARN_64_TO_32_BIT_CONVERSION = YES
               GCC_WARN_ABOUT_RETURN_TYPE = YES_ERROR
               GCC_WARN_UNDECLARED_SELECTOR = YES
               GCC_WARN_UNINITIALIZED_AUTOS = YES_AGGRESSIVE
               GCC_WARN_UNUSED_FUNCTION = YES
               GCC_WARN_UNUSED_VARIABLE = YES
               GENERATED_MODULEMAP_DIR = /Users/carl.stanley/sites/UKCPA/ukcpa_flutter/build/ios/GeneratedModuleMaps-iphonesimulator
               GENERATE_INFOPLIST_FILE = NO
               GENERATE_INTERMEDIATE_TEXT_BASED_STUBS = YES
               GENERATE_MASTER_OBJECT_FILE = NO
               GENERATE_PKGINFO_FILE = NO
               GENERATE_PROFILING_CODE = NO
               GENERATE_TEXT_BASED_STUBS = NO
               GID = 20
               GROUP = staff
               HEADERMAP_INCLUDES_FLAT_ENTRIES_FOR_TARGET_BEING_BUILT = YES
               HEADERMAP_INCLUDES_FRAMEWORK_ENTRIES_FOR_ALL_PRODUCT_TYPES = YES
               HEADERMAP_INCLUDES_FRAMEWORK_ENTRIES_FOR_TARGETS_NOT_BEING_BUILT = YES
               HEADERMAP_INCLUDES_NONPUBLIC_NONPRIVATE_HEADERS = YES
               HEADERMAP_INCLUDES_PROJECT_HEADERS = YES
               HEADERMAP_USES_FRAMEWORK_PREFIX_ENTRIES = YES
               HEADERMAP_USES_VFS = YES
               HEADER_SEARCH_PATHS = /Users/carl.stanley/sites/UKCPA/ukcpa_flutter/build/ios/Release-iphonesimulator/connectivity_plus/include 
               HIDE_BITCODE_SYMBOLS = YES
               HOME = /Users/carl.stanley
               HOST_ARCH = arm64
               HOST_PLATFORM = macosx
               ICONV = /usr/bin/iconv
               IMPLICIT_DEPENDENCY_DOMAIN = default
               INFOPLIST_ENABLE_CFBUNDLEICONS_MERGE = YES
               INFOPLIST_EXPAND_BUILD_SETTINGS = YES
               INFOPLIST_FILE = Target Support Files/connectivity_plus/connectivity_plus-Info.plist
               INFOPLIST_OUTPUT_FORMAT = binary
               INFOPLIST_PATH = connectivity_plus.framework/Info.plist
               INFOPLIST_PREPROCESS = NO
               INFOSTRINGS_PATH = connectivity_plus.framework/en.lproj/InfoPlist.strings
               INLINE_PRIVATE_FRAMEWORKS = NO
               INSTALLHDRS_COPY_PHASE = NO
               INSTALLHDRS_SCRIPT_PHASE = NO
               INSTALL_DIR = /tmp/Pods.dst/Library/Frameworks
               INSTALL_GROUP = staff
               INSTALL_MODE_FLAG = u+w,go-w,a+rX
               INSTALL_OWNER = carl.stanley
               INSTALL_PATH = /Library/Frameworks
               INSTALL_ROOT = /tmp/Pods.dst
               IPHONEOS_DEPLOYMENT_TARGET = 13.0
               IS_UNOPTIMIZED_BUILD = NO
               JAVAC_DEFAULT_FLAGS = -J-Xms64m -J-XX:NewSize=4M -J-Dfile.encoding=UTF8
               JAVA_APP_STUB = /System/Library/Frameworks/JavaVM.framework/Resources/MacOS/JavaApplicationStub
               JAVA_ARCHIVE_CLASSES = YES
               JAVA_ARCHIVE_TYPE = JAR
               JAVA_COMPILER = /usr/bin/javac
               JAVA_FOLDER_PATH = connectivity_plus.framework/Java
               JAVA_FRAMEWORK_RESOURCES_DIRS = Resources
               JAVA_JAR_FLAGS = cv
               JAVA_SOURCE_SUBDIR = .
               JAVA_USE_DEPENDENCIES = YES
               JAVA_ZIP_FLAGS = -urg
               JIKES_DEFAULT_FLAGS = +E +OLDCSO
               KEEP_PRIVATE_EXTERNS = NO
               LD_DEPENDENCY_INFO_FILE = /Users/carl.stanley/sites/UKCPA/ukcpa_flutter/build/ios/Pods.build/Release-iphonesimulator/connectivity_plus.build/Objects-normal/undefined_arch/connectivity_plus_dependency_info.dat
               LD_DYLIB_INSTALL_NAME = @rpath/connectivity_plus.framework/connectivity_plus
               LD_EXPORT_SYMBOLS = YES
               LD_GENERATE_MAP_FILE = NO
               LD_MAP_FILE_PATH = /Users/carl.stanley/sites/UKCPA/ukcpa_flutter/build/ios/Pods.build/Release-iphonesimulator/connectivity_plus.build/connectivity_plus-LinkMap-normal-undefined_arch.txt
               LD_NO_PIE = NO
               LD_QUOTE_LINKER_ARGUMENTS_FOR_COMPILER_DRIVER = YES
               LD_RUNPATH_SEARCH_PATHS =  @executable_path/Frameworks @loader_path/Frameworks
               LD_SHARED_CACHE_ELIGIBLE = Automatic
               LD_WARN_DUPLICATE_LIBRARIES = NO
               LD_WARN_UNUSED_DYLIBS = NO
               LEGACY_DEVELOPER_DIR = /Applications/Xcode.app/Contents/PlugIns/Xcode3Core.ideplugin/Contents/SharedSupport/Developer
               LEX = lex
               LIBRARY_DEXT_INSTALL_PATH = /Library/DriverExtensions
               LIBRARY_FLAG_NOSPACE = YES
               LIBRARY_FLAG_PREFIX = -l
               LIBRARY_KEXT_INSTALL_PATH = /Library/Extensions
               LIBRARY_SEARCH_PATHS = /Users/carl.stanley/sites/UKCPA/ukcpa_flutter/build/ios/Release-iphonesimulator/connectivity_plus /Applications/Xcode.app/Contents/Developer/Toolchains/XcodeDefault.xctoolchain/usr/lib/swift/iphonesimulator /Applications/Xcode.app/Contents/Developer/Platforms/iPhoneSimulator.platform/Developer/SDKs/iPhoneSimulator18.0.sdk/usr/lib/swift
               LINKER_DISPLAYS_MANGLED_NAMES = NO
               LINK_FILE_LIST_normal_arm64 = /Users/carl.stanley/sites/UKCPA/ukcpa_flutter/build/ios/Pods.build/Release-iphonesimulator/connectivity_plus.build/Objects-normal/arm64/connectivity_plus.LinkFileList
               LINK_FILE_LIST_normal_x86_64 = /Users/carl.stanley/sites/UKCPA/ukcpa_flutter/build/ios/Pods.build/Release-iphonesimulator/connectivity_plus.build/Objects-normal/x86_64/connectivity_plus.LinkFileList
               LINK_OBJC_RUNTIME = YES
               LINK_WITH_STANDARD_LIBRARIES = YES
               LLVM_TARGET_TRIPLE_OS_VERSION = ios13.0
               LLVM_TARGET_TRIPLE_SUFFIX = -simulator
               LLVM_TARGET_TRIPLE_VENDOR = apple
               LM_AUX_CONST_METADATA_LIST_PATH_normal_arm64 = /Users/carl.stanley/sites/UKCPA/ukcpa_flutter/build/ios/Pods.build/Release-iphonesimulator/connectivity_plus.build/Objects-normal/arm64/connectivity_plus.SwiftConstValuesFileList
               LM_AUX_CONST_METADATA_LIST_PATH_normal_x86_64 = /Users/carl.stanley/sites/UKCPA/ukcpa_flutter/build/ios/Pods.build/Release-iphonesimulator/connectivity_plus.build/Objects-normal/x86_64/connectivity_plus.SwiftConstValuesFileList
               LOCALIZATION_EXPORT_SUPPORTED = YES
               LOCALIZATION_PREFERS_STRING_CATALOGS = NO
               LOCALIZED_RESOURCES_FOLDER_PATH = connectivity_plus.framework/en.lproj
               LOCALIZED_STRING_MACRO_NAMES = NSLocalizedString CFCopyLocalizedString
               LOCALIZED_STRING_SWIFTUI_SUPPORT = YES
               LOCAL_ADMIN_APPS_DIR = /Applications/Utilities
               LOCAL_APPS_DIR = /Applications
               LOCAL_DEVELOPER_DIR = /Library/Developer
               LOCAL_LIBRARY_DIR = /Library
               LOCROOT = /Users/carl.stanley/sites/UKCPA/ukcpa_flutter/ios/Pods
               LOCSYMROOT = /Users/carl.stanley/sites/UKCPA/ukcpa_flutter/ios/Pods
               MACH_O_TYPE = mh_dylib
               MAC_OS_X_PRODUCT_BUILD_VERSION = 24G84
               MAC_OS_X_VERSION_ACTUAL = 150600
               MAC_OS_X_VERSION_MAJOR = 150000
               MAC_OS_X_VERSION_MINOR = 150600
               MAKE_MERGEABLE = NO
               MERGEABLE_LIBRARY = NO
               MERGED_BINARY_TYPE = none
               MERGE_LINKED_LIBRARIES = NO
               METAL_LIBRARY_FILE_BASE = default
               METAL_LIBRARY_OUTPUT_DIR = /Users/carl.stanley/sites/UKCPA/ukcpa_flutter/build/ios/Release-iphonesimulator/connectivity_plus/connectivity_plus.framework
               MODULEMAP_FILE = Target Support Files/connectivity_plus/connectivity_plus.modulemap
               MODULES_FOLDER_PATH = connectivity_plus.framework/Modules
               MTL_ENABLE_DEBUG_INFO = NO
               MTL_FAST_MATH = YES
               NATIVE_ARCH = arm64
               NATIVE_ARCH_32_BIT = arm
               NATIVE_ARCH_64_BIT = arm64
               NATIVE_ARCH_ACTUAL = arm64
               NO_COMMON = YES
               OBJC_ABI_VERSION = 2
               OBJECT_FILE_DIR = /Users/carl.stanley/sites/UKCPA/ukcpa_flutter/build/ios/Pods.build/Release-iphonesimulator/connectivity_plus.build/Objects
               OBJECT_FILE_DIR_normal = /Users/carl.stanley/sites/UKCPA/ukcpa_flutter/build/ios/Pods.build/Release-iphonesimulator/connectivity_plus.build/Objects-normal
               OBJROOT = /Users/carl.stanley/sites/UKCPA/ukcpa_flutter/build/ios
               ONLY_ACTIVE_ARCH = NO
               OS = MACOS
               OSAC = /usr/bin/osacompile
               OTHER_LDFLAGS =  -framework "CoreTelephony" -framework "Reachability" -framework "SystemConfiguration" -framework Flutter
               OTHER_SWIFT_FLAGS =  -D COCOAPODS
               PACKAGE_TYPE = com.apple.package-type.wrapper.framework
               PASCAL_STRINGS = YES
               PATH = /Applications/Xcode.app/Contents/SharedFrameworks/XCBuild.framework/Versions/A/PlugIns/XCBBuildService.bundle/Contents/PlugIns/XCBSpecifications.ideplugin/Contents/Resources:/Applications/Xcode.app/Contents/SharedFrameworks/XCBuild.framework/Versions/A/PlugIns/XCBBuildService.bundle/Contents/PlugIns/XCBSpecifications.ideplugin:/Applications/Xcode.app/Contents/Developer/Toolchains/XcodeDefault.xctoolchain/usr/bin:/Applications/Xcode.app/Contents/Developer/Toolchains/XcodeDefault.xctoolchain/usr/appleinternal/bin:/Applications/Xcode.app/Contents/Developer/Toolchains/XcodeDefault.xctoolchain/usr/local/bin:/Applications/Xcode.app/Contents/Developer/Toolchains/XcodeDefault.xctoolchain/usr/libexec:/Applications/Xcode.app/Contents/Developer/Platforms/iPhoneSimulator.platform/usr/bin:/Applications/Xcode.app/Contents/Developer/Platforms/iPhoneSimulator.platform/usr/appleinternal/bin:/Applications/Xcode.app/Contents/Developer/Platforms/iPhoneSimulator.platform/usr/local/bin:/Applications/Xcode.app/Contents/Developer/Platforms/iPhoneSimulator.platform/Developer/usr/bin:/Applications/Xcode.app/Contents/Developer/Platforms/iPhoneSimulator.platform/Developer/usr/local/bin:/Applications/Xcode.app/Contents/Developer/usr/bin:/Applications/Xcode.app/Contents/Developer/usr/local/bin:/opt/homebrew/Cellar/pyenv-virtualenv/1.2.4/shims:/Users/carl.stanley/.pyenv/shims:/Users/carl.stanley/.pyenv/bin:/Users/carl.stanley/.nvm/versions/node/v18.17.0/bin:/Users/carl.stanley/development/flutter/bin:/opt/homebrew/bin:/opt/homebrew/sbin:/Users/carl.stanley/.local/bin:/usr/local/bin:/System/Cryptexes/App/usr/bin:/usr/bin:/bin:/usr/sbin:/sbin:/var/run/com.apple.security.cryptexd/codex.system/bootstrap/usr/local/bin:/var/run/com.apple.security.cryptexd/codex.system/bootstrap/usr/bin:/var/run/com.apple.security.cryptexd/codex.system/bootstrap/usr/appleinternal/bin:/Library/Apple/usr/bin:/usr/local/sbin:/usr/local/go/bin:/Users/carl.stanley/.pub-cache/bin
               PATH_PREFIXES_EXCLUDED_FROM_HEADER_DEPENDENCIES = /usr/include /usr/local/include /System/Library/Frameworks /System/Library/PrivateFrameworks /Applications/Xcode.app/Contents/Developer/Headers /Applications/Xcode.app/Contents/Developer/SDKs /Applications/Xcode.app/Contents/Developer/Platforms
               PBDEVELOPMENTPLIST_PATH = connectivity_plus.framework/pbdevelopment.plist
               PER_ARCH_OBJECT_FILE_DIR = /Users/carl.stanley/sites/UKCPA/ukcpa_flutter/build/ios/Pods.build/Release-iphonesimulator/connectivity_plus.build/Objects-normal/undefined_arch
               PER_VARIANT_OBJECT_FILE_DIR = /Users/carl.stanley/sites/UKCPA/ukcpa_flutter/build/ios/Pods.build/Release-iphonesimulator/connectivity_plus.build/Objects-normal
               PKGINFO_FILE_PATH = /Users/carl.stanley/sites/UKCPA/ukcpa_flutter/build/ios/Pods.build/Release-iphonesimulator/connectivity_plus.build/PkgInfo
               PKGINFO_PATH = connectivity_plus.framework/PkgInfo
               PLATFORM_DEVELOPER_APPLICATIONS_DIR = /Applications/Xcode.app/Contents/Developer/Platforms/iPhoneSimulator.platform/Developer/Applications
               PLATFORM_DEVELOPER_BIN_DIR = /Applications/Xcode.app/Contents/Developer/Platforms/iPhoneSimulator.platform/Developer/usr/bin
               PLATFORM_DEVELOPER_LIBRARY_DIR = /Applications/Xcode.app/Contents/Developer/Platforms/iPhoneSimulator.platform/Developer/Library
               PLATFORM_DEVELOPER_SDK_DIR = /Applications/Xcode.app/Contents/Developer/Platforms/iPhoneSimulator.platform/Developer/SDKs
               PLATFORM_DEVELOPER_TOOLS_DIR = /Applications/Xcode.app/Contents/Developer/Platforms/iPhoneSimulator.platform/Developer/Tools
               PLATFORM_DEVELOPER_USR_DIR = /Applications/Xcode.app/Contents/Developer/Platforms/iPhoneSimulator.platform/Developer/usr
               PLATFORM_DIR = /Applications/Xcode.app/Contents/Developer/Platforms/iPhoneSimulator.platform
               PLATFORM_DISPLAY_NAME = iOS Simulator
               PLATFORM_FAMILY_NAME = iOS
               PLATFORM_NAME = iphonesimulator
               PLATFORM_PREFERRED_ARCH = x86_64
               PLATFORM_PRODUCT_BUILD_VERSION = 22A3362
               PLIST_FILE_OUTPUT_FORMAT = binary
               PLUGINS_FOLDER_PATH = connectivity_plus.framework/PlugIns
               PODS_BUILD_DIR = /Users/carl.stanley/sites/UKCPA/ukcpa_flutter/build/ios
               PODS_CONFIGURATION_BUILD_DIR = /Users/carl.stanley/sites/UKCPA/ukcpa_flutter/build/ios/Release-iphonesimulator
               PODS_DEVELOPMENT_LANGUAGE = en
               PODS_ROOT = /Users/carl.stanley/sites/UKCPA/ukcpa_flutter/ios/Pods
               PODS_TARGET_SRCROOT = /Users/carl.stanley/sites/UKCPA/ukcpa_flutter/ios/Pods/../.symlinks/plugins/connectivity_plus/ios
               PODS_XCFRAMEWORKS_BUILD_DIR = /Users/carl.stanley/sites/UKCPA/ukcpa_flutter/build/ios/Release-iphonesimulator/XCFrameworkIntermediates
               PRECOMPS_INCLUDE_HEADERS_FROM_BUILT_PRODUCTS_DIR = YES
               PRECOMP_DESTINATION_DIR = /Users/carl.stanley/sites/UKCPA/ukcpa_flutter/build/ios/Pods.build/Release-iphonesimulator/connectivity_plus.build/PrefixHeaders
               PRIVATE_HEADERS_FOLDER_PATH = connectivity_plus.framework/PrivateHeaders
               PROCESSED_INFOPLIST_PATH = /Users/carl.stanley/sites/UKCPA/ukcpa_flutter/build/ios/Pods.build/Release-iphonesimulator/connectivity_plus.build/Objects-normal/undefined_arch/Processed-Info.plist
               PRODUCT_BUNDLE_IDENTIFIER = org.cocoapods.connectivity-plus
               PRODUCT_BUNDLE_PACKAGE_TYPE = FMWK
               PRODUCT_MODULE_NAME = connectivity_plus
               PRODUCT_NAME = connectivity_plus
               PRODUCT_SETTINGS_PATH = /Users/carl.stanley/sites/UKCPA/ukcpa_flutter/ios/Pods/Target Support Files/connectivity_plus/connectivity_plus-Info.plist
               PRODUCT_TYPE = com.apple.product-type.framework
               PROFILING_CODE = NO
               PROJECT = Pods
               PROJECT_DERIVED_FILE_DIR = /Users/carl.stanley/sites/UKCPA/ukcpa_flutter/build/ios/Pods.build/DerivedSources
               PROJECT_DIR = /Users/carl.stanley/sites/UKCPA/ukcpa_flutter/ios/Pods
               PROJECT_FILE_PATH = /Users/carl.stanley/sites/UKCPA/ukcpa_flutter/ios/Pods/Pods.xcodeproj
               PROJECT_GUID = bfdfe7dc352907fc980b868725387e98
               PROJECT_NAME = Pods
               PROJECT_TEMP_DIR = /Users/carl.stanley/sites/UKCPA/ukcpa_flutter/build/ios/Pods.build
               PROJECT_TEMP_ROOT = /Users/carl.stanley/sites/UKCPA/ukcpa_flutter/build/ios
               PUBLIC_HEADERS_FOLDER_PATH = connectivity_plus.framework/Headers
               RECOMMENDED_IPHONEOS_DEPLOYMENT_TARGET = 15.0
               RECURSIVE_SEARCH_PATHS_FOLLOW_SYMLINKS = YES
               REMOVE_CVS_FROM_RESOURCES = YES
               REMOVE_GIT_FROM_RESOURCES = YES
               REMOVE_HEADERS_FROM_EMBEDDED_BUNDLES = YES
               REMOVE_HG_FROM_RESOURCES = YES
               REMOVE_STATIC_EXECUTABLES_FROM_EMBEDDED_BUNDLES = YES
               REMOVE_SVN_FROM_RESOURCES = YES
               RESCHEDULE_INDEPENDENT_HEADERS_PHASES = YES
               REZ_COLLECTOR_DIR = /Users/carl.stanley/sites/UKCPA/ukcpa_flutter/build/ios/Pods.build/Release-iphonesimulator/connectivity_plus.build/ResourceManagerResources
               REZ_OBJECTS_DIR = /Users/carl.stanley/sites/UKCPA/ukcpa_flutter/build/ios/Pods.build/Release-iphonesimulator/connectivity_plus.build/ResourceManagerResources/Objects
               REZ_SEARCH_PATHS = /Users/carl.stanley/sites/UKCPA/ukcpa_flutter/build/ios/Release-iphonesimulator/connectivity_plus 
               SCAN_ALL_SOURCE_FILES_FOR_INCLUDES = NO
               SCRIPTS_FOLDER_PATH = connectivity_plus.framework/Scripts
               SDKROOT = /Applications/Xcode.app/Contents/Developer/Platforms/iPhoneSimulator.platform/Developer/SDKs/iPhoneSimulator18.0.sdk
               SDK_DIR = /Applications/Xcode.app/Contents/Developer/Platforms/iPhoneSimulator.platform/Developer/SDKs/iPhoneSimulator18.0.sdk
               SDK_DIR_iphonesimulator = /Applications/Xcode.app/Contents/Developer/Platforms/iPhoneSimulator.platform/Developer/SDKs/iPhoneSimulator18.0.sdk
               SDK_DIR_iphonesimulator18_0 = /Applications/Xcode.app/Contents/Developer/Platforms/iPhoneSimulator.platform/Developer/SDKs/iPhoneSimulator18.0.sdk
               SDK_NAME = iphonesimulator18.0
               SDK_NAMES = iphonesimulator18.0
               SDK_PRODUCT_BUILD_VERSION = 22A3362
               SDK_STAT_CACHE_DIR = /var/folders/20/skb3d8qx2hn9r9z8036y32g40000gp/C/com.apple.DeveloperTools/16.0-16A242d/Xcode
               SDK_STAT_CACHE_ENABLE = YES
               SDK_STAT_CACHE_PATH = /var/folders/20/skb3d8qx2hn9r9z8036y32g40000gp/C/com.apple.DeveloperTools/16.0-16A242d/Xcode/SDKStatCaches.noindex/iphonesimulator18.0-22A3362-db63dc9361471f152f572502bdbfe70a.sdkstatcache
               SDK_VERSION = 18.0
               SDK_VERSION_ACTUAL = 180000
               SDK_VERSION_MAJOR = 180000
               SDK_VERSION_MINOR = 180000
               SED = /usr/bin/sed
               SEPARATE_STRIP = NO
               SEPARATE_SYMBOL_EDIT = NO
               SET_DIR_MODE_OWNER_GROUP = YES
               SET_FILE_MODE_OWNER_GROUP = NO
               SHALLOW_BUNDLE = YES
               SHALLOW_BUNDLE_TRIPLE = ios-simulator
               SHALLOW_BUNDLE_ios_macabi = NO
               SHALLOW_BUNDLE_macos = NO
               SHARED_DERIVED_FILE_DIR = /Users/carl.stanley/sites/UKCPA/ukcpa_flutter/build/ios/Release-iphonesimulator/connectivity_plus/DerivedSources
               SHARED_FRAMEWORKS_FOLDER_PATH = connectivity_plus.framework/SharedFrameworks
               SHARED_PRECOMPS_DIR = /Users/carl.stanley/sites/UKCPA/ukcpa_flutter/build/ios/SharedPrecompiledHeaders
               SHARED_SUPPORT_FOLDER_PATH = connectivity_plus.framework
               SKIP_INSTALL = YES
               SOURCE_ROOT = /Users/carl.stanley/sites/UKCPA/ukcpa_flutter/ios/Pods
               SRCROOT = /Users/carl.stanley/sites/UKCPA/ukcpa_flutter/ios/Pods
               STRINGSDATA_DIR = /Users/carl.stanley/sites/UKCPA/ukcpa_flutter/build/ios/Pods.build/Release-iphonesimulator/connectivity_plus.build/Objects-normal/undefined_arch
               STRINGSDATA_ROOT = /Users/carl.stanley/sites/UKCPA/ukcpa_flutter/build/ios/Pods.build/Release-iphonesimulator/connectivity_plus.build
               STRINGS_FILE_INFOPLIST_RENAME = YES
               STRINGS_FILE_OUTPUT_ENCODING = binary
               STRIP_BITCODE_FROM_COPIED_FILES = NO
               STRIP_INSTALLED_PRODUCT = NO
               STRIP_STYLE = debugging
               STRIP_SWIFT_SYMBOLS = YES
               SUPPORTED_DEVICE_FAMILIES = 1,2
               SUPPORTED_PLATFORMS = iphoneos iphonesimulator
               SUPPORTS_TEXT_BASED_API = NO
               SUPPRESS_WARNINGS = NO
               SWIFT_ACTIVE_COMPILATION_CONDITIONS =  
               SWIFT_COMPILATION_MODE = wholemodule
               SWIFT_EMIT_LOC_STRINGS = NO
               SWIFT_INSTALL_MODULE_FOR_DEPLOYMENT = YES
               SWIFT_INSTALL_OBJC_HEADER = YES
               SWIFT_OPTIMIZATION_LEVEL = -O
               SWIFT_PLATFORM_TARGET_PREFIX = ios
               SWIFT_RESPONSE_FILE_PATH_normal_arm64 = /Users/carl.stanley/sites/UKCPA/ukcpa_flutter/build/ios/Pods.build/Release-iphonesimulator/connectivity_plus.build/Objects-normal/arm64/connectivity_plus.SwiftFileList
               SWIFT_RESPONSE_FILE_PATH_normal_x86_64 = /Users/carl.stanley/sites/UKCPA/ukcpa_flutter/build/ios/Pods.build/Release-iphonesimulator/connectivity_plus.build/Objects-normal/x86_64/connectivity_plus.SwiftFileList
               SWIFT_VERSION = 5.0
               SYMROOT = /Users/carl.stanley/sites/UKCPA/ukcpa_flutter/ios/build
               SYSTEM_ADMIN_APPS_DIR = /Applications/Utilities
               SYSTEM_APPS_DIR = /Applications
               SYSTEM_CORE_SERVICES_DIR = /System/Library/CoreServices
               SYSTEM_DEMOS_DIR = /Applications/Extras
               SYSTEM_DEVELOPER_APPS_DIR = /Applications/Xcode.app/Contents/Developer/Applications
               SYSTEM_DEVELOPER_BIN_DIR = /Applications/Xcode.app/Contents/Developer/usr/bin
               SYSTEM_DEVELOPER_DEMOS_DIR = /Applications/Xcode.app/Contents/Developer/Applications/Utilities/Built Examples
               SYSTEM_DEVELOPER_DIR = /Applications/Xcode.app/Contents/Developer
               SYSTEM_DEVELOPER_DOC_DIR = /Applications/Xcode.app/Contents/Developer/ADC Reference Library
               SYSTEM_DEVELOPER_GRAPHICS_TOOLS_DIR = /Applications/Xcode.app/Contents/Developer/Applications/Graphics Tools
               SYSTEM_DEVELOPER_JAVA_TOOLS_DIR = /Applications/Xcode.app/Contents/Developer/Applications/Java Tools
               SYSTEM_DEVELOPER_PERFORMANCE_TOOLS_DIR = /Applications/Xcode.app/Contents/Developer/Applications/Performance Tools
               SYSTEM_DEVELOPER_RELEASENOTES_DIR = /Applications/Xcode.app/Contents/Developer/ADC Reference Library/releasenotes
               SYSTEM_DEVELOPER_TOOLS = /Applications/Xcode.app/Contents/Developer/Tools
               SYSTEM_DEVELOPER_TOOLS_DOC_DIR = /Applications/Xcode.app/Contents/Developer/ADC Reference Library/documentation/DeveloperTools
               SYSTEM_DEVELOPER_TOOLS_RELEASENOTES_DIR = /Applications/Xcode.app/Contents/Developer/ADC Reference Library/releasenotes/DeveloperTools
               SYSTEM_DEVELOPER_USR_DIR = /Applications/Xcode.app/Contents/Developer/usr
               SYSTEM_DEVELOPER_UTILITIES_DIR = /Applications/Xcode.app/Contents/Developer/Applications/Utilities
               SYSTEM_DEXT_INSTALL_PATH = /System/Library/DriverExtensions
               SYSTEM_DOCUMENTATION_DIR = /Library/Documentation
               SYSTEM_EXTENSIONS_FOLDER_PATH = connectivity_plus.framework/SystemExtensions
               SYSTEM_EXTENSIONS_FOLDER_PATH_SHALLOW_BUNDLE_NO = connectivity_plus.framework/Library/SystemExtensions
               SYSTEM_EXTENSIONS_FOLDER_PATH_SHALLOW_BUNDLE_YES = connectivity_plus.framework/SystemExtensions
               SYSTEM_KEXT_INSTALL_PATH = /System/Library/Extensions
               SYSTEM_LIBRARY_DIR = /System/Library
               TAPI_DEMANGLE = YES
               TAPI_ENABLE_PROJECT_HEADERS = NO
               TAPI_LANGUAGE = objective-c
               TAPI_LANGUAGE_STANDARD = compiler-default
               TAPI_USE_SRCROOT = YES
               TAPI_VERIFY_MODE = Pedantic
               TARGETED_DEVICE_FAMILY = 1,2
               TARGETNAME = connectivity_plus
               TARGET_BUILD_DIR = /Users/carl.stanley/sites/UKCPA/ukcpa_flutter/build/ios/Release-iphonesimulator/connectivity_plus
               TARGET_NAME = connectivity_plus
               TARGET_TEMP_DIR = /Users/carl.stanley/sites/UKCPA/ukcpa_flutter/build/ios/Pods.build/Release-iphonesimulator/connectivity_plus.build
               TEMP_DIR = /Users/carl.stanley/sites/UKCPA/ukcpa_flutter/build/ios/Pods.build/Release-iphonesimulator/connectivity_plus.build
               TEMP_FILES_DIR = /Users/carl.stanley/sites/UKCPA/ukcpa_flutter/build/ios/Pods.build/Release-iphonesimulator/connectivity_plus.build
               TEMP_FILE_DIR = /Users/carl.stanley/sites/UKCPA/ukcpa_flutter/build/ios/Pods.build/Release-iphonesimulator/connectivity_plus.build
               TEMP_ROOT = /Users/carl.stanley/sites/UKCPA/ukcpa_flutter/build/ios
               TEST_FRAMEWORK_SEARCH_PATHS =  /Applications/Xcode.app/Contents/Developer/Platforms/iPhoneSimulator.platform/Developer/Library/Frameworks /Applications/Xcode.app/Contents/Developer/Platforms/iPhoneSimulator.platform/Developer/SDKs/iPhoneSimulator18.0.sdk/Developer/Library/Frameworks
               TEST_LIBRARY_SEARCH_PATHS =  /Applications/Xcode.app/Contents/Developer/Platforms/iPhoneSimulator.platform/Developer/usr/lib
               TOOLCHAINS = com.apple.dt.toolchain.XcodeDefault
               TOOLCHAIN_DIR = /Applications/Xcode.app/Contents/Developer/Toolchains/XcodeDefault.xctoolchain
               TREAT_MISSING_BASELINES_AS_TEST_FAILURES = NO
               TREAT_MISSING_SCRIPT_PHASE_OUTPUTS_AS_ERRORS = NO
               UID = 502
               UNINSTALLED_PRODUCTS_DIR = /Users/carl.stanley/sites/UKCPA/ukcpa_flutter/build/ios/UninstalledProducts
               UNLOCALIZED_RESOURCES_FOLDER_PATH = connectivity_plus.framework
               UNLOCALIZED_RESOURCES_FOLDER_PATH_SHALLOW_BUNDLE_NO = connectivity_plus.framework/Resources
               UNLOCALIZED_RESOURCES_FOLDER_PATH_SHALLOW_BUNDLE_YES = connectivity_plus.framework
               UNSTRIPPED_PRODUCT = NO
               USER = carl.stanley
               USER_APPS_DIR = /Users/carl.stanley/Applications
               USER_LIBRARY_DIR = /Users/carl.stanley/Library
               USE_DYNAMIC_NO_PIC = YES
               USE_HEADERMAP = YES
               USE_HEADER_SYMLINKS = NO
               USE_RECURSIVE_SCRIPT_INPUTS_IN_SCRIPT_PHASES = YES
               VALIDATE_DEVELOPMENT_ASSET_PATHS = YES_ERROR
               VALIDATE_PRODUCT = YES
               VALID_ARCHS = arm64 x86_64
               VERBOSE_PBXCP = NO
               VERSIONING_SYSTEM = apple-generic
               VERSIONPLIST_PATH = connectivity_plus.framework/version.plist
               VERSIONS_FOLDER_PATH = connectivity_plus.framework
               VERSIONS_FOLDER_PATH_SHALLOW_BUNDLE_NO = connectivity_plus.framework/Versions
               VERSIONS_FOLDER_PATH_SHALLOW_BUNDLE_YES = connectivity_plus.framework
               VERSION_INFO_BUILDER = carl.stanley
               VERSION_INFO_FILE = connectivity_plus_vers.c
               VERSION_INFO_STRING = "@(#)PROGRAM:connectivity_plus  PROJECT:Pods-1"
               WORKSPACE_DIR = /Users/carl.stanley/sites/UKCPA/ukcpa_flutter/ios/Pods/Pods.xcodeproj
               WRAPPER_EXTENSION = framework
               WRAPPER_NAME = connectivity_plus.framework
               WRAPPER_SUFFIX = .framework
               WRAP_ASSET_PACKS_IN_SEPARATE_DIRECTORIES = NO
               XCODE_APP_SUPPORT_DIR = /Applications/Xcode.app/Contents/Developer/Library/Xcode
               XCODE_PRODUCT_BUILD_VERSION = 16A242d
               XCODE_VERSION_ACTUAL = 1600
               XCODE_VERSION_MAJOR = 1600
               XCODE_VERSION_MINOR = 1600
               XPCSERVICES_FOLDER_PATH = connectivity_plus.framework/XPCServices
               YACC = yacc
               _WRAPPER_CONTENTS_DIR_SHALLOW_BUNDLE_NO = /Contents
               _WRAPPER_PARENT_PATH_SHALLOW_BUNDLE_NO = /..
               _WRAPPER_RESOURCES_DIR_SHALLOW_BUNDLE_NO = /Resources
               arch = undefined_arch
               variant = normal
[  +71 ms] executing: [/Users/carl.stanley/sites/UKCPA/ukcpa_flutter/] /Users/carl.stanley/development/flutter/bin/cache/dart-sdk/bin/dart pub --suppress-analytics deps --json
[ +274 ms] {
             "root": "ukcpa_flutter",
             "packages": [
               {
                 "name": "ukcpa_flutter",
                 "version": "1.0.0+1",
                 "kind": "root",
                 "source": "root",
                 "dependencies": [
                   "flutter",
                   "flutter_localizations",
                   "flutter_riverpod",
                   "riverpod_annotation",
                   "graphql_flutter",
                   "go_router",
                   "flutter_secure_storage",
                   "hive_flutter",
                   "shared_preferences",
                   "flutter_screenutil",
                   "cached_network_image",
                   "shimmer",
                   "flutter_svg",
                   "lottie",
                   "flutter_form_builder",
                   "form_builder_validators",
                   "video_player",
                   "chewie",
                   "local_auth",
                   "intl",
                   "url_launcher",
                   "share_plus",
                   "connectivity_plus",
                   "device_info_plus",
                   "package_info_plus",
                   "permission_handler",
                   "table_calendar",
                   "flutter_datetime_picker_plus",
                   "dio",
                   "pretty_dio_logger",
                   "flutter_dotenv",
                   "logger",
                   "image_picker",
                   "image_cropper",
                   "flutter_markdown",
                   "cupertino_icons",
                   "flutter_launcher_icons",
                   "json_annotation",
                   "mcp_toolkit",
                   "flutter_test",
                   "flutter_lints",
                   "build_runner",
                   "riverpod_generator",
                   "json_serializable",
                   "freezed",
                   "freezed_annotation",
                   "mockito",
                   "integration_test"
                 ],
                 "directDependencies": [
                   "flutter",
                   "flutter_localizations",
                   "flutter_riverpod",
                   "riverpod_annotation",
                   "graphql_flutter",
                   "go_router",
                   "flutter_secure_storage",
                   "hive_flutter",
                   "shared_preferences",
                   "flutter_screenutil",
                   "cached_network_image",
                   "shimmer",
                   "flutter_svg",
                   "lottie",
                   "flutter_form_builder",
                   "form_builder_validators",
                   "video_player",
                   "chewie",
                   "local_auth",
                   "intl",
                   "url_launcher",
                   "share_plus",
                   "connectivity_plus",
                   "device_info_plus",
                   "package_info_plus",
                   "permission_handler",
                   "table_calendar",
                   "flutter_datetime_picker_plus",
                   "dio",
                   "pretty_dio_logger",
                   "flutter_dotenv",
                   "logger",
                   "image_picker",
                   "image_cropper",
                   "flutter_markdown",
                   "cupertino_icons",
                   "flutter_launcher_icons",
                   "json_annotation",
                   "mcp_toolkit"
                 ],
                 "devDependencies": [
                   "flutter_test",
                   "flutter_lints",
                   "build_runner",
                   "riverpod_generator",
                   "json_serializable",
                   "freezed",
                   "freezed_annotation",
                   "mockito",
                   "integration_test"
                 ]
               },
               {
                 "name": "integration_test",
                 "version": "0.0.0",
                 "kind": "dev",
                 "source": "sdk",
                 "dependencies": [
                   "flutter",
                   "flutter_driver",
                   "flutter_test",
                   "path",
                   "vm_service",
                   "async",
                   "boolean_selector",
                   "characters",
                   "clock",
                   "collection",
                   "fake_async",
                   "file",
                   "leak_tracker",
                   "leak_tracker_flutter_testing",
                   "leak_tracker_testing",
                   "matcher",
                   "material_color_utilities",
                   "meta",
                   "source_span",
                   "stack_trace",
                   "stream_channel",
                   "string_scanner",
                   "sync_http",
                   "term_glyph",
                   "test_api",
                   "vector_math",
                   "webdriver"
                 ],
                 "directDependencies": [
                   "flutter",
                   "flutter_driver",
                   "flutter_test",
                   "path",
                   "vm_service",
                   "async",
                   "boolean_selector",
                   "characters",
                   "clock",
                   "collection",
                   "fake_async",
                   "file",
                   "leak_tracker",
                   "leak_tracker_flutter_testing",
                   "leak_tracker_testing",
                   "matcher",
                   "material_color_utilities",
                   "meta",
                   "source_span",
                   "stack_trace",
                   "stream_channel",
                   "string_scanner",
                   "sync_http",
                   "term_glyph",
                   "test_api",
                   "vector_math",
                   "webdriver"
                 ]
               },
               {
                 "name": "webdriver",
                 "version": "3.1.0",
                 "kind": "transitive",
                 "source": "hosted",
                 "dependencies": [
                   "matcher",
                   "path",
                   "stack_trace",
                   "sync_http"
                 ],
                 "directDependencies": [
                   "matcher",
                   "path",
                   "stack_trace",
                   "sync_http"
                 ]
               },
               {
                 "name": "sync_http",
                 "version": "0.3.1",
                 "kind": "transitive",
                 "source": "hosted",
                 "dependencies": [],
                 "directDependencies": []
               },
               {
                 "name": "stack_trace",
                 "version": "1.12.1",
                 "kind": "transitive",
                 "source": "hosted",
                 "dependencies": [
                   "path"
                 ],
                 "directDependencies": [
                   "path"
                 ]
               },
               {
                 "name": "path",
                 "version": "1.9.1",
                 "kind": "transitive",
                 "source": "hosted",
                 "dependencies": [],
                 "directDependencies": []
               },
               {
                 "name": "matcher",
                 "version": "0.12.17",
                 "kind": "transitive",
                 "source": "hosted",
                 "dependencies": [
                   "async",
                   "meta",
                   "stack_trace",
                   "term_glyph",
                   "test_api"
                 ],
                 "directDependencies": [
                   "async",
                   "meta",
                   "stack_trace",
                   "term_glyph",
                   "test_api"
                 ]
               },
               {
                 "name": "test_api",
                 "version": "0.7.4",
                 "kind": "transitive",
                 "source": "hosted",
                 "dependencies": [
                   "async",
                   "boolean_selector",
                   "collection",
                   "meta",
                   "source_span",
                   "stack_trace",
                   "stream_channel",
                   "string_scanner",
                   "term_glyph"
                 ],
                 "directDependencies": [
                   "async",
                   "boolean_selector",
                   "collection",
                   "meta",
                   "source_span",
                   "stack_trace",
                   "stream_channel",
                   "string_scanner",
                   "term_glyph"
                 ]
               },
               {
                 "name": "term_glyph",
                 "version": "1.2.2",
                 "kind": "transitive",
                 "source": "hosted",
                 "dependencies": [],
                 "directDependencies": []
               },
               {
                 "name": "string_scanner",
                 "version": "1.4.1",
                 "kind": "transitive",
                 "source": "hosted",
                 "dependencies": [
                   "source_span"
                 ],
                 "directDependencies": [
                   "source_span"
                 ]
               },
               {
                 "name": "source_span",
                 "version": "1.10.1",
                 "kind": "transitive",
                 "source": "hosted",
                 "dependencies": [
                   "collection",
                   "path",
                   "term_glyph"
                 ],
                 "directDependencies": [
                   "collection",
                   "path",
                   "term_glyph"
                 ]
               },
               {
                 "name": "collection",
                 "version": "1.19.1",
                 "kind": "transitive",
                 "source": "hosted",
                 "dependencies": [],
                 "directDependencies": []
               },
               {
                 "name": "stream_channel",
                 "version": "2.1.4",
                 "kind": "transitive",
                 "source": "hosted",
                 "dependencies": [
                   "async"
                 ],
                 "directDependencies": [
                   "async"
                 ]
               },
               {
                 "name": "async",
                 "version": "2.13.0",
                 "kind": "transitive",
                 "source": "hosted",
                 "dependencies": [
                   "collection",
                   "meta"
                 ],
                 "directDependencies": [
                   "collection",
                   "meta"
                 ]
               },
               {
                 "name": "meta",
                 "version": "1.16.0",
                 "kind": "transitive",
                 "source": "hosted",
                 "dependencies": [],
                 "directDependencies": []
               },
               {
                 "name": "boolean_selector",
                 "version": "2.1.2",
                 "kind": "transitive",
                 "source": "hosted",
                 "dependencies": [
                   "source_span",
                   "string_scanner"
                 ],
                 "directDependencies": [
                   "source_span",
                   "string_scanner"
                 ]
               },
               {
                 "name": "vector_math",
                 "version": "2.1.4",
                 "kind": "transitive",
                 "source": "hosted",
                 "dependencies": [],
                 "directDependencies": []
               },
               {
                 "name": "material_color_utilities",
                 "version": "0.11.1",
                 "kind": "transitive",
                 "source": "hosted",
                 "dependencies": [
                   "collection"
                 ],
                 "directDependencies": [
                   "collection"
                 ]
               },
               {
                 "name": "leak_tracker_testing",
                 "version": "3.0.1",
                 "kind": "transitive",
                 "source": "hosted",
                 "dependencies": [
                   "leak_tracker",
                   "matcher",
                   "meta"
                 ],
                 "directDependencies": [
                   "leak_tracker",
                   "matcher",
                   "meta"
                 ]
               },
               {
                 "name": "leak_tracker",
                 "version": "10.0.9",
                 "kind": "transitive",
                 "source": "hosted",
                 "dependencies": [
                   "clock",
                   "collection",
                   "meta",
                   "path",
                   "vm_service"
                 ],
                 "directDependencies": [
                   "clock",
                   "collection",
                   "meta",
                   "path",
                   "vm_service"
                 ]
               },
               {
                 "name": "vm_service",
                 "version": "15.0.0",
                 "kind": "transitive",
                 "source": "hosted",
                 "dependencies": [],
                 "directDependencies": []
               },
               {
                 "name": "clock",
                 "version": "1.1.2",
                 "kind": "transitive",
                 "source": "hosted",
                 "dependencies": [],
                 "directDependencies": []
               },
               {
                 "name": "leak_tracker_flutter_testing",
                 "version": "3.0.9",
                 "kind": "transitive",
                 "source": "hosted",
                 "dependencies": [
                   "flutter",
                   "leak_tracker",
                   "leak_tracker_testing",
                   "matcher",
                   "meta"
                 ],
                 "directDependencies": [
                   "flutter",
                   "leak_tracker",
                   "leak_tracker_testing",
                   "matcher",
                   "meta"
                 ]
               },
               {
                 "name": "flutter",
                 "version": "0.0.0",
                 "kind": "direct",
                 "source": "sdk",
                 "dependencies": [
                   "characters",
                   "collection",
                   "material_color_utilities",
                   "meta",
                   "vector_math",
                   "sky_engine"
                 ],
                 "directDependencies": [
                   "characters",
                   "collection",
                   "material_color_utilities",
                   "meta",
                   "vector_math",
                   "sky_engine"
                 ]
               },
               {
                 "name": "sky_engine",
                 "version": "0.0.0",
                 "kind": "transitive",
                 "source": "sdk",
                 "dependencies": [],
                 "directDependencies": []
               },
               {
                 "name": "characters",
                 "version": "1.4.0",
                 "kind": "transitive",
                 "source": "hosted",
                 "dependencies": [],
                 "directDependencies": []
               },
               {
                 "name": "file",
                 "version": "7.0.1",
                 "kind": "transitive",
                 "source": "hosted",
                 "dependencies": [
                   "meta",
                   "path"
                 ],
                 "directDependencies": [
                   "meta",
                   "path"
                 ]
               },
               {
                 "name": "fake_async",
                 "version": "1.3.3",
                 "kind": "transitive",
                 "source": "hosted",
                 "dependencies": [
                   "clock",
                   "collection"
                 ],
                 "directDependencies": [
                   "clock",
                   "collection"
                 ]
               },
               {
                 "name": "flutter_test",
                 "version": "0.0.0",
                 "kind": "dev",
                 "source": "sdk",
                 "dependencies": [
                   "flutter",
                   "test_api",
                   "matcher",
                   "path",
                   "fake_async",
                   "clock",
                   "stack_trace",
                   "vector_math",
                   "leak_tracker_flutter_testing",
                   "async",
                   "boolean_selector",
                   "characters",
                   "collection",
                   "leak_tracker",
                   "leak_tracker_testing",
                   "material_color_utilities",
                   "meta",
                   "source_span",
                   "stream_channel",
                   "string_scanner",
                   "term_glyph",
                   "vm_service"
                 ],
                 "directDependencies": [
                   "flutter",
                   "test_api",
                   "matcher",
                   "path",
                   "fake_async",
                   "clock",
                   "stack_trace",
                   "vector_math",
                   "leak_tracker_flutter_testing",
                   "async",
                   "boolean_selector",
                   "characters",
                   "collection",
                   "leak_tracker",
                   "leak_tracker_testing",
                   "material_color_utilities",
                   "meta",
                   "source_span",
                   "stream_channel",
                   "string_scanner",
                   "term_glyph",
                   "vm_service"
                 ]
               },
               {
                 "name": "flutter_driver",
                 "version": "0.0.0",
                 "kind": "transitive",
                 "source": "sdk",
                 "dependencies": [
                   "file",
                   "flutter",
                   "flutter_test",
                   "fuchsia_remote_debug_protocol",
                   "path",
                   "meta",
                   "vm_service",
                   "webdriver",
                   "async",
                   "boolean_selector",
                   "characters",
                   "clock",
                   "collection",
                   "leak_tracker",
                   "leak_tracker_flutter_testing",
                   "leak_tracker_testing",
                   "matcher",
                   "material_color_utilities",
                   "platform",
                   "process",
                   "source_span",
                   "stack_trace",
                   "stream_channel",
                   "string_scanner",
                   "sync_http",
                   "term_glyph",
                   "test_api",
                   "vector_math"
                 ],
                 "directDependencies": [
                   "file",
                   "flutter",
                   "flutter_test",
                   "fuchsia_remote_debug_protocol",
                   "path",
                   "meta",
                   "vm_service",
                   "webdriver",
                   "async",
                   "boolean_selector",
                   "characters",
                   "clock",
                   "collection",
                   "leak_tracker",
                   "leak_tracker_flutter_testing",
                   "leak_tracker_testing",
                   "matcher",
                   "material_color_utilities",
                   "platform",
                   "process",
                   "source_span",
                   "stack_trace",
                   "stream_channel",
                   "string_scanner",
                   "sync_http",
                   "term_glyph",
                   "test_api",
                   "vector_math"
                 ]
               },
               {
                 "name": "process",
                 "version": "5.0.3",
                 "kind": "transitive",
                 "source": "hosted",
                 "dependencies": [
                   "file",
                   "path",
                   "platform"
                 ],
                 "directDependencies": [
                   "file",
                   "path",
                   "platform"
                 ]
               },
               {
                 "name": "platform",
                 "version": "3.1.6",
                 "kind": "transitive",
                 "source": "hosted",
                 "dependencies": [],
                 "directDependencies": []
               },
               {
                 "name": "fuchsia_remote_debug_protocol",
                 "version": "0.0.0",
                 "kind": "transitive",
                 "source": "sdk",
                 "dependencies": [
                   "process",
                   "vm_service",
                   "file",
                   "meta",
                   "path",
                   "platform"
                 ],
                 "directDependencies": [
                   "process",
                   "vm_service",
                   "file",
                   "meta",
                   "path",
                   "platform"
                 ]
               },
               {
                 "name": "mockito",
                 "version": "5.4.4",
                 "kind": "dev",
                 "source": "hosted",
                 "dependencies": [
                   "analyzer",
                   "build",
                   "code_builder",
                   "collection",
                   "dart_style",
                   "matcher",
                   "meta",
                   "path",
                   "source_gen",
                   "test_api"
                 ],
                 "directDependencies": [
                   "analyzer",
                   "build",
                   "code_builder",
                   "collection",
                   "dart_style",
                   "matcher",
                   "meta",
                   "path",
                   "source_gen",
                   "test_api"
                 ]
               },
               {
                 "name": "source_gen",
                 "version": "1.5.0",
                 "kind": "transitive",
                 "source": "hosted",
                 "dependencies": [
                   "analyzer",
                   "async",
                   "build",
                   "dart_style",
                   "glob",
                   "path",
                   "source_span",
                   "yaml"
                 ],
                 "directDependencies": [
                   "analyzer",
                   "async",
                   "build",
                   "dart_style",
                   "glob",
                   "path",
                   "source_span",
                   "yaml"
                 ]
               },
               {
                 "name": "yaml",
                 "version": "3.1.3",
                 "kind": "transitive",
                 "source": "hosted",
                 "dependencies": [
                   "collection",
                   "source_span",
                   "string_scanner"
                 ],
                 "directDependencies": [
                   "collection",
                   "source_span",
                   "string_scanner"
                 ]
               },
               {
                 "name": "glob",
                 "version": "2.1.3",
                 "kind": "transitive",
                 "source": "hosted",
                 "dependencies": [
                   "async",
                   "collection",
                   "file",
                   "path",
                   "string_scanner"
                 ],
                 "directDependencies": [
                   "async",
                   "collection",
                   "file",
                   "path",
                   "string_scanner"
                 ]
               },
               {
                 "name": "dart_style",
                 "version": "2.3.7",
                 "kind": "transitive",
                 "source": "hosted",
                 "dependencies": [
                   "analyzer",
                   "args",
                   "collection",
                   "package_config",
                   "path",
                   "pub_semver",
                   "source_span"
                 ],
                 "directDependencies": [
                   "analyzer",
                   "args",
                   "collection",
                   "package_config",
                   "path",
                   "pub_semver",
                   "source_span"
                 ]
               },
               {
                 "name": "pub_semver",
                 "version": "2.2.0",
                 "kind": "transitive",
                 "source": "hosted",
                 "dependencies": [
                   "collection"
                 ],
                 "directDependencies": [
                   "collection"
                 ]
               },
               {
                 "name": "package_config",
                 "version": "2.2.0",
                 "kind": "transitive",
                 "source": "hosted",
                 "dependencies": [
                   "path"
                 ],
                 "directDependencies": [
                   "path"
                 ]
               },
               {
                 "name": "args",
                 "version": "2.7.0",
                 "kind": "transitive",
                 "source": "hosted",
                 "dependencies": [],
                 "directDependencies": []
               },
               {
                 "name": "analyzer",
                 "version": "6.11.0",
                 "kind": "transitive",
                 "source": "hosted",
                 "dependencies": [
                   "_fe_analyzer_shared",
                   "collection",
                   "convert",
                   "crypto",
                   "glob",
                   "macros",
                   "meta",
                   "package_config",
                   "path",
                   "pub_semver",
                   "source_span",
                   "watcher",
                   "yaml"
                 ],
                 "directDependencies": [
                   "_fe_analyzer_shared",
                   "collection",
                   "convert",
                   "crypto",
                   "glob",
                   "macros",
                   "meta",
                   "package_config",
                   "path",
                   "pub_semver",
                   "source_span",
                   "watcher",
                   "yaml"
                 ]
               },
               {
                 "name": "watcher",
                 "version": "1.1.2",
                 "kind": "transitive",
                 "source": "hosted",
                 "dependencies": [
                   "async",
                   "path"
                 ],
                 "directDependencies": [
                   "async",
                   "path"
                 ]
               },
               {
                 "name": "macros",
                 "version": "0.1.3-main.0",
                 "kind": "transitive",
                 "source": "hosted",
                 "dependencies": [
                   "_macros"
                 ],
                 "directDependencies": [
                   "_macros"
                 ]
               },
               {
                 "name": "_macros",
                 "version": "0.3.3",
                 "kind": "transitive",
                 "source": "sdk",
                 "dependencies": [],
                 "directDependencies": []
               },
               {
                 "name": "crypto",
                 "version": "3.0.6",
                 "kind": "transitive",
                 "source": "hosted",
                 "dependencies": [
                   "typed_data"
                 ],
                 "directDependencies": [
                   "typed_data"
                 ]
               },
               {
                 "name": "typed_data",
                 "version": "1.4.0",
                 "kind": "transitive",
                 "source": "hosted",
                 "dependencies": [
                   "collection"
                 ],
                 "directDependencies": [
                   "collection"
                 ]
               },
               {
                 "name": "convert",
                 "version": "3.1.2",
                 "kind": "transitive",
                 "source": "hosted",
                 "dependencies": [
                   "typed_data"
                 ],
                 "directDependencies": [
                   "typed_data"
                 ]
               },
               {
                 "name": "_fe_analyzer_shared",
                 "version": "76.0.0",
                 "kind": "transitive",
                 "source": "hosted",
                 "dependencies": [
                   "meta"
                 ],
                 "directDependencies": [
                   "meta"
                 ]
               },
               {
                 "name": "build",
                 "version": "2.4.1",
                 "kind": "transitive",
                 "source": "hosted",
                 "dependencies": [
                   "analyzer",
                   "async",
                   "convert",
                   "crypto",
                   "glob",
                   "logging",
                   "meta",
                   "package_config",
                   "path"
                 ],
                 "directDependencies": [
                   "analyzer",
                   "async",
                   "convert",
                   "crypto",
                   "glob",
                   "logging",
                   "meta",
                   "package_config",
                   "path"
                 ]
               },
               {
                 "name": "logging",
                 "version": "1.3.0",
                 "kind": "transitive",
                 "source": "hosted",
                 "dependencies": [],
                 "directDependencies": []
               },
               {
                 "name": "code_builder",
                 "version": "4.10.1",
                 "kind": "transitive",
                 "source": "hosted",
                 "dependencies": [
                   "built_collection",
                   "built_value",
                   "collection",
                   "matcher",
                   "meta"
                 ],
                 "directDependencies": [
                   "built_collection",
                   "built_value",
                   "collection",
                   "matcher",
                   "meta"
                 ]
               },
               {
                 "name": "built_value",
                 "version": "8.11.0",
                 "kind": "transitive",
                 "source": "hosted",
                 "dependencies": [
                   "built_collection",
                   "collection",
                   "fixnum",
                   "meta"
                 ],
                 "directDependencies": [
                   "built_collection",
                   "collection",
                   "fixnum",
                   "meta"
                 ]
               },
               {
                 "name": "fixnum",
                 "version": "1.1.1",
                 "kind": "transitive",
                 "source": "hosted",
                 "dependencies": [],
                 "directDependencies": []
               },
               {
                 "name": "built_collection",
                 "version": "5.1.1",
                 "kind": "transitive",
                 "source": "hosted",
                 "dependencies": [],
                 "directDependencies": []
               },
               {
                 "name": "freezed_annotation",
                 "version": "2.4.4",
                 "kind": "dev",
                 "source": "hosted",
                 "dependencies": [
                   "collection",
                   "json_annotation",
                   "meta"
                 ],
                 "directDependencies": [
                   "collection",
                   "json_annotation",
                   "meta"
                 ]
               },
               {
                 "name": "json_annotation",
                 "version": "4.9.0",
                 "kind": "direct",
                 "source": "hosted",
                 "dependencies": [
                   "meta"
                 ],
                 "directDependencies": [
                   "meta"
                 ]
               },
               {
                 "name": "freezed",
                 "version": "2.5.7",
                 "kind": "dev",
                 "source": "hosted",
                 "dependencies": [
                   "analyzer",
                   "build",
                   "build_config",
                   "collection",
                   "meta",
                   "source_gen",
                   "freezed_annotation",
                   "json_annotation",
                   "dart_style"
                 ],
                 "directDependencies": [
                   "analyzer",
                   "build",
                   "build_config",
                   "collection",
                   "meta",
                   "source_gen",
                   "freezed_annotation",
                   "json_annotation",
                   "dart_style"
                 ]
               },
               {
                 "name": "build_config",
                 "version": "1.1.1",
                 "kind": "transitive",
                 "source": "hosted",
                 "dependencies": [
                   "checked_yaml",
                   "json_annotation",
                   "path",
                   "pubspec_parse",
                   "yaml"
                 ],
                 "directDependencies": [
                   "checked_yaml",
                   "json_annotation",
                   "path",
                   "pubspec_parse",
                   "yaml"
                 ]
               },
               {
                 "name": "pubspec_parse",
                 "version": "1.4.0",
                 "kind": "transitive",
                 "source": "hosted",
                 "dependencies": [
                   "checked_yaml",
                   "collection",
                   "json_annotation",
                   "pub_semver",
                   "yaml"
                 ],
                 "directDependencies": [
                   "checked_yaml",
                   "collection",
                   "json_annotation",
                   "pub_semver",
                   "yaml"
                 ]
               },
               {
                 "name": "checked_yaml",
                 "version": "2.0.3",
                 "kind": "transitive",
                 "source": "hosted",
                 "dependencies": [
                   "json_annotation",
                   "source_span",
                   "yaml"
                 ],
                 "directDependencies": [
                   "json_annotation",
                   "source_span",
                   "yaml"
                 ]
               },
               {
                 "name": "json_serializable",
                 "version": "6.9.0",
                 "kind": "dev",
                 "source": "hosted",
                 "dependencies": [
                   "analyzer",
                   "async",
                   "build",
                   "build_config",
                   "collection",
                   "json_annotation",
                   "meta",
                   "path",
                   "pub_semver",
                   "pubspec_parse",
                   "source_gen",
                   "source_helper"
                 ],
                 "directDependencies": [
                   "analyzer",
                   "async",
                   "build",
                   "build_config",
                   "collection",
                   "json_annotation",
                   "meta",
                   "path",
                   "pub_semver",
                   "pubspec_parse",
                   "source_gen",
                   "source_helper"
                 ]
               },
               {
                 "name": "source_helper",
                 "version": "1.3.5",
                 "kind": "transitive",
                 "source": "hosted",
                 "dependencies": [
                   "analyzer",
                   "collection",
                   "source_gen"
                 ],
                 "directDependencies": [
                   "analyzer",
                   "collection",
                   "source_gen"
                 ]
               },
               {
                 "name": "riverpod_generator",
                 "version": "2.6.3",
                 "kind": "dev",
                 "source": "hosted",
                 "dependencies": [
                   "analyzer",
                   "build",
                   "build_config",
                   "collection",
                   "crypto",
                   "meta",
                   "path",
                   "riverpod_analyzer_utils",
                   "riverpod_annotation",
                   "source_gen"
                 ],
                 "directDependencies": [
                   "analyzer",
                   "build",
                   "build_config",
                   "collection",
                   "crypto",
                   "meta",
                   "path",
                   "riverpod_analyzer_utils",
                   "riverpod_annotation",
                   "source_gen"
                 ]
               },
               {
                 "name": "riverpod_annotation",
                 "version": "2.6.1",
                 "kind": "direct",
                 "source": "hosted",
                 "dependencies": [
                   "meta",
                   "riverpod"
                 ],
                 "directDependencies": [
                   "meta",
                   "riverpod"
                 ]
               },
               {
                 "name": "riverpod",
                 "version": "2.6.1",
                 "kind": "transitive",
                 "source": "hosted",
                 "dependencies": [
                   "collection",
                   "meta",
                   "stack_trace",
                   "state_notifier"
                 ],
                 "directDependencies": [
                   "collection",
                   "meta",
                   "stack_trace",
                   "state_notifier"
                 ]
               },
               {
                 "name": "state_notifier",
                 "version": "1.0.0",
                 "kind": "transitive",
                 "source": "hosted",
                 "dependencies": [
                   "meta"
                 ],
                 "directDependencies": [
                   "meta"
                 ]
               },
               {
                 "name": "riverpod_analyzer_utils",
                 "version": "0.5.8",
                 "kind": "transitive",
                 "source": "hosted",
                 "dependencies": [
                   "analyzer",
                   "collection",
                   "crypto",
                   "custom_lint_core",
                   "freezed_annotation",
                   "meta",
                   "path",
                   "source_span"
                 ],
                 "directDependencies": [
                   "analyzer",
                   "collection",
                   "crypto",
                   "custom_lint_core",
                   "freezed_annotation",
                   "meta",
                   "path",
                   "source_span"
                 ]
               },
               {
                 "name": "custom_lint_core",
                 "version": "0.7.0",
                 "kind": "transitive",
                 "source": "hosted",
                 "dependencies": [
                   "analyzer",
                   "analyzer_plugin",
                   "collection",
                   "custom_lint_visitor",
                   "glob",
                   "matcher",
                   "meta",
                   "package_config",
                   "path",
                   "pubspec_parse",
                   "source_span",
                   "uuid",
                   "yaml"
                 ],
                 "directDependencies": [
                   "analyzer",
                   "analyzer_plugin",
                   "collection",
                   "custom_lint_visitor",
                   "glob",
                   "matcher",
                   "meta",
                   "package_config",
                   "path",
                   "pubspec_parse",
                   "source_span",
                   "uuid",
                   "yaml"
                 ]
               },
               {
                 "name": "uuid",
                 "version": "4.5.1",
                 "kind": "transitive",
                 "source": "hosted",
                 "dependencies": [
                   "crypto",
                   "sprintf",
                   "meta",
                   "fixnum"
                 ],
                 "directDependencies": [
                   "crypto",
                   "sprintf",
                   "meta",
                   "fixnum"
                 ]
               },
               {
                 "name": "sprintf",
                 "version": "7.0.0",
                 "kind": "transitive",
                 "source": "hosted",
                 "dependencies": [],
                 "directDependencies": []
               },
               {
                 "name": "custom_lint_visitor",
                 "version": "1.0.0+6.11.0",
                 "kind": "transitive",
                 "source": "hosted",
                 "dependencies": [
                   "analyzer"
                 ],
                 "directDependencies": [
                   "analyzer"
                 ]
               },
               {
                 "name": "analyzer_plugin",
                 "version": "0.11.3",
                 "kind": "transitive",
                 "source": "hosted",
                 "dependencies": [
                   "analyzer",
                   "collection",
                   "dart_style",
                   "pub_semver",
                   "yaml"
                 ],
                 "directDependencies": [
                   "analyzer",
                   "collection",
                   "dart_style",
                   "pub_semver",
                   "yaml"
                 ]
               },
               {
                 "name": "build_runner",
                 "version": "2.4.13",
                 "kind": "dev",
                 "source": "hosted",
                 "dependencies": [
                   "analyzer",
                   "args",
                   "async",
                   "build",
                   "build_config",
                   "build_daemon",
                   "build_resolvers",
                   "build_runner_core",
                   "code_builder",
                   "collection",
                   "crypto",
                   "dart_style",
                   "frontend_server_client",
                   "glob",
                   "graphs",
                   "http_multi_server",
                   "io",
                   "js",
                   "logging",
                   "meta",
                   "mime",
                   "package_config",
                   "path",
                   "pool",
                   "pub_semver",
                   "pubspec_parse",
                   "shelf",
                   "shelf_web_socket",
                   "stack_trace",
                   "stream_transform",
                   "timing",
                   "watcher",
                   "web_socket_channel",
                   "yaml"
                 ],
                 "directDependencies": [
                   "analyzer",
                   "args",
                   "async",
                   "build",
                   "build_config",
                   "build_daemon",
                   "build_resolvers",
                   "build_runner_core",
                   "code_builder",
                   "collection",
                   "crypto",
                   "dart_style",
                   "frontend_server_client",
                   "glob",
                   "graphs",
                   "http_multi_server",
                   "io",
                   "js",
                   "logging",
                   "meta",
                   "mime",
                   "package_config",
                   "path",
                   "pool",
                   "pub_semver",
                   "pubspec_parse",
                   "shelf",
                   "shelf_web_socket",
                   "stack_trace",
                   "stream_transform",
                   "timing",
                   "watcher",
                   "web_socket_channel",
                   "yaml"
                 ]
               },
               {
                 "name": "web_socket_channel",
                 "version": "3.0.3",
                 "kind": "transitive",
                 "source": "hosted",
                 "dependencies": [
                   "async",
                   "crypto",
                   "stream_channel",
                   "web",
                   "web_socket"
                 ],
                 "directDependencies": [
                   "async",
                   "crypto",
                   "stream_channel",
                   "web",
                   "web_socket"
                 ]
               },
               {
                 "name": "web_socket",
                 "version": "1.0.1",
                 "kind": "transitive",
                 "source": "hosted",
                 "dependencies": [
                   "web"
                 ],
                 "directDependencies": [
                   "web"
                 ]
               },
               {
                 "name": "web",
                 "version": "1.1.1",
                 "kind": "transitive",
                 "source": "hosted",
                 "dependencies": [],
                 "directDependencies": []
               },
               {
                 "name": "timing",
                 "version": "1.0.2",
                 "kind": "transitive",
                 "source": "hosted",
                 "dependencies": [
                   "json_annotation"
                 ],
                 "directDependencies": [
                   "json_annotation"
                 ]
               },
               {
                 "name": "stream_transform",
                 "version": "2.1.1",
                 "kind": "transitive",
                 "source": "hosted",
                 "dependencies": [],
                 "directDependencies": []
               },
               {
                 "name": "shelf_web_socket",
                 "version": "2.0.1",
                 "kind": "transitive",
                 "source": "hosted",
                 "dependencies": [
                   "shelf",
                   "stream_channel",
                   "web_socket_channel"
                 ],
                 "directDependencies": [
                   "shelf",
                   "stream_channel",
                   "web_socket_channel"
                 ]
               },
               {
                 "name": "shelf",
                 "version": "1.4.1",
                 "kind": "transitive",
                 "source": "hosted",
                 "dependencies": [
                   "async",
                   "collection",
                   "http_parser",
                   "path",
                   "stack_trace",
                   "stream_channel"
                 ],
                 "directDependencies": [
                   "async",
                   "collection",
                   "http_parser",
                   "path",
                   "stack_trace",
                   "stream_channel"
                 ]
               },
               {
                 "name": "http_parser",
                 "version": "4.0.2",
                 "kind": "transitive",
                 "source": "hosted",
                 "dependencies": [
                   "collection",
                   "source_span",
                   "string_scanner",
                   "typed_data"
                 ],
                 "directDependencies": [
                   "collection",
                   "source_span",
                   "string_scanner",
                   "typed_data"
                 ]
               },
               {
                 "name": "pool",
                 "version": "1.5.1",
                 "kind": "transitive",
                 "source": "hosted",
                 "dependencies": [
                   "async",
                   "stack_trace"
                 ],
                 "directDependencies": [
                   "async",
                   "stack_trace"
                 ]
               },
               {
                 "name": "mime",
                 "version": "1.0.6",
                 "kind": "transitive",
                 "source": "hosted",
                 "dependencies": [],
                 "directDependencies": []
               },
               {
                 "name": "js",
                 "version": "0.6.7",
                 "kind": "transitive",
                 "source": "hosted",
                 "dependencies": [
                   "meta"
                 ],
                 "directDependencies": [
                   "meta"
                 ]
               },
               {
                 "name": "io",
                 "version": "1.0.5",
                 "kind": "transitive",
                 "source": "hosted",
                 "dependencies": [
                   "meta",
                   "path",
                   "string_scanner"
                 ],
                 "directDependencies": [
                   "meta",
                   "path",
                   "string_scanner"
                 ]
               },
               {
                 "name": "http_multi_server",
                 "version": "3.2.2",
                 "kind": "transitive",
                 "source": "hosted",
                 "dependencies": [
                   "async"
                 ],
                 "directDependencies": [
                   "async"
                 ]
               },
               {
                 "name": "graphs",
                 "version": "2.3.2",
                 "kind": "transitive",
                 "source": "hosted",
                 "dependencies": [
                   "collection"
                 ],
                 "directDependencies": [
                   "collection"
                 ]
               },
               {
                 "name": "frontend_server_client",
                 "version": "4.0.0",
                 "kind": "transitive",
                 "source": "hosted",
                 "dependencies": [
                   "async",
                   "path"
                 ],
                 "directDependencies": [
                   "async",
                   "path"
                 ]
               },
               {
                 "name": "build_runner_core",
                 "version": "7.3.2",
                 "kind": "transitive",
                 "source": "hosted",
                 "dependencies": [
                   "async",
                   "build",
                   "build_config",
                   "build_resolvers",
                   "collection",
                   "convert",
                   "crypto",
                   "glob",
                   "graphs",
                   "json_annotation",
                   "logging",
                   "meta",
                   "package_config",
                   "path",
                   "pool",
                   "timing",
                   "watcher",
                   "yaml"
                 ],
                 "directDependencies": [
                   "async",
                   "build",
                   "build_config",
                   "build_resolvers",
                   "collection",
                   "convert",
                   "crypto",
                   "glob",
                   "graphs",
                   "json_annotation",
                   "logging",
                   "meta",
                   "package_config",
                   "path",
                   "pool",
                   "timing",
                   "watcher",
                   "yaml"
                 ]
               },
               {
                 "name": "build_resolvers",
                 "version": "2.4.2",
                 "kind": "transitive",
                 "source": "hosted",
                 "dependencies": [
                   "analyzer",
                   "async",
                   "build",
                   "collection",
                   "convert",
                   "crypto",
                   "graphs",
                   "logging",
                   "package_config",
                   "path",
                   "pool",
                   "pub_semver",
                   "stream_transform",
                   "yaml"
                 ],
                 "directDependencies": [
                   "analyzer",
                   "async",
                   "build",
                   "collection",
                   "convert",
                   "crypto",
                   "graphs",
                   "logging",
                   "package_config",
                   "path",
                   "pool",
                   "pub_semver",
                   "stream_transform",
                   "yaml"
                 ]
               },
               {
                 "name": "build_daemon",
                 "version": "4.0.2",
                 "kind": "transitive",
                 "source": "hosted",
                 "dependencies": [
                   "built_collection",
                   "built_value",
                   "crypto",
                   "http_multi_server",
                   "logging",
                   "path",
                   "pool",
                   "shelf",
                   "shelf_web_socket",
                   "stream_transform",
                   "watcher",
                   "web_socket_channel"
                 ],
                 "directDependencies": [
                   "built_collection",
                   "built_value",
                   "crypto",
                   "http_multi_server",
                   "logging",
                   "path",
                   "pool",
                   "shelf",
                   "shelf_web_socket",
                   "stream_transform",
                   "watcher",
                   "web_socket_channel"
                 ]
               },
               {
                 "name": "flutter_lints",
                 "version": "3.0.2",
                 "kind": "dev",
                 "source": "hosted",
                 "dependencies": [
                   "lints"
                 ],
                 "directDependencies": [
                   "lints"
                 ]
               },
               {
                 "name": "lints",
                 "version": "3.0.0",
                 "kind": "transitive",
                 "source": "hosted",
                 "dependencies": [],
                 "directDependencies": []
               },
               {
                 "name": "mcp_toolkit",
                 "version": "0.2.3",
                 "kind": "direct",
                 "source": "hosted",
                 "dependencies": [
                   "collection",
                   "dart_mcp",
                   "equatable",
                   "flutter",
                   "from_json_to_json",
                   "is_dart_empty_or_not",
                   "universal_io"
                 ],
                 "directDependencies": [
                   "collection",
                   "dart_mcp",
                   "equatable",
                   "flutter",
                   "from_json_to_json",
                   "is_dart_empty_or_not",
                   "universal_io"
                 ]
               },
               {
                 "name": "universal_io",
                 "version": "2.2.2",
                 "kind": "transitive",
                 "source": "hosted",
                 "dependencies": [
                   "collection",
                   "meta",
                   "typed_data"
                 ],
                 "directDependencies": [
                   "collection",
                   "meta",
                   "typed_data"
                 ]
               },
               {
                 "name": "is_dart_empty_or_not",
                 "version": "0.2.3",
                 "kind": "transitive",
                 "source": "hosted",
                 "dependencies": [],
                 "directDependencies": []
               },
               {
                 "name": "from_json_to_json",
                 "version": "0.2.1",
                 "kind": "transitive",
                 "source": "hosted",
                 "dependencies": [
                   "collection",
                   "is_dart_empty_or_not"
                 ],
                 "directDependencies": [
                   "collection",
                   "is_dart_empty_or_not"
                 ]
               },
               {
                 "name": "equatable",
                 "version": "2.0.7",
                 "kind": "transitive",
                 "source": "hosted",
                 "dependencies": [
                   "collection",
                   "meta"
                 ],
                 "directDependencies": [
                   "collection",
                   "meta"
                 ]
               },
               {
                 "name": "dart_mcp",
                 "version": "0.2.2",
                 "kind": "transitive",
                 "source": "hosted",
                 "dependencies": [
                   "async",
                   "collection",
                   "json_rpc_2",
                   "meta",
                   "stream_channel",
                   "stream_transform"
                 ],
                 "directDependencies": [
                   "async",
                   "collection",
                   "json_rpc_2",
                   "meta",
                   "stream_channel",
                   "stream_transform"
                 ]
               },
               {
                 "name": "json_rpc_2",
                 "version": "4.0.0",
                 "kind": "transitive",
                 "source": "hosted",
                 "dependencies": [
                   "stack_trace",
                   "stream_channel"
                 ],
                 "directDependencies": [
                   "stack_trace",
                   "stream_channel"
                 ]
               },
               {
                 "name": "flutter_launcher_icons",
                 "version": "0.13.1",
                 "kind": "direct",
                 "source": "hosted",
                 "dependencies": [
                   "args",
                   "checked_yaml",
                   "cli_util",
                   "image",
                   "json_annotation",
                   "path",
                   "yaml"
                 ],
                 "directDependencies": [
                   "args",
                   "checked_yaml",
                   "cli_util",
                   "image",
                   "json_annotation",
                   "path",
                   "yaml"
                 ]
               },
               {
                 "name": "image",
                 "version": "4.3.0",
                 "kind": "transitive",
                 "source": "hosted",
                 "dependencies": [
                   "archive",
                   "meta",
                   "xml"
                 ],
                 "directDependencies": [
                   "archive",
                   "meta",
                   "xml"
                 ]
               },
               {
                 "name": "xml",
                 "version": "6.5.0",
                 "kind": "transitive",
                 "source": "hosted",
                 "dependencies": [
                   "collection",
                   "meta",
                   "petitparser"
                 ],
                 "directDependencies": [
                   "collection",
                   "meta",
                   "petitparser"
                 ]
               },
               {
                 "name": "petitparser",
                 "version": "6.0.2",
                 "kind": "transitive",
                 "source": "hosted",
                 "dependencies": [
                   "meta"
                 ],
                 "directDependencies": [
                   "meta"
                 ]
               },
               {
                 "name": "archive",
                 "version": "3.6.1",
                 "kind": "transitive",
                 "source": "hosted",
                 "dependencies": [
                   "crypto",
                   "path"
                 ],
                 "directDependencies": [
                   "crypto",
                   "path"
                 ]
               },
               {
                 "name": "cli_util",
                 "version": "0.4.2",
                 "kind": "transitive",
                 "source": "hosted",
                 "dependencies": [
                   "meta",
                   "path"
                 ],
                 "directDependencies": [
                   "meta",
                   "path"
                 ]
               },
               {
                 "name": "cupertino_icons",
                 "version": "1.0.8",
                 "kind": "direct",
                 "source": "hosted",
                 "dependencies": [],
                 "directDependencies": []
               },
               {
                 "name": "flutter_markdown",
                 "version": "0.7.7+1",
                 "kind": "direct",
                 "source": "hosted",
                 "dependencies": [
                   "flutter",
                   "markdown",
                   "meta",
                   "path"
                 ],
                 "directDependencies": [
                   "flutter",
                   "markdown",
                   "meta",
                   "path"
                 ]
               },
               {
                 "name": "markdown",
                 "version": "7.3.0",
                 "kind": "transitive",
                 "source": "hosted",
                 "dependencies": [
                   "args",
                   "meta"
                 ],
                 "directDependencies": [
                   "args",
                   "meta"
                 ]
               },
               {
                 "name": "image_cropper",
                 "version": "9.1.0",
                 "kind": "direct",
                 "source": "hosted",
                 "dependencies": [
                   "flutter",
                   "image_cropper_platform_interface",
                   "image_cropper_for_web"
                 ],
                 "directDependencies": [
                   "flutter",
                   "image_cropper_platform_interface",
                   "image_cropper_for_web"
                 ]
               },
               {
                 "name": "image_cropper_for_web",
                 "version": "6.1.0",
                 "kind": "transitive",
                 "source": "hosted",
                 "dependencies": [
                   "flutter",
                   "flutter_web_plugins",
                   "image_cropper_platform_interface",
                   "web"
                 ],
                 "directDependencies": [
                   "flutter",
                   "flutter_web_plugins",
                   "image_cropper_platform_interface",
                   "web"
                 ]
               },
               {
                 "name": "image_cropper_platform_interface",
                 "version": "7.1.0",
                 "kind": "transitive",
                 "source": "hosted",
                 "dependencies": [
                   "flutter",
                   "plugin_platform_interface",
                   "http"
                 ],
                 "directDependencies": [
                   "flutter",
                   "plugin_platform_interface",
                   "http"
                 ]
               },
               {
                 "name": "http",
                 "version": "1.4.0",
                 "kind": "transitive",
                 "source": "hosted",
                 "dependencies": [
                   "async",
                   "http_parser",
                   "meta",
                   "web"
                 ],
                 "directDependencies": [
                   "async",
                   "http_parser",
                   "meta",
                   "web"
                 ]
               },
               {
                 "name": "plugin_platform_interface",
                 "version": "2.1.8",
                 "kind": "transitive",
                 "source": "hosted",
                 "dependencies": [
                   "meta"
                 ],
                 "directDependencies": [
                   "meta"
                 ]
               },
               {
                 "name": "flutter_web_plugins",
                 "version": "0.0.0",
                 "kind": "transitive",
                 "source": "sdk",
                 "dependencies": [
                   "flutter",
                   "characters",
                   "collection",
                   "material_color_utilities",
                   "meta",
                   "vector_math"
                 ],
                 "directDependencies": [
                   "flutter",
                   "characters",
                   "collection",
                   "material_color_utilities",
                   "meta",
                   "vector_math"
                 ]
               },
               {
                 "name": "image_picker",
                 "version": "1.1.2",
                 "kind": "direct",
                 "source": "hosted",
                 "dependencies": [
                   "flutter",
                   "image_picker_android",
                   "image_picker_for_web",
                   "image_picker_ios",
                   "image_picker_linux",
                   "image_picker_macos",
                   "image_picker_platform_interface",
                   "image_picker_windows"
                 ],
                 "directDependencies": [
                   "flutter",
                   "image_picker_android",
                   "image_picker_for_web",
                   "image_picker_ios",
                   "image_picker_linux",
                   "image_picker_macos",
                   "image_picker_platform_interface",
                   "image_picker_windows"
                 ]
               },
               {
                 "name": "image_picker_windows",
                 "version": "0.2.1+1",
                 "kind": "transitive",
                 "source": "hosted",
                 "dependencies": [
                   "file_selector_platform_interface",
                   "file_selector_windows",
                   "flutter",
                   "image_picker_platform_interface"
                 ],
                 "directDependencies": [
                   "file_selector_platform_interface",
                   "file_selector_windows",
                   "flutter",
                   "image_picker_platform_interface"
                 ]
               },
               {
                 "name": "image_picker_platform_interface",
                 "version": "2.10.1",
                 "kind": "transitive",
                 "source": "hosted",
                 "dependencies": [
                   "cross_file",
                   "flutter",
                   "http",
                   "plugin_platform_interface"
                 ],
                 "directDependencies": [
                   "cross_file",
                   "flutter",
                   "http",
                   "plugin_platform_interface"
                 ]
               },
               {
                 "name": "cross_file",
                 "version": "0.3.4+2",
                 "kind": "transitive",
                 "source": "hosted",
                 "dependencies": [
                   "meta",
                   "web"
                 ],
                 "directDependencies": [
                   "meta",
                   "web"
                 ]
               },
               {
                 "name": "file_selector_windows",
                 "version": "0.9.3+4",
                 "kind": "transitive",
                 "source": "hosted",
                 "dependencies": [
                   "cross_file",
                   "file_selector_platform_interface",
                   "flutter"
                 ],
                 "directDependencies": [
                   "cross_file",
                   "file_selector_platform_interface",
                   "flutter"
                 ]
               },
               {
                 "name": "file_selector_platform_interface",
                 "version": "2.6.2",
                 "kind": "transitive",
                 "source": "hosted",
                 "dependencies": [
                   "cross_file",
                   "flutter",
                   "http",
                   "plugin_platform_interface"
                 ],
                 "directDependencies": [
                   "cross_file",
                   "flutter",
                   "http",
                   "plugin_platform_interface"
                 ]
               },
               {
                 "name": "image_picker_macos",
                 "version": "0.2.1+2",
                 "kind": "transitive",
                 "source": "hosted",
                 "dependencies": [
                   "file_selector_macos",
                   "file_selector_platform_interface",
                   "flutter",
                   "image_picker_platform_interface"
                 ],
                 "directDependencies": [
                   "file_selector_macos",
                   "file_selector_platform_interface",
                   "flutter",
                   "image_picker_platform_interface"
                 ]
               },
               {
                 "name": "file_selector_macos",
                 "version": "0.9.4+2",
                 "kind": "transitive",
                 "source": "hosted",
                 "dependencies": [
                   "cross_file",
                   "file_selector_platform_interface",
                   "flutter"
                 ],
                 "directDependencies": [
                   "cross_file",
                   "file_selector_platform_interface",
                   "flutter"
                 ]
               },
               {
                 "name": "image_picker_linux",
                 "version": "0.2.1+2",
                 "kind": "transitive",
                 "source": "hosted",
                 "dependencies": [
                   "file_selector_linux",
                   "file_selector_platform_interface",
                   "flutter",
                   "image_picker_platform_interface"
                 ],
                 "directDependencies": [
                   "file_selector_linux",
                   "file_selector_platform_interface",
                   "flutter",
                   "image_picker_platform_interface"
                 ]
               },
               {
                 "name": "file_selector_linux",
                 "version": "0.9.3+2",
                 "kind": "transitive",
                 "source": "hosted",
                 "dependencies": [
                   "cross_file",
                   "file_selector_platform_interface",
                   "flutter"
                 ],
                 "directDependencies": [
                   "cross_file",
                   "file_selector_platform_interface",
                   "flutter"
                 ]
               },
               {
                 "name": "image_picker_ios",
                 "version": "0.8.12+2",
                 "kind": "transitive",
                 "source": "hosted",
                 "dependencies": [
                   "flutter",
                   "image_picker_platform_interface"
                 ],
                 "directDependencies": [
                   "flutter",
                   "image_picker_platform_interface"
                 ]
               },
               {
                 "name": "image_picker_for_web",
                 "version": "3.0.6",
                 "kind": "transitive",
                 "source": "hosted",
                 "dependencies": [
                   "flutter",
                   "flutter_web_plugins",
                   "image_picker_platform_interface",
                   "mime",
                   "web"
                 ],
                 "directDependencies": [
                   "flutter",
                   "flutter_web_plugins",
                   "image_picker_platform_interface",
                   "mime",
                   "web"
                 ]
               },
               {
                 "name": "image_picker_android",
                 "version": "0.8.12+21",
                 "kind": "transitive",
                 "source": "hosted",
                 "dependencies": [
                   "flutter",
                   "flutter_plugin_android_lifecycle",
                   "image_picker_platform_interface"
                 ],
                 "directDependencies": [
                   "flutter",
                   "flutter_plugin_android_lifecycle",
                   "image_picker_platform_interface"
                 ]
               },
               {
                 "name": "flutter_plugin_android_lifecycle",
                 "version": "2.0.26",
                 "kind": "transitive",
                 "source": "hosted",
                 "dependencies": [
                   "flutter"
                 ],
                 "directDependencies": [
                   "flutter"
                 ]
               },
               {
                 "name": "logger",
                 "version": "2.6.0",
                 "kind": "direct",
                 "source": "hosted",
                 "dependencies": [],
                 "directDependencies": []
               },
               {
                 "name": "flutter_dotenv",
                 "version": "5.2.1",
                 "kind": "direct",
                 "source": "hosted",
                 "dependencies": [
                   "flutter"
                 ],
                 "directDependencies": [
                   "flutter"
                 ]
               },
               {
                 "name": "pretty_dio_logger",
                 "version": "1.4.0",
                 "kind": "direct",
                 "source": "hosted",
                 "dependencies": [
                   "dio"
                 ],
                 "directDependencies": [
                   "dio"
                 ]
               },
               {
                 "name": "dio",
                 "version": "5.8.0+1",
                 "kind": "direct",
                 "source": "hosted",
                 "dependencies": [
                   "async",
                   "collection",
                   "http_parser",
                   "meta",
                   "path",
                   "dio_web_adapter"
                 ],
                 "directDependencies": [
                   "async",
                   "collection",
                   "http_parser",
                   "meta",
                   "path",
                   "dio_web_adapter"
                 ]
               },
               {
                 "name": "dio_web_adapter",
                 "version": "2.1.1",
                 "kind": "transitive",
                 "source": "hosted",
                 "dependencies": [
                   "dio",
                   "http_parser",
                   "meta",
                   "web"
                 ],
                 "directDependencies": [
                   "dio",
                   "http_parser",
                   "meta",
                   "web"
                 ]
               },
               {
                 "name": "flutter_datetime_picker_plus",
                 "version": "2.2.0",
                 "kind": "direct",
                 "source": "hosted",
                 "dependencies": [
                   "flutter"
                 ],
                 "directDependencies": [
                   "flutter"
                 ]
               },
               {
                 "name": "table_calendar",
                 "version": "3.2.0",
                 "kind": "direct",
                 "source": "hosted",
                 "dependencies": [
                   "flutter",
                   "intl",
                   "simple_gesture_detector"
                 ],
                 "directDependencies": [
                   "flutter",
                   "intl",
                   "simple_gesture_detector"
                 ]
               },
               {
                 "name": "simple_gesture_detector",
                 "version": "0.2.1",
                 "kind": "transitive",
                 "source": "hosted",
                 "dependencies": [
                   "flutter"
                 ],
                 "directDependencies": [
                   "flutter"
                 ]
               },
               {
                 "name": "intl",
                 "version": "0.20.2",
                 "kind": "direct",
                 "source": "hosted",
                 "dependencies": [
                   "clock",
                   "meta",
                   "path"
                 ],
                 "directDependencies": [
                   "clock",
                   "meta",
                   "path"
                 ]
               },
               {
                 "name": "permission_handler",
                 "version": "11.4.0",
                 "kind": "direct",
                 "source": "hosted",
                 "dependencies": [
                   "flutter",
                   "meta",
                   "permission_handler_android",
                   "permission_handler_apple",
                   "permission_handler_html",
                   "permission_handler_windows",
                   "permission_handler_platform_interface"
                 ],
                 "directDependencies": [
                   "flutter",
                   "meta",
                   "permission_handler_android",
                   "permission_handler_apple",
                   "permission_handler_html",
                   "permission_handler_windows",
                   "permission_handler_platform_interface"
                 ]
               },
               {
                 "name": "permission_handler_platform_interface",
                 "version": "4.3.0",
                 "kind": "transitive",
                 "source": "hosted",
                 "dependencies": [
                   "flutter",
                   "meta",
                   "plugin_platform_interface"
                 ],
                 "directDependencies": [
                   "flutter",
                   "meta",
                   "plugin_platform_interface"
                 ]
               },
               {
                 "name": "permission_handler_windows",
                 "version": "0.2.1",
                 "kind": "transitive",
                 "source": "hosted",
                 "dependencies": [
                   "flutter",
                   "permission_handler_platform_interface"
                 ],
                 "directDependencies": [
                   "flutter",
                   "permission_handler_platform_interface"
                 ]
               },
               {
                 "name": "permission_handler_html",
                 "version": "0.1.3+5",
                 "kind": "transitive",
                 "source": "hosted",
                 "dependencies": [
                   "flutter",
                   "flutter_web_plugins",
                   "permission_handler_platform_interface",
                   "web"
                 ],
                 "directDependencies": [
                   "flutter",
                   "flutter_web_plugins",
                   "permission_handler_platform_interface",
                   "web"
                 ]
               },
               {
                 "name": "permission_handler_apple",
                 "version": "9.4.7",
                 "kind": "transitive",
                 "source": "hosted",
                 "dependencies": [
                   "flutter",
                   "permission_handler_platform_interface"
                 ],
                 "directDependencies": [
                   "flutter",
                   "permission_handler_platform_interface"
                 ]
               },
               {
                 "name": "permission_handler_android",
                 "version": "12.1.0",
                 "kind": "transitive",
                 "source": "hosted",
                 "dependencies": [
                   "flutter",
                   "permission_handler_platform_interface"
                 ],
                 "directDependencies": [
                   "flutter",
                   "permission_handler_platform_interface"
                 ]
               },
               {
                 "name": "package_info_plus",
                 "version": "4.2.0",
                 "kind": "direct",
                 "source": "hosted",
                 "dependencies": [
                   "ffi",
                   "flutter",
                   "flutter_web_plugins",
                   "http",
                   "meta",
                   "path",
                   "package_info_plus_platform_interface",
                   "win32"
                 ],
                 "directDependencies": [
                   "ffi",
                   "flutter",
                   "flutter_web_plugins",
                   "http",
                   "meta",
                   "path",
                   "package_info_plus_platform_interface",
                   "win32"
                 ]
               },
               {
                 "name": "win32",
                 "version": "5.10.1",
                 "kind": "transitive",
                 "source": "hosted",
                 "dependencies": [
                   "ffi"
                 ],
                 "directDependencies": [
                   "ffi"
                 ]
               },
               {
                 "name": "ffi",
                 "version": "2.1.3",
                 "kind": "transitive",
                 "source": "hosted",
                 "dependencies": [],
                 "directDependencies": []
               },
               {
                 "name": "package_info_plus_platform_interface",
                 "version": "2.0.1",
                 "kind": "transitive",
                 "source": "hosted",
                 "dependencies": [
                   "flutter",
                   "meta",
                   "plugin_platform_interface"
                 ],
                 "directDependencies": [
                   "flutter",
                   "meta",
                   "plugin_platform_interface"
                 ]
               },
               {
                 "name": "device_info_plus",
                 "version": "9.1.2",
                 "kind": "direct",
                 "source": "hosted",
                 "dependencies": [
                   "device_info_plus_platform_interface",
                   "ffi",
                   "file",
                   "flutter",
                   "flutter_web_plugins",
                   "meta",
                   "win32",
                   "win32_registry"
                 ],
                 "directDependencies": [
                   "device_info_plus_platform_interface",
                   "ffi",
                   "file",
                   "flutter",
                   "flutter_web_plugins",
                   "meta",
                   "win32",
                   "win32_registry"
                 ]
               },
               {
                 "name": "win32_registry",
                 "version": "1.1.5",
                 "kind": "transitive",
                 "source": "hosted",
                 "dependencies": [
                   "ffi",
                   "win32"
                 ],
                 "directDependencies": [
                   "ffi",
                   "win32"
                 ]
               },
               {
                 "name": "device_info_plus_platform_interface",
                 "version": "7.0.2",
                 "kind": "transitive",
                 "source": "hosted",
                 "dependencies": [
                   "flutter",
                   "meta",
                   "plugin_platform_interface"
                 ],
                 "directDependencies": [
                   "flutter",
                   "meta",
                   "plugin_platform_interface"
                 ]
               },
               {
                 "name": "connectivity_plus",
                 "version": "5.0.2",
                 "kind": "direct",
                 "source": "hosted",
                 "dependencies": [
                   "flutter",
                   "flutter_web_plugins",
                   "connectivity_plus_platform_interface",
                   "js",
                   "meta",
                   "nm"
                 ],
                 "directDependencies": [
                   "flutter",
                   "flutter_web_plugins",
                   "connectivity_plus_platform_interface",
                   "js",
                   "meta",
                   "nm"
                 ]
               },
               {
                 "name": "nm",
                 "version": "0.5.0",
                 "kind": "transitive",
                 "source": "hosted",
                 "dependencies": [
                   "dbus"
                 ],
                 "directDependencies": [
                   "dbus"
                 ]
               },
               {
                 "name": "dbus",
                 "version": "0.7.11",
                 "kind": "transitive",
                 "source": "hosted",
                 "dependencies": [
                   "args",
                   "ffi",
                   "meta",
                   "xml"
                 ],
                 "directDependencies": [
                   "args",
                   "ffi",
                   "meta",
                   "xml"
                 ]
               },
               {
                 "name": "connectivity_plus_platform_interface",
                 "version": "1.2.4",
                 "kind": "transitive",
                 "source": "hosted",
                 "dependencies": [
                   "flutter",
                   "meta",
                   "plugin_platform_interface"
                 ],
                 "directDependencies": [
                   "flutter",
                   "meta",
                   "plugin_platform_interface"
                 ]
               },
               {
                 "name": "share_plus",
                 "version": "7.2.2",
                 "kind": "direct",
                 "source": "hosted",
                 "dependencies": [
                   "cross_file",
                   "meta",
                   "mime",
                   "flutter",
                   "flutter_web_plugins",
                   "share_plus_platform_interface",
                   "file",
                   "url_launcher_web",
                   "url_launcher_windows",
                   "url_launcher_linux",
                   "url_launcher_platform_interface",
                   "ffi",
                   "win32"
                 ],
                 "directDependencies": [
                   "cross_file",
                   "meta",
                   "mime",
                   "flutter",
                   "flutter_web_plugins",
                   "share_plus_platform_interface",
                   "file",
                   "url_launcher_web",
                   "url_launcher_windows",
                   "url_launcher_linux",
                   "url_launcher_platform_interface",
                   "ffi",
                   "win32"
                 ]
               },
               {
                 "name": "url_launcher_platform_interface",
                 "version": "2.3.2",
                 "kind": "transitive",
                 "source": "hosted",
                 "dependencies": [
                   "flutter",
                   "plugin_platform_interface"
                 ],
                 "directDependencies": [
                   "flutter",
                   "plugin_platform_interface"
                 ]
               },
               {
                 "name": "url_launcher_linux",
                 "version": "3.2.1",
                 "kind": "transitive",
                 "source": "hosted",
                 "dependencies": [
                   "flutter",
                   "url_launcher_platform_interface"
                 ],
                 "directDependencies": [
                   "flutter",
                   "url_launcher_platform_interface"
                 ]
               },
               {
                 "name": "url_launcher_windows",
                 "version": "3.1.4",
                 "kind": "transitive",
                 "source": "hosted",
                 "dependencies": [
                   "flutter",
                   "url_launcher_platform_interface"
                 ],
                 "directDependencies": [
                   "flutter",
                   "url_launcher_platform_interface"
                 ]
               },
               {
                 "name": "url_launcher_web",
                 "version": "2.3.3",
                 "kind": "transitive",
                 "source": "hosted",
                 "dependencies": [
                   "flutter",
                   "flutter_web_plugins",
                   "url_launcher_platform_interface",
                   "web"
                 ],
                 "directDependencies": [
                   "flutter",
                   "flutter_web_plugins",
                   "url_launcher_platform_interface",
                   "web"
                 ]
               },
               {
                 "name": "share_plus_platform_interface",
                 "version": "3.4.0",
                 "kind": "transitive",
                 "source": "hosted",
                 "dependencies": [
                   "cross_file",
                   "flutter",
                   "meta",
                   "mime",
                   "plugin_platform_interface",
                   "path_provider",
                   "uuid"
                 ],
                 "directDependencies": [
                   "cross_file",
                   "flutter",
                   "meta",
                   "mime",
                   "plugin_platform_interface",
                   "path_provider",
                   "uuid"
                 ]
               },
               {
                 "name": "path_provider",
                 "version": "2.1.5",
                 "kind": "transitive",
                 "source": "hosted",
                 "dependencies": [
                   "flutter",
                   "path_provider_android",
                   "path_provider_foundation",
                   "path_provider_linux",
                   "path_provider_platform_interface",
                   "path_provider_windows"
                 ],
                 "directDependencies": [
                   "flutter",
                   "path_provider_android",
                   "path_provider_foundation",
                   "path_provider_linux",
                   "path_provider_platform_interface",
                   "path_provider_windows"
                 ]
               },
               {
                 "name": "path_provider_windows",
                 "version": "2.3.0",
                 "kind": "transitive",
                 "source": "hosted",
                 "dependencies": [
                   "ffi",
                   "flutter",
                   "path",
                   "path_provider_platform_interface"
                 ],
                 "directDependencies": [
                   "ffi",
                   "flutter",
                   "path",
                   "path_provider_platform_interface"
                 ]
               },
               {
                 "name": "path_provider_platform_interface",
                 "version": "2.1.2",
                 "kind": "transitive",
                 "source": "hosted",
                 "dependencies": [
                   "flutter",
                   "platform",
                   "plugin_platform_interface"
                 ],
                 "directDependencies": [
                   "flutter",
                   "platform",
                   "plugin_platform_interface"
                 ]
               },
               {
                 "name": "path_provider_linux",
                 "version": "2.2.1",
                 "kind": "transitive",
                 "source": "hosted",
                 "dependencies": [
                   "ffi",
                   "flutter",
                   "path",
                   "path_provider_platform_interface",
                   "xdg_directories"
                 ],
                 "directDependencies": [
                   "ffi",
                   "flutter",
                   "path",
                   "path_provider_platform_interface",
                   "xdg_directories"
                 ]
               },
               {
                 "name": "xdg_directories",
                 "version": "1.1.0",
                 "kind": "transitive",
                 "source": "hosted",
                 "dependencies": [
                   "meta",
                   "path"
                 ],
                 "directDependencies": [
                   "meta",
                   "path"
                 ]
               },
               {
                 "name": "path_provider_foundation",
                 "version": "2.4.1",
                 "kind": "transitive",
                 "source": "hosted",
                 "dependencies": [
                   "flutter",
                   "path_provider_platform_interface"
                 ],
                 "directDependencies": [
                   "flutter",
                   "path_provider_platform_interface"
                 ]
               },
               {
                 "name": "path_provider_android",
                 "version": "2.2.15",
                 "kind": "transitive",
                 "source": "hosted",
                 "dependencies": [
                   "flutter",
                   "path_provider_platform_interface"
                 ],
                 "directDependencies": [
                   "flutter",
                   "path_provider_platform_interface"
                 ]
               },
               {
                 "name": "url_launcher",
                 "version": "6.3.1",
                 "kind": "direct",
                 "source": "hosted",
                 "dependencies": [
                   "flutter",
                   "url_launcher_android",
                   "url_launcher_ios",
                   "url_launcher_linux",
                   "url_launcher_macos",
                   "url_launcher_platform_interface",
                   "url_launcher_web",
                   "url_launcher_windows"
                 ],
                 "directDependencies": [
                   "flutter",
                   "url_launcher_android",
                   "url_launcher_ios",
                   "url_launcher_linux",
                   "url_launcher_macos",
                   "url_launcher_platform_interface",
                   "url_launcher_web",
                   "url_launcher_windows"
                 ]
               },
               {
                 "name": "url_launcher_macos",
                 "version": "3.2.2",
                 "kind": "transitive",
                 "source": "hosted",
                 "dependencies": [
                   "flutter",
                   "url_launcher_platform_interface"
                 ],
                 "directDependencies": [
                   "flutter",
                   "url_launcher_platform_interface"
                 ]
               },
               {
                 "name": "url_launcher_ios",
                 "version": "6.3.3",
                 "kind": "transitive",
                 "source": "hosted",
                 "dependencies": [
                   "flutter",
                   "url_launcher_platform_interface"
                 ],
                 "directDependencies": [
                   "flutter",
                   "url_launcher_platform_interface"
                 ]
               },
               {
                 "name": "url_launcher_android",
                 "version": "6.3.14",
                 "kind": "transitive",
                 "source": "hosted",
                 "dependencies": [
                   "flutter",
                   "url_launcher_platform_interface"
                 ],
                 "directDependencies": [
                   "flutter",
                   "url_launcher_platform_interface"
                 ]
               },
               {
                 "name": "local_auth",
                 "version": "2.3.0",
                 "kind": "direct",
                 "source": "hosted",
                 "dependencies": [
                   "flutter",
                   "local_auth_android",
                   "local_auth_darwin",
                   "local_auth_platform_interface",
                   "local_auth_windows"
                 ],
                 "directDependencies": [
                   "flutter",
                   "local_auth_android",
                   "local_auth_darwin",
                   "local_auth_platform_interface",
                   "local_auth_windows"
                 ]
               },
               {
                 "name": "local_auth_windows",
                 "version": "1.0.11",
                 "kind": "transitive",
                 "source": "hosted",
                 "dependencies": [
                   "flutter",
                   "local_auth_platform_interface"
                 ],
                 "directDependencies": [
                   "flutter",
                   "local_auth_platform_interface"
                 ]
               },
               {
                 "name": "local_auth_platform_interface",
                 "version": "1.0.10",
                 "kind": "transitive",
                 "source": "hosted",
                 "dependencies": [
                   "flutter",
                   "plugin_platform_interface"
                 ],
                 "directDependencies": [
                   "flutter",
                   "plugin_platform_interface"
                 ]
               },
               {
                 "name": "local_auth_darwin",
                 "version": "1.4.3",
                 "kind": "transitive",
                 "source": "hosted",
                 "dependencies": [
                   "flutter",
                   "intl",
                   "local_auth_platform_interface"
                 ],
                 "directDependencies": [
                   "flutter",
                   "intl",
                   "local_auth_platform_interface"
                 ]
               },
               {
                 "name": "local_auth_android",
                 "version": "1.0.47",
                 "kind": "transitive",
                 "source": "hosted",
                 "dependencies": [
                   "flutter",
                   "flutter_plugin_android_lifecycle",
                   "intl",
                   "local_auth_platform_interface"
                 ],
                 "directDependencies": [
                   "flutter",
                   "flutter_plugin_android_lifecycle",
                   "intl",
                   "local_auth_platform_interface"
                 ]
               },
               {
                 "name": "chewie",
                 "version": "1.7.5",
                 "kind": "direct",
                 "source": "hosted",
                 "dependencies": [
                   "cupertino_icons",
                   "flutter",
                   "provider",
                   "video_player",
                   "wakelock_plus"
                 ],
                 "directDependencies": [
                   "cupertino_icons",
                   "flutter",
                   "provider",
                   "video_player",
                   "wakelock_plus"
                 ]
               },
               {
                 "name": "wakelock_plus",
                 "version": "1.1.4",
                 "kind": "transitive",
                 "source": "hosted",
                 "dependencies": [
                   "flutter",
                   "flutter_web_plugins",
                   "meta",
                   "wakelock_plus_platform_interface",
                   "win32",
                   "dbus",
                   "package_info_plus",
                   "js"
                 ],
                 "directDependencies": [
                   "flutter",
                   "flutter_web_plugins",
                   "meta",
                   "wakelock_plus_platform_interface",
                   "win32",
                   "dbus",
                   "package_info_plus",
                   "js"
                 ]
               },
               {
                 "name": "wakelock_plus_platform_interface",
                 "version": "1.2.3",
                 "kind": "transitive",
                 "source": "hosted",
                 "dependencies": [
                   "flutter",
                   "plugin_platform_interface",
                   "meta"
                 ],
                 "directDependencies": [
                   "flutter",
                   "plugin_platform_interface",
                   "meta"
                 ]
               },
               {
                 "name": "video_player",
                 "version": "2.9.5",
                 "kind": "direct",
                 "source": "hosted",
                 "dependencies": [
                   "flutter",
                   "html",
                   "video_player_android",
                   "video_player_avfoundation",
                   "video_player_platform_interface",
                   "video_player_web"
                 ],
                 "directDependencies": [
                   "flutter",
                   "html",
                   "video_player_android",
                   "video_player_avfoundation",
                   "video_player_platform_interface",
                   "video_player_web"
                 ]
               },
               {
                 "name": "video_player_web",
                 "version": "2.3.5",
                 "kind": "transitive",
                 "source": "hosted",
                 "dependencies": [
                   "flutter",
                   "flutter_web_plugins",
                   "video_player_platform_interface",
                   "web"
                 ],
                 "directDependencies": [
                   "flutter",
                   "flutter_web_plugins",
                   "video_player_platform_interface",
                   "web"
                 ]
               },
               {
                 "name": "video_player_platform_interface",
                 "version": "6.3.0",
                 "kind": "transitive",
                 "source": "hosted",
                 "dependencies": [
                   "flutter",
                   "plugin_platform_interface"
                 ],
                 "directDependencies": [
                   "flutter",
                   "plugin_platform_interface"
                 ]
               },
               {
                 "name": "video_player_avfoundation",
                 "version": "2.7.1",
                 "kind": "transitive",
                 "source": "hosted",
                 "dependencies": [
                   "flutter",
                   "video_player_platform_interface"
                 ],
                 "directDependencies": [
                   "flutter",
                   "video_player_platform_interface"
                 ]
               },
               {
                 "name": "video_player_android",
                 "version": "2.7.16",
                 "kind": "transitive",
                 "source": "hosted",
                 "dependencies": [
                   "flutter",
                   "video_player_platform_interface"
                 ],
                 "directDependencies": [
                   "flutter",
                   "video_player_platform_interface"
                 ]
               },
               {
                 "name": "html",
                 "version": "0.15.6",
                 "kind": "transitive",
                 "source": "hosted",
                 "dependencies": [
                   "csslib",
                   "source_span"
                 ],
                 "directDependencies": [
                   "csslib",
                   "source_span"
                 ]
               },
               {
                 "name": "csslib",
                 "version": "1.0.2",
                 "kind": "transitive",
                 "source": "hosted",
                 "dependencies": [
                   "source_span"
                 ],
                 "directDependencies": [
                   "source_span"
                 ]
               },
               {
                 "name": "provider",
                 "version": "6.1.5",
                 "kind": "transitive",
                 "source": "hosted",
                 "dependencies": [
                   "collection",
                   "flutter",
                   "nested"
                 ],
                 "directDependencies": [
                   "collection",
                   "flutter",
                   "nested"
                 ]
               },
               {
                 "name": "nested",
                 "version": "1.0.0",
                 "kind": "transitive",
                 "source": "hosted",
                 "dependencies": [
                   "flutter"
                 ],
                 "directDependencies": [
                   "flutter"
                 ]
               },
               {
                 "name": "form_builder_validators",
                 "version": "11.2.0",
                 "kind": "direct",
                 "source": "hosted",
                 "dependencies": [
                   "flutter",
                   "flutter_localizations",
                   "intl"
                 ],
                 "directDependencies": [
                   "flutter",
                   "flutter_localizations",
                   "intl"
                 ]
               },
               {
                 "name": "flutter_localizations",
                 "version": "0.0.0",
                 "kind": "direct",
                 "source": "sdk",
                 "dependencies": [
                   "flutter",
                   "intl",
                   "characters",
                   "clock",
                   "collection",
                   "material_color_utilities",
                   "meta",
                   "path",
                   "vector_math"
                 ],
                 "directDependencies": [
                   "flutter",
                   "intl",
                   "characters",
                   "clock",
                   "collection",
                   "material_color_utilities",
                   "meta",
                   "path",
                   "vector_math"
                 ]
               },
               {
                 "name": "flutter_form_builder",
                 "version": "10.1.0",
                 "kind": "direct",
                 "source": "hosted",
                 "dependencies": [
                   "flutter",
                   "intl"
                 ],
                 "directDependencies": [
                   "flutter",
                   "intl"
                 ]
               },
               {
                 "name": "lottie",
                 "version": "2.7.0",
                 "kind": "direct",
                 "source": "hosted",
                 "dependencies": [
                   "archive",
                   "flutter",
                   "path",
                   "vector_math"
                 ],
                 "directDependencies": [
                   "archive",
                   "flutter",
                   "path",
                   "vector_math"
                 ]
               },
               {
                 "name": "flutter_svg",
                 "version": "2.1.0",
                 "kind": "direct",
                 "source": "hosted",
                 "dependencies": [
                   "flutter",
                   "http",
                   "vector_graphics",
                   "vector_graphics_codec",
                   "vector_graphics_compiler"
                 ],
                 "directDependencies": [
                   "flutter",
                   "http",
                   "vector_graphics",
                   "vector_graphics_codec",
                   "vector_graphics_compiler"
                 ]
               },
               {
                 "name": "vector_graphics_compiler",
                 "version": "1.1.16",
                 "kind": "transitive",
                 "source": "hosted",
                 "dependencies": [
                   "args",
                   "meta",
                   "path",
                   "path_parsing",
                   "vector_graphics_codec",
                   "xml"
                 ],
                 "directDependencies": [
                   "args",
                   "meta",
                   "path",
                   "path_parsing",
                   "vector_graphics_codec",
                   "xml"
                 ]
               },
               {
                 "name": "vector_graphics_codec",
                 "version": "1.1.13",
                 "kind": "transitive",
                 "source": "hosted",
                 "dependencies": [],
                 "directDependencies": []
               },
               {
                 "name": "path_parsing",
                 "version": "1.1.0",
                 "kind": "transitive",
                 "source": "hosted",
                 "dependencies": [
                   "meta",
                   "vector_math"
                 ],
                 "directDependencies": [
                   "meta",
                   "vector_math"
                 ]
               },
               {
                 "name": "vector_graphics",
                 "version": "1.1.18",
                 "kind": "transitive",
                 "source": "hosted",
                 "dependencies": [
                   "flutter",
                   "http",
                   "vector_graphics_codec"
                 ],
                 "directDependencies": [
                   "flutter",
                   "http",
                   "vector_graphics_codec"
                 ]
               },
               {
                 "name": "shimmer",
                 "version": "3.0.0",
                 "kind": "direct",
                 "source": "hosted",
                 "dependencies": [
                   "flutter"
                 ],
                 "directDependencies": [
                   "flutter"
                 ]
               },
               {
                 "name": "cached_network_image",
                 "version": "3.4.1",
                 "kind": "direct",
                 "source": "hosted",
                 "dependencies": [
                   "cached_network_image_platform_interface",
                   "cached_network_image_web",
                   "flutter",
                   "flutter_cache_manager",
                   "octo_image"
                 ],
                 "directDependencies": [
                   "cached_network_image_platform_interface",
                   "cached_network_image_web",
                   "flutter",
                   "flutter_cache_manager",
                   "octo_image"
                 ]
               },
               {
                 "name": "octo_image",
                 "version": "2.1.0",
                 "kind": "transitive",
                 "source": "hosted",
                 "dependencies": [
                   "flutter"
                 ],
                 "directDependencies": [
                   "flutter"
                 ]
               },
               {
                 "name": "flutter_cache_manager",
                 "version": "3.4.1",
                 "kind": "transitive",
                 "source": "hosted",
                 "dependencies": [
                   "clock",
                   "collection",
                   "file",
                   "flutter",
                   "http",
                   "path",
                   "path_provider",
                   "rxdart",
                   "sqflite",
                   "uuid"
                 ],
                 "directDependencies": [
                   "clock",
                   "collection",
                   "file",
                   "flutter",
                   "http",
                   "path",
                   "path_provider",
                   "rxdart",
                   "sqflite",
                   "uuid"
                 ]
               },
               {
                 "name": "sqflite",
                 "version": "2.4.1",
                 "kind": "transitive",
                 "source": "hosted",
                 "dependencies": [
                   "flutter",
                   "sqflite_android",
                   "sqflite_darwin",
                   "sqflite_platform_interface",
                   "sqflite_common",
                   "path"
                 ],
                 "directDependencies": [
                   "flutter",
                   "sqflite_android",
                   "sqflite_darwin",
                   "sqflite_platform_interface",
                   "sqflite_common",
                   "path"
                 ]
               },
               {
                 "name": "sqflite_common",
                 "version": "2.5.4+6",
                 "kind": "transitive",
                 "source": "hosted",
                 "dependencies": [
                   "synchronized",
                   "path",
                   "meta"
                 ],
                 "directDependencies": [
                   "synchronized",
                   "path",
                   "meta"
                 ]
               },
               {
                 "name": "synchronized",
                 "version": "3.3.0+3",
                 "kind": "transitive",
                 "source": "hosted",
                 "dependencies": [],
                 "directDependencies": []
               },
               {
                 "name": "sqflite_platform_interface",
                 "version": "2.4.0",
                 "kind": "transitive",
                 "source": "hosted",
                 "dependencies": [
                   "flutter",
                   "platform",
                   "sqflite_common",
                   "plugin_platform_interface",
                   "meta"
                 ],
                 "directDependencies": [
                   "flutter",
                   "platform",
                   "sqflite_common",
                   "plugin_platform_interface",
                   "meta"
                 ]
               },
               {
                 "name": "sqflite_darwin",
                 "version": "2.4.1+1",
                 "kind": "transitive",
                 "source": "hosted",
                 "dependencies": [
                   "flutter",
                   "sqflite_platform_interface",
                   "meta",
                   "sqflite_common",
                   "path"
                 ],
                 "directDependencies": [
                   "flutter",
                   "sqflite_platform_interface",
                   "meta",
                   "sqflite_common",
                   "path"
                 ]
               },
               {
                 "name": "sqflite_android",
                 "version": "2.4.0",
                 "kind": "transitive",
                 "source": "hosted",
                 "dependencies": [
                   "flutter",
                   "sqflite_common",
                   "path",
                   "sqflite_platform_interface"
                 ],
                 "directDependencies": [
                   "flutter",
                   "sqflite_common",
                   "path",
                   "sqflite_platform_interface"
                 ]
               },
               {
                 "name": "rxdart",
                 "version": "0.28.0",
                 "kind": "transitive",
                 "source": "hosted",
                 "dependencies": [],
                 "directDependencies": []
               },
               {
                 "name": "cached_network_image_web",
                 "version": "1.3.1",
                 "kind": "transitive",
                 "source": "hosted",
                 "dependencies": [
                   "cached_network_image_platform_interface",
                   "flutter",
                   "flutter_cache_manager",
                   "web"
                 ],
                 "directDependencies": [
                   "cached_network_image_platform_interface",
                   "flutter",
                   "flutter_cache_manager",
                   "web"
                 ]
               },
               {
                 "name": "cached_network_image_platform_interface",
                 "version": "4.1.1",
                 "kind": "transitive",
                 "source": "hosted",
                 "dependencies": [
                   "flutter",
                   "flutter_cache_manager"
                 ],
                 "directDependencies": [
                   "flutter",
                   "flutter_cache_manager"
                 ]
               },
               {
                 "name": "flutter_screenutil",
                 "version": "5.9.3",
                 "kind": "direct",
                 "source": "hosted",
                 "dependencies": [
                   "flutter"
                 ],
                 "directDependencies": [
                   "flutter"
                 ]
               },
               {
                 "name": "shared_preferences",
                 "version": "2.5.3",
                 "kind": "direct",
                 "source": "hosted",
                 "dependencies": [
                   "flutter",
                   "shared_preferences_android",
                   "shared_preferences_foundation",
                   "shared_preferences_linux",
                   "shared_preferences_platform_interface",
                   "shared_preferences_web",
                   "shared_preferences_windows"
                 ],
                 "directDependencies": [
                   "flutter",
                   "shared_preferences_android",
                   "shared_preferences_foundation",
                   "shared_preferences_linux",
                   "shared_preferences_platform_interface",
                   "shared_preferences_web",
                   "shared_preferences_windows"
                 ]
               },
               {
                 "name": "shared_preferences_windows",
                 "version": "2.4.1",
                 "kind": "transitive",
                 "source": "hosted",
                 "dependencies": [
                   "file",
                   "flutter",
                   "path",
                   "path_provider_platform_interface",
                   "path_provider_windows",
                   "shared_preferences_platform_interface"
                 ],
                 "directDependencies": [
                   "file",
                   "flutter",
                   "path",
                   "path_provider_platform_interface",
                   "path_provider_windows",
                   "shared_preferences_platform_interface"
                 ]
               },
               {
                 "name": "shared_preferences_platform_interface",
                 "version": "2.4.1",
                 "kind": "transitive",
                 "source": "hosted",
                 "dependencies": [
                   "flutter",
                   "plugin_platform_interface"
                 ],
                 "directDependencies": [
                   "flutter",
                   "plugin_platform_interface"
                 ]
               },
               {
                 "name": "shared_preferences_web",
                 "version": "2.4.3",
                 "kind": "transitive",
                 "source": "hosted",
                 "dependencies": [
                   "flutter",
                   "flutter_web_plugins",
                   "shared_preferences_platform_interface",
                   "web"
                 ],
                 "directDependencies": [
                   "flutter",
                   "flutter_web_plugins",
                   "shared_preferences_platform_interface",
                   "web"
                 ]
               },
               {
                 "name": "shared_preferences_linux",
                 "version": "2.4.1",
                 "kind": "transitive",
                 "source": "hosted",
                 "dependencies": [
                   "file",
                   "flutter",
                   "path",
                   "path_provider_linux",
                   "path_provider_platform_interface",
                   "shared_preferences_platform_interface"
                 ],
                 "directDependencies": [
                   "file",
                   "flutter",
                   "path",
                   "path_provider_linux",
                   "path_provider_platform_interface",
                   "shared_preferences_platform_interface"
                 ]
               },
               {
                 "name": "shared_preferences_foundation",
                 "version": "2.5.4",
                 "kind": "transitive",
                 "source": "hosted",
                 "dependencies": [
                   "flutter",
                   "shared_preferences_platform_interface"
                 ],
                 "directDependencies": [
                   "flutter",
                   "shared_preferences_platform_interface"
                 ]
               },
               {
                 "name": "shared_preferences_android",
                 "version": "2.4.7",
                 "kind": "transitive",
                 "source": "hosted",
                 "dependencies": [
                   "flutter",
                   "shared_preferences_platform_interface"
                 ],
                 "directDependencies": [
                   "flutter",
                   "shared_preferences_platform_interface"
                 ]
               },
               {
                 "name": "hive_flutter",
                 "version": "1.1.0",
                 "kind": "direct",
                 "source": "hosted",
                 "dependencies": [
                   "flutter",
                   "hive",
                   "path_provider",
                   "path"
                 ],
                 "directDependencies": [
                   "flutter",
                   "hive",
                   "path_provider",
                   "path"
                 ]
               },
               {
                 "name": "hive",
                 "version": "2.2.3",
                 "kind": "transitive",
                 "source": "hosted",
                 "dependencies": [
                   "meta",
                   "crypto"
                 ],
                 "directDependencies": [
                   "meta",
                   "crypto"
                 ]
               },
               {
                 "name": "flutter_secure_storage",
                 "version": "9.2.4",
                 "kind": "direct",
                 "source": "hosted",
                 "dependencies": [
                   "flutter",
                   "flutter_secure_storage_linux",
                   "flutter_secure_storage_macos",
                   "flutter_secure_storage_platform_interface",
                   "flutter_secure_storage_web",
                   "flutter_secure_storage_windows",
                   "meta"
                 ],
                 "directDependencies": [
                   "flutter",
                   "flutter_secure_storage_linux",
                   "flutter_secure_storage_macos",
                   "flutter_secure_storage_platform_interface",
                   "flutter_secure_storage_web",
                   "flutter_secure_storage_windows",
                   "meta"
                 ]
               },
               {
                 "name": "flutter_secure_storage_windows",
                 "version": "3.1.2",
                 "kind": "transitive",
                 "source": "hosted",
                 "dependencies": [
                   "ffi",
                   "flutter",
                   "flutter_secure_storage_platform_interface",
                   "path",
                   "path_provider",
                   "win32"
                 ],
                 "directDependencies": [
                   "ffi",
                   "flutter",
                   "flutter_secure_storage_platform_interface",
                   "path",
                   "path_provider",
                   "win32"
                 ]
               },
               {
                 "name": "flutter_secure_storage_platform_interface",
                 "version": "1.1.2",
                 "kind": "transitive",
                 "source": "hosted",
                 "dependencies": [
                   "flutter",
                   "plugin_platform_interface"
                 ],
                 "directDependencies": [
                   "flutter",
                   "plugin_platform_interface"
                 ]
               },
               {
                 "name": "flutter_secure_storage_web",
                 "version": "1.2.1",
                 "kind": "transitive",
                 "source": "hosted",
                 "dependencies": [
                   "flutter",
                   "flutter_secure_storage_platform_interface",
                   "flutter_web_plugins",
                   "js"
                 ],
                 "directDependencies": [
                   "flutter",
                   "flutter_secure_storage_platform_interface",
                   "flutter_web_plugins",
                   "js"
                 ]
               },
               {
                 "name": "flutter_secure_storage_macos",
                 "version": "3.1.3",
                 "kind": "transitive",
                 "source": "hosted",
                 "dependencies": [
                   "flutter",
                   "flutter_secure_storage_platform_interface"
                 ],
                 "directDependencies": [
                   "flutter",
                   "flutter_secure_storage_platform_interface"
                 ]
               },
               {
                 "name": "flutter_secure_storage_linux",
                 "version": "1.2.3",
                 "kind": "transitive",
                 "source": "hosted",
                 "dependencies": [
                   "flutter",
                   "flutter_secure_storage_platform_interface"
                 ],
                 "directDependencies": [
                   "flutter",
                   "flutter_secure_storage_platform_interface"
                 ]
               },
               {
                 "name": "go_router",
                 "version": "12.1.3",
                 "kind": "direct",
                 "source": "hosted",
                 "dependencies": [
                   "collection",
                   "flutter",
                   "flutter_web_plugins",
                   "logging",
                   "meta"
                 ],
                 "directDependencies": [
                   "collection",
                   "flutter",
                   "flutter_web_plugins",
                   "logging",
                   "meta"
                 ]
               },
               {
                 "name": "graphql_flutter",
                 "version": "5.2.0-beta.6",
                 "kind": "direct",
                 "source": "hosted",
                 "dependencies": [
                   "graphql",
                   "gql_exec",
                   "flutter",
                   "meta",
                   "path_provider",
                   "path",
                   "connectivity_plus",
                   "hive",
                   "plugin_platform_interface",
                   "flutter_hooks"
                 ],
                 "directDependencies": [
                   "graphql",
                   "gql_exec",
                   "flutter",
                   "meta",
                   "path_provider",
                   "path",
                   "connectivity_plus",
                   "hive",
                   "plugin_platform_interface",
                   "flutter_hooks"
                 ]
               },
               {
                 "name": "flutter_hooks",
                 "version": "0.20.5",
                 "kind": "transitive",
                 "source": "hosted",
                 "dependencies": [
                   "flutter"
                 ],
                 "directDependencies": [
                   "flutter"
                 ]
               },
               {
                 "name": "gql_exec",
                 "version": "1.1.1-alpha+1699813812660",
                 "kind": "transitive",
                 "source": "hosted",
                 "dependencies": [
                   "collection",
                   "gql",
                   "meta"
                 ],
                 "directDependencies": [
                   "collection",
                   "gql",
                   "meta"
                 ]
               },
               {
                 "name": "gql",
                 "version": "1.0.1-alpha+1730759315362",
                 "kind": "transitive",
                 "source": "hosted",
                 "dependencies": [
                   "collection",
                   "meta",
                   "source_span",
                   "yaml"
                 ],
                 "directDependencies": [
                   "collection",
                   "meta",
                   "source_span",
                   "yaml"
                 ]
               },
               {
                 "name": "graphql",
                 "version": "5.2.1",
                 "kind": "transitive",
                 "source": "hosted",
                 "dependencies": [
                   "meta",
                   "path",
                   "gql",
                   "gql_exec",
                   "gql_link",
                   "gql_http_link",
                   "gql_transform_link",
                   "gql_error_link",
                   "gql_dedupe_link",
                   "hive",
                   "normalize",
                   "http",
                   "collection",
                   "web_socket_channel",
                   "stream_channel",
                   "rxdart",
                   "uuid"
                 ],
                 "directDependencies": [
                   "meta",
                   "path",
                   "gql",
                   "gql_exec",
                   "gql_link",
                   "gql_http_link",
                   "gql_transform_link",
                   "gql_error_link",
                   "gql_dedupe_link",
                   "hive",
                   "normalize",
                   "http",
                   "collection",
                   "web_socket_channel",
                   "stream_channel",
                   "rxdart",
                   "uuid"
                 ]
               },
               {
                 "name": "normalize",
                 "version": "0.9.1",
                 "kind": "transitive",
                 "source": "hosted",
                 "dependencies": [
                   "gql",
                   "collection"
                 ],
                 "directDependencies": [
                   "gql",
                   "collection"
                 ]
               },
               {
                 "name": "gql_dedupe_link",
                 "version": "2.0.4-alpha+1715521079596",
                 "kind": "transitive",
                 "source": "hosted",
                 "dependencies": [
                   "async",
                   "gql_exec",
                   "gql_link",
                   "meta"
                 ],
                 "directDependencies": [
                   "async",
                   "gql_exec",
                   "gql_link",
                   "meta"
                 ]
               },
               {
                 "name": "gql_link",
                 "version": "1.0.1-alpha+1730759315378",
                 "kind": "transitive",
                 "source": "hosted",
                 "dependencies": [
                   "gql",
                   "gql_exec",
                   "meta"
                 ],
                 "directDependencies": [
                   "gql",
                   "gql_exec",
                   "meta"
                 ]
               },
               {
                 "name": "gql_error_link",
                 "version": "1.0.0+1",
                 "kind": "transitive",
                 "source": "hosted",
                 "dependencies": [
                   "async",
                   "gql_exec",
                   "gql_link",
                   "meta"
                 ],
                 "directDependencies": [
                   "async",
                   "gql_exec",
                   "gql_link",
                   "meta"
                 ]
               },
               {
                 "name": "gql_transform_link",
                 "version": "1.0.0",
                 "kind": "transitive",
                 "source": "hosted",
                 "dependencies": [
                   "gql_exec",
                   "gql_link"
                 ],
                 "directDependencies": [
                   "gql_exec",
                   "gql_link"
                 ]
               },
               {
                 "name": "gql_http_link",
                 "version": "1.1.0",
                 "kind": "transitive",
                 "source": "hosted",
                 "dependencies": [
                   "gql",
                   "gql_exec",
                   "gql_link",
                   "http",
                   "http_parser",
                   "meta"
                 ],
                 "directDependencies": [
                   "gql",
                   "gql_exec",
                   "gql_link",
                   "http",
                   "http_parser",
                   "meta"
                 ]
               },
               {
                 "name": "flutter_riverpod",
                 "version": "2.6.1",
                 "kind": "direct",
                 "source": "hosted",
                 "dependencies": [
                   "collection",
                   "flutter",
                   "meta",
                   "riverpod",
                   "state_notifier"
                 ],
                 "directDependencies": [
                   "collection",
                   "flutter",
                   "meta",
                   "riverpod",
                   "state_notifier"
                 ]
               }
             ],
             "sdks": [
               {
                 "name": "Dart",
                 "version": "3.8.1"
               },
               {
                 "name": "Flutter",
                 "version": "3.32.8"
               }
             ],
             "executables": [
               "flutter_launcher_icons",
               "flutter_launcher_icons:generate",
               "flutter_launcher_icons:main",
               "build_runner",
               "build_runner:graph_inspector",
               "mockito:codegen"
             ]
           }
[  +15 ms] Found plugin connectivity_plus at /Users/carl.stanley/.pub-cache/hosted/pub.dev/connectivity_plus-5.0.2/
[   +3 ms] Found plugin device_info_plus at /Users/carl.stanley/.pub-cache/hosted/pub.dev/device_info_plus-9.1.2/
[   +1 ms] Found plugin file_selector_linux at /Users/carl.stanley/.pub-cache/hosted/pub.dev/file_selector_linux-0.9.3+2/
[   +3 ms] Found plugin file_selector_macos at /Users/carl.stanley/.pub-cache/hosted/pub.dev/file_selector_macos-0.9.4+2/
[        ] Found plugin file_selector_windows at /Users/carl.stanley/.pub-cache/hosted/pub.dev/file_selector_windows-0.9.3+4/
[   +2 ms] Found plugin flutter_plugin_android_lifecycle at /Users/carl.stanley/.pub-cache/hosted/pub.dev/flutter_plugin_android_lifecycle-2.0.26/
[        ] Found plugin flutter_secure_storage at /Users/carl.stanley/.pub-cache/hosted/pub.dev/flutter_secure_storage-9.2.4/
[        ] Found plugin flutter_secure_storage_linux at /Users/carl.stanley/.pub-cache/hosted/pub.dev/flutter_secure_storage_linux-1.2.3/
[        ] Found plugin flutter_secure_storage_macos at /Users/carl.stanley/.pub-cache/hosted/pub.dev/flutter_secure_storage_macos-3.1.3/
[        ] Found plugin flutter_secure_storage_web at /Users/carl.stanley/.pub-cache/hosted/pub.dev/flutter_secure_storage_web-1.2.1/
[        ] Found plugin flutter_secure_storage_windows at /Users/carl.stanley/.pub-cache/hosted/pub.dev/flutter_secure_storage_windows-3.1.2/
[   +5 ms] Found plugin image_cropper at /Users/carl.stanley/.pub-cache/hosted/pub.dev/image_cropper-9.1.0/
[        ] Found plugin image_cropper_for_web at /Users/carl.stanley/.pub-cache/hosted/pub.dev/image_cropper_for_web-6.1.0/
[        ] Found plugin image_picker at /Users/carl.stanley/.pub-cache/hosted/pub.dev/image_picker-1.1.2/
[        ] Found plugin image_picker_android at /Users/carl.stanley/.pub-cache/hosted/pub.dev/image_picker_android-0.8.12+21/
[        ] Found plugin image_picker_for_web at /Users/carl.stanley/.pub-cache/hosted/pub.dev/image_picker_for_web-3.0.6/
[        ] Found plugin image_picker_ios at /Users/carl.stanley/.pub-cache/hosted/pub.dev/image_picker_ios-0.8.12+2/
[        ] Found plugin image_picker_linux at /Users/carl.stanley/.pub-cache/hosted/pub.dev/image_picker_linux-0.2.1+2/
[        ] Found plugin image_picker_macos at /Users/carl.stanley/.pub-cache/hosted/pub.dev/image_picker_macos-0.2.1+2/
[        ] Found plugin image_picker_windows at /Users/carl.stanley/.pub-cache/hosted/pub.dev/image_picker_windows-0.2.1+1/
[   +2 ms] Found plugin local_auth at /Users/carl.stanley/.pub-cache/hosted/pub.dev/local_auth-2.3.0/
[        ] Found plugin local_auth_android at /Users/carl.stanley/.pub-cache/hosted/pub.dev/local_auth_android-1.0.47/
[        ] Found plugin local_auth_darwin at /Users/carl.stanley/.pub-cache/hosted/pub.dev/local_auth_darwin-1.4.3/
[        ] Found plugin local_auth_windows at /Users/carl.stanley/.pub-cache/hosted/pub.dev/local_auth_windows-1.0.11/
[   +3 ms] Found plugin package_info_plus at /Users/carl.stanley/.pub-cache/hosted/pub.dev/package_info_plus-4.2.0/
[        ] Found plugin path_provider at /Users/carl.stanley/.pub-cache/hosted/pub.dev/path_provider-2.1.5/
[        ] Found plugin path_provider_android at /Users/carl.stanley/.pub-cache/hosted/pub.dev/path_provider_android-2.2.15/
[        ] Found plugin path_provider_foundation at /Users/carl.stanley/.pub-cache/hosted/pub.dev/path_provider_foundation-2.4.1/
[        ] Found plugin path_provider_linux at /Users/carl.stanley/.pub-cache/hosted/pub.dev/path_provider_linux-2.2.1/
[        ] Found plugin path_provider_windows at /Users/carl.stanley/.pub-cache/hosted/pub.dev/path_provider_windows-2.3.0/
[        ] Found plugin permission_handler at /Users/carl.stanley/.pub-cache/hosted/pub.dev/permission_handler-11.4.0/
[        ] Found plugin permission_handler_android at /Users/carl.stanley/.pub-cache/hosted/pub.dev/permission_handler_android-12.1.0/
[        ] Found plugin permission_handler_apple at /Users/carl.stanley/.pub-cache/hosted/pub.dev/permission_handler_apple-9.4.7/
[        ] Found plugin permission_handler_html at /Users/carl.stanley/.pub-cache/hosted/pub.dev/permission_handler_html-0.1.3+5/
[        ] Found plugin permission_handler_windows at /Users/carl.stanley/.pub-cache/hosted/pub.dev/permission_handler_windows-0.2.1/
[   +4 ms] Found plugin share_plus at /Users/carl.stanley/.pub-cache/hosted/pub.dev/share_plus-7.2.2/
[        ] Found plugin shared_preferences at /Users/carl.stanley/.pub-cache/hosted/pub.dev/shared_preferences-2.5.3/
[        ] Found plugin shared_preferences_android at /Users/carl.stanley/.pub-cache/hosted/pub.dev/shared_preferences_android-2.4.7/
[        ] Found plugin shared_preferences_foundation at /Users/carl.stanley/.pub-cache/hosted/pub.dev/shared_preferences_foundation-2.5.4/
[        ] Found plugin shared_preferences_linux at /Users/carl.stanley/.pub-cache/hosted/pub.dev/shared_preferences_linux-2.4.1/
[        ] Found plugin shared_preferences_web at /Users/carl.stanley/.pub-cache/hosted/pub.dev/shared_preferences_web-2.4.3/
[        ] Found plugin shared_preferences_windows at /Users/carl.stanley/.pub-cache/hosted/pub.dev/shared_preferences_windows-2.4.1/
[   +1 ms] Found plugin sqflite at /Users/carl.stanley/.pub-cache/hosted/pub.dev/sqflite-2.4.1/
[        ] Found plugin sqflite_android at /Users/carl.stanley/.pub-cache/hosted/pub.dev/sqflite_android-2.4.0/
[        ] Found plugin sqflite_darwin at /Users/carl.stanley/.pub-cache/hosted/pub.dev/sqflite_darwin-2.4.1+1/
[   +3 ms] Found plugin url_launcher at /Users/carl.stanley/.pub-cache/hosted/pub.dev/url_launcher-6.3.1/
[        ] Found plugin url_launcher_android at /Users/carl.stanley/.pub-cache/hosted/pub.dev/url_launcher_android-6.3.14/
[        ] Found plugin url_launcher_ios at /Users/carl.stanley/.pub-cache/hosted/pub.dev/url_launcher_ios-6.3.3/
[        ] Found plugin url_launcher_linux at /Users/carl.stanley/.pub-cache/hosted/pub.dev/url_launcher_linux-3.2.1/
[        ] Found plugin url_launcher_macos at /Users/carl.stanley/.pub-cache/hosted/pub.dev/url_launcher_macos-3.2.2/
[        ] Found plugin url_launcher_web at /Users/carl.stanley/.pub-cache/hosted/pub.dev/url_launcher_web-2.3.3/
[        ] Found plugin url_launcher_windows at /Users/carl.stanley/.pub-cache/hosted/pub.dev/url_launcher_windows-3.1.4/
[   +1 ms] Found plugin video_player at /Users/carl.stanley/.pub-cache/hosted/pub.dev/video_player-2.9.5/
[        ] Found plugin video_player_android at /Users/carl.stanley/.pub-cache/hosted/pub.dev/video_player_android-2.7.16/
[        ] Found plugin video_player_avfoundation at /Users/carl.stanley/.pub-cache/hosted/pub.dev/video_player_avfoundation-2.7.1/
[        ] Found plugin video_player_web at /Users/carl.stanley/.pub-cache/hosted/pub.dev/video_player_web-2.3.5/
[        ] Found plugin wakelock_plus at /Users/carl.stanley/.pub-cache/hosted/pub.dev/wakelock_plus-1.1.4/
00:04 +0: loading /Users/carl.stanley/sites/UKCPA/ukcpa_flutter/integration_test/app_test.dart                                                                                                         [   +8 ms] Found plugin integration_test at /Users/carl.stanley/development/flutter/packages/integration_test/
[  +14 ms] executing: /usr/bin/plutil -convert xml1 -o - /Users/carl.stanley/sites/UKCPA/ukcpa_flutter/ios/Runner/Info.plist
[  +10 ms] Exit code 0 from: /usr/bin/plutil -convert xml1 -o - /Users/carl.stanley/sites/UKCPA/ukcpa_flutter/ios/Runner/Info.plist
[        ] <?xml version="1.0" encoding="UTF-8"?>
           <!DOCTYPE plist PUBLIC "-//Apple//DTD PLIST 1.0//EN" "http://www.apple.com/DTDs/PropertyList-1.0.dtd">
           <plist version="1.0">
           <dict>
           	<key>CADisableMinimumFrameDurationOnPhone</key>
           	<true/>
           	<key>CFBundleDevelopmentRegion</key>
           	<string>$(DEVELOPMENT_LANGUAGE)</string>
           	<key>CFBundleDisplayName</key>
           	<string>Ukcpa Flutter</string>
           	<key>CFBundleExecutable</key>
           	<string>$(EXECUTABLE_NAME)</string>
           	<key>CFBundleIdentifier</key>
           	<string>$(PRODUCT_BUNDLE_IDENTIFIER)</string>
           	<key>CFBundleInfoDictionaryVersion</key>
           	<string>6.0</string>
           	<key>CFBundleName</key>
           	<string>ukcpa_flutter</string>
           	<key>CFBundlePackageType</key>
           	<string>APPL</string>
           	<key>CFBundleShortVersionString</key>
           	<string>$(FLUTTER_BUILD_NAME)</string>
           	<key>CFBundleSignature</key>
           	<string>????</string>
           	<key>CFBundleVersion</key>
           	<string>$(FLUTTER_BUILD_NUMBER)</string>
           	<key>LSRequiresIPhoneOS</key>
           	<true/>
           	<key>UIApplicationSupportsIndirectInputEvents</key>
           	<true/>
           	<key>UILaunchStoryboardName</key>
           	<string>LaunchScreen</string>
           	<key>UIMainStoryboardFile</key>
           	<string>Main</string>
           	<key>UISupportedInterfaceOrientations</key>
           	<array>
           		<string>UIInterfaceOrientationPortrait</string>
           		<string>UIInterfaceOrientationLandscapeLeft</string>
           		<string>UIInterfaceOrientationLandscapeRight</string>
           	</array>
           	<key>UISupportedInterfaceOrientations~ipad</key>
           	<array>
           		<string>UIInterfaceOrientationPortrait</string>
           		<string>UIInterfaceOrientationPortraitUpsideDown</string>
           		<string>UIInterfaceOrientationLandscapeLeft</string>
           		<string>UIInterfaceOrientationLandscapeRight</string>
           	</array>
           </dict>
           </plist>
[   +2 ms] Running Xcode build...
[        ] executing: [/Users/carl.stanley/sites/UKCPA/ukcpa_flutter/ios/] /usr/bin/arch -arm64e xcrun xcodebuild -configuration Debug VERBOSE_SCRIPT_LOGGING=YES -allowProvisioningUpdates -allowProvisioningDeviceRegistration -workspace Runner.xcworkspace -scheme Runner BUILD_DIR=/Users/carl.stanley/sites/UKCPA/ukcpa_flutter/build/ios -sdk iphonesimulator -destination id=00724C24-F12F-4CA6-A33E-8FD8714B05CA -resultBundlePath /var/folders/20/skb3d8qx2hn9r9z8036y32g40000gp/T/flutter_tools.MwIZIg/flutter_ios_build_temp_dirHr63Oi/temporary_xcresult_bundle -resultBundleVersion 3 FLUTTER_SUPPRESS_ANALYTICS=true COMPILER_INDEX_STORE_ENABLE=NO
00:05 +0: loading /Users/carl.stanley/sites/UKCPA/ukcpa_flutter/integration_test/app_test.dart                                                                                                         [+1540 ms] [
             {
               "simulator" : true,
               "operatingSystemVersion" : "18.0 (22A3351)",
               "available" : true,
               "platform" : "com.apple.platform.iphonesimulator",
               "modelCode" : "iPhone17,1",
               "identifier" : "00724C24-F12F-4CA6-A33E-8FD8714B05CA",
               "architecture" : "arm64",
               "modelUTI" : "com.apple.iphone-16-pro-1",
               "modelName" : "iPhone 16 Pro",
               "name" : "iPhone 16 Pro",
               "ignored" : false
             },
             {
               "ignored" : false,
               "modelCode" : "Mac14,10",
               "simulator" : false,
               "modelName" : "MacBook Pro",
               "operatingSystemVersion" : "15.6 (24G84)",
               "identifier" : "00006020-000E51903C33C01E",
               "platform" : "com.apple.platform.macosx",
               "architecture" : "arm64e",
               "interface" : "usb",
               "available" : true,
               "name" : "My Mac",
               "modelUTI" : "com.apple.macbookpro-16-2023"
             },
             {
               "simulator" : true,
               "operatingSystemVersion" : "18.0 (22A3351)",
               "available" : true,
               "platform" : "com.apple.platform.iphonesimulator",
               "modelCode" : "iPad16,6",
               "identifier" : "4B1444FC-5508-4152-A43D-1DE9FCF5A0E3",
               "architecture" : "arm64",
               "modelUTI" : "com.apple.ipad-pro-m4-13-1",
               "modelName" : "iPad Pro 13-inch (M4)",
               "name" : "iPad Pro 13-inch (M4)",
               "ignored" : false
             },
             {
               "simulator" : true,
               "operatingSystemVersion" : "18.0 (22A3351)",
               "available" : true,
               "platform" : "com.apple.platform.iphonesimulator",
               "modelCode" : "iPhone17,4",
               "identifier" : "6748A807-5AE1-4FB6-9AAC-F1F2AF914679",
               "architecture" : "arm64",
               "modelUTI" : "com.apple.iphone-16-plus-1",
               "modelName" : "iPhone 16 Plus",
               "name" : "iPhone 16 Plus",
               "ignored" : false
             },
             {
               "simulator" : true,
               "operatingSystemVersion" : "18.0 (22A3351)",
               "available" : true,
               "platform" : "com.apple.platform.iphonesimulator",
               "modelCode" : "iPad16,4",
               "identifier" : "26302D8F-88C5-4DD0-A134-B2E8A55B0097",
               "architecture" : "arm64",
               "modelUTI" : "com.apple.ipad-pro-m4-1",
               "modelName" : "iPad Pro 11-inch (M4)",
               "name" : "iPad Pro 11-inch (M4)",
               "ignored" : false
             },
             {
               "simulator" : true,
               "operatingSystemVersion" : "18.0 (22A3351)",
               "available" : true,
               "platform" : "com.apple.platform.iphonesimulator",
               "modelCode" : "iPhone14,6",
               "identifier" : "36B1EC5C-3224-4116-B280-55CC970AB1E2",
               "architecture" : "arm64",
               "modelUTI" : "com.apple.iphone-se3-1",
               "modelName" : "iPhone SE (3rd generation)",
               "name" : "iPhone SE (3rd generation)",
               "ignored" : false
             },
             {
               "simulator" : true,
               "operatingSystemVersion" : "18.0 (22A3351)",
               "available" : true,
               "platform" : "com.apple.platform.iphonesimulator",
               "modelCode" : "iPad14,9",
               "identifier" : "CA70008D-FDE6-437C-BB4A-3E3800C502AA",
               "architecture" : "arm64",
               "modelUTI" : "com.apple.ipad-air-m2-1",
               "modelName" : "iPad Air 11-inch (M2)",
               "name" : "iPad Air 11-inch (M2)",
               "ignored" : false
             },
             {
               "simulator" : true,
               "operatingSystemVersion" : "18.0 (22A3351)",
               "available" : true,
               "platform" : "com.apple.platform.iphonesimulator",
               "modelCode" : "iPad13,18",
               "identifier" : "02C17C6C-44C5-4F52-8E87-F685FC95425B",
               "architecture" : "arm64",
               "modelUTI" : "com.apple.ipad-10-1",
               "modelName" : "iPad (10th generation)",
               "name" : "iPad (10th generation)",
               "ignored" : false
             },
             {
               "simulator" : true,
               "operatingSystemVersion" : "18.0 (22A3351)",
               "available" : true,
               "platform" : "com.apple.platform.iphonesimulator",
               "modelCode" : "iPad14,1",
               "identifier" : "809853C7-C4F8-49B3-9615-B524CE60E222",
               "architecture" : "arm64",
               "modelUTI" : "com.apple.ipad-mini6-1",
               "modelName" : "iPad mini (6th generation)",
               "name" : "iPad mini (6th generation)",
               "ignored" : false
             },
             {
               "simulator" : true,
               "operatingSystemVersion" : "18.0 (22A3351)",
               "available" : true,
               "platform" : "com.apple.platform.iphonesimulator",
               "modelCode" : "iPhone17,3",
               "identifier" : "FDC0A1F1-A967-41A5-8FDF-09FA889BC9A7",
               "architecture" : "arm64",
               "modelUTI" : "com.apple.iphone-16-1",
               "modelName" : "iPhone 16",
               "name" : "iPhone 16",
               "ignored" : false
             },
             {
               "simulator" : true,
               "operatingSystemVersion" : "18.0 (22A3351)",
               "available" : true,
               "platform" : "com.apple.platform.iphonesimulator",
               "modelCode" : "iPhone17,2",
               "identifier" : "2877D605-783A-4A20-96F2-A1D353CCA2C0",
               "architecture" : "arm64",
               "modelUTI" : "com.apple.iphone-16-pro-max-1",
               "modelName" : "iPhone 16 Pro Max",
               "name" : "iPhone 16 Pro Max",
               "ignored" : false
             },
             {
               "simulator" : true,
               "operatingSystemVersion" : "18.0 (22A3351)",
               "available" : true,
               "platform" : "com.apple.platform.iphonesimulator",
               "modelCode" : "iPad14,11",
               "identifier" : "C27A5D89-3F90-453C-A214-ABA6FCFF7047",
               "architecture" : "arm64",
               "modelUTI" : "com.apple.ipad-air-m2-13-1",
               "modelName" : "iPad Air 13-inch (M2)",
               "name" : "iPad Air 13-inch (M2)",
               "ignored" : false
             }
           ]
[        ] executing: /usr/bin/arch -arm64e xcrun devicectl list devices --timeout 5 --json-output /var/folders/20/skb3d8qx2hn9r9z8036y32g40000gp/T/flutter_tools.MwIZIg/core_devices.JBQwm4/core_device_list.json
[  +62 ms] No devices found.
[        ] {
             "info" : {
               "arguments" : [
                 "devicectl",
                 "list",
                 "devices",
                 "--timeout",
                 "5",
                 "--json-output",
                 "/var/folders/20/skb3d8qx2hn9r9z8036y32g40000gp/T/flutter_tools.MwIZIg/core_devices.JBQwm4/core_device_list.json"
               ],
               "commandType" : "devicectl.list.devices",
               "environment" : {
                 "TERM" : "xterm-256color"
               },
               "jsonVersion" : 2,
               "outcome" : "success",
               "version" : "397.21"
             },
             "result" : {
               "devices" : [

               ]
             }
           }

00:06 +0: loading /Users/carl.stanley/sites/UKCPA/ukcpa_flutter/integration_test/app_test.dart                                                                                                         00:07 +0: loading /Users/carl.stanley/sites/UKCPA/ukcpa_flutter/integration_test/app_test.dart                                                                                                         00:08 +0: loading /Users/carl.stanley/sites/UKCPA/ukcpa_flutter/integration_test/app_test.dart                                                                                                         00:09 +0: loading /Users/carl.stanley/sites/UKCPA/ukcpa_flutter/integration_test/app_test.dart                                                                                                         00:10 +0: loading /Users/carl.stanley/sites/UKCPA/ukcpa_flutter/integration_test/app_test.dart                                                                                                         00:11 +0: loading /Users/carl.stanley/sites/UKCPA/ukcpa_flutter/integration_test/app_test.dart                                                                                                         00:12 +0: loading /Users/carl.stanley/sites/UKCPA/ukcpa_flutter/integration_test/app_test.dart                                                                                                         00:13 +0: loading /Users/carl.stanley/sites/UKCPA/ukcpa_flutter/integration_test/app_test.dart                                                                                                         00:14 +0: loading /Users/carl.stanley/sites/UKCPA/ukcpa_flutter/integration_test/app_test.dart                                                                                                         00:15 +0: loading /Users/carl.stanley/sites/UKCPA/ukcpa_flutter/integration_test/app_test.dart                                                                                                         00:16 +0: loading /Users/carl.stanley/sites/UKCPA/ukcpa_flutter/integration_test/app_test.dart                                                                                                         00:17 +0: loading /Users/carl.stanley/sites/UKCPA/ukcpa_flutter/integration_test/app_test.dart                                                                                                         00:18 +0: loading /Users/carl.stanley/sites/UKCPA/ukcpa_flutter/integration_test/app_test.dart                                                                                                         00:19 +0: loading /Users/carl.stanley/sites/UKCPA/ukcpa_flutter/integration_test/app_test.dart                                                                                                         00:20 +0: loading /Users/carl.stanley/sites/UKCPA/ukcpa_flutter/integration_test/app_test.dart                                                                                                         00:21 +0: loading /Users/carl.stanley/sites/UKCPA/ukcpa_flutter/integration_test/app_test.dart                                                                                                         00:22 +0: loading /Users/carl.stanley/sites/UKCPA/ukcpa_flutter/integration_test/app_test.dart                                                                                                         00:23 +0: loading /Users/carl.stanley/sites/UKCPA/ukcpa_flutter/integration_test/app_test.dart                                                                                                         [+18105 ms] Command line invocation:
                /Applications/Xcode.app/Contents/Developer/usr/bin/xcodebuild -configuration Debug VERBOSE_SCRIPT_LOGGING=YES -allowProvisioningUpdates -allowProvisioningDeviceRegistration -workspace Runner.xcworkspace -scheme Runner BUILD_DIR=/Users/carl.stanley/sites/UKCPA/ukcpa_flutter/build/ios -sdk iphonesimulator -destination id=00724C24-F12F-4CA6-A33E-8FD8714B05CA -resultBundlePath /var/folders/20/skb3d8qx2hn9r9z8036y32g40000gp/T/flutter_tools.MwIZIg/flutter_ios_build_temp_dirHr63Oi/temporary_xcresult_bundle -resultBundleVersion 3 FLUTTER_SUPPRESS_ANALYTICS=true COMPILER_INDEX_STORE_ENABLE=NO

            User defaults from command line:
                IDEBuildOperationResultBundlePath = /var/folders/20/skb3d8qx2hn9r9z8036y32g40000gp/T/flutter_tools.MwIZIg/flutter_ios_build_temp_dirHr63Oi/temporary_xcresult_bundle
                IDEPackageSupportUseBuiltinSCM = YES
                IDERequestedResultBundleFormatVersion = 3

            Build settings from command line:
                BUILD_DIR = /Users/carl.stanley/sites/UKCPA/ukcpa_flutter/build/ios
                COMPILER_INDEX_STORE_ENABLE = NO
                FLUTTER_SUPPRESS_ANALYTICS = true
                SDKROOT = iphonesimulator18.0
                VERBOSE_SCRIPT_LOGGING = YES

            Writing result bundle at path:
            	/var/folders/20/skb3d8qx2hn9r9z8036y32g40000gp/T/flutter_tools.MwIZIg/flutter_ios_build_temp_dirHr63Oi/temporary_xcresult_bundle

            Prepare packages

            ComputeTargetDependencyGraph
            note: Building targets in dependency order
            note: Target dependency graph (32 targets)
                Target 'Runner' in project 'Runner'
                    ➜ Implicit dependency on target 'Pods-Runner' in project 'Pods' via file 'Pods_Runner.framework' in build phase 'Link Binary'
                    ➜ Implicit dependency on target 'ReachabilitySwift' in project 'Pods' via options '-framework Reachability' in build setting 'OTHER_LDFLAGS'
                    ➜ Implicit dependency on target 'TOCropViewController' in project 'Pods' via options '-framework TOCropViewController' in build setting 'OTHER_LDFLAGS'
                    ➜ Implicit dependency on target 'connectivity_plus' in project 'Pods' via options '-framework connectivity_plus' in build setting 'OTHER_LDFLAGS'
                    ➜ Implicit dependency on target 'device_info_plus' in project 'Pods' via options '-framework device_info_plus' in build setting 'OTHER_LDFLAGS'
                    ➜ Implicit dependency on target 'flutter_secure_storage' in project 'Pods' via options '-framework flutter_secure_storage' in build setting 'OTHER_LDFLAGS'
                    ➜ Implicit dependency on target 'image_cropper' in project 'Pods' via options '-framework image_cropper' in build setting 'OTHER_LDFLAGS'
                    ➜ Implicit dependency on target 'image_picker_ios' in project 'Pods' via options '-framework image_picker_ios' in build setting 'OTHER_LDFLAGS'
                    ➜ Implicit dependency on target 'integration_test' in project 'Pods' via options '-framework integration_test' in build setting 'OTHER_LDFLAGS'
                    ➜ Implicit dependency on target 'local_auth_darwin' in project 'Pods' via options '-framework local_auth_darwin' in build setting 'OTHER_LDFLAGS'
                    ➜ Implicit dependency on target 'package_info_plus' in project 'Pods' via options '-framework package_info_plus' in build setting 'OTHER_LDFLAGS'
                    ➜ Implicit dependency on target 'path_provider_foundation' in project 'Pods' via options '-framework path_provider_foundation' in build setting 'OTHER_LDFLAGS'
                    ➜ Implicit dependency on target 'permission_handler_apple' in project 'Pods' via options '-framework permission_handler_apple' in build setting 'OTHER_LDFLAGS'
                    ➜ Implicit dependency on target 'share_plus' in project 'Pods' via options '-framework share_plus' in build setting 'OTHER_LDFLAGS'
                    ➜ Implicit dependency on target 'shared_preferences_foundation' in project 'Pods' via options '-framework shared_preferences_foundation' in build setting 'OTHER_LDFLAGS'
                    ➜ Implicit dependency on target 'sqflite_darwin' in project 'Pods' via options '-framework sqflite_darwin' in build setting 'OTHER_LDFLAGS'
                    ➜ Implicit dependency on target 'url_launcher_ios' in project 'Pods' via options '-framework url_launcher_ios' in build setting 'OTHER_LDFLAGS'
                    ➜ Implicit dependency on target 'video_player_avfoundation' in project 'Pods' via options '-framework video_player_avfoundation' in build setting 'OTHER_LDFLAGS'
                    ➜ Implicit dependency on target 'wakelock_plus' in project 'Pods' via options '-framework wakelock_plus' in build setting 'OTHER_LDFLAGS'
                Target 'Pods-Runner' in project 'Pods'
                    ➜ Explicit dependency on target 'Flutter' in project 'Pods'
                    ➜ Explicit dependency on target 'ReachabilitySwift' in project 'Pods'
                    ➜ Explicit dependency on target 'TOCropViewController' in project 'Pods'
                    ➜ Explicit dependency on target 'connectivity_plus' in project 'Pods'
                    ➜ Explicit dependency on target 'device_info_plus' in project 'Pods'
                    ➜ Explicit dependency on target 'flutter_secure_storage' in project 'Pods'
                    ➜ Explicit dependency on target 'image_cropper' in project 'Pods'
                    ➜ Explicit dependency on target 'image_picker_ios' in project 'Pods'
                    ➜ Explicit dependency on target 'integration_test' in project 'Pods'
                    ➜ Explicit dependency on target 'local_auth_darwin' in project 'Pods'
                    ➜ Explicit dependency on target 'package_info_plus' in project 'Pods'
                    ➜ Explicit dependency on target 'path_provider_foundation' in project 'Pods'
                    ➜ Explicit dependency on target 'permission_handler_apple' in project 'Pods'
                    ➜ Explicit dependency on target 'share_plus' in project 'Pods'
                    ➜ Explicit dependency on target 'shared_preferences_foundation' in project 'Pods'
                    ➜ Explicit dependency on target 'sqflite_darwin' in project 'Pods'
                    ➜ Explicit dependency on target 'url_launcher_ios' in project 'Pods'
                    ➜ Explicit dependency on target 'video_player_avfoundation' in project 'Pods'
                    ➜ Explicit dependency on target 'wakelock_plus' in project 'Pods'
                Target 'wakelock_plus' in project 'Pods'
                    ➜ Explicit dependency on target 'Flutter' in project 'Pods'
                Target 'video_player_avfoundation' in project 'Pods'
                    ➜ Explicit dependency on target 'Flutter' in project 'Pods'
                    ➜ Explicit dependency on target 'video_player_avfoundation-video_player_avfoundation_privacy' in project 'Pods'
                Target 'video_player_avfoundation-video_player_avfoundation_privacy' in project 'Pods' (no dependencies)
                Target 'url_launcher_ios' in project 'Pods'
                    ➜ Explicit dependency on target 'Flutter' in project 'Pods'
                    ➜ Explicit dependency on target 'url_launcher_ios-url_launcher_ios_privacy' in project 'Pods'
                Target 'url_launcher_ios-url_launcher_ios_privacy' in project 'Pods' (no dependencies)
                Target 'sqflite_darwin' in project 'Pods'
                    ➜ Explicit dependency on target 'Flutter' in project 'Pods'
                    ➜ Explicit dependency on target 'sqflite_darwin-sqflite_darwin_privacy' in project 'Pods'
                Target 'sqflite_darwin-sqflite_darwin_privacy' in project 'Pods' (no dependencies)
                Target 'shared_preferences_foundation' in project 'Pods'
                    ➜ Explicit dependency on target 'Flutter' in project 'Pods'
                    ➜ Explicit dependency on target 'shared_preferences_foundation-shared_preferences_foundation_privacy' in project 'Pods'
                Target 'shared_preferences_foundation-shared_preferences_foundation_privacy' in project 'Pods' (no dependencies)
                Target 'share_plus' in project 'Pods'
                    ➜ Explicit dependency on target 'Flutter' in project 'Pods'
                Target 'permission_handler_apple' in project 'Pods'
                    ➜ Explicit dependency on target 'Flutter' in project 'Pods'
                    ➜ Explicit dependency on target 'permission_handler_apple-permission_handler_apple_privacy' in project 'Pods'
                Target 'permission_handler_apple-permission_handler_apple_privacy' in project 'Pods' (no dependencies)
                Target 'path_provider_foundation' in project 'Pods'
                    ➜ Explicit dependency on target 'Flutter' in project 'Pods'
                    ➜ Explicit dependency on target 'path_provider_foundation-path_provider_foundation_privacy' in project 'Pods'
                Target 'path_provider_foundation-path_provider_foundation_privacy' in project 'Pods' (no dependencies)
                Target 'package_info_plus' in project 'Pods'
                    ➜ Explicit dependency on target 'Flutter' in project 'Pods'
                Target 'local_auth_darwin' in project 'Pods'
                    ➜ Explicit dependency on target 'Flutter' in project 'Pods'
                    ➜ Explicit dependency on target 'local_auth_darwin-local_auth_darwin_privacy' in project 'Pods'
                Target 'local_auth_darwin-local_auth_darwin_privacy' in project 'Pods' (no dependencies)
                Target 'integration_test' in project 'Pods'
                    ➜ Explicit dependency on target 'Flutter' in project 'Pods'
                Target 'image_picker_ios' in project 'Pods'
                    ➜ Explicit dependency on target 'Flutter' in project 'Pods'
                    ➜ Explicit dependency on target 'image_picker_ios-image_picker_ios_privacy' in project 'Pods'
                Target 'image_picker_ios-image_picker_ios_privacy' in project 'Pods' (no dependencies)
                Target 'image_cropper' in project 'Pods'
                    ➜ Explicit dependency on target 'Flutter' in project 'Pods'
                    ➜ Explicit dependency on target 'TOCropViewController' in project 'Pods'
                Target 'flutter_secure_storage' in project 'Pods'
                    ➜ Explicit dependency on target 'Flutter' in project 'Pods'
                    ➜ Explicit dependency on target 'flutter_secure_storage-flutter_secure_storage' in project 'Pods'
                Target 'flutter_secure_storage-flutter_secure_storage' in project 'Pods' (no dependencies)
                Target 'device_info_plus' in project 'Pods'
                    ➜ Explicit dependency on target 'Flutter' in project 'Pods'
                Target 'connectivity_plus' in project 'Pods'
                    ➜ Explicit dependency on target 'Flutter' in project 'Pods'
                    ➜ Explicit dependency on target 'ReachabilitySwift' in project 'Pods'
                Target 'TOCropViewController' in project 'Pods'
                    ➜ Explicit dependency on target 'TOCropViewController-TOCropViewControllerBundle' in project 'Pods'
                Target 'TOCropViewController-TOCropViewControllerBundle' in project 'Pods' (no dependencies)
                Target 'ReachabilitySwift' in project 'Pods'
                    ➜ Explicit dependency on target 'ReachabilitySwift-ReachabilitySwift' in project 'Pods'
                Target 'ReachabilitySwift-ReachabilitySwift' in project 'Pods' (no dependencies)
                Target 'Flutter' in project 'Pods' (no dependencies)

            GatherProvisioningInputs

            CreateBuildDescription

            ExecuteExternalTool /Applications/Xcode.app/Contents/Developer/Toolchains/XcodeDefault.xctoolchain/usr/bin/clang -v -E -dM -arch arm64 -isysroot /Applications/Xcode.app/Contents/Developer/Platforms/iPhoneSimulator.platform/Developer/SDKs/iPhoneSimulator18.0.sdk -x c -c /dev/null

            ExecuteExternalTool /Applications/Xcode.app/Contents/Developer/Toolchains/XcodeDefault.xctoolchain/usr/bin/clang -v -E -dM -isysroot /Applications/Xcode.app/Contents/Developer/Platforms/iPhoneSimulator.platform/Developer/SDKs/iPhoneSimulator18.0.sdk -x c -c /dev/null

            ExecuteExternalTool /Applications/Xcode.app/Contents/Developer/Toolchains/XcodeDefault.xctoolchain/usr/bin/clang -v -E -dM -arch arm64 -isysroot /Applications/Xcode.app/Contents/Developer/Platforms/iPhoneSimulator.platform/Developer/SDKs/iPhoneSimulator18.0.sdk -x objective-c -c /dev/null

            ExecuteExternalTool /Applications/Xcode.app/Contents/Developer/Toolchains/XcodeDefault.xctoolchain/usr/bin/swiftc --version

            ExecuteExternalTool /Applications/Xcode.app/Contents/Developer/usr/bin/ibtool --version --output-format xml1

            ExecuteExternalTool /Applications/Xcode.app/Contents/Developer/usr/bin/actool --print-asset-tag-combinations --output-format xml1 /Users/carl.stanley/sites/UKCPA/ukcpa_flutter/ios/Runner/Assets.xcassets

            ExecuteExternalTool /Applications/Xcode.app/Contents/Developer/Toolchains/XcodeDefault.xctoolchain/usr/bin/ld -version_details

            ExecuteExternalTool /Applications/Xcode.app/Contents/Developer/Toolchains/XcodeDefault.xctoolchain/usr/bin/libtool -V

            ExecuteExternalTool /Applications/Xcode.app/Contents/Developer/usr/bin/actool --version --output-format xml1

            ExecuteExternalTool /Applications/Xcode.app/Contents/Developer/Toolchains/XcodeDefault.xctoolchain/usr/bin/clang -v -E -dM -arch x86_64 -isysroot /Applications/Xcode.app/Contents/Developer/Platforms/iPhoneSimulator.platform/Developer/SDKs/iPhoneSimulator18.0.sdk -x c -c /dev/null

            ExecuteExternalTool /Applications/Xcode.app/Contents/Developer/Toolchains/XcodeDefault.xctoolchain/usr/bin/clang -v -E -dM -arch x86_64 -isysroot /Applications/Xcode.app/Contents/Developer/Platforms/iPhoneSimulator.platform/Developer/SDKs/iPhoneSimulator18.0.sdk -x objective-c -c /dev/null

            Build description signature: 43c83880c5f30ea0f4d10f26c482bf54
            Build description path: /Users/carl.stanley/Library/Developer/Xcode/DerivedData/Runner-dtxbldypbunqjrdrwadgjstoojan/Build/Intermediates.noindex/XCBuildData/43c83880c5f30ea0f4d10f26c482bf54.xcbuilddata
            ClangStatCache /Applications/Xcode.app/Contents/Developer/Toolchains/XcodeDefault.xctoolchain/usr/bin/clang-stat-cache /Applications/Xcode.app/Contents/Developer/Platforms/iPhoneSimulator.platform/Developer/SDKs/iPhoneSimulator18.0.sdk /Users/carl.stanley/Library/Developer/Xcode/DerivedData/SDKStatCaches.noindex/iphonesimulator18.0-22A3362-db63dc9361471f152f572502bdbfe70a.sdkstatcache
                cd /Users/carl.stanley/sites/UKCPA/ukcpa_flutter/ios
                /Applications/Xcode.app/Contents/Developer/Toolchains/XcodeDefault.xctoolchain/usr/bin/clang-stat-cache /Applications/Xcode.app/Contents/Developer/Platforms/iPhoneSimulator.platform/Developer/SDKs/iPhoneSimulator18.0.sdk -o /Users/carl.stanley/Library/Developer/Xcode/DerivedData/SDKStatCaches.noindex/iphonesimulator18.0-22A3362-db63dc9361471f152f572502bdbfe70a.sdkstatcache

            ProcessInfoPlistFile /Users/carl.stanley/sites/UKCPA/ukcpa_flutter/build/ios/Debug-iphonesimulator/ReachabilitySwift/ReachabilitySwift.bundle/Info.plist /Users/carl.stanley/sites/UKCPA/ukcpa_flutter/ios/Pods/Target\ Support\ Files/ReachabilitySwift/ResourceBundle-ReachabilitySwift-ReachabilitySwift-Info.plist (in target 'ReachabilitySwift-ReachabilitySwift' from project 'Pods')
                cd /Users/carl.stanley/sites/UKCPA/ukcpa_flutter/ios/Pods
                builtin-infoPlistUtility /Users/carl.stanley/sites/UKCPA/ukcpa_flutter/ios/Pods/Target\ Support\ Files/ReachabilitySwift/ResourceBundle-ReachabilitySwift-ReachabilitySwift-Info.plist -producttype com.apple.product-type.bundle -expandbuildsettings -format binary -platform iphonesimulator -o /Users/carl.stanley/sites/UKCPA/ukcpa_flutter/build/ios/Debug-iphonesimulator/ReachabilitySwift/ReachabilitySwift.bundle/Info.plist

            CpResource /Users/carl.stanley/sites/UKCPA/ukcpa_flutter/build/ios/Debug-iphonesimulator/ReachabilitySwift/Reachability.framework/ReachabilitySwift.bundle /Users/carl.stanley/sites/UKCPA/ukcpa_flutter/build/ios/Debug-iphonesimulator/ReachabilitySwift/ReachabilitySwift.bundle (in target 'ReachabilitySwift' from project 'Pods')
                cd /Users/carl.stanley/sites/UKCPA/ukcpa_flutter/ios/Pods
                builtin-copy -exclude .DS_Store -exclude CVS -exclude .svn -exclude .git -exclude .hg -resolve-src-symlinks /Users/carl.stanley/sites/UKCPA/ukcpa_flutter/build/ios/Debug-iphonesimulator/ReachabilitySwift/ReachabilitySwift.bundle /Users/carl.stanley/sites/UKCPA/ukcpa_flutter/build/ios/Debug-iphonesimulator/ReachabilitySwift/Reachability.framework

            ProcessInfoPlistFile /Users/carl.stanley/sites/UKCPA/ukcpa_flutter/build/ios/Debug-iphonesimulator/ReachabilitySwift/Reachability.framework/Info.plist /Users/carl.stanley/sites/UKCPA/ukcpa_flutter/ios/Pods/Target\ Support\ Files/ReachabilitySwift/ReachabilitySwift-Info.plist (in target 'ReachabilitySwift' from project 'Pods')
                cd /Users/carl.stanley/sites/UKCPA/ukcpa_flutter/ios/Pods
                builtin-infoPlistUtility /Users/carl.stanley/sites/UKCPA/ukcpa_flutter/ios/Pods/Target\ Support\ Files/ReachabilitySwift/ReachabilitySwift-Info.plist -producttype com.apple.product-type.framework -expandbuildsettings -format binary -platform iphonesimulator -o /Users/carl.stanley/sites/UKCPA/ukcpa_flutter/build/ios/Debug-iphonesimulator/ReachabilitySwift/Reachability.framework/Info.plist

            ProcessInfoPlistFile /Users/carl.stanley/sites/UKCPA/ukcpa_flutter/build/ios/Debug-iphonesimulator/TOCropViewController/TOCropViewControllerBundle.bundle/Info.plist /Users/carl.stanley/sites/UKCPA/ukcpa_flutter/ios/Pods/Target\ Support\ Files/TOCropViewController/ResourceBundle-TOCropViewControllerBundle-TOCropViewController-Info.plist (in target 'TOCropViewController-TOCropViewControllerBundle' from project 'Pods')
                cd /Users/carl.stanley/sites/UKCPA/ukcpa_flutter/ios/Pods
                builtin-infoPlistUtility /Users/carl.stanley/sites/UKCPA/ukcpa_flutter/ios/Pods/Target\ Support\ Files/TOCropViewController/ResourceBundle-TOCropViewControllerBundle-TOCropViewController-Info.plist -producttype com.apple.product-type.bundle -expandbuildsettings -format binary -platform iphonesimulator -o /Users/carl.stanley/sites/UKCPA/ukcpa_flutter/build/ios/Debug-iphonesimulator/TOCropViewController/TOCropViewControllerBundle.bundle/Info.plist

            CpResource /Users/carl.stanley/sites/UKCPA/ukcpa_flutter/build/ios/Debug-iphonesimulator/TOCropViewController/TOCropViewController.framework/TOCropViewControllerBundle.bundle /Users/carl.stanley/sites/UKCPA/ukcpa_flutter/build/ios/Debug-iphonesimulator/TOCropViewController/TOCropViewControllerBundle.bundle (in target 'TOCropViewController' from project 'Pods')
                cd /Users/carl.stanley/sites/UKCPA/ukcpa_flutter/ios/Pods
                builtin-copy -exclude .DS_Store -exclude CVS -exclude .svn -exclude .git -exclude .hg -resolve-src-symlinks /Users/carl.stanley/sites/UKCPA/ukcpa_flutter/build/ios/Debug-iphonesimulator/TOCropViewController/TOCropViewControllerBundle.bundle /Users/carl.stanley/sites/UKCPA/ukcpa_flutter/build/ios/Debug-iphonesimulator/TOCropViewController/TOCropViewController.framework

            ProcessInfoPlistFile /Users/carl.stanley/sites/UKCPA/ukcpa_flutter/build/ios/Debug-iphonesimulator/TOCropViewController/TOCropViewController.framework/Info.plist /Users/carl.stanley/sites/UKCPA/ukcpa_flutter/ios/Pods/Target\ Support\ Files/TOCropViewController/TOCropViewController-Info.plist (in target 'TOCropViewController' from project 'Pods')
                cd /Users/carl.stanley/sites/UKCPA/ukcpa_flutter/ios/Pods
                builtin-infoPlistUtility /Users/carl.stanley/sites/UKCPA/ukcpa_flutter/ios/Pods/Target\ Support\ Files/TOCropViewController/TOCropViewController-Info.plist -producttype com.apple.product-type.framework -expandbuildsettings -format binary -platform iphonesimulator -o /Users/carl.stanley/sites/UKCPA/ukcpa_flutter/build/ios/Debug-iphonesimulator/TOCropViewController/TOCropViewController.framework/Info.plist

            CodeSign /Users/carl.stanley/sites/UKCPA/ukcpa_flutter/build/ios/Debug-iphonesimulator/ReachabilitySwift/Reachability.framework (in target 'ReachabilitySwift' from project 'Pods')
                cd /Users/carl.stanley/sites/UKCPA/ukcpa_flutter/ios/Pods

                Signing Identity:     "Sign to Run Locally"

                /usr/bin/codesign --force --sign - --timestamp\=none --generate-entitlement-der /Users/carl.stanley/sites/UKCPA/ukcpa_flutter/build/ios/Debug-iphonesimulator/ReachabilitySwift/Reachability.framework
            /Users/carl.stanley/sites/UKCPA/ukcpa_flutter/build/ios/Debug-iphonesimulator/ReachabilitySwift/Reachability.framework: replacing existing signature

            ProcessInfoPlistFile /Users/carl.stanley/sites/UKCPA/ukcpa_flutter/build/ios/Debug-iphonesimulator/connectivity_plus/connectivity_plus.framework/Info.plist /Users/carl.stanley/sites/UKCPA/ukcpa_flutter/ios/Pods/Target\ Support\ Files/connectivity_plus/connectivity_plus-Info.plist (in target 'connectivity_plus' from project 'Pods')
                cd /Users/carl.stanley/sites/UKCPA/ukcpa_flutter/ios/Pods
                builtin-infoPlistUtility /Users/carl.stanley/sites/UKCPA/ukcpa_flutter/ios/Pods/Target\ Support\ Files/connectivity_plus/connectivity_plus-Info.plist -producttype com.apple.product-type.framework -expandbuildsettings -format binary -platform iphonesimulator -o /Users/carl.stanley/sites/UKCPA/ukcpa_flutter/build/ios/Debug-iphonesimulator/connectivity_plus/connectivity_plus.framework/Info.plist

            ProcessInfoPlistFile /Users/carl.stanley/sites/UKCPA/ukcpa_flutter/build/ios/Debug-iphonesimulator/device_info_plus/device_info_plus.framework/Info.plist /Users/carl.stanley/sites/UKCPA/ukcpa_flutter/ios/Pods/Target\ Support\ Files/device_info_plus/device_info_plus-Info.plist (in target 'device_info_plus' from project 'Pods')
                cd /Users/carl.stanley/sites/UKCPA/ukcpa_flutter/ios/Pods
                builtin-infoPlistUtility /Users/carl.stanley/sites/UKCPA/ukcpa_flutter/ios/Pods/Target\ Support\ Files/device_info_plus/device_info_plus-Info.plist -producttype com.apple.product-type.framework -expandbuildsettings -format binary -platform iphonesimulator -o /Users/carl.stanley/sites/UKCPA/ukcpa_flutter/build/ios/Debug-iphonesimulator/device_info_plus/device_info_plus.framework/Info.plist

            CodeSign /Users/carl.stanley/sites/UKCPA/ukcpa_flutter/build/ios/Debug-iphonesimulator/TOCropViewController/TOCropViewController.framework (in target 'TOCropViewController' from project 'Pods')
                cd /Users/carl.stanley/sites/UKCPA/ukcpa_flutter/ios/Pods

                Signing Identity:     "Sign to Run Locally"

                /usr/bin/codesign --force --sign - --timestamp\=none --generate-entitlement-der /Users/carl.stanley/sites/UKCPA/ukcpa_flutter/build/ios/Debug-iphonesimulator/TOCropViewController/TOCropViewController.framework
            /Users/carl.stanley/sites/UKCPA/ukcpa_flutter/build/ios/Debug-iphonesimulator/TOCropViewController/TOCropViewController.framework: replacing existing signature

            Ld /Users/carl.stanley/Library/Developer/Xcode/DerivedData/Runner-dtxbldypbunqjrdrwadgjstoojan/Build/Intermediates.noindex/Pods.build/Debug-iphonesimulator/image_cropper.build/Objects-normal/arm64/Binary/image_cropper normal arm64 (in target 'image_cropper' from project 'Pods')
                cd /Users/carl.stanley/sites/UKCPA/ukcpa_flutter/ios/Pods
                /Applications/Xcode.app/Contents/Developer/Toolchains/XcodeDefault.xctoolchain/usr/bin/clang -Xlinker -reproducible -target arm64-apple-ios13.0-simulator -dynamiclib -isysroot /Applications/Xcode.app/Contents/Developer/Platforms/iPhoneSimulator.platform/Developer/SDKs/iPhoneSimulator18.0.sdk -O0 -L/Users/carl.stanley/Library/Developer/Xcode/DerivedData/Runner-dtxbldypbunqjrdrwadgjstoojan/Build/Intermediates.noindex/EagerLinkingTBDs/Debug-iphonesimulator -L/Users/carl.stanley/sites/UKCPA/ukcpa_flutter/build/ios/Debug-iphonesimulator/image_cropper -F/Users/carl.stanley/Library/Developer/Xcode/DerivedData/Runner-dtxbldypbunqjrdrwadgjstoojan/Build/Intermediates.noindex/EagerLinkingTBDs/Debug-iphonesimulator -F/Users/carl.stanley/sites/UKCPA/ukcpa_flutter/build/ios/Debug-iphonesimulator/image_cropper -F/Users/carl.stanley/development/flutter/bin/cache/artifacts/engine/ios/Flutter.xcframework/ios-arm64_x86_64-simulator -F/Users/carl.stanley/sites/UKCPA/ukcpa_flutter/build/ios/Debug-iphonesimulator/TOCropViewController -filelist /Users/carl.stanley/Library/Developer/Xcode/DerivedData/Runner-dtxbldypbunqjrdrwadgjstoojan/Build/Intermediates.noindex/Pods.build/Debug-iphonesimulator/image_cropper.build/Objects-normal/arm64/image_cropper.LinkFileList -install_name @rpath/image_cropper.framework/image_cropper -Xlinker -rpath -Xlinker @executable_path/Frameworks -Xlinker -rpath -Xlinker @loader_path/Frameworks -dead_strip -Xlinker -object_path_lto -Xlinker /Users/carl.stanley/Library/Developer/Xcode/DerivedData/Runner-dtxbldypbunqjrdrwadgjstoojan/Build/Intermediates.noindex/Pods.build/Debug-iphonesimulator/image_cropper.build/Objects-normal/arm64/image_cropper_lto.o -Xlinker -export_dynamic -Xlinker -no_deduplicate -Xlinker -objc_abi_version -Xlinker 2 -fobjc-arc -fobjc-link-runtime -framework TOCropViewController -framework Flutter -framework Foundation -Xlinker -no_adhoc_codesign -compatibility_version 1 -current_version 1 -Xlinker -dependency_info -Xlinker /Users/carl.stanley/Library/Developer/Xcode/DerivedData/Runner-dtxbldypbunqjrdrwadgjstoojan/Build/Intermediates.noindex/Pods.build/Debug-iphonesimulator/image_cropper.build/Objects-normal/arm64/image_cropper_dependency_info.dat -o /Users/carl.stanley/Library/Developer/Xcode/DerivedData/Runner-dtxbldypbunqjrdrwadgjstoojan/Build/Intermediates.noindex/Pods.build/Debug-iphonesimulator/image_cropper.build/Objects-normal/arm64/Binary/image_cropper

            Ld /Users/carl.stanley/Library/Developer/Xcode/DerivedData/Runner-dtxbldypbunqjrdrwadgjstoojan/Build/Intermediates.noindex/Pods.build/Debug-iphonesimulator/image_cropper.build/Objects-normal/x86_64/Binary/image_cropper normal x86_64 (in target 'image_cropper' from project 'Pods')
                cd /Users/carl.stanley/sites/UKCPA/ukcpa_flutter/ios/Pods
                /Applications/Xcode.app/Contents/Developer/Toolchains/XcodeDefault.xctoolchain/usr/bin/clang -Xlinker -reproducible -target x86_64-apple-ios13.0-simulator -dynamiclib -isysroot /Applications/Xcode.app/Contents/Developer/Platforms/iPhoneSimulator.platform/Developer/SDKs/iPhoneSimulator18.0.sdk -O0 -L/Users/carl.stanley/Library/Developer/Xcode/DerivedData/Runner-dtxbldypbunqjrdrwadgjstoojan/Build/Intermediates.noindex/EagerLinkingTBDs/Debug-iphonesimulator -L/Users/carl.stanley/sites/UKCPA/ukcpa_flutter/build/ios/Debug-iphonesimulator/image_cropper -F/Users/carl.stanley/Library/Developer/Xcode/DerivedData/Runner-dtxbldypbunqjrdrwadgjstoojan/Build/Intermediates.noindex/EagerLinkingTBDs/Debug-iphonesimulator -F/Users/carl.stanley/sites/UKCPA/ukcpa_flutter/build/ios/Debug-iphonesimulator/image_cropper -F/Users/carl.stanley/development/flutter/bin/cache/artifacts/engine/ios/Flutter.xcframework/ios-arm64_x86_64-simulator -F/Users/carl.stanley/sites/UKCPA/ukcpa_flutter/build/ios/Debug-iphonesimulator/TOCropViewController -filelist /Users/carl.stanley/Library/Developer/Xcode/DerivedData/Runner-dtxbldypbunqjrdrwadgjstoojan/Build/Intermediates.noindex/Pods.build/Debug-iphonesimulator/image_cropper.build/Objects-normal/x86_64/image_cropper.LinkFileList -install_name @rpath/image_cropper.framework/image_cropper -Xlinker -rpath -Xlinker @executable_path/Frameworks -Xlinker -rpath -Xlinker @loader_path/Frameworks -dead_strip -Xlinker -object_path_lto -Xlinker /Users/carl.stanley/Library/Developer/Xcode/DerivedData/Runner-dtxbldypbunqjrdrwadgjstoojan/Build/Intermediates.noindex/Pods.build/Debug-iphonesimulator/image_cropper.build/Objects-normal/x86_64/image_cropper_lto.o -Xlinker -export_dynamic -Xlinker -no_deduplicate -Xlinker -objc_abi_version -Xlinker 2 -fobjc-arc -fobjc-link-runtime -framework TOCropViewController -framework Flutter -framework Foundation -Xlinker -no_adhoc_codesign -compatibility_version 1 -current_version 1 -Xlinker -dependency_info -Xlinker /Users/carl.stanley/Library/Developer/Xcode/DerivedData/Runner-dtxbldypbunqjrdrwadgjstoojan/Build/Intermediates.noindex/Pods.build/Debug-iphonesimulator/image_cropper.build/Objects-normal/x86_64/image_cropper_dependency_info.dat -o /Users/carl.stanley/Library/Developer/Xcode/DerivedData/Runner-dtxbldypbunqjrdrwadgjstoojan/Build/Intermediates.noindex/Pods.build/Debug-iphonesimulator/image_cropper.build/Objects-normal/x86_64/Binary/image_cropper

            CreateUniversalBinary /Users/carl.stanley/sites/UKCPA/ukcpa_flutter/build/ios/Debug-iphonesimulator/image_cropper/image_cropper.framework/image_cropper normal arm64\ x86_64 (in target 'image_cropper' from project 'Pods')
                cd /Users/carl.stanley/sites/UKCPA/ukcpa_flutter/ios/Pods
                /Applications/Xcode.app/Contents/Developer/Toolchains/XcodeDefault.xctoolchain/usr/bin/lipo -create /Users/carl.stanley/Library/Developer/Xcode/DerivedData/Runner-dtxbldypbunqjrdrwadgjstoojan/Build/Intermediates.noindex/Pods.build/Debug-iphonesimulator/image_cropper.build/Objects-normal/arm64/Binary/image_cropper /Users/carl.stanley/Library/Developer/Xcode/DerivedData/Runner-dtxbldypbunqjrdrwadgjstoojan/Build/Intermediates.noindex/Pods.build/Debug-iphonesimulator/image_cropper.build/Objects-normal/x86_64/Binary/image_cropper -output /Users/carl.stanley/sites/UKCPA/ukcpa_flutter/build/ios/Debug-iphonesimulator/image_cropper/image_cropper.framework/image_cropper

            ProcessInfoPlistFile /Users/carl.stanley/sites/UKCPA/ukcpa_flutter/build/ios/Debug-iphonesimulator/image_cropper/image_cropper.framework/Info.plist /Users/carl.stanley/sites/UKCPA/ukcpa_flutter/ios/Pods/Target\ Support\ Files/image_cropper/image_cropper-Info.plist (in target 'image_cropper' from project 'Pods')
                cd /Users/carl.stanley/sites/UKCPA/ukcpa_flutter/ios/Pods
                builtin-infoPlistUtility /Users/carl.stanley/sites/UKCPA/ukcpa_flutter/ios/Pods/Target\ Support\ Files/image_cropper/image_cropper-Info.plist -producttype com.apple.product-type.framework -expandbuildsettings -format binary -platform iphonesimulator -o /Users/carl.stanley/sites/UKCPA/ukcpa_flutter/build/ios/Debug-iphonesimulator/image_cropper/image_cropper.framework/Info.plist

            GenerateTAPI /Users/carl.stanley/Library/Developer/Xcode/DerivedData/Runner-dtxbldypbunqjrdrwadgjstoojan/Build/Intermediates.noindex/EagerLinkingTBDs/Debug-iphonesimulator/image_cropper.framework/image_cropper.tbd (in target 'image_cropper' from project 'Pods')
                cd /Users/carl.stanley/sites/UKCPA/ukcpa_flutter/ios/Pods
                /Applications/Xcode.app/Contents/Developer/Toolchains/XcodeDefault.xctoolchain/usr/bin/tapi stubify -isysroot /Applications/Xcode.app/Contents/Developer/Platforms/iPhoneSimulator.platform/Developer/SDKs/iPhoneSimulator18.0.sdk -F/Users/carl.stanley/sites/UKCPA/ukcpa_flutter/build/ios/Debug-iphonesimulator/image_cropper -F/Users/carl.stanley/development/flutter/bin/cache/artifacts/engine/ios/Flutter.xcframework/ios-arm64_x86_64-simulator -F/Users/carl.stanley/sites/UKCPA/ukcpa_flutter/build/ios/Debug-iphonesimulator/TOCropViewController -L/Users/carl.stanley/sites/UKCPA/ukcpa_flutter/build/ios/Debug-iphonesimulator/image_cropper /Users/carl.stanley/sites/UKCPA/ukcpa_flutter/build/ios/Debug-iphonesimulator/image_cropper/image_cropper.framework/image_cropper -o /Users/carl.stanley/Library/Developer/Xcode/DerivedData/Runner-dtxbldypbunqjrdrwadgjstoojan/Build/Intermediates.noindex/EagerLinkingTBDs/Debug-iphonesimulator/image_cropper.framework/image_cropper.tbd

            ProcessInfoPlistFile /Users/carl.stanley/sites/UKCPA/ukcpa_flutter/build/ios/Debug-iphonesimulator/image_picker_ios/image_picker_ios_privacy.bundle/Info.plist /Users/carl.stanley/sites/UKCPA/ukcpa_flutter/ios/Pods/Target\ Support\ Files/image_picker_ios/ResourceBundle-image_picker_ios_privacy-image_picker_ios-Info.plist (in target 'image_picker_ios-image_picker_ios_privacy' from project 'Pods')
                cd /Users/carl.stanley/sites/UKCPA/ukcpa_flutter/ios/Pods
                builtin-infoPlistUtility /Users/carl.stanley/sites/UKCPA/ukcpa_flutter/ios/Pods/Target\ Support\ Files/image_picker_ios/ResourceBundle-image_picker_ios_privacy-image_picker_ios-Info.plist -producttype com.apple.product-type.bundle -expandbuildsettings -format binary -platform iphonesimulator -o /Users/carl.stanley/sites/UKCPA/ukcpa_flutter/build/ios/Debug-iphonesimulator/image_picker_ios/image_picker_ios_privacy.bundle/Info.plist

            CpResource /Users/carl.stanley/sites/UKCPA/ukcpa_flutter/build/ios/Debug-iphonesimulator/image_picker_ios/image_picker_ios.framework/image_picker_ios_privacy.bundle /Users/carl.stanley/sites/UKCPA/ukcpa_flutter/build/ios/Debug-iphonesimulator/image_picker_ios/image_picker_ios_privacy.bundle (in target 'image_picker_ios' from project 'Pods')
                cd /Users/carl.stanley/sites/UKCPA/ukcpa_flutter/ios/Pods
                builtin-copy -exclude .DS_Store -exclude CVS -exclude .svn -exclude .git -exclude .hg -resolve-src-symlinks /Users/carl.stanley/sites/UKCPA/ukcpa_flutter/build/ios/Debug-iphonesimulator/image_picker_ios/image_picker_ios_privacy.bundle /Users/carl.stanley/sites/UKCPA/ukcpa_flutter/build/ios/Debug-iphonesimulator/image_picker_ios/image_picker_ios.framework

            ProcessInfoPlistFile /Users/carl.stanley/sites/UKCPA/ukcpa_flutter/build/ios/Debug-iphonesimulator/image_picker_ios/image_picker_ios.framework/Info.plist /Users/carl.stanley/sites/UKCPA/ukcpa_flutter/ios/Pods/Target\ Support\ Files/image_picker_ios/image_picker_ios-Info.plist (in target 'image_picker_ios' from project 'Pods')
                cd /Users/carl.stanley/sites/UKCPA/ukcpa_flutter/ios/Pods
                builtin-infoPlistUtility /Users/carl.stanley/sites/UKCPA/ukcpa_flutter/ios/Pods/Target\ Support\ Files/image_picker_ios/image_picker_ios-Info.plist -producttype com.apple.product-type.framework -expandbuildsettings -format binary -platform iphonesimulator -o /Users/carl.stanley/sites/UKCPA/ukcpa_flutter/build/ios/Debug-iphonesimulator/image_picker_ios/image_picker_ios.framework/Info.plist

            ProcessInfoPlistFile /Users/carl.stanley/sites/UKCPA/ukcpa_flutter/build/ios/Debug-iphonesimulator/integration_test/integration_test.framework/Info.plist /Users/carl.stanley/sites/UKCPA/ukcpa_flutter/ios/Pods/Target\ Support\ Files/integration_test/integration_test-Info.plist (in target 'integration_test' from project 'Pods')
                cd /Users/carl.stanley/sites/UKCPA/ukcpa_flutter/ios/Pods
                builtin-infoPlistUtility /Users/carl.stanley/sites/UKCPA/ukcpa_flutter/ios/Pods/Target\ Support\ Files/integration_test/integration_test-Info.plist -producttype com.apple.product-type.framework -expandbuildsettings -format binary -platform iphonesimulator -o /Users/carl.stanley/sites/UKCPA/ukcpa_flutter/build/ios/Debug-iphonesimulator/integration_test/integration_test.framework/Info.plist

            ProcessInfoPlistFile /Users/carl.stanley/sites/UKCPA/ukcpa_flutter/build/ios/Debug-iphonesimulator/local_auth_darwin/local_auth_darwin_privacy.bundle/Info.plist /Users/carl.stanley/sites/UKCPA/ukcpa_flutter/ios/Pods/Target\ Support\ Files/local_auth_darwin/ResourceBundle-local_auth_darwin_privacy-local_auth_darwin-Info.plist (in target 'local_auth_darwin-local_auth_darwin_privacy' from project 'Pods')
                cd /Users/carl.stanley/sites/UKCPA/ukcpa_flutter/ios/Pods
                builtin-infoPlistUtility /Users/carl.stanley/sites/UKCPA/ukcpa_flutter/ios/Pods/Target\ Support\ Files/local_auth_darwin/ResourceBundle-local_auth_darwin_privacy-local_auth_darwin-Info.plist -producttype com.apple.product-type.bundle -expandbuildsettings -format binary -platform iphonesimulator -o /Users/carl.stanley/sites/UKCPA/ukcpa_flutter/build/ios/Debug-iphonesimulator/local_auth_darwin/local_auth_darwin_privacy.bundle/Info.plist

            CpResource /Users/carl.stanley/sites/UKCPA/ukcpa_flutter/build/ios/Debug-iphonesimulator/local_auth_darwin/local_auth_darwin.framework/local_auth_darwin_privacy.bundle /Users/carl.stanley/sites/UKCPA/ukcpa_flutter/build/ios/Debug-iphonesimulator/local_auth_darwin/local_auth_darwin_privacy.bundle (in target 'local_auth_darwin' from project 'Pods')
                cd /Users/carl.stanley/sites/UKCPA/ukcpa_flutter/ios/Pods
                builtin-copy -exclude .DS_Store -exclude CVS -exclude .svn -exclude .git -exclude .hg -resolve-src-symlinks /Users/carl.stanley/sites/UKCPA/ukcpa_flutter/build/ios/Debug-iphonesimulator/local_auth_darwin/local_auth_darwin_privacy.bundle /Users/carl.stanley/sites/UKCPA/ukcpa_flutter/build/ios/Debug-iphonesimulator/local_auth_darwin/local_auth_darwin.framework

            ProcessInfoPlistFile /Users/carl.stanley/sites/UKCPA/ukcpa_flutter/build/ios/Debug-iphonesimulator/local_auth_darwin/local_auth_darwin.framework/Info.plist /Users/carl.stanley/sites/UKCPA/ukcpa_flutter/ios/Pods/Target\ Support\ Files/local_auth_darwin/local_auth_darwin-Info.plist (in target 'local_auth_darwin' from project 'Pods')
                cd /Users/carl.stanley/sites/UKCPA/ukcpa_flutter/ios/Pods
                builtin-infoPlistUtility /Users/carl.stanley/sites/UKCPA/ukcpa_flutter/ios/Pods/Target\ Support\ Files/local_auth_darwin/local_auth_darwin-Info.plist -producttype com.apple.product-type.framework -expandbuildsettings -format binary -platform iphonesimulator -o /Users/carl.stanley/sites/UKCPA/ukcpa_flutter/build/ios/Debug-iphonesimulator/local_auth_darwin/local_auth_darwin.framework/Info.plist

            ProcessInfoPlistFile /Users/carl.stanley/sites/UKCPA/ukcpa_flutter/build/ios/Debug-iphonesimulator/package_info_plus/package_info_plus.framework/Info.plist /Users/carl.stanley/sites/UKCPA/ukcpa_flutter/ios/Pods/Target\ Support\ Files/package_info_plus/package_info_plus-Info.plist (in target 'package_info_plus' from project 'Pods')
                cd /Users/carl.stanley/sites/UKCPA/ukcpa_flutter/ios/Pods
                builtin-infoPlistUtility /Users/carl.stanley/sites/UKCPA/ukcpa_flutter/ios/Pods/Target\ Support\ Files/package_info_plus/package_info_plus-Info.plist -producttype com.apple.product-type.framework -expandbuildsettings -format binary -platform iphonesimulator -o /Users/carl.stanley/sites/UKCPA/ukcpa_flutter/build/ios/Debug-iphonesimulator/package_info_plus/package_info_plus.framework/Info.plist

            ProcessInfoPlistFile /Users/carl.stanley/sites/UKCPA/ukcpa_flutter/build/ios/Debug-iphonesimulator/path_provider_foundation/path_provider_foundation_privacy.bundle/Info.plist /Users/carl.stanley/sites/UKCPA/ukcpa_flutter/ios/Pods/Target\ Support\ Files/path_provider_foundation/ResourceBundle-path_provider_foundation_privacy-path_provider_foundation-Info.plist (in target 'path_provider_foundation-path_provider_foundation_privacy' from project 'Pods')
                cd /Users/carl.stanley/sites/UKCPA/ukcpa_flutter/ios/Pods
                builtin-infoPlistUtility /Users/carl.stanley/sites/UKCPA/ukcpa_flutter/ios/Pods/Target\ Support\ Files/path_provider_foundation/ResourceBundle-path_provider_foundation_privacy-path_provider_foundation-Info.plist -producttype com.apple.product-type.bundle -expandbuildsettings -format binary -platform iphonesimulator -o /Users/carl.stanley/sites/UKCPA/ukcpa_flutter/build/ios/Debug-iphonesimulator/path_provider_foundation/path_provider_foundation_privacy.bundle/Info.plist

            CpResource /Users/carl.stanley/sites/UKCPA/ukcpa_flutter/build/ios/Debug-iphonesimulator/path_provider_foundation/path_provider_foundation.framework/path_provider_foundation_privacy.bundle /Users/carl.stanley/sites/UKCPA/ukcpa_flutter/build/ios/Debug-iphonesimulator/path_provider_foundation/path_provider_foundation_privacy.bundle (in target 'path_provider_foundation' from project 'Pods')
                cd /Users/carl.stanley/sites/UKCPA/ukcpa_flutter/ios/Pods
                builtin-copy -exclude .DS_Store -exclude CVS -exclude .svn -exclude .git -exclude .hg -resolve-src-symlinks /Users/carl.stanley/sites/UKCPA/ukcpa_flutter/build/ios/Debug-iphonesimulator/path_provider_foundation/path_provider_foundation_privacy.bundle /Users/carl.stanley/sites/UKCPA/ukcpa_flutter/build/ios/Debug-iphonesimulator/path_provider_foundation/path_provider_foundation.framework

            ProcessInfoPlistFile /Users/carl.stanley/sites/UKCPA/ukcpa_flutter/build/ios/Debug-iphonesimulator/path_provider_foundation/path_provider_foundation.framework/Info.plist /Users/carl.stanley/sites/UKCPA/ukcpa_flutter/ios/Pods/Target\ Support\ Files/path_provider_foundation/path_provider_foundation-Info.plist (in target 'path_provider_foundation' from project 'Pods')
                cd /Users/carl.stanley/sites/UKCPA/ukcpa_flutter/ios/Pods
                builtin-infoPlistUtility /Users/carl.stanley/sites/UKCPA/ukcpa_flutter/ios/Pods/Target\ Support\ Files/path_provider_foundation/path_provider_foundation-Info.plist -producttype com.apple.product-type.framework -expandbuildsettings -format binary -platform iphonesimulator -o /Users/carl.stanley/sites/UKCPA/ukcpa_flutter/build/ios/Debug-iphonesimulator/path_provider_foundation/path_provider_foundation.framework/Info.plist

            ProcessInfoPlistFile /Users/carl.stanley/sites/UKCPA/ukcpa_flutter/build/ios/Debug-iphonesimulator/share_plus/share_plus.framework/Info.plist /Users/carl.stanley/sites/UKCPA/ukcpa_flutter/ios/Pods/Target\ Support\ Files/share_plus/share_plus-Info.plist (in target 'share_plus' from project 'Pods')
                cd /Users/carl.stanley/sites/UKCPA/ukcpa_flutter/ios/Pods
                builtin-infoPlistUtility /Users/carl.stanley/sites/UKCPA/ukcpa_flutter/ios/Pods/Target\ Support\ Files/share_plus/share_plus-Info.plist -producttype com.apple.product-type.framework -expandbuildsettings -format binary -platform iphonesimulator -o /Users/carl.stanley/sites/UKCPA/ukcpa_flutter/build/ios/Debug-iphonesimulator/share_plus/share_plus.framework/Info.plist

            ProcessInfoPlistFile /Users/carl.stanley/sites/UKCPA/ukcpa_flutter/build/ios/Debug-iphonesimulator/shared_preferences_foundation/shared_preferences_foundation_privacy.bundle/Info.plist /Users/carl.stanley/sites/UKCPA/ukcpa_flutter/ios/Pods/Target\ Support\ Files/shared_preferences_foundation/ResourceBundle-shared_preferences_foundation_privacy-shared_preferences_foundation-Info.plist (in target 'shared_preferences_foundation-shared_preferences_foundation_privacy' from project 'Pods')
                cd /Users/carl.stanley/sites/UKCPA/ukcpa_flutter/ios/Pods
                builtin-infoPlistUtility /Users/carl.stanley/sites/UKCPA/ukcpa_flutter/ios/Pods/Target\ Support\ Files/shared_preferences_foundation/ResourceBundle-shared_preferences_foundation_privacy-shared_preferences_foundation-Info.plist -producttype com.apple.product-type.bundle -expandbuildsettings -format binary -platform iphonesimulator -o /Users/carl.stanley/sites/UKCPA/ukcpa_flutter/build/ios/Debug-iphonesimulator/shared_preferences_foundation/shared_preferences_foundation_privacy.bundle/Info.plist

            CpResource /Users/carl.stanley/sites/UKCPA/ukcpa_flutter/build/ios/Debug-iphonesimulator/shared_preferences_foundation/shared_preferences_foundation.framework/shared_preferences_foundation_privacy.bundle /Users/carl.stanley/sites/UKCPA/ukcpa_flutter/build/ios/Debug-iphonesimulator/shared_preferences_foundation/shared_preferences_foundation_privacy.bundle (in target 'shared_preferences_foundation' from project 'Pods')
                cd /Users/carl.stanley/sites/UKCPA/ukcpa_flutter/ios/Pods
                builtin-copy -exclude .DS_Store -exclude CVS -exclude .svn -exclude .git -exclude .hg -resolve-src-symlinks /Users/carl.stanley/sites/UKCPA/ukcpa_flutter/build/ios/Debug-iphonesimulator/shared_preferences_foundation/shared_preferences_foundation_privacy.bundle /Users/carl.stanley/sites/UKCPA/ukcpa_flutter/build/ios/Debug-iphonesimulator/shared_preferences_foundation/shared_preferences_foundation.framework

            ProcessInfoPlistFile /Users/carl.stanley/sites/UKCPA/ukcpa_flutter/build/ios/Debug-iphonesimulator/shared_preferences_foundation/shared_preferences_foundation.framework/Info.plist /Users/carl.stanley/sites/UKCPA/ukcpa_flutter/ios/Pods/Target\ Support\ Files/shared_preferences_foundation/shared_preferences_foundation-Info.plist (in target 'shared_preferences_foundation' from project 'Pods')
                cd /Users/carl.stanley/sites/UKCPA/ukcpa_flutter/ios/Pods
                builtin-infoPlistUtility /Users/carl.stanley/sites/UKCPA/ukcpa_flutter/ios/Pods/Target\ Support\ Files/shared_preferences_foundation/shared_preferences_foundation-Info.plist -producttype com.apple.product-type.framework -expandbuildsettings -format binary -platform iphonesimulator -o /Users/carl.stanley/sites/UKCPA/ukcpa_flutter/build/ios/Debug-iphonesimulator/shared_preferences_foundation/shared_preferences_foundation.framework/Info.plist

            ProcessInfoPlistFile /Users/carl.stanley/sites/UKCPA/ukcpa_flutter/build/ios/Debug-iphonesimulator/sqflite_darwin/sqflite_darwin_privacy.bundle/Info.plist /Users/carl.stanley/sites/UKCPA/ukcpa_flutter/ios/Pods/Target\ Support\ Files/sqflite_darwin/ResourceBundle-sqflite_darwin_privacy-sqflite_darwin-Info.plist (in target 'sqflite_darwin-sqflite_darwin_privacy' from project 'Pods')
                cd /Users/carl.stanley/sites/UKCPA/ukcpa_flutter/ios/Pods
                builtin-infoPlistUtility /Users/carl.stanley/sites/UKCPA/ukcpa_flutter/ios/Pods/Target\ Support\ Files/sqflite_darwin/ResourceBundle-sqflite_darwin_privacy-sqflite_darwin-Info.plist -producttype com.apple.product-type.bundle -expandbuildsettings -format binary -platform iphonesimulator -o /Users/carl.stanley/sites/UKCPA/ukcpa_flutter/build/ios/Debug-iphonesimulator/sqflite_darwin/sqflite_darwin_privacy.bundle/Info.plist

            CpResource /Users/carl.stanley/sites/UKCPA/ukcpa_flutter/build/ios/Debug-iphonesimulator/sqflite_darwin/sqflite_darwin.framework/sqflite_darwin_privacy.bundle /Users/carl.stanley/sites/UKCPA/ukcpa_flutter/build/ios/Debug-iphonesimulator/sqflite_darwin/sqflite_darwin_privacy.bundle (in target 'sqflite_darwin' from project 'Pods')
                cd /Users/carl.stanley/sites/UKCPA/ukcpa_flutter/ios/Pods
                builtin-copy -exclude .DS_Store -exclude CVS -exclude .svn -exclude .git -exclude .hg -resolve-src-symlinks /Users/carl.stanley/sites/UKCPA/ukcpa_flutter/build/ios/Debug-iphonesimulator/sqflite_darwin/sqflite_darwin_privacy.bundle /Users/carl.stanley/sites/UKCPA/ukcpa_flutter/build/ios/Debug-iphonesimulator/sqflite_darwin/sqflite_darwin.framework

            ProcessInfoPlistFile /Users/carl.stanley/sites/UKCPA/ukcpa_flutter/build/ios/Debug-iphonesimulator/sqflite_darwin/sqflite_darwin.framework/Info.plist /Users/carl.stanley/sites/UKCPA/ukcpa_flutter/ios/Pods/Target\ Support\ Files/sqflite_darwin/sqflite_darwin-Info.plist (in target 'sqflite_darwin' from project 'Pods')
                cd /Users/carl.stanley/sites/UKCPA/ukcpa_flutter/ios/Pods
                builtin-infoPlistUtility /Users/carl.stanley/sites/UKCPA/ukcpa_flutter/ios/Pods/Target\ Support\ Files/sqflite_darwin/sqflite_darwin-Info.plist -producttype com.apple.product-type.framework -expandbuildsettings -format binary -platform iphonesimulator -o /Users/carl.stanley/sites/UKCPA/ukcpa_flutter/build/ios/Debug-iphonesimulator/sqflite_darwin/sqflite_darwin.framework/Info.plist

            ProcessInfoPlistFile /Users/carl.stanley/sites/UKCPA/ukcpa_flutter/build/ios/Debug-iphonesimulator/url_launcher_ios/url_launcher_ios_privacy.bundle/Info.plist /Users/carl.stanley/sites/UKCPA/ukcpa_flutter/ios/Pods/Target\ Support\ Files/url_launcher_ios/ResourceBundle-url_launcher_ios_privacy-url_launcher_ios-Info.plist (in target 'url_launcher_ios-url_launcher_ios_privacy' from project 'Pods')
                cd /Users/carl.stanley/sites/UKCPA/ukcpa_flutter/ios/Pods
                builtin-infoPlistUtility /Users/carl.stanley/sites/UKCPA/ukcpa_flutter/ios/Pods/Target\ Support\ Files/url_launcher_ios/ResourceBundle-url_launcher_ios_privacy-url_launcher_ios-Info.plist -producttype com.apple.product-type.bundle -expandbuildsettings -format binary -platform iphonesimulator -o /Users/carl.stanley/sites/UKCPA/ukcpa_flutter/build/ios/Debug-iphonesimulator/url_launcher_ios/url_launcher_ios_privacy.bundle/Info.plist

            CpResource /Users/carl.stanley/sites/UKCPA/ukcpa_flutter/build/ios/Debug-iphonesimulator/url_launcher_ios/url_launcher_ios.framework/url_launcher_ios_privacy.bundle /Users/carl.stanley/sites/UKCPA/ukcpa_flutter/build/ios/Debug-iphonesimulator/url_launcher_ios/url_launcher_ios_privacy.bundle (in target 'url_launcher_ios' from project 'Pods')
                cd /Users/carl.stanley/sites/UKCPA/ukcpa_flutter/ios/Pods
                builtin-copy -exclude .DS_Store -exclude CVS -exclude .svn -exclude .git -exclude .hg -resolve-src-symlinks /Users/carl.stanley/sites/UKCPA/ukcpa_flutter/build/ios/Debug-iphonesimulator/url_launcher_ios/url_launcher_ios_privacy.bundle /Users/carl.stanley/sites/UKCPA/ukcpa_flutter/build/ios/Debug-iphonesimulator/url_launcher_ios/url_launcher_ios.framework

            ProcessInfoPlistFile /Users/carl.stanley/sites/UKCPA/ukcpa_flutter/build/ios/Debug-iphonesimulator/url_launcher_ios/url_launcher_ios.framework/Info.plist /Users/carl.stanley/sites/UKCPA/ukcpa_flutter/ios/Pods/Target\ Support\ Files/url_launcher_ios/url_launcher_ios-Info.plist (in target 'url_launcher_ios' from project 'Pods')
                cd /Users/carl.stanley/sites/UKCPA/ukcpa_flutter/ios/Pods
                builtin-infoPlistUtility /Users/carl.stanley/sites/UKCPA/ukcpa_flutter/ios/Pods/Target\ Support\ Files/url_launcher_ios/url_launcher_ios-Info.plist -producttype com.apple.product-type.framework -expandbuildsettings -format binary -platform iphonesimulator -o /Users/carl.stanley/sites/UKCPA/ukcpa_flutter/build/ios/Debug-iphonesimulator/url_launcher_ios/url_launcher_ios.framework/Info.plist

            ProcessInfoPlistFile /Users/carl.stanley/sites/UKCPA/ukcpa_flutter/build/ios/Debug-iphonesimulator/video_player_avfoundation/video_player_avfoundation_privacy.bundle/Info.plist /Users/carl.stanley/sites/UKCPA/ukcpa_flutter/ios/Pods/Target\ Support\ Files/video_player_avfoundation/ResourceBundle-video_player_avfoundation_privacy-video_player_avfoundation-Info.plist (in target 'video_player_avfoundation-video_player_avfoundation_privacy' from project 'Pods')
                cd /Users/carl.stanley/sites/UKCPA/ukcpa_flutter/ios/Pods
                builtin-infoPlistUtility /Users/carl.stanley/sites/UKCPA/ukcpa_flutter/ios/Pods/Target\ Support\ Files/video_player_avfoundation/ResourceBundle-video_player_avfoundation_privacy-video_player_avfoundation-Info.plist -producttype com.apple.product-type.bundle -expandbuildsettings -format binary -platform iphonesimulator -o /Users/carl.stanley/sites/UKCPA/ukcpa_flutter/build/ios/Debug-iphonesimulator/video_player_avfoundation/video_player_avfoundation_privacy.bundle/Info.plist

            CpResource /Users/carl.stanley/sites/UKCPA/ukcpa_flutter/build/ios/Debug-iphonesimulator/video_player_avfoundation/video_player_avfoundation.framework/video_player_avfoundation_privacy.bundle /Users/carl.stanley/sites/UKCPA/ukcpa_flutter/build/ios/Debug-iphonesimulator/video_player_avfoundation/video_player_avfoundation_privacy.bundle (in target 'video_player_avfoundation' from project 'Pods')
                cd /Users/carl.stanley/sites/UKCPA/ukcpa_flutter/ios/Pods
                builtin-copy -exclude .DS_Store -exclude CVS -exclude .svn -exclude .git -exclude .hg -resolve-src-symlinks /Users/carl.stanley/sites/UKCPA/ukcpa_flutter/build/ios/Debug-iphonesimulator/video_player_avfoundation/video_player_avfoundation_privacy.bundle /Users/carl.stanley/sites/UKCPA/ukcpa_flutter/build/ios/Debug-iphonesimulator/video_player_avfoundation/video_player_avfoundation.framework

            ProcessInfoPlistFile /Users/carl.stanley/sites/UKCPA/ukcpa_flutter/build/ios/Debug-iphonesimulator/video_player_avfoundation/video_player_avfoundation.framework/Info.plist /Users/carl.stanley/sites/UKCPA/ukcpa_flutter/ios/Pods/Target\ Support\ Files/video_player_avfoundation/video_player_avfoundation-Info.plist (in target 'video_player_avfoundation' from project 'Pods')
                cd /Users/carl.stanley/sites/UKCPA/ukcpa_flutter/ios/Pods
                builtin-infoPlistUtility /Users/carl.stanley/sites/UKCPA/ukcpa_flutter/ios/Pods/Target\ Support\ Files/video_player_avfoundation/video_player_avfoundation-Info.plist -producttype com.apple.product-type.framework -expandbuildsettings -format binary -platform iphonesimulator -o /Users/carl.stanley/sites/UKCPA/ukcpa_flutter/build/ios/Debug-iphonesimulator/video_player_avfoundation/video_player_avfoundation.framework/Info.plist

            ProcessInfoPlistFile /Users/carl.stanley/sites/UKCPA/ukcpa_flutter/build/ios/Debug-iphonesimulator/wakelock_plus/wakelock_plus.framework/Info.plist /Users/carl.stanley/sites/UKCPA/ukcpa_flutter/ios/Pods/Target\ Support\ Files/wakelock_plus/wakelock_plus-Info.plist (in target 'wakelock_plus' from project 'Pods')
                cd /Users/carl.stanley/sites/UKCPA/ukcpa_flutter/ios/Pods
                builtin-infoPlistUtility /Users/carl.stanley/sites/UKCPA/ukcpa_flutter/ios/Pods/Target\ Support\ Files/wakelock_plus/wakelock_plus-Info.plist -producttype com.apple.product-type.framework -expandbuildsettings -format binary -platform iphonesimulator -o /Users/carl.stanley/sites/UKCPA/ukcpa_flutter/build/ios/Debug-iphonesimulator/wakelock_plus/wakelock_plus.framework/Info.plist

            ProcessInfoPlistFile /Users/carl.stanley/sites/UKCPA/ukcpa_flutter/build/ios/Debug-iphonesimulator/flutter_secure_storage/flutter_secure_storage.bundle/Info.plist /Users/carl.stanley/sites/UKCPA/ukcpa_flutter/ios/Pods/Target\ Support\ Files/flutter_secure_storage/ResourceBundle-flutter_secure_storage-flutter_secure_storage-Info.plist (in target 'flutter_secure_storage-flutter_secure_storage' from project 'Pods')
                cd /Users/carl.stanley/sites/UKCPA/ukcpa_flutter/ios/Pods
                builtin-infoPlistUtility /Users/carl.stanley/sites/UKCPA/ukcpa_flutter/ios/Pods/Target\ Support\ Files/flutter_secure_storage/ResourceBundle-flutter_secure_storage-flutter_secure_storage-Info.plist -producttype com.apple.product-type.bundle -expandbuildsettings -format binary -platform iphonesimulator -o /Users/carl.stanley/sites/UKCPA/ukcpa_flutter/build/ios/Debug-iphonesimulator/flutter_secure_storage/flutter_secure_storage.bundle/Info.plist

            CpResource /Users/carl.stanley/sites/UKCPA/ukcpa_flutter/build/ios/Debug-iphonesimulator/flutter_secure_storage/flutter_secure_storage.framework/flutter_secure_storage.bundle /Users/carl.stanley/sites/UKCPA/ukcpa_flutter/build/ios/Debug-iphonesimulator/flutter_secure_storage/flutter_secure_storage.bundle (in target 'flutter_secure_storage' from project 'Pods')
                cd /Users/carl.stanley/sites/UKCPA/ukcpa_flutter/ios/Pods
                builtin-copy -exclude .DS_Store -exclude CVS -exclude .svn -exclude .git -exclude .hg -resolve-src-symlinks /Users/carl.stanley/sites/UKCPA/ukcpa_flutter/build/ios/Debug-iphonesimulator/flutter_secure_storage/flutter_secure_storage.bundle /Users/carl.stanley/sites/UKCPA/ukcpa_flutter/build/ios/Debug-iphonesimulator/flutter_secure_storage/flutter_secure_storage.framework

            note: Run script build phase 'Run Script' will be run during every build because the option to run the script phase "Based on dependency analysis" is unchecked. (in target 'Runner' from project 'Runner')
            note: Run script build phase 'Thin Binary' will be run during every build because the option to run the script phase "Based on dependency analysis" is unchecked. (in target 'Runner' from project 'Runner')
            ProcessProductPackaging "" /Users/carl.stanley/Library/Developer/Xcode/DerivedData/Runner-dtxbldypbunqjrdrwadgjstoojan/Build/Intermediates.noindex/Runner.build/Debug-iphonesimulator/Runner.build/Runner.app-Simulated.xcent (in target 'Runner' from project 'Runner')
                cd /Users/carl.stanley/sites/UKCPA/ukcpa_flutter/ios

                Entitlements:

                {
                "application-identifier" = "FAKETEAMID.com.example.ukcpaFlutter";
            }

                builtin-productPackagingUtility -entitlements -format xml -o /Users/carl.stanley/Library/Developer/Xcode/DerivedData/Runner-dtxbldypbunqjrdrwadgjstoojan/Build/Intermediates.noindex/Runner.build/Debug-iphonesimulator/Runner.build/Runner.app-Simulated.xcent

            ProcessProductPackagingDER /Users/carl.stanley/Library/Developer/Xcode/DerivedData/Runner-dtxbldypbunqjrdrwadgjstoojan/Build/Intermediates.noindex/Runner.build/Debug-iphonesimulator/Runner.build/Runner.app-Simulated.xcent /Users/carl.stanley/Library/Developer/Xcode/DerivedData/Runner-dtxbldypbunqjrdrwadgjstoojan/Build/Intermediates.noindex/Runner.build/Debug-iphonesimulator/Runner.build/Runner.app-Simulated.xcent.der (in target 'Runner' from project 'Runner')
                cd /Users/carl.stanley/sites/UKCPA/ukcpa_flutter/ios
                /usr/bin/derq query -f xml -i /Users/carl.stanley/Library/Developer/Xcode/DerivedData/Runner-dtxbldypbunqjrdrwadgjstoojan/Build/Intermediates.noindex/Runner.build/Debug-iphonesimulator/Runner.build/Runner.app-Simulated.xcent -o /Users/carl.stanley/Library/Developer/Xcode/DerivedData/Runner-dtxbldypbunqjrdrwadgjstoojan/Build/Intermediates.noindex/Runner.build/Debug-iphonesimulator/Runner.build/Runner.app-Simulated.xcent.der --raw

            ProcessInfoPlistFile /Users/carl.stanley/sites/UKCPA/ukcpa_flutter/build/ios/Debug-iphonesimulator/flutter_secure_storage/flutter_secure_storage.framework/Info.plist /Users/carl.stanley/sites/UKCPA/ukcpa_flutter/ios/Pods/Target\ Support\ Files/flutter_secure_storage/flutter_secure_storage-Info.plist (in target 'flutter_secure_storage' from project 'Pods')
                cd /Users/carl.stanley/sites/UKCPA/ukcpa_flutter/ios/Pods
                builtin-infoPlistUtility /Users/carl.stanley/sites/UKCPA/ukcpa_flutter/ios/Pods/Target\ Support\ Files/flutter_secure_storage/flutter_secure_storage-Info.plist -producttype com.apple.product-type.framework -expandbuildsettings -format binary -platform iphonesimulator -o /Users/carl.stanley/sites/UKCPA/ukcpa_flutter/build/ios/Debug-iphonesimulator/flutter_secure_storage/flutter_secure_storage.framework/Info.plist

            CodeSign /Users/carl.stanley/sites/UKCPA/ukcpa_flutter/build/ios/Debug-iphonesimulator/flutter_secure_storage/flutter_secure_storage.framework (in target 'flutter_secure_storage' from project 'Pods')
                cd /Users/carl.stanley/sites/UKCPA/ukcpa_flutter/ios/Pods

                Signing Identity:     "Sign to Run Locally"

                /usr/bin/codesign --force --sign - --timestamp\=none --generate-entitlement-der /Users/carl.stanley/sites/UKCPA/ukcpa_flutter/build/ios/Debug-iphonesimulator/flutter_secure_storage/flutter_secure_storage.framework
            /Users/carl.stanley/sites/UKCPA/ukcpa_flutter/build/ios/Debug-iphonesimulator/flutter_secure_storage/flutter_secure_storage.framework: replacing existing signature

            CodeSign /Users/carl.stanley/sites/UKCPA/ukcpa_flutter/build/ios/Debug-iphonesimulator/image_cropper/image_cropper.framework (in target 'image_cropper' from project 'Pods')
                cd /Users/carl.stanley/sites/UKCPA/ukcpa_flutter/ios/Pods

                Signing Identity:     "Sign to Run Locally"

                /usr/bin/codesign --force --sign - --timestamp\=none --generate-entitlement-der /Users/carl.stanley/sites/UKCPA/ukcpa_flutter/build/ios/Debug-iphonesimulator/image_cropper/image_cropper.framework

            CodeSign /Users/carl.stanley/sites/UKCPA/ukcpa_flutter/build/ios/Debug-iphonesimulator/image_picker_ios/image_picker_ios.framework (in target 'image_picker_ios' from project 'Pods')
                cd /Users/carl.stanley/sites/UKCPA/ukcpa_flutter/ios/Pods

                Signing Identity:     "Sign to Run Locally"

                /usr/bin/codesign --force --sign - --timestamp\=none --generate-entitlement-der /Users/carl.stanley/sites/UKCPA/ukcpa_flutter/build/ios/Debug-iphonesimulator/image_picker_ios/image_picker_ios.framework
            /Users/carl.stanley/sites/UKCPA/ukcpa_flutter/build/ios/Debug-iphonesimulator/image_picker_ios/image_picker_ios.framework: replacing existing signature

            CodeSign /Users/carl.stanley/sites/UKCPA/ukcpa_flutter/build/ios/Debug-iphonesimulator/local_auth_darwin/local_auth_darwin.framework (in target 'local_auth_darwin' from project 'Pods')
                cd /Users/carl.stanley/sites/UKCPA/ukcpa_flutter/ios/Pods

                Signing Identity:     "Sign to Run Locally"

                /usr/bin/codesign --force --sign - --timestamp\=none --generate-entitlement-der /Users/carl.stanley/sites/UKCPA/ukcpa_flutter/build/ios/Debug-iphonesimulator/local_auth_darwin/local_auth_darwin.framework
            /Users/carl.stanley/sites/UKCPA/ukcpa_flutter/build/ios/Debug-iphonesimulator/local_auth_darwin/local_auth_darwin.framework: replacing existing signature

            CodeSign /Users/carl.stanley/sites/UKCPA/ukcpa_flutter/build/ios/Debug-iphonesimulator/path_provider_foundation/path_provider_foundation.framework (in target 'path_provider_foundation' from project 'Pods')
                cd /Users/carl.stanley/sites/UKCPA/ukcpa_flutter/ios/Pods

                Signing Identity:     "Sign to Run Locally"

                /usr/bin/codesign --force --sign - --timestamp\=none --generate-entitlement-der /Users/carl.stanley/sites/UKCPA/ukcpa_flutter/build/ios/Debug-iphonesimulator/path_provider_foundation/path_provider_foundation.framework
            /Users/carl.stanley/sites/UKCPA/ukcpa_flutter/build/ios/Debug-iphonesimulator/path_provider_foundation/path_provider_foundation.framework: replacing existing signature

            ProcessInfoPlistFile /Users/carl.stanley/sites/UKCPA/ukcpa_flutter/build/ios/Debug-iphonesimulator/permission_handler_apple/permission_handler_apple_privacy.bundle/Info.plist /Users/carl.stanley/sites/UKCPA/ukcpa_flutter/ios/Pods/Target\ Support\ Files/permission_handler_apple/ResourceBundle-permission_handler_apple_privacy-permission_handler_apple-Info.plist (in target 'permission_handler_apple-permission_handler_apple_privacy' from project 'Pods')
                cd /Users/carl.stanley/sites/UKCPA/ukcpa_flutter/ios/Pods
                builtin-infoPlistUtility /Users/carl.stanley/sites/UKCPA/ukcpa_flutter/ios/Pods/Target\ Support\ Files/permission_handler_apple/ResourceBundle-permission_handler_apple_privacy-permission_handler_apple-Info.plist -producttype com.apple.product-type.bundle -expandbuildsettings -format binary -platform iphonesimulator -o /Users/carl.stanley/sites/UKCPA/ukcpa_flutter/build/ios/Debug-iphonesimulator/permission_handler_apple/permission_handler_apple_privacy.bundle/Info.plist

            ProcessInfoPlistFile /Users/carl.stanley/sites/UKCPA/ukcpa_flutter/build/ios/Debug-iphonesimulator/permission_handler_apple/permission_handler_apple.framework/Info.plist /Users/carl.stanley/sites/UKCPA/ukcpa_flutter/ios/Pods/Target\ Support\ Files/permission_handler_apple/permission_handler_apple-Info.plist (in target 'permission_handler_apple' from project 'Pods')
                cd /Users/carl.stanley/sites/UKCPA/ukcpa_flutter/ios/Pods
                builtin-infoPlistUtility /Users/carl.stanley/sites/UKCPA/ukcpa_flutter/ios/Pods/Target\ Support\ Files/permission_handler_apple/permission_handler_apple-Info.plist -producttype com.apple.product-type.framework -expandbuildsettings -format binary -platform iphonesimulator -o /Users/carl.stanley/sites/UKCPA/ukcpa_flutter/build/ios/Debug-iphonesimulator/permission_handler_apple/permission_handler_apple.framework/Info.plist

            CodeSign /Users/carl.stanley/sites/UKCPA/ukcpa_flutter/build/ios/Debug-iphonesimulator/shared_preferences_foundation/shared_preferences_foundation.framework (in target 'shared_preferences_foundation' from project 'Pods')
                cd /Users/carl.stanley/sites/UKCPA/ukcpa_flutter/ios/Pods

                Signing Identity:     "Sign to Run Locally"

                /usr/bin/codesign --force --sign - --timestamp\=none --generate-entitlement-der /Users/carl.stanley/sites/UKCPA/ukcpa_flutter/build/ios/Debug-iphonesimulator/shared_preferences_foundation/shared_preferences_foundation.framework
            /Users/carl.stanley/sites/UKCPA/ukcpa_flutter/build/ios/Debug-iphonesimulator/shared_preferences_foundation/shared_preferences_foundation.framework: replacing existing signature

            CodeSign /Users/carl.stanley/sites/UKCPA/ukcpa_flutter/build/ios/Debug-iphonesimulator/sqflite_darwin/sqflite_darwin.framework (in target 'sqflite_darwin' from project 'Pods')
                cd /Users/carl.stanley/sites/UKCPA/ukcpa_flutter/ios/Pods

                Signing Identity:     "Sign to Run Locally"

                /usr/bin/codesign --force --sign - --timestamp\=none --generate-entitlement-der /Users/carl.stanley/sites/UKCPA/ukcpa_flutter/build/ios/Debug-iphonesimulator/sqflite_darwin/sqflite_darwin.framework
            /Users/carl.stanley/sites/UKCPA/ukcpa_flutter/build/ios/Debug-iphonesimulator/sqflite_darwin/sqflite_darwin.framework: replacing existing signature

            CodeSign /Users/carl.stanley/sites/UKCPA/ukcpa_flutter/build/ios/Debug-iphonesimulator/url_launcher_ios/url_launcher_ios.framework (in target 'url_launcher_ios' from project 'Pods')
                cd /Users/carl.stanley/sites/UKCPA/ukcpa_flutter/ios/Pods

                Signing Identity:     "Sign to Run Locally"

                /usr/bin/codesign --force --sign - --timestamp\=none --generate-entitlement-der /Users/carl.stanley/sites/UKCPA/ukcpa_flutter/build/ios/Debug-iphonesimulator/url_launcher_ios/url_launcher_ios.framework
            /Users/carl.stanley/sites/UKCPA/ukcpa_flutter/build/ios/Debug-iphonesimulator/url_launcher_ios/url_launcher_ios.framework: replacing existing signature

            CodeSign /Users/carl.stanley/sites/UKCPA/ukcpa_flutter/build/ios/Debug-iphonesimulator/video_player_avfoundation/video_player_avfoundation.framework (in target 'video_player_avfoundation' from project 'Pods')
                cd /Users/carl.stanley/sites/UKCPA/ukcpa_flutter/ios/Pods

                Signing Identity:     "Sign to Run Locally"

                /usr/bin/codesign --force --sign - --timestamp\=none --generate-entitlement-der /Users/carl.stanley/sites/UKCPA/ukcpa_flutter/build/ios/Debug-iphonesimulator/video_player_avfoundation/video_player_avfoundation.framework
            /Users/carl.stanley/sites/UKCPA/ukcpa_flutter/build/ios/Debug-iphonesimulator/video_player_avfoundation/video_player_avfoundation.framework: replacing existing signature

            ProcessInfoPlistFile /Users/carl.stanley/sites/UKCPA/ukcpa_flutter/build/ios/Debug-iphonesimulator/Pods_Runner.framework/Info.plist /Users/carl.stanley/sites/UKCPA/ukcpa_flutter/ios/Pods/Target\ Support\ Files/Pods-Runner/Pods-Runner-Info.plist (in target 'Pods-Runner' from project 'Pods')
                cd /Users/carl.stanley/sites/UKCPA/ukcpa_flutter/ios/Pods
                builtin-infoPlistUtility /Users/carl.stanley/sites/UKCPA/ukcpa_flutter/ios/Pods/Target\ Support\ Files/Pods-Runner/Pods-Runner-Info.plist -producttype com.apple.product-type.framework -expandbuildsettings -format binary -platform iphonesimulator -o /Users/carl.stanley/sites/UKCPA/ukcpa_flutter/build/ios/Debug-iphonesimulator/Pods_Runner.framework/Info.plist

            PhaseScriptExecution [CP]\ Check\ Pods\ Manifest.lock /Users/carl.stanley/Library/Developer/Xcode/DerivedData/Runner-dtxbldypbunqjrdrwadgjstoojan/Build/Intermediates.noindex/Runner.build/Debug-iphonesimulator/Runner.build/Script-1EF38C429E83BA2029901A95.sh (in target 'Runner' from project 'Runner')
                cd /Users/carl.stanley/sites/UKCPA/ukcpa_flutter/ios
                /bin/sh -c /Users/carl.stanley/Library/Developer/Xcode/DerivedData/Runner-dtxbldypbunqjrdrwadgjstoojan/Build/Intermediates.noindex/Runner.build/Debug-iphonesimulator/Runner.build/Script-1EF38C429E83BA2029901A95.sh

            PhaseScriptExecution Run\ Script /Users/carl.stanley/Library/Developer/Xcode/DerivedData/Runner-dtxbldypbunqjrdrwadgjstoojan/Build/Intermediates.noindex/Runner.build/Debug-iphonesimulator/Runner.build/Script-9740EEB61CF901F6004384FC.sh (in target 'Runner' from project 'Runner')
                cd /Users/carl.stanley/sites/UKCPA/ukcpa_flutter/ios
                export ACTION\=build
                export AD_HOC_CODE_SIGNING_ALLOWED\=YES
                export AGGREGATE_TRACKED_DOMAINS\=YES
                export ALLOW_BUILD_REQUEST_OVERRIDES\=NO
                export ALLOW_TARGET_PLATFORM_SPECIALIZATION\=NO
                export ALTERNATE_GROUP\=staff
                export ALTERNATE_MODE\=u+w,go-w,a+rX
                export ALTERNATE_OWNER\=carl.stanley
                export ALTERNATIVE_DISTRIBUTION_WEB\=NO
                export ALWAYS_EMBED_SWIFT_STANDARD_LIBRARIES\=YES
                export ALWAYS_SEARCH_USER_PATHS\=NO
                export ALWAYS_USE_SEPARATE_HEADERMAPS\=NO
                export APPLE_INTERNAL_DEVELOPER_DIR\=/AppleInternal/Developer
                export APPLE_INTERNAL_DIR\=/AppleInternal
                export APPLE_INTERNAL_DOCUMENTATION_DIR\=/AppleInternal/Documentation
                export APPLE_INTERNAL_LIBRARY_DIR\=/AppleInternal/Library
                export APPLE_INTERNAL_TOOLS\=/AppleInternal/Developer/Tools
                export APPLICATION_EXTENSION_API_ONLY\=NO
                export APPLY_RULES_IN_COPY_FILES\=NO
                export APPLY_RULES_IN_COPY_HEADERS\=NO
                export APP_SHORTCUTS_ENABLE_FLEXIBLE_MATCHING\=YES
                export ARCHS\=arm64
                export ARCHS_STANDARD\=arm64\ x86_64
                export ARCHS_STANDARD_32_64_BIT\=arm64\ i386\ x86_64
                export ARCHS_STANDARD_32_BIT\=i386
                export ARCHS_STANDARD_64_BIT\=arm64\ x86_64
                export ARCHS_STANDARD_INCLUDING_64_BIT\=arm64\ x86_64
                export ARCHS_UNIVERSAL_IPHONE_OS\=arm64\ i386\ x86_64
                export ASSETCATALOG_COMPILER_APPICON_NAME\=AppIcon
                export ASSETCATALOG_COMPILER_GENERATE_ASSET_SYMBOLS\=YES
                export ASSETCATALOG_COMPILER_GENERATE_SWIFT_ASSET_SYMBOL_EXTENSIONS\=YES
                export ASSETCATALOG_FILTER_FOR_DEVICE_MODEL\=iPhone17,1
                export ASSETCATALOG_FILTER_FOR_DEVICE_OS_VERSION\=18.0
                export ASSETCATALOG_FILTER_FOR_THINNING_DEVICE_CONFIGURATION\=iPhone17,1
                export AUTOMATICALLY_MERGE_DEPENDENCIES\=NO
                export AVAILABLE_PLATFORMS\=appletvos\ appletvsimulator\ driverkit\ iphoneos\ iphonesimulator\ macosx\ watchos\ watchsimulator\ xros\ xrsimulator
                export AppIdentifierPrefix\=FAKETEAMID.
                export BITCODE_GENERATION_MODE\=marker
                export BUILD_ACTIVE_RESOURCES_ONLY\=YES
                export BUILD_COMPONENTS\=headers\ build
                export BUILD_DIR\=/Users/carl.stanley/sites/UKCPA/ukcpa_flutter/build/ios
                export BUILD_LIBRARY_FOR_DISTRIBUTION\=NO
                export BUILD_ROOT\=/Users/carl.stanley/Library/Developer/Xcode/DerivedData/Runner-dtxbldypbunqjrdrwadgjstoojan/Build/Products
                export BUILD_STYLE\=
                export BUILD_VARIANTS\=normal
                export BUILT_PRODUCTS_DIR\=/Users/carl.stanley/sites/UKCPA/ukcpa_flutter/build/ios/Debug-iphonesimulator
                export BUNDLE_CONTENTS_FOLDER_PATH_deep\=Contents/
                export BUNDLE_EXECUTABLE_FOLDER_NAME_deep\=MacOS
                export BUNDLE_EXTENSIONS_FOLDER_PATH\=Extensions
                export BUNDLE_FORMAT\=shallow
                export BUNDLE_FRAMEWORKS_FOLDER_PATH\=Frameworks
                export BUNDLE_PLUGINS_FOLDER_PATH\=PlugIns
                export BUNDLE_PRIVATE_HEADERS_FOLDER_PATH\=PrivateHeaders
                export BUNDLE_PUBLIC_HEADERS_FOLDER_PATH\=Headers
                export CACHE_ROOT\=/var/folders/20/skb3d8qx2hn9r9z8036y32g40000gp/C/com.apple.DeveloperTools/16.0-16A242d/Xcode
                export CCHROOT\=/var/folders/20/skb3d8qx2hn9r9z8036y32g40000gp/C/com.apple.DeveloperTools/16.0-16A242d/Xcode
                export CHMOD\=/bin/chmod
                export CHOWN\=/usr/sbin/chown
                export CLANG_ANALYZER_NONNULL\=YES
                export CLANG_CACHE_FINE_GRAINED_OUTPUTS\=YES
                export CLANG_CXX_LANGUAGE_STANDARD\=gnu++0x
                export CLANG_CXX_LIBRARY\=libc++
                export CLANG_ENABLE_EXPLICIT_MODULES\=YES
                export CLANG_ENABLE_MODULES\=YES
                export CLANG_ENABLE_OBJC_ARC\=YES
                export CLANG_MODULES_BUILD_SESSION_FILE\=/Users/carl.stanley/Library/Developer/Xcode/DerivedData/ModuleCache.noindex/Session.modulevalidation
                export CLANG_WARN_BLOCK_CAPTURE_AUTORELEASING\=YES
                export CLANG_WARN_BOOL_CONVERSION\=YES
                export CLANG_WARN_COMMA\=YES
                export CLANG_WARN_CONSTANT_CONVERSION\=YES
                export CLANG_WARN_DEPRECATED_OBJC_IMPLEMENTATIONS\=YES
                export CLANG_WARN_DIRECT_OBJC_ISA_USAGE\=YES_ERROR
                export CLANG_WARN_EMPTY_BODY\=YES
                export CLANG_WARN_ENUM_CONVERSION\=YES
                export CLANG_WARN_INFINITE_RECURSION\=YES
                export CLANG_WARN_INT_CONVERSION\=YES
                export CLANG_WARN_NON_LITERAL_NULL_CONVERSION\=YES
                export CLANG_WARN_OBJC_IMPLICIT_RETAIN_SELF\=YES
                export CLANG_WARN_OBJC_LITERAL_CONVERSION\=YES
                export CLANG_WARN_OBJC_ROOT_CLASS\=YES_ERROR
                export CLANG_WARN_QUOTED_INCLUDE_IN_FRAMEWORK_HEADER\=NO
                export CLANG_WARN_RANGE_LOOP_ANALYSIS\=YES
                export CLANG_WARN_STRICT_PROTOTYPES\=YES
                export CLANG_WARN_SUSPICIOUS_MOVE\=YES
                export CLANG_WARN_UNREACHABLE_CODE\=YES
                export CLANG_WARN__DUPLICATE_METHOD_MATCH\=YES
                export CLASS_FILE_DIR\=/Users/carl.stanley/Library/Developer/Xcode/DerivedData/Runner-dtxbldypbunqjrdrwadgjstoojan/Build/Intermediates.noindex/Runner.build/Debug-iphonesimulator/Runner.build/JavaClasses
                export CLEAN_PRECOMPS\=YES
                export CLONE_HEADERS\=NO
                export COCOAPODS_PARALLEL_CODE_SIGN\=true
                export CODESIGNING_FOLDER_PATH\=/Users/carl.stanley/sites/UKCPA/ukcpa_flutter/build/ios/Debug-iphonesimulator/Runner.app
                export CODE_SIGNING_ALLOWED\=YES
                export CODE_SIGNING_REQUIRED\=YES
                export CODE_SIGN_CONTEXT_CLASS\=XCiPhoneSimulatorCodeSignContext
                export CODE_SIGN_IDENTITY\=-
                export CODE_SIGN_INJECT_BASE_ENTITLEMENTS\=YES
                export COLOR_DIAGNOSTICS\=NO
                export COMBINE_HIDPI_IMAGES\=NO
                export COMPILATION_CACHE_CAS_PATH\=/Users/carl.stanley/Library/Developer/Xcode/DerivedData/CompilationCache.noindex
                export COMPILATION_CACHE_KEEP_CAS_DIRECTORY\=YES
                export COMPILER_INDEX_STORE_ENABLE\=NO
                export COMPOSITE_SDK_DIRS\=/Users/carl.stanley/Library/Developer/Xcode/DerivedData/Runner-dtxbldypbunqjrdrwadgjstoojan/Build/Intermediates.noindex/CompositeSDKs
                export COMPRESS_PNG_FILES\=YES
                export CONFIGURATION\=Debug
                export CONFIGURATION_BUILD_DIR\=/Users/carl.stanley/sites/UKCPA/ukcpa_flutter/build/ios/Debug-iphonesimulator
                export CONFIGURATION_TEMP_DIR\=/Users/carl.stanley/Library/Developer/Xcode/DerivedData/Runner-dtxbldypbunqjrdrwadgjstoojan/Build/Intermediates.noindex/Runner.build/Debug-iphonesimulator
                export CONTENTS_FOLDER_PATH\=Runner.app
                export CONTENTS_FOLDER_PATH_SHALLOW_BUNDLE_NO\=Runner.app/Contents
                export CONTENTS_FOLDER_PATH_SHALLOW_BUNDLE_YES\=Runner.app
                export COPYING_PRESERVES_HFS_DATA\=NO
                export COPY_HEADERS_RUN_UNIFDEF\=NO
                export COPY_PHASE_STRIP\=NO
                export CORRESPONDING_DEVICE_PLATFORM_DIR\=/Applications/Xcode.app/Contents/Developer/Platforms/iPhoneOS.platform
                export CORRESPONDING_DEVICE_PLATFORM_NAME\=iphoneos
                export CORRESPONDING_DEVICE_SDK_DIR\=/Applications/Xcode.app/Contents/Developer/Platforms/iPhoneOS.platform/Developer/SDKs/iPhoneOS18.0.sdk
                export CORRESPONDING_DEVICE_SDK_NAME\=iphoneos18.0
                export CP\=/bin/cp
                export CREATE_INFOPLIST_SECTION_IN_BINARY\=NO
                export CURRENT_ARCH\=undefined_arch
                export CURRENT_PROJECT_VERSION\=1
                export CURRENT_VARIANT\=normal
                export DART_DEFINES\=RkxVVFRFUl9WRVJTSU9OPTMuMzIuOA\=\=,RkxVVFRFUl9DSEFOTkVMPXN0YWJsZQ\=\=,RkxVVFRFUl9HSVRfVVJMPWh0dHBzOi8vZ2l0aHViLmNvbS9mbHV0dGVyL2ZsdXR0ZXIuZ2l0,RkxVVFRFUl9GUkFNRVdPUktfUkVWSVNJT049ZWRhZGE3YzU2ZQ\=\=,RkxVVFRFUl9FTkdJTkVfUkVWSVNJT049ZWYwY2QwMDA5MQ\=\=,RkxVVFRFUl9EQVJUX1ZFUlNJT049My44LjE\=,SU5URUdSQVRJT05fVEVTVF9TSE9VTERfUkVQT1JUX1JFU1VMVFNfVE9fTkFUSVZFPWZhbHNl
                export DART_OBFUSCATION\=false
                export DEAD_CODE_STRIPPING\=YES
                export DEBUGGING_SYMBOLS\=YES
                export DEBUG_INFORMATION_FORMAT\=dwarf
                export DEBUG_INFORMATION_VERSION\=compiler-default
                export DEFAULT_COMPILER\=com.apple.compilers.llvm.clang.1_0
                export DEFAULT_DEXT_INSTALL_PATH\=/System/Library/DriverExtensions
                export DEFAULT_KEXT_INSTALL_PATH\=/System/Library/Extensions
                export DEFINES_MODULE\=NO
                export DEPLOYMENT_LOCATION\=NO
                export DEPLOYMENT_POSTPROCESSING\=NO
                export DEPLOYMENT_TARGET_SETTING_NAME\=IPHONEOS_DEPLOYMENT_TARGET
                export DEPLOYMENT_TARGET_SUGGESTED_VALUES\=12.0\ 12.1\ 12.2\ 12.3\ 12.4\ 13.0\ 13.1\ 13.2\ 13.3\ 13.4\ 13.5\ 13.6\ 14.0\ 14.1\ 14.2\ 14.3\ 14.4\ 14.5\ 14.6\ 14.7\ 15.0\ 15.1\ 15.2\ 15.3\ 15.4\ 15.5\ 15.6\ 16.0\ 16.1\ 16.2\ 16.3\ 16.4\ 16.5\ 16.6\ 17.0\ 17.1\ 17.2\ 17.3\ 17.4\ 17.5\ 17.6\ 18.0
                export DERIVED_FILES_DIR\=/Users/carl.stanley/Library/Developer/Xcode/DerivedData/Runner-dtxbldypbunqjrdrwadgjstoojan/Build/Intermediates.noindex/Runner.build/Debug-iphonesimulator/Runner.build/DerivedSources
                export DERIVED_FILE_DIR\=/Users/carl.stanley/Library/Developer/Xcode/DerivedData/Runner-dtxbldypbunqjrdrwadgjstoojan/Build/Intermediates.noindex/Runner.build/Debug-iphonesimulator/Runner.build/DerivedSources
                export DERIVED_SOURCES_DIR\=/Users/carl.stanley/Library/Developer/Xcode/DerivedData/Runner-dtxbldypbunqjrdrwadgjstoojan/Build/Intermediates.noindex/Runner.build/Debug-iphonesimulator/Runner.build/DerivedSources
                export DEVELOPER_APPLICATIONS_DIR\=/Applications/Xcode.app/Contents/Developer/Applications
                export DEVELOPER_BIN_DIR\=/Applications/Xcode.app/Contents/Developer/usr/bin
                export DEVELOPER_DIR\=/Applications/Xcode.app/Contents/Developer
                export DEVELOPER_FRAMEWORKS_DIR\=/Applications/Xcode.app/Contents/Developer/Library/Frameworks
                export DEVELOPER_FRAMEWORKS_DIR_QUOTED\=/Applications/Xcode.app/Contents/Developer/Library/Frameworks
                export DEVELOPER_LIBRARY_DIR\=/Applications/Xcode.app/Contents/Developer/Library
                export DEVELOPER_SDK_DIR\=/Applications/Xcode.app/Contents/Developer/Platforms/MacOSX.platform/Developer/SDKs
                export DEVELOPER_TOOLS_DIR\=/Applications/Xcode.app/Contents/Developer/Tools
                export DEVELOPER_USR_DIR\=/Applications/Xcode.app/Contents/Developer/usr
                export DEVELOPMENT_LANGUAGE\=en
                export DIFF\=/usr/bin/diff
                export DOCUMENTATION_FOLDER_PATH\=Runner.app/en.lproj/Documentation
                export DONT_GENERATE_INFOPLIST_FILE\=NO
                export DSTROOT\=/tmp/Runner.dst
                export DT_TOOLCHAIN_DIR\=/Applications/Xcode.app/Contents/Developer/Toolchains/XcodeDefault.xctoolchain
                export DWARF_DSYM_FILE_NAME\=Runner.app.dSYM
                export DWARF_DSYM_FILE_SHOULD_ACCOMPANY_PRODUCT\=NO
                export DWARF_DSYM_FOLDER_PATH\=/Users/carl.stanley/sites/UKCPA/ukcpa_flutter/build/ios/Debug-iphonesimulator
                export DYNAMIC_LIBRARY_EXTENSION\=dylib
                export EAGER_COMPILATION_ALLOW_SCRIPTS\=NO
                export EAGER_LINKING\=NO
                export EFFECTIVE_PLATFORM_NAME\=-iphonesimulator
                export EMBEDDED_CONTENT_CONTAINS_SWIFT\=NO
                export EMBED_ASSET_PACKS_IN_PRODUCT_BUNDLE\=NO
                export ENABLE_APP_SANDBOX\=NO
                export ENABLE_BITCODE\=NO
                export ENABLE_CODE_COVERAGE\=YES
                export ENABLE_DEBUG_DYLIB\=YES
                export ENABLE_DEFAULT_HEADER_SEARCH_PATHS\=YES
                export ENABLE_DEFAULT_SEARCH_PATHS\=YES
                export ENABLE_HARDENED_RUNTIME\=NO
                export ENABLE_HEADER_DEPENDENCIES\=YES
                export ENABLE_ON_DEMAND_RESOURCES\=YES
                export ENABLE_PREVIEWS\=NO
                export ENABLE_STRICT_OBJC_MSGSEND\=YES
                export ENABLE_TESTABILITY\=YES
                export ENABLE_TESTING_SEARCH_PATHS\=NO
                export ENABLE_USER_SCRIPT_SANDBOXING\=NO
                export ENABLE_XOJIT_PREVIEWS\=YES
                export ENTITLEMENTS_ALLOWED\=NO
                export ENTITLEMENTS_DESTINATION\=__entitlements
                export ENTITLEMENTS_REQUIRED\=NO
                export EXCLUDED_ARCHS\=i386
                export EXCLUDED_INSTALLSRC_SUBDIRECTORY_PATTERNS\=.DS_Store\ .svn\ .git\ .hg\ CVS
                export EXCLUDED_RECURSIVE_SEARCH_PATH_SUBDIRECTORIES\=\*.nib\ \*.lproj\ \*.framework\ \*.gch\ \*.xcode\*\ \*.xcassets\ \(\*\)\ .DS_Store\ CVS\ .svn\ .git\ .hg\ \*.pbproj\ \*.pbxproj
                export EXECUTABLES_FOLDER_PATH\=Runner.app/Executables
                export EXECUTABLE_BLANK_INJECTION_DYLIB_PATH\=Runner.app/__preview.dylib
                export EXECUTABLE_DEBUG_DYLIB_INSTALL_NAME\=@rpath/Runner.debug.dylib
                export EXECUTABLE_DEBUG_DYLIB_PATH\=Runner.app/Runner.debug.dylib
                export EXECUTABLE_FOLDER_PATH\=Runner.app
                export EXECUTABLE_FOLDER_PATH_SHALLOW_BUNDLE_NO\=Runner.app/MacOS
                export EXECUTABLE_FOLDER_PATH_SHALLOW_BUNDLE_YES\=Runner.app
                export EXECUTABLE_NAME\=Runner
                export EXECUTABLE_PATH\=Runner.app/Runner
                export EXPANDED_CODE_SIGN_IDENTITY\=-
                export EXPANDED_CODE_SIGN_IDENTITY_NAME\=Sign\ to\ Run\ Locally
                export EXTENSIONS_FOLDER_PATH\=Runner.app/Extensions
                export FILE_LIST\=/Users/carl.stanley/Library/Developer/Xcode/DerivedData/Runner-dtxbldypbunqjrdrwadgjstoojan/Build/Intermediates.noindex/Runner.build/Debug-iphonesimulator/Runner.build/Objects/LinkFileList
                export FIXED_FILES_DIR\=/Users/carl.stanley/Library/Developer/Xcode/DerivedData/Runner-dtxbldypbunqjrdrwadgjstoojan/Build/Intermediates.noindex/Runner.build/Debug-iphonesimulator/Runner.build/FixedFiles
                export FLUTTER_APPLICATION_PATH\=/Users/carl.stanley/sites/UKCPA/ukcpa_flutter
                export FLUTTER_BUILD_DIR\=build
                export FLUTTER_BUILD_NAME\=1.0.0
                export FLUTTER_BUILD_NUMBER\=1
                export FLUTTER_ROOT\=/Users/carl.stanley/development/flutter
                export FLUTTER_SUPPRESS_ANALYTICS\=true
                export FLUTTER_TARGET\=/var/folders/20/skb3d8qx2hn9r9z8036y32g40000gp/T/flutter_tools.MwIZIg/flutter_test_listener.FhRBLo/listener.dart
                export FRAMEWORKS_FOLDER_PATH\=Runner.app/Frameworks
                export FRAMEWORK_FLAG_PREFIX\=-framework
                export FRAMEWORK_SEARCH_PATHS\=/Users/carl.stanley/sites/UKCPA/ukcpa_flutter/build/ios/Debug-iphonesimulator\ \ \"/Users/carl.stanley/sites/UKCPA/ukcpa_flutter/build/ios/Debug-iphonesimulator/ReachabilitySwift\"\ \"/Users/carl.stanley/sites/UKCPA/ukcpa_flutter/build/ios/Debug-iphonesimulator/TOCropViewController\"\ \"/Users/carl.stanley/sites/UKCPA/ukcpa_flutter/build/ios/Debug-iphonesimulator/connectivity_plus\"\ \"/Users/carl.stanley/sites/UKCPA/ukcpa_flutter/build/ios/Debug-iphonesimulator/device_info_plus\"\ \"/Users/carl.stanley/sites/UKCPA/ukcpa_flutter/build/ios/Debug-iphonesimulator/flutter_secure_storage\"\ \"/Users/carl.stanley/sites/UKCPA/ukcpa_flutter/build/ios/Debug-iphonesimulator/image_cropper\"\ \"/Users/carl.stanley/sites/UKCPA/ukcpa_flutter/build/ios/Debug-iphonesimulator/image_picker_ios\"\ \"/Users/carl.stanley/sites/UKCPA/ukcpa_flutter/build/ios/Debug-iphonesimulator/integration_test\"\ \"/Users/carl.stanley/sites/UKCPA/ukcpa_flutter/build/ios/Debug-iphonesimulator/local_auth_darwin\"\ \"/Users/carl.stanley/sites/UKCPA/ukcpa_flutter/build/ios/Debug-iphonesimulator/package_info_plus\"\ \"/Users/carl.stanley/sites/UKCPA/ukcpa_flutter/build/ios/Debug-iphonesimulator/path_provider_foundation\"\ \"/Users/carl.stanley/sites/UKCPA/ukcpa_flutter/build/ios/Debug-iphonesimulator/permission_handler_apple\"\ \"/Users/carl.stanley/sites/UKCPA/ukcpa_flutter/build/ios/Debug-iphonesimulator/share_plus\"\ \"/Users/carl.stanley/sites/UKCPA/ukcpa_flutter/build/ios/Debug-iphonesimulator/shared_preferences_foundation\"\ \"/Users/carl.stanley/sites/UKCPA/ukcpa_flutter/build/ios/Debug-iphonesimulator/sqflite_darwin\"\ \"/Users/carl.stanley/sites/UKCPA/ukcpa_flutter/build/ios/Debug-iphonesimulator/url_launcher_ios\"\ \"/Users/carl.stanley/sites/UKCPA/ukcpa_flutter/build/ios/Debug-iphonesimulator/video_player_avfoundation\"\ \"/Users/carl.stanley/sites/UKCPA/ukcpa_flutter/build/ios/Debug-iphonesimulator/wakelock_plus\"
                export FRAMEWORK_VERSION\=A
                export FULL_PRODUCT_NAME\=Runner.app
                export FUSE_BUILD_PHASES\=YES
                export FUSE_BUILD_SCRIPT_PHASES\=NO
                export GCC3_VERSION\=3.3
                export GCC_C_LANGUAGE_STANDARD\=gnu99
                export GCC_DYNAMIC_NO_PIC\=NO
                export GCC_INLINES_ARE_PRIVATE_EXTERN\=YES
                export GCC_NO_COMMON_BLOCKS\=YES
                export GCC_OBJC_LEGACY_DISPATCH\=YES
                export GCC_OPTIMIZATION_LEVEL\=0
                export GCC_PFE_FILE_C_DIALECTS\=c\ objective-c\ c++\ objective-c++
                export GCC_PREPROCESSOR_DEFINITIONS\=DEBUG\=1\ \ COCOAPODS\=1
                export GCC_SYMBOLS_PRIVATE_EXTERN\=NO
                export GCC_TREAT_WARNINGS_AS_ERRORS\=NO
                export GCC_VERSION\=com.apple.compilers.llvm.clang.1_0
                export GCC_VERSION_IDENTIFIER\=com_apple_compilers_llvm_clang_1_0
                export GCC_WARN_64_TO_32_BIT_CONVERSION\=YES
                export GCC_WARN_ABOUT_RETURN_TYPE\=YES_ERROR
                export GCC_WARN_UNDECLARED_SELECTOR\=YES
                export GCC_WARN_UNINITIALIZED_AUTOS\=YES_AGGRESSIVE
                export GCC_WARN_UNUSED_FUNCTION\=YES
                export GCC_WARN_UNUSED_VARIABLE\=YES
                export GENERATED_MODULEMAP_DIR\=/Users/carl.stanley/Library/Developer/Xcode/DerivedData/Runner-dtxbldypbunqjrdrwadgjstoojan/Build/Intermediates.noindex/GeneratedModuleMaps-iphonesimulator
                export GENERATE_INFOPLIST_FILE\=NO
                export GENERATE_INTERMEDIATE_TEXT_BASED_STUBS\=YES
                export GENERATE_MASTER_OBJECT_FILE\=NO
                export GENERATE_PKGINFO_FILE\=YES
                export GENERATE_PROFILING_CODE\=NO
                export GENERATE_TEXT_BASED_STUBS\=NO
                export GID\=20
                export GROUP\=staff
                export HEADERMAP_INCLUDES_FLAT_ENTRIES_FOR_TARGET_BEING_BUILT\=YES
                export HEADERMAP_INCLUDES_FRAMEWORK_ENTRIES_FOR_ALL_PRODUCT_TYPES\=YES
                export HEADERMAP_INCLUDES_FRAMEWORK_ENTRIES_FOR_TARGETS_NOT_BEING_BUILT\=YES
                export HEADERMAP_INCLUDES_NONPUBLIC_NONPRIVATE_HEADERS\=YES
                export HEADERMAP_INCLUDES_PROJECT_HEADERS\=YES
                export HEADERMAP_USES_FRAMEWORK_PREFIX_ENTRIES\=YES
                export HEADERMAP_USES_VFS\=NO
                export HEADER_SEARCH_PATHS\=/Users/carl.stanley/sites/UKCPA/ukcpa_flutter/build/ios/Debug-iphonesimulator/include\ \ \"/Users/carl.stanley/sites/UKCPA/ukcpa_flutter/build/ios/Debug-iphonesimulator/ReachabilitySwift/Reachability.framework/Headers\"\ \"/Users/carl.stanley/sites/UKCPA/ukcpa_flutter/build/ios/Debug-iphonesimulator/TOCropViewController/TOCropViewController.framework/Headers\"\ \"/Users/carl.stanley/sites/UKCPA/ukcpa_flutter/build/ios/Debug-iphonesimulator/connectivity_plus/connectivity_plus.framework/Headers\"\ \"/Users/carl.stanley/sites/UKCPA/ukcpa_flutter/build/ios/Debug-iphonesimulator/device_info_plus/device_info_plus.framework/Headers\"\ \"/Users/carl.stanley/sites/UKCPA/ukcpa_flutter/build/ios/Debug-iphonesimulator/flutter_secure_storage/flutter_secure_storage.framework/Headers\"\ \"/Users/carl.stanley/sites/UKCPA/ukcpa_flutter/build/ios/Debug-iphonesimulator/image_cropper/image_cropper.framework/Headers\"\ \"/Users/carl.stanley/sites/UKCPA/ukcpa_flutter/build/ios/Debug-iphonesimulator/image_picker_ios/image_picker_ios.framework/Headers\"\ \"/Users/carl.stanley/sites/UKCPA/ukcpa_flutter/build/ios/Debug-iphonesimulator/integration_test/integration_test.framework/Headers\"\ \"/Users/carl.stanley/sites/UKCPA/ukcpa_flutter/build/ios/Debug-iphonesimulator/local_auth_darwin/local_auth_darwin.framework/Headers\"\ \"/Users/carl.stanley/sites/UKCPA/ukcpa_flutter/build/ios/Debug-iphonesimulator/package_info_plus/package_info_plus.framework/Headers\"\ \"/Users/carl.stanley/sites/UKCPA/ukcpa_flutter/build/ios/Debug-iphonesimulator/path_provider_foundation/path_provider_foundation.framework/Headers\"\ \"/Users/carl.stanley/sites/UKCPA/ukcpa_flutter/build/ios/Debug-iphonesimulator/permission_handler_apple/permission_handler_apple.framework/Headers\"\ \"/Users/carl.stanley/sites/UKCPA/ukcpa_flutter/build/ios/Debug-iphonesimulator/share_plus/share_plus.framework/Headers\"\ \"/Users/carl.stanley/sites/UKCPA/ukcpa_flutter/build/ios/Debug-iphonesimulator/shared_preferences_foundation/shared_preferences_foundation.framework/Headers\"\ \"/Users/carl.stanley/sites/UKCPA/ukcpa_flutter/build/ios/Debug-iphonesimulator/sqflite_darwin/sqflite_darwin.framework/Headers\"\ \"/Users/carl.stanley/sites/UKCPA/ukcpa_flutter/build/ios/Debug-iphonesimulator/url_launcher_ios/url_launcher_ios.framework/Headers\"\ \"/Users/carl.stanley/sites/UKCPA/ukcpa_flutter/build/ios/Debug-iphonesimulator/video_player_avfoundation/video_player_avfoundation.framework/Headers\"\ \"/Users/carl.stanley/sites/UKCPA/ukcpa_flutter/build/ios/Debug-iphonesimulator/wakelock_plus/wakelock_plus.framework/Headers\"
                export HIDE_BITCODE_SYMBOLS\=YES
                export HOME\=/Users/carl.stanley
                export HOST_ARCH\=arm64
                export HOST_PLATFORM\=macosx
                export ICONV\=/usr/bin/iconv
                export IMPLICIT_DEPENDENCY_DOMAIN\=default
                export INFOPLIST_ENABLE_CFBUNDLEICONS_MERGE\=YES
                export INFOPLIST_EXPAND_BUILD_SETTINGS\=YES
                export INFOPLIST_FILE\=Runner/Info.plist
                export INFOPLIST_OUTPUT_FORMAT\=binary
                export INFOPLIST_PATH\=Runner.app/Info.plist
                export INFOPLIST_PREPROCESS\=NO
                export INFOSTRINGS_PATH\=Runner.app/en.lproj/InfoPlist.strings
                export INLINE_PRIVATE_FRAMEWORKS\=NO
                export INSTALLHDRS_COPY_PHASE\=NO
                export INSTALLHDRS_SCRIPT_PHASE\=NO
                export INSTALL_DIR\=/tmp/Runner.dst/Applications
                export INSTALL_GROUP\=staff
                export INSTALL_MODE_FLAG\=u+w,go-w,a+rX
                export INSTALL_OWNER\=carl.stanley
                export INSTALL_PATH\=/Applications
                export INSTALL_ROOT\=/tmp/Runner.dst
                export IPHONEOS_DEPLOYMENT_TARGET\=12.0
                export IS_UNOPTIMIZED_BUILD\=YES
                export JAVAC_DEFAULT_FLAGS\=-J-Xms64m\ -J-XX:NewSize\=4M\ -J-Dfile.encoding\=UTF8
                export JAVA_APP_STUB\=/System/Library/Frameworks/JavaVM.framework/Resources/MacOS/JavaApplicationStub
                export JAVA_ARCHIVE_CLASSES\=YES
                export JAVA_ARCHIVE_TYPE\=JAR
                export JAVA_COMPILER\=/usr/bin/javac
                export JAVA_FOLDER_PATH\=Runner.app/Java
                export JAVA_FRAMEWORK_RESOURCES_DIRS\=Resources
                export JAVA_JAR_FLAGS\=cv
                export JAVA_SOURCE_SUBDIR\=.
                export JAVA_USE_DEPENDENCIES\=YES
                export JAVA_ZIP_FLAGS\=-urg
                export JIKES_DEFAULT_FLAGS\=+E\ +OLDCSO
                export KEEP_PRIVATE_EXTERNS\=NO
                export LD_DEPENDENCY_INFO_FILE\=/Users/carl.stanley/Library/Developer/Xcode/DerivedData/Runner-dtxbldypbunqjrdrwadgjstoojan/Build/Intermediates.noindex/Runner.build/Debug-iphonesimulator/Runner.build/Objects-normal/undefined_arch/Runner_dependency_info.dat
                export LD_ENTITLEMENTS_SECTION\=/Users/carl.stanley/Library/Developer/Xcode/DerivedData/Runner-dtxbldypbunqjrdrwadgjstoojan/Build/Intermediates.noindex/Runner.build/Debug-iphonesimulator/Runner.build/Runner.app-Simulated.xcent
                export LD_ENTITLEMENTS_SECTION_DER\=/Users/carl.stanley/Library/Developer/Xcode/DerivedData/Runner-dtxbldypbunqjrdrwadgjstoojan/Build/Intermediates.noindex/Runner.build/Debug-iphonesimulator/Runner.build/Runner.app-Simulated.xcent.der
                export LD_EXPORT_SYMBOLS\=YES
                export LD_GENERATE_MAP_FILE\=NO
                export LD_MAP_FILE_PATH\=/Users/carl.stanley/Library/Developer/Xcode/DerivedData/Runner-dtxbldypbunqjrdrwadgjstoojan/Build/Intermediates.noindex/Runner.build/Debug-iphonesimulator/Runner.build/Runner-LinkMap-normal-undefined_arch.txt
                export LD_NO_PIE\=NO
                export LD_QUOTE_LINKER_ARGUMENTS_FOR_COMPILER_DRIVER\=YES
                export LD_RUNPATH_SEARCH_PATHS\=\ /usr/lib/swift\ \'@executable_path/Frameworks\'\ \'@loader_path/Frameworks\'\ @executable_path/Frameworks
                export LD_RUNPATH_SEARCH_PATHS_YES\=@loader_path/../Frameworks
                export LD_SHARED_CACHE_ELIGIBLE\=Automatic
                export LD_WARN_DUPLICATE_LIBRARIES\=NO
                export LD_WARN_UNUSED_DYLIBS\=NO
                export LEGACY_DEVELOPER_DIR\=/Applications/Xcode.app/Contents/PlugIns/Xcode3Core.ideplugin/Contents/SharedSupport/Developer
                export LEX\=lex
                export LIBRARY_DEXT_INSTALL_PATH\=/Library/DriverExtensions
                export LIBRARY_FLAG_NOSPACE\=YES
                export LIBRARY_FLAG_PREFIX\=-l
                export LIBRARY_KEXT_INSTALL_PATH\=/Library/Extensions
                export LIBRARY_SEARCH_PATHS\=/Users/carl.stanley/sites/UKCPA/ukcpa_flutter/build/ios/Debug-iphonesimulator\ /Applications/Xcode.app/Contents/Developer/Toolchains/XcodeDefault.xctoolchain/usr/lib/swift/iphonesimulator\ /Applications/Xcode.app/Contents/Developer/Platforms/iPhoneSimulator.platform/Developer/SDKs/iPhoneSimulator18.0.sdk/usr/lib/swift\ /Applications/Xcode.app/Contents/Developer/Toolchains/XcodeDefault.xctoolchain/usr/lib/swift/iphonesimulator/\ /Applications/Xcode.app/Contents/Developer/Platforms/iPhoneSimulator.platform/Developer/SDKs/iPhoneSimulator18.0.sdk/usr/lib/swift
                export LINKER_DISPLAYS_MANGLED_NAMES\=NO
                export LINK_FILE_LIST_normal_arm64\=/Users/carl.stanley/Library/Developer/Xcode/DerivedData/Runner-dtxbldypbunqjrdrwadgjstoojan/Build/Intermediates.noindex/Runner.build/Debug-iphonesimulator/Runner.build/Objects-normal/arm64/Runner.LinkFileList
                export LINK_OBJC_RUNTIME\=YES
                export LINK_WITH_STANDARD_LIBRARIES\=YES
                export LLVM_TARGET_TRIPLE_OS_VERSION\=ios12.0
                export LLVM_TARGET_TRIPLE_SUFFIX\=-simulator
                export LLVM_TARGET_TRIPLE_VENDOR\=apple
                export LM_AUX_CONST_METADATA_LIST_PATH_normal_arm64\=/Users/carl.stanley/Library/Developer/Xcode/DerivedData/Runner-dtxbldypbunqjrdrwadgjstoojan/Build/Intermediates.noindex/Runner.build/Debug-iphonesimulator/Runner.build/Objects-normal/arm64/Runner.SwiftConstValuesFileList
                export LOCALIZATION_EXPORT_SUPPORTED\=YES
                export LOCALIZATION_PREFERS_STRING_CATALOGS\=NO
                export LOCALIZED_RESOURCES_FOLDER_PATH\=Runner.app/en.lproj
                export LOCALIZED_STRING_MACRO_NAMES\=NSLocalizedString\ CFCopyLocalizedString
                export LOCALIZED_STRING_SWIFTUI_SUPPORT\=YES
                export LOCAL_ADMIN_APPS_DIR\=/Applications/Utilities
                export LOCAL_APPS_DIR\=/Applications
                export LOCAL_DEVELOPER_DIR\=/Library/Developer
                export LOCAL_LIBRARY_DIR\=/Library
                export LOCROOT\=/Users/carl.stanley/sites/UKCPA/ukcpa_flutter/ios
                export LOCSYMROOT\=/Users/carl.stanley/sites/UKCPA/ukcpa_flutter/ios
                export MACH_O_TYPE\=mh_execute
                export MAC_OS_X_PRODUCT_BUILD_VERSION\=24G84
                export MAC_OS_X_VERSION_ACTUAL\=150600
                export MAC_OS_X_VERSION_MAJOR\=150000
                export MAC_OS_X_VERSION_MINOR\=150600
                export MAKE_MERGEABLE\=NO
                export MERGEABLE_LIBRARY\=NO
                export MERGED_BINARY_TYPE\=none
                export MERGE_LINKED_LIBRARIES\=NO
                export METAL_LIBRARY_FILE_BASE\=default
                export METAL_LIBRARY_OUTPUT_DIR\=/Users/carl.stanley/sites/UKCPA/ukcpa_flutter/build/ios/Debug-iphonesimulator/Runner.app
                export MODULES_FOLDER_PATH\=Runner.app/Modules
                export MODULE_CACHE_DIR\=/Users/carl.stanley/Library/Developer/Xcode/DerivedData/ModuleCache.noindex
                export MTL_ENABLE_DEBUG_INFO\=YES
                export NATIVE_ARCH\=arm64
                export NATIVE_ARCH_32_BIT\=arm
                export NATIVE_ARCH_64_BIT\=arm64
                export NATIVE_ARCH_ACTUAL\=arm64
                export NO_COMMON\=YES
                export OBJC_ABI_VERSION\=2
                export OBJECT_FILE_DIR\=/Users/carl.stanley/Library/Developer/Xcode/DerivedData/Runner-dtxbldypbunqjrdrwadgjstoojan/Build/Intermediates.noindex/Runner.build/Debug-iphonesimulator/Runner.build/Objects
                export OBJECT_FILE_DIR_normal\=/Users/carl.stanley/Library/Developer/Xcode/DerivedData/Runner-dtxbldypbunqjrdrwadgjstoojan/Build/Intermediates.noindex/Runner.build/Debug-iphonesimulator/Runner.build/Objects-normal
                export OBJROOT\=/Users/carl.stanley/Library/Developer/Xcode/DerivedData/Runner-dtxbldypbunqjrdrwadgjstoojan/Build/Intermediates.noindex
                export ONLY_ACTIVE_ARCH\=YES
                export OS\=MACOS
                export OSAC\=/usr/bin/osacompile
                export OTHER_LDFLAGS\=\ -ObjC\ -framework\ \"CoreTelephony\"\ -framework\ \"Reachability\"\ -framework\ \"SystemConfiguration\"\ -framework\ \"TOCropViewController\"\ -framework\ \"UIKit\"\ -framework\ \"connectivity_plus\"\ -framework\ \"device_info_plus\"\ -framework\ \"flutter_secure_storage\"\ -framework\ \"image_cropper\"\ -framework\ \"image_picker_ios\"\ -framework\ \"integration_test\"\ -framework\ \"local_auth_darwin\"\ -framework\ \"package_info_plus\"\ -framework\ \"path_provider_foundation\"\ -framework\ \"permission_handler_apple\"\ -framework\ \"share_plus\"\ -framework\ \"shared_preferences_foundation\"\ -framework\ \"sqflite_darwin\"\ -framework\ \"url_launcher_ios\"\ -framework\ \"video_player_avfoundation\"\ -framework\ \"wakelock_plus\"\ -weak_framework\ \"LinkPresentation\"
                export OTHER_MODULE_VERIFIER_FLAGS\=\ \"-F/Users/carl.stanley/sites/UKCPA/ukcpa_flutter/build/ios/Debug-iphonesimulator/Flutter\"\ \"-F/Users/carl.stanley/sites/UKCPA/ukcpa_flutter/build/ios/Debug-iphonesimulator/ReachabilitySwift\"\ \"-F/Users/carl.stanley/sites/UKCPA/ukcpa_flutter/build/ios/Debug-iphonesimulator/TOCropViewController\"\ \"-F/Users/carl.stanley/sites/UKCPA/ukcpa_flutter/build/ios/Debug-iphonesimulator/connectivity_plus\"\ \"-F/Users/carl.stanley/sites/UKCPA/ukcpa_flutter/build/ios/Debug-iphonesimulator/device_info_plus\"\ \"-F/Users/carl.stanley/sites/UKCPA/ukcpa_flutter/build/ios/Debug-iphonesimulator/flutter_secure_storage\"\ \"-F/Users/carl.stanley/sites/UKCPA/ukcpa_flutter/build/ios/Debug-iphonesimulator/image_cropper\"\ \"-F/Users/carl.stanley/sites/UKCPA/ukcpa_flutter/build/ios/Debug-iphonesimulator/image_picker_ios\"\ \"-F/Users/carl.stanley/sites/UKCPA/ukcpa_flutter/build/ios/Debug-iphonesimulator/integration_test\"\ \"-F/Users/carl.stanley/sites/UKCPA/ukcpa_flutter/build/ios/Debug-iphonesimulator/local_auth_darwin\"\ \"-F/Users/carl.stanley/sites/UKCPA/ukcpa_flutter/build/ios/Debug-iphonesimulator/package_info_plus\"\ \"-F/Users/carl.stanley/sites/UKCPA/ukcpa_flutter/build/ios/Debug-iphonesimulator/path_provider_foundation\"\ \"-F/Users/carl.stanley/sites/UKCPA/ukcpa_flutter/build/ios/Debug-iphonesimulator/permission_handler_apple\"\ \"-F/Users/carl.stanley/sites/UKCPA/ukcpa_flutter/build/ios/Debug-iphonesimulator/share_plus\"\ \"-F/Users/carl.stanley/sites/UKCPA/ukcpa_flutter/build/ios/Debug-iphonesimulator/shared_preferences_foundation\"\ \"-F/Users/carl.stanley/sites/UKCPA/ukcpa_flutter/build/ios/Debug-iphonesimulator/sqflite_darwin\"\ \"-F/Users/carl.stanley/sites/UKCPA/ukcpa_flutter/build/ios/Debug-iphonesimulator/url_launcher_ios\"\ \"-F/Users/carl.stanley/sites/UKCPA/ukcpa_flutter/build/ios/Debug-iphonesimulator/video_player_avfoundation\"\ \"-F/Users/carl.stanley/sites/UKCPA/ukcpa_flutter/build/ios/Debug-iphonesimulator/wakelock_plus\"
                export OTHER_SWIFT_FLAGS\=\ -D\ COCOAPODS
                export PACKAGE_CONFIG\=/Users/carl.stanley/sites/UKCPA/ukcpa_flutter/.dart_tool/package_config.json
                export PACKAGE_TYPE\=com.apple.package-type.wrapper.application
                export PASCAL_STRINGS\=YES
                export PATH\=/Applications/Xcode.app/Contents/SharedFrameworks/XCBuild.framework/Versions/A/PlugIns/XCBBuildService.bundle/Contents/PlugIns/XCBSpecifications.ideplugin/Contents/Resources:/Applications/Xcode.app/Contents/SharedFrameworks/XCBuild.framework/Versions/A/PlugIns/XCBBuildService.bundle/Contents/PlugIns/XCBSpecifications.ideplugin:/Applications/Xcode.app/Contents/Developer/Toolchains/XcodeDefault.xctoolchain/usr/bin:/Applications/Xcode.app/Contents/Developer/Toolchains/XcodeDefault.xctoolchain/usr/appleinternal/bin:/Applications/Xcode.app/Contents/Developer/Toolchains/XcodeDefault.xctoolchain/usr/local/bin:/Applications/Xcode.app/Contents/Developer/Toolchains/XcodeDefault.xctoolchain/usr/libexec:/Applications/Xcode.app/Contents/Developer/Platforms/iPhoneSimulator.platform/usr/bin:/Applications/Xcode.app/Contents/Developer/Platforms/iPhoneSimulator.platform/usr/appleinternal/bin:/Applications/Xcode.app/Contents/Developer/Platforms/iPhoneSimulator.platform/usr/local/bin:/Applications/Xcode.app/Contents/Developer/Platforms/iPhoneSimulator.platform/Developer/usr/bin:/Applications/Xcode.app/Contents/Developer/Platforms/iPhoneSimulator.platform/Developer/usr/local/bin:/Applications/Xcode.app/Contents/Developer/usr/bin:/Applications/Xcode.app/Contents/Developer/usr/local/bin:/opt/homebrew/Cellar/pyenv-virtualenv/1.2.4/shims:/Users/carl.stanley/.pyenv/shims:/Users/carl.stanley/.pyenv/bin:/Users/carl.stanley/.nvm/versions/node/v18.17.0/bin:/Users/carl.stanley/development/flutter/bin:/opt/homebrew/bin:/opt/homebrew/sbin:/Users/carl.stanley/.local/bin:/usr/local/bin:/System/Cryptexes/App/usr/bin:/usr/bin:/bin:/usr/sbin:/sbin:/var/run/com.apple.security.cryptexd/codex.system/bootstrap/usr/local/bin:/var/run/com.apple.security.cryptexd/codex.system/bootstrap/usr/bin:/var/run/com.apple.security.cryptexd/codex.system/bootstrap/usr/appleinternal/bin:/Library/Apple/usr/bin:/usr/local/sbin:/usr/local/go/bin:/Users/carl.stanley/.pub-cache/bin
                export PATH_PREFIXES_EXCLUDED_FROM_HEADER_DEPENDENCIES\=/usr/include\ /usr/local/include\ /System/Library/Frameworks\ /System/Library/PrivateFrameworks\ /Applications/Xcode.app/Contents/Developer/Headers\ /Applications/Xcode.app/Contents/Developer/SDKs\ /Applications/Xcode.app/Contents/Developer/Platforms
                export PBDEVELOPMENTPLIST_PATH\=Runner.app/pbdevelopment.plist
                export PER_ARCH_OBJECT_FILE_DIR\=/Users/carl.stanley/Library/Developer/Xcode/DerivedData/Runner-dtxbldypbunqjrdrwadgjstoojan/Build/Intermediates.noindex/Runner.build/Debug-iphonesimulator/Runner.build/Objects-normal/undefined_arch
                export PER_VARIANT_OBJECT_FILE_DIR\=/Users/carl.stanley/Library/Developer/Xcode/DerivedData/Runner-dtxbldypbunqjrdrwadgjstoojan/Build/Intermediates.noindex/Runner.build/Debug-iphonesimulator/Runner.build/Objects-normal
                export PKGINFO_FILE_PATH\=/Users/carl.stanley/Library/Developer/Xcode/DerivedData/Runner-dtxbldypbunqjrdrwadgjstoojan/Build/Intermediates.noindex/Runner.build/Debug-iphonesimulator/Runner.build/PkgInfo
                export PKGINFO_PATH\=Runner.app/PkgInfo
                export PLATFORM_DEVELOPER_APPLICATIONS_DIR\=/Applications/Xcode.app/Contents/Developer/Platforms/iPhoneSimulator.platform/Developer/Applications
                export PLATFORM_DEVELOPER_BIN_DIR\=/Applications/Xcode.app/Contents/Developer/Platforms/iPhoneSimulator.platform/Developer/usr/bin
                export PLATFORM_DEVELOPER_LIBRARY_DIR\=/Applications/Xcode.app/Contents/Developer/Platforms/iPhoneSimulator.platform/Developer/Library
                export PLATFORM_DEVELOPER_SDK_DIR\=/Applications/Xcode.app/Contents/Developer/Platforms/iPhoneSimulator.platform/Developer/SDKs
                export PLATFORM_DEVELOPER_TOOLS_DIR\=/Applications/Xcode.app/Contents/Developer/Platforms/iPhoneSimulator.platform/Developer/Tools
                export PLATFORM_DEVELOPER_USR_DIR\=/Applications/Xcode.app/Contents/Developer/Platforms/iPhoneSimulator.platform/Developer/usr
                export PLATFORM_DIR\=/Applications/Xcode.app/Contents/Developer/Platforms/iPhoneSimulator.platform
                export PLATFORM_DISPLAY_NAME\=iOS\ Simulator
                export PLATFORM_FAMILY_NAME\=iOS
                export PLATFORM_NAME\=iphonesimulator
                export PLATFORM_PREFERRED_ARCH\=x86_64
                export PLATFORM_PRODUCT_BUILD_VERSION\=22A3362
                export PLIST_FILE_OUTPUT_FORMAT\=binary
                export PLUGINS_FOLDER_PATH\=Runner.app/PlugIns
                export PODS_BUILD_DIR\=/Users/carl.stanley/sites/UKCPA/ukcpa_flutter/build/ios
                export PODS_CONFIGURATION_BUILD_DIR\=/Users/carl.stanley/sites/UKCPA/ukcpa_flutter/build/ios/Debug-iphonesimulator
                export PODS_PODFILE_DIR_PATH\=/Users/carl.stanley/sites/UKCPA/ukcpa_flutter/ios/.
                export PODS_ROOT\=/Users/carl.stanley/sites/UKCPA/ukcpa_flutter/ios/Pods
                export PODS_XCFRAMEWORKS_BUILD_DIR\=/Users/carl.stanley/sites/UKCPA/ukcpa_flutter/build/ios/Debug-iphonesimulator/XCFrameworkIntermediates
                export PRECOMPS_INCLUDE_HEADERS_FROM_BUILT_PRODUCTS_DIR\=YES
                export PRECOMP_DESTINATION_DIR\=/Users/carl.stanley/Library/Developer/Xcode/DerivedData/Runner-dtxbldypbunqjrdrwadgjstoojan/Build/Intermediates.noindex/Runner.build/Debug-iphonesimulator/Runner.build/PrefixHeaders
                export PRIVATE_HEADERS_FOLDER_PATH\=Runner.app/PrivateHeaders
                export PROCESSED_INFOPLIST_PATH\=/Users/carl.stanley/Library/Developer/Xcode/DerivedData/Runner-dtxbldypbunqjrdrwadgjstoojan/Build/Intermediates.noindex/Runner.build/Debug-iphonesimulator/Runner.build/Objects-normal/undefined_arch/Processed-Info.plist
                export PRODUCT_BUNDLE_IDENTIFIER\=com.example.ukcpaFlutter
                export PRODUCT_BUNDLE_PACKAGE_TYPE\=APPL
                export PRODUCT_MODULE_NAME\=Runner
                export PRODUCT_NAME\=Runner
                export PRODUCT_SETTINGS_PATH\=/Users/carl.stanley/sites/UKCPA/ukcpa_flutter/ios/Runner/Info.plist
                export PRODUCT_TYPE\=com.apple.product-type.application
                export PROFILING_CODE\=NO
                export PROJECT\=Runner
                export PROJECT_DERIVED_FILE_DIR\=/Users/carl.stanley/Library/Developer/Xcode/DerivedData/Runner-dtxbldypbunqjrdrwadgjstoojan/Build/Intermediates.noindex/Runner.build/DerivedSources
                export PROJECT_DIR\=/Users/carl.stanley/sites/UKCPA/ukcpa_flutter/ios
                export PROJECT_FILE_PATH\=/Users/carl.stanley/sites/UKCPA/ukcpa_flutter/ios/Runner.xcodeproj
                export PROJECT_GUID\=18c1723432283e0cc55f10a6dcfd9e02
                export PROJECT_NAME\=Runner
                export PROJECT_TEMP_DIR\=/Users/carl.stanley/Library/Developer/Xcode/DerivedData/Runner-dtxbldypbunqjrdrwadgjstoojan/Build/Intermediates.noindex/Runner.build
                export PROJECT_TEMP_ROOT\=/Users/carl.stanley/Library/Developer/Xcode/DerivedData/Runner-dtxbldypbunqjrdrwadgjstoojan/Build/Intermediates.noindex
                export PROVISIONING_PROFILE_REQUIRED\=NO
                export PROVISIONING_PROFILE_REQUIRED_YES_YES\=YES
                export PROVISIONING_PROFILE_SUPPORTED\=YES
                export PUBLIC_HEADERS_FOLDER_PATH\=Runner.app/Headers
                export RECOMMENDED_IPHONEOS_DEPLOYMENT_TARGET\=15.0
                export RECURSIVE_SEARCH_PATHS_FOLLOW_SYMLINKS\=YES
                export REMOVE_CVS_FROM_RESOURCES\=YES
                export REMOVE_GIT_FROM_RESOURCES\=YES
                export REMOVE_HEADERS_FROM_EMBEDDED_BUNDLES\=YES
                export REMOVE_HG_FROM_RESOURCES\=YES
                export REMOVE_STATIC_EXECUTABLES_FROM_EMBEDDED_BUNDLES\=YES
                export REMOVE_SVN_FROM_RESOURCES\=YES
                export RESCHEDULE_INDEPENDENT_HEADERS_PHASES\=YES
                export REZ_COLLECTOR_DIR\=/Users/carl.stanley/Library/Developer/Xcode/DerivedData/Runner-dtxbldypbunqjrdrwadgjstoojan/Build/Intermediates.noindex/Runner.build/Debug-iphonesimulator/Runner.build/ResourceManagerResources
                export REZ_OBJECTS_DIR\=/Users/carl.stanley/Library/Developer/Xcode/DerivedData/Runner-dtxbldypbunqjrdrwadgjstoojan/Build/Intermediates.noindex/Runner.build/Debug-iphonesimulator/Runner.build/ResourceManagerResources/Objects
                export REZ_SEARCH_PATHS\=/Users/carl.stanley/sites/UKCPA/ukcpa_flutter/build/ios/Debug-iphonesimulator\ 
                export SCAN_ALL_SOURCE_FILES_FOR_INCLUDES\=NO
                export SCRIPTS_FOLDER_PATH\=Runner.app/Scripts
                export SCRIPT_INPUT_FILE_COUNT\=0
                export SCRIPT_INPUT_FILE_LIST_COUNT\=0
                export SCRIPT_OUTPUT_FILE_COUNT\=0
                export SCRIPT_OUTPUT_FILE_LIST_COUNT\=0
                export SDKROOT\=/Applications/Xcode.app/Contents/Developer/Platforms/iPhoneSimulator.platform/Developer/SDKs/iPhoneSimulator18.0.sdk
                export SDK_DIR\=/Applications/Xcode.app/Contents/Developer/Platforms/iPhoneSimulator.platform/Developer/SDKs/iPhoneSimulator18.0.sdk
                export SDK_DIR_iphonesimulator\=/Applications/Xcode.app/Contents/Developer/Platforms/iPhoneSimulator.platform/Developer/SDKs/iPhoneSimulator18.0.sdk
                export SDK_DIR_iphonesimulator18_0\=/Applications/Xcode.app/Contents/Developer/Platforms/iPhoneSimulator.platform/Developer/SDKs/iPhoneSimulator18.0.sdk
                export SDK_NAME\=iphonesimulator18.0
                export SDK_NAMES\=iphonesimulator18.0
                export SDK_PRODUCT_BUILD_VERSION\=22A3362
                export SDK_STAT_CACHE_DIR\=/Users/carl.stanley/Library/Developer/Xcode/DerivedData
                export SDK_STAT_CACHE_ENABLE\=YES
                export SDK_STAT_CACHE_PATH\=/Users/carl.stanley/Library/Developer/Xcode/DerivedData/SDKStatCaches.noindex/iphonesimulator18.0-22A3362-db63dc9361471f152f572502bdbfe70a.sdkstatcache
                export SDK_VERSION\=18.0
                export SDK_VERSION_ACTUAL\=180000
                export SDK_VERSION_MAJOR\=180000
                export SDK_VERSION_MINOR\=180000
                export SED\=/usr/bin/sed
                export SEPARATE_STRIP\=NO
                export SEPARATE_SYMBOL_EDIT\=NO
                export SET_DIR_MODE_OWNER_GROUP\=YES
                export SET_FILE_MODE_OWNER_GROUP\=NO
                export SHALLOW_BUNDLE\=YES
                export SHALLOW_BUNDLE_TRIPLE\=ios-simulator
                export SHALLOW_BUNDLE_ios_macabi\=NO
                export SHALLOW_BUNDLE_macos\=NO
                export SHARED_DERIVED_FILE_DIR\=/Users/carl.stanley/sites/UKCPA/ukcpa_flutter/build/ios/Debug-iphonesimulator/DerivedSources
                export SHARED_FRAMEWORKS_FOLDER_PATH\=Runner.app/SharedFrameworks
                export SHARED_PRECOMPS_DIR\=/Users/carl.stanley/Library/Developer/Xcode/DerivedData/Runner-dtxbldypbunqjrdrwadgjstoojan/Build/Intermediates.noindex/PrecompiledHeaders
                export SHARED_SUPPORT_FOLDER_PATH\=Runner.app/SharedSupport
                export SKIP_INSTALL\=NO
                export SOURCE_ROOT\=/Users/carl.stanley/sites/UKCPA/ukcpa_flutter/ios
                export SRCROOT\=/Users/carl.stanley/sites/UKCPA/ukcpa_flutter/ios
                export STRINGSDATA_DIR\=/Users/carl.stanley/Library/Developer/Xcode/DerivedData/Runner-dtxbldypbunqjrdrwadgjstoojan/Build/Intermediates.noindex/Runner.build/Debug-iphonesimulator/Runner.build/Objects-normal/undefined_arch
                export STRINGSDATA_ROOT\=/Users/carl.stanley/Library/Developer/Xcode/DerivedData/Runner-dtxbldypbunqjrdrwadgjstoojan/Build/Intermediates.noindex/Runner.build/Debug-iphonesimulator/Runner.build
                export STRINGS_FILE_INFOPLIST_RENAME\=YES
                export STRINGS_FILE_OUTPUT_ENCODING\=binary
                export STRIP_BITCODE_FROM_COPIED_FILES\=NO
                export STRIP_INSTALLED_PRODUCT\=NO
                export STRIP_STYLE\=all
                export STRIP_SWIFT_SYMBOLS\=YES
                export SUPPORTED_DEVICE_FAMILIES\=1,2
                export SUPPORTED_PLATFORMS\=iphoneos\ iphonesimulator
                export SUPPORTS_MACCATALYST\=NO
                export SUPPORTS_ON_DEMAND_RESOURCES\=YES
                export SUPPORTS_TEXT_BASED_API\=NO
                export SUPPRESS_WARNINGS\=NO
                export SWIFT_EMIT_LOC_STRINGS\=NO
                export SWIFT_OBJC_BRIDGING_HEADER\=Runner/Runner-Bridging-Header.h
                export SWIFT_OPTIMIZATION_LEVEL\=-Onone
                export SWIFT_PLATFORM_TARGET_PREFIX\=ios
                export SWIFT_RESPONSE_FILE_PATH_normal_arm64\=/Users/carl.stanley/Library/Developer/Xcode/DerivedData/Runner-dtxbldypbunqjrdrwadgjstoojan/Build/Intermediates.noindex/Runner.build/Debug-iphonesimulator/Runner.build/Objects-normal/arm64/Runner.SwiftFileList
                export SWIFT_VERSION\=5.0
                export SYMROOT\=/Users/carl.stanley/Library/Developer/Xcode/DerivedData/Runner-dtxbldypbunqjrdrwadgjstoojan/Build/Products
                export SYSTEM_ADMIN_APPS_DIR\=/Applications/Utilities
                export SYSTEM_APPS_DIR\=/Applications
                export SYSTEM_CORE_SERVICES_DIR\=/System/Library/CoreServices
                export SYSTEM_DEMOS_DIR\=/Applications/Extras
                export SYSTEM_DEVELOPER_APPS_DIR\=/Applications/Xcode.app/Contents/Developer/Applications
                export SYSTEM_DEVELOPER_BIN_DIR\=/Applications/Xcode.app/Contents/Developer/usr/bin
                export SYSTEM_DEVELOPER_DEMOS_DIR\=/Applications/Xcode.app/Contents/Developer/Applications/Utilities/Built\ Examples
                export SYSTEM_DEVELOPER_DIR\=/Applications/Xcode.app/Contents/Developer
                export SYSTEM_DEVELOPER_DOC_DIR\=/Applications/Xcode.app/Contents/Developer/ADC\ Reference\ Library
                export SYSTEM_DEVELOPER_GRAPHICS_TOOLS_DIR\=/Applications/Xcode.app/Contents/Developer/Applications/Graphics\ Tools
                export SYSTEM_DEVELOPER_JAVA_TOOLS_DIR\=/Applications/Xcode.app/Contents/Developer/Applications/Java\ Tools
                export SYSTEM_DEVELOPER_PERFORMANCE_TOOLS_DIR\=/Applications/Xcode.app/Contents/Developer/Applications/Performance\ Tools
                export SYSTEM_DEVELOPER_RELEASENOTES_DIR\=/Applications/Xcode.app/Contents/Developer/ADC\ Reference\ Library/releasenotes
                export SYSTEM_DEVELOPER_TOOLS\=/Applications/Xcode.app/Contents/Developer/Tools
                export SYSTEM_DEVELOPER_TOOLS_DOC_DIR\=/Applications/Xcode.app/Contents/Developer/ADC\ Reference\ Library/documentation/DeveloperTools
                export SYSTEM_DEVELOPER_TOOLS_RELEASENOTES_DIR\=/Applications/Xcode.app/Contents/Developer/ADC\ Reference\ Library/releasenotes/DeveloperTools
                export SYSTEM_DEVELOPER_USR_DIR\=/Applications/Xcode.app/Contents/Developer/usr
                export SYSTEM_DEVELOPER_UTILITIES_DIR\=/Applications/Xcode.app/Contents/Developer/Applications/Utilities
                export SYSTEM_DEXT_INSTALL_PATH\=/System/Library/DriverExtensions
                export SYSTEM_DOCUMENTATION_DIR\=/Library/Documentation
                export SYSTEM_EXTENSIONS_FOLDER_PATH\=Runner.app/SystemExtensions
                export SYSTEM_EXTENSIONS_FOLDER_PATH_SHALLOW_BUNDLE_NO\=Runner.app/Library/SystemExtensions
                export SYSTEM_EXTENSIONS_FOLDER_PATH_SHALLOW_BUNDLE_YES\=Runner.app/SystemExtensions
                export SYSTEM_KEXT_INSTALL_PATH\=/System/Library/Extensions
                export SYSTEM_LIBRARY_DIR\=/System/Library
                export TAPI_DEMANGLE\=YES
                export TAPI_ENABLE_PROJECT_HEADERS\=NO
                export TAPI_LANGUAGE\=objective-c
                export TAPI_LANGUAGE_STANDARD\=compiler-default
                export TAPI_USE_SRCROOT\=YES
                export TAPI_VERIFY_MODE\=Pedantic
                export TARGETED_DEVICE_FAMILY\=1,2
                export TARGETNAME\=Runner
                export TARGET_BUILD_DIR\=/Users/carl.stanley/sites/UKCPA/ukcpa_flutter/build/ios/Debug-iphonesimulator
                export TARGET_DEVICE_IDENTIFIER\=00724C24-F12F-4CA6-A33E-8FD8714B05CA
                export TARGET_DEVICE_MODEL\=iPhone17,1
                export TARGET_DEVICE_OS_VERSION\=18.0
                export TARGET_DEVICE_PLATFORM_NAME\=iphonesimulator
                export TARGET_NAME\=Runner
                export TARGET_TEMP_DIR\=/Users/carl.stanley/Library/Developer/Xcode/DerivedData/Runner-dtxbldypbunqjrdrwadgjstoojan/Build/Intermediates.noindex/Runner.build/Debug-iphonesimulator/Runner.build
                export TEMP_DIR\=/Users/carl.stanley/Library/Developer/Xcode/DerivedData/Runner-dtxbldypbunqjrdrwadgjstoojan/Build/Intermediates.noindex/Runner.build/Debug-iphonesimulator/Runner.build
                export TEMP_FILES_DIR\=/Users/carl.stanley/Library/Developer/Xcode/DerivedData/Runner-dtxbldypbunqjrdrwadgjstoojan/Build/Intermediates.noindex/Runner.build/Debug-iphonesimulator/Runner.build
                export TEMP_FILE_DIR\=/Users/carl.stanley/Library/Developer/Xcode/DerivedData/Runner-dtxbldypbunqjrdrwadgjstoojan/Build/Intermediates.noindex/Runner.build/Debug-iphonesimulator/Runner.build
                export TEMP_ROOT\=/Users/carl.stanley/Library/Developer/Xcode/DerivedData/Runner-dtxbldypbunqjrdrwadgjstoojan/Build/Intermediates.noindex
                export TEST_FRAMEWORK_SEARCH_PATHS\=\ /Applications/Xcode.app/Contents/Developer/Platforms/iPhoneSimulator.platform/Developer/Library/Frameworks\ /Applications/Xcode.app/Contents/Developer/Platforms/iPhoneSimulator.platform/Developer/SDKs/iPhoneSimulator18.0.sdk/Developer/Library/Frameworks
                export TEST_LIBRARY_SEARCH_PATHS\=\ /Applications/Xcode.app/Contents/Developer/Platforms/iPhoneSimulator.platform/Developer/usr/lib
                export TOOLCHAINS\=com.apple.dt.toolchain.XcodeDefault
                export TOOLCHAIN_DIR\=/Applications/Xcode.app/Contents/Developer/Toolchains/XcodeDefault.xctoolchain
                export TRACK_WIDGET_CREATION\=true
                export TREAT_MISSING_BASELINES_AS_TEST_FAILURES\=NO
                export TREAT_MISSING_SCRIPT_PHASE_OUTPUTS_AS_ERRORS\=NO
                export TREE_SHAKE_ICONS\=false
                export TeamIdentifierPrefix\=FAKETEAMID.
                export UID\=502
                export UNINSTALLED_PRODUCTS_DIR\=/Users/carl.stanley/Library/Developer/Xcode/DerivedData/Runner-dtxbldypbunqjrdrwadgjstoojan/Build/Intermediates.noindex/UninstalledProducts
                export UNLOCALIZED_RESOURCES_FOLDER_PATH\=Runner.app
                export UNLOCALIZED_RESOURCES_FOLDER_PATH_SHALLOW_BUNDLE_NO\=Runner.app/Resources
                export UNLOCALIZED_RESOURCES_FOLDER_PATH_SHALLOW_BUNDLE_YES\=Runner.app
                export UNSTRIPPED_PRODUCT\=NO
                export USER\=carl.stanley
                export USER_APPS_DIR\=/Users/carl.stanley/Applications
                export USER_LIBRARY_DIR\=/Users/carl.stanley/Library
                export USE_DYNAMIC_NO_PIC\=YES
                export USE_HEADERMAP\=YES
                export USE_HEADER_SYMLINKS\=NO
                export USE_RECURSIVE_SCRIPT_INPUTS_IN_SCRIPT_PHASES\=YES
                export VALIDATE_DEVELOPMENT_ASSET_PATHS\=YES_ERROR
                export VALIDATE_PRODUCT\=NO
                export VALID_ARCHS\=arm64\ arm64e\ i386\ x86_64
                export VERBOSE_PBXCP\=NO
                export VERBOSE_SCRIPT_LOGGING\=YES
                export VERSIONING_SYSTEM\=apple-generic
                export VERSIONPLIST_PATH\=Runner.app/version.plist
                export VERSION_INFO_BUILDER\=carl.stanley
                export VERSION_INFO_FILE\=Runner_vers.c
                export VERSION_INFO_STRING\=\"@\(\#\)PROGRAM:Runner\ \ PROJECT:Runner-1\"
                export WORKSPACE_DIR\=/Users/carl.stanley/sites/UKCPA/ukcpa_flutter/ios
                export WRAPPER_EXTENSION\=app
                export WRAPPER_NAME\=Runner.app
                export WRAPPER_SUFFIX\=.app
                export WRAP_ASSET_PACKS_IN_SEPARATE_DIRECTORIES\=NO
                export XCODE_APP_SUPPORT_DIR\=/Applications/Xcode.app/Contents/Developer/Library/Xcode
                export XCODE_PRODUCT_BUILD_VERSION\=16A242d
                export XCODE_VERSION_ACTUAL\=1600
                export XCODE_VERSION_MAJOR\=1600
                export XCODE_VERSION_MINOR\=1600
                export XPCSERVICES_FOLDER_PATH\=Runner.app/XPCServices
                export YACC\=yacc
                export _WRAPPER_CONTENTS_DIR_SHALLOW_BUNDLE_NO\=/Contents
                export _WRAPPER_PARENT_PATH_SHALLOW_BUNDLE_NO\=/..
                export _WRAPPER_RESOURCES_DIR_SHALLOW_BUNDLE_NO\=/Resources
                export __IS_NOT_MACOS\=YES
                export __IS_NOT_MACOS_macosx\=NO
                export __IS_NOT_SIMULATOR\=NO
                export __IS_NOT_SIMULATOR_simulator\=NO
                export arch\=undefined_arch
                export variant\=normal
                /bin/sh -c /Users/carl.stanley/Library/Developer/Xcode/DerivedData/Runner-dtxbldypbunqjrdrwadgjstoojan/Build/Intermediates.noindex/Runner.build/Debug-iphonesimulator/Runner.build/Script-9740EEB61CF901F6004384FC.sh
            ♦ /Users/carl.stanley/development/flutter/bin/flutter --verbose assemble --no-version-check --output=/Users/carl.stanley/sites/UKCPA/ukcpa_flutter/build/ios/Debug-iphonesimulator/ -dTargetPlatform=ios -dTargetFile=/var/folders/20/skb3d8qx2hn9r9z8036y32g40000gp/T/flutter_tools.MwIZIg/flutter_test_listener.FhRBLo/listener.dart -dBuildMode=debug -dConfiguration=Debug -dIosArchs=arm64 -dSdkRoot=/Applications/Xcode.app/Contents/Developer/Platforms/iPhoneSimulator.platform/Developer/SDKs/iPhoneSimulator18.0.sdk -dSplitDebugInfo= -dTreeShakeIcons=false -dTrackWidgetCreation=true -dDartObfuscation=false -dAction=build -dFrontendServerStarterPath= --ExtraGenSnapshotOptions= --DartDefines=RkxVVFRFUl9WRVJTSU9OPTMuMzIuOA==,RkxVVFRFUl9DSEFOTkVMPXN0YWJsZQ==,RkxVVFRFUl9HSVRfVVJMPWh0dHBzOi8vZ2l0aHViLmNvbS9mbHV0dGVyL2ZsdXR0ZXIuZ2l0,RkxVVFRFUl9GUkFNRVdPUktfUkVWSVNJT049ZWRhZGE3YzU2ZQ==,RkxVVFRFUl9FTkdJTkVfUkVWSVNJT049ZWYwY2QwMDA5MQ==,RkxVVFRFUl9EQVJUX1ZFUlNJT049My44LjE=,SU5URUdSQVRJT05fVEVTVF9TSE9VTERfUkVQT1JUX1JFU1VMVFNfVE9fTkFUSVZFPWZhbHNl --ExtraFrontEndOptions= -dSrcRoot=/Users/carl.stanley/sites/UKCPA/ukcpa_flutter/ios -dTargetDeviceOSVersion=18.0 -dCodesignIdentity=- debug_ios_bundle_flutter_assets
            [  +12 ms] executing: sysctl hw.optional.arm64
            [   +8 ms] Exit code 0 from: sysctl hw.optional.arm64
            [        ] hw.optional.arm64: 1
            [  +11 ms] Artifact Instance of 'AndroidGenSnapshotArtifacts' is not required, skipping update.
            [        ] Artifact Instance of 'AndroidInternalBuildArtifacts' is not required, skipping update.
            [        ] Artifact Instance of 'IOSEngineArtifacts' is not required, skipping update.
            [        ] Artifact Instance of 'FlutterWebSdk' is not required, skipping update.
            [        ] Artifact Instance of 'LegacyCanvasKitRemover' is not required, skipping update.
            [   +1 ms] Artifact Instance of 'WindowsEngineArtifacts' is not required, skipping update.
            [        ] Artifact Instance of 'MacOSEngineArtifacts' is not required, skipping update.
            [        ] Artifact Instance of 'LinuxEngineArtifacts' is not required, skipping update.
            [        ] Artifact Instance of 'LinuxFuchsiaSDKArtifacts' is not required, skipping update.
            [        ] Artifact Instance of 'MacOSFuchsiaSDKArtifacts' is not required, skipping update.
            [        ] Artifact Instance of 'FlutterRunnerSDKArtifacts' is not required, skipping update.
            [        ] Artifact Instance of 'FlutterRunnerDebugSymbols' is not required, skipping update.
            [  +41 ms] Artifact Instance of 'MaterialFonts' is not required, skipping update.
            [        ] Artifact Instance of 'GradleWrapper' is not required, skipping update.
            [        ] Artifact Instance of 'AndroidGenSnapshotArtifacts' is not required, skipping update.
            [        ] Artifact Instance of 'AndroidInternalBuildArtifacts' is not required, skipping update.
            [        ] Artifact Instance of 'FlutterWebSdk' is not required, skipping update.
            [        ] Artifact Instance of 'LegacyCanvasKitRemover' is not required, skipping update.
            [        ] Artifact Instance of 'FlutterSdk' is not required, skipping update.
            [        ] Artifact Instance of 'WindowsEngineArtifacts' is not required, skipping update.
            [        ] Artifact Instance of 'MacOSEngineArtifacts' is not required, skipping update.
            [        ] Artifact Instance of 'LinuxEngineArtifacts' is not required, skipping update.
            [        ] Artifact Instance of 'LinuxFuchsiaSDKArtifacts' is not required, skipping update.
            [        ] Artifact Instance of 'MacOSFuchsiaSDKArtifacts' is not required, skipping update.
            [        ] Artifact Instance of 'FlutterRunnerSDKArtifacts' is not required, skipping update.
            [        ] Artifact Instance of 'FlutterRunnerDebugSymbols' is not required, skipping update.
            [        ] Artifact Instance of 'IosUsbArtifacts' is not required, skipping update.
            [        ] Artifact Instance of 'IosUsbArtifacts' is not required, skipping update.
            [        ] Artifact Instance of 'IosUsbArtifacts' is not required, skipping update.
            [        ] Artifact Instance of 'IosUsbArtifacts' is not required, skipping update.
            [        ] Artifact Instance of 'IosUsbArtifacts' is not required, skipping update.
            [        ] Artifact Instance of 'FontSubsetArtifacts' is not required, skipping update.
            [        ] Artifact Instance of 'PubDependencies' is not required, skipping update.
            [   +8 ms] Initializing file store
            [  +18 ms] debug_unpack_ios: Starting due to {InvalidatedReasonKind.inputChanged: The following inputs have updated contents: /Users/carl.stanley/development/flutter/packages/flutter_tools/lib/src/build_system/targets/ios.dart,/Users/carl.stanley/development/flutter/bin/cache/engine.stamp}
            [   +2 ms] Skipping target: gen_localizations
            [   +1 ms] gen_dart_plugin_registrant: Starting due to {InvalidatedReasonKind.inputChanged: The following inputs have updated contents: /Users/carl.stanley/sites/UKCPA/ukcpa_flutter/.dart_tool/package_config_subset}
            [   +2 ms] debug_ios_lldb_init: Starting due to {InvalidatedReasonKind.inputChanged: The following inputs have updated contents: /Users/carl.stanley/development/flutter/packages/flutter_tools/lib/src/build_system/targets/ios.dart}
            [   +6 ms] debug_ios_lldb_init: Complete
            [   +7 ms] executing: [/Users/carl.stanley/sites/UKCPA/ukcpa_flutter/] /Users/carl.stanley/development/flutter/bin/cache/dart-sdk/bin/dart pub --suppress-analytics deps --json
            [ +305 ms] {
                         "root": "ukcpa_flutter",
                         "packages": [
                           {
                             "name": "ukcpa_flutter",
                             "version": "1.0.0+1",
                             "kind": "root",
                             "source": "root",
                             "dependencies": [
                               "flutter",
                               "flutter_localizations",
                               "flutter_riverpod",
                               "riverpod_annotation",
                               "graphql_flutter",
                               "go_router",
                               "flutter_secure_storage",
                               "hive_flutter",
                               "shared_preferences",
                               "flutter_screenutil",
                               "cached_network_image",
                               "shimmer",
                               "flutter_svg",
                               "lottie",
                               "flutter_form_builder",
                               "form_builder_validators",
                               "video_player",
                               "chewie",
                               "local_auth",
                               "intl",
                               "url_launcher",
                               "share_plus",
                               "connectivity_plus",
                               "device_info_plus",
                               "package_info_plus",
                               "permission_handler",
                               "table_calendar",
                               "flutter_datetime_picker_plus",
                               "dio",
                               "pretty_dio_logger",
                               "flutter_dotenv",
                               "logger",
                               "image_picker",
                               "image_cropper",
                               "flutter_markdown",
                               "cupertino_icons",
                               "flutter_launcher_icons",
                               "json_annotation",
                               "mcp_toolkit",
                               "flutter_test",
                               "flutter_lints",
                               "build_runner",
                               "riverpod_generator",
                               "json_serializable",
                               "freezed",
                               "freezed_annotation",
                               "mockito",
                               "integration_test"
                             ],
                             "directDependencies": [
                               "flutter",
                               "flutter_localizations",
                               "flutter_riverpod",
                               "riverpod_annotation",
                               "graphql_flutter",
                               "go_router",
                               "flutter_secure_storage",
                               "hive_flutter",
                               "shared_preferences",
                               "flutter_screenutil",
                               "cached_network_image",
                               "shimmer",
                               "flutter_svg",
                               "lottie",
                               "flutter_form_builder",
                               "form_builder_validators",
                               "video_player",
                               "chewie",
                               "local_auth",
                               "intl",
                               "url_launcher",
                               "share_plus",
                               "connectivity_plus",
                               "device_info_plus",
                               "package_info_plus",
                               "permission_handler",
                               "table_calendar",
                               "flutter_datetime_picker_plus",
                               "dio",
                               "pretty_dio_logger",
                               "flutter_dotenv",
                               "logger",
                               "image_picker",
                               "image_cropper",
                               "flutter_markdown",
                               "cupertino_icons",
                               "flutter_launcher_icons",
                               "json_annotation",
                               "mcp_toolkit"
                             ],
                             "devDependencies": [
                               "flutter_test",
                               "flutter_lints",
                               "build_runner",
                               "riverpod_generator",
                               "json_serializable",
                               "freezed",
                               "freezed_annotation",
                               "mockito",
                               "integration_test"
                             ]
                           },
                           {
                             "name": "integration_test",
                             "version": "0.0.0",
                             "kind": "dev",
                             "source": "sdk",
                             "dependencies": [
                               "flutter",
                               "flutter_driver",
                               "flutter_test",
                               "path",
                               "vm_service",
                               "async",
                               "boolean_selector",
                               "characters",
                               "clock",
                               "collection",
                               "fake_async",
                               "file",
                               "leak_tracker",
                               "leak_tracker_flutter_testing",
                               "leak_tracker_testing",
                               "matcher",
                               "material_color_utilities",
                               "meta",
                               "source_span",
                               "stack_trace",
                               "stream_channel",
                               "string_scanner",
                               "sync_http",
                               "term_glyph",
                               "test_api",
                               "vector_math",
                               "webdriver"
                             ],
                             "directDependencies": [
                               "flutter",
                               "flutter_driver",
                               "flutter_test",
                               "path",
                               "vm_service",
                               "async",
                               "boolean_selector",
                               "characters",
                               "clock",
                               "collection",
                               "fake_async",
                               "file",
                               "leak_tracker",
                               "leak_tracker_flutter_testing",
                               "leak_tracker_testing",
                               "matcher",
                               "material_color_utilities",
                               "meta",
                               "source_span",
                               "stack_trace",
                               "stream_channel",
                               "string_scanner",
                               "sync_http",
                               "term_glyph",
                               "test_api",
                               "vector_math",
                               "webdriver"
                             ]
                           },
                           {
                             "name": "webdriver",
                             "version": "3.1.0",
                             "kind": "transitive",
                             "source": "hosted",
                             "dependencies": [
                               "matcher",
                               "path",
                               "stack_trace",
                               "sync_http"
                             ],
                             "directDependencies": [
                               "matcher",
                               "path",
                               "stack_trace",
                               "sync_http"
                             ]
                           },
                           {
                             "name": "sync_http",
                             "version": "0.3.1",
                             "kind": "transitive",
                             "source": "hosted",
                             "dependencies": [],
                             "directDependencies": []
                           },
                           {
                             "name": "stack_trace",
                             "version": "1.12.1",
                             "kind": "transitive",
                             "source": "hosted",
                             "dependencies": [
                               "path"
                             ],
                             "directDependencies": [
                               "path"
                             ]
                           },
                           {
                             "name": "path",
                             "version": "1.9.1",
                             "kind": "transitive",
                             "source": "hosted",
                             "dependencies": [],
                             "directDependencies": []
                           },
                           {
                             "name": "matcher",
                             "version": "0.12.17",
                             "kind": "transitive",
                             "source": "hosted",
                             "dependencies": [
                               "async",
                               "meta",
                               "stack_trace",
                               "term_glyph",
                               "test_api"
                             ],
                             "directDependencies": [
                               "async",
                               "meta",
                               "stack_trace",
                               "term_glyph",
                               "test_api"
                             ]
                           },
                           {
                             "name": "test_api",
                             "version": "0.7.4",
                             "kind": "transitive",
                             "source": "hosted",
                             "dependencies": [
                               "async",
                               "boolean_selector",
                               "collection",
                               "meta",
                               "source_span",
                               "stack_trace",
                               "stream_channel",
                               "string_scanner",
                               "term_glyph"
                             ],
                             "directDependencies": [
                               "async",
                               "boolean_selector",
                               "collection",
                               "meta",
                               "source_span",
                               "stack_trace",
                               "stream_channel",
                               "string_scanner",
                               "term_glyph"
                             ]
                           },
                           {
                             "name": "term_glyph",
                             "version": "1.2.2",
                             "kind": "transitive",
                             "source": "hosted",
                             "dependencies": [],
                             "directDependencies": []
                           },
                           {
                             "name": "string_scanner",
                             "version": "1.4.1",
                             "kind": "transitive",
                             "source": "hosted",
                             "dependencies": [
                               "source_span"
                             ],
                             "directDependencies": [
                               "source_span"
                             ]
                           },
                           {
                             "name": "source_span",
                             "version": "1.10.1",
                             "kind": "transitive",
                             "source": "hosted",
                             "dependencies": [
                               "collection",
                               "path",
                               "term_glyph"
                             ],
                             "directDependencies": [
                               "collection",
                               "path",
                               "term_glyph"
                             ]
                           },
                           {
                             "name": "collection",
                             "version": "1.19.1",
                             "kind": "transitive",
                             "source": "hosted",
                             "dependencies": [],
                             "directDependencies": []
                           },
                           {
                             "name": "stream_channel",
                             "version": "2.1.4",
                             "kind": "transitive",
                             "source": "hosted",
                             "dependencies": [
                               "async"
                             ],
                             "directDependencies": [
                               "async"
                             ]
                           },
                           {
                             "name": "async",
                             "version": "2.13.0",
                             "kind": "transitive",
                             "source": "hosted",
                             "dependencies": [
                               "collection",
                               "meta"
                             ],
                             "directDependencies": [
                               "collection",
                               "meta"
                             ]
                           },
                           {
                             "name": "meta",
                             "version": "1.16.0",
                             "kind": "transitive",
                             "source": "hosted",
                             "dependencies": [],
                             "directDependencies": []
                           },
                           {
                             "name": "boolean_selector",
                             "version": "2.1.2",
                             "kind": "transitive",
                             "source": "hosted",
                             "dependencies": [
                               "source_span",
                               "string_scanner"
                             ],
                             "directDependencies": [
                               "source_span",
                               "string_scanner"
                             ]
                           },
                           {
                             "name": "vector_math",
                             "version": "2.1.4",
                             "kind": "transitive",
                             "source": "hosted",
                             "dependencies": [],
                             "directDependencies": []
                           },
                           {
                             "name": "material_color_utilities",
                             "version": "0.11.1",
                             "kind": "transitive",
                             "source": "hosted",
                             "dependencies": [
                               "collection"
                             ],
                             "directDependencies": [
                               "collection"
                             ]
                           },
                           {
                             "name": "leak_tracker_testing",
                             "version": "3.0.1",
                             "kind": "transitive",
                             "source": "hosted",
                             "dependencies": [
                               "leak_tracker",
                               "matcher",
                               "meta"
                             ],
                             "directDependencies": [
                               "leak_tracker",
                               "matcher",
                               "meta"
                             ]
                           },
                           {
                             "name": "leak_tracker",
                             "version": "10.0.9",
                             "kind": "transitive",
                             "source": "hosted",
                             "dependencies": [
                               "clock",
                               "collection",
                               "meta",
                               "path",
                               "vm_service"
                             ],
                             "directDependencies": [
                               "clock",
                               "collection",
                               "meta",
                               "path",
                               "vm_service"
                             ]
                           },
                           {
                             "name": "vm_service",
                             "version": "15.0.0",
                             "kind": "transitive",
                             "source": "hosted",
                             "dependencies": [],
                             "directDependencies": []
                           },
                           {
                             "name": "clock",
                             "version": "1.1.2",
                             "kind": "transitive",
                             "source": "hosted",
                             "dependencies": [],
                             "directDependencies": []
                           },
                           {
                             "name": "leak_tracker_flutter_testing",
                             "version": "3.0.9",
                             "kind": "transitive",
                             "source": "hosted",
                             "dependencies": [
                               "flutter",
                               "leak_tracker",
                               "leak_tracker_testing",
                               "matcher",
                               "meta"
                             ],
                             "directDependencies": [
                               "flutter",
                               "leak_tracker",
                               "leak_tracker_testing",
                               "matcher",
                               "meta"
                             ]
                           },
                           {
                             "name": "flutter",
                             "version": "0.0.0",
                             "kind": "direct",
                             "source": "sdk",
                             "dependencies": [
                               "characters",
                               "collection",
                               "material_color_utilities",
                               "meta",
                               "vector_math",
                               "sky_engine"
                             ],
                             "directDependencies": [
                               "characters",
                               "collection",
                               "material_color_utilities",
                               "meta",
                               "vector_math",
                               "sky_engine"
                             ]
                           },
                           {
                             "name": "sky_engine",
                             "version": "0.0.0",
                             "kind": "transitive",
                             "source": "sdk",
                             "dependencies": [],
                             "directDependencies": []
                           },
                           {
                             "name": "characters",
                             "version": "1.4.0",
                             "kind": "transitive",
                             "source": "hosted",
                             "dependencies": [],
                             "directDependencies": []
                           },
                           {
                             "name": "file",
                             "version": "7.0.1",
                             "kind": "transitive",
                             "source": "hosted",
                             "dependencies": [
                               "meta",
                               "path"
                             ],
                             "directDependencies": [
                               "meta",
                               "path"
                             ]
                           },
                           {
                             "name": "fake_async",
                             "version": "1.3.3",
                             "kind": "transitive",
                             "source": "hosted",
                             "dependencies": [
                               "clock",
                               "collection"
                             ],
                             "directDependencies": [
                               "clock",
                               "collection"
                             ]
                           },
                           {
                             "name": "flutter_test",
                             "version": "0.0.0",
                             "kind": "dev",
                             "source": "sdk",
                             "dependencies": [
                               "flutter",
                               "test_api",
                               "matcher",
                               "path",
                               "fake_async",
                               "clock",
                               "stack_trace",
                               "vector_math",
                               "leak_tracker_flutter_testing",
                               "async",
                               "boolean_selector",
                               "characters",
                               "collection",
                               "leak_tracker",
                               "leak_tracker_testing",
                               "material_color_utilities",
                               "meta",
                               "source_span",
                               "stream_channel",
                               "string_scanner",
                               "term_glyph",
                               "vm_service"
                             ],
                             "directDependencies": [
                               "flutter",
                               "test_api",
                               "matcher",
                               "path",
                               "fake_async",
                               "clock",
                               "stack_trace",
                               "vector_math",
                               "leak_tracker_flutter_testing",
                               "async",
                               "boolean_selector",
                               "characters",
                               "collection",
                               "leak_tracker",
                               "leak_tracker_testing",
                               "material_color_utilities",
                               "meta",
                               "source_span",
                               "stream_channel",
                               "string_scanner",
                               "term_glyph",
                               "vm_service"
                             ]
                           },
                           {
                             "name": "flutter_driver",
                             "version": "0.0.0",
                             "kind": "transitive",
                             "source": "sdk",
                             "dependencies": [
                               "file",
                               "flutter",
                               "flutter_test",
                               "fuchsia_remote_debug_protocol",
                               "path",
                               "meta",
                               "vm_service",
                               "webdriver",
                               "async",
                               "boolean_selector",
                               "characters",
                               "clock",
                               "collection",
                               "leak_tracker",
                               "leak_tracker_flutter_testing",
                               "leak_tracker_testing",
                               "matcher",
                               "material_color_utilities",
                               "platform",
                               "process",
                               "source_span",
                               "stack_trace",
                               "stream_channel",
                               "string_scanner",
                               "sync_http",
                               "term_glyph",
                               "test_api",
                               "vector_math"
                             ],
                             "directDependencies": [
                               "file",
                               "flutter",
                               "flutter_test",
                               "fuchsia_remote_debug_protocol",
                               "path",
                               "meta",
                               "vm_service",
                               "webdriver",
                               "async",
                               "boolean_selector",
                               "characters",
                               "clock",
                               "collection",
                               "leak_tracker",
                               "leak_tracker_flutter_testing",
                               "leak_tracker_testing",
                               "matcher",
                               "material_color_utilities",
                               "platform",
                               "process",
                               "source_span",
                               "stack_trace",
                               "stream_channel",
                               "string_scanner",
                               "sync_http",
                               "term_glyph",
                               "test_api",
                               "vector_math"
                             ]
                           },
                           {
                             "name": "process",
                             "version": "5.0.3",
                             "kind": "transitive",
                             "source": "hosted",
                             "dependencies": [
                               "file",
                               "path",
                               "platform"
                             ],
                             "directDependencies": [
                               "file",
                               "path",
                               "platform"
                             ]
                           },
                           {
                             "name": "platform",
                             "version": "3.1.6",
                             "kind": "transitive",
                             "source": "hosted",
                             "dependencies": [],
                             "directDependencies": []
                           },
                           {
                             "name": "fuchsia_remote_debug_protocol",
                             "version": "0.0.0",
                             "kind": "transitive",
                             "source": "sdk",
                             "dependencies": [
                               "process",
                               "vm_service",
                               "file",
                               "meta",
                               "path",
                               "platform"
                             ],
                             "directDependencies": [
                               "process",
                               "vm_service",
                               "file",
                               "meta",
                               "path",
                               "platform"
                             ]
                           },
                           {
                             "name": "mockito",
                             "version": "5.4.4",
                             "kind": "dev",
                             "source": "hosted",
                             "dependencies": [
                               "analyzer",
                               "build",
                               "code_builder",
                               "collection",
                               "dart_style",
                               "matcher",
                               "meta",
                               "path",
                               "source_gen",
                               "test_api"
                             ],
                             "directDependencies": [
                               "analyzer",
                               "build",
                               "code_builder",
                               "collection",
                               "dart_style",
                               "matcher",
                               "meta",
                               "path",
                               "source_gen",
                               "test_api"
                             ]
                           },
                           {
                             "name": "source_gen",
                             "version": "1.5.0",
                             "kind": "transitive",
                             "source": "hosted",
                             "dependencies": [
                               "analyzer",
                               "async",
                               "build",
                               "dart_style",
                               "glob",
                               "path",
                               "source_span",
                               "yaml"
                             ],
                             "directDependencies": [
                               "analyzer",
                               "async",
                               "build",
                               "dart_style",
                               "glob",
                               "path",
                               "source_span",
                               "yaml"
                             ]
                           },
                           {
                             "name": "yaml",
                             "version": "3.1.3",
                             "kind": "transitive",
                             "source": "hosted",
                             "dependencies": [
                               "collection",
                               "source_span",
                               "string_scanner"
                             ],
                             "directDependencies": [
                               "collection",
                               "source_span",
                               "string_scanner"
                             ]
                           },
                           {
                             "name": "glob",
                             "version": "2.1.3",
                             "kind": "transitive",
                             "source": "hosted",
                             "dependencies": [
                               "async",
                               "collection",
                               "file",
                               "path",
                               "string_scanner"
                             ],
                             "directDependencies": [
                               "async",
                               "collection",
                               "file",
                               "path",
                               "string_scanner"
                             ]
                           },
                           {
                             "name": "dart_style",
                             "version": "2.3.7",
                             "kind": "transitive",
                             "source": "hosted",
                             "dependencies": [
                               "analyzer",
                               "args",
                               "collection",
                               "package_config",
                               "path",
                               "pub_semver",
                               "source_span"
                             ],
                             "directDependencies": [
                               "analyzer",
                               "args",
                               "collection",
                               "package_config",
                               "path",
                               "pub_semver",
                               "source_span"
                             ]
                           },
                           {
                             "name": "pub_semver",
                             "version": "2.2.0",
                             "kind": "transitive",
                             "source": "hosted",
                             "dependencies": [
                               "collection"
                             ],
                             "directDependencies": [
                               "collection"
                             ]
                           },
                           {
                             "name": "package_config",
                             "version": "2.2.0",
                             "kind": "transitive",
                             "source": "hosted",
                             "dependencies": [
                               "path"
                             ],
                             "directDependencies": [
                               "path"
                             ]
                           },
                           {
                             "name": "args",
                             "version": "2.7.0",
                             "kind": "transitive",
                             "source": "hosted",
                             "dependencies": [],
                             "directDependencies": []
                           },
                           {
                             "name": "analyzer",
                             "version": "6.11.0",
                             "kind": "transitive",
                             "source": "hosted",
                             "dependencies": [
                               "_fe_analyzer_shared",
                               "collection",
                               "convert",
                               "crypto",
                               "glob",
                               "macros",
                               "meta",
                               "package_config",
                               "path",
                               "pub_semver",
                               "source_span",
                               "watcher",
                               "yaml"
                             ],
                             "directDependencies": [
                               "_fe_analyzer_shared",
                               "collection",
                               "convert",
                               "crypto",
                               "glob",
                               "macros",
                               "meta",
                               "package_config",
                               "path",
                               "pub_semver",
                               "source_span",
                               "watcher",
                               "yaml"
                             ]
                           },
                           {
                             "name": "watcher",
                             "version": "1.1.2",
                             "kind": "transitive",
                             "source": "hosted",
                             "dependencies": [
                               "async",
                               "path"
                             ],
                             "directDependencies": [
                               "async",
                               "path"
                             ]
                           },
                           {
                             "name": "macros",
                             "version": "0.1.3-main.0",
                             "kind": "transitive",
                             "source": "hosted",
                             "dependencies": [
                               "_macros"
                             ],
                             "directDependencies": [
                               "_macros"
                             ]
                           },
                           {
                             "name": "_macros",
                             "version": "0.3.3",
                             "kind": "transitive",
                             "source": "sdk",
                             "dependencies": [],
                             "directDependencies": []
                           },
                           {
                             "name": "crypto",
                             "version": "3.0.6",
                             "kind": "transitive",
                             "source": "hosted",
                             "dependencies": [
                               "typed_data"
                             ],
                             "directDependencies": [
                               "typed_data"
                             ]
                           },
                           {
                             "name": "typed_data",
                             "version": "1.4.0",
                             "kind": "transitive",
                             "source": "hosted",
                             "dependencies": [
                               "collection"
                             ],
                             "directDependencies": [
                               "collection"
                             ]
                           },
                           {
                             "name": "convert",
                             "version": "3.1.2",
                             "kind": "transitive",
                             "source": "hosted",
                             "dependencies": [
                               "typed_data"
                             ],
                             "directDependencies": [
                               "typed_data"
                             ]
                           },
                           {
                             "name": "_fe_analyzer_shared",
                             "version": "76.0.0",
                             "kind": "transitive",
                             "source": "hosted",
                             "dependencies": [
                               "meta"
                             ],
                             "directDependencies": [
                               "meta"
                             ]
                           },
                           {
                             "name": "build",
                             "version": "2.4.1",
                             "kind": "transitive",
                             "source": "hosted",
                             "dependencies": [
                               "analyzer",
                               "async",
                               "convert",
                               "crypto",
                               "glob",
                               "logging",
                               "meta",
                               "package_config",
                               "path"
                             ],
                             "directDependencies": [
                               "analyzer",
                               "async",
                               "convert",
                               "crypto",
                               "glob",
                               "logging",
                               "meta",
                               "package_config",
                               "path"
                             ]
                           },
                           {
                             "name": "logging",
                             "version": "1.3.0",
                             "kind": "transitive",
                             "source": "hosted",
                             "dependencies": [],
                             "directDependencies": []
                           },
                           {
                             "name": "code_builder",
                             "version": "4.10.1",
                             "kind": "transitive",
                             "source": "hosted",
                             "dependencies": [
                               "built_collection",
                               "built_value",
                               "collection",
                               "matcher",
                               "meta"
                             ],
                             "directDependencies": [
                               "built_collection",
                               "built_value",
                               "collection",
                               "matcher",
                               "meta"
                             ]
                           },
                           {
                             "name": "built_value",
                             "version": "8.11.0",
                             "kind": "transitive",
                             "source": "hosted",
                             "dependencies": [
                               "built_collection",
                               "collection",
                               "fixnum",
                               "meta"
                             ],
                             "directDependencies": [
                               "built_collection",
                               "collection",
                               "fixnum",
                               "meta"
                             ]
                           },
                           {
                             "name": "fixnum",
                             "version": "1.1.1",
                             "kind": "transitive",
                             "source": "hosted",
                             "dependencies": [],
                             "directDependencies": []
                           },
                           {
                             "name": "built_collection",
                             "version": "5.1.1",
                             "kind": "transitive",
                             "source": "hosted",
                             "dependencies": [],
                             "directDependencies": []
                           },
                           {
                             "name": "freezed_annotation",
                             "version": "2.4.4",
                             "kind": "dev",
                             "source": "hosted",
                             "dependencies": [
                               "collection",
                               "json_annotation",
                               "meta"
                             ],
                             "directDependencies": [
                               "collection",
                               "json_annotation",
                               "meta"
                             ]
                           },
                           {
                             "name": "json_annotation",
                             "version": "4.9.0",
                             "kind": "direct",
                             "source": "hosted",
                             "dependencies": [
                               "meta"
                             ],
                             "directDependencies": [
                               "meta"
                             ]
                           },
                           {
                             "name": "freezed",
                             "version": "2.5.7",
                             "kind": "dev",
                             "source": "hosted",
                             "dependencies": [
                               "analyzer",
                               "build",
                               "build_config",
                               "collection",
                               "meta",
                               "source_gen",
                               "freezed_annotation",
                               "json_annotation",
                               "dart_style"
                             ],
                             "directDependencies": [
                               "analyzer",
                               "build",
                               "build_config",
                               "collection",
                               "meta",
                               "source_gen",
                               "freezed_annotation",
                               "json_annotation",
                               "dart_style"
                             ]
                           },
                           {
                             "name": "build_config",
                             "version": "1.1.1",
                             "kind": "transitive",
                             "source": "hosted",
                             "dependencies": [
                               "checked_yaml",
                               "json_annotation",
                               "path",
                               "pubspec_parse",
                               "yaml"
                             ],
                             "directDependencies": [
                               "checked_yaml",
                               "json_annotation",
                               "path",
                               "pubspec_parse",
                               "yaml"
                             ]
                           },
                           {
                             "name": "pubspec_parse",
                             "version": "1.4.0",
                             "kind": "transitive",
                             "source": "hosted",
                             "dependencies": [
                               "checked_yaml",
                               "collection",
                               "json_annotation",
                               "pub_semver",
                               "yaml"
                             ],
                             "directDependencies": [
                               "checked_yaml",
                               "collection",
                               "json_annotation",
                               "pub_semver",
                               "yaml"
                             ]
                           },
                           {
                             "name": "checked_yaml",
                             "version": "2.0.3",
                             "kind": "transitive",
                             "source": "hosted",
                             "dependencies": [
                               "json_annotation",
                               "source_span",
                               "yaml"
                             ],
                             "directDependencies": [
                               "json_annotation",
                               "source_span",
                               "yaml"
                             ]
                           },
                           {
                             "name": "json_serializable",
                             "version": "6.9.0",
                             "kind": "dev",
                             "source": "hosted",
                             "dependencies": [
                               "analyzer",
                               "async",
                               "build",
                               "build_config",
                               "collection",
                               "json_annotation",
                               "meta",
                               "path",
                               "pub_semver",
                               "pubspec_parse",
                               "source_gen",
                               "source_helper"
                             ],
                             "directDependencies": [
                               "analyzer",
                               "async",
                               "build",
                               "build_config",
                               "collection",
                               "json_annotation",
                               "meta",
                               "path",
                               "pub_semver",
                               "pubspec_parse",
                               "source_gen",
                               "source_helper"
                             ]
                           },
                           {
                             "name": "source_helper",
                             "version": "1.3.5",
                             "kind": "transitive",
                             "source": "hosted",
                             "dependencies": [
                               "analyzer",
                               "collection",
                               "source_gen"
                             ],
                             "directDependencies": [
                               "analyzer",
                               "collection",
                               "source_gen"
                             ]
                           },
                           {
                             "name": "riverpod_generator",
                             "version": "2.6.3",
                             "kind": "dev",
                             "source": "hosted",
                             "dependencies": [
                               "analyzer",
                               "build",
                               "build_config",
                               "collection",
                               "crypto",
                               "meta",
                               "path",
                               "riverpod_analyzer_utils",
                               "riverpod_annotation",
                               "source_gen"
                             ],
                             "directDependencies": [
                               "analyzer",
                               "build",
                               "build_config",
                               "collection",
                               "crypto",
                               "meta",
                               "path",
                               "riverpod_analyzer_utils",
                               "riverpod_annotation",
                               "source_gen"
                             ]
                           },
                           {
                             "name": "riverpod_annotation",
                             "version": "2.6.1",
                             "kind": "direct",
                             "source": "hosted",
                             "dependencies": [
                               "meta",
                               "riverpod"
                             ],
                             "directDependencies": [
                               "meta",
                               "riverpod"
                             ]
                           },
                           {
                             "name": "riverpod",
                             "version": "2.6.1",
                             "kind": "transitive",
                             "source": "hosted",
                             "dependencies": [
                               "collection",
                               "meta",
                               "stack_trace",
                               "state_notifier"
                             ],
                             "directDependencies": [
                               "collection",
                               "meta",
                               "stack_trace",
                               "state_notifier"
                             ]
                           },
                           {
                             "name": "state_notifier",
                             "version": "1.0.0",
                             "kind": "transitive",
                             "source": "hosted",
                             "dependencies": [
                               "meta"
                             ],
                             "directDependencies": [
                               "meta"
                             ]
                           },
                           {
                             "name": "riverpod_analyzer_utils",
                             "version": "0.5.8",
                             "kind": "transitive",
                             "source": "hosted",
                             "dependencies": [
                               "analyzer",
                               "collection",
                               "crypto",
                               "custom_lint_core",
                               "freezed_annotation",
                               "meta",
                               "path",
                               "source_span"
                             ],
                             "directDependencies": [
                               "analyzer",
                               "collection",
                               "crypto",
                               "custom_lint_core",
                               "freezed_annotation",
                               "meta",
                               "path",
                               "source_span"
                             ]
                           },
                           {
                             "name": "custom_lint_core",
                             "version": "0.7.0",
                             "kind": "transitive",
                             "source": "hosted",
                             "dependencies": [
                               "analyzer",
                               "analyzer_plugin",
                               "collection",
                               "custom_lint_visitor",
                               "glob",
                               "matcher",
                               "meta",
                               "package_config",
                               "path",
                               "pubspec_parse",
                               "source_span",
                               "uuid",
                               "yaml"
                             ],
                             "directDependencies": [
                               "analyzer",
                               "analyzer_plugin",
                               "collection",
                               "custom_lint_visitor",
                               "glob",
                               "matcher",
                               "meta",
                               "package_config",
                               "path",
                               "pubspec_parse",
                               "source_span",
                               "uuid",
                               "yaml"
                             ]
                           },
                           {
                             "name": "uuid",
                             "version": "4.5.1",
                             "kind": "transitive",
                             "source": "hosted",
                             "dependencies": [
                               "crypto",
                               "sprintf",
                               "meta",
                               "fixnum"
                             ],
                             "directDependencies": [
                               "crypto",
                               "sprintf",
                               "meta",
                               "fixnum"
                             ]
                           },
                           {
                             "name": "sprintf",
                             "version": "7.0.0",
                             "kind": "transitive",
                             "source": "hosted",
                             "dependencies": [],
                             "directDependencies": []
                           },
                           {
                             "name": "custom_lint_visitor",
                             "version": "1.0.0+6.11.0",
                             "kind": "transitive",
                             "source": "hosted",
                             "dependencies": [
                               "analyzer"
                             ],
                             "directDependencies": [
                               "analyzer"
                             ]
                           },
                           {
                             "name": "analyzer_plugin",
                             "version": "0.11.3",
                             "kind": "transitive",
                             "source": "hosted",
                             "dependencies": [
                               "analyzer",
                               "collection",
                               "dart_style",
                               "pub_semver",
                               "yaml"
                             ],
                             "directDependencies": [
                               "analyzer",
                               "collection",
                               "dart_style",
                               "pub_semver",
                               "yaml"
                             ]
                           },
                           {
                             "name": "build_runner",
                             "version": "2.4.13",
                             "kind": "dev",
                             "source": "hosted",
                             "dependencies": [
                               "analyzer",
                               "args",
                               "async",
                               "build",
                               "build_config",
                               "build_daemon",
                               "build_resolvers",
                               "build_runner_core",
                               "code_builder",
                               "collection",
                               "crypto",
                               "dart_style",
                               "frontend_server_client",
                               "glob",
                               "graphs",
                               "http_multi_server",
                               "io",
                               "js",
                               "logging",
                               "meta",
                               "mime",
                               "package_config",
                               "path",
                               "pool",
                               "pub_semver",
                               "pubspec_parse",
                               "shelf",
                               "shelf_web_socket",
                               "stack_trace",
                               "stream_transform",
                               "timing",
                               "watcher",
                               "web_socket_channel",
                               "yaml"
                             ],
                             "directDependencies": [
                               "analyzer",
                               "args",
                               "async",
                               "build",
                               "build_config",
                               "build_daemon",
                               "build_resolvers",
                               "build_runner_core",
                               "code_builder",
                               "collection",
                               "crypto",
                               "dart_style",
                               "frontend_server_client",
                               "glob",
                               "graphs",
                               "http_multi_server",
                               "io",
                               "js",
                               "logging",
                               "meta",
                               "mime",
                               "package_config",
                               "path",
                               "pool",
                               "pub_semver",
                               "pubspec_parse",
                               "shelf",
                               "shelf_web_socket",
                               "stack_trace",
                               "stream_transform",
                               "timing",
                               "watcher",
                               "web_socket_channel",
                               "yaml"
                             ]
                           },
                           {
                             "name": "web_socket_channel",
                             "version": "3.0.3",
                             "kind": "transitive",
                             "source": "hosted",
                             "dependencies": [
                               "async",
                               "crypto",
                               "stream_channel",
                               "web",
                               "web_socket"
                             ],
                             "directDependencies": [
                               "async",
                               "crypto",
                               "stream_channel",
                               "web",
                               "web_socket"
                             ]
                           },
                           {
                             "name": "web_socket",
                             "version": "1.0.1",
                             "kind": "transitive",
                             "source": "hosted",
                             "dependencies": [
                               "web"
                             ],
                             "directDependencies": [
                               "web"
                             ]
                           },
                           {
                             "name": "web",
                             "version": "1.1.1",
                             "kind": "transitive",
                             "source": "hosted",
                             "dependencies": [],
                             "directDependencies": []
                           },
                           {
                             "name": "timing",
                             "version": "1.0.2",
                             "kind": "transitive",
                             "source": "hosted",
                             "dependencies": [
                               "json_annotation"
                             ],
                             "directDependencies": [
                               "json_annotation"
                             ]
                           },
                           {
                             "name": "stream_transform",
                             "version": "2.1.1",
                             "kind": "transitive",
                             "source": "hosted",
                             "dependencies": [],
                             "directDependencies": []
                           },
                           {
                             "name": "shelf_web_socket",
                             "version": "2.0.1",
                             "kind": "transitive",
                             "source": "hosted",
                             "dependencies": [
                               "shelf",
                               "stream_channel",
                               "web_socket_channel"
                             ],
                             "directDependencies": [
                               "shelf",
                               "stream_channel",
                               "web_socket_channel"
                             ]
                           },
                           {
                             "name": "shelf",
                             "version": "1.4.1",
                             "kind": "transitive",
                             "source": "hosted",
                             "dependencies": [
                               "async",
                               "collection",
                               "http_parser",
                               "path",
                               "stack_trace",
                               "stream_channel"
                             ],
                             "directDependencies": [
                               "async",
                               "collection",
                               "http_parser",
                               "path",
                               "stack_trace",
                               "stream_channel"
                             ]
                           },
                           {
                             "name": "http_parser",
                             "version": "4.0.2",
                             "kind": "transitive",
                             "source": "hosted",
                             "dependencies": [
                               "collection",
                               "source_span",
                               "string_scanner",
                               "typed_data"
                             ],
                             "directDependencies": [
                               "collection",
                               "source_span",
                               "string_scanner",
                               "typed_data"
                             ]
                           },
                           {
                             "name": "pool",
                             "version": "1.5.1",
                             "kind": "transitive",
                             "source": "hosted",
                             "dependencies": [
                               "async",
                               "stack_trace"
                             ],
                             "directDependencies": [
                               "async",
                               "stack_trace"
                             ]
                           },
                           {
                             "name": "mime",
                             "version": "1.0.6",
                             "kind": "transitive",
                             "source": "hosted",
                             "dependencies": [],
                             "directDependencies": []
                           },
                           {
                             "name": "js",
                             "version": "0.6.7",
                             "kind": "transitive",
                             "source": "hosted",
                             "dependencies": [
                               "meta"
                             ],
                             "directDependencies": [
                               "meta"
                             ]
                           },
                           {
                             "name": "io",
                             "version": "1.0.5",
                             "kind": "transitive",
                             "source": "hosted",
                             "dependencies": [
                               "meta",
                               "path",
                               "string_scanner"
                             ],
                             "directDependencies": [
                               "meta",
                               "path",
                               "string_scanner"
                             ]
                           },
                           {
                             "name": "http_multi_server",
                             "version": "3.2.2",
                             "kind": "transitive",
                             "source": "hosted",
                             "dependencies": [
                               "async"
                             ],
                             "directDependencies": [
                               "async"
                             ]
                           },
                           {
                             "name": "graphs",
                             "version": "2.3.2",
                             "kind": "transitive",
                             "source": "hosted",
                             "dependencies": [
                               "collection"
                             ],
                             "directDependencies": [
                               "collection"
                             ]
                           },
                           {
                             "name": "frontend_server_client",
                             "version": "4.0.0",
                             "kind": "transitive",
                             "source": "hosted",
                             "dependencies": [
                               "async",
                               "path"
                             ],
                             "directDependencies": [
                               "async",
                               "path"
                             ]
                           },
                           {
                             "name": "build_runner_core",
                             "version": "7.3.2",
                             "kind": "transitive",
                             "source": "hosted",
                             "dependencies": [
                               "async",
                               "build",
                               "build_config",
                               "build_resolvers",
                               "collection",
                               "convert",
                               "crypto",
                               "glob",
                               "graphs",
                               "json_annotation",
                               "logging",
                               "meta",
                               "package_config",
                               "path",
                               "pool",
                               "timing",
                               "watcher",
                               "yaml"
                             ],
                             "directDependencies": [
                               "async",
                               "build",
                               "build_config",
                               "build_resolvers",
                               "collection",
                               "convert",
                               "crypto",
                               "glob",
                               "graphs",
                               "json_annotation",
                               "logging",
                               "meta",
                               "package_config",
                               "path",
                               "pool",
                               "timing",
                               "watcher",
                               "yaml"
                             ]
                           },
                           {
                             "name": "build_resolvers",
                             "version": "2.4.2",
                             "kind": "transitive",
                             "source": "hosted",
                             "dependencies": [
                               "analyzer",
                               "async",
                               "build",
                               "collection",
                               "convert",
                               "crypto",
                               "graphs",
                               "logging",
                               "package_config",
                               "path",
                               "pool",
                               "pub_semver",
                               "stream_transform",
                               "yaml"
                             ],
                             "directDependencies": [
                               "analyzer",
                               "async",
                               "build",
                               "collection",
                               "convert",
                               "crypto",
                               "graphs",
                               "logging",
                               "package_config",
                               "path",
                               "pool",
                               "pub_semver",
                               "stream_transform",
                               "yaml"
                             ]
                           },
                           {
                             "name": "build_daemon",
                             "version": "4.0.2",
                             "kind": "transitive",
                             "source": "hosted",
                             "dependencies": [
                               "built_collection",
                               "built_value",
                               "crypto",
                               "http_multi_server",
                               "logging",
                               "path",
                               "pool",
                               "shelf",
                               "shelf_web_socket",
                               "stream_transform",
                               "watcher",
                               "web_socket_channel"
                             ],
                             "directDependencies": [
                               "built_collection",
                               "built_value",
                               "crypto",
                               "http_multi_server",
                               "logging",
                               "path",
                               "pool",
                               "shelf",
                               "shelf_web_socket",
                               "stream_transform",
                               "watcher",
                               "web_socket_channel"
                             ]
                           },
                           {
                             "name": "flutter_lints",
                             "version": "3.0.2",
                             "kind": "dev",
                             "source": "hosted",
                             "dependencies": [
                               "lints"
                             ],
                             "directDependencies": [
                               "lints"
                             ]
                           },
                           {
                             "name": "lints",
                             "version": "3.0.0",
                             "kind": "transitive",
                             "source": "hosted",
                             "dependencies": [],
                             "directDependencies": []
                           },
                           {
                             "name": "mcp_toolkit",
                             "version": "0.2.3",
                             "kind": "direct",
                             "source": "hosted",
                             "dependencies": [
                               "collection",
                               "dart_mcp",
                               "equatable",
                               "flutter",
                               "from_json_to_json",
                               "is_dart_empty_or_not",
                               "universal_io"
                             ],
                             "directDependencies": [
                               "collection",
                               "dart_mcp",
                               "equatable",
                               "flutter",
                               "from_json_to_json",
                               "is_dart_empty_or_not",
                               "universal_io"
                             ]
                           },
                           {
                             "name": "universal_io",
                             "version": "2.2.2",
                             "kind": "transitive",
                             "source": "hosted",
                             "dependencies": [
                               "collection",
                               "meta",
                               "typed_data"
                             ],
                             "directDependencies": [
                               "collection",
                               "meta",
                               "typed_data"
                             ]
                           },
                           {
                             "name": "is_dart_empty_or_not",
                             "version": "0.2.3",
                             "kind": "transitive",
                             "source": "hosted",
                             "dependencies": [],
                             "directDependencies": []
                           },
                           {
                             "name": "from_json_to_json",
                             "version": "0.2.1",
                             "kind": "transitive",
                             "source": "hosted",
                             "dependencies": [
                               "collection",
                               "is_dart_empty_or_not"
                             ],
                             "directDependencies": [
                               "collection",
                               "is_dart_empty_or_not"
                             ]
                           },
                           {
                             "name": "equatable",
                             "version": "2.0.7",
                             "kind": "transitive",
                             "source": "hosted",
                             "dependencies": [
                               "collection",
                               "meta"
                             ],
                             "directDependencies": [
                               "collection",
                               "meta"
                             ]
                           },
                           {
                             "name": "dart_mcp",
                             "version": "0.2.2",
                             "kind": "transitive",
                             "source": "hosted",
                             "dependencies": [
                               "async",
                               "collection",
                               "json_rpc_2",
                               "meta",
                               "stream_channel",
                               "stream_transform"
                             ],
                             "directDependencies": [
                               "async",
                               "collection",
                               "json_rpc_2",
                               "meta",
                               "stream_channel",
                               "stream_transform"
                             ]
                           },
                           {
                             "name": "json_rpc_2",
                             "version": "4.0.0",
                             "kind": "transitive",
                             "source": "hosted",
                             "dependencies": [
                               "stack_trace",
                               "stream_channel"
                             ],
                             "directDependencies": [
                               "stack_trace",
                               "stream_channel"
                             ]
                           },
                           {
                             "name": "flutter_launcher_icons",
                             "version": "0.13.1",
                             "kind": "direct",
                             "source": "hosted",
                             "dependencies": [
                               "args",
                               "checked_yaml",
                               "cli_util",
                               "image",
                               "json_annotation",
                               "path",
                               "yaml"
                             ],
                             "directDependencies": [
                               "args",
                               "checked_yaml",
                               "cli_util",
                               "image",
                               "json_annotation",
                               "path",
                               "yaml"
                             ]
                           },
                           {
                             "name": "image",
                             "version": "4.3.0",
                             "kind": "transitive",
                             "source": "hosted",
                             "dependencies": [
                               "archive",
                               "meta",
                               "xml"
                             ],
                             "directDependencies": [
                               "archive",
                               "meta",
                               "xml"
                             ]
                           },
                           {
                             "name": "xml",
                             "version": "6.5.0",
                             "kind": "transitive",
                             "source": "hosted",
                             "dependencies": [
                               "collection",
                               "meta",
                               "petitparser"
                             ],
                             "directDependencies": [
                               "collection",
                               "meta",
                               "petitparser"
                             ]
                           },
                           {
                             "name": "petitparser",
                             "version": "6.0.2",
                             "kind": "transitive",
                             "source": "hosted",
                             "dependencies": [
                               "meta"
                             ],
                             "directDependencies": [
                               "meta"
                             ]
                           },
                           {
                             "name": "archive",
                             "version": "3.6.1",
                             "kind": "transitive",
                             "source": "hosted",
                             "dependencies": [
                               "crypto",
                               "path"
                             ],
                             "directDependencies": [
                               "crypto",
                               "path"
                             ]
                           },
                           {
                             "name": "cli_util",
                             "version": "0.4.2",
                             "kind": "transitive",
                             "source": "hosted",
                             "dependencies": [
                               "meta",
                               "path"
                             ],
                             "directDependencies": [
                               "meta",
                               "path"
                             ]
                           },
                           {
                             "name": "cupertino_icons",
                             "version": "1.0.8",
                             "kind": "direct",
                             "source": "hosted",
                             "dependencies": [],
                             "directDependencies": []
                           },
                           {
                             "name": "flutter_markdown",
                             "version": "0.7.7+1",
                             "kind": "direct",
                             "source": "hosted",
                             "dependencies": [
                               "flutter",
                               "markdown",
                               "meta",
                               "path"
                             ],
                             "directDependencies": [
                               "flutter",
                               "markdown",
                               "meta",
                               "path"
                             ]
                           },
                           {
                             "name": "markdown",
                             "version": "7.3.0",
                             "kind": "transitive",
                             "source": "hosted",
                             "dependencies": [
                               "args",
                               "meta"
                             ],
                             "directDependencies": [
                               "args",
                               "meta"
                             ]
                           },
                           {
                             "name": "image_cropper",
                             "version": "9.1.0",
                             "kind": "direct",
                             "source": "hosted",
                             "dependencies": [
                               "flutter",
                               "image_cropper_platform_interface",
                               "image_cropper_for_web"
                             ],
                             "directDependencies": [
                               "flutter",
                               "image_cropper_platform_interface",
                               "image_cropper_for_web"
                             ]
                           },
                           {
                             "name": "image_cropper_for_web",
                             "version": "6.1.0",
                             "kind": "transitive",
                             "source": "hosted",
                             "dependencies": [
                               "flutter",
                               "flutter_web_plugins",
                               "image_cropper_platform_interface",
                               "web"
                             ],
                             "directDependencies": [
                               "flutter",
                               "flutter_web_plugins",
                               "image_cropper_platform_interface",
                               "web"
                             ]
                           },
                           {
                             "name": "image_cropper_platform_interface",
                             "version": "7.1.0",
                             "kind": "transitive",
                             "source": "hosted",
                             "dependencies": [
                               "flutter",
                               "plugin_platform_interface",
                               "http"
                             ],
                             "directDependencies": [
                               "flutter",
                               "plugin_platform_interface",
                               "http"
                             ]
                           },
                           {
                             "name": "http",
                             "version": "1.4.0",
                             "kind": "transitive",
                             "source": "hosted",
                             "dependencies": [
                               "async",
                               "http_parser",
                               "meta",
                               "web"
                             ],
                             "directDependencies": [
                               "async",
                               "http_parser",
                               "meta",
                               "web"
                             ]
                           },
                           {
                             "name": "plugin_platform_interface",
                             "version": "2.1.8",
                             "kind": "transitive",
                             "source": "hosted",
                             "dependencies": [
                               "meta"
                             ],
                             "directDependencies": [
                               "meta"
                             ]
                           },
                           {
                             "name": "flutter_web_plugins",
                             "version": "0.0.0",
                             "kind": "transitive",
                             "source": "sdk",
                             "dependencies": [
                               "flutter",
                               "characters",
                               "collection",
                               "material_color_utilities",
                               "meta",
                               "vector_math"
                             ],
                             "directDependencies": [
                               "flutter",
                               "characters",
                               "collection",
                               "material_color_utilities",
                               "meta",
                               "vector_math"
                             ]
                           },
                           {
                             "name": "image_picker",
                             "version": "1.1.2",
                             "kind": "direct",
                             "source": "hosted",
                             "dependencies": [
                               "flutter",
                               "image_picker_android",
                               "image_picker_for_web",
                               "image_picker_ios",
                               "image_picker_linux",
                               "image_picker_macos",
                               "image_picker_platform_interface",
                               "image_picker_windows"
                             ],
                             "directDependencies": [
                               "flutter",
                               "image_picker_android",
                               "image_picker_for_web",
                               "image_picker_ios",
                               "image_picker_linux",
                               "image_picker_macos",
                               "image_picker_platform_interface",
                               "image_picker_windows"
                             ]
                           },
                           {
                             "name": "image_picker_windows",
                             "version": "0.2.1+1",
                             "kind": "transitive",
                             "source": "hosted",
                             "dependencies": [
                               "file_selector_platform_interface",
                               "file_selector_windows",
                               "flutter",
                               "image_picker_platform_interface"
                             ],
                             "directDependencies": [
                               "file_selector_platform_interface",
                               "file_selector_windows",
                               "flutter",
                               "image_picker_platform_interface"
                             ]
                           },
                           {
                             "name": "image_picker_platform_interface",
                             "version": "2.10.1",
                             "kind": "transitive",
                             "source": "hosted",
                             "dependencies": [
                               "cross_file",
                               "flutter",
                               "http",
                               "plugin_platform_interface"
                             ],
                             "directDependencies": [
                               "cross_file",
                               "flutter",
                               "http",
                               "plugin_platform_interface"
                             ]
                           },
                           {
                             "name": "cross_file",
                             "version": "0.3.4+2",
                             "kind": "transitive",
                             "source": "hosted",
                             "dependencies": [
                               "meta",
                               "web"
                             ],
                             "directDependencies": [
                               "meta",
                               "web"
                             ]
                           },
                           {
                             "name": "file_selector_windows",
                             "version": "0.9.3+4",
                             "kind": "transitive",
                             "source": "hosted",
                             "dependencies": [
                               "cross_file",
                               "file_selector_platform_interface",
                               "flutter"
                             ],
                             "directDependencies": [
                               "cross_file",
                               "file_selector_platform_interface",
                               "flutter"
                             ]
                           },
                           {
                             "name": "file_selector_platform_interface",
                             "version": "2.6.2",
                             "kind": "transitive",
                             "source": "hosted",
                             "dependencies": [
                               "cross_file",
                               "flutter",
                               "http",
                               "plugin_platform_interface"
                             ],
                             "directDependencies": [
                               "cross_file",
                               "flutter",
                               "http",
                               "plugin_platform_interface"
                             ]
                           },
                           {
                             "name": "image_picker_macos",
                             "version": "0.2.1+2",
                             "kind": "transitive",
                             "source": "hosted",
                             "dependencies": [
                               "file_selector_macos",
                               "file_selector_platform_interface",
                               "flutter",
                               "image_picker_platform_interface"
                             ],
                             "directDependencies": [
                               "file_selector_macos",
                               "file_selector_platform_interface",
                               "flutter",
                               "image_picker_platform_interface"
                             ]
                           },
                           {
                             "name": "file_selector_macos",
                             "version": "0.9.4+2",
                             "kind": "transitive",
                             "source": "hosted",
                             "dependencies": [
                               "cross_file",
                               "file_selector_platform_interface",
                               "flutter"
                             ],
                             "directDependencies": [
                               "cross_file",
                               "file_selector_platform_interface",
                               "flutter"
                             ]
                           },
                           {
                             "name": "image_picker_linux",
                             "version": "0.2.1+2",
                             "kind": "transitive",
                             "source": "hosted",
                             "dependencies": [
                               "file_selector_linux",
                               "file_selector_platform_interface",
                               "flutter",
                               "image_picker_platform_interface"
                             ],
                             "directDependencies": [
                               "file_selector_linux",
                               "file_selector_platform_interface",
                               "flutter",
                               "image_picker_platform_interface"
                             ]
                           },
                           {
                             "name": "file_selector_linux",
                             "version": "0.9.3+2",
                             "kind": "transitive",
                             "source": "hosted",
                             "dependencies": [
                               "cross_file",
                               "file_selector_platform_interface",
                               "flutter"
                             ],
                             "directDependencies": [
                               "cross_file",
                               "file_selector_platform_interface",
                               "flutter"
                             ]
                           },
                           {
                             "name": "image_picker_ios",
                             "version": "0.8.12+2",
                             "kind": "transitive",
                             "source": "hosted",
                             "dependencies": [
                               "flutter",
                               "image_picker_platform_interface"
                             ],
                             "directDependencies": [
                               "flutter",
                               "image_picker_platform_interface"
                             ]
                           },
                           {
                             "name": "image_picker_for_web",
                             "version": "3.0.6",
                             "kind": "transitive",
                             "source": "hosted",
                             "dependencies": [
                               "flutter",
                               "flutter_web_plugins",
                               "image_picker_platform_interface",
                               "mime",
                               "web"
                             ],
                             "directDependencies": [
                               "flutter",
                               "flutter_web_plugins",
                               "image_picker_platform_interface",
                               "mime",
                               "web"
                             ]
                           },
                           {
                             "name": "image_picker_android",
                             "version": "0.8.12+21",
                             "kind": "transitive",
                             "source": "hosted",
                             "dependencies": [
                               "flutter",
                               "flutter_plugin_android_lifecycle",
                               "image_picker_platform_interface"
                             ],
                             "directDependencies": [
                               "flutter",
                               "flutter_plugin_android_lifecycle",
                               "image_picker_platform_interface"
                             ]
                           },
                           {
                             "name": "flutter_plugin_android_lifecycle",
                             "version": "2.0.26",
                             "kind": "transitive",
                             "source": "hosted",
                             "dependencies": [
                               "flutter"
                             ],
                             "directDependencies": [
                               "flutter"
                             ]
                           },
                           {
                             "name": "logger",
                             "version": "2.6.0",
                             "kind": "direct",
                             "source": "hosted",
                             "dependencies": [],
                             "directDependencies": []
                           },
                           {
                             "name": "flutter_dotenv",
                             "version": "5.2.1",
                             "kind": "direct",
                             "source": "hosted",
                             "dependencies": [
                               "flutter"
                             ],
                             "directDependencies": [
                               "flutter"
                             ]
                           },
                           {
                             "name": "pretty_dio_logger",
                             "version": "1.4.0",
                             "kind": "direct",
                             "source": "hosted",
                             "dependencies": [
                               "dio"
                             ],
                             "directDependencies": [
                               "dio"
                             ]
                           },
                           {
                             "name": "dio",
                             "version": "5.8.0+1",
                             "kind": "direct",
                             "source": "hosted",
                             "dependencies": [
                               "async",
                               "collection",
                               "http_parser",
                               "meta",
                               "path",
                               "dio_web_adapter"
                             ],
                             "directDependencies": [
                               "async",
                               "collection",
                               "http_parser",
                               "meta",
                               "path",
                               "dio_web_adapter"
                             ]
                           },
                           {
                             "name": "dio_web_adapter",
                             "version": "2.1.1",
                             "kind": "transitive",
                             "source": "hosted",
                             "dependencies": [
                               "dio",
                               "http_parser",
                               "meta",
                               "web"
                             ],
                             "directDependencies": [
                               "dio",
                               "http_parser",
                               "meta",
                               "web"
                             ]
                           },
                           {
                             "name": "flutter_datetime_picker_plus",
                             "version": "2.2.0",
                             "kind": "direct",
                             "source": "hosted",
                             "dependencies": [
                               "flutter"
                             ],
                             "directDependencies": [
                               "flutter"
                             ]
                           },
                           {
                             "name": "table_calendar",
                             "version": "3.2.0",
                             "kind": "direct",
                             "source": "hosted",
                             "dependencies": [
                               "flutter",
                               "intl",
                               "simple_gesture_detector"
                             ],
                             "directDependencies": [
                               "flutter",
                               "intl",
                               "simple_gesture_detector"
                             ]
                           },
                           {
                             "name": "simple_gesture_detector",
                             "version": "0.2.1",
                             "kind": "transitive",
                             "source": "hosted",
                             "dependencies": [
                               "flutter"
                             ],
                             "directDependencies": [
                               "flutter"
                             ]
                           },
                           {
                             "name": "intl",
                             "version": "0.20.2",
                             "kind": "direct",
                             "source": "hosted",
                             "dependencies": [
                               "clock",
                               "meta",
                               "path"
                             ],
                             "directDependencies": [
                               "clock",
                               "meta",
                               "path"
                             ]
                           },
                           {
                             "name": "permission_handler",
                             "version": "11.4.0",
                             "kind": "direct",
                             "source": "hosted",
                             "dependencies": [
                               "flutter",
                               "meta",
                               "permission_handler_android",
                               "permission_handler_apple",
                               "permission_handler_html",
                               "permission_handler_windows",
                               "permission_handler_platform_interface"
                             ],
                             "directDependencies": [
                               "flutter",
                               "meta",
                               "permission_handler_android",
                               "permission_handler_apple",
                               "permission_handler_html",
                               "permission_handler_windows",
                               "permission_handler_platform_interface"
                             ]
                           },
                           {
                             "name": "permission_handler_platform_interface",
                             "version": "4.3.0",
                             "kind": "transitive",
                             "source": "hosted",
                             "dependencies": [
                               "flutter",
                               "meta",
                               "plugin_platform_interface"
                             ],
                             "directDependencies": [
                               "flutter",
                               "meta",
                               "plugin_platform_interface"
                             ]
                           },
                           {
                             "name": "permission_handler_windows",
                             "version": "0.2.1",
                             "kind": "transitive",
                             "source": "hosted",
                             "dependencies": [
                               "flutter",
                               "permission_handler_platform_interface"
                             ],
                             "directDependencies": [
                               "flutter",
                               "permission_handler_platform_interface"
                             ]
                           },
                           {
                             "name": "permission_handler_html",
                             "version": "0.1.3+5",
                             "kind": "transitive",
                             "source": "hosted",
                             "dependencies": [
                               "flutter",
                               "flutter_web_plugins",
                               "permission_handler_platform_interface",
                               "web"
                             ],
                             "directDependencies": [
                               "flutter",
                               "flutter_web_plugins",
                               "permission_handler_platform_interface",
                               "web"
                             ]
                           },
                           {
                             "name": "permission_handler_apple",
                             "version": "9.4.7",
                             "kind": "transitive",
                             "source": "hosted",
                             "dependencies": [
                               "flutter",
                               "permission_handler_platform_interface"
                             ],
                             "directDependencies": [
                               "flutter",
                               "permission_handler_platform_interface"
                             ]
                           },
                           {
                             "name": "permission_handler_android",
                             "version": "12.1.0",
                             "kind": "transitive",
                             "source": "hosted",
                             "dependencies": [
                               "flutter",
                               "permission_handler_platform_interface"
                             ],
                             "directDependencies": [
                               "flutter",
                               "permission_handler_platform_interface"
                             ]
                           },
                           {
                             "name": "package_info_plus",
                             "version": "4.2.0",
                             "kind": "direct",
                             "source": "hosted",
                             "dependencies": [
                               "ffi",
                               "flutter",
                               "flutter_web_plugins",
                               "http",
                               "meta",
                               "path",
                               "package_info_plus_platform_interface",
                               "win32"
                             ],
                             "directDependencies": [
                               "ffi",
                               "flutter",
                               "flutter_web_plugins",
                               "http",
                               "meta",
                               "path",
                               "package_info_plus_platform_interface",
                               "win32"
                             ]
                           },
                           {
                             "name": "win32",
                             "version": "5.10.1",
                             "kind": "transitive",
                             "source": "hosted",
                             "dependencies": [
                               "ffi"
                             ],
                             "directDependencies": [
                               "ffi"
                             ]
                           },
                           {
                             "name": "ffi",
                             "version": "2.1.3",
                             "kind": "transitive",
                             "source": "hosted",
                             "dependencies": [],
                             "directDependencies": []
                           },
                           {
                             "name": "package_info_plus_platform_interface",
                             "version": "2.0.1",
                             "kind": "transitive",
                             "source": "hosted",
                             "dependencies": [
                               "flutter",
                               "meta",
                               "plugin_platform_interface"
                             ],
                             "directDependencies": [
                               "flutter",
                               "meta",
                               "plugin_platform_interface"
                             ]
                           },
                           {
                             "name": "device_info_plus",
                             "version": "9.1.2",
                             "kind": "direct",
                             "source": "hosted",
                             "dependencies": [
                               "device_info_plus_platform_interface",
                               "ffi",
                               "file",
                               "flutter",
                               "flutter_web_plugins",
                               "meta",
                               "win32",
                               "win32_registry"
                             ],
                             "directDependencies": [
                               "device_info_plus_platform_interface",
                               "ffi",
                               "file",
                               "flutter",
                               "flutter_web_plugins",
                               "meta",
                               "win32",
                               "win32_registry"
                             ]
                           },
                           {
                             "name": "win32_registry",
                             "version": "1.1.5",
                             "kind": "transitive",
                             "source": "hosted",
                             "dependencies": [
                               "ffi",
                               "win32"
                             ],
                             "directDependencies": [
                               "ffi",
                               "win32"
                             ]
                           },
                           {
                             "name": "device_info_plus_platform_interface",
                             "version": "7.0.2",
                             "kind": "transitive",
                             "source": "hosted",
                             "dependencies": [
                               "flutter",
                               "meta",
                               "plugin_platform_interface"
                             ],
                             "directDependencies": [
                               "flutter",
                               "meta",
                               "plugin_platform_interface"
                             ]
                           },
                           {
                             "name": "connectivity_plus",
                             "version": "5.0.2",
                             "kind": "direct",
                             "source": "hosted",
                             "dependencies": [
                               "flutter",
                               "flutter_web_plugins",
                               "connectivity_plus_platform_interface",
                               "js",
                               "meta",
                               "nm"
                             ],
                             "directDependencies": [
                               "flutter",
                               "flutter_web_plugins",
                               "connectivity_plus_platform_interface",
                               "js",
                               "meta",
                               "nm"
                             ]
                           },
                           {
                             "name": "nm",
                             "version": "0.5.0",
                             "kind": "transitive",
                             "source": "hosted",
                             "dependencies": [
                               "dbus"
                             ],
                             "directDependencies": [
                               "dbus"
                             ]
                           },
                           {
                             "name": "dbus",
                             "version": "0.7.11",
                             "kind": "transitive",
                             "source": "hosted",
                             "dependencies": [
                               "args",
                               "ffi",
                               "meta",
                               "xml"
                             ],
                             "directDependencies": [
                               "args",
                               "ffi",
                               "meta",
                               "xml"
                             ]
                           },
                           {
                             "name": "connectivity_plus_platform_interface",
                             "version": "1.2.4",
                             "kind": "transitive",
                             "source": "hosted",
                             "dependencies": [
                               "flutter",
                               "meta",
                               "plugin_platform_interface"
                             ],
                             "directDependencies": [
                               "flutter",
                               "meta",
                               "plugin_platform_interface"
                             ]
                           },
                           {
                             "name": "share_plus",
                             "version": "7.2.2",
                             "kind": "direct",
                             "source": "hosted",
                             "dependencies": [
                               "cross_file",
                               "meta",
                               "mime",
                               "flutter",
                               "flutter_web_plugins",
                               "share_plus_platform_interface",
                               "file",
                               "url_launcher_web",
                               "url_launcher_windows",
                               "url_launcher_linux",
                               "url_launcher_platform_interface",
                               "ffi",
                               "win32"
                             ],
                             "directDependencies": [
                               "cross_file",
                               "meta",
                               "mime",
                               "flutter",
                               "flutter_web_plugins",
                               "share_plus_platform_interface",
                               "file",
                               "url_launcher_web",
                               "url_launcher_windows",
                               "url_launcher_linux",
                               "url_launcher_platform_interface",
                               "ffi",
                               "win32"
                             ]
                           },
                           {
                             "name": "url_launcher_platform_interface",
                             "version": "2.3.2",
                             "kind": "transitive",
                             "source": "hosted",
                             "dependencies": [
                               "flutter",
                               "plugin_platform_interface"
                             ],
                             "directDependencies": [
                               "flutter",
                               "plugin_platform_interface"
                             ]
                           },
                           {
                             "name": "url_launcher_linux",
                             "version": "3.2.1",
                             "kind": "transitive",
                             "source": "hosted",
                             "dependencies": [
                               "flutter",
                               "url_launcher_platform_interface"
                             ],
                             "directDependencies": [
                               "flutter",
                               "url_launcher_platform_interface"
                             ]
                           },
                           {
                             "name": "url_launcher_windows",
                             "version": "3.1.4",
                             "kind": "transitive",
                             "source": "hosted",
                             "dependencies": [
                               "flutter",
                               "url_launcher_platform_interface"
                             ],
                             "directDependencies": [
                               "flutter",
                               "url_launcher_platform_interface"
                             ]
                           },
                           {
                             "name": "url_launcher_web",
                             "version": "2.3.3",
                             "kind": "transitive",
                             "source": "hosted",
                             "dependencies": [
                               "flutter",
                               "flutter_web_plugins",
                               "url_launcher_platform_interface",
                               "web"
                             ],
                             "directDependencies": [
                               "flutter",
                               "flutter_web_plugins",
                               "url_launcher_platform_interface",
                               "web"
                             ]
                           },
                           {
                             "name": "share_plus_platform_interface",
                             "version": "3.4.0",
                             "kind": "transitive",
                             "source": "hosted",
                             "dependencies": [
                               "cross_file",
                               "flutter",
                               "meta",
                               "mime",
                               "plugin_platform_interface",
                               "path_provider",
                               "uuid"
                             ],
                             "directDependencies": [
                               "cross_file",
                               "flutter",
                               "meta",
                               "mime",
                               "plugin_platform_interface",
                               "path_provider",
                               "uuid"
                             ]
                           },
                           {
                             "name": "path_provider",
                             "version": "2.1.5",
                             "kind": "transitive",
                             "source": "hosted",
                             "dependencies": [
                               "flutter",
                               "path_provider_android",
                               "path_provider_foundation",
                               "path_provider_linux",
                               "path_provider_platform_interface",
                               "path_provider_windows"
                             ],
                             "directDependencies": [
                               "flutter",
                               "path_provider_android",
                               "path_provider_foundation",
                               "path_provider_linux",
                               "path_provider_platform_interface",
                               "path_provider_windows"
                             ]
                           },
                           {
                             "name": "path_provider_windows",
                             "version": "2.3.0",
                             "kind": "transitive",
                             "source": "hosted",
                             "dependencies": [
                               "ffi",
                               "flutter",
                               "path",
                               "path_provider_platform_interface"
                             ],
                             "directDependencies": [
                               "ffi",
                               "flutter",
                               "path",
                               "path_provider_platform_interface"
                             ]
                           },
                           {
                             "name": "path_provider_platform_interface",
                             "version": "2.1.2",
                             "kind": "transitive",
                             "source": "hosted",
                             "dependencies": [
                               "flutter",
                               "platform",
                               "plugin_platform_interface"
                             ],
                             "directDependencies": [
                               "flutter",
                               "platform",
                               "plugin_platform_interface"
                             ]
                           },
                           {
                             "name": "path_provider_linux",
                             "version": "2.2.1",
                             "kind": "transitive",
                             "source": "hosted",
                             "dependencies": [
                               "ffi",
                               "flutter",
                               "path",
                               "path_provider_platform_interface",
                               "xdg_directories"
                             ],
                             "directDependencies": [
                               "ffi",
                               "flutter",
                               "path",
                               "path_provider_platform_interface",
                               "xdg_directories"
                             ]
                           },
                           {
                             "name": "xdg_directories",
                             "version": "1.1.0",
                             "kind": "transitive",
                             "source": "hosted",
                             "dependencies": [
                               "meta",
                               "path"
                             ],
                             "directDependencies": [
                               "meta",
                               "path"
                             ]
                           },
                           {
                             "name": "path_provider_foundation",
                             "version": "2.4.1",
                             "kind": "transitive",
                             "source": "hosted",
                             "dependencies": [
                               "flutter",
                               "path_provider_platform_interface"
                             ],
                             "directDependencies": [
                               "flutter",
                               "path_provider_platform_interface"
                             ]
                           },
                           {
                             "name": "path_provider_android",
                             "version": "2.2.15",
                             "kind": "transitive",
                             "source": "hosted",
                             "dependencies": [
                               "flutter",
                               "path_provider_platform_interface"
                             ],
                             "directDependencies": [
                               "flutter",
                               "path_provider_platform_interface"
                             ]
                           },
                           {
                             "name": "url_launcher",
                             "version": "6.3.1",
                             "kind": "direct",
                             "source": "hosted",
                             "dependencies": [
                               "flutter",
                               "url_launcher_android",
                               "url_launcher_ios",
                               "url_launcher_linux",
                               "url_launcher_macos",
                               "url_launcher_platform_interface",
                               "url_launcher_web",
                               "url_launcher_windows"
                             ],
                             "directDependencies": [
                               "flutter",
                               "url_launcher_android",
                               "url_launcher_ios",
                               "url_launcher_linux",
                               "url_launcher_macos",
                               "url_launcher_platform_interface",
                               "url_launcher_web",
                               "url_launcher_windows"
                             ]
                           },
                           {
                             "name": "url_launcher_macos",
                             "version": "3.2.2",
                             "kind": "transitive",
                             "source": "hosted",
                             "dependencies": [
                               "flutter",
                               "url_launcher_platform_interface"
                             ],
                             "directDependencies": [
                               "flutter",
                               "url_launcher_platform_interface"
                             ]
                           },
                           {
                             "name": "url_launcher_ios",
                             "version": "6.3.3",
                             "kind": "transitive",
                             "source": "hosted",
                             "dependencies": [
                               "flutter",
                               "url_launcher_platform_interface"
                             ],
                             "directDependencies": [
                               "flutter",
                               "url_launcher_platform_interface"
                             ]
                           },
                           {
                             "name": "url_launcher_android",
                             "version": "6.3.14",
                             "kind": "transitive",
                             "source": "hosted",
                             "dependencies": [
                               "flutter",
                               "url_launcher_platform_interface"
                             ],
                             "directDependencies": [
                               "flutter",
                               "url_launcher_platform_interface"
                             ]
                           },
                           {
                             "name": "local_auth",
                             "version": "2.3.0",
                             "kind": "direct",
                             "source": "hosted",
                             "dependencies": [
                               "flutter",
                               "local_auth_android",
                               "local_auth_darwin",
                               "local_auth_platform_interface",
                               "local_auth_windows"
                             ],
                             "directDependencies": [
                               "flutter",
                               "local_auth_android",
                               "local_auth_darwin",
                               "local_auth_platform_interface",
                               "local_auth_windows"
                             ]
                           },
                           {
                             "name": "local_auth_windows",
                             "version": "1.0.11",
                             "kind": "transitive",
                             "source": "hosted",
                             "dependencies": [
                               "flutter",
                               "local_auth_platform_interface"
                             ],
                             "directDependencies": [
                               "flutter",
                               "local_auth_platform_interface"
                             ]
                           },
                           {
                             "name": "local_auth_platform_interface",
                             "version": "1.0.10",
                             "kind": "transitive",
                             "source": "hosted",
                             "dependencies": [
                               "flutter",
                               "plugin_platform_interface"
                             ],
                             "directDependencies": [
                               "flutter",
                               "plugin_platform_interface"
                             ]
                           },
                           {
                             "name": "local_auth_darwin",
                             "version": "1.4.3",
                             "kind": "transitive",
                             "source": "hosted",
                             "dependencies": [
                               "flutter",
                               "intl",
                               "local_auth_platform_interface"
                             ],
                             "directDependencies": [
                               "flutter",
                               "intl",
                               "local_auth_platform_interface"
                             ]
                           },
                           {
                             "name": "local_auth_android",
                             "version": "1.0.47",
                             "kind": "transitive",
                             "source": "hosted",
                             "dependencies": [
                               "flutter",
                               "flutter_plugin_android_lifecycle",
                               "intl",
                               "local_auth_platform_interface"
                             ],
                             "directDependencies": [
                               "flutter",
                               "flutter_plugin_android_lifecycle",
                               "intl",
                               "local_auth_platform_interface"
                             ]
                           },
                           {
                             "name": "chewie",
                             "version": "1.7.5",
                             "kind": "direct",
                             "source": "hosted",
                             "dependencies": [
                               "cupertino_icons",
                               "flutter",
                               "provider",
                               "video_player",
                               "wakelock_plus"
                             ],
                             "directDependencies": [
                               "cupertino_icons",
                               "flutter",
                               "provider",
                               "video_player",
                               "wakelock_plus"
                             ]
                           },
                           {
                             "name": "wakelock_plus",
                             "version": "1.1.4",
                             "kind": "transitive",
                             "source": "hosted",
                             "dependencies": [
                               "flutter",
                               "flutter_web_plugins",
                               "meta",
                               "wakelock_plus_platform_interface",
                               "win32",
                               "dbus",
                               "package_info_plus",
                               "js"
                             ],
                             "directDependencies": [
                               "flutter",
                               "flutter_web_plugins",
                               "meta",
                               "wakelock_plus_platform_interface",
                               "win32",
                               "dbus",
                               "package_info_plus",
                               "js"
                             ]
                           },
                           {
                             "name": "wakelock_plus_platform_interface",
                             "version": "1.2.3",
                             "kind": "transitive",
                             "source": "hosted",
                             "dependencies": [
                               "flutter",
                               "plugin_platform_interface",
                               "meta"
                             ],
                             "directDependencies": [
                               "flutter",
                               "plugin_platform_interface",
                               "meta"
                             ]
                           },
                           {
                             "name": "video_player",
                             "version": "2.9.5",
                             "kind": "direct",
                             "source": "hosted",
                             "dependencies": [
                               "flutter",
                               "html",
                               "video_player_android",
                               "video_player_avfoundation",
                               "video_player_platform_interface",
                               "video_player_web"
                             ],
                             "directDependencies": [
                               "flutter",
                               "html",
                               "video_player_android",
                               "video_player_avfoundation",
                               "video_player_platform_interface",
                               "video_player_web"
                             ]
                           },
                           {
                             "name": "video_player_web",
                             "version": "2.3.5",
                             "kind": "transitive",
                             "source": "hosted",
                             "dependencies": [
                               "flutter",
                               "flutter_web_plugins",
                               "video_player_platform_interface",
                               "web"
                             ],
                             "directDependencies": [
                               "flutter",
                               "flutter_web_plugins",
                               "video_player_platform_interface",
                               "web"
                             ]
                           },
                           {
                             "name": "video_player_platform_interface",
                             "version": "6.3.0",
                             "kind": "transitive",
                             "source": "hosted",
                             "dependencies": [
                               "flutter",
                               "plugin_platform_interface"
                             ],
                             "directDependencies": [
                               "flutter",
                               "plugin_platform_interface"
                             ]
                           },
                           {
                             "name": "video_player_avfoundation",
                             "version": "2.7.1",
                             "kind": "transitive",
                             "source": "hosted",
                             "dependencies": [
                               "flutter",
                               "video_player_platform_interface"
                             ],
                             "directDependencies": [
                               "flutter",
                               "video_player_platform_interface"
                             ]
                           },
                           {
                             "name": "video_player_android",
                             "version": "2.7.16",
                             "kind": "transitive",
                             "source": "hosted",
                             "dependencies": [
                               "flutter",
                               "video_player_platform_interface"
                             ],
                             "directDependencies": [
                               "flutter",
                               "video_player_platform_interface"
                             ]
                           },
                           {
                             "name": "html",
                             "version": "0.15.6",
                             "kind": "transitive",
                             "source": "hosted",
                             "dependencies": [
                               "csslib",
                               "source_span"
                             ],
                             "directDependencies": [
                               "csslib",
                               "source_span"
                             ]
                           },
                           {
                             "name": "csslib",
                             "version": "1.0.2",
                             "kind": "transitive",
                             "source": "hosted",
                             "dependencies": [
                               "source_span"
                             ],
                             "directDependencies": [
                               "source_span"
                             ]
                           },
                           {
                             "name": "provider",
                             "version": "6.1.5",
                             "kind": "transitive",
                             "source": "hosted",
                             "dependencies": [
                               "collection",
                               "flutter",
                               "nested"
                             ],
                             "directDependencies": [
                               "collection",
                               "flutter",
                               "nested"
                             ]
                           },
                           {
                             "name": "nested",
                             "version": "1.0.0",
                             "kind": "transitive",
                             "source": "hosted",
                             "dependencies": [
                               "flutter"
                             ],
                             "directDependencies": [
                               "flutter"
                             ]
                           },
                           {
                             "name": "form_builder_validators",
                             "version": "11.2.0",
                             "kind": "direct",
                             "source": "hosted",
                             "dependencies": [
                               "flutter",
                               "flutter_localizations",
                               "intl"
                             ],
                             "directDependencies": [
                               "flutter",
                               "flutter_localizations",
                               "intl"
                             ]
                           },
                           {
                             "name": "flutter_localizations",
                             "version": "0.0.0",
                             "kind": "direct",
                             "source": "sdk",
                             "dependencies": [
                               "flutter",
                               "intl",
                               "characters",
                               "clock",
                               "collection",
                               "material_color_utilities",
                               "meta",
                               "path",
                               "vector_math"
                             ],
                             "directDependencies": [
                               "flutter",
                               "intl",
                               "characters",
                               "clock",
                               "collection",
                               "material_color_utilities",
                               "meta",
                               "path",
                               "vector_math"
                             ]
                           },
                           {
                             "name": "flutter_form_builder",
                             "version": "10.1.0",
                             "kind": "direct",
                             "source": "hosted",
                             "dependencies": [
                               "flutter",
                               "intl"
                             ],
                             "directDependencies": [
                               "flutter",
                               "intl"
                             ]
                           },
                           {
                             "name": "lottie",
                             "version": "2.7.0",
                             "kind": "direct",
                             "source": "hosted",
                             "dependencies": [
                               "archive",
                               "flutter",
                               "path",
                               "vector_math"
                             ],
                             "directDependencies": [
                               "archive",
                               "flutter",
                               "path",
                               "vector_math"
                             ]
                           },
                           {
                             "name": "flutter_svg",
                             "version": "2.1.0",
                             "kind": "direct",
                             "source": "hosted",
                             "dependencies": [
                               "flutter",
                               "http",
                               "vector_graphics",
                               "vector_graphics_codec",
                               "vector_graphics_compiler"
                             ],
                             "directDependencies": [
                               "flutter",
                               "http",
                               "vector_graphics",
                               "vector_graphics_codec",
                               "vector_graphics_compiler"
                             ]
                           },
                           {
                             "name": "vector_graphics_compiler",
                             "version": "1.1.16",
                             "kind": "transitive",
                             "source": "hosted",
                             "dependencies": [
                               "args",
                               "meta",
                               "path",
                               "path_parsing",
                               "vector_graphics_codec",
                               "xml"
                             ],
                             "directDependencies": [
                               "args",
                               "meta",
                               "path",
                               "path_parsing",
                               "vector_graphics_codec",
                               "xml"
                             ]
                           },
                           {
                             "name": "vector_graphics_codec",
                             "version": "1.1.13",
                             "kind": "transitive",
                             "source": "hosted",
                             "dependencies": [],
                             "directDependencies": []
                           },
                           {
                             "name": "path_parsing",
                             "version": "1.1.0",
                             "kind": "transitive",
                             "source": "hosted",
                             "dependencies": [
                               "meta",
                               "vector_math"
                             ],
                             "directDependencies": [
                               "meta",
                               "vector_math"
                             ]
                           },
                           {
                             "name": "vector_graphics",
                             "version": "1.1.18",
                             "kind": "transitive",
                             "source": "hosted",
                             "dependencies": [
                               "flutter",
                               "http",
                               "vector_graphics_codec"
                             ],
                             "directDependencies": [
                               "flutter",
                               "http",
                               "vector_graphics_codec"
                             ]
                           },
                           {
                             "name": "shimmer",
                             "version": "3.0.0",
                             "kind": "direct",
                             "source": "hosted",
                             "dependencies": [
                               "flutter"
                             ],
                             "directDependencies": [
                               "flutter"
                             ]
                           },
                           {
                             "name": "cached_network_image",
                             "version": "3.4.1",
                             "kind": "direct",
                             "source": "hosted",
                             "dependencies": [
                               "cached_network_image_platform_interface",
                               "cached_network_image_web",
                               "flutter",
                               "flutter_cache_manager",
                               "octo_image"
                             ],
                             "directDependencies": [
                               "cached_network_image_platform_interface",
                               "cached_network_image_web",
                               "flutter",
                               "flutter_cache_manager",
                               "octo_image"
                             ]
                           },
                           {
                             "name": "octo_image",
                             "version": "2.1.0",
                             "kind": "transitive",
                             "source": "hosted",
                             "dependencies": [
                               "flutter"
                             ],
                             "directDependencies": [
                               "flutter"
                             ]
                           },
                           {
                             "name": "flutter_cache_manager",
                             "version": "3.4.1",
                             "kind": "transitive",
                             "source": "hosted",
                             "dependencies": [
                               "clock",
                               "collection",
                               "file",
                               "flutter",
                               "http",
                               "path",
                               "path_provider",
                               "rxdart",
                               "sqflite",
                               "uuid"
                             ],
                             "directDependencies": [
                               "clock",
                               "collection",
                               "file",
                               "flutter",
                               "http",
                               "path",
                               "path_provider",
                               "rxdart",
                               "sqflite",
                               "uuid"
                             ]
                           },
                           {
                             "name": "sqflite",
                             "version": "2.4.1",
                             "kind": "transitive",
                             "source": "hosted",
                             "dependencies": [
                               "flutter",
                               "sqflite_android",
                               "sqflite_darwin",
                               "sqflite_platform_interface",
                               "sqflite_common",
                               "path"
                             ],
                             "directDependencies": [
                               "flutter",
                               "sqflite_android",
                               "sqflite_darwin",
                               "sqflite_platform_interface",
                               "sqflite_common",
                               "path"
                             ]
                           },
                           {
                             "name": "sqflite_common",
                             "version": "2.5.4+6",
                             "kind": "transitive",
                             "source": "hosted",
                             "dependencies": [
                               "synchronized",
                               "path",
                               "meta"
                             ],
                             "directDependencies": [
                               "synchronized",
                               "path",
                               "meta"
                             ]
                           },
                           {
                             "name": "synchronized",
                             "version": "3.3.0+3",
                             "kind": "transitive",
                             "source": "hosted",
                             "dependencies": [],
                             "directDependencies": []
                           },
                           {
                             "name": "sqflite_platform_interface",
                             "version": "2.4.0",
                             "kind": "transitive",
                             "source": "hosted",
                             "dependencies": [
                               "flutter",
                               "platform",
                               "sqflite_common",
                               "plugin_platform_interface",
                               "meta"
                             ],
                             "directDependencies": [
                               "flutter",
                               "platform",
                               "sqflite_common",
                               "plugin_platform_interface",
                               "meta"
                             ]
                           },
                           {
                             "name": "sqflite_darwin",
                             "version": "2.4.1+1",
                             "kind": "transitive",
                             "source": "hosted",
                             "dependencies": [
                               "flutter",
                               "sqflite_platform_interface",
                               "meta",
                               "sqflite_common",
                               "path"
                             ],
                             "directDependencies": [
                               "flutter",
                               "sqflite_platform_interface",
                               "meta",
                               "sqflite_common",
                               "path"
                             ]
                           },
                           {
                             "name": "sqflite_android",
                             "version": "2.4.0",
                             "kind": "transitive",
                             "source": "hosted",
                             "dependencies": [
                               "flutter",
                               "sqflite_common",
                               "path",
                               "sqflite_platform_interface"
                             ],
                             "directDependencies": [
                               "flutter",
                               "sqflite_common",
                               "path",
                               "sqflite_platform_interface"
                             ]
                           },
                           {
                             "name": "rxdart",
                             "version": "0.28.0",
                             "kind": "transitive",
                             "source": "hosted",
                             "dependencies": [],
                             "directDependencies": []
                           },
                           {
                             "name": "cached_network_image_web",
                             "version": "1.3.1",
                             "kind": "transitive",
                             "source": "hosted",
                             "dependencies": [
                               "cached_network_image_platform_interface",
                               "flutter",
                               "flutter_cache_manager",
                               "web"
                             ],
                             "directDependencies": [
                               "cached_network_image_platform_interface",
                               "flutter",
                               "flutter_cache_manager",
                               "web"
                             ]
                           },
                           {
                             "name": "cached_network_image_platform_interface",
                             "version": "4.1.1",
                             "kind": "transitive",
                             "source": "hosted",
                             "dependencies": [
                               "flutter",
                               "flutter_cache_manager"
                             ],
                             "directDependencies": [
                               "flutter",
                               "flutter_cache_manager"
                             ]
                           },
                           {
                             "name": "flutter_screenutil",
                             "version": "5.9.3",
                             "kind": "direct",
                             "source": "hosted",
                             "dependencies": [
                               "flutter"
                             ],
                             "directDependencies": [
                               "flutter"
                             ]
                           },
                           {
                             "name": "shared_preferences",
                             "version": "2.5.3",
                             "kind": "direct",
                             "source": "hosted",
                             "dependencies": [
                               "flutter",
                               "shared_preferences_android",
                               "shared_preferences_foundation",
                               "shared_preferences_linux",
                               "shared_preferences_platform_interface",
                               "shared_preferences_web",
                               "shared_preferences_windows"
                             ],
                             "directDependencies": [
                               "flutter",
                               "shared_preferences_android",
                               "shared_preferences_foundation",
                               "shared_preferences_linux",
                               "shared_preferences_platform_interface",
                               "shared_preferences_web",
                               "shared_preferences_windows"
                             ]
                           },
                           {
                             "name": "shared_preferences_windows",
                             "version": "2.4.1",
                             "kind": "transitive",
                             "source": "hosted",
                             "dependencies": [
                               "file",
                               "flutter",
                               "path",
                               "path_provider_platform_interface",
                               "path_provider_windows",
                               "shared_preferences_platform_interface"
                             ],
                             "directDependencies": [
                               "file",
                               "flutter",
                               "path",
                               "path_provider_platform_interface",
                               "path_provider_windows",
                               "shared_preferences_platform_interface"
                             ]
                           },
                           {
                             "name": "shared_preferences_platform_interface",
                             "version": "2.4.1",
                             "kind": "transitive",
                             "source": "hosted",
                             "dependencies": [
                               "flutter",
                               "plugin_platform_interface"
                             ],
                             "directDependencies": [
                               "flutter",
                               "plugin_platform_interface"
                             ]
                           },
                           {
                             "name": "shared_preferences_web",
                             "version": "2.4.3",
                             "kind": "transitive",
                             "source": "hosted",
                             "dependencies": [
                               "flutter",
                               "flutter_web_plugins",
                               "shared_preferences_platform_interface",
                               "web"
                             ],
                             "directDependencies": [
                               "flutter",
                               "flutter_web_plugins",
                               "shared_preferences_platform_interface",
                               "web"
                             ]
                           },
                           {
                             "name": "shared_preferences_linux",
                             "version": "2.4.1",
                             "kind": "transitive",
                             "source": "hosted",
                             "dependencies": [
                               "file",
                               "flutter",
                               "path",
                               "path_provider_linux",
                               "path_provider_platform_interface",
                               "shared_preferences_platform_interface"
                             ],
                             "directDependencies": [
                               "file",
                               "flutter",
                               "path",
                               "path_provider_linux",
                               "path_provider_platform_interface",
                               "shared_preferences_platform_interface"
                             ]
                           },
                           {
                             "name": "shared_preferences_foundation",
                             "version": "2.5.4",
                             "kind": "transitive",
                             "source": "hosted",
                             "dependencies": [
                               "flutter",
                               "shared_preferences_platform_interface"
                             ],
                             "directDependencies": [
                               "flutter",
                               "shared_preferences_platform_interface"
                             ]
                           },
                           {
                             "name": "shared_preferences_android",
                             "version": "2.4.7",
                             "kind": "transitive",
                             "source": "hosted",
                             "dependencies": [
                               "flutter",
                               "shared_preferences_platform_interface"
                             ],
                             "directDependencies": [
                               "flutter",
                               "shared_preferences_platform_interface"
                             ]
                           },
                           {
                             "name": "hive_flutter",
                             "version": "1.1.0",
                             "kind": "direct",
                             "source": "hosted",
                             "dependencies": [
                               "flutter",
                               "hive",
                               "path_provider",
                               "path"
                             ],
                             "directDependencies": [
                               "flutter",
                               "hive",
                               "path_provider",
                               "path"
                             ]
                           },
                           {
                             "name": "hive",
                             "version": "2.2.3",
                             "kind": "transitive",
                             "source": "hosted",
                             "dependencies": [
                               "meta",
                               "crypto"
                             ],
                             "directDependencies": [
                               "meta",
                               "crypto"
                             ]
                           },
                           {
                             "name": "flutter_secure_storage",
                             "version": "9.2.4",
                             "kind": "direct",
                             "source": "hosted",
                             "dependencies": [
                               "flutter",
                               "flutter_secure_storage_linux",
                               "flutter_secure_storage_macos",
                               "flutter_secure_storage_platform_interface",
                               "flutter_secure_storage_web",
                               "flutter_secure_storage_windows",
                               "meta"
                             ],
                             "directDependencies": [
                               "flutter",
                               "flutter_secure_storage_linux",
                               "flutter_secure_storage_macos",
                               "flutter_secure_storage_platform_interface",
                               "flutter_secure_storage_web",
                               "flutter_secure_storage_windows",
                               "meta"
                             ]
                           },
                           {
                             "name": "flutter_secure_storage_windows",
                             "version": "3.1.2",
                             "kind": "transitive",
                             "source": "hosted",
                             "dependencies": [
                               "ffi",
                               "flutter",
                               "flutter_secure_storage_platform_interface",
                               "path",
                               "path_provider",
                               "win32"
                             ],
                             "directDependencies": [
                               "ffi",
                               "flutter",
                               "flutter_secure_storage_platform_interface",
                               "path",
                               "path_provider",
                               "win32"
                             ]
                           },
                           {
                             "name": "flutter_secure_storage_platform_interface",
                             "version": "1.1.2",
                             "kind": "transitive",
                             "source": "hosted",
                             "dependencies": [
                               "flutter",
                               "plugin_platform_interface"
                             ],
                             "directDependencies": [
                               "flutter",
                               "plugin_platform_interface"
                             ]
                           },
                           {
                             "name": "flutter_secure_storage_web",
                             "version": "1.2.1",
                             "kind": "transitive",
                             "source": "hosted",
                             "dependencies": [
                               "flutter",
                               "flutter_secure_storage_platform_interface",
                               "flutter_web_plugins",
                               "js"
                             ],
                             "directDependencies": [
                               "flutter",
                               "flutter_secure_storage_platform_interface",
                               "flutter_web_plugins",
                               "js"
                             ]
                           },
                           {
                             "name": "flutter_secure_storage_macos",
                             "version": "3.1.3",
                             "kind": "transitive",
                             "source": "hosted",
                             "dependencies": [
                               "flutter",
                               "flutter_secure_storage_platform_interface"
                             ],
                             "directDependencies": [
                               "flutter",
                               "flutter_secure_storage_platform_interface"
                             ]
                           },
                           {
                             "name": "flutter_secure_storage_linux",
                             "version": "1.2.3",
                             "kind": "transitive",
                             "source": "hosted",
                             "dependencies": [
                               "flutter",
                               "flutter_secure_storage_platform_interface"
                             ],
                             "directDependencies": [
                               "flutter",
                               "flutter_secure_storage_platform_interface"
                             ]
                           },
                           {
                             "name": "go_router",
                             "version": "12.1.3",
                             "kind": "direct",
                             "source": "hosted",
                             "dependencies": [
                               "collection",
                               "flutter",
                               "flutter_web_plugins",
                               "logging",
                               "meta"
                             ],
                             "directDependencies": [
                               "collection",
                               "flutter",
                               "flutter_web_plugins",
                               "logging",
                               "meta"
                             ]
                           },
                           {
                             "name": "graphql_flutter",
                             "version": "5.2.0-beta.6",
                             "kind": "direct",
                             "source": "hosted",
                             "dependencies": [
                               "graphql",
                               "gql_exec",
                               "flutter",
                               "meta",
                               "path_provider",
                               "path",
                               "connectivity_plus",
                               "hive",
                               "plugin_platform_interface",
                               "flutter_hooks"
                             ],
                             "directDependencies": [
                               "graphql",
                               "gql_exec",
                               "flutter",
                               "meta",
                               "path_provider",
                               "path",
                               "connectivity_plus",
                               "hive",
                               "plugin_platform_interface",
                               "flutter_hooks"
                             ]
                           },
                           {
                             "name": "flutter_hooks",
                             "version": "0.20.5",
                             "kind": "transitive",
                             "source": "hosted",
                             "dependencies": [
                               "flutter"
                             ],
                             "directDependencies": [
                               "flutter"
                             ]
                           },
                           {
                             "name": "gql_exec",
                             "version": "1.1.1-alpha+1699813812660",
                             "kind": "transitive",
                             "source": "hosted",
                             "dependencies": [
                               "collection",
                               "gql",
                               "meta"
                             ],
                             "directDependencies": [
                               "collection",
                               "gql",
                               "meta"
                             ]
                           },
                           {
                             "name": "gql",
                             "version": "1.0.1-alpha+1730759315362",
                             "kind": "transitive",
                             "source": "hosted",
                             "dependencies": [
                               "collection",
                               "meta",
                               "source_span",
                               "yaml"
                             ],
                             "directDependencies": [
                               "collection",
                               "meta",
                               "source_span",
                               "yaml"
                             ]
                           },
                           {
                             "name": "graphql",
                             "version": "5.2.1",
                             "kind": "transitive",
                             "source": "hosted",
                             "dependencies": [
                               "meta",
                               "path",
                               "gql",
                               "gql_exec",
                               "gql_link",
                               "gql_http_link",
                               "gql_transform_link",
                               "gql_error_link",
                               "gql_dedupe_link",
                               "hive",
                               "normalize",
                               "http",
                               "collection",
                               "web_socket_channel",
                               "stream_channel",
                               "rxdart",
                               "uuid"
                             ],
                             "directDependencies": [
                               "meta",
                               "path",
                               "gql",
                               "gql_exec",
                               "gql_link",
                               "gql_http_link",
                               "gql_transform_link",
                               "gql_error_link",
                               "gql_dedupe_link",
                               "hive",
                               "normalize",
                               "http",
                               "collection",
                               "web_socket_channel",
                               "stream_channel",
                               "rxdart",
                               "uuid"
                             ]
                           },
                           {
                             "name": "normalize",
                             "version": "0.9.1",
                             "kind": "transitive",
                             "source": "hosted",
                             "dependencies": [
                               "gql",
                               "collection"
                             ],
                             "directDependencies": [
                               "gql",
                               "collection"
                             ]
                           },
                           {
                             "name": "gql_dedupe_link",
                             "version": "2.0.4-alpha+1715521079596",
                             "kind": "transitive",
                             "source": "hosted",
                             "dependencies": [
                               "async",
                               "gql_exec",
                               "gql_link",
                               "meta"
                             ],
                             "directDependencies": [
                               "async",
                               "gql_exec",
                               "gql_link",
                               "meta"
                             ]
                           },
                           {
                             "name": "gql_link",
                             "version": "1.0.1-alpha+1730759315378",
                             "kind": "transitive",
                             "source": "hosted",
                             "dependencies": [
                               "gql",
                               "gql_exec",
                               "meta"
                             ],
                             "directDependencies": [
                               "gql",
                               "gql_exec",
                               "meta"
                             ]
                           },
                           {
                             "name": "gql_error_link",
                             "version": "1.0.0+1",
                             "kind": "transitive",
                             "source": "hosted",
                             "dependencies": [
                               "async",
                               "gql_exec",
                               "gql_link",
                               "meta"
                             ],
                             "directDependencies": [
                               "async",
                               "gql_exec",
                               "gql_link",
                               "meta"
                             ]
                           },
                           {
                             "name": "gql_transform_link",
                             "version": "1.0.0",
                             "kind": "transitive",
                             "source": "hosted",
                             "dependencies": [
                               "gql_exec",
                               "gql_link"
                             ],
                             "directDependencies": [
                               "gql_exec",
                               "gql_link"
                             ]
                           },
                           {
                             "name": "gql_http_link",
                             "version": "1.1.0",
                             "kind": "transitive",
                             "source": "hosted",
                             "dependencies": [
                               "gql",
                               "gql_exec",
                               "gql_link",
                               "http",
                               "http_parser",
                               "meta"
                             ],
                             "directDependencies": [
                               "gql",
                               "gql_exec",
                               "gql_link",
                               "http",
                               "http_parser",
                               "meta"
                             ]
                           },
                           {
                             "name": "flutter_riverpod",
                             "version": "2.6.1",
                             "kind": "direct",
                             "source": "hosted",
                             "dependencies": [
                               "collection",
                               "flutter",
                               "meta",
                               "riverpod",
                               "state_notifier"
                             ],
                             "directDependencies": [
                               "collection",
                               "flutter",
                               "meta",
                               "riverpod",
                               "state_notifier"
                             ]
                           }
                         ],
                         "sdks": [
                           {
                             "name": "Dart",
                             "version": "3.8.1"
                           },
                           {
                             "name": "Flutter",
                             "version": "3.32.8"
                           }
                         ],
                         "executables": [
                           "flutter_launcher_icons",
                           "flutter_launcher_icons:generate",
                           "flutter_launcher_icons:main",
                           "build_runner",
                           "build_runner:graph_inspector",
                           "mockito:codegen"
                         ]
                       }
            [  +33 ms] Found plugin connectivity_plus at /Users/carl.stanley/.pub-cache/hosted/pub.dev/connectivity_plus-5.0.2/
            [   +8 ms] Found plugin device_info_plus at /Users/carl.stanley/.pub-cache/hosted/pub.dev/device_info_plus-9.1.2/
            [   +3 ms] Found plugin file_selector_linux at /Users/carl.stanley/.pub-cache/hosted/pub.dev/file_selector_linux-0.9.3+2/
            [        ] Found plugin file_selector_macos at /Users/carl.stanley/.pub-cache/hosted/pub.dev/file_selector_macos-0.9.4+2/
            [   +1 ms] Found plugin file_selector_windows at /Users/carl.stanley/.pub-cache/hosted/pub.dev/file_selector_windows-0.9.3+4/
            [   +3 ms] Found plugin flutter_plugin_android_lifecycle at /Users/carl.stanley/.pub-cache/hosted/pub.dev/flutter_plugin_android_lifecycle-2.0.26/
            [   +1 ms] Found plugin flutter_secure_storage at /Users/carl.stanley/.pub-cache/hosted/pub.dev/flutter_secure_storage-9.2.4/
            [        ] Found plugin flutter_secure_storage_linux at /Users/carl.stanley/.pub-cache/hosted/pub.dev/flutter_secure_storage_linux-1.2.3/
            [        ] Found plugin flutter_secure_storage_macos at /Users/carl.stanley/.pub-cache/hosted/pub.dev/flutter_secure_storage_macos-3.1.3/
            [   +1 ms] Found plugin flutter_secure_storage_web at /Users/carl.stanley/.pub-cache/hosted/pub.dev/flutter_secure_storage_web-1.2.1/
            [        ] Found plugin flutter_secure_storage_windows at /Users/carl.stanley/.pub-cache/hosted/pub.dev/flutter_secure_storage_windows-3.1.2/
            [   +9 ms] Found plugin image_cropper at /Users/carl.stanley/.pub-cache/hosted/pub.dev/image_cropper-9.1.0/
            [        ] Found plugin image_cropper_for_web at /Users/carl.stanley/.pub-cache/hosted/pub.dev/image_cropper_for_web-6.1.0/
            [        ] Found plugin image_picker at /Users/carl.stanley/.pub-cache/hosted/pub.dev/image_picker-1.1.2/
            [        ] Found plugin image_picker_android at /Users/carl.stanley/.pub-cache/hosted/pub.dev/image_picker_android-0.8.12+21/
            [        ] Found plugin image_picker_for_web at /Users/carl.stanley/.pub-cache/hosted/pub.dev/image_picker_for_web-3.0.6/
            [        ] Found plugin image_picker_ios at /Users/carl.stanley/.pub-cache/hosted/pub.dev/image_picker_ios-0.8.12+2/
            [        ] Found plugin image_picker_linux at /Users/carl.stanley/.pub-cache/hosted/pub.dev/image_picker_linux-0.2.1+2/
            [        ] Found plugin image_picker_macos at /Users/carl.stanley/.pub-cache/hosted/pub.dev/image_picker_macos-0.2.1+2/
            [   +1 ms] Found plugin image_picker_windows at /Users/carl.stanley/.pub-cache/hosted/pub.dev/image_picker_windows-0.2.1+1/
            [   +4 ms] Found plugin local_auth at /Users/carl.stanley/.pub-cache/hosted/pub.dev/local_auth-2.3.0/
            [        ] Found plugin local_auth_android at /Users/carl.stanley/.pub-cache/hosted/pub.dev/local_auth_android-1.0.47/
            [        ] Found plugin local_auth_darwin at /Users/carl.stanley/.pub-cache/hosted/pub.dev/local_auth_darwin-1.4.3/
            [        ] Found plugin local_auth_windows at /Users/carl.stanley/.pub-cache/hosted/pub.dev/local_auth_windows-1.0.11/
            [   +5 ms] Found plugin package_info_plus at /Users/carl.stanley/.pub-cache/hosted/pub.dev/package_info_plus-4.2.0/
            [   +1 ms] Found plugin path_provider at /Users/carl.stanley/.pub-cache/hosted/pub.dev/path_provider-2.1.5/
            [        ] Found plugin path_provider_android at /Users/carl.stanley/.pub-cache/hosted/pub.dev/path_provider_android-2.2.15/
            [        ] Found plugin path_provider_foundation at /Users/carl.stanley/.pub-cache/hosted/pub.dev/path_provider_foundation-2.4.1/
            [        ] Found plugin path_provider_linux at /Users/carl.stanley/.pub-cache/hosted/pub.dev/path_provider_linux-2.2.1/
            [        ] Found plugin path_provider_windows at /Users/carl.stanley/.pub-cache/hosted/pub.dev/path_provider_windows-2.3.0/
            [        ] Found plugin permission_handler at /Users/carl.stanley/.pub-cache/hosted/pub.dev/permission_handler-11.4.0/
            [        ] Found plugin permission_handler_android at /Users/carl.stanley/.pub-cache/hosted/pub.dev/permission_handler_android-12.1.0/
            [        ] Found plugin permission_handler_apple at /Users/carl.stanley/.pub-cache/hosted/pub.dev/permission_handler_apple-9.4.7/
            [        ] Found plugin permission_handler_html at /Users/carl.stanley/.pub-cache/hosted/pub.dev/permission_handler_html-0.1.3+5/
            [        ] Found plugin permission_handler_windows at /Users/carl.stanley/.pub-cache/hosted/pub.dev/permission_handler_windows-0.2.1/
            [   +4 ms] Found plugin share_plus at /Users/carl.stanley/.pub-cache/hosted/pub.dev/share_plus-7.2.2/
            [        ] Found plugin shared_preferences at /Users/carl.stanley/.pub-cache/hosted/pub.dev/shared_preferences-2.5.3/
            [        ] Found plugin shared_preferences_android at /Users/carl.stanley/.pub-cache/hosted/pub.dev/shared_preferences_android-2.4.7/
            [        ] Found plugin shared_preferences_foundation at /Users/carl.stanley/.pub-cache/hosted/pub.dev/shared_preferences_foundation-2.5.4/
            [        ] Found plugin shared_preferences_linux at /Users/carl.stanley/.pub-cache/hosted/pub.dev/shared_preferences_linux-2.4.1/
            [        ] Found plugin shared_preferences_web at /Users/carl.stanley/.pub-cache/hosted/pub.dev/shared_preferences_web-2.4.3/
            [        ] Found plugin shared_preferences_windows at /Users/carl.stanley/.pub-cache/hosted/pub.dev/shared_preferences_windows-2.4.1/
            [   +3 ms] Found plugin sqflite at /Users/carl.stanley/.pub-cache/hosted/pub.dev/sqflite-2.4.1/
            [        ] Found plugin sqflite_android at /Users/carl.stanley/.pub-cache/hosted/pub.dev/sqflite_android-2.4.0/
            [   +1 ms] Found plugin sqflite_darwin at /Users/carl.stanley/.pub-cache/hosted/pub.dev/sqflite_darwin-2.4.1+1/
            [   +5 ms] Found plugin url_launcher at /Users/carl.stanley/.pub-cache/hosted/pub.dev/url_launcher-6.3.1/
            [        ] Found plugin url_launcher_android at /Users/carl.stanley/.pub-cache/hosted/pub.dev/url_launcher_android-6.3.14/
            [        ] Found plugin url_launcher_ios at /Users/carl.stanley/.pub-cache/hosted/pub.dev/url_launcher_ios-6.3.3/
            [        ] Found plugin url_launcher_linux at /Users/carl.stanley/.pub-cache/hosted/pub.dev/url_launcher_linux-3.2.1/
            [        ] Found plugin url_launcher_macos at /Users/carl.stanley/.pub-cache/hosted/pub.dev/url_launcher_macos-3.2.2/
            [        ] Found plugin url_launcher_web at /Users/carl.stanley/.pub-cache/hosted/pub.dev/url_launcher_web-2.3.3/
            [        ] Found plugin url_launcher_windows at /Users/carl.stanley/.pub-cache/hosted/pub.dev/url_launcher_windows-3.1.4/
            [   +2 ms] Found plugin video_player at /Users/carl.stanley/.pub-cache/hosted/pub.dev/video_player-2.9.5/
            [        ] Found plugin video_player_android at /Users/carl.stanley/.pub-cache/hosted/pub.dev/video_player_android-2.7.16/
            [        ] Found plugin video_player_avfoundation at /Users/carl.stanley/.pub-cache/hosted/pub.dev/video_player_avfoundation-2.7.1/
            [        ] Found plugin video_player_web at /Users/carl.stanley/.pub-cache/hosted/pub.dev/video_player_web-2.3.5/
            [        ] Found plugin wakelock_plus at /Users/carl.stanley/.pub-cache/hosted/pub.dev/wakelock_plus-1.1.4/
            [   +6 ms] Found plugin integration_test at /Users/carl.stanley/development/flutter/packages/integration_test/
            [  +12 ms] gen_dart_plugin_registrant: Complete
            [   +1 ms] kernel_snapshot_program: Starting due to {}
            [   +7 ms] /Users/carl.stanley/development/flutter/bin/cache/dart-sdk/bin/dartaotruntime /Users/carl.stanley/development/flutter/bin/cache/dart-sdk/bin/snapshots/frontend_server_aot.dart.snapshot --sdk-root /Users/carl.stanley/development/flutter/bin/cache/artifacts/engine/common/flutter_patched_sdk/ --target=flutter --no-print-incremental-dependencies -DFLUTTER_VERSION=3.32.8 -DFLUTTER_CHANNEL=stable -DFLUTTER_GIT_URL=https://github.com/flutter/flutter.git -DFLUTTER_FRAMEWORK_REVISION=edada7c56e -DFLUTTER_ENGINE_REVISION=ef0cd00091 -DFLUTTER_DART_VERSION=3.8.1 -DINTEGRATION_TEST_SHOULD_REPORT_RESULTS_TO_NATIVE=false -Ddart.vm.profile=false -Ddart.vm.product=false --enable-asserts --track-widget-creation --no-link-platform --packages /Users/carl.stanley/sites/UKCPA/ukcpa_flutter/.dart_tool/package_config.json --output-dill /Users/carl.stanley/sites/UKCPA/ukcpa_flutter/.dart_tool/flutter_build/59746fbbaa21ac2393e6e2012956db13/app.dill --depfile /Users/carl.stanley/sites/UKCPA/ukcpa_flutter/.dart_tool/flutter_build/59746fbbaa21ac2393e6e2012956db13/kernel_snapshot_program.d --incremental --initialize-from-dill /Users/carl.stanley/sites/UKCPA/ukcpa_flutter/.dart_tool/flutter_build/59746fbbaa21ac2393e6e2012956db13/app.dill --source file:///Users/carl.stanley/sites/UKCPA/ukcpa_flutter/.dart_tool/flutter_build/dart_plugin_registrant.dart --source package:flutter/src/dart_plugin_registrant.dart -Dflutter.dart_plugin_registrant=file:///Users/carl.stanley/sites/UKCPA/ukcpa_flutter/.dart_tool/flutter_build/dart_plugin_registrant.dart --verbosity=error file:///var/folders/20/skb3d8qx2hn9r9z8036y32g40000gp/T/flutter_tools.MwIZIg/flutter_test_listener.FhRBLo/listener.dart
            [ +202 ms] executing: xattr -r -d com.apple.FinderInfo /Users/carl.stanley/sites/UKCPA/ukcpa_flutter/build/ios/Debug-iphonesimulator/Flutter.framework/Flutter
            [  +97 ms] debug_unpack_ios: Complete
            [+6131 ms] kernel_snapshot_program: Complete
            [+1101 ms] debug_universal_framework: Starting due to {InvalidatedReasonKind.inputChanged: The following inputs have updated contents: /Users/carl.stanley/development/flutter/packages/flutter_tools/lib/src/build_system/targets/ios.dart}
            [   +8 ms] executing: sysctl hw.optional.arm64
            [   +5 ms] Exit code 0 from: sysctl hw.optional.arm64
            [        ] hw.optional.arm64: 1
            [        ] executing: /usr/bin/arch -arm64e xcrun clang -x c -arch arm64 /var/folders/20/skb3d8qx2hn9r9z8036y32g40000gp/T/flutter_tools.WHe79N/flutter_tools_stub_source.1OuDec/debug_app.cc -dynamiclib -miphonesimulator-version-min=12.0 -Xlinker -rpath -Xlinker @executable_path/Frameworks -Xlinker -rpath -Xlinker @loader_path/Frameworks -fapplication-extension -install_name @rpath/App.framework/App -isysroot /Applications/Xcode.app/Contents/Developer/Platforms/iPhoneSimulator.platform/Developer/SDKs/iPhoneSimulator18.0.sdk -o /Users/carl.stanley/sites/UKCPA/ukcpa_flutter/.dart_tool/flutter_build/59746fbbaa21ac2393e6e2012956db13/App.framework/App
            [        ] dart_build: Starting due to {}
            [  +29 ms] No packages with native assets. Skipping native assets compilation.
            [   +1 ms] dart_build: Complete
            [   +1 ms] install_code_assets: Starting due to {}
            [        ] Writing native assets json to file:///Users/carl.stanley/sites/UKCPA/ukcpa_flutter/.dart_tool/flutter_build/59746fbbaa21ac2393e6e2012956db13/native_assets.json.
            [        ] Writing /Users/carl.stanley/sites/UKCPA/ukcpa_flutter/.dart_tool/flutter_build/59746fbbaa21ac2393e6e2012956db13/native_assets.json done.
            [        ] install_code_assets: Complete
            [  +58 ms] executing: xattr -r -d com.apple.FinderInfo /Users/carl.stanley/sites/UKCPA/ukcpa_flutter/.dart_tool/flutter_build/59746fbbaa21ac2393e6e2012956db13/App.framework/App
            [  +26 ms] debug_universal_framework: Complete
            [        ] debug_ios_bundle_flutter_assets: Starting due to {}
            [ +153 ms] Manifest contained wildcard assets. Inserting missing file into build graph to force rerun. for more information see #56466.
            [   +3 ms] shaderc command: [/Users/carl.stanley/development/flutter/bin/cache/artifacts/engine/darwin-x64/impellerc, --runtime-stage-metal, --iplr, --sl=/Users/carl.stanley/sites/UKCPA/ukcpa_flutter/build/ios/Debug-iphonesimulator/App.framework/flutter_assets/shaders/ink_sparkle.frag, --spirv=/Users/carl.stanley/sites/UKCPA/ukcpa_flutter/build/ios/Debug-iphonesimulator/App.framework/flutter_assets/shaders/ink_sparkle.frag.spirv, --input=/Users/carl.stanley/development/flutter/packages/flutter/lib/src/material/shaders/ink_sparkle.frag, --input-type=frag, --include=/Users/carl.stanley/development/flutter/packages/flutter/lib/src/material/shaders, --include=/Users/carl.stanley/development/flutter/bin/cache/artifacts/engine/darwin-x64/shader_lib]
            [ +494 ms] executing: xattr -r -d com.apple.FinderInfo /Users/carl.stanley/sites/UKCPA/ukcpa_flutter/build/ios/Debug-iphonesimulator/App.framework/App
            [ +366 ms] debug_ios_bundle_flutter_assets: Complete
            [ +762 ms] Persisting file store
            [   +6 ms] Done persisting file store
            [  +15 ms] build succeeded.
            [   +4 ms] "flutter assemble" took 10,013ms.
            [   +3 ms] Running 2 shutdown hooks
            [        ] Shutdown hooks complete
            [        ] exiting with code 0
            Project /Users/carl.stanley/sites/UKCPA/ukcpa_flutter built and packaged successfully.
            SwiftDriver Runner normal arm64 com.apple.xcode.tools.swift.compiler (in target 'Runner' from project 'Runner')
                cd /Users/carl.stanley/sites/UKCPA/ukcpa_flutter/ios
                builtin-SwiftDriver -- /Applications/Xcode.app/Contents/Developer/Toolchains/XcodeDefault.xctoolchain/usr/bin/swiftc -module-name Runner -Onone -enforce-exclusivity\=checked @/Users/carl.stanley/Library/Developer/Xcode/DerivedData/Runner-dtxbldypbunqjrdrwadgjstoojan/Build/Intermediates.noindex/Runner.build/Debug-iphonesimulator/Runner.build/Objects-normal/arm64/Runner.SwiftFileList -D COCOAPODS -enable-bare-slash-regex -enable-experimental-feature DebugDescriptionMacro -sdk /Applications/Xcode.app/Contents/Developer/Platforms/iPhoneSimulator.platform/Developer/SDKs/iPhoneSimulator18.0.sdk -target arm64-apple-ios12.0-simulator -g -module-cache-path /Users/carl.stanley/Library/Developer/Xcode/DerivedData/ModuleCache.noindex -Xfrontend -serialize-debugging-options -enable-testing -enable-experimental-feature OpaqueTypeErasure -Xcc -D_LIBCPP_HARDENING_MODE\=_LIBCPP_HARDENING_MODE_DEBUG -swift-version 5 -I /Users/carl.stanley/sites/UKCPA/ukcpa_flutter/build/ios/Debug-iphonesimulator -F /Users/carl.stanley/sites/UKCPA/ukcpa_flutter/build/ios/Debug-iphonesimulator -F /Users/carl.stanley/sites/UKCPA/ukcpa_flutter/build/ios/Debug-iphonesimulator/ReachabilitySwift -F /Users/carl.stanley/sites/UKCPA/ukcpa_flutter/build/ios/Debug-iphonesimulator/TOCropViewController -F /Users/carl.stanley/sites/UKCPA/ukcpa_flutter/build/ios/Debug-iphonesimulator/connectivity_plus -F /Users/carl.stanley/sites/UKCPA/ukcpa_flutter/build/ios/Debug-iphonesimulator/device_info_plus -F /Users/carl.stanley/sites/UKCPA/ukcpa_flutter/build/ios/Debug-iphonesimulator/flutter_secure_storage -F /Users/carl.stanley/sites/UKCPA/ukcpa_flutter/build/ios/Debug-iphonesimulator/image_cropper -F /Users/carl.stanley/sites/UKCPA/ukcpa_flutter/build/ios/Debug-iphonesimulator/image_picker_ios -F /Users/carl.stanley/sites/UKCPA/ukcpa_flutter/build/ios/Debug-iphonesimulator/integration_test -F /Users/carl.stanley/sites/UKCPA/ukcpa_flutter/build/ios/Debug-iphonesimulator/local_auth_darwin -F /Users/carl.stanley/sites/UKCPA/ukcpa_flutter/build/ios/Debug-iphonesimulator/package_info_plus -F /Users/carl.stanley/sites/UKCPA/ukcpa_flutter/build/ios/Debug-iphonesimulator/path_provider_foundation -F /Users/carl.stanley/sites/UKCPA/ukcpa_flutter/build/ios/Debug-iphonesimulator/permission_handler_apple -F /Users/carl.stanley/sites/UKCPA/ukcpa_flutter/build/ios/Debug-iphonesimulator/share_plus -F /Users/carl.stanley/sites/UKCPA/ukcpa_flutter/build/ios/Debug-iphonesimulator/shared_preferences_foundation -F /Users/carl.stanley/sites/UKCPA/ukcpa_flutter/build/ios/Debug-iphonesimulator/sqflite_darwin -F /Users/carl.stanley/sites/UKCPA/ukcpa_flutter/build/ios/Debug-iphonesimulator/url_launcher_ios -F /Users/carl.stanley/sites/UKCPA/ukcpa_flutter/build/ios/Debug-iphonesimulator/video_player_avfoundation -F /Users/carl.stanley/sites/UKCPA/ukcpa_flutter/build/ios/Debug-iphonesimulator/wakelock_plus -c -j12 -enable-batch-mode -incremental -Xcc -ivfsstatcache -Xcc /Users/carl.stanley/Library/Developer/Xcode/DerivedData/SDKStatCaches.noindex/iphonesimulator18.0-22A3362-db63dc9361471f152f572502bdbfe70a.sdkstatcache -output-file-map /Users/carl.stanley/Library/Developer/Xcode/DerivedData/Runner-dtxbldypbunqjrdrwadgjstoojan/Build/Intermediates.noindex/Runner.build/Debug-iphonesimulator/Runner.build/Objects-normal/arm64/Runner-OutputFileMap.json -use-frontend-parseable-output -save-temps -no-color-diagnostics -serialize-diagnostics -emit-dependencies -emit-module -emit-module-path /Users/carl.stanley/Library/Developer/Xcode/DerivedData/Runner-dtxbldypbunqjrdrwadgjstoojan/Build/Intermediates.noindex/Runner.build/Debug-iphonesimulator/Runner.build/Objects-normal/arm64/Runner.swiftmodule -validate-clang-modules-once -clang-build-session-file /Users/carl.stanley/Library/Developer/Xcode/DerivedData/ModuleCache.noindex/Session.modulevalidation -Xcc -I/Users/carl.stanley/Library/Developer/Xcode/DerivedData/Runner-dtxbldypbunqjrdrwadgjstoojan/Build/Intermediates.noindex/Runner.build/Debug-iphonesimulator/Runner.build/swift-overrides.hmap -emit-const-values -Xfrontend -const-gather-protocols-file -Xfrontend /Users/carl.stanley/Library/Developer/Xcode/DerivedData/Runner-dtxbldypbunqjrdrwadgjstoojan/Build/Intermediates.noindex/Runner.build/Debug-iphonesimulator/Runner.build/Objects-normal/arm64/Runner_const_extract_protocols.json -Xcc -iquote -Xcc /Users/carl.stanley/Library/Developer/Xcode/DerivedData/Runner-dtxbldypbunqjrdrwadgjstoojan/Build/Intermediates.noindex/Runner.build/Debug-iphonesimulator/Runner.build/Runner-generated-files.hmap -Xcc -I/Users/carl.stanley/Library/Developer/Xcode/DerivedData/Runner-dtxbldypbunqjrdrwadgjstoojan/Build/Intermediates.noindex/Runner.build/Debug-iphonesimulator/Runner.build/Runner-own-target-headers.hmap -Xcc -I/Users/carl.stanley/Library/Developer/Xcode/DerivedData/Runner-dtxbldypbunqjrdrwadgjstoojan/Build/Intermediates.noindex/Runner.build/Debug-iphonesimulator/Runner.build/Runner-all-non-framework-target-headers.hmap -Xcc -ivfsoverlay -Xcc /Users/carl.stanley/Library/Developer/Xcode/DerivedData/Runner-dtxbldypbunqjrdrwadgjstoojan/Build/Intermediates.noindex/Runner.build/Debug-iphonesimulator/Runner-18c1723432283e0cc55f10a6dcfd9e02-VFS-iphonesimulator/all-product-headers.yaml -Xcc -iquote -Xcc /Users/carl.stanley/Library/Developer/Xcode/DerivedData/Runner-dtxbldypbunqjrdrwadgjstoojan/Build/Intermediates.noindex/Runner.build/Debug-iphonesimulator/Runner.build/Runner-project-headers.hmap -Xcc -I/Users/carl.stanley/sites/UKCPA/ukcpa_flutter/build/ios/Debug-iphonesimulator/include -Xcc -I/Users/carl.stanley/sites/UKCPA/ukcpa_flutter/build/ios/Debug-iphonesimulator/ReachabilitySwift/Reachability.framework/Headers -Xcc -I/Users/carl.stanley/sites/UKCPA/ukcpa_flutter/build/ios/Debug-iphonesimulator/TOCropViewController/TOCropViewController.framework/Headers -Xcc -I/Users/carl.stanley/sites/UKCPA/ukcpa_flutter/build/ios/Debug-iphonesimulator/connectivity_plus/connectivity_plus.framework/Headers -Xcc -I/Users/carl.stanley/sites/UKCPA/ukcpa_flutter/build/ios/Debug-iphonesimulator/device_info_plus/device_info_plus.framework/Headers -Xcc -I/Users/carl.stanley/sites/UKCPA/ukcpa_flutter/build/ios/Debug-iphonesimulator/flutter_secure_storage/flutter_secure_storage.framework/Headers -Xcc -I/Users/carl.stanley/sites/UKCPA/ukcpa_flutter/build/ios/Debug-iphonesimulator/image_cropper/image_cropper.framework/Headers -Xcc -I/Users/carl.stanley/sites/UKCPA/ukcpa_flutter/build/ios/Debug-iphonesimulator/image_picker_ios/image_picker_ios.framework/Headers -Xcc -I/Users/carl.stanley/sites/UKCPA/ukcpa_flutter/build/ios/Debug-iphonesimulator/integration_test/integration_test.framework/Headers -Xcc -I/Users/carl.stanley/sites/UKCPA/ukcpa_flutter/build/ios/Debug-iphonesimulator/local_auth_darwin/local_auth_darwin.framework/Headers -Xcc -I/Users/carl.stanley/sites/UKCPA/ukcpa_flutter/build/ios/Debug-iphonesimulator/package_info_plus/package_info_plus.framework/Headers -Xcc -I/Users/carl.stanley/sites/UKCPA/ukcpa_flutter/build/ios/Debug-iphonesimulator/path_provider_foundation/path_provider_foundation.framework/Headers -Xcc -I/Users/carl.stanley/sites/UKCPA/ukcpa_flutter/build/ios/Debug-iphonesimulator/permission_handler_apple/permission_handler_apple.framework/Headers -Xcc -I/Users/carl.stanley/sites/UKCPA/ukcpa_flutter/build/ios/Debug-iphonesimulator/share_plus/share_plus.framework/Headers -Xcc -I/Users/carl.stanley/sites/UKCPA/ukcpa_flutter/build/ios/Debug-iphonesimulator/shared_preferences_foundation/shared_preferences_foundation.framework/Headers -Xcc -I/Users/carl.stanley/sites/UKCPA/ukcpa_flutter/build/ios/Debug-iphonesimulator/sqflite_darwin/sqflite_darwin.framework/Headers -Xcc -I/Users/carl.stanley/sites/UKCPA/ukcpa_flutter/build/ios/Debug-iphonesimulator/url_launcher_ios/url_launcher_ios.framework/Headers -Xcc -I/Users/carl.stanley/sites/UKCPA/ukcpa_flutter/build/ios/Debug-iphonesimulator/video_player_avfoundation/video_player_avfoundation.framework/Headers -Xcc -I/Users/carl.stanley/sites/UKCPA/ukcpa_flutter/build/ios/Debug-iphonesimulator/wakelock_plus/wakelock_plus.framework/Headers -Xcc -I/Users/carl.stanley/Library/Developer/Xcode/DerivedData/Runner-dtxbldypbunqjrdrwadgjstoojan/Build/Intermediates.noindex/Runner.build/Debug-iphonesimulator/Runner.build/DerivedSources-normal/arm64 -Xcc -I/Users/carl.stanley/Library/Developer/Xcode/DerivedData/Runner-dtxbldypbunqjrdrwadgjstoojan/Build/Intermediates.noindex/Runner.build/Debug-iphonesimulator/Runner.build/DerivedSources/arm64 -Xcc -I/Users/carl.stanley/Library/Developer/Xcode/DerivedData/Runner-dtxbldypbunqjrdrwadgjstoojan/Build/Intermediates.noindex/Runner.build/Debug-iphonesimulator/Runner.build/DerivedSources -Xcc -DDEBUG\=1 -Xcc -DCOCOAPODS\=1 -emit-objc-header -emit-objc-header-path /Users/carl.stanley/Library/Developer/Xcode/DerivedData/Runner-dtxbldypbunqjrdrwadgjstoojan/Build/Intermediates.noindex/Runner.build/Debug-iphonesimulator/Runner.build/Objects-normal/arm64/Runner-Swift.h -import-objc-header /Users/carl.stanley/sites/UKCPA/ukcpa_flutter/ios/Runner/Runner-Bridging-Header.h -pch-output-dir /Users/carl.stanley/Library/Developer/Xcode/DerivedData/Runner-dtxbldypbunqjrdrwadgjstoojan/Build/Intermediates.noindex/PrecompiledHeaders -working-directory /Users/carl.stanley/sites/UKCPA/ukcpa_flutter/ios -experimental-emit-module-separately -disable-cmo

            SwiftGeneratePch normal arm64 Compiling\ bridging\ header (in target 'Runner' from project 'Runner')
                cd /Users/carl.stanley/sites/UKCPA/ukcpa_flutter/ios
                builtin-swiftTaskExecution -- /Applications/Xcode.app/Contents/Developer/Toolchains/XcodeDefault.xctoolchain/usr/bin/swift-frontend -frontend -target arm64-apple-ios12.0-simulator -Xllvm -aarch64-use-tbi -enable-objc-interop -sdk /Applications/Xcode.app/Contents/Developer/Platforms/iPhoneSimulator.platform/Developer/SDKs/iPhoneSimulator18.0.sdk -I /Users/carl.stanley/sites/UKCPA/ukcpa_flutter/build/ios/Debug-iphonesimulator -F /Users/carl.stanley/sites/UKCPA/ukcpa_flutter/build/ios/Debug-iphonesimulator -F /Users/carl.stanley/sites/UKCPA/ukcpa_flutter/build/ios/Debug-iphonesimulator/ReachabilitySwift -F /Users/carl.stanley/sites/UKCPA/ukcpa_flutter/build/ios/Debug-iphonesimulator/TOCropViewController -F /Users/carl.stanley/sites/UKCPA/ukcpa_flutter/build/ios/Debug-iphonesimulator/connectivity_plus -F /Users/carl.stanley/sites/UKCPA/ukcpa_flutter/build/ios/Debug-iphonesimulator/device_info_plus -F /Users/carl.stanley/sites/UKCPA/ukcpa_flutter/build/ios/Debug-iphonesimulator/flutter_secure_storage -F /Users/carl.stanley/sites/UKCPA/ukcpa_flutter/build/ios/Debug-iphonesimulator/image_cropper -F /Users/carl.stanley/sites/UKCPA/ukcpa_flutter/build/ios/Debug-iphonesimulator/image_picker_ios -F /Users/carl.stanley/sites/UKCPA/ukcpa_flutter/build/ios/Debug-iphonesimulator/integration_test -F /Users/carl.stanley/sites/UKCPA/ukcpa_flutter/build/ios/Debug-iphonesimulator/local_auth_darwin -F /Users/carl.stanley/sites/UKCPA/ukcpa_flutter/build/ios/Debug-iphonesimulator/package_info_plus -F /Users/carl.stanley/sites/UKCPA/ukcpa_flutter/build/ios/Debug-iphonesimulator/path_provider_foundation -F /Users/carl.stanley/sites/UKCPA/ukcpa_flutter/build/ios/Debug-iphonesimulator/permission_handler_apple -F /Users/carl.stanley/sites/UKCPA/ukcpa_flutter/build/ios/Debug-iphonesimulator/share_plus -F /Users/carl.stanley/sites/UKCPA/ukcpa_flutter/build/ios/Debug-iphonesimulator/shared_preferences_foundation -F /Users/carl.stanley/sites/UKCPA/ukcpa_flutter/build/ios/Debug-iphonesimulator/sqflite_darwin -F /Users/carl.stanley/sites/UKCPA/ukcpa_flutter/build/ios/Debug-iphonesimulator/url_launcher_ios -F /Users/carl.stanley/sites/UKCPA/ukcpa_flutter/build/ios/Debug-iphonesimulator/video_player_avfoundation -F /Users/carl.stanley/sites/UKCPA/ukcpa_flutter/build/ios/Debug-iphonesimulator/wakelock_plus -no-color-diagnostics -enable-testing -g -debug-info-format\=dwarf -dwarf-version\=4 -module-cache-path /Users/carl.stanley/Library/Developer/Xcode/DerivedData/ModuleCache.noindex -swift-version 5 -enforce-exclusivity\=checked -Onone -D COCOAPODS -serialize-debugging-options -const-gather-protocols-file /Users/carl.stanley/Library/Developer/Xcode/DerivedData/Runner-dtxbldypbunqjrdrwadgjstoojan/Build/Intermediates.noindex/Runner.build/Debug-iphonesimulator/Runner.build/Objects-normal/arm64/Runner_const_extract_protocols.json -enable-experimental-feature DebugDescriptionMacro -enable-experimental-feature OpaqueTypeErasure -enable-bare-slash-regex -empty-abi-descriptor -validate-clang-modules-once -clang-build-session-file /Users/carl.stanley/Library/Developer/Xcode/DerivedData/ModuleCache.noindex/Session.modulevalidation -Xcc -working-directory -Xcc /Users/carl.stanley/sites/UKCPA/ukcpa_flutter/ios -resource-dir /Applications/Xcode.app/Contents/Developer/Toolchains/XcodeDefault.xctoolchain/usr/lib/swift -enable-anonymous-context-mangled-names -file-compilation-dir /Users/carl.stanley/sites/UKCPA/ukcpa_flutter/ios -Xcc -D_LIBCPP_HARDENING_MODE\=_LIBCPP_HARDENING_MODE_DEBUG -Xcc -ivfsstatcache -Xcc /Users/carl.stanley/Library/Developer/Xcode/DerivedData/SDKStatCaches.noindex/iphonesimulator18.0-22A3362-db63dc9361471f152f572502bdbfe70a.sdkstatcache -Xcc -I/Users/carl.stanley/Library/Developer/Xcode/DerivedData/Runner-dtxbldypbunqjrdrwadgjstoojan/Build/Intermediates.noindex/Runner.build/Debug-iphonesimulator/Runner.build/swift-overrides.hmap -Xcc -iquote -Xcc /Users/carl.stanley/Library/Developer/Xcode/DerivedData/Runner-dtxbldypbunqjrdrwadgjstoojan/Build/Intermediates.noindex/Runner.build/Debug-iphonesimulator/Runner.build/Runner-generated-files.hmap -Xcc -I/Users/carl.stanley/Library/Developer/Xcode/DerivedData/Runner-dtxbldypbunqjrdrwadgjstoojan/Build/Intermediates.noindex/Runner.build/Debug-iphonesimulator/Runner.build/Runner-own-target-headers.hmap -Xcc -I/Users/carl.stanley/Library/Developer/Xcode/DerivedData/Runner-dtxbldypbunqjrdrwadgjstoojan/Build/Intermediates.noindex/Runner.build/Debug-iphonesimulator/Runner.build/Runner-all-non-framework-target-headers.hmap -Xcc -ivfsoverlay -Xcc /Users/carl.stanley/Library/Developer/Xcode/DerivedData/Runner-dtxbldypbunqjrdrwadgjstoojan/Build/Intermediates.noindex/Runner.build/Debug-iphonesimulator/Runner-18c1723432283e0cc55f10a6dcfd9e02-VFS-iphonesimulator/all-product-headers.yaml -Xcc -iquote -Xcc /Users/carl.stanley/Library/Developer/Xcode/DerivedData/Runner-dtxbldypbunqjrdrwadgjstoojan/Build/Intermediates.noindex/Runner.build/Debug-iphonesimulator/Runner.build/Runner-project-headers.hmap -Xcc -I/Users/carl.stanley/sites/UKCPA/ukcpa_flutter/build/ios/Debug-iphonesimulator/include -Xcc -I/Users/carl.stanley/sites/UKCPA/ukcpa_flutter/build/ios/Debug-iphonesimulator/ReachabilitySwift/Reachability.framework/Headers -Xcc -I/Users/carl.stanley/sites/UKCPA/ukcpa_flutter/build/ios/Debug-iphonesimulator/TOCropViewController/TOCropViewController.framework/Headers -Xcc -I/Users/carl.stanley/sites/UKCPA/ukcpa_flutter/build/ios/Debug-iphonesimulator/connectivity_plus/connectivity_plus.framework/Headers -Xcc -I/Users/carl.stanley/sites/UKCPA/ukcpa_flutter/build/ios/Debug-iphonesimulator/device_info_plus/device_info_plus.framework/Headers -Xcc -I/Users/carl.stanley/sites/UKCPA/ukcpa_flutter/build/ios/Debug-iphonesimulator/flutter_secure_storage/flutter_secure_storage.framework/Headers -Xcc -I/Users/carl.stanley/sites/UKCPA/ukcpa_flutter/build/ios/Debug-iphonesimulator/image_cropper/image_cropper.framework/Headers -Xcc -I/Users/carl.stanley/sites/UKCPA/ukcpa_flutter/build/ios/Debug-iphonesimulator/image_picker_ios/image_picker_ios.framework/Headers -Xcc -I/Users/carl.stanley/sites/UKCPA/ukcpa_flutter/build/ios/Debug-iphonesimulator/integration_test/integration_test.framework/Headers -Xcc -I/Users/carl.stanley/sites/UKCPA/ukcpa_flutter/build/ios/Debug-iphonesimulator/local_auth_darwin/local_auth_darwin.framework/Headers -Xcc -I/Users/carl.stanley/sites/UKCPA/ukcpa_flutter/build/ios/Debug-iphonesimulator/package_info_plus/package_info_plus.framework/Headers -Xcc -I/Users/carl.stanley/sites/UKCPA/ukcpa_flutter/build/ios/Debug-iphonesimulator/path_provider_foundation/path_provider_foundation.framework/Headers -Xcc -I/Users/carl.stanley/sites/UKCPA/ukcpa_flutter/build/ios/Debug-iphonesimulator/permission_handler_apple/permission_handler_apple.framework/Headers -Xcc -I/Users/carl.stanley/sites/UKCPA/ukcpa_flutter/build/ios/Debug-iphonesimulator/share_plus/share_plus.framework/Headers -Xcc -I/Users/carl.stanley/sites/UKCPA/ukcpa_flutter/build/ios/Debug-iphonesimulator/shared_preferences_foundation/shared_preferences_foundation.framework/Headers -Xcc -I/Users/carl.stanley/sites/UKCPA/ukcpa_flutter/build/ios/Debug-iphonesimulator/sqflite_darwin/sqflite_darwin.framework/Headers -Xcc -I/Users/carl.stanley/sites/UKCPA/ukcpa_flutter/build/ios/Debug-iphonesimulator/url_launcher_ios/url_launcher_ios.framework/Headers -Xcc -I/Users/carl.stanley/sites/UKCPA/ukcpa_flutter/build/ios/Debug-iphonesimulator/video_player_avfoundation/video_player_avfoundation.framework/Headers -Xcc -I/Users/carl.stanley/sites/UKCPA/ukcpa_flutter/build/ios/Debug-iphonesimulator/wakelock_plus/wakelock_plus.framework/Headers -Xcc -I/Users/carl.stanley/Library/Developer/Xcode/DerivedData/Runner-dtxbldypbunqjrdrwadgjstoojan/Build/Intermediates.noindex/Runner.build/Debug-iphonesimulator/Runner.build/DerivedSources-normal/arm64 -Xcc -I/Users/carl.stanley/Library/Developer/Xcode/DerivedData/Runner-dtxbldypbunqjrdrwadgjstoojan/Build/Intermediates.noindex/Runner.build/Debug-iphonesimulator/Runner.build/DerivedSources/arm64 -Xcc -I/Users/carl.stanley/Library/Developer/Xcode/DerivedData/Runner-dtxbldypbunqjrdrwadgjstoojan/Build/Intermediates.noindex/Runner.build/Debug-iphonesimulator/Runner.build/DerivedSources -Xcc -DDEBUG\=1 -Xcc -DCOCOAPODS\=1 -import-objc-header /Users/carl.stanley/sites/UKCPA/ukcpa_flutter/ios/Runner/Runner-Bridging-Header.h -module-name Runner -frontend-parseable-output -disable-clang-spi -target-sdk-version 18.0 -target-sdk-name iphonesimulator18.0 -external-plugin-path /Applications/Xcode.app/Contents/Developer/Platforms/iPhoneOS.platform/Developer/usr/lib/swift/host/plugins\#/Applications/Xcode.app/Contents/Developer/Platforms/iPhoneOS.platform/Developer/usr/bin/swift-plugin-server -external-plugin-path /Applications/Xcode.app/Contents/Developer/Platforms/iPhoneOS.platform/Developer/usr/local/lib/swift/host/plugins\#/Applications/Xcode.app/Contents/Developer/Platforms/iPhoneOS.platform/Developer/usr/bin/swift-plugin-server -plugin-path /Applications/Xcode.app/Contents/Developer/Toolchains/XcodeDefault.xctoolchain/usr/lib/swift/host/plugins -plugin-path /Applications/Xcode.app/Contents/Developer/Toolchains/XcodeDefault.xctoolchain/usr/local/lib/swift/host/plugins -emit-pch -serialize-diagnostics-path /Users/carl.stanley/Library/Developer/Xcode/DerivedData/Runner-dtxbldypbunqjrdrwadgjstoojan/Build/Intermediates.noindex/PrecompiledHeaders/Runner-Bridging-Header-277bpaeymcosy.dia -pch-output-dir /Users/carl.stanley/Library/Developer/Xcode/DerivedData/Runner-dtxbldypbunqjrdrwadgjstoojan/Build/Intermediates.noindex/PrecompiledHeaders /Users/carl.stanley/sites/UKCPA/ukcpa_flutter/ios/Runner/Runner-Bridging-Header.h

            PrecompileSwiftBridgingHeader normal arm64 (in target 'Runner' from project 'Runner')
                cd /Users/carl.stanley/sites/UKCPA/ukcpa_flutter/ios
                /Applications/Xcode.app/Contents/Developer/Toolchains/XcodeDefault.xctoolchain/usr/bin/swift-frontend -target arm64-apple-ios12.0-simulator -Xllvm -aarch64-use-tbi -enable-objc-interop -sdk /Applications/Xcode.app/Contents/Developer/Platforms/iPhoneSimulator.platform/Developer/SDKs/iPhoneSimulator18.0.sdk -I /Users/carl.stanley/sites/UKCPA/ukcpa_flutter/build/ios/Debug-iphonesimulator -F /Users/carl.stanley/sites/UKCPA/ukcpa_flutter/build/ios/Debug-iphonesimulator -F /Users/carl.stanley/sites/UKCPA/ukcpa_flutter/build/ios/Debug-iphonesimulator/ReachabilitySwift -F /Users/carl.stanley/sites/UKCPA/ukcpa_flutter/build/ios/Debug-iphonesimulator/TOCropViewController -F /Users/carl.stanley/sites/UKCPA/ukcpa_flutter/build/ios/Debug-iphonesimulator/connectivity_plus -F /Users/carl.stanley/sites/UKCPA/ukcpa_flutter/build/ios/Debug-iphonesimulator/device_info_plus -F /Users/carl.stanley/sites/UKCPA/ukcpa_flutter/build/ios/Debug-iphonesimulator/flutter_secure_storage -F /Users/carl.stanley/sites/UKCPA/ukcpa_flutter/build/ios/Debug-iphonesimulator/image_cropper -F /Users/carl.stanley/sites/UKCPA/ukcpa_flutter/build/ios/Debug-iphonesimulator/image_picker_ios -F /Users/carl.stanley/sites/UKCPA/ukcpa_flutter/build/ios/Debug-iphonesimulator/integration_test -F /Users/carl.stanley/sites/UKCPA/ukcpa_flutter/build/ios/Debug-iphonesimulator/local_auth_darwin -F /Users/carl.stanley/sites/UKCPA/ukcpa_flutter/build/ios/Debug-iphonesimulator/package_info_plus -F /Users/carl.stanley/sites/UKCPA/ukcpa_flutter/build/ios/Debug-iphonesimulator/path_provider_foundation -F /Users/carl.stanley/sites/UKCPA/ukcpa_flutter/build/ios/Debug-iphonesimulator/permission_handler_apple -F /Users/carl.stanley/sites/UKCPA/ukcpa_flutter/build/ios/Debug-iphonesimulator/share_plus -F /Users/carl.stanley/sites/UKCPA/ukcpa_flutter/build/ios/Debug-iphonesimulator/shared_preferences_foundation -F /Users/carl.stanley/sites/UKCPA/ukcpa_flutter/build/ios/Debug-iphonesimulator/sqflite_darwin -F /Users/carl.stanley/sites/UKCPA/ukcpa_flutter/build/ios/Debug-iphonesimulator/url_launcher_ios -F /Users/carl.stanley/sites/UKCPA/ukcpa_flutter/build/ios/Debug-iphonesimulator/video_player_avfoundation -F /Users/carl.stanley/sites/UKCPA/ukcpa_flutter/build/ios/Debug-iphonesimulator/wakelock_plus -no-color-diagnostics -enable-testing -g -debug-info-format\=dwarf -dwarf-version\=4 -module-cache-path /Users/carl.stanley/Library/Developer/Xcode/DerivedData/ModuleCache.noindex -swift-version 5 -enforce-exclusivity\=checked -Onone -D COCOAPODS -serialize-debugging-options -const-gather-protocols-file /Users/carl.stanley/Library/Developer/Xcode/DerivedData/Runner-dtxbldypbunqjrdrwadgjstoojan/Build/Intermediates.noindex/Runner.build/Debug-iphonesimulator/Runner.build/Objects-normal/arm64/Runner_const_extract_protocols.json -enable-experimental-feature DebugDescriptionMacro -enable-experimental-feature OpaqueTypeErasure -enable-bare-slash-regex -empty-abi-descriptor -validate-clang-modules-once -clang-build-session-file /Users/carl.stanley/Library/Developer/Xcode/DerivedData/ModuleCache.noindex/Session.modulevalidation -Xcc -working-directory -Xcc /Users/carl.stanley/sites/UKCPA/ukcpa_flutter/ios -resource-dir /Applications/Xcode.app/Contents/Developer/Toolchains/XcodeDefault.xctoolchain/usr/lib/swift -enable-anonymous-context-mangled-names -file-compilation-dir /Users/carl.stanley/sites/UKCPA/ukcpa_flutter/ios -Xcc -D_LIBCPP_HARDENING_MODE\=_LIBCPP_HARDENING_MODE_DEBUG -Xcc -ivfsstatcache -Xcc /Users/carl.stanley/Library/Developer/Xcode/DerivedData/SDKStatCaches.noindex/iphonesimulator18.0-22A3362-db63dc9361471f152f572502bdbfe70a.sdkstatcache -Xcc -I/Users/carl.stanley/Library/Developer/Xcode/DerivedData/Runner-dtxbldypbunqjrdrwadgjstoojan/Build/Intermediates.noindex/Runner.build/Debug-iphonesimulator/Runner.build/swift-overrides.hmap -Xcc -iquote -Xcc /Users/carl.stanley/Library/Developer/Xcode/DerivedData/Runner-dtxbldypbunqjrdrwadgjstoojan/Build/Intermediates.noindex/Runner.build/Debug-iphonesimulator/Runner.build/Runner-generated-files.hmap -Xcc -I/Users/carl.stanley/Library/Developer/Xcode/DerivedData/Runner-dtxbldypbunqjrdrwadgjstoojan/Build/Intermediates.noindex/Runner.build/Debug-iphonesimulator/Runner.build/Runner-own-target-headers.hmap -Xcc -I/Users/carl.stanley/Library/Developer/Xcode/DerivedData/Runner-dtxbldypbunqjrdrwadgjstoojan/Build/Intermediates.noindex/Runner.build/Debug-iphonesimulator/Runner.build/Runner-all-non-framework-target-headers.hmap -Xcc -ivfsoverlay -Xcc /Users/carl.stanley/Library/Developer/Xcode/DerivedData/Runner-dtxbldypbunqjrdrwadgjstoojan/Build/Intermediates.noindex/Runner.build/Debug-iphonesimulator/Runner-18c1723432283e0cc55f10a6dcfd9e02-VFS-iphonesimulator/all-product-headers.yaml -Xcc -iquote -Xcc /Users/carl.stanley/Library/Developer/Xcode/DerivedData/Runner-dtxbldypbunqjrdrwadgjstoojan/Build/Intermediates.noindex/Runner.build/Debug-iphonesimulator/Runner.build/Runner-project-headers.hmap -Xcc -I/Users/carl.stanley/sites/UKCPA/ukcpa_flutter/build/ios/Debug-iphonesimulator/include -Xcc -I/Users/carl.stanley/sites/UKCPA/ukcpa_flutter/build/ios/Debug-iphonesimulator/ReachabilitySwift/Reachability.framework/Headers -Xcc -I/Users/carl.stanley/sites/UKCPA/ukcpa_flutter/build/ios/Debug-iphonesimulator/TOCropViewController/TOCropViewController.framework/Headers -Xcc -I/Users/carl.stanley/sites/UKCPA/ukcpa_flutter/build/ios/Debug-iphonesimulator/connectivity_plus/connectivity_plus.framework/Headers -Xcc -I/Users/carl.stanley/sites/UKCPA/ukcpa_flutter/build/ios/Debug-iphonesimulator/device_info_plus/device_info_plus.framework/Headers -Xcc -I/Users/carl.stanley/sites/UKCPA/ukcpa_flutter/build/ios/Debug-iphonesimulator/flutter_secure_storage/flutter_secure_storage.framework/Headers -Xcc -I/Users/carl.stanley/sites/UKCPA/ukcpa_flutter/build/ios/Debug-iphonesimulator/image_cropper/image_cropper.framework/Headers -Xcc -I/Users/carl.stanley/sites/UKCPA/ukcpa_flutter/build/ios/Debug-iphonesimulator/image_picker_ios/image_picker_ios.framework/Headers -Xcc -I/Users/carl.stanley/sites/UKCPA/ukcpa_flutter/build/ios/Debug-iphonesimulator/integration_test/integration_test.framework/Headers -Xcc -I/Users/carl.stanley/sites/UKCPA/ukcpa_flutter/build/ios/Debug-iphonesimulator/local_auth_darwin/local_auth_darwin.framework/Headers -Xcc -I/Users/carl.stanley/sites/UKCPA/ukcpa_flutter/build/ios/Debug-iphonesimulator/package_info_plus/package_info_plus.framework/Headers -Xcc -I/Users/carl.stanley/sites/UKCPA/ukcpa_flutter/build/ios/Debug-iphonesimulator/path_provider_foundation/path_provider_foundation.framework/Headers -Xcc -I/Users/carl.stanley/sites/UKCPA/ukcpa_flutter/build/ios/Debug-iphonesimulator/permission_handler_apple/permission_handler_apple.framework/Headers -Xcc -I/Users/carl.stanley/sites/UKCPA/ukcpa_flutter/build/ios/Debug-iphonesimulator/share_plus/share_plus.framework/Headers -Xcc -I/Users/carl.stanley/sites/UKCPA/ukcpa_flutter/build/ios/Debug-iphonesimulator/shared_preferences_foundation/shared_preferences_foundation.framework/Headers -Xcc -I/Users/carl.stanley/sites/UKCPA/ukcpa_flutter/build/ios/Debug-iphonesimulator/sqflite_darwin/sqflite_darwin.framework/Headers -Xcc -I/Users/carl.stanley/sites/UKCPA/ukcpa_flutter/build/ios/Debug-iphonesimulator/url_launcher_ios/url_launcher_ios.framework/Headers -Xcc -I/Users/carl.stanley/sites/UKCPA/ukcpa_flutter/build/ios/Debug-iphonesimulator/video_player_avfoundation/video_player_avfoundation.framework/Headers -Xcc -I/Users/carl.stanley/sites/UKCPA/ukcpa_flutter/build/ios/Debug-iphonesimulator/wakelock_plus/wakelock_plus.framework/Headers -Xcc -I/Users/carl.stanley/Library/Developer/Xcode/DerivedData/Runner-dtxbldypbunqjrdrwadgjstoojan/Build/Intermediates.noindex/Runner.build/Debug-iphonesimulator/Runner.build/DerivedSources-normal/arm64 -Xcc -I/Users/carl.stanley/Library/Developer/Xcode/DerivedData/Runner-dtxbldypbunqjrdrwadgjstoojan/Build/Intermediates.noindex/Runner.build/Debug-iphonesimulator/Runner.build/DerivedSources/arm64 -Xcc -I/Users/carl.stanley/Library/Developer/Xcode/DerivedData/Runner-dtxbldypbunqjrdrwadgjstoojan/Build/Intermediates.noindex/Runner.build/Debug-iphonesimulator/Runner.build/DerivedSources -Xcc -DDEBUG\=1 -Xcc -DCOCOAPODS\=1 -import-objc-header /Users/carl.stanley/sites/UKCPA/ukcpa_flutter/ios/Runner/Runner-Bridging-Header.h -module-name Runner -frontend-parseable-output -disable-clang-spi -target-sdk-version 18.0 -target-sdk-name iphonesimulator18.0 -external-plugin-path /Applications/Xcode.app/Contents/Developer/Platforms/iPhoneOS.platform/Developer/usr/lib/swift/host/plugins\#/Applications/Xcode.app/Contents/Developer/Platforms/iPhoneOS.platform/Developer/usr/bin/swift-plugin-server -external-plugin-path /Applications/Xcode.app/Contents/Developer/Platforms/iPhoneOS.platform/Developer/usr/local/lib/swift/host/plugins\#/Applications/Xcode.app/Contents/Developer/Platforms/iPhoneOS.platform/Developer/usr/bin/swift-plugin-server -plugin-path /Applications/Xcode.app/Contents/Developer/Toolchains/XcodeDefault.xctoolchain/usr/lib/swift/host/plugins -plugin-path /Applications/Xcode.app/Contents/Developer/Toolchains/XcodeDefault.xctoolchain/usr/local/lib/swift/host/plugins -emit-pch -serialize-diagnostics-path /Users/carl.stanley/Library/Developer/Xcode/DerivedData/Runner-dtxbldypbunqjrdrwadgjstoojan/Build/Intermediates.noindex/PrecompiledHeaders/Runner-Bridging-Header-277bpaeymcosy.dia -pch-output-dir /Users/carl.stanley/Library/Developer/Xcode/DerivedData/Runner-dtxbldypbunqjrdrwadgjstoojan/Build/Intermediates.noindex/PrecompiledHeaders /Users/carl.stanley/sites/UKCPA/ukcpa_flutter/ios/Runner/Runner-Bridging-Header.h

            SwiftEmitModule normal arm64 Emitting\ module\ for\ Runner (in target 'Runner' from project 'Runner')
                cd /Users/carl.stanley/sites/UKCPA/ukcpa_flutter/ios
                builtin-swiftTaskExecution -- /Applications/Xcode.app/Contents/Developer/Toolchains/XcodeDefault.xctoolchain/usr/bin/swift-frontend -frontend -emit-module -experimental-skip-non-inlinable-function-bodies-without-types /Users/carl.stanley/sites/UKCPA/ukcpa_flutter/ios/Runner/AppDelegate.swift /Users/carl.stanley/Library/Developer/Xcode/DerivedData/Runner-dtxbldypbunqjrdrwadgjstoojan/Build/Intermediates.noindex/Runner.build/Debug-iphonesimulator/Runner.build/DerivedSources/GeneratedAssetSymbols.swift -target arm64-apple-ios12.0-simulator -Xllvm -aarch64-use-tbi -enable-objc-interop -sdk /Applications/Xcode.app/Contents/Developer/Platforms/iPhoneSimulator.platform/Developer/SDKs/iPhoneSimulator18.0.sdk -I /Users/carl.stanley/sites/UKCPA/ukcpa_flutter/build/ios/Debug-iphonesimulator -F /Users/carl.stanley/sites/UKCPA/ukcpa_flutter/build/ios/Debug-iphonesimulator -F /Users/carl.stanley/sites/UKCPA/ukcpa_flutter/build/ios/Debug-iphonesimulator/ReachabilitySwift -F /Users/carl.stanley/sites/UKCPA/ukcpa_flutter/build/ios/Debug-iphonesimulator/TOCropViewController -F /Users/carl.stanley/sites/UKCPA/ukcpa_flutter/build/ios/Debug-iphonesimulator/connectivity_plus -F /Users/carl.stanley/sites/UKCPA/ukcpa_flutter/build/ios/Debug-iphonesimulator/device_info_plus -F /Users/carl.stanley/sites/UKCPA/ukcpa_flutter/build/ios/Debug-iphonesimulator/flutter_secure_storage -F /Users/carl.stanley/sites/UKCPA/ukcpa_flutter/build/ios/Debug-iphonesimulator/image_cropper -F /Users/carl.stanley/sites/UKCPA/ukcpa_flutter/build/ios/Debug-iphonesimulator/image_picker_ios -F /Users/carl.stanley/sites/UKCPA/ukcpa_flutter/build/ios/Debug-iphonesimulator/integration_test -F /Users/carl.stanley/sites/UKCPA/ukcpa_flutter/build/ios/Debug-iphonesimulator/local_auth_darwin -F /Users/carl.stanley/sites/UKCPA/ukcpa_flutter/build/ios/Debug-iphonesimulator/package_info_plus -F /Users/carl.stanley/sites/UKCPA/ukcpa_flutter/build/ios/Debug-iphonesimulator/path_provider_foundation -F /Users/carl.stanley/sites/UKCPA/ukcpa_flutter/build/ios/Debug-iphonesimulator/permission_handler_apple -F /Users/carl.stanley/sites/UKCPA/ukcpa_flutter/build/ios/Debug-iphonesimulator/share_plus -F /Users/carl.stanley/sites/UKCPA/ukcpa_flutter/build/ios/Debug-iphonesimulator/shared_preferences_foundation -F /Users/carl.stanley/sites/UKCPA/ukcpa_flutter/build/ios/Debug-iphonesimulator/sqflite_darwin -F /Users/carl.stanley/sites/UKCPA/ukcpa_flutter/build/ios/Debug-iphonesimulator/url_launcher_ios -F /Users/carl.stanley/sites/UKCPA/ukcpa_flutter/build/ios/Debug-iphonesimulator/video_player_avfoundation -F /Users/carl.stanley/sites/UKCPA/ukcpa_flutter/build/ios/Debug-iphonesimulator/wakelock_plus -no-color-diagnostics -enable-testing -g -debug-info-format\=dwarf -dwarf-version\=4 -module-cache-path /Users/carl.stanley/Library/Developer/Xcode/DerivedData/ModuleCache.noindex -swift-version 5 -enforce-exclusivity\=checked -Onone -D COCOAPODS -serialize-debugging-options -const-gather-protocols-file /Users/carl.stanley/Library/Developer/Xcode/DerivedData/Runner-dtxbldypbunqjrdrwadgjstoojan/Build/Intermediates.noindex/Runner.build/Debug-iphonesimulator/Runner.build/Objects-normal/arm64/Runner_const_extract_protocols.json -enable-experimental-feature DebugDescriptionMacro -enable-experimental-feature OpaqueTypeErasure -enable-bare-slash-regex -empty-abi-descriptor -validate-clang-modules-once -clang-build-session-file /Users/carl.stanley/Library/Developer/Xcode/DerivedData/ModuleCache.noindex/Session.modulevalidation -Xcc -working-directory -Xcc /Users/carl.stanley/sites/UKCPA/ukcpa_flutter/ios -resource-dir /Applications/Xcode.app/Contents/Developer/Toolchains/XcodeDefault.xctoolchain/usr/lib/swift -enable-anonymous-context-mangled-names -file-compilation-dir /Users/carl.stanley/sites/UKCPA/ukcpa_flutter/ios -Xcc -D_LIBCPP_HARDENING_MODE\=_LIBCPP_HARDENING_MODE_DEBUG -Xcc -ivfsstatcache -Xcc /Users/carl.stanley/Library/Developer/Xcode/DerivedData/SDKStatCaches.noindex/iphonesimulator18.0-22A3362-db63dc9361471f152f572502bdbfe70a.sdkstatcache -Xcc -I/Users/carl.stanley/Library/Developer/Xcode/DerivedData/Runner-dtxbldypbunqjrdrwadgjstoojan/Build/Intermediates.noindex/Runner.build/Debug-iphonesimulator/Runner.build/swift-overrides.hmap -Xcc -iquote -Xcc /Users/carl.stanley/Library/Developer/Xcode/DerivedData/Runner-dtxbldypbunqjrdrwadgjstoojan/Build/Intermediates.noindex/Runner.build/Debug-iphonesimulator/Runner.build/Runner-generated-files.hmap -Xcc -I/Users/carl.stanley/Library/Developer/Xcode/DerivedData/Runner-dtxbldypbunqjrdrwadgjstoojan/Build/Intermediates.noindex/Runner.build/Debug-iphonesimulator/Runner.build/Runner-own-target-headers.hmap -Xcc -I/Users/carl.stanley/Library/Developer/Xcode/DerivedData/Runner-dtxbldypbunqjrdrwadgjstoojan/Build/Intermediates.noindex/Runner.build/Debug-iphonesimulator/Runner.build/Runner-all-non-framework-target-headers.hmap -Xcc -ivfsoverlay -Xcc /Users/carl.stanley/Library/Developer/Xcode/DerivedData/Runner-dtxbldypbunqjrdrwadgjstoojan/Build/Intermediates.noindex/Runner.build/Debug-iphonesimulator/Runner-18c1723432283e0cc55f10a6dcfd9e02-VFS-iphonesimulator/all-product-headers.yaml -Xcc -iquote -Xcc /Users/carl.stanley/Library/Developer/Xcode/DerivedData/Runner-dtxbldypbunqjrdrwadgjstoojan/Build/Intermediates.noindex/Runner.build/Debug-iphonesimulator/Runner.build/Runner-project-headers.hmap -Xcc -I/Users/carl.stanley/sites/UKCPA/ukcpa_flutter/build/ios/Debug-iphonesimulator/include -Xcc -I/Users/carl.stanley/sites/UKCPA/ukcpa_flutter/build/ios/Debug-iphonesimulator/ReachabilitySwift/Reachability.framework/Headers -Xcc -I/Users/carl.stanley/sites/UKCPA/ukcpa_flutter/build/ios/Debug-iphonesimulator/TOCropViewController/TOCropViewController.framework/Headers -Xcc -I/Users/carl.stanley/sites/UKCPA/ukcpa_flutter/build/ios/Debug-iphonesimulator/connectivity_plus/connectivity_plus.framework/Headers -Xcc -I/Users/carl.stanley/sites/UKCPA/ukcpa_flutter/build/ios/Debug-iphonesimulator/device_info_plus/device_info_plus.framework/Headers -Xcc -I/Users/carl.stanley/sites/UKCPA/ukcpa_flutter/build/ios/Debug-iphonesimulator/flutter_secure_storage/flutter_secure_storage.framework/Headers -Xcc -I/Users/carl.stanley/sites/UKCPA/ukcpa_flutter/build/ios/Debug-iphonesimulator/image_cropper/image_cropper.framework/Headers -Xcc -I/Users/carl.stanley/sites/UKCPA/ukcpa_flutter/build/ios/Debug-iphonesimulator/image_picker_ios/image_picker_ios.framework/Headers -Xcc -I/Users/carl.stanley/sites/UKCPA/ukcpa_flutter/build/ios/Debug-iphonesimulator/integration_test/integration_test.framework/Headers -Xcc -I/Users/carl.stanley/sites/UKCPA/ukcpa_flutter/build/ios/Debug-iphonesimulator/local_auth_darwin/local_auth_darwin.framework/Headers -Xcc -I/Users/carl.stanley/sites/UKCPA/ukcpa_flutter/build/ios/Debug-iphonesimulator/package_info_plus/package_info_plus.framework/Headers -Xcc -I/Users/carl.stanley/sites/UKCPA/ukcpa_flutter/build/ios/Debug-iphonesimulator/path_provider_foundation/path_provider_foundation.framework/Headers -Xcc -I/Users/carl.stanley/sites/UKCPA/ukcpa_flutter/build/ios/Debug-iphonesimulator/permission_handler_apple/permission_handler_apple.framework/Headers -Xcc -I/Users/carl.stanley/sites/UKCPA/ukcpa_flutter/build/ios/Debug-iphonesimulator/share_plus/share_plus.framework/Headers -Xcc -I/Users/carl.stanley/sites/UKCPA/ukcpa_flutter/build/ios/Debug-iphonesimulator/shared_preferences_foundation/shared_preferences_foundation.framework/Headers -Xcc -I/Users/carl.stanley/sites/UKCPA/ukcpa_flutter/build/ios/Debug-iphonesimulator/sqflite_darwin/sqflite_darwin.framework/Headers -Xcc -I/Users/carl.stanley/sites/UKCPA/ukcpa_flutter/build/ios/Debug-iphonesimulator/url_launcher_ios/url_launcher_ios.framework/Headers -Xcc -I/Users/carl.stanley/sites/UKCPA/ukcpa_flutter/build/ios/Debug-iphonesimulator/video_player_avfoundation/video_player_avfoundation.framework/Headers -Xcc -I/Users/carl.stanley/sites/UKCPA/ukcpa_flutter/build/ios/Debug-iphonesimulator/wakelock_plus/wakelock_plus.framework/Headers -Xcc -I/Users/carl.stanley/Library/Developer/Xcode/DerivedData/Runner-dtxbldypbunqjrdrwadgjstoojan/Build/Intermediates.noindex/Runner.build/Debug-iphonesimulator/Runner.build/DerivedSources-normal/arm64 -Xcc -I/Users/carl.stanley/Library/Developer/Xcode/DerivedData/Runner-dtxbldypbunqjrdrwadgjstoojan/Build/Intermediates.noindex/Runner.build/Debug-iphonesimulator/Runner.build/DerivedSources/arm64 -Xcc -I/Users/carl.stanley/Library/Developer/Xcode/DerivedData/Runner-dtxbldypbunqjrdrwadgjstoojan/Build/Intermediates.noindex/Runner.build/Debug-iphonesimulator/Runner.build/DerivedSources -Xcc -DDEBUG\=1 -Xcc -DCOCOAPODS\=1 -import-objc-header /Users/carl.stanley/sites/UKCPA/ukcpa_flutter/ios/Runner/Runner-Bridging-Header.h -pch-output-dir /Users/carl.stanley/Library/Developer/Xcode/DerivedData/Runner-dtxbldypbunqjrdrwadgjstoojan/Build/Intermediates.noindex/PrecompiledHeaders -pch-disable-validation -module-name Runner -frontend-parseable-output -disable-clang-spi -target-sdk-version 18.0 -target-sdk-name iphonesimulator18.0 -external-plugin-path /Applications/Xcode.app/Contents/Developer/Platforms/iPhoneOS.platform/Developer/usr/lib/swift/host/plugins\#/Applications/Xcode.app/Contents/Developer/Platforms/iPhoneOS.platform/Developer/usr/bin/swift-plugin-server -external-plugin-path /Applications/Xcode.app/Contents/Developer/Platforms/iPhoneOS.platform/Developer/usr/local/lib/swift/host/plugins\#/Applications/Xcode.app/Contents/Developer/Platforms/iPhoneOS.platform/Developer/usr/bin/swift-plugin-server -plugin-path /Applications/Xcode.app/Contents/Developer/Toolchains/XcodeDefault.xctoolchain/usr/lib/swift/host/plugins -plugin-path /Applications/Xcode.app/Contents/Developer/Toolchains/XcodeDefault.xctoolchain/usr/local/lib/swift/host/plugins -emit-module-doc-path /Users/carl.stanley/Library/Developer/Xcode/DerivedData/Runner-dtxbldypbunqjrdrwadgjstoojan/Build/Intermediates.noindex/Runner.build/Debug-iphonesimulator/Runner.build/Objects-normal/arm64/Runner.swiftdoc -emit-module-source-info-path /Users/carl.stanley/Library/Developer/Xcode/DerivedData/Runner-dtxbldypbunqjrdrwadgjstoojan/Build/Intermediates.noindex/Runner.build/Debug-iphonesimulator/Runner.build/Objects-normal/arm64/Runner.swiftsourceinfo -emit-objc-header-path /Users/carl.stanley/Library/Developer/Xcode/DerivedData/Runner-dtxbldypbunqjrdrwadgjstoojan/Build/Intermediates.noindex/Runner.build/Debug-iphonesimulator/Runner.build/Objects-normal/arm64/Runner-Swift.h -serialize-diagnostics-path /Users/carl.stanley/Library/Developer/Xcode/DerivedData/Runner-dtxbldypbunqjrdrwadgjstoojan/Build/Intermediates.noindex/Runner.build/Debug-iphonesimulator/Runner.build/Objects-normal/arm64/Runner-master-emit-module.dia -emit-dependencies-path /Users/carl.stanley/Library/Developer/Xcode/DerivedData/Runner-dtxbldypbunqjrdrwadgjstoojan/Build/Intermediates.noindex/Runner.build/Debug-iphonesimulator/Runner.build/Objects-normal/arm64/Runner-master-emit-module.d -o /Users/carl.stanley/Library/Developer/Xcode/DerivedData/Runner-dtxbldypbunqjrdrwadgjstoojan/Build/Intermediates.noindex/Runner.build/Debug-iphonesimulator/Runner.build/Objects-normal/arm64/Runner.swiftmodule -emit-abi-descriptor-path /Users/carl.stanley/Library/Developer/Xcode/DerivedData/Runner-dtxbldypbunqjrdrwadgjstoojan/Build/Intermediates.noindex/Runner.build/Debug-iphonesimulator/Runner.build/Objects-normal/arm64/Runner.abi.json

            EmitSwiftModule normal arm64 (in target 'Runner' from project 'Runner')
                cd /Users/carl.stanley/sites/UKCPA/ukcpa_flutter/ios
                /Applications/Xcode.app/Contents/Developer/Toolchains/XcodeDefault.xctoolchain/usr/bin/swift-frontend -emit-module -experimental-skip-non-inlinable-function-bodies-without-types /Users/carl.stanley/sites/UKCPA/ukcpa_flutter/ios/Runner/AppDelegate.swift /Users/carl.stanley/Library/Developer/Xcode/DerivedData/Runner-dtxbldypbunqjrdrwadgjstoojan/Build/Intermediates.noindex/Runner.build/Debug-iphonesimulator/Runner.build/DerivedSources/GeneratedAssetSymbols.swift -target arm64-apple-ios12.0-simulator -Xllvm -aarch64-use-tbi -enable-objc-interop -sdk /Applications/Xcode.app/Contents/Developer/Platforms/iPhoneSimulator.platform/Developer/SDKs/iPhoneSimulator18.0.sdk -I /Users/carl.stanley/sites/UKCPA/ukcpa_flutter/build/ios/Debug-iphonesimulator -F /Users/carl.stanley/sites/UKCPA/ukcpa_flutter/build/ios/Debug-iphonesimulator -F /Users/carl.stanley/sites/UKCPA/ukcpa_flutter/build/ios/Debug-iphonesimulator/ReachabilitySwift -F /Users/carl.stanley/sites/UKCPA/ukcpa_flutter/build/ios/Debug-iphonesimulator/TOCropViewController -F /Users/carl.stanley/sites/UKCPA/ukcpa_flutter/build/ios/Debug-iphonesimulator/connectivity_plus -F /Users/carl.stanley/sites/UKCPA/ukcpa_flutter/build/ios/Debug-iphonesimulator/device_info_plus -F /Users/carl.stanley/sites/UKCPA/ukcpa_flutter/build/ios/Debug-iphonesimulator/flutter_secure_storage -F /Users/carl.stanley/sites/UKCPA/ukcpa_flutter/build/ios/Debug-iphonesimulator/image_cropper -F /Users/carl.stanley/sites/UKCPA/ukcpa_flutter/build/ios/Debug-iphonesimulator/image_picker_ios -F /Users/carl.stanley/sites/UKCPA/ukcpa_flutter/build/ios/Debug-iphonesimulator/integration_test -F /Users/carl.stanley/sites/UKCPA/ukcpa_flutter/build/ios/Debug-iphonesimulator/local_auth_darwin -F /Users/carl.stanley/sites/UKCPA/ukcpa_flutter/build/ios/Debug-iphonesimulator/package_info_plus -F /Users/carl.stanley/sites/UKCPA/ukcpa_flutter/build/ios/Debug-iphonesimulator/path_provider_foundation -F /Users/carl.stanley/sites/UKCPA/ukcpa_flutter/build/ios/Debug-iphonesimulator/permission_handler_apple -F /Users/carl.stanley/sites/UKCPA/ukcpa_flutter/build/ios/Debug-iphonesimulator/share_plus -F /Users/carl.stanley/sites/UKCPA/ukcpa_flutter/build/ios/Debug-iphonesimulator/shared_preferences_foundation -F /Users/carl.stanley/sites/UKCPA/ukcpa_flutter/build/ios/Debug-iphonesimulator/sqflite_darwin -F /Users/carl.stanley/sites/UKCPA/ukcpa_flutter/build/ios/Debug-iphonesimulator/url_launcher_ios -F /Users/carl.stanley/sites/UKCPA/ukcpa_flutter/build/ios/Debug-iphonesimulator/video_player_avfoundation -F /Users/carl.stanley/sites/UKCPA/ukcpa_flutter/build/ios/Debug-iphonesimulator/wakelock_plus -no-color-diagnostics -enable-testing -g -debug-info-format\=dwarf -dwarf-version\=4 -module-cache-path /Users/carl.stanley/Library/Developer/Xcode/DerivedData/ModuleCache.noindex -swift-version 5 -enforce-exclusivity\=checked -Onone -D COCOAPODS -serialize-debugging-options -const-gather-protocols-file /Users/carl.stanley/Library/Developer/Xcode/DerivedData/Runner-dtxbldypbunqjrdrwadgjstoojan/Build/Intermediates.noindex/Runner.build/Debug-iphonesimulator/Runner.build/Objects-normal/arm64/Runner_const_extract_protocols.json -enable-experimental-feature DebugDescriptionMacro -enable-experimental-feature OpaqueTypeErasure -enable-bare-slash-regex -empty-abi-descriptor -validate-clang-modules-once -clang-build-session-file /Users/carl.stanley/Library/Developer/Xcode/DerivedData/ModuleCache.noindex/Session.modulevalidation -Xcc -working-directory -Xcc /Users/carl.stanley/sites/UKCPA/ukcpa_flutter/ios -resource-dir /Applications/Xcode.app/Contents/Developer/Toolchains/XcodeDefault.xctoolchain/usr/lib/swift -enable-anonymous-context-mangled-names -file-compilation-dir /Users/carl.stanley/sites/UKCPA/ukcpa_flutter/ios -Xcc -D_LIBCPP_HARDENING_MODE\=_LIBCPP_HARDENING_MODE_DEBUG -Xcc -ivfsstatcache -Xcc /Users/carl.stanley/Library/Developer/Xcode/DerivedData/SDKStatCaches.noindex/iphonesimulator18.0-22A3362-db63dc9361471f152f572502bdbfe70a.sdkstatcache -Xcc -I/Users/carl.stanley/Library/Developer/Xcode/DerivedData/Runner-dtxbldypbunqjrdrwadgjstoojan/Build/Intermediates.noindex/Runner.build/Debug-iphonesimulator/Runner.build/swift-overrides.hmap -Xcc -iquote -Xcc /Users/carl.stanley/Library/Developer/Xcode/DerivedData/Runner-dtxbldypbunqjrdrwadgjstoojan/Build/Intermediates.noindex/Runner.build/Debug-iphonesimulator/Runner.build/Runner-generated-files.hmap -Xcc -I/Users/carl.stanley/Library/Developer/Xcode/DerivedData/Runner-dtxbldypbunqjrdrwadgjstoojan/Build/Intermediates.noindex/Runner.build/Debug-iphonesimulator/Runner.build/Runner-own-target-headers.hmap -Xcc -I/Users/carl.stanley/Library/Developer/Xcode/DerivedData/Runner-dtxbldypbunqjrdrwadgjstoojan/Build/Intermediates.noindex/Runner.build/Debug-iphonesimulator/Runner.build/Runner-all-non-framework-target-headers.hmap -Xcc -ivfsoverlay -Xcc /Users/carl.stanley/Library/Developer/Xcode/DerivedData/Runner-dtxbldypbunqjrdrwadgjstoojan/Build/Intermediates.noindex/Runner.build/Debug-iphonesimulator/Runner-18c1723432283e0cc55f10a6dcfd9e02-VFS-iphonesimulator/all-product-headers.yaml -Xcc -iquote -Xcc /Users/carl.stanley/Library/Developer/Xcode/DerivedData/Runner-dtxbldypbunqjrdrwadgjstoojan/Build/Intermediates.noindex/Runner.build/Debug-iphonesimulator/Runner.build/Runner-project-headers.hmap -Xcc -I/Users/carl.stanley/sites/UKCPA/ukcpa_flutter/build/ios/Debug-iphonesimulator/include -Xcc -I/Users/carl.stanley/sites/UKCPA/ukcpa_flutter/build/ios/Debug-iphonesimulator/ReachabilitySwift/Reachability.framework/Headers -Xcc -I/Users/carl.stanley/sites/UKCPA/ukcpa_flutter/build/ios/Debug-iphonesimulator/TOCropViewController/TOCropViewController.framework/Headers -Xcc -I/Users/carl.stanley/sites/UKCPA/ukcpa_flutter/build/ios/Debug-iphonesimulator/connectivity_plus/connectivity_plus.framework/Headers -Xcc -I/Users/carl.stanley/sites/UKCPA/ukcpa_flutter/build/ios/Debug-iphonesimulator/device_info_plus/device_info_plus.framework/Headers -Xcc -I/Users/carl.stanley/sites/UKCPA/ukcpa_flutter/build/ios/Debug-iphonesimulator/flutter_secure_storage/flutter_secure_storage.framework/Headers -Xcc -I/Users/carl.stanley/sites/UKCPA/ukcpa_flutter/build/ios/Debug-iphonesimulator/image_cropper/image_cropper.framework/Headers -Xcc -I/Users/carl.stanley/sites/UKCPA/ukcpa_flutter/build/ios/Debug-iphonesimulator/image_picker_ios/image_picker_ios.framework/Headers -Xcc -I/Users/carl.stanley/sites/UKCPA/ukcpa_flutter/build/ios/Debug-iphonesimulator/integration_test/integration_test.framework/Headers -Xcc -I/Users/carl.stanley/sites/UKCPA/ukcpa_flutter/build/ios/Debug-iphonesimulator/local_auth_darwin/local_auth_darwin.framework/Headers -Xcc -I/Users/carl.stanley/sites/UKCPA/ukcpa_flutter/build/ios/Debug-iphonesimulator/package_info_plus/package_info_plus.framework/Headers -Xcc -I/Users/carl.stanley/sites/UKCPA/ukcpa_flutter/build/ios/Debug-iphonesimulator/path_provider_foundation/path_provider_foundation.framework/Headers -Xcc -I/Users/carl.stanley/sites/UKCPA/ukcpa_flutter/build/ios/Debug-iphonesimulator/permission_handler_apple/permission_handler_apple.framework/Headers -Xcc -I/Users/carl.stanley/sites/UKCPA/ukcpa_flutter/build/ios/Debug-iphonesimulator/share_plus/share_plus.framework/Headers -Xcc -I/Users/carl.stanley/sites/UKCPA/ukcpa_flutter/build/ios/Debug-iphonesimulator/shared_preferences_foundation/shared_preferences_foundation.framework/Headers -Xcc -I/Users/carl.stanley/sites/UKCPA/ukcpa_flutter/build/ios/Debug-iphonesimulator/sqflite_darwin/sqflite_darwin.framework/Headers -Xcc -I/Users/carl.stanley/sites/UKCPA/ukcpa_flutter/build/ios/Debug-iphonesimulator/url_launcher_ios/url_launcher_ios.framework/Headers -Xcc -I/Users/carl.stanley/sites/UKCPA/ukcpa_flutter/build/ios/Debug-iphonesimulator/video_player_avfoundation/video_player_avfoundation.framework/Headers -Xcc -I/Users/carl.stanley/sites/UKCPA/ukcpa_flutter/build/ios/Debug-iphonesimulator/wakelock_plus/wakelock_plus.framework/Headers -Xcc -I/Users/carl.stanley/Library/Developer/Xcode/DerivedData/Runner-dtxbldypbunqjrdrwadgjstoojan/Build/Intermediates.noindex/Runner.build/Debug-iphonesimulator/Runner.build/DerivedSources-normal/arm64 -Xcc -I/Users/carl.stanley/Library/Developer/Xcode/DerivedData/Runner-dtxbldypbunqjrdrwadgjstoojan/Build/Intermediates.noindex/Runner.build/Debug-iphonesimulator/Runner.build/DerivedSources/arm64 -Xcc -I/Users/carl.stanley/Library/Developer/Xcode/DerivedData/Runner-dtxbldypbunqjrdrwadgjstoojan/Build/Intermediates.noindex/Runner.build/Debug-iphonesimulator/Runner.build/DerivedSources -Xcc -DDEBUG\=1 -Xcc -DCOCOAPODS\=1 -import-objc-header /Users/carl.stanley/sites/UKCPA/ukcpa_flutter/ios/Runner/Runner-Bridging-Header.h -pch-output-dir /Users/carl.stanley/Library/Developer/Xcode/DerivedData/Runner-dtxbldypbunqjrdrwadgjstoojan/Build/Intermediates.noindex/PrecompiledHeaders -pch-disable-validation -module-name Runner -frontend-parseable-output -disable-clang-spi -target-sdk-version 18.0 -target-sdk-name iphonesimulator18.0 -external-plugin-path /Applications/Xcode.app/Contents/Developer/Platforms/iPhoneOS.platform/Developer/usr/lib/swift/host/plugins\#/Applications/Xcode.app/Contents/Developer/Platforms/iPhoneOS.platform/Developer/usr/bin/swift-plugin-server -external-plugin-path /Applications/Xcode.app/Contents/Developer/Platforms/iPhoneOS.platform/Developer/usr/local/lib/swift/host/plugins\#/Applications/Xcode.app/Contents/Developer/Platforms/iPhoneOS.platform/Developer/usr/bin/swift-plugin-server -plugin-path /Applications/Xcode.app/Contents/Developer/Toolchains/XcodeDefault.xctoolchain/usr/lib/swift/host/plugins -plugin-path /Applications/Xcode.app/Contents/Developer/Toolchains/XcodeDefault.xctoolchain/usr/local/lib/swift/host/plugins -emit-module-doc-path /Users/carl.stanley/Library/Developer/Xcode/DerivedData/Runner-dtxbldypbunqjrdrwadgjstoojan/Build/Intermediates.noindex/Runner.build/Debug-iphonesimulator/Runner.build/Objects-normal/arm64/Runner.swiftdoc -emit-module-source-info-path /Users/carl.stanley/Library/Developer/Xcode/DerivedData/Runner-dtxbldypbunqjrdrwadgjstoojan/Build/Intermediates.noindex/Runner.build/Debug-iphonesimulator/Runner.build/Objects-normal/arm64/Runner.swiftsourceinfo -emit-objc-header-path /Users/carl.stanley/Library/Developer/Xcode/DerivedData/Runner-dtxbldypbunqjrdrwadgjstoojan/Build/Intermediates.noindex/Runner.build/Debug-iphonesimulator/Runner.build/Objects-normal/arm64/Runner-Swift.h -serialize-diagnostics-path /Users/carl.stanley/Library/Developer/Xcode/DerivedData/Runner-dtxbldypbunqjrdrwadgjstoojan/Build/Intermediates.noindex/Runner.build/Debug-iphonesimulator/Runner.build/Objects-normal/arm64/Runner-master-emit-module.dia -emit-dependencies-path /Users/carl.stanley/Library/Developer/Xcode/DerivedData/Runner-dtxbldypbunqjrdrwadgjstoojan/Build/Intermediates.noindex/Runner.build/Debug-iphonesimulator/Runner.build/Objects-normal/arm64/Runner-master-emit-module.d -o /Users/carl.stanley/Library/Developer/Xcode/DerivedData/Runner-dtxbldypbunqjrdrwadgjstoojan/Build/Intermediates.noindex/Runner.build/Debug-iphonesimulator/Runner.build/Objects-normal/arm64/Runner.swiftmodule -emit-abi-descriptor-path /Users/carl.stanley/Library/Developer/Xcode/DerivedData/Runner-dtxbldypbunqjrdrwadgjstoojan/Build/Intermediates.noindex/Runner.build/Debug-iphonesimulator/Runner.build/Objects-normal/arm64/Runner.abi.json

            SwiftCompile normal arm64 Compiling\ AppDelegate.swift /Users/carl.stanley/sites/UKCPA/ukcpa_flutter/ios/Runner/AppDelegate.swift (in target 'Runner' from project 'Runner')
                cd /Users/carl.stanley/sites/UKCPA/ukcpa_flutter/ios
                builtin-swiftTaskExecution -- /Applications/Xcode.app/Contents/Developer/Toolchains/XcodeDefault.xctoolchain/usr/bin/swift-frontend -frontend -c -primary-file /Users/carl.stanley/sites/UKCPA/ukcpa_flutter/ios/Runner/AppDelegate.swift /Users/carl.stanley/Library/Developer/Xcode/DerivedData/Runner-dtxbldypbunqjrdrwadgjstoojan/Build/Intermediates.noindex/Runner.build/Debug-iphonesimulator/Runner.build/DerivedSources/GeneratedAssetSymbols.swift -emit-dependencies-path /Users/carl.stanley/Library/Developer/Xcode/DerivedData/Runner-dtxbldypbunqjrdrwadgjstoojan/Build/Intermediates.noindex/Runner.build/Debug-iphonesimulator/Runner.build/Objects-normal/arm64/AppDelegate.d -emit-const-values-path /Users/carl.stanley/Library/Developer/Xcode/DerivedData/Runner-dtxbldypbunqjrdrwadgjstoojan/Build/Intermediates.noindex/Runner.build/Debug-iphonesimulator/Runner.build/Objects-normal/arm64/AppDelegate.swiftconstvalues -emit-reference-dependencies-path /Users/carl.stanley/Library/Developer/Xcode/DerivedData/Runner-dtxbldypbunqjrdrwadgjstoojan/Build/Intermediates.noindex/Runner.build/Debug-iphonesimulator/Runner.build/Objects-normal/arm64/AppDelegate.swiftdeps -serialize-diagnostics-path /Users/carl.stanley/Library/Developer/Xcode/DerivedData/Runner-dtxbldypbunqjrdrwadgjstoojan/Build/Intermediates.noindex/Runner.build/Debug-iphonesimulator/Runner.build/Objects-normal/arm64/AppDelegate.dia -target arm64-apple-ios12.0-simulator -Xllvm -aarch64-use-tbi -enable-objc-interop -sdk /Applications/Xcode.app/Contents/Developer/Platforms/iPhoneSimulator.platform/Developer/SDKs/iPhoneSimulator18.0.sdk -I /Users/carl.stanley/sites/UKCPA/ukcpa_flutter/build/ios/Debug-iphonesimulator -F /Users/carl.stanley/sites/UKCPA/ukcpa_flutter/build/ios/Debug-iphonesimulator -F /Users/carl.stanley/sites/UKCPA/ukcpa_flutter/build/ios/Debug-iphonesimulator/ReachabilitySwift -F /Users/carl.stanley/sites/UKCPA/ukcpa_flutter/build/ios/Debug-iphonesimulator/TOCropViewController -F /Users/carl.stanley/sites/UKCPA/ukcpa_flutter/build/ios/Debug-iphonesimulator/connectivity_plus -F /Users/carl.stanley/sites/UKCPA/ukcpa_flutter/build/ios/Debug-iphonesimulator/device_info_plus -F /Users/carl.stanley/sites/UKCPA/ukcpa_flutter/build/ios/Debug-iphonesimulator/flutter_secure_storage -F /Users/carl.stanley/sites/UKCPA/ukcpa_flutter/build/ios/Debug-iphonesimulator/image_cropper -F /Users/carl.stanley/sites/UKCPA/ukcpa_flutter/build/ios/Debug-iphonesimulator/image_picker_ios -F /Users/carl.stanley/sites/UKCPA/ukcpa_flutter/build/ios/Debug-iphonesimulator/integration_test -F /Users/carl.stanley/sites/UKCPA/ukcpa_flutter/build/ios/Debug-iphonesimulator/local_auth_darwin -F /Users/carl.stanley/sites/UKCPA/ukcpa_flutter/build/ios/Debug-iphonesimulator/package_info_plus -F /Users/carl.stanley/sites/UKCPA/ukcpa_flutter/build/ios/Debug-iphonesimulator/path_provider_foundation -F /Users/carl.stanley/sites/UKCPA/ukcpa_flutter/build/ios/Debug-iphonesimulator/permission_handler_apple -F /Users/carl.stanley/sites/UKCPA/ukcpa_flutter/build/ios/Debug-iphonesimulator/share_plus -F /Users/carl.stanley/sites/UKCPA/ukcpa_flutter/build/ios/Debug-iphonesimulator/shared_preferences_foundation -F /Users/carl.stanley/sites/UKCPA/ukcpa_flutter/build/ios/Debug-iphonesimulator/sqflite_darwin -F /Users/carl.stanley/sites/UKCPA/ukcpa_flutter/build/ios/Debug-iphonesimulator/url_launcher_ios -F /Users/carl.stanley/sites/UKCPA/ukcpa_flutter/build/ios/Debug-iphonesimulator/video_player_avfoundation -F /Users/carl.stanley/sites/UKCPA/ukcpa_flutter/build/ios/Debug-iphonesimulator/wakelock_plus -no-color-diagnostics -enable-testing -g -debug-info-format\=dwarf -dwarf-version\=4 -module-cache-path /Users/carl.stanley/Library/Developer/Xcode/DerivedData/ModuleCache.noindex -swift-version 5 -enforce-exclusivity\=checked -Onone -D COCOAPODS -serialize-debugging-options -const-gather-protocols-file /Users/carl.stanley/Library/Developer/Xcode/DerivedData/Runner-dtxbldypbunqjrdrwadgjstoojan/Build/Intermediates.noindex/Runner.build/Debug-iphonesimulator/Runner.build/Objects-normal/arm64/Runner_const_extract_protocols.json -enable-experimental-feature DebugDescriptionMacro -enable-experimental-feature OpaqueTypeErasure -enable-bare-slash-regex -empty-abi-descriptor -validate-clang-modules-once -clang-build-session-file /Users/carl.stanley/Library/Developer/Xcode/DerivedData/ModuleCache.noindex/Session.modulevalidation -Xcc -working-directory -Xcc /Users/carl.stanley/sites/UKCPA/ukcpa_flutter/ios -resource-dir /Applications/Xcode.app/Contents/Developer/Toolchains/XcodeDefault.xctoolchain/usr/lib/swift -enable-anonymous-context-mangled-names -file-compilation-dir /Users/carl.stanley/sites/UKCPA/ukcpa_flutter/ios -Xcc -D_LIBCPP_HARDENING_MODE\=_LIBCPP_HARDENING_MODE_DEBUG -Xcc -ivfsstatcache -Xcc /Users/carl.stanley/Library/Developer/Xcode/DerivedData/SDKStatCaches.noindex/iphonesimulator18.0-22A3362-db63dc9361471f152f572502bdbfe70a.sdkstatcache -Xcc -I/Users/carl.stanley/Library/Developer/Xcode/DerivedData/Runner-dtxbldypbunqjrdrwadgjstoojan/Build/Intermediates.noindex/Runner.build/Debug-iphonesimulator/Runner.build/swift-overrides.hmap -Xcc -iquote -Xcc /Users/carl.stanley/Library/Developer/Xcode/DerivedData/Runner-dtxbldypbunqjrdrwadgjstoojan/Build/Intermediates.noindex/Runner.build/Debug-iphonesimulator/Runner.build/Runner-generated-files.hmap -Xcc -I/Users/carl.stanley/Library/Developer/Xcode/DerivedData/Runner-dtxbldypbunqjrdrwadgjstoojan/Build/Intermediates.noindex/Runner.build/Debug-iphonesimulator/Runner.build/Runner-own-target-headers.hmap -Xcc -I/Users/carl.stanley/Library/Developer/Xcode/DerivedData/Runner-dtxbldypbunqjrdrwadgjstoojan/Build/Intermediates.noindex/Runner.build/Debug-iphonesimulator/Runner.build/Runner-all-non-framework-target-headers.hmap -Xcc -ivfsoverlay -Xcc /Users/carl.stanley/Library/Developer/Xcode/DerivedData/Runner-dtxbldypbunqjrdrwadgjstoojan/Build/Intermediates.noindex/Runner.build/Debug-iphonesimulator/Runner-18c1723432283e0cc55f10a6dcfd9e02-VFS-iphonesimulator/all-product-headers.yaml -Xcc -iquote -Xcc /Users/carl.stanley/Library/Developer/Xcode/DerivedData/Runner-dtxbldypbunqjrdrwadgjstoojan/Build/Intermediates.noindex/Runner.build/Debug-iphonesimulator/Runner.build/Runner-project-headers.hmap -Xcc -I/Users/carl.stanley/sites/UKCPA/ukcpa_flutter/build/ios/Debug-iphonesimulator/include -Xcc -I/Users/carl.stanley/sites/UKCPA/ukcpa_flutter/build/ios/Debug-iphonesimulator/ReachabilitySwift/Reachability.framework/Headers -Xcc -I/Users/carl.stanley/sites/UKCPA/ukcpa_flutter/build/ios/Debug-iphonesimulator/TOCropViewController/TOCropViewController.framework/Headers -Xcc -I/Users/carl.stanley/sites/UKCPA/ukcpa_flutter/build/ios/Debug-iphonesimulator/connectivity_plus/connectivity_plus.framework/Headers -Xcc -I/Users/carl.stanley/sites/UKCPA/ukcpa_flutter/build/ios/Debug-iphonesimulator/device_info_plus/device_info_plus.framework/Headers -Xcc -I/Users/carl.stanley/sites/UKCPA/ukcpa_flutter/build/ios/Debug-iphonesimulator/flutter_secure_storage/flutter_secure_storage.framework/Headers -Xcc -I/Users/carl.stanley/sites/UKCPA/ukcpa_flutter/build/ios/Debug-iphonesimulator/image_cropper/image_cropper.framework/Headers -Xcc -I/Users/carl.stanley/sites/UKCPA/ukcpa_flutter/build/ios/Debug-iphonesimulator/image_picker_ios/image_picker_ios.framework/Headers -Xcc -I/Users/carl.stanley/sites/UKCPA/ukcpa_flutter/build/ios/Debug-iphonesimulator/integration_test/integration_test.framework/Headers -Xcc -I/Users/carl.stanley/sites/UKCPA/ukcpa_flutter/build/ios/Debug-iphonesimulator/local_auth_darwin/local_auth_darwin.framework/Headers -Xcc -I/Users/carl.stanley/sites/UKCPA/ukcpa_flutter/build/ios/Debug-iphonesimulator/package_info_plus/package_info_plus.framework/Headers -Xcc -I/Users/carl.stanley/sites/UKCPA/ukcpa_flutter/build/ios/Debug-iphonesimulator/path_provider_foundation/path_provider_foundation.framework/Headers -Xcc -I/Users/carl.stanley/sites/UKCPA/ukcpa_flutter/build/ios/Debug-iphonesimulator/permission_handler_apple/permission_handler_apple.framework/Headers -Xcc -I/Users/carl.stanley/sites/UKCPA/ukcpa_flutter/build/ios/Debug-iphonesimulator/share_plus/share_plus.framework/Headers -Xcc -I/Users/carl.stanley/sites/UKCPA/ukcpa_flutter/build/ios/Debug-iphonesimulator/shared_preferences_foundation/shared_preferences_foundation.framework/Headers -Xcc -I/Users/carl.stanley/sites/UKCPA/ukcpa_flutter/build/ios/Debug-iphonesimulator/sqflite_darwin/sqflite_darwin.framework/Headers -Xcc -I/Users/carl.stanley/sites/UKCPA/ukcpa_flutter/build/ios/Debug-iphonesimulator/url_launcher_ios/url_launcher_ios.framework/Headers -Xcc -I/Users/carl.stanley/sites/UKCPA/ukcpa_flutter/build/ios/Debug-iphonesimulator/video_player_avfoundation/video_player_avfoundation.framework/Headers -Xcc -I/Users/carl.stanley/sites/UKCPA/ukcpa_flutter/build/ios/Debug-iphonesimulator/wakelock_plus/wakelock_plus.framework/Headers -Xcc -I/Users/carl.stanley/Library/Developer/Xcode/DerivedData/Runner-dtxbldypbunqjrdrwadgjstoojan/Build/Intermediates.noindex/Runner.build/Debug-iphonesimulator/Runner.build/DerivedSources-normal/arm64 -Xcc -I/Users/carl.stanley/Library/Developer/Xcode/DerivedData/Runner-dtxbldypbunqjrdrwadgjstoojan/Build/Intermediates.noindex/Runner.build/Debug-iphonesimulator/Runner.build/DerivedSources/arm64 -Xcc -I/Users/carl.stanley/Library/Developer/Xcode/DerivedData/Runner-dtxbldypbunqjrdrwadgjstoojan/Build/Intermediates.noindex/Runner.build/Debug-iphonesimulator/Runner.build/DerivedSources -Xcc -DDEBUG\=1 -Xcc -DCOCOAPODS\=1 -import-objc-header /Users/carl.stanley/sites/UKCPA/ukcpa_flutter/ios/Runner/Runner-Bridging-Header.h -pch-output-dir /Users/carl.stanley/Library/Developer/Xcode/DerivedData/Runner-dtxbldypbunqjrdrwadgjstoojan/Build/Intermediates.noindex/PrecompiledHeaders -pch-disable-validation -module-name Runner -frontend-parseable-output -disable-clang-spi -target-sdk-version 18.0 -target-sdk-name iphonesimulator18.0 -external-plugin-path /Applications/Xcode.app/Contents/Developer/Platforms/iPhoneOS.platform/Developer/usr/lib/swift/host/plugins\#/Applications/Xcode.app/Contents/Developer/Platforms/iPhoneOS.platform/Developer/usr/bin/swift-plugin-server -external-plugin-path /Applications/Xcode.app/Contents/Developer/Platforms/iPhoneOS.platform/Developer/usr/local/lib/swift/host/plugins\#/Applications/Xcode.app/Contents/Developer/Platforms/iPhoneOS.platform/Developer/usr/bin/swift-plugin-server -plugin-path /Applications/Xcode.app/Contents/Developer/Toolchains/XcodeDefault.xctoolchain/usr/lib/swift/host/plugins -plugin-path /Applications/Xcode.app/Contents/Developer/Toolchains/XcodeDefault.xctoolchain/usr/local/lib/swift/host/plugins -o /Users/carl.stanley/Library/Developer/Xcode/DerivedData/Runner-dtxbldypbunqjrdrwadgjstoojan/Build/Intermediates.noindex/Runner.build/Debug-iphonesimulator/Runner.build/Objects-normal/arm64/AppDelegate.o -index-unit-output-path /Runner.build/Debug-iphonesimulator/Runner.build/Objects-normal/arm64/AppDelegate.o

            SwiftCompile normal arm64 /Users/carl.stanley/sites/UKCPA/ukcpa_flutter/ios/Runner/AppDelegate.swift (in target 'Runner' from project 'Runner')
                cd /Users/carl.stanley/sites/UKCPA/ukcpa_flutter/ios
                /Applications/Xcode.app/Contents/Developer/Toolchains/XcodeDefault.xctoolchain/usr/bin/swift-frontend -c -primary-file /Users/carl.stanley/sites/UKCPA/ukcpa_flutter/ios/Runner/AppDelegate.swift /Users/carl.stanley/Library/Developer/Xcode/DerivedData/Runner-dtxbldypbunqjrdrwadgjstoojan/Build/Intermediates.noindex/Runner.build/Debug-iphonesimulator/Runner.build/DerivedSources/GeneratedAssetSymbols.swift -emit-dependencies-path /Users/carl.stanley/Library/Developer/Xcode/DerivedData/Runner-dtxbldypbunqjrdrwadgjstoojan/Build/Intermediates.noindex/Runner.build/Debug-iphonesimulator/Runner.build/Objects-normal/arm64/AppDelegate.d -emit-const-values-path /Users/carl.stanley/Library/Developer/Xcode/DerivedData/Runner-dtxbldypbunqjrdrwadgjstoojan/Build/Intermediates.noindex/Runner.build/Debug-iphonesimulator/Runner.build/Objects-normal/arm64/AppDelegate.swiftconstvalues -emit-reference-dependencies-path /Users/carl.stanley/Library/Developer/Xcode/DerivedData/Runner-dtxbldypbunqjrdrwadgjstoojan/Build/Intermediates.noindex/Runner.build/Debug-iphonesimulator/Runner.build/Objects-normal/arm64/AppDelegate.swiftdeps -serialize-diagnostics-path /Users/carl.stanley/Library/Developer/Xcode/DerivedData/Runner-dtxbldypbunqjrdrwadgjstoojan/Build/Intermediates.noindex/Runner.build/Debug-iphonesimulator/Runner.build/Objects-normal/arm64/AppDelegate.dia -target arm64-apple-ios12.0-simulator -Xllvm -aarch64-use-tbi -enable-objc-interop -sdk /Applications/Xcode.app/Contents/Developer/Platforms/iPhoneSimulator.platform/Developer/SDKs/iPhoneSimulator18.0.sdk -I /Users/carl.stanley/sites/UKCPA/ukcpa_flutter/build/ios/Debug-iphonesimulator -F /Users/carl.stanley/sites/UKCPA/ukcpa_flutter/build/ios/Debug-iphonesimulator -F /Users/carl.stanley/sites/UKCPA/ukcpa_flutter/build/ios/Debug-iphonesimulator/ReachabilitySwift -F /Users/carl.stanley/sites/UKCPA/ukcpa_flutter/build/ios/Debug-iphonesimulator/TOCropViewController -F /Users/carl.stanley/sites/UKCPA/ukcpa_flutter/build/ios/Debug-iphonesimulator/connectivity_plus -F /Users/carl.stanley/sites/UKCPA/ukcpa_flutter/build/ios/Debug-iphonesimulator/device_info_plus -F /Users/carl.stanley/sites/UKCPA/ukcpa_flutter/build/ios/Debug-iphonesimulator/flutter_secure_storage -F /Users/carl.stanley/sites/UKCPA/ukcpa_flutter/build/ios/Debug-iphonesimulator/image_cropper -F /Users/carl.stanley/sites/UKCPA/ukcpa_flutter/build/ios/Debug-iphonesimulator/image_picker_ios -F /Users/carl.stanley/sites/UKCPA/ukcpa_flutter/build/ios/Debug-iphonesimulator/integration_test -F /Users/carl.stanley/sites/UKCPA/ukcpa_flutter/build/ios/Debug-iphonesimulator/local_auth_darwin -F /Users/carl.stanley/sites/UKCPA/ukcpa_flutter/build/ios/Debug-iphonesimulator/package_info_plus -F /Users/carl.stanley/sites/UKCPA/ukcpa_flutter/build/ios/Debug-iphonesimulator/path_provider_foundation -F /Users/carl.stanley/sites/UKCPA/ukcpa_flutter/build/ios/Debug-iphonesimulator/permission_handler_apple -F /Users/carl.stanley/sites/UKCPA/ukcpa_flutter/build/ios/Debug-iphonesimulator/share_plus -F /Users/carl.stanley/sites/UKCPA/ukcpa_flutter/build/ios/Debug-iphonesimulator/shared_preferences_foundation -F /Users/carl.stanley/sites/UKCPA/ukcpa_flutter/build/ios/Debug-iphonesimulator/sqflite_darwin -F /Users/carl.stanley/sites/UKCPA/ukcpa_flutter/build/ios/Debug-iphonesimulator/url_launcher_ios -F /Users/carl.stanley/sites/UKCPA/ukcpa_flutter/build/ios/Debug-iphonesimulator/video_player_avfoundation -F /Users/carl.stanley/sites/UKCPA/ukcpa_flutter/build/ios/Debug-iphonesimulator/wakelock_plus -no-color-diagnostics -enable-testing -g -debug-info-format\=dwarf -dwarf-version\=4 -module-cache-path /Users/carl.stanley/Library/Developer/Xcode/DerivedData/ModuleCache.noindex -swift-version 5 -enforce-exclusivity\=checked -Onone -D COCOAPODS -serialize-debugging-options -const-gather-protocols-file /Users/carl.stanley/Library/Developer/Xcode/DerivedData/Runner-dtxbldypbunqjrdrwadgjstoojan/Build/Intermediates.noindex/Runner.build/Debug-iphonesimulator/Runner.build/Objects-normal/arm64/Runner_const_extract_protocols.json -enable-experimental-feature DebugDescriptionMacro -enable-experimental-feature OpaqueTypeErasure -enable-bare-slash-regex -empty-abi-descriptor -validate-clang-modules-once -clang-build-session-file /Users/carl.stanley/Library/Developer/Xcode/DerivedData/ModuleCache.noindex/Session.modulevalidation -Xcc -working-directory -Xcc /Users/carl.stanley/sites/UKCPA/ukcpa_flutter/ios -resource-dir /Applications/Xcode.app/Contents/Developer/Toolchains/XcodeDefault.xctoolchain/usr/lib/swift -enable-anonymous-context-mangled-names -file-compilation-dir /Users/carl.stanley/sites/UKCPA/ukcpa_flutter/ios -Xcc -D_LIBCPP_HARDENING_MODE\=_LIBCPP_HARDENING_MODE_DEBUG -Xcc -ivfsstatcache -Xcc /Users/carl.stanley/Library/Developer/Xcode/DerivedData/SDKStatCaches.noindex/iphonesimulator18.0-22A3362-db63dc9361471f152f572502bdbfe70a.sdkstatcache -Xcc -I/Users/carl.stanley/Library/Developer/Xcode/DerivedData/Runner-dtxbldypbunqjrdrwadgjstoojan/Build/Intermediates.noindex/Runner.build/Debug-iphonesimulator/Runner.build/swift-overrides.hmap -Xcc -iquote -Xcc /Users/carl.stanley/Library/Developer/Xcode/DerivedData/Runner-dtxbldypbunqjrdrwadgjstoojan/Build/Intermediates.noindex/Runner.build/Debug-iphonesimulator/Runner.build/Runner-generated-files.hmap -Xcc -I/Users/carl.stanley/Library/Developer/Xcode/DerivedData/Runner-dtxbldypbunqjrdrwadgjstoojan/Build/Intermediates.noindex/Runner.build/Debug-iphonesimulator/Runner.build/Runner-own-target-headers.hmap -Xcc -I/Users/carl.stanley/Library/Developer/Xcode/DerivedData/Runner-dtxbldypbunqjrdrwadgjstoojan/Build/Intermediates.noindex/Runner.build/Debug-iphonesimulator/Runner.build/Runner-all-non-framework-target-headers.hmap -Xcc -ivfsoverlay -Xcc /Users/carl.stanley/Library/Developer/Xcode/DerivedData/Runner-dtxbldypbunqjrdrwadgjstoojan/Build/Intermediates.noindex/Runner.build/Debug-iphonesimulator/Runner-18c1723432283e0cc55f10a6dcfd9e02-VFS-iphonesimulator/all-product-headers.yaml -Xcc -iquote -Xcc /Users/carl.stanley/Library/Developer/Xcode/DerivedData/Runner-dtxbldypbunqjrdrwadgjstoojan/Build/Intermediates.noindex/Runner.build/Debug-iphonesimulator/Runner.build/Runner-project-headers.hmap -Xcc -I/Users/carl.stanley/sites/UKCPA/ukcpa_flutter/build/ios/Debug-iphonesimulator/include -Xcc -I/Users/carl.stanley/sites/UKCPA/ukcpa_flutter/build/ios/Debug-iphonesimulator/ReachabilitySwift/Reachability.framework/Headers -Xcc -I/Users/carl.stanley/sites/UKCPA/ukcpa_flutter/build/ios/Debug-iphonesimulator/TOCropViewController/TOCropViewController.framework/Headers -Xcc -I/Users/carl.stanley/sites/UKCPA/ukcpa_flutter/build/ios/Debug-iphonesimulator/connectivity_plus/connectivity_plus.framework/Headers -Xcc -I/Users/carl.stanley/sites/UKCPA/ukcpa_flutter/build/ios/Debug-iphonesimulator/device_info_plus/device_info_plus.framework/Headers -Xcc -I/Users/carl.stanley/sites/UKCPA/ukcpa_flutter/build/ios/Debug-iphonesimulator/flutter_secure_storage/flutter_secure_storage.framework/Headers -Xcc -I/Users/carl.stanley/sites/UKCPA/ukcpa_flutter/build/ios/Debug-iphonesimulator/image_cropper/image_cropper.framework/Headers -Xcc -I/Users/carl.stanley/sites/UKCPA/ukcpa_flutter/build/ios/Debug-iphonesimulator/image_picker_ios/image_picker_ios.framework/Headers -Xcc -I/Users/carl.stanley/sites/UKCPA/ukcpa_flutter/build/ios/Debug-iphonesimulator/integration_test/integration_test.framework/Headers -Xcc -I/Users/carl.stanley/sites/UKCPA/ukcpa_flutter/build/ios/Debug-iphonesimulator/local_auth_darwin/local_auth_darwin.framework/Headers -Xcc -I/Users/carl.stanley/sites/UKCPA/ukcpa_flutter/build/ios/Debug-iphonesimulator/package_info_plus/package_info_plus.framework/Headers -Xcc -I/Users/carl.stanley/sites/UKCPA/ukcpa_flutter/build/ios/Debug-iphonesimulator/path_provider_foundation/path_provider_foundation.framework/Headers -Xcc -I/Users/carl.stanley/sites/UKCPA/ukcpa_flutter/build/ios/Debug-iphonesimulator/permission_handler_apple/permission_handler_apple.framework/Headers -Xcc -I/Users/carl.stanley/sites/UKCPA/ukcpa_flutter/build/ios/Debug-iphonesimulator/share_plus/share_plus.framework/Headers -Xcc -I/Users/carl.stanley/sites/UKCPA/ukcpa_flutter/build/ios/Debug-iphonesimulator/shared_preferences_foundation/shared_preferences_foundation.framework/Headers -Xcc -I/Users/carl.stanley/sites/UKCPA/ukcpa_flutter/build/ios/Debug-iphonesimulator/sqflite_darwin/sqflite_darwin.framework/Headers -Xcc -I/Users/carl.stanley/sites/UKCPA/ukcpa_flutter/build/ios/Debug-iphonesimulator/url_launcher_ios/url_launcher_ios.framework/Headers -Xcc -I/Users/carl.stanley/sites/UKCPA/ukcpa_flutter/build/ios/Debug-iphonesimulator/video_player_avfoundation/video_player_avfoundation.framework/Headers -Xcc -I/Users/carl.stanley/sites/UKCPA/ukcpa_flutter/build/ios/Debug-iphonesimulator/wakelock_plus/wakelock_plus.framework/Headers -Xcc -I/Users/carl.stanley/Library/Developer/Xcode/DerivedData/Runner-dtxbldypbunqjrdrwadgjstoojan/Build/Intermediates.noindex/Runner.build/Debug-iphonesimulator/Runner.build/DerivedSources-normal/arm64 -Xcc -I/Users/carl.stanley/Library/Developer/Xcode/DerivedData/Runner-dtxbldypbunqjrdrwadgjstoojan/Build/Intermediates.noindex/Runner.build/Debug-iphonesimulator/Runner.build/DerivedSources/arm64 -Xcc -I/Users/carl.stanley/Library/Developer/Xcode/DerivedData/Runner-dtxbldypbunqjrdrwadgjstoojan/Build/Intermediates.noindex/Runner.build/Debug-iphonesimulator/Runner.build/DerivedSources -Xcc -DDEBUG\=1 -Xcc -DCOCOAPODS\=1 -import-objc-header /Users/carl.stanley/sites/UKCPA/ukcpa_flutter/ios/Runner/Runner-Bridging-Header.h -pch-output-dir /Users/carl.stanley/Library/Developer/Xcode/DerivedData/Runner-dtxbldypbunqjrdrwadgjstoojan/Build/Intermediates.noindex/PrecompiledHeaders -pch-disable-validation -module-name Runner -frontend-parseable-output -disable-clang-spi -target-sdk-version 18.0 -target-sdk-name iphonesimulator18.0 -external-plugin-path /Applications/Xcode.app/Contents/Developer/Platforms/iPhoneOS.platform/Developer/usr/lib/swift/host/plugins\#/Applications/Xcode.app/Contents/Developer/Platforms/iPhoneOS.platform/Developer/usr/bin/swift-plugin-server -external-plugin-path /Applications/Xcode.app/Contents/Developer/Platforms/iPhoneOS.platform/Developer/usr/local/lib/swift/host/plugins\#/Applications/Xcode.app/Contents/Developer/Platforms/iPhoneOS.platform/Developer/usr/bin/swift-plugin-server -plugin-path /Applications/Xcode.app/Contents/Developer/Toolchains/XcodeDefault.xctoolchain/usr/lib/swift/host/plugins -plugin-path /Applications/Xcode.app/Contents/Developer/Toolchains/XcodeDefault.xctoolchain/usr/local/lib/swift/host/plugins -o /Users/carl.stanley/Library/Developer/Xcode/DerivedData/Runner-dtxbldypbunqjrdrwadgjstoojan/Build/Intermediates.noindex/Runner.build/Debug-iphonesimulator/Runner.build/Objects-normal/arm64/AppDelegate.o -index-unit-output-path /Runner.build/Debug-iphonesimulator/Runner.build/Objects-normal/arm64/AppDelegate.o

            SwiftCompile normal arm64 Compiling\ GeneratedAssetSymbols.swift /Users/carl.stanley/Library/Developer/Xcode/DerivedData/Runner-dtxbldypbunqjrdrwadgjstoojan/Build/Intermediates.noindex/Runner.build/Debug-iphonesimulator/Runner.build/DerivedSources/GeneratedAssetSymbols.swift (in target 'Runner' from project 'Runner')
                cd /Users/carl.stanley/sites/UKCPA/ukcpa_flutter/ios
                builtin-swiftTaskExecution -- /Applications/Xcode.app/Contents/Developer/Toolchains/XcodeDefault.xctoolchain/usr/bin/swift-frontend -frontend -c /Users/carl.stanley/sites/UKCPA/ukcpa_flutter/ios/Runner/AppDelegate.swift -primary-file /Users/carl.stanley/Library/Developer/Xcode/DerivedData/Runner-dtxbldypbunqjrdrwadgjstoojan/Build/Intermediates.noindex/Runner.build/Debug-iphonesimulator/Runner.build/DerivedSources/GeneratedAssetSymbols.swift -emit-dependencies-path /Users/carl.stanley/Library/Developer/Xcode/DerivedData/Runner-dtxbldypbunqjrdrwadgjstoojan/Build/Intermediates.noindex/Runner.build/Debug-iphonesimulator/Runner.build/Objects-normal/arm64/GeneratedAssetSymbols.d -emit-const-values-path /Users/carl.stanley/Library/Developer/Xcode/DerivedData/Runner-dtxbldypbunqjrdrwadgjstoojan/Build/Intermediates.noindex/Runner.build/Debug-iphonesimulator/Runner.build/Objects-normal/arm64/GeneratedAssetSymbols.swiftconstvalues -emit-reference-dependencies-path /Users/carl.stanley/Library/Developer/Xcode/DerivedData/Runner-dtxbldypbunqjrdrwadgjstoojan/Build/Intermediates.noindex/Runner.build/Debug-iphonesimulator/Runner.build/Objects-normal/arm64/GeneratedAssetSymbols.swiftdeps -serialize-diagnostics-path /Users/carl.stanley/Library/Developer/Xcode/DerivedData/Runner-dtxbldypbunqjrdrwadgjstoojan/Build/Intermediates.noindex/Runner.build/Debug-iphonesimulator/Runner.build/Objects-normal/arm64/GeneratedAssetSymbols.dia -target arm64-apple-ios12.0-simulator -Xllvm -aarch64-use-tbi -enable-objc-interop -sdk /Applications/Xcode.app/Contents/Developer/Platforms/iPhoneSimulator.platform/Developer/SDKs/iPhoneSimulator18.0.sdk -I /Users/carl.stanley/sites/UKCPA/ukcpa_flutter/build/ios/Debug-iphonesimulator -F /Users/carl.stanley/sites/UKCPA/ukcpa_flutter/build/ios/Debug-iphonesimulator -F /Users/carl.stanley/sites/UKCPA/ukcpa_flutter/build/ios/Debug-iphonesimulator/ReachabilitySwift -F /Users/carl.stanley/sites/UKCPA/ukcpa_flutter/build/ios/Debug-iphonesimulator/TOCropViewController -F /Users/carl.stanley/sites/UKCPA/ukcpa_flutter/build/ios/Debug-iphonesimulator/connectivity_plus -F /Users/carl.stanley/sites/UKCPA/ukcpa_flutter/build/ios/Debug-iphonesimulator/device_info_plus -F /Users/carl.stanley/sites/UKCPA/ukcpa_flutter/build/ios/Debug-iphonesimulator/flutter_secure_storage -F /Users/carl.stanley/sites/UKCPA/ukcpa_flutter/build/ios/Debug-iphonesimulator/image_cropper -F /Users/carl.stanley/sites/UKCPA/ukcpa_flutter/build/ios/Debug-iphonesimulator/image_picker_ios -F /Users/carl.stanley/sites/UKCPA/ukcpa_flutter/build/ios/Debug-iphonesimulator/integration_test -F /Users/carl.stanley/sites/UKCPA/ukcpa_flutter/build/ios/Debug-iphonesimulator/local_auth_darwin -F /Users/carl.stanley/sites/UKCPA/ukcpa_flutter/build/ios/Debug-iphonesimulator/package_info_plus -F /Users/carl.stanley/sites/UKCPA/ukcpa_flutter/build/ios/Debug-iphonesimulator/path_provider_foundation -F /Users/carl.stanley/sites/UKCPA/ukcpa_flutter/build/ios/Debug-iphonesimulator/permission_handler_apple -F /Users/carl.stanley/sites/UKCPA/ukcpa_flutter/build/ios/Debug-iphonesimulator/share_plus -F /Users/carl.stanley/sites/UKCPA/ukcpa_flutter/build/ios/Debug-iphonesimulator/shared_preferences_foundation -F /Users/carl.stanley/sites/UKCPA/ukcpa_flutter/build/ios/Debug-iphonesimulator/sqflite_darwin -F /Users/carl.stanley/sites/UKCPA/ukcpa_flutter/build/ios/Debug-iphonesimulator/url_launcher_ios -F /Users/carl.stanley/sites/UKCPA/ukcpa_flutter/build/ios/Debug-iphonesimulator/video_player_avfoundation -F /Users/carl.stanley/sites/UKCPA/ukcpa_flutter/build/ios/Debug-iphonesimulator/wakelock_plus -no-color-diagnostics -enable-testing -g -debug-info-format\=dwarf -dwarf-version\=4 -module-cache-path /Users/carl.stanley/Library/Developer/Xcode/DerivedData/ModuleCache.noindex -swift-version 5 -enforce-exclusivity\=checked -Onone -D COCOAPODS -serialize-debugging-options -const-gather-protocols-file /Users/carl.stanley/Library/Developer/Xcode/DerivedData/Runner-dtxbldypbunqjrdrwadgjstoojan/Build/Intermediates.noindex/Runner.build/Debug-iphonesimulator/Runner.build/Objects-normal/arm64/Runner_const_extract_protocols.json -enable-experimental-feature DebugDescriptionMacro -enable-experimental-feature OpaqueTypeErasure -enable-bare-slash-regex -empty-abi-descriptor -validate-clang-modules-once -clang-build-session-file /Users/carl.stanley/Library/Developer/Xcode/DerivedData/ModuleCache.noindex/Session.modulevalidation -Xcc -working-directory -Xcc /Users/carl.stanley/sites/UKCPA/ukcpa_flutter/ios -resource-dir /Applications/Xcode.app/Contents/Developer/Toolchains/XcodeDefault.xctoolchain/usr/lib/swift -enable-anonymous-context-mangled-names -file-compilation-dir /Users/carl.stanley/sites/UKCPA/ukcpa_flutter/ios -Xcc -D_LIBCPP_HARDENING_MODE\=_LIBCPP_HARDENING_MODE_DEBUG -Xcc -ivfsstatcache -Xcc /Users/carl.stanley/Library/Developer/Xcode/DerivedData/SDKStatCaches.noindex/iphonesimulator18.0-22A3362-db63dc9361471f152f572502bdbfe70a.sdkstatcache -Xcc -I/Users/carl.stanley/Library/Developer/Xcode/DerivedData/Runner-dtxbldypbunqjrdrwadgjstoojan/Build/Intermediates.noindex/Runner.build/Debug-iphonesimulator/Runner.build/swift-overrides.hmap -Xcc -iquote -Xcc /Users/carl.stanley/Library/Developer/Xcode/DerivedData/Runner-dtxbldypbunqjrdrwadgjstoojan/Build/Intermediates.noindex/Runner.build/Debug-iphonesimulator/Runner.build/Runner-generated-files.hmap -Xcc -I/Users/carl.stanley/Library/Developer/Xcode/DerivedData/Runner-dtxbldypbunqjrdrwadgjstoojan/Build/Intermediates.noindex/Runner.build/Debug-iphonesimulator/Runner.build/Runner-own-target-headers.hmap -Xcc -I/Users/carl.stanley/Library/Developer/Xcode/DerivedData/Runner-dtxbldypbunqjrdrwadgjstoojan/Build/Intermediates.noindex/Runner.build/Debug-iphonesimulator/Runner.build/Runner-all-non-framework-target-headers.hmap -Xcc -ivfsoverlay -Xcc /Users/carl.stanley/Library/Developer/Xcode/DerivedData/Runner-dtxbldypbunqjrdrwadgjstoojan/Build/Intermediates.noindex/Runner.build/Debug-iphonesimulator/Runner-18c1723432283e0cc55f10a6dcfd9e02-VFS-iphonesimulator/all-product-headers.yaml -Xcc -iquote -Xcc /Users/carl.stanley/Library/Developer/Xcode/DerivedData/Runner-dtxbldypbunqjrdrwadgjstoojan/Build/Intermediates.noindex/Runner.build/Debug-iphonesimulator/Runner.build/Runner-project-headers.hmap -Xcc -I/Users/carl.stanley/sites/UKCPA/ukcpa_flutter/build/ios/Debug-iphonesimulator/include -Xcc -I/Users/carl.stanley/sites/UKCPA/ukcpa_flutter/build/ios/Debug-iphonesimulator/ReachabilitySwift/Reachability.framework/Headers -Xcc -I/Users/carl.stanley/sites/UKCPA/ukcpa_flutter/build/ios/Debug-iphonesimulator/TOCropViewController/TOCropViewController.framework/Headers -Xcc -I/Users/carl.stanley/sites/UKCPA/ukcpa_flutter/build/ios/Debug-iphonesimulator/connectivity_plus/connectivity_plus.framework/Headers -Xcc -I/Users/carl.stanley/sites/UKCPA/ukcpa_flutter/build/ios/Debug-iphonesimulator/device_info_plus/device_info_plus.framework/Headers -Xcc -I/Users/carl.stanley/sites/UKCPA/ukcpa_flutter/build/ios/Debug-iphonesimulator/flutter_secure_storage/flutter_secure_storage.framework/Headers -Xcc -I/Users/carl.stanley/sites/UKCPA/ukcpa_flutter/build/ios/Debug-iphonesimulator/image_cropper/image_cropper.framework/Headers -Xcc -I/Users/carl.stanley/sites/UKCPA/ukcpa_flutter/build/ios/Debug-iphonesimulator/image_picker_ios/image_picker_ios.framework/Headers -Xcc -I/Users/carl.stanley/sites/UKCPA/ukcpa_flutter/build/ios/Debug-iphonesimulator/integration_test/integration_test.framework/Headers -Xcc -I/Users/carl.stanley/sites/UKCPA/ukcpa_flutter/build/ios/Debug-iphonesimulator/local_auth_darwin/local_auth_darwin.framework/Headers -Xcc -I/Users/carl.stanley/sites/UKCPA/ukcpa_flutter/build/ios/Debug-iphonesimulator/package_info_plus/package_info_plus.framework/Headers -Xcc -I/Users/carl.stanley/sites/UKCPA/ukcpa_flutter/build/ios/Debug-iphonesimulator/path_provider_foundation/path_provider_foundation.framework/Headers -Xcc -I/Users/carl.stanley/sites/UKCPA/ukcpa_flutter/build/ios/Debug-iphonesimulator/permission_handler_apple/permission_handler_apple.framework/Headers -Xcc -I/Users/carl.stanley/sites/UKCPA/ukcpa_flutter/build/ios/Debug-iphonesimulator/share_plus/share_plus.framework/Headers -Xcc -I/Users/carl.stanley/sites/UKCPA/ukcpa_flutter/build/ios/Debug-iphonesimulator/shared_preferences_foundation/shared_preferences_foundation.framework/Headers -Xcc -I/Users/carl.stanley/sites/UKCPA/ukcpa_flutter/build/ios/Debug-iphonesimulator/sqflite_darwin/sqflite_darwin.framework/Headers -Xcc -I/Users/carl.stanley/sites/UKCPA/ukcpa_flutter/build/ios/Debug-iphonesimulator/url_launcher_ios/url_launcher_ios.framework/Headers -Xcc -I/Users/carl.stanley/sites/UKCPA/ukcpa_flutter/build/ios/Debug-iphonesimulator/video_player_avfoundation/video_player_avfoundation.framework/Headers -Xcc -I/Users/carl.stanley/sites/UKCPA/ukcpa_flutter/build/ios/Debug-iphonesimulator/wakelock_plus/wakelock_plus.framework/Headers -Xcc -I/Users/carl.stanley/Library/Developer/Xcode/DerivedData/Runner-dtxbldypbunqjrdrwadgjstoojan/Build/Intermediates.noindex/Runner.build/Debug-iphonesimulator/Runner.build/DerivedSources-normal/arm64 -Xcc -I/Users/carl.stanley/Library/Developer/Xcode/DerivedData/Runner-dtxbldypbunqjrdrwadgjstoojan/Build/Intermediates.noindex/Runner.build/Debug-iphonesimulator/Runner.build/DerivedSources/arm64 -Xcc -I/Users/carl.stanley/Library/Developer/Xcode/DerivedData/Runner-dtxbldypbunqjrdrwadgjstoojan/Build/Intermediates.noindex/Runner.build/Debug-iphonesimulator/Runner.build/DerivedSources -Xcc -DDEBUG\=1 -Xcc -DCOCOAPODS\=1 -import-objc-header /Users/carl.stanley/sites/UKCPA/ukcpa_flutter/ios/Runner/Runner-Bridging-Header.h -pch-output-dir /Users/carl.stanley/Library/Developer/Xcode/DerivedData/Runner-dtxbldypbunqjrdrwadgjstoojan/Build/Intermediates.noindex/PrecompiledHeaders -pch-disable-validation -module-name Runner -frontend-parseable-output -disable-clang-spi -target-sdk-version 18.0 -target-sdk-name iphonesimulator18.0 -external-plugin-path /Applications/Xcode.app/Contents/Developer/Platforms/iPhoneOS.platform/Developer/usr/lib/swift/host/plugins\#/Applications/Xcode.app/Contents/Developer/Platforms/iPhoneOS.platform/Developer/usr/bin/swift-plugin-server -external-plugin-path /Applications/Xcode.app/Contents/Developer/Platforms/iPhoneOS.platform/Developer/usr/local/lib/swift/host/plugins\#/Applications/Xcode.app/Contents/Developer/Platforms/iPhoneOS.platform/Developer/usr/bin/swift-plugin-server -plugin-path /Applications/Xcode.app/Contents/Developer/Toolchains/XcodeDefault.xctoolchain/usr/lib/swift/host/plugins -plugin-path /Applications/Xcode.app/Contents/Developer/Toolchains/XcodeDefault.xctoolchain/usr/local/lib/swift/host/plugins -o /Users/carl.stanley/Library/Developer/Xcode/DerivedData/Runner-dtxbldypbunqjrdrwadgjstoojan/Build/Intermediates.noindex/Runner.build/Debug-iphonesimulator/Runner.build/Objects-normal/arm64/GeneratedAssetSymbols.o -index-unit-output-path /Runner.build/Debug-iphonesimulator/Runner.build/Objects-normal/arm64/GeneratedAssetSymbols.o

            SwiftCompile normal arm64 /Users/carl.stanley/Library/Developer/Xcode/DerivedData/Runner-dtxbldypbunqjrdrwadgjstoojan/Build/Intermediates.noindex/Runner.build/Debug-iphonesimulator/Runner.build/DerivedSources/GeneratedAssetSymbols.swift (in target 'Runner' from project 'Runner')
                cd /Users/carl.stanley/sites/UKCPA/ukcpa_flutter/ios
                /Applications/Xcode.app/Contents/Developer/Toolchains/XcodeDefault.xctoolchain/usr/bin/swift-frontend -c /Users/carl.stanley/sites/UKCPA/ukcpa_flutter/ios/Runner/AppDelegate.swift -primary-file /Users/carl.stanley/Library/Developer/Xcode/DerivedData/Runner-dtxbldypbunqjrdrwadgjstoojan/Build/Intermediates.noindex/Runner.build/Debug-iphonesimulator/Runner.build/DerivedSources/GeneratedAssetSymbols.swift -emit-dependencies-path /Users/carl.stanley/Library/Developer/Xcode/DerivedData/Runner-dtxbldypbunqjrdrwadgjstoojan/Build/Intermediates.noindex/Runner.build/Debug-iphonesimulator/Runner.build/Objects-normal/arm64/GeneratedAssetSymbols.d -emit-const-values-path /Users/carl.stanley/Library/Developer/Xcode/DerivedData/Runner-dtxbldypbunqjrdrwadgjstoojan/Build/Intermediates.noindex/Runner.build/Debug-iphonesimulator/Runner.build/Objects-normal/arm64/GeneratedAssetSymbols.swiftconstvalues -emit-reference-dependencies-path /Users/carl.stanley/Library/Developer/Xcode/DerivedData/Runner-dtxbldypbunqjrdrwadgjstoojan/Build/Intermediates.noindex/Runner.build/Debug-iphonesimulator/Runner.build/Objects-normal/arm64/GeneratedAssetSymbols.swiftdeps -serialize-diagnostics-path /Users/carl.stanley/Library/Developer/Xcode/DerivedData/Runner-dtxbldypbunqjrdrwadgjstoojan/Build/Intermediates.noindex/Runner.build/Debug-iphonesimulator/Runner.build/Objects-normal/arm64/GeneratedAssetSymbols.dia -target arm64-apple-ios12.0-simulator -Xllvm -aarch64-use-tbi -enable-objc-interop -sdk /Applications/Xcode.app/Contents/Developer/Platforms/iPhoneSimulator.platform/Developer/SDKs/iPhoneSimulator18.0.sdk -I /Users/carl.stanley/sites/UKCPA/ukcpa_flutter/build/ios/Debug-iphonesimulator -F /Users/carl.stanley/sites/UKCPA/ukcpa_flutter/build/ios/Debug-iphonesimulator -F /Users/carl.stanley/sites/UKCPA/ukcpa_flutter/build/ios/Debug-iphonesimulator/ReachabilitySwift -F /Users/carl.stanley/sites/UKCPA/ukcpa_flutter/build/ios/Debug-iphonesimulator/TOCropViewController -F /Users/carl.stanley/sites/UKCPA/ukcpa_flutter/build/ios/Debug-iphonesimulator/connectivity_plus -F /Users/carl.stanley/sites/UKCPA/ukcpa_flutter/build/ios/Debug-iphonesimulator/device_info_plus -F /Users/carl.stanley/sites/UKCPA/ukcpa_flutter/build/ios/Debug-iphonesimulator/flutter_secure_storage -F /Users/carl.stanley/sites/UKCPA/ukcpa_flutter/build/ios/Debug-iphonesimulator/image_cropper -F /Users/carl.stanley/sites/UKCPA/ukcpa_flutter/build/ios/Debug-iphonesimulator/image_picker_ios -F /Users/carl.stanley/sites/UKCPA/ukcpa_flutter/build/ios/Debug-iphonesimulator/integration_test -F /Users/carl.stanley/sites/UKCPA/ukcpa_flutter/build/ios/Debug-iphonesimulator/local_auth_darwin -F /Users/carl.stanley/sites/UKCPA/ukcpa_flutter/build/ios/Debug-iphonesimulator/package_info_plus -F /Users/carl.stanley/sites/UKCPA/ukcpa_flutter/build/ios/Debug-iphonesimulator/path_provider_foundation -F /Users/carl.stanley/sites/UKCPA/ukcpa_flutter/build/ios/Debug-iphonesimulator/permission_handler_apple -F /Users/carl.stanley/sites/UKCPA/ukcpa_flutter/build/ios/Debug-iphonesimulator/share_plus -F /Users/carl.stanley/sites/UKCPA/ukcpa_flutter/build/ios/Debug-iphonesimulator/shared_preferences_foundation -F /Users/carl.stanley/sites/UKCPA/ukcpa_flutter/build/ios/Debug-iphonesimulator/sqflite_darwin -F /Users/carl.stanley/sites/UKCPA/ukcpa_flutter/build/ios/Debug-iphonesimulator/url_launcher_ios -F /Users/carl.stanley/sites/UKCPA/ukcpa_flutter/build/ios/Debug-iphonesimulator/video_player_avfoundation -F /Users/carl.stanley/sites/UKCPA/ukcpa_flutter/build/ios/Debug-iphonesimulator/wakelock_plus -no-color-diagnostics -enable-testing -g -debug-info-format\=dwarf -dwarf-version\=4 -module-cache-path /Users/carl.stanley/Library/Developer/Xcode/DerivedData/ModuleCache.noindex -swift-version 5 -enforce-exclusivity\=checked -Onone -D COCOAPODS -serialize-debugging-options -const-gather-protocols-file /Users/carl.stanley/Library/Developer/Xcode/DerivedData/Runner-dtxbldypbunqjrdrwadgjstoojan/Build/Intermediates.noindex/Runner.build/Debug-iphonesimulator/Runner.build/Objects-normal/arm64/Runner_const_extract_protocols.json -enable-experimental-feature DebugDescriptionMacro -enable-experimental-feature OpaqueTypeErasure -enable-bare-slash-regex -empty-abi-descriptor -validate-clang-modules-once -clang-build-session-file /Users/carl.stanley/Library/Developer/Xcode/DerivedData/ModuleCache.noindex/Session.modulevalidation -Xcc -working-directory -Xcc /Users/carl.stanley/sites/UKCPA/ukcpa_flutter/ios -resource-dir /Applications/Xcode.app/Contents/Developer/Toolchains/XcodeDefault.xctoolchain/usr/lib/swift -enable-anonymous-context-mangled-names -file-compilation-dir /Users/carl.stanley/sites/UKCPA/ukcpa_flutter/ios -Xcc -D_LIBCPP_HARDENING_MODE\=_LIBCPP_HARDENING_MODE_DEBUG -Xcc -ivfsstatcache -Xcc /Users/carl.stanley/Library/Developer/Xcode/DerivedData/SDKStatCaches.noindex/iphonesimulator18.0-22A3362-db63dc9361471f152f572502bdbfe70a.sdkstatcache -Xcc -I/Users/carl.stanley/Library/Developer/Xcode/DerivedData/Runner-dtxbldypbunqjrdrwadgjstoojan/Build/Intermediates.noindex/Runner.build/Debug-iphonesimulator/Runner.build/swift-overrides.hmap -Xcc -iquote -Xcc /Users/carl.stanley/Library/Developer/Xcode/DerivedData/Runner-dtxbldypbunqjrdrwadgjstoojan/Build/Intermediates.noindex/Runner.build/Debug-iphonesimulator/Runner.build/Runner-generated-files.hmap -Xcc -I/Users/carl.stanley/Library/Developer/Xcode/DerivedData/Runner-dtxbldypbunqjrdrwadgjstoojan/Build/Intermediates.noindex/Runner.build/Debug-iphonesimulator/Runner.build/Runner-own-target-headers.hmap -Xcc -I/Users/carl.stanley/Library/Developer/Xcode/DerivedData/Runner-dtxbldypbunqjrdrwadgjstoojan/Build/Intermediates.noindex/Runner.build/Debug-iphonesimulator/Runner.build/Runner-all-non-framework-target-headers.hmap -Xcc -ivfsoverlay -Xcc /Users/carl.stanley/Library/Developer/Xcode/DerivedData/Runner-dtxbldypbunqjrdrwadgjstoojan/Build/Intermediates.noindex/Runner.build/Debug-iphonesimulator/Runner-18c1723432283e0cc55f10a6dcfd9e02-VFS-iphonesimulator/all-product-headers.yaml -Xcc -iquote -Xcc /Users/carl.stanley/Library/Developer/Xcode/DerivedData/Runner-dtxbldypbunqjrdrwadgjstoojan/Build/Intermediates.noindex/Runner.build/Debug-iphonesimulator/Runner.build/Runner-project-headers.hmap -Xcc -I/Users/carl.stanley/sites/UKCPA/ukcpa_flutter/build/ios/Debug-iphonesimulator/include -Xcc -I/Users/carl.stanley/sites/UKCPA/ukcpa_flutter/build/ios/Debug-iphonesimulator/ReachabilitySwift/Reachability.framework/Headers -Xcc -I/Users/carl.stanley/sites/UKCPA/ukcpa_flutter/build/ios/Debug-iphonesimulator/TOCropViewController/TOCropViewController.framework/Headers -Xcc -I/Users/carl.stanley/sites/UKCPA/ukcpa_flutter/build/ios/Debug-iphonesimulator/connectivity_plus/connectivity_plus.framework/Headers -Xcc -I/Users/carl.stanley/sites/UKCPA/ukcpa_flutter/build/ios/Debug-iphonesimulator/device_info_plus/device_info_plus.framework/Headers -Xcc -I/Users/carl.stanley/sites/UKCPA/ukcpa_flutter/build/ios/Debug-iphonesimulator/flutter_secure_storage/flutter_secure_storage.framework/Headers -Xcc -I/Users/carl.stanley/sites/UKCPA/ukcpa_flutter/build/ios/Debug-iphonesimulator/image_cropper/image_cropper.framework/Headers -Xcc -I/Users/carl.stanley/sites/UKCPA/ukcpa_flutter/build/ios/Debug-iphonesimulator/image_picker_ios/image_picker_ios.framework/Headers -Xcc -I/Users/carl.stanley/sites/UKCPA/ukcpa_flutter/build/ios/Debug-iphonesimulator/integration_test/integration_test.framework/Headers -Xcc -I/Users/carl.stanley/sites/UKCPA/ukcpa_flutter/build/ios/Debug-iphonesimulator/local_auth_darwin/local_auth_darwin.framework/Headers -Xcc -I/Users/carl.stanley/sites/UKCPA/ukcpa_flutter/build/ios/Debug-iphonesimulator/package_info_plus/package_info_plus.framework/Headers -Xcc -I/Users/carl.stanley/sites/UKCPA/ukcpa_flutter/build/ios/Debug-iphonesimulator/path_provider_foundation/path_provider_foundation.framework/Headers -Xcc -I/Users/carl.stanley/sites/UKCPA/ukcpa_flutter/build/ios/Debug-iphonesimulator/permission_handler_apple/permission_handler_apple.framework/Headers -Xcc -I/Users/carl.stanley/sites/UKCPA/ukcpa_flutter/build/ios/Debug-iphonesimulator/share_plus/share_plus.framework/Headers -Xcc -I/Users/carl.stanley/sites/UKCPA/ukcpa_flutter/build/ios/Debug-iphonesimulator/shared_preferences_foundation/shared_preferences_foundation.framework/Headers -Xcc -I/Users/carl.stanley/sites/UKCPA/ukcpa_flutter/build/ios/Debug-iphonesimulator/sqflite_darwin/sqflite_darwin.framework/Headers -Xcc -I/Users/carl.stanley/sites/UKCPA/ukcpa_flutter/build/ios/Debug-iphonesimulator/url_launcher_ios/url_launcher_ios.framework/Headers -Xcc -I/Users/carl.stanley/sites/UKCPA/ukcpa_flutter/build/ios/Debug-iphonesimulator/video_player_avfoundation/video_player_avfoundation.framework/Headers -Xcc -I/Users/carl.stanley/sites/UKCPA/ukcpa_flutter/build/ios/Debug-iphonesimulator/wakelock_plus/wakelock_plus.framework/Headers -Xcc -I/Users/carl.stanley/Library/Developer/Xcode/DerivedData/Runner-dtxbldypbunqjrdrwadgjstoojan/Build/Intermediates.noindex/Runner.build/Debug-iphonesimulator/Runner.build/DerivedSources-normal/arm64 -Xcc -I/Users/carl.stanley/Library/Developer/Xcode/DerivedData/Runner-dtxbldypbunqjrdrwadgjstoojan/Build/Intermediates.noindex/Runner.build/Debug-iphonesimulator/Runner.build/DerivedSources/arm64 -Xcc -I/Users/carl.stanley/Library/Developer/Xcode/DerivedData/Runner-dtxbldypbunqjrdrwadgjstoojan/Build/Intermediates.noindex/Runner.build/Debug-iphonesimulator/Runner.build/DerivedSources -Xcc -DDEBUG\=1 -Xcc -DCOCOAPODS\=1 -import-objc-header /Users/carl.stanley/sites/UKCPA/ukcpa_flutter/ios/Runner/Runner-Bridging-Header.h -pch-output-dir /Users/carl.stanley/Library/Developer/Xcode/DerivedData/Runner-dtxbldypbunqjrdrwadgjstoojan/Build/Intermediates.noindex/PrecompiledHeaders -pch-disable-validation -module-name Runner -frontend-parseable-output -disable-clang-spi -target-sdk-version 18.0 -target-sdk-name iphonesimulator18.0 -external-plugin-path /Applications/Xcode.app/Contents/Developer/Platforms/iPhoneOS.platform/Developer/usr/lib/swift/host/plugins\#/Applications/Xcode.app/Contents/Developer/Platforms/iPhoneOS.platform/Developer/usr/bin/swift-plugin-server -external-plugin-path /Applications/Xcode.app/Contents/Developer/Platforms/iPhoneOS.platform/Developer/usr/local/lib/swift/host/plugins\#/Applications/Xcode.app/Contents/Developer/Platforms/iPhoneOS.platform/Developer/usr/bin/swift-plugin-server -plugin-path /Applications/Xcode.app/Contents/Developer/Toolchains/XcodeDefault.xctoolchain/usr/lib/swift/host/plugins -plugin-path /Applications/Xcode.app/Contents/Developer/Toolchains/XcodeDefault.xctoolchain/usr/local/lib/swift/host/plugins -o /Users/carl.stanley/Library/Developer/Xcode/DerivedData/Runner-dtxbldypbunqjrdrwadgjstoojan/Build/Intermediates.noindex/Runner.build/Debug-iphonesimulator/Runner.build/Objects-normal/arm64/GeneratedAssetSymbols.o -index-unit-output-path /Runner.build/Debug-iphonesimulator/Runner.build/Objects-normal/arm64/GeneratedAssetSymbols.o

            SwiftDriverJobDiscovery normal arm64 Compiling AppDelegate.swift (in target 'Runner' from project 'Runner')

            SwiftDriverJobDiscovery normal arm64 Compiling GeneratedAssetSymbols.swift (in target 'Runner' from project 'Runner')

            SwiftDriver\ Compilation Runner normal arm64 com.apple.xcode.tools.swift.compiler (in target 'Runner' from project 'Runner')
                cd /Users/carl.stanley/sites/UKCPA/ukcpa_flutter/ios
                builtin-Swift-Compilation -- /Applications/Xcode.app/Contents/Developer/Toolchains/XcodeDefault.xctoolchain/usr/bin/swiftc -module-name Runner -Onone -enforce-exclusivity\=checked @/Users/carl.stanley/Library/Developer/Xcode/DerivedData/Runner-dtxbldypbunqjrdrwadgjstoojan/Build/Intermediates.noindex/Runner.build/Debug-iphonesimulator/Runner.build/Objects-normal/arm64/Runner.SwiftFileList -D COCOAPODS -enable-bare-slash-regex -enable-experimental-feature DebugDescriptionMacro -sdk /Applications/Xcode.app/Contents/Developer/Platforms/iPhoneSimulator.platform/Developer/SDKs/iPhoneSimulator18.0.sdk -target arm64-apple-ios12.0-simulator -g -module-cache-path /Users/carl.stanley/Library/Developer/Xcode/DerivedData/ModuleCache.noindex -Xfrontend -serialize-debugging-options -enable-testing -enable-experimental-feature OpaqueTypeErasure -Xcc -D_LIBCPP_HARDENING_MODE\=_LIBCPP_HARDENING_MODE_DEBUG -swift-version 5 -I /Users/carl.stanley/sites/UKCPA/ukcpa_flutter/build/ios/Debug-iphonesimulator -F /Users/carl.stanley/sites/UKCPA/ukcpa_flutter/build/ios/Debug-iphonesimulator -F /Users/carl.stanley/sites/UKCPA/ukcpa_flutter/build/ios/Debug-iphonesimulator/ReachabilitySwift -F /Users/carl.stanley/sites/UKCPA/ukcpa_flutter/build/ios/Debug-iphonesimulator/TOCropViewController -F /Users/carl.stanley/sites/UKCPA/ukcpa_flutter/build/ios/Debug-iphonesimulator/connectivity_plus -F /Users/carl.stanley/sites/UKCPA/ukcpa_flutter/build/ios/Debug-iphonesimulator/device_info_plus -F /Users/carl.stanley/sites/UKCPA/ukcpa_flutter/build/ios/Debug-iphonesimulator/flutter_secure_storage -F /Users/carl.stanley/sites/UKCPA/ukcpa_flutter/build/ios/Debug-iphonesimulator/image_cropper -F /Users/carl.stanley/sites/UKCPA/ukcpa_flutter/build/ios/Debug-iphonesimulator/image_picker_ios -F /Users/carl.stanley/sites/UKCPA/ukcpa_flutter/build/ios/Debug-iphonesimulator/integration_test -F /Users/carl.stanley/sites/UKCPA/ukcpa_flutter/build/ios/Debug-iphonesimulator/local_auth_darwin -F /Users/carl.stanley/sites/UKCPA/ukcpa_flutter/build/ios/Debug-iphonesimulator/package_info_plus -F /Users/carl.stanley/sites/UKCPA/ukcpa_flutter/build/ios/Debug-iphonesimulator/path_provider_foundation -F /Users/carl.stanley/sites/UKCPA/ukcpa_flutter/build/ios/Debug-iphonesimulator/permission_handler_apple -F /Users/carl.stanley/sites/UKCPA/ukcpa_flutter/build/ios/Debug-iphonesimulator/share_plus -F /Users/carl.stanley/sites/UKCPA/ukcpa_flutter/build/ios/Debug-iphonesimulator/shared_preferences_foundation -F /Users/carl.stanley/sites/UKCPA/ukcpa_flutter/build/ios/Debug-iphonesimulator/sqflite_darwin -F /Users/carl.stanley/sites/UKCPA/ukcpa_flutter/build/ios/Debug-iphonesimulator/url_launcher_ios -F /Users/carl.stanley/sites/UKCPA/ukcpa_flutter/build/ios/Debug-iphonesimulator/video_player_avfoundation -F /Users/carl.stanley/sites/UKCPA/ukcpa_flutter/build/ios/Debug-iphonesimulator/wakelock_plus -c -j12 -enable-batch-mode -incremental -Xcc -ivfsstatcache -Xcc /Users/carl.stanley/Library/Developer/Xcode/DerivedData/SDKStatCaches.noindex/iphonesimulator18.0-22A3362-db63dc9361471f152f572502bdbfe70a.sdkstatcache -output-file-map /Users/carl.stanley/Library/Developer/Xcode/DerivedData/Runner-dtxbldypbunqjrdrwadgjstoojan/Build/Intermediates.noindex/Runner.build/Debug-iphonesimulator/Runner.build/Objects-normal/arm64/Runner-OutputFileMap.json -use-frontend-parseable-output -save-temps -no-color-diagnostics -serialize-diagnostics -emit-dependencies -emit-module -emit-module-path /Users/carl.stanley/Library/Developer/Xcode/DerivedData/Runner-dtxbldypbunqjrdrwadgjstoojan/Build/Intermediates.noindex/Runner.build/Debug-iphonesimulator/Runner.build/Objects-normal/arm64/Runner.swiftmodule -validate-clang-modules-once -clang-build-session-file /Users/carl.stanley/Library/Developer/Xcode/DerivedData/ModuleCache.noindex/Session.modulevalidation -Xcc -I/Users/carl.stanley/Library/Developer/Xcode/DerivedData/Runner-dtxbldypbunqjrdrwadgjstoojan/Build/Intermediates.noindex/Runner.build/Debug-iphonesimulator/Runner.build/swift-overrides.hmap -emit-const-values -Xfrontend -const-gather-protocols-file -Xfrontend /Users/carl.stanley/Library/Developer/Xcode/DerivedData/Runner-dtxbldypbunqjrdrwadgjstoojan/Build/Intermediates.noindex/Runner.build/Debug-iphonesimulator/Runner.build/Objects-normal/arm64/Runner_const_extract_protocols.json -Xcc -iquote -Xcc /Users/carl.stanley/Library/Developer/Xcode/DerivedData/Runner-dtxbldypbunqjrdrwadgjstoojan/Build/Intermediates.noindex/Runner.build/Debug-iphonesimulator/Runner.build/Runner-generated-files.hmap -Xcc -I/Users/carl.stanley/Library/Developer/Xcode/DerivedData/Runner-dtxbldypbunqjrdrwadgjstoojan/Build/Intermediates.noindex/Runner.build/Debug-iphonesimulator/Runner.build/Runner-own-target-headers.hmap -Xcc -I/Users/carl.stanley/Library/Developer/Xcode/DerivedData/Runner-dtxbldypbunqjrdrwadgjstoojan/Build/Intermediates.noindex/Runner.build/Debug-iphonesimulator/Runner.build/Runner-all-non-framework-target-headers.hmap -Xcc -ivfsoverlay -Xcc /Users/carl.stanley/Library/Developer/Xcode/DerivedData/Runner-dtxbldypbunqjrdrwadgjstoojan/Build/Intermediates.noindex/Runner.build/Debug-iphonesimulator/Runner-18c1723432283e0cc55f10a6dcfd9e02-VFS-iphonesimulator/all-product-headers.yaml -Xcc -iquote -Xcc /Users/carl.stanley/Library/Developer/Xcode/DerivedData/Runner-dtxbldypbunqjrdrwadgjstoojan/Build/Intermediates.noindex/Runner.build/Debug-iphonesimulator/Runner.build/Runner-project-headers.hmap -Xcc -I/Users/carl.stanley/sites/UKCPA/ukcpa_flutter/build/ios/Debug-iphonesimulator/include -Xcc -I/Users/carl.stanley/sites/UKCPA/ukcpa_flutter/build/ios/Debug-iphonesimulator/ReachabilitySwift/Reachability.framework/Headers -Xcc -I/Users/carl.stanley/sites/UKCPA/ukcpa_flutter/build/ios/Debug-iphonesimulator/TOCropViewController/TOCropViewController.framework/Headers -Xcc -I/Users/carl.stanley/sites/UKCPA/ukcpa_flutter/build/ios/Debug-iphonesimulator/connectivity_plus/connectivity_plus.framework/Headers -Xcc -I/Users/carl.stanley/sites/UKCPA/ukcpa_flutter/build/ios/Debug-iphonesimulator/device_info_plus/device_info_plus.framework/Headers -Xcc -I/Users/carl.stanley/sites/UKCPA/ukcpa_flutter/build/ios/Debug-iphonesimulator/flutter_secure_storage/flutter_secure_storage.framework/Headers -Xcc -I/Users/carl.stanley/sites/UKCPA/ukcpa_flutter/build/ios/Debug-iphonesimulator/image_cropper/image_cropper.framework/Headers -Xcc -I/Users/carl.stanley/sites/UKCPA/ukcpa_flutter/build/ios/Debug-iphonesimulator/image_picker_ios/image_picker_ios.framework/Headers -Xcc -I/Users/carl.stanley/sites/UKCPA/ukcpa_flutter/build/ios/Debug-iphonesimulator/integration_test/integration_test.framework/Headers -Xcc -I/Users/carl.stanley/sites/UKCPA/ukcpa_flutter/build/ios/Debug-iphonesimulator/local_auth_darwin/local_auth_darwin.framework/Headers -Xcc -I/Users/carl.stanley/sites/UKCPA/ukcpa_flutter/build/ios/Debug-iphonesimulator/package_info_plus/package_info_plus.framework/Headers -Xcc -I/Users/carl.stanley/sites/UKCPA/ukcpa_flutter/build/ios/Debug-iphonesimulator/path_provider_foundation/path_provider_foundation.framework/Headers -Xcc -I/Users/carl.stanley/sites/UKCPA/ukcpa_flutter/build/ios/Debug-iphonesimulator/permission_handler_apple/permission_handler_apple.framework/Headers -Xcc -I/Users/carl.stanley/sites/UKCPA/ukcpa_flutter/build/ios/Debug-iphonesimulator/share_plus/share_plus.framework/Headers -Xcc -I/Users/carl.stanley/sites/UKCPA/ukcpa_flutter/build/ios/Debug-iphonesimulator/shared_preferences_foundation/shared_preferences_foundation.framework/Headers -Xcc -I/Users/carl.stanley/sites/UKCPA/ukcpa_flutter/build/ios/Debug-iphonesimulator/sqflite_darwin/sqflite_darwin.framework/Headers -Xcc -I/Users/carl.stanley/sites/UKCPA/ukcpa_flutter/build/ios/Debug-iphonesimulator/url_launcher_ios/url_launcher_ios.framework/Headers -Xcc -I/Users/carl.stanley/sites/UKCPA/ukcpa_flutter/build/ios/Debug-iphonesimulator/video_player_avfoundation/video_player_avfoundation.framework/Headers -Xcc -I/Users/carl.stanley/sites/UKCPA/ukcpa_flutter/build/ios/Debug-iphonesimulator/wakelock_plus/wakelock_plus.framework/Headers -Xcc -I/Users/carl.stanley/Library/Developer/Xcode/DerivedData/Runner-dtxbldypbunqjrdrwadgjstoojan/Build/Intermediates.noindex/Runner.build/Debug-iphonesimulator/Runner.build/DerivedSources-normal/arm64 -Xcc -I/Users/carl.stanley/Library/Developer/Xcode/DerivedData/Runner-dtxbldypbunqjrdrwadgjstoojan/Build/Intermediates.noindex/Runner.build/Debug-iphonesimulator/Runner.build/DerivedSources/arm64 -Xcc -I/Users/carl.stanley/Library/Developer/Xcode/DerivedData/Runner-dtxbldypbunqjrdrwadgjstoojan/Build/Intermediates.noindex/Runner.build/Debug-iphonesimulator/Runner.build/DerivedSources -Xcc -DDEBUG\=1 -Xcc -DCOCOAPODS\=1 -emit-objc-header -emit-objc-header-path /Users/carl.stanley/Library/Developer/Xcode/DerivedData/Runner-dtxbldypbunqjrdrwadgjstoojan/Build/Intermediates.noindex/Runner.build/Debug-iphonesimulator/Runner.build/Objects-normal/arm64/Runner-Swift.h -import-objc-header /Users/carl.stanley/sites/UKCPA/ukcpa_flutter/ios/Runner/Runner-Bridging-Header.h -pch-output-dir /Users/carl.stanley/Library/Developer/Xcode/DerivedData/Runner-dtxbldypbunqjrdrwadgjstoojan/Build/Intermediates.noindex/PrecompiledHeaders -working-directory /Users/carl.stanley/sites/UKCPA/ukcpa_flutter/ios -experimental-emit-module-separately -disable-cmo

            SwiftDriverJobDiscovery normal arm64 Emitting module for Runner (in target 'Runner' from project 'Runner')

            SwiftDriverJobDiscovery normal arm64 Compiling bridging header (in target 'Runner' from project 'Runner')

            SwiftDriver\ Compilation\ Requirements Runner normal arm64 com.apple.xcode.tools.swift.compiler (in target 'Runner' from project 'Runner')
                cd /Users/carl.stanley/sites/UKCPA/ukcpa_flutter/ios
                builtin-Swift-Compilation-Requirements -- /Applications/Xcode.app/Contents/Developer/Toolchains/XcodeDefault.xctoolchain/usr/bin/swiftc -module-name Runner -Onone -enforce-exclusivity\=checked @/Users/carl.stanley/Library/Developer/Xcode/DerivedData/Runner-dtxbldypbunqjrdrwadgjstoojan/Build/Intermediates.noindex/Runner.build/Debug-iphonesimulator/Runner.build/Objects-normal/arm64/Runner.SwiftFileList -D COCOAPODS -enable-bare-slash-regex -enable-experimental-feature DebugDescriptionMacro -sdk /Applications/Xcode.app/Contents/Developer/Platforms/iPhoneSimulator.platform/Developer/SDKs/iPhoneSimulator18.0.sdk -target arm64-apple-ios12.0-simulator -g -module-cache-path /Users/carl.stanley/Library/Developer/Xcode/DerivedData/ModuleCache.noindex -Xfrontend -serialize-debugging-options -enable-testing -enable-experimental-feature OpaqueTypeErasure -Xcc -D_LIBCPP_HARDENING_MODE\=_LIBCPP_HARDENING_MODE_DEBUG -swift-version 5 -I /Users/carl.stanley/sites/UKCPA/ukcpa_flutter/build/ios/Debug-iphonesimulator -F /Users/carl.stanley/sites/UKCPA/ukcpa_flutter/build/ios/Debug-iphonesimulator -F /Users/carl.stanley/sites/UKCPA/ukcpa_flutter/build/ios/Debug-iphonesimulator/ReachabilitySwift -F /Users/carl.stanley/sites/UKCPA/ukcpa_flutter/build/ios/Debug-iphonesimulator/TOCropViewController -F /Users/carl.stanley/sites/UKCPA/ukcpa_flutter/build/ios/Debug-iphonesimulator/connectivity_plus -F /Users/carl.stanley/sites/UKCPA/ukcpa_flutter/build/ios/Debug-iphonesimulator/device_info_plus -F /Users/carl.stanley/sites/UKCPA/ukcpa_flutter/build/ios/Debug-iphonesimulator/flutter_secure_storage -F /Users/carl.stanley/sites/UKCPA/ukcpa_flutter/build/ios/Debug-iphonesimulator/image_cropper -F /Users/carl.stanley/sites/UKCPA/ukcpa_flutter/build/ios/Debug-iphonesimulator/image_picker_ios -F /Users/carl.stanley/sites/UKCPA/ukcpa_flutter/build/ios/Debug-iphonesimulator/integration_test -F /Users/carl.stanley/sites/UKCPA/ukcpa_flutter/build/ios/Debug-iphonesimulator/local_auth_darwin -F /Users/carl.stanley/sites/UKCPA/ukcpa_flutter/build/ios/Debug-iphonesimulator/package_info_plus -F /Users/carl.stanley/sites/UKCPA/ukcpa_flutter/build/ios/Debug-iphonesimulator/path_provider_foundation -F /Users/carl.stanley/sites/UKCPA/ukcpa_flutter/build/ios/Debug-iphonesimulator/permission_handler_apple -F /Users/carl.stanley/sites/UKCPA/ukcpa_flutter/build/ios/Debug-iphonesimulator/share_plus -F /Users/carl.stanley/sites/UKCPA/ukcpa_flutter/build/ios/Debug-iphonesimulator/shared_preferences_foundation -F /Users/carl.stanley/sites/UKCPA/ukcpa_flutter/build/ios/Debug-iphonesimulator/sqflite_darwin -F /Users/carl.stanley/sites/UKCPA/ukcpa_flutter/build/ios/Debug-iphonesimulator/url_launcher_ios -F /Users/carl.stanley/sites/UKCPA/ukcpa_flutter/build/ios/Debug-iphonesimulator/video_player_avfoundation -F /Users/carl.stanley/sites/UKCPA/ukcpa_flutter/build/ios/Debug-iphonesimulator/wakelock_plus -c -j12 -enable-batch-mode -incremental -Xcc -ivfsstatcache -Xcc /Users/carl.stanley/Library/Developer/Xcode/DerivedData/SDKStatCaches.noindex/iphonesimulator18.0-22A3362-db63dc9361471f152f572502bdbfe70a.sdkstatcache -output-file-map /Users/carl.stanley/Library/Developer/Xcode/DerivedData/Runner-dtxbldypbunqjrdrwadgjstoojan/Build/Intermediates.noindex/Runner.build/Debug-iphonesimulator/Runner.build/Objects-normal/arm64/Runner-OutputFileMap.json -use-frontend-parseable-output -save-temps -no-color-diagnostics -serialize-diagnostics -emit-dependencies -emit-module -emit-module-path /Users/carl.stanley/Library/Developer/Xcode/DerivedData/Runner-dtxbldypbunqjrdrwadgjstoojan/Build/Intermediates.noindex/Runner.build/Debug-iphonesimulator/Runner.build/Objects-normal/arm64/Runner.swiftmodule -validate-clang-modules-once -clang-build-session-file /Users/carl.stanley/Library/Developer/Xcode/DerivedData/ModuleCache.noindex/Session.modulevalidation -Xcc -I/Users/carl.stanley/Library/Developer/Xcode/DerivedData/Runner-dtxbldypbunqjrdrwadgjstoojan/Build/Intermediates.noindex/Runner.build/Debug-iphonesimulator/Runner.build/swift-overrides.hmap -emit-const-values -Xfrontend -const-gather-protocols-file -Xfrontend /Users/carl.stanley/Library/Developer/Xcode/DerivedData/Runner-dtxbldypbunqjrdrwadgjstoojan/Build/Intermediates.noindex/Runner.build/Debug-iphonesimulator/Runner.build/Objects-normal/arm64/Runner_const_extract_protocols.json -Xcc -iquote -Xcc /Users/carl.stanley/Library/Developer/Xcode/DerivedData/Runner-dtxbldypbunqjrdrwadgjstoojan/Build/Intermediates.noindex/Runner.build/Debug-iphonesimulator/Runner.build/Runner-generated-files.hmap -Xcc -I/Users/carl.stanley/Library/Developer/Xcode/DerivedData/Runner-dtxbldypbunqjrdrwadgjstoojan/Build/Intermediates.noindex/Runner.build/Debug-iphonesimulator/Runner.build/Runner-own-target-headers.hmap -Xcc -I/Users/carl.stanley/Library/Developer/Xcode/DerivedData/Runner-dtxbldypbunqjrdrwadgjstoojan/Build/Intermediates.noindex/Runner.build/Debug-iphonesimulator/Runner.build/Runner-all-non-framework-target-headers.hmap -Xcc -ivfsoverlay -Xcc /Users/carl.stanley/Library/Developer/Xcode/DerivedData/Runner-dtxbldypbunqjrdrwadgjstoojan/Build/Intermediates.noindex/Runner.build/Debug-iphonesimulator/Runner-18c1723432283e0cc55f10a6dcfd9e02-VFS-iphonesimulator/all-product-headers.yaml -Xcc -iquote -Xcc /Users/carl.stanley/Library/Developer/Xcode/DerivedData/Runner-dtxbldypbunqjrdrwadgjstoojan/Build/Intermediates.noindex/Runner.build/Debug-iphonesimulator/Runner.build/Runner-project-headers.hmap -Xcc -I/Users/carl.stanley/sites/UKCPA/ukcpa_flutter/build/ios/Debug-iphonesimulator/include -Xcc -I/Users/carl.stanley/sites/UKCPA/ukcpa_flutter/build/ios/Debug-iphonesimulator/ReachabilitySwift/Reachability.framework/Headers -Xcc -I/Users/carl.stanley/sites/UKCPA/ukcpa_flutter/build/ios/Debug-iphonesimulator/TOCropViewController/TOCropViewController.framework/Headers -Xcc -I/Users/carl.stanley/sites/UKCPA/ukcpa_flutter/build/ios/Debug-iphonesimulator/connectivity_plus/connectivity_plus.framework/Headers -Xcc -I/Users/carl.stanley/sites/UKCPA/ukcpa_flutter/build/ios/Debug-iphonesimulator/device_info_plus/device_info_plus.framework/Headers -Xcc -I/Users/carl.stanley/sites/UKCPA/ukcpa_flutter/build/ios/Debug-iphonesimulator/flutter_secure_storage/flutter_secure_storage.framework/Headers -Xcc -I/Users/carl.stanley/sites/UKCPA/ukcpa_flutter/build/ios/Debug-iphonesimulator/image_cropper/image_cropper.framework/Headers -Xcc -I/Users/carl.stanley/sites/UKCPA/ukcpa_flutter/build/ios/Debug-iphonesimulator/image_picker_ios/image_picker_ios.framework/Headers -Xcc -I/Users/carl.stanley/sites/UKCPA/ukcpa_flutter/build/ios/Debug-iphonesimulator/integration_test/integration_test.framework/Headers -Xcc -I/Users/carl.stanley/sites/UKCPA/ukcpa_flutter/build/ios/Debug-iphonesimulator/local_auth_darwin/local_auth_darwin.framework/Headers -Xcc -I/Users/carl.stanley/sites/UKCPA/ukcpa_flutter/build/ios/Debug-iphonesimulator/package_info_plus/package_info_plus.framework/Headers -Xcc -I/Users/carl.stanley/sites/UKCPA/ukcpa_flutter/build/ios/Debug-iphonesimulator/path_provider_foundation/path_provider_foundation.framework/Headers -Xcc -I/Users/carl.stanley/sites/UKCPA/ukcpa_flutter/build/ios/Debug-iphonesimulator/permission_handler_apple/permission_handler_apple.framework/Headers -Xcc -I/Users/carl.stanley/sites/UKCPA/ukcpa_flutter/build/ios/Debug-iphonesimulator/share_plus/share_plus.framework/Headers -Xcc -I/Users/carl.stanley/sites/UKCPA/ukcpa_flutter/build/ios/Debug-iphonesimulator/shared_preferences_foundation/shared_preferences_foundation.framework/Headers -Xcc -I/Users/carl.stanley/sites/UKCPA/ukcpa_flutter/build/ios/Debug-iphonesimulator/sqflite_darwin/sqflite_darwin.framework/Headers -Xcc -I/Users/carl.stanley/sites/UKCPA/ukcpa_flutter/build/ios/Debug-iphonesimulator/url_launcher_ios/url_launcher_ios.framework/Headers -Xcc -I/Users/carl.stanley/sites/UKCPA/ukcpa_flutter/build/ios/Debug-iphonesimulator/video_player_avfoundation/video_player_avfoundation.framework/Headers -Xcc -I/Users/carl.stanley/sites/UKCPA/ukcpa_flutter/build/ios/Debug-iphonesimulator/wakelock_plus/wakelock_plus.framework/Headers -Xcc -I/Users/carl.stanley/Library/Developer/Xcode/DerivedData/Runner-dtxbldypbunqjrdrwadgjstoojan/Build/Intermediates.noindex/Runner.build/Debug-iphonesimulator/Runner.build/DerivedSources-normal/arm64 -Xcc -I/Users/carl.stanley/Library/Developer/Xcode/DerivedData/Runner-dtxbldypbunqjrdrwadgjstoojan/Build/Intermediates.noindex/Runner.build/Debug-iphonesimulator/Runner.build/DerivedSources/arm64 -Xcc -I/Users/carl.stanley/Library/Developer/Xcode/DerivedData/Runner-dtxbldypbunqjrdrwadgjstoojan/Build/Intermediates.noindex/Runner.build/Debug-iphonesimulator/Runner.build/DerivedSources -Xcc -DDEBUG\=1 -Xcc -DCOCOAPODS\=1 -emit-objc-header -emit-objc-header-path /Users/carl.stanley/Library/Developer/Xcode/DerivedData/Runner-dtxbldypbunqjrdrwadgjstoojan/Build/Intermediates.noindex/Runner.build/Debug-iphonesimulator/Runner.build/Objects-normal/arm64/Runner-Swift.h -import-objc-header /Users/carl.stanley/sites/UKCPA/ukcpa_flutter/ios/Runner/Runner-Bridging-Header.h -pch-output-dir /Users/carl.stanley/Library/Developer/Xcode/DerivedData/Runner-dtxbldypbunqjrdrwadgjstoojan/Build/Intermediates.noindex/PrecompiledHeaders -working-directory /Users/carl.stanley/sites/UKCPA/ukcpa_flutter/ios -experimental-emit-module-separately -disable-cmo

            ScanDependencies /Users/carl.stanley/Library/Developer/Xcode/DerivedData/Runner-dtxbldypbunqjrdrwadgjstoojan/Build/Intermediates.noindex/Runner.build/Debug-iphonesimulator/Runner.build/Objects-normal/arm64/GeneratedPluginRegistrant.o /Users/carl.stanley/sites/UKCPA/ukcpa_flutter/ios/Runner/GeneratedPluginRegistrant.m normal arm64 objective-c com.apple.compilers.llvm.clang.1_0.compiler (in target 'Runner' from project 'Runner')
                cd /Users/carl.stanley/sites/UKCPA/ukcpa_flutter/ios

                Using response file: /Users/carl.stanley/Library/Developer/Xcode/DerivedData/Runner-dtxbldypbunqjrdrwadgjstoojan/Build/Intermediates.noindex/Runner.build/Debug-iphonesimulator/Runner.build/Objects-normal/arm64/e6072d4f65d7061329687fe24e3d63a7-common-args.resp

                builtin-ScanDependencies -o /Users/carl.stanley/Library/Developer/Xcode/DerivedData/Runner-dtxbldypbunqjrdrwadgjstoojan/Build/Intermediates.noindex/Runner.build/Debug-iphonesimulator/Runner.build/Objects-normal/arm64/GeneratedPluginRegistrant.o.scan -- /Applications/Xcode.app/Contents/Developer/Toolchains/XcodeDefault.xctoolchain/usr/bin/clang -x objective-c -ivfsstatcache /Users/carl.stanley/Library/Developer/Xcode/DerivedData/SDKStatCaches.noindex/iphonesimulator18.0-22A3362-db63dc9361471f152f572502bdbfe70a.sdkstatcache -fmessage-length\=0 -fdiagnostics-show-note-include-stack -fmacro-backtrace-limit\=0 -fno-color-diagnostics -fmodules-prune-interval\=86400 -fmodules-prune-after\=345600 -fbuild-session-file\=/Users/carl.stanley/Library/Developer/Xcode/DerivedData/ModuleCache.noindex/Session.modulevalidation -fmodules-validate-once-per-build-session -Wnon-modular-include-in-framework-module -Werror\=non-modular-include-in-framework-module -Wno-trigraphs -Wno-missing-field-initializers -Wno-missing-prototypes -Werror\=return-type -Wunreachable-code -Wno-implicit-atomic-properties -Werror\=deprecated-objc-isa-usage -Wno-objc-interface-ivars -Werror\=objc-root-class -Wno-arc-repeated-use-of-weak -Wimplicit-retain-self -Wduplicate-method-match -Wno-missing-braces -Wparentheses -Wswitch -Wunused-function -Wno-unused-label -Wno-unused-parameter -Wunused-variable -Wunused-value -Wempty-body -Wuninitialized -Wconditional-uninitialized -Wno-unknown-pragmas -Wno-shadow -Wno-four-char-constants -Wno-conversion -Wconstant-conversion -Wint-conversion -Wbool-conversion -Wenum-conversion -Wno-float-conversion -Wnon-literal-null-conversion -Wobjc-literal-conversion -Wshorten-64-to-32 -Wpointer-sign -Wno-newline-eof -Wno-selector -Wno-strict-selector-match -Wundeclared-selector -Wdeprecated-implementations -Wno-implicit-fallthrough -fstrict-aliasing -Wprotocol -Wdeprecated-declarations -Wno-sign-conversion -Winfinite-recursion -Wcomma -Wblock-capture-autoreleasing -Wstrict-prototypes -Wno-semicolon-before-method-body @/Users/carl.stanley/Library/Developer/Xcode/DerivedData/Runner-dtxbldypbunqjrdrwadgjstoojan/Build/Intermediates.noindex/Runner.build/Debug-iphonesimulator/Runner.build/Objects-normal/arm64/e6072d4f65d7061329687fe24e3d63a7-common-args.resp -MMD -MT dependencies -MF /Users/carl.stanley/Library/Developer/Xcode/DerivedData/Runner-dtxbldypbunqjrdrwadgjstoojan/Build/Intermediates.noindex/Runner.build/Debug-iphonesimulator/Runner.build/Objects-normal/arm64/GeneratedPluginRegistrant.d --serialize-diagnostics /Users/carl.stanley/Library/Developer/Xcode/DerivedData/Runner-dtxbldypbunqjrdrwadgjstoojan/Build/Intermediates.noindex/Runner.build/Debug-iphonesimulator/Runner.build/Objects-normal/arm64/GeneratedPluginRegistrant.dia -c /Users/carl.stanley/sites/UKCPA/ukcpa_flutter/ios/Runner/GeneratedPluginRegistrant.m -o /Users/carl.stanley/Library/Developer/Xcode/DerivedData/Runner-dtxbldypbunqjrdrwadgjstoojan/Build/Intermediates.noindex/Runner.build/Debug-iphonesimulator/Runner.build/Objects-normal/arm64/GeneratedPluginRegistrant.o

            CompileC /Users/carl.stanley/Library/Developer/Xcode/DerivedData/Runner-dtxbldypbunqjrdrwadgjstoojan/Build/Intermediates.noindex/Runner.build/Debug-iphonesimulator/Runner.build/Objects-normal/arm64/GeneratedPluginRegistrant.o /Users/carl.stanley/sites/UKCPA/ukcpa_flutter/ios/Runner/GeneratedPluginRegistrant.m normal arm64 objective-c com.apple.compilers.llvm.clang.1_0.compiler (in target 'Runner' from project 'Runner')
                cd /Users/carl.stanley/sites/UKCPA/ukcpa_flutter/ios

                Using response file: /Users/carl.stanley/Library/Developer/Xcode/DerivedData/Runner-dtxbldypbunqjrdrwadgjstoojan/Build/Intermediates.noindex/Runner.build/Debug-iphonesimulator/Runner.build/Objects-normal/arm64/e6072d4f65d7061329687fe24e3d63a7-common-args.resp

                /Applications/Xcode.app/Contents/Developer/Toolchains/XcodeDefault.xctoolchain/usr/bin/clang -x objective-c -ivfsstatcache /Users/carl.stanley/Library/Developer/Xcode/DerivedData/SDKStatCaches.noindex/iphonesimulator18.0-22A3362-db63dc9361471f152f572502bdbfe70a.sdkstatcache -fmessage-length\=0 -fdiagnostics-show-note-include-stack -fmacro-backtrace-limit\=0 -fno-color-diagnostics -fmodules-prune-interval\=86400 -fmodules-prune-after\=345600 -fbuild-session-file\=/Users/carl.stanley/Library/Developer/Xcode/DerivedData/ModuleCache.noindex/Session.modulevalidation -fmodules-validate-once-per-build-session -Wnon-modular-include-in-framework-module -Werror\=non-modular-include-in-framework-module -Wno-trigraphs -Wno-missing-field-initializers -Wno-missing-prototypes -Werror\=return-type -Wunreachable-code -Wno-implicit-atomic-properties -Werror\=deprecated-objc-isa-usage -Wno-objc-interface-ivars -Werror\=objc-root-class -Wno-arc-repeated-use-of-weak -Wimplicit-retain-self -Wduplicate-method-match -Wno-missing-braces -Wparentheses -Wswitch -Wunused-function -Wno-unused-label -Wno-unused-parameter -Wunused-variable -Wunused-value -Wempty-body -Wuninitialized -Wconditional-uninitialized -Wno-unknown-pragmas -Wno-shadow -Wno-four-char-constants -Wno-conversion -Wconstant-conversion -Wint-conversion -Wbool-conversion -Wenum-conversion -Wno-float-conversion -Wnon-literal-null-conversion -Wobjc-literal-conversion -Wshorten-64-to-32 -Wpointer-sign -Wno-newline-eof -Wno-selector -Wno-strict-selector-match -Wundeclared-selector -Wdeprecated-implementations -Wno-implicit-fallthrough -fstrict-aliasing -Wprotocol -Wdeprecated-declarations -Wno-sign-conversion -Winfinite-recursion -Wcomma -Wblock-capture-autoreleasing -Wstrict-prototypes -Wno-semicolon-before-method-body @/Users/carl.stanley/Library/Developer/Xcode/DerivedData/Runner-dtxbldypbunqjrdrwadgjstoojan/Build/Intermediates.noindex/Runner.build/Debug-iphonesimulator/Runner.build/Objects-normal/arm64/e6072d4f65d7061329687fe24e3d63a7-common-args.resp -MMD -MT dependencies -MF /Users/carl.stanley/Library/Developer/Xcode/DerivedData/Runner-dtxbldypbunqjrdrwadgjstoojan/Build/Intermediates.noindex/Runner.build/Debug-iphonesimulator/Runner.build/Objects-normal/arm64/GeneratedPluginRegistrant.d --serialize-diagnostics /Users/carl.stanley/Library/Developer/Xcode/DerivedData/Runner-dtxbldypbunqjrdrwadgjstoojan/Build/Intermediates.noindex/Runner.build/Debug-iphonesimulator/Runner.build/Objects-normal/arm64/GeneratedPluginRegistrant.dia -c /Users/carl.stanley/sites/UKCPA/ukcpa_flutter/ios/Runner/GeneratedPluginRegistrant.m -o /Users/carl.stanley/Library/Developer/Xcode/DerivedData/Runner-dtxbldypbunqjrdrwadgjstoojan/Build/Intermediates.noindex/Runner.build/Debug-iphonesimulator/Runner.build/Objects-normal/arm64/GeneratedPluginRegistrant.o
            /Applications/Xcode.app/Contents/Developer/Toolchains/XcodeDefault.xctoolchain/usr/bin/clang -cc1 -Wundef-prefix\=TARGET_OS_ -fdiagnostics-show-note-include-stack -fmacro-backtrace-limit\=0 -ferror-limit 19 -serialize-diagnostic-file /Users/carl.stanley/Library/Developer/Xcode/DerivedData/Runner-dtxbldypbunqjrdrwadgjstoojan/Build/Intermediates.noindex/Runner.build/Debug-iphonesimulator/Runner.build/Objects-normal/arm64/GeneratedPluginRegistrant.dia -Wdeprecated-objc-isa-usage -Werror\=deprecated-objc-isa-usage -Werror\=implicit-function-declaration -Wnon-modular-include-in-framework-module -Werror\=non-modular-include-in-framework-module -Wno-trigraphs -Wno-missing-field-initializers -Wno-missing-prototypes -Werror\=return-type -Wunreachable-code -Wno-implicit-atomic-properties -Werror\=deprecated-objc-isa-usage -Wno-objc-interface-ivars -Werror\=objc-root-class -Wno-arc-repeated-use-of-weak -Wimplicit-retain-self -Wduplicate-method-match -Wno-missing-braces -Wparentheses -Wswitch -Wunused-function -Wno-unused-label -Wno-unused-parameter -Wunused-variable -Wunused-value -Wempty-body -Wuninitialized -Wconditional-uninitialized -Wno-unknown-pragmas -Wno-shadow -Wno-four-char-constants -Wno-conversion -Wconstant-conversion -Wint-conversion -Wbool-conversion -Wenum-conversion -Wno-float-conversion -Wnon-literal-null-conversion -Wobjc-literal-conversion -Wshorten-64-to-32 -Wpointer-sign -Wno-newline-eof -Wno-selector -Wno-strict-selector-match -Wundeclared-selector -Wdeprecated-implementations -Wno-implicit-fallthrough -Wprotocol -Wdeprecated-declarations -Wno-sign-conversion -Winfinite-recursion -Wcomma -Wblock-capture-autoreleasing -Wstrict-prototypes -Wno-semicolon-before-method-body -Wno-reorder-init-list -Wno-implicit-int-float-conversion -Wno-c99-designator -Wno-final-dtor-non-final-class -Wno-extra-semi-stmt -Wno-misleading-indentation -Wno-quoted-include-in-framework-header -Wno-implicit-fallthrough -Wno-enum-enum-conversion -Wno-enum-float-conversion -Wno-elaborated-enum-base -Wno-reserved-identifier -Wno-gnu-folding-constant -fmodule-map-file\=/Users/carl.stanley/sites/UKCPA/ukcpa_flutter/build/ios/Debug-iphonesimulator/Flutter.framework/Modules/module.modulemap -fmodule-map-file\=/Users/carl.stanley/sites/UKCPA/ukcpa_flutter/build/ios/Debug-iphonesimulator/connectivity_plus/connectivity_plus.framework/Modules/module.modulemap -fmodule-map-file\=/Users/carl.stanley/sites/UKCPA/ukcpa_flutter/build/ios/Debug-iphonesimulator/device_info_plus/device_info_plus.framework/Modules/module.modulemap -fmodule-map-file\=/Users/carl.stanley/sites/UKCPA/ukcpa_flutter/build/ios/Debug-iphonesimulator/flutter_secure_storage/flutter_secure_storage.framework/Modules/module.modulemap -fmodule-map-file\=/Users/carl.stanley/sites/UKCPA/ukcpa_flutter/build/ios/Debug-iphonesimulator/image_cropper/image_cropper.framework/Modules/module.modulemap -fmodule-map-file\=/Users/carl.stanley/sites/UKCPA/ukcpa_flutter/build/ios/Debug-iphonesimulator/image_picker_ios/image_picker_ios.framework/Modules/module.modulemap -fmodule-map-file\=/Users/carl.stanley/sites/UKCPA/ukcpa_flutter/build/ios/Debug-iphonesimulator/integration_test/integration_test.framework/Modules/module.modulemap -fmodule-map-file\=/Users/carl.stanley/sites/UKCPA/ukcpa_flutter/build/ios/Debug-iphonesimulator/local_auth_darwin/local_auth_darwin.framework/Modules/module.modulemap -fmodule-map-file\=/Users/carl.stanley/sites/UKCPA/ukcpa_flutter/build/ios/Debug-iphonesimulator/package_info_plus/package_info_plus.framework/Modules/module.modulemap -fmodule-map-file\=/Users/carl.stanley/sites/UKCPA/ukcpa_flutter/build/ios/Debug-iphonesimulator/path_provider_foundation/path_provider_foundation.framework/Modules/module.modulemap -fmodule-map-file\=/Users/carl.stanley/sites/UKCPA/ukcpa_flutter/build/ios/Debug-iphonesimulator/permission_handler_apple/permission_handler_apple.framework/Modules/module.modulemap -fmodule-map-file\=/Users/carl.stanley/sites/UKCPA/ukcpa_flutter/build/ios/Debug-iphonesimulator/share_plus/share_plus.framework/Modules/module.modulemap -fmodule-map-file\=/Users/carl.stanley/sites/UKCPA/ukcpa_flutter/build/ios/Debug-iphonesimulator/shared_preferences_foundation/shared_preferences_foundation.framework/Modules/module.modulemap -fmodule-map-file\=/Users/carl.stanley/sites/UKCPA/ukcpa_flutter/build/ios/Debug-iphonesimulator/sqflite_darwin/sqflite_darwin.framework/Modules/module.modulemap -fmodule-map-file\=/Users/carl.stanley/sites/UKCPA/ukcpa_flutter/build/ios/Debug-iphonesimulator/url_launcher_ios/url_launcher_ios.framework/Modules/module.modulemap -fmodule-map-file\=/Users/carl.stanley/sites/UKCPA/ukcpa_flutter/build/ios/Debug-iphonesimulator/video_player_avfoundation/video_player_avfoundation.framework/Modules/module.modulemap -fmodule-map-file\=/Users/carl.stanley/sites/UKCPA/ukcpa_flutter/build/ios/Debug-iphonesimulator/wakelock_plus/wakelock_plus.framework/Modules/module.modulemap -o /Users/carl.stanley/Library/Developer/Xcode/DerivedData/Runner-dtxbldypbunqjrdrwadgjstoojan/Build/Intermediates.noindex/Runner.build/Debug-iphonesimulator/Runner.build/Objects-normal/arm64/GeneratedPluginRegistrant.o -disable-free -emit-obj -x objective-c /Users/carl.stanley/sites/UKCPA/ukcpa_flutter/ios/Runner/GeneratedPluginRegistrant.m -target-abi darwinpcs -target-cpu apple-m1 -target-feature +v8.5a -target-feature +aes -target-feature +crc -target-feature +dotprod -target-feature +fp-armv8 -target-feature +fp16fml -target-feature +lse -target-feature +ras -target-feature +rcpc -target-feature +rdm -target-feature +sha2 -target-feature +sha3 -target-feature +neon -target-feature +zcm -target-feature +zcz -target-feature +fullfp16 -triple arm64-apple-ios12.0.0-simulator -target-linker-version 1115.7.3 -target-sdk-version\=18.0 -fmodules-validate-system-headers -fno-modulemap-allow-subdirectory-search -isysroot /Applications/Xcode.app/Contents/Developer/Platforms/iPhoneSimulator.platform/Developer/SDKs/iPhoneSimulator18.0.sdk -resource-dir /Applications/Xcode.app/Contents/Developer/Toolchains/XcodeDefault.xctoolchain/usr/lib/clang/16 -fmodule-format\=obj -fmodule-file\=Flutter\=/Users/carl.stanley/Library/Developer/Xcode/DerivedData/Runner-dtxbldypbunqjrdrwadgjstoojan/Build/Intermediates.noindex/ExplicitPrecompiledModules/Flutter-5D41TVUZ1K686MM5VXD6ZBJYY.pcm -fmodule-file\=connectivity_plus\=/Users/carl.stanley/Library/Developer/Xcode/DerivedData/Runner-dtxbldypbunqjrdrwadgjstoojan/Build/Intermediates.noindex/ExplicitPrecompiledModules/connectivity_plus-XDGQ5D7F2L9EWEZ9TEOI2K5.pcm -fmodule-file\=device_info_plus\=/Users/carl.stanley/Library/Developer/Xcode/DerivedData/Runner-dtxbldypbunqjrdrwadgjstoojan/Build/Intermediates.noindex/ExplicitPrecompiledModules/device_info_plus-2H8NVTIHUEZ3AXICWVX92JOSB.pcm -fmodule-file\=flutter_secure_storage\=/Users/carl.stanley/Library/Developer/Xcode/DerivedData/Runner-dtxbldypbunqjrdrwadgjstoojan/Build/Intermediates.noindex/ExplicitPrecompiledModules/flutter_secure_storage-7JT2LUIK6KMHP8C07XLKO9Z7V.pcm -fmodule-file\=image_cropper\=/Users/carl.stanley/Library/Developer/Xcode/DerivedData/Runner-dtxbldypbunqjrdrwadgjstoojan/Build/Intermediates.noindex/ExplicitPrecompiledModules/image_cropper-2PDT3MIK1IUL6Q7VMDULCW6KE.pcm -fmodule-file\=image_picker_ios\=/Users/carl.stanley/Library/Developer/Xcode/DerivedData/Runner-dtxbldypbunqjrdrwadgjstoojan/Build/Intermediates.noindex/ExplicitPrecompiledModules/image_picker_ios-2HL2OZBRUXPDS80IOCVS618JP.pcm -fmodule-file\=integration_test\=/Users/carl.stanley/Library/Developer/Xcode/DerivedData/Runner-dtxbldypbunqjrdrwadgjstoojan/Build/Intermediates.noindex/ExplicitPrecompiledModules/integration_test-5493MGGW6J4L4SYGP0QLZ1MY.pcm -fmodule-file\=local_auth_darwin\=/Users/carl.stanley/Library/Developer/Xcode/DerivedData/Runner-dtxbldypbunqjrdrwadgjstoojan/Build/Intermediates.noindex/ExplicitPrecompiledModules/local_auth_darwin-7RXEQPFB6KA9RO0YZM24IGJ6A.pcm -fmodule-file\=package_info_plus\=/Users/carl.stanley/Library/Developer/Xcode/DerivedData/Runner-dtxbldypbunqjrdrwadgjstoojan/Build/Intermediates.noindex/ExplicitPrecompiledModules/package_info_plus-2SSFZSQK6GK9VKIV56OQIV88Z.pcm -fmodule-file\=path_provider_foundation\=/Users/carl.stanley/Library/Developer/Xcode/DerivedData/Runner-dtxbldypbunqjrdrwadgjstoojan/Build/Intermediates.noindex/ExplicitPrecompiledModules/path_provider_foundation-D3893J8UI38OXUM6VIJY9K2JX.pcm -fmodule-file\=permission_handler_apple\=/Users/carl.stanley/Library/Developer/Xcode/DerivedData/Runner-dtxbldypbunqjrdrwadgjstoojan/Build/Intermediates.noindex/ExplicitPrecompiledModules/permission_handler_apple-D8NABC8NOW97FGSAZ37IMWOFG.pcm -fmodule-file\=share_plus\=/Users/carl.stanley/Library/Developer/Xcode/DerivedData/Runner-dtxbldypbunqjrdrwadgjstoojan/Build/Intermediates.noindex/ExplicitPrecompiledModules/share_plus-KR6800SGVFNGXFG9PKX9NW65.pcm -fmodule-file\=shared_preferences_foundation\=/Users/carl.stanley/Library/Developer/Xcode/DerivedData/Runner-dtxbldypbunqjrdrwadgjstoojan/Build/Intermediates.noindex/ExplicitPrecompiledModules/shared_preferences_foundation-4ATZAJXD8K5ZMJ7P0I4XSBOI4.pcm -fmodule-file\=sqflite_darwin\=/Users/carl.stanley/Library/Developer/Xcode/DerivedData/Runner-dtxbldypbunqjrdrwadgjstoojan/Build/Intermediates.noindex/ExplicitPrecompiledModules/sqflite_darwin-7HYMB07JFQU4TSHDKNSN6TTFN.pcm -fmodule-file\=url_launcher_ios\=/Users/carl.stanley/Library/Developer/Xcode/DerivedData/Runner-dtxbldypbunqjrdrwadgjstoojan/Build/Intermediates.noindex/ExplicitPrecompiledModules/url_launcher_ios-461LXLDWV0D037EIG4KYBBTAM.pcm -fmodule-file\=video_player_avfoundation\=/Users/carl.stanley/Library/Developer/Xcode/DerivedData/Runner-dtxbldypbunqjrdrwadgjstoojan/Build/Intermediates.noindex/ExplicitPrecompiledModules/video_player_avfoundation-7JAYHJDLAE0FRRWKZGXLXJLTJ.pcm -fmodule-file\=wakelock_plus\=/Users/carl.stanley/Library/Developer/Xcode/DerivedData/Runner-dtxbldypbunqjrdrwadgjstoojan/Build/Intermediates.noindex/ExplicitPrecompiledModules/wakelock_plus-5XRTN1YHMXN044V6S06AUQVZN.pcm -I /Users/carl.stanley/Library/Developer/Xcode/DerivedData/Runner-dtxbldypbunqjrdrwadgjstoojan/Build/Intermediates.noindex/Runner.build/Debug-iphonesimulator/Runner.build/Runner-own-target-headers.hmap -I /Users/carl.stanley/Library/Developer/Xcode/DerivedData/Runner-dtxbldypbunqjrdrwadgjstoojan/Build/Intermediates.noindex/Runner.build/Debug-iphonesimulator/Runner.build/Runner-all-non-framework-target-headers.hmap -I /Users/carl.stanley/sites/UKCPA/ukcpa_flutter/build/ios/Debug-iphonesimulator/include -I /Users/carl.stanley/sites/UKCPA/ukcpa_flutter/build/ios/Debug-iphonesimulator/ReachabilitySwift/Reachability.framework/Headers -I /Users/carl.stanley/sites/UKCPA/ukcpa_flutter/build/ios/Debug-iphonesimulator/TOCropViewController/TOCropViewController.framework/Headers -I /Users/carl.stanley/sites/UKCPA/ukcpa_flutter/build/ios/Debug-iphonesimulator/connectivity_plus/connectivity_plus.framework/Headers -I /Users/carl.stanley/sites/UKCPA/ukcpa_flutter/build/ios/Debug-iphonesimulator/device_info_plus/device_info_plus.framework/Headers -I /Users/carl.stanley/sites/UKCPA/ukcpa_flutter/build/ios/Debug-iphonesimulator/flutter_secure_storage/flutter_secure_storage.framework/Headers -I /Users/carl.stanley/sites/UKCPA/ukcpa_flutter/build/ios/Debug-iphonesimulator/image_cropper/image_cropper.framework/Headers -I /Users/carl.stanley/sites/UKCPA/ukcpa_flutter/build/ios/Debug-iphonesimulator/image_picker_ios/image_picker_ios.framework/Headers -I /Users/carl.stanley/sites/UKCPA/ukcpa_flutter/build/ios/Debug-iphonesimulator/integration_test/integration_test.framework/Headers -I /Users/carl.stanley/sites/UKCPA/ukcpa_flutter/build/ios/Debug-iphonesimulator/local_auth_darwin/local_auth_darwin.framework/Headers -I /Users/carl.stanley/sites/UKCPA/ukcpa_flutter/build/ios/Debug-iphonesimulator/package_info_plus/package_info_plus.framework/Headers -I /Users/carl.stanley/sites/UKCPA/ukcpa_flutter/build/ios/Debug-iphonesimulator/path_provider_foundation/path_provider_foundation.framework/Headers -I /Users/carl.stanley/sites/UKCPA/ukcpa_flutter/build/ios/Debug-iphonesimulator/permission_handler_apple/permission_handler_apple.framework/Headers -I /Users/carl.stanley/sites/UKCPA/ukcpa_flutter/build/ios/Debug-iphonesimulator/share_plus/share_plus.framework/Headers -I /Users/carl.stanley/sites/UKCPA/ukcpa_flutter/build/ios/Debug-iphonesimulator/shared_preferences_foundation/shared_preferences_foundation.framework/Headers -I /Users/carl.stanley/sites/UKCPA/ukcpa_flutter/build/ios/Debug-iphonesimulator/sqflite_darwin/sqflite_darwin.framework/Headers -I /Users/carl.stanley/sites/UKCPA/ukcpa_flutter/build/ios/Debug-iphonesimulator/url_launcher_ios/url_launcher_ios.framework/Headers -I /Users/carl.stanley/sites/UKCPA/ukcpa_flutter/build/ios/Debug-iphonesimulator/video_player_avfoundation/video_player_avfoundation.framework/Headers -I /Users/carl.stanley/sites/UKCPA/ukcpa_flutter/build/ios/Debug-iphonesimulator/wakelock_plus/wakelock_plus.framework/Headers -I /Users/carl.stanley/Library/Developer/Xcode/DerivedData/Runner-dtxbldypbunqjrdrwadgjstoojan/Build/Intermediates.noindex/Runner.build/Debug-iphonesimulator/Runner.build/DerivedSources-normal/arm64 -I /Users/carl.stanley/Library/Developer/Xcode/DerivedData/Runner-dtxbldypbunqjrdrwadgjstoojan/Build/Intermediates.noindex/Runner.build/Debug-iphonesimulator/Runner.build/DerivedSources/arm64 -I /Users/carl.stanley/Library/Developer/Xcode/DerivedData/Runner-dtxbldypbunqjrdrwadgjstoojan/Build/Intermediates.noindex/Runner.build/Debug-iphonesimulator/Runner.build/DerivedSources -F /Users/carl.stanley/sites/UKCPA/ukcpa_flutter/build/ios/Debug-iphonesimulator -F /Users/carl.stanley/sites/UKCPA/ukcpa_flutter/build/ios/Debug-iphonesimulator/ReachabilitySwift -F /Users/carl.stanley/sites/UKCPA/ukcpa_flutter/build/ios/Debug-iphonesimulator/TOCropViewController -F /Users/carl.stanley/sites/UKCPA/ukcpa_flutter/build/ios/Debug-iphonesimulator/connectivity_plus -F /Users/carl.stanley/sites/UKCPA/ukcpa_flutter/build/ios/Debug-iphonesimulator/device_info_plus -F /Users/carl.stanley/sites/UKCPA/ukcpa_flutter/build/ios/Debug-iphonesimulator/flutter_secure_storage -F /Users/carl.stanley/sites/UKCPA/ukcpa_flutter/build/ios/Debug-iphonesimulator/image_cropper -F /Users/carl.stanley/sites/UKCPA/ukcpa_flutter/build/ios/Debug-iphonesimulator/image_picker_ios -F /Users/carl.stanley/sites/UKCPA/ukcpa_flutter/build/ios/Debug-iphonesimulator/integration_test -F /Users/carl.stanley/sites/UKCPA/ukcpa_flutter/build/ios/Debug-iphonesimulator/local_auth_darwin -F /Users/carl.stanley/sites/UKCPA/ukcpa_flutter/build/ios/Debug-iphonesimulator/package_info_plus -F /Users/carl.stanley/sites/UKCPA/ukcpa_flutter/build/ios/Debug-iphonesimulator/path_provider_foundation -F /Users/carl.stanley/sites/UKCPA/ukcpa_flutter/build/ios/Debug-iphonesimulator/permission_handler_apple -F /Users/carl.stanley/sites/UKCPA/ukcpa_flutter/build/ios/Debug-iphonesimulator/share_plus -F /Users/carl.stanley/sites/UKCPA/ukcpa_flutter/build/ios/Debug-iphonesimulator/shared_preferences_foundation -F /Users/carl.stanley/sites/UKCPA/ukcpa_flutter/build/ios/Debug-iphonesimulator/sqflite_darwin -F /Users/carl.stanley/sites/UKCPA/ukcpa_flutter/build/ios/Debug-iphonesimulator/url_launcher_ios -F /Users/carl.stanley/sites/UKCPA/ukcpa_flutter/build/ios/Debug-iphonesimulator/video_player_avfoundation -F /Users/carl.stanley/sites/UKCPA/ukcpa_flutter/build/ios/Debug-iphonesimulator/wakelock_plus -iquote /Users/carl.stanley/Library/Developer/Xcode/DerivedData/Runner-dtxbldypbunqjrdrwadgjstoojan/Build/Intermediates.noindex/Runner.build/Debug-iphonesimulator/Runner.build/Runner-generated-files.hmap -iquote /Users/carl.stanley/Library/Developer/Xcode/DerivedData/Runner-dtxbldypbunqjrdrwadgjstoojan/Build/Intermediates.noindex/Runner.build/Debug-iphonesimulator/Runner.build/Runner-project-headers.hmap -isystem /Applications/Xcode.app/Contents/Developer/Platforms/iPhoneSimulator.platform/Developer/SDKs/iPhoneSimulator18.0.sdk/usr/local/include -isystem /Applications/Xcode.app/Contents/Developer/Toolchains/XcodeDefault.xctoolchain/usr/lib/clang/16/include -internal-externc-isystem /Applications/Xcode.app/Contents/Developer/Platforms/iPhoneSimulator.platform/Developer/SDKs/iPhoneSimulator18.0.sdk/usr/include -internal-externc-isystem /Applications/Xcode.app/Contents/Developer/Toolchains/XcodeDefault.xctoolchain/usr/include -ivfsstatcache /Users/carl.stanley/Library/Developer/Xcode/DerivedData/SDKStatCaches.noindex/iphonesimulator18.0-22A3362-db63dc9361471f152f572502bdbfe70a.sdkstatcache -ivfsoverlay /Users/carl.stanley/Library/Developer/Xcode/DerivedData/Runner-dtxbldypbunqjrdrwadgjstoojan/Build/Intermediates.noindex/Runner.build/Debug-iphonesimulator/Runner-18c1723432283e0cc55f10a6dcfd9e02-VFS-iphonesimulator/all-product-headers.yaml -std\=gnu99 -fexceptions -fmodules -fno-implicit-modules -fobjc-exceptions -fmax-type-align\=16 -fpascal-strings -fvisibility-inlines-hidden-static-local-var -mdarwin-stkchk-strong-link -fno-odr-hash-protocols -pic-level 2 -fencode-extended-block-signature -stack-protector 1 -fobjc-runtime\=ios-12.0.0 -fobjc-arc -fobjc-runtime-has-weak -fobjc-weak -fgnuc-version\=4.2.1 -fblocks -ffp-contract\=on -fclang-abi-compat\=4.0 -fno-experimental-relative-c++-abi-vtables -fno-file-reproducible -clang-vendor-feature\=+disableNonDependentMemberExprInCurrentInstantiation -clang-vendor-feature\=+enableAggressiveVLAFolding -clang-vendor-feature\=+revert09abecef7bbf -clang-vendor-feature\=+thisNoAlignAttr -clang-vendor-feature\=+thisNoNullAttr -clang-vendor-feature\=+disableAtImportPrivateFrameworkInImplementationError -O0 -fdebug-compilation-dir\=/Users/carl.stanley/sites/UKCPA/ukcpa_flutter/ios -fcoverage-compilation-dir\=/Users/carl.stanley/sites/UKCPA/ukcpa_flutter/ios -fobjc-msgsend-selector-stubs -fregister-global-dtors-with-atexit -fno-strict-return -mrelax-all -dwarf-version\=4 -debugger-tuning\=lldb -disable-llvm-verifier -dwarf-ext-refs -mframe-pointer\=non-leaf -funwind-tables\=1 -clear-ast-before-backend -discard-value-names -main-file-name GeneratedPluginRegistrant.m -debug-info-kind\=standalone -fdiagnostics-hotness-threshold\=0 -fdiagnostics-misexpect-tolerance\=0 -D COCOAPODS\=1 -D DEBUG\=1 -D OBJC_OLD_DISPATCH_PROTOTYPES\=0 -D __GCC_HAVE_DWARF2_CFI_ASM\=1 -MT dependencies -dependency-file /Users/carl.stanley/Library/Developer/Xcode/DerivedData/Runner-dtxbldypbunqjrdrwadgjstoojan/Build/Intermediates.noindex/Runner.build/Debug-iphonesimulator/Runner.build/Objects-normal/arm64/GeneratedPluginRegistrant.d -skip-unused-modulemap-deps

            Ld /Users/carl.stanley/sites/UKCPA/ukcpa_flutter/build/ios/Debug-iphonesimulator/Runner.app/Runner.debug.dylib normal (in target 'Runner' from project 'Runner')
                cd /Users/carl.stanley/sites/UKCPA/ukcpa_flutter/ios
                /Applications/Xcode.app/Contents/Developer/Toolchains/XcodeDefault.xctoolchain/usr/bin/clang -Xlinker -reproducible -target arm64-apple-ios12.0-simulator -dynamiclib -isysroot /Applications/Xcode.app/Contents/Developer/Platforms/iPhoneSimulator.platform/Developer/SDKs/iPhoneSimulator18.0.sdk -O0 -L/Users/carl.stanley/Library/Developer/Xcode/DerivedData/Runner-dtxbldypbunqjrdrwadgjstoojan/Build/Intermediates.noindex/EagerLinkingTBDs/Debug-iphonesimulator -L/Users/carl.stanley/sites/UKCPA/ukcpa_flutter/build/ios/Debug-iphonesimulator -L/Applications/Xcode.app/Contents/Developer/Toolchains/XcodeDefault.xctoolchain/usr/lib/swift/iphonesimulator -L/Applications/Xcode.app/Contents/Developer/Platforms/iPhoneSimulator.platform/Developer/SDKs/iPhoneSimulator18.0.sdk/usr/lib/swift -L/Applications/Xcode.app/Contents/Developer/Toolchains/XcodeDefault.xctoolchain/usr/lib/swift/iphonesimulator/ -L/Applications/Xcode.app/Contents/Developer/Platforms/iPhoneSimulator.platform/Developer/SDKs/iPhoneSimulator18.0.sdk/usr/lib/swift -F/Users/carl.stanley/Library/Developer/Xcode/DerivedData/Runner-dtxbldypbunqjrdrwadgjstoojan/Build/Intermediates.noindex/EagerLinkingTBDs/Debug-iphonesimulator -F/Users/carl.stanley/sites/UKCPA/ukcpa_flutter/build/ios/Debug-iphonesimulator -F/Users/carl.stanley/sites/UKCPA/ukcpa_flutter/build/ios/Debug-iphonesimulator/ReachabilitySwift -F/Users/carl.stanley/sites/UKCPA/ukcpa_flutter/build/ios/Debug-iphonesimulator/TOCropViewController -F/Users/carl.stanley/sites/UKCPA/ukcpa_flutter/build/ios/Debug-iphonesimulator/connectivity_plus -F/Users/carl.stanley/sites/UKCPA/ukcpa_flutter/build/ios/Debug-iphonesimulator/device_info_plus -F/Users/carl.stanley/sites/UKCPA/ukcpa_flutter/build/ios/Debug-iphonesimulator/flutter_secure_storage -F/Users/carl.stanley/sites/UKCPA/ukcpa_flutter/build/ios/Debug-iphonesimulator/image_cropper -F/Users/carl.stanley/sites/UKCPA/ukcpa_flutter/build/ios/Debug-iphonesimulator/image_picker_ios -F/Users/carl.stanley/sites/UKCPA/ukcpa_flutter/build/ios/Debug-iphonesimulator/integration_test -F/Users/carl.stanley/sites/UKCPA/ukcpa_flutter/build/ios/Debug-iphonesimulator/local_auth_darwin -F/Users/carl.stanley/sites/UKCPA/ukcpa_flutter/build/ios/Debug-iphonesimulator/package_info_plus -F/Users/carl.stanley/sites/UKCPA/ukcpa_flutter/build/ios/Debug-iphonesimulator/path_provider_foundation -F/Users/carl.stanley/sites/UKCPA/ukcpa_flutter/build/ios/Debug-iphonesimulator/permission_handler_apple -F/Users/carl.stanley/sites/UKCPA/ukcpa_flutter/build/ios/Debug-iphonesimulator/share_plus -F/Users/carl.stanley/sites/UKCPA/ukcpa_flutter/build/ios/Debug-iphonesimulator/shared_preferences_foundation -F/Users/carl.stanley/sites/UKCPA/ukcpa_flutter/build/ios/Debug-iphonesimulator/sqflite_darwin -F/Users/carl.stanley/sites/UKCPA/ukcpa_flutter/build/ios/Debug-iphonesimulator/url_launcher_ios -F/Users/carl.stanley/sites/UKCPA/ukcpa_flutter/build/ios/Debug-iphonesimulator/video_player_avfoundation -F/Users/carl.stanley/sites/UKCPA/ukcpa_flutter/build/ios/Debug-iphonesimulator/wakelock_plus -filelist /Users/carl.stanley/Library/Developer/Xcode/DerivedData/Runner-dtxbldypbunqjrdrwadgjstoojan/Build/Intermediates.noindex/Runner.build/Debug-iphonesimulator/Runner.build/Objects-normal/arm64/Runner.LinkFileList -install_name @rpath/Runner.debug.dylib -Xlinker -rpath -Xlinker /usr/lib/swift -Xlinker -rpath -Xlinker @executable_path/Frameworks -Xlinker -rpath -Xlinker @loader_path/Frameworks -dead_strip -Xlinker -object_path_lto -Xlinker /Users/carl.stanley/Library/Developer/Xcode/DerivedData/Runner-dtxbldypbunqjrdrwadgjstoojan/Build/Intermediates.noindex/Runner.build/Debug-iphonesimulator/Runner.build/Objects-normal/arm64/Runner_lto.o -Xlinker -export_dynamic -Xlinker -no_deduplicate -Xlinker -objc_abi_version -Xlinker 2 -fobjc-arc -fobjc-link-runtime -L/Applications/Xcode.app/Contents/Developer/Toolchains/XcodeDefault.xctoolchain/usr/lib/swift/iphonesimulator -L/usr/lib/swift -Xlinker -add_ast_path -Xlinker /Users/carl.stanley/Library/Developer/Xcode/DerivedData/Runner-dtxbldypbunqjrdrwadgjstoojan/Build/Intermediates.noindex/Runner.build/Debug-iphonesimulator/Runner.build/Objects-normal/arm64/Runner.swiftmodule -ObjC -framework CoreTelephony -framework Reachability -framework SystemConfiguration -framework TOCropViewController -framework UIKit -framework connectivity_plus -framework device_info_plus -framework flutter_secure_storage -framework image_cropper -framework image_picker_ios -framework integration_test -framework local_auth_darwin -framework package_info_plus -framework path_provider_foundation -framework permission_handler_apple -framework share_plus -framework shared_preferences_foundation -framework sqflite_darwin -framework url_launcher_ios -framework video_player_avfoundation -framework wakelock_plus -weak_framework LinkPresentation -Xlinker -alias -Xlinker _main -Xlinker ___debug_main_executable_dylib_entry_point -framework Pods_Runner -Xlinker -no_adhoc_codesign -Xlinker -dependency_info -Xlinker /Users/carl.stanley/Library/Developer/Xcode/DerivedData/Runner-dtxbldypbunqjrdrwadgjstoojan/Build/Intermediates.noindex/Runner.build/Debug-iphonesimulator/Runner.build/Objects-normal/arm64/Runner_dependency_info.dat -o /Users/carl.stanley/sites/UKCPA/ukcpa_flutter/build/ios/Debug-iphonesimulator/Runner.app/Runner.debug.dylib

            ConstructStubExecutorLinkFileList /Users/carl.stanley/Library/Developer/Xcode/DerivedData/Runner-dtxbldypbunqjrdrwadgjstoojan/Build/Intermediates.noindex/Runner.build/Debug-iphonesimulator/Runner.build/Runner-ExecutorLinkFileList-normal-arm64.txt (in target 'Runner' from project 'Runner')
                cd /Users/carl.stanley/sites/UKCPA/ukcpa_flutter/ios
                construct-stub-executor-link-file-list /Users/carl.stanley/sites/UKCPA/ukcpa_flutter/build/ios/Debug-iphonesimulator/Runner.app/Runner.debug.dylib /Applications/Xcode.app/Contents/Developer/Platforms/iPhoneSimulator.platform/Developer/usr/lib/libPreviewsJITStubExecutor_no_swift_entry_point.a /Applications/Xcode.app/Contents/Developer/Platforms/iPhoneSimulator.platform/Developer/usr/lib/libPreviewsJITStubExecutor.a --output /Users/carl.stanley/Library/Developer/Xcode/DerivedData/Runner-dtxbldypbunqjrdrwadgjstoojan/Build/Intermediates.noindex/Runner.build/Debug-iphonesimulator/Runner.build/Runner-ExecutorLinkFileList-normal-arm64.txt
            note: Using stub executor library with Swift entry point. (in target 'Runner' from project 'Runner')

            Ld /Users/carl.stanley/sites/UKCPA/ukcpa_flutter/build/ios/Debug-iphonesimulator/Runner.app/Runner normal (in target 'Runner' from project 'Runner')
                cd /Users/carl.stanley/sites/UKCPA/ukcpa_flutter/ios
                /Applications/Xcode.app/Contents/Developer/Toolchains/XcodeDefault.xctoolchain/usr/bin/clang -Xlinker -reproducible -target arm64-apple-ios12.0-simulator -isysroot /Applications/Xcode.app/Contents/Developer/Platforms/iPhoneSimulator.platform/Developer/SDKs/iPhoneSimulator18.0.sdk -O0 -L/Users/carl.stanley/sites/UKCPA/ukcpa_flutter/build/ios/Debug-iphonesimulator -L/Applications/Xcode.app/Contents/Developer/Toolchains/XcodeDefault.xctoolchain/usr/lib/swift/iphonesimulator -L/Applications/Xcode.app/Contents/Developer/Platforms/iPhoneSimulator.platform/Developer/SDKs/iPhoneSimulator18.0.sdk/usr/lib/swift -L/Applications/Xcode.app/Contents/Developer/Toolchains/XcodeDefault.xctoolchain/usr/lib/swift/iphonesimulator/ -L/Applications/Xcode.app/Contents/Developer/Platforms/iPhoneSimulator.platform/Developer/SDKs/iPhoneSimulator18.0.sdk/usr/lib/swift -F/Users/carl.stanley/sites/UKCPA/ukcpa_flutter/build/ios/Debug-iphonesimulator -F/Users/carl.stanley/sites/UKCPA/ukcpa_flutter/build/ios/Debug-iphonesimulator/ReachabilitySwift -F/Users/carl.stanley/sites/UKCPA/ukcpa_flutter/build/ios/Debug-iphonesimulator/TOCropViewController -F/Users/carl.stanley/sites/UKCPA/ukcpa_flutter/build/ios/Debug-iphonesimulator/connectivity_plus -F/Users/carl.stanley/sites/UKCPA/ukcpa_flutter/build/ios/Debug-iphonesimulator/device_info_plus -F/Users/carl.stanley/sites/UKCPA/ukcpa_flutter/build/ios/Debug-iphonesimulator/flutter_secure_storage -F/Users/carl.stanley/sites/UKCPA/ukcpa_flutter/build/ios/Debug-iphonesimulator/image_cropper -F/Users/carl.stanley/sites/UKCPA/ukcpa_flutter/build/ios/Debug-iphonesimulator/image_picker_ios -F/Users/carl.stanley/sites/UKCPA/ukcpa_flutter/build/ios/Debug-iphonesimulator/integration_test -F/Users/carl.stanley/sites/UKCPA/ukcpa_flutter/build/ios/Debug-iphonesimulator/local_auth_darwin -F/Users/carl.stanley/sites/UKCPA/ukcpa_flutter/build/ios/Debug-iphonesimulator/package_info_plus -F/Users/carl.stanley/sites/UKCPA/ukcpa_flutter/build/ios/Debug-iphonesimulator/path_provider_foundation -F/Users/carl.stanley/sites/UKCPA/ukcpa_flutter/build/ios/Debug-iphonesimulator/permission_handler_apple -F/Users/carl.stanley/sites/UKCPA/ukcpa_flutter/build/ios/Debug-iphonesimulator/share_plus -F/Users/carl.stanley/sites/UKCPA/ukcpa_flutter/build/ios/Debug-iphonesimulator/shared_preferences_foundation -F/Users/carl.stanley/sites/UKCPA/ukcpa_flutter/build/ios/Debug-iphonesimulator/sqflite_darwin -F/Users/carl.stanley/sites/UKCPA/ukcpa_flutter/build/ios/Debug-iphonesimulator/url_launcher_ios -F/Users/carl.stanley/sites/UKCPA/ukcpa_flutter/build/ios/Debug-iphonesimulator/video_player_avfoundation -F/Users/carl.stanley/sites/UKCPA/ukcpa_flutter/build/ios/Debug-iphonesimulator/wakelock_plus -Xlinker -rpath -Xlinker @executable_path -Xlinker -rpath -Xlinker /usr/lib/swift -Xlinker -rpath -Xlinker @executable_path/Frameworks -Xlinker -rpath -Xlinker @loader_path/Frameworks -Xlinker -export_dynamic -Xlinker -no_deduplicate -Xlinker -objc_abi_version -Xlinker 2 -e ___debug_blank_executor_main -Xlinker -sectcreate -Xlinker __TEXT -Xlinker __debug_dylib -Xlinker /Users/carl.stanley/Library/Developer/Xcode/DerivedData/Runner-dtxbldypbunqjrdrwadgjstoojan/Build/Intermediates.noindex/Runner.build/Debug-iphonesimulator/Runner.build/Runner-DebugDylibPath-normal-arm64.txt -Xlinker -sectcreate -Xlinker __TEXT -Xlinker __debug_instlnm -Xlinker /Users/carl.stanley/Library/Developer/Xcode/DerivedData/Runner-dtxbldypbunqjrdrwadgjstoojan/Build/Intermediates.noindex/Runner.build/Debug-iphonesimulator/Runner.build/Runner-DebugDylibInstallName-normal-arm64.txt -Xlinker -filelist -Xlinker /Users/carl.stanley/Library/Developer/Xcode/DerivedData/Runner-dtxbldypbunqjrdrwadgjstoojan/Build/Intermediates.noindex/Runner.build/Debug-iphonesimulator/Runner.build/Runner-ExecutorLinkFileList-normal-arm64.txt -Xlinker -sectcreate -Xlinker __TEXT -Xlinker __entitlements -Xlinker /Users/carl.stanley/Library/Developer/Xcode/DerivedData/Runner-dtxbldypbunqjrdrwadgjstoojan/Build/Intermediates.noindex/Runner.build/Debug-iphonesimulator/Runner.build/Runner.app-Simulated.xcent -Xlinker -sectcreate -Xlinker __TEXT -Xlinker __ents_der -Xlinker /Users/carl.stanley/Library/Developer/Xcode/DerivedData/Runner-dtxbldypbunqjrdrwadgjstoojan/Build/Intermediates.noindex/Runner.build/Debug-iphonesimulator/Runner.build/Runner.app-Simulated.xcent.der /Users/carl.stanley/sites/UKCPA/ukcpa_flutter/build/ios/Debug-iphonesimulator/Runner.app/Runner.debug.dylib -o /Users/carl.stanley/sites/UKCPA/ukcpa_flutter/build/ios/Debug-iphonesimulator/Runner.app/Runner

            Copy /Users/carl.stanley/sites/UKCPA/ukcpa_flutter/build/ios/Debug-iphonesimulator/Runner.swiftmodule/arm64-apple-ios-simulator.abi.json /Users/carl.stanley/Library/Developer/Xcode/DerivedData/Runner-dtxbldypbunqjrdrwadgjstoojan/Build/Intermediates.noindex/Runner.build/Debug-iphonesimulator/Runner.build/Objects-normal/arm64/Runner.abi.json (in target 'Runner' from project 'Runner')
                cd /Users/carl.stanley/sites/UKCPA/ukcpa_flutter/ios
                builtin-copy -exclude .DS_Store -exclude CVS -exclude .svn -exclude .git -exclude .hg -resolve-src-symlinks -rename /Users/carl.stanley/Library/Developer/Xcode/DerivedData/Runner-dtxbldypbunqjrdrwadgjstoojan/Build/Intermediates.noindex/Runner.build/Debug-iphonesimulator/Runner.build/Objects-normal/arm64/Runner.abi.json /Users/carl.stanley/sites/UKCPA/ukcpa_flutter/build/ios/Debug-iphonesimulator/Runner.swiftmodule/arm64-apple-ios-simulator.abi.json

            ProcessInfoPlistFile /Users/carl.stanley/sites/UKCPA/ukcpa_flutter/build/ios/Debug-iphonesimulator/Runner.app/Info.plist /Users/carl.stanley/sites/UKCPA/ukcpa_flutter/ios/Runner/Info.plist (in target 'Runner' from project 'Runner')
                cd /Users/carl.stanley/sites/UKCPA/ukcpa_flutter/ios
                builtin-infoPlistUtility /Users/carl.stanley/sites/UKCPA/ukcpa_flutter/ios/Runner/Info.plist -producttype com.apple.product-type.application -genpkginfo /Users/carl.stanley/sites/UKCPA/ukcpa_flutter/build/ios/Debug-iphonesimulator/Runner.app/PkgInfo -expandbuildsettings -format binary -platform iphonesimulator -additionalcontentfile /Users/carl.stanley/Library/Developer/Xcode/DerivedData/Runner-dtxbldypbunqjrdrwadgjstoojan/Build/Intermediates.noindex/Runner.build/Debug-iphonesimulator/Runner.build/Base.lproj/LaunchScreen-SBPartialInfo.plist -additionalcontentfile /Users/carl.stanley/Library/Developer/Xcode/DerivedData/Runner-dtxbldypbunqjrdrwadgjstoojan/Build/Intermediates.noindex/Runner.build/Debug-iphonesimulator/Runner.build/Base.lproj/Main-SBPartialInfo.plist -additionalcontentfile /Users/carl.stanley/Library/Developer/Xcode/DerivedData/Runner-dtxbldypbunqjrdrwadgjstoojan/Build/Intermediates.noindex/Runner.build/Debug-iphonesimulator/Runner.build/assetcatalog_generated_info.plist -o /Users/carl.stanley/sites/UKCPA/ukcpa_flutter/build/ios/Debug-iphonesimulator/Runner.app/Info.plist

            PhaseScriptExecution Thin\ Binary /Users/carl.stanley/Library/Developer/Xcode/DerivedData/Runner-dtxbldypbunqjrdrwadgjstoojan/Build/Intermediates.noindex/Runner.build/Debug-iphonesimulator/Runner.build/Script-3B06AD1E1E4923F5004D2608.sh (in target 'Runner' from project 'Runner')
                cd /Users/carl.stanley/sites/UKCPA/ukcpa_flutter/ios
                export ACTION\=build
                export AD_HOC_CODE_SIGNING_ALLOWED\=YES
                export AGGREGATE_TRACKED_DOMAINS\=YES
                export ALLOW_BUILD_REQUEST_OVERRIDES\=NO
                export ALLOW_TARGET_PLATFORM_SPECIALIZATION\=NO
                export ALTERNATE_GROUP\=staff
                export ALTERNATE_MODE\=u+w,go-w,a+rX
                export ALTERNATE_OWNER\=carl.stanley
                export ALTERNATIVE_DISTRIBUTION_WEB\=NO
                export ALWAYS_EMBED_SWIFT_STANDARD_LIBRARIES\=YES
                export ALWAYS_SEARCH_USER_PATHS\=NO
                export ALWAYS_USE_SEPARATE_HEADERMAPS\=NO
                export APPLE_INTERNAL_DEVELOPER_DIR\=/AppleInternal/Developer
                export APPLE_INTERNAL_DIR\=/AppleInternal
                export APPLE_INTERNAL_DOCUMENTATION_DIR\=/AppleInternal/Documentation
                export APPLE_INTERNAL_LIBRARY_DIR\=/AppleInternal/Library
                export APPLE_INTERNAL_TOOLS\=/AppleInternal/Developer/Tools
                export APPLICATION_EXTENSION_API_ONLY\=NO
                export APPLY_RULES_IN_COPY_FILES\=NO
                export APPLY_RULES_IN_COPY_HEADERS\=NO
                export APP_SHORTCUTS_ENABLE_FLEXIBLE_MATCHING\=YES
                export ARCHS\=arm64
                export ARCHS_STANDARD\=arm64\ x86_64
                export ARCHS_STANDARD_32_64_BIT\=arm64\ i386\ x86_64
                export ARCHS_STANDARD_32_BIT\=i386
                export ARCHS_STANDARD_64_BIT\=arm64\ x86_64
                export ARCHS_STANDARD_INCLUDING_64_BIT\=arm64\ x86_64
                export ARCHS_UNIVERSAL_IPHONE_OS\=arm64\ i386\ x86_64
                export ASSETCATALOG_COMPILER_APPICON_NAME\=AppIcon
                export ASSETCATALOG_COMPILER_GENERATE_ASSET_SYMBOLS\=YES
                export ASSETCATALOG_COMPILER_GENERATE_SWIFT_ASSET_SYMBOL_EXTENSIONS\=YES
                export ASSETCATALOG_FILTER_FOR_DEVICE_MODEL\=iPhone17,1
                export ASSETCATALOG_FILTER_FOR_DEVICE_OS_VERSION\=18.0
                export ASSETCATALOG_FILTER_FOR_THINNING_DEVICE_CONFIGURATION\=iPhone17,1
                export AUTOMATICALLY_MERGE_DEPENDENCIES\=NO
                export AVAILABLE_PLATFORMS\=appletvos\ appletvsimulator\ driverkit\ iphoneos\ iphonesimulator\ macosx\ watchos\ watchsimulator\ xros\ xrsimulator
                export AppIdentifierPrefix\=FAKETEAMID.
                export BITCODE_GENERATION_MODE\=marker
                export BUILD_ACTIVE_RESOURCES_ONLY\=YES
                export BUILD_COMPONENTS\=headers\ build
                export BUILD_DIR\=/Users/carl.stanley/sites/UKCPA/ukcpa_flutter/build/ios
                export BUILD_LIBRARY_FOR_DISTRIBUTION\=NO
                export BUILD_ROOT\=/Users/carl.stanley/Library/Developer/Xcode/DerivedData/Runner-dtxbldypbunqjrdrwadgjstoojan/Build/Products
                export BUILD_STYLE\=
                export BUILD_VARIANTS\=normal
                export BUILT_PRODUCTS_DIR\=/Users/carl.stanley/sites/UKCPA/ukcpa_flutter/build/ios/Debug-iphonesimulator
                export BUNDLE_CONTENTS_FOLDER_PATH_deep\=Contents/
                export BUNDLE_EXECUTABLE_FOLDER_NAME_deep\=MacOS
                export BUNDLE_EXTENSIONS_FOLDER_PATH\=Extensions
                export BUNDLE_FORMAT\=shallow
                export BUNDLE_FRAMEWORKS_FOLDER_PATH\=Frameworks
                export BUNDLE_PLUGINS_FOLDER_PATH\=PlugIns
                export BUNDLE_PRIVATE_HEADERS_FOLDER_PATH\=PrivateHeaders
                export BUNDLE_PUBLIC_HEADERS_FOLDER_PATH\=Headers
                export CACHE_ROOT\=/var/folders/20/skb3d8qx2hn9r9z8036y32g40000gp/C/com.apple.DeveloperTools/16.0-16A242d/Xcode
                export CCHROOT\=/var/folders/20/skb3d8qx2hn9r9z8036y32g40000gp/C/com.apple.DeveloperTools/16.0-16A242d/Xcode
                export CHMOD\=/bin/chmod
                export CHOWN\=/usr/sbin/chown
                export CLANG_ANALYZER_NONNULL\=YES
                export CLANG_CACHE_FINE_GRAINED_OUTPUTS\=YES
                export CLANG_CXX_LANGUAGE_STANDARD\=gnu++0x
                export CLANG_CXX_LIBRARY\=libc++
                export CLANG_ENABLE_EXPLICIT_MODULES\=YES
                export CLANG_ENABLE_MODULES\=YES
                export CLANG_ENABLE_OBJC_ARC\=YES
                export CLANG_MODULES_BUILD_SESSION_FILE\=/Users/carl.stanley/Library/Developer/Xcode/DerivedData/ModuleCache.noindex/Session.modulevalidation
                export CLANG_WARN_BLOCK_CAPTURE_AUTORELEASING\=YES
                export CLANG_WARN_BOOL_CONVERSION\=YES
                export CLANG_WARN_COMMA\=YES
                export CLANG_WARN_CONSTANT_CONVERSION\=YES
                export CLANG_WARN_DEPRECATED_OBJC_IMPLEMENTATIONS\=YES
                export CLANG_WARN_DIRECT_OBJC_ISA_USAGE\=YES_ERROR
                export CLANG_WARN_EMPTY_BODY\=YES
                export CLANG_WARN_ENUM_CONVERSION\=YES
                export CLANG_WARN_INFINITE_RECURSION\=YES
                export CLANG_WARN_INT_CONVERSION\=YES
                export CLANG_WARN_NON_LITERAL_NULL_CONVERSION\=YES
                export CLANG_WARN_OBJC_IMPLICIT_RETAIN_SELF\=YES
                export CLANG_WARN_OBJC_LITERAL_CONVERSION\=YES
                export CLANG_WARN_OBJC_ROOT_CLASS\=YES_ERROR
                export CLANG_WARN_QUOTED_INCLUDE_IN_FRAMEWORK_HEADER\=NO
                export CLANG_WARN_RANGE_LOOP_ANALYSIS\=YES
                export CLANG_WARN_STRICT_PROTOTYPES\=YES
                export CLANG_WARN_SUSPICIOUS_MOVE\=YES
                export CLANG_WARN_UNREACHABLE_CODE\=YES
                export CLANG_WARN__DUPLICATE_METHOD_MATCH\=YES
                export CLASS_FILE_DIR\=/Users/carl.stanley/Library/Developer/Xcode/DerivedData/Runner-dtxbldypbunqjrdrwadgjstoojan/Build/Intermediates.noindex/Runner.build/Debug-iphonesimulator/Runner.build/JavaClasses
                export CLEAN_PRECOMPS\=YES
                export CLONE_HEADERS\=NO
                export COCOAPODS_PARALLEL_CODE_SIGN\=true
                export CODESIGNING_FOLDER_PATH\=/Users/carl.stanley/sites/UKCPA/ukcpa_flutter/build/ios/Debug-iphonesimulator/Runner.app
                export CODE_SIGNING_ALLOWED\=YES
                export CODE_SIGNING_REQUIRED\=YES
                export CODE_SIGN_CONTEXT_CLASS\=XCiPhoneSimulatorCodeSignContext
                export CODE_SIGN_IDENTITY\=-
                export CODE_SIGN_INJECT_BASE_ENTITLEMENTS\=YES
                export COLOR_DIAGNOSTICS\=NO
                export COMBINE_HIDPI_IMAGES\=NO
                export COMPILATION_CACHE_CAS_PATH\=/Users/carl.stanley/Library/Developer/Xcode/DerivedData/CompilationCache.noindex
                export COMPILATION_CACHE_KEEP_CAS_DIRECTORY\=YES
                export COMPILER_INDEX_STORE_ENABLE\=NO
                export COMPOSITE_SDK_DIRS\=/Users/carl.stanley/Library/Developer/Xcode/DerivedData/Runner-dtxbldypbunqjrdrwadgjstoojan/Build/Intermediates.noindex/CompositeSDKs
                export COMPRESS_PNG_FILES\=YES
                export CONFIGURATION\=Debug
                export CONFIGURATION_BUILD_DIR\=/Users/carl.stanley/sites/UKCPA/ukcpa_flutter/build/ios/Debug-iphonesimulator
                export CONFIGURATION_TEMP_DIR\=/Users/carl.stanley/Library/Developer/Xcode/DerivedData/Runner-dtxbldypbunqjrdrwadgjstoojan/Build/Intermediates.noindex/Runner.build/Debug-iphonesimulator
                export CONTENTS_FOLDER_PATH\=Runner.app
                export CONTENTS_FOLDER_PATH_SHALLOW_BUNDLE_NO\=Runner.app/Contents
                export CONTENTS_FOLDER_PATH_SHALLOW_BUNDLE_YES\=Runner.app
                export COPYING_PRESERVES_HFS_DATA\=NO
                export COPY_HEADERS_RUN_UNIFDEF\=NO
                export COPY_PHASE_STRIP\=NO
                export CORRESPONDING_DEVICE_PLATFORM_DIR\=/Applications/Xcode.app/Contents/Developer/Platforms/iPhoneOS.platform
                export CORRESPONDING_DEVICE_PLATFORM_NAME\=iphoneos
                export CORRESPONDING_DEVICE_SDK_DIR\=/Applications/Xcode.app/Contents/Developer/Platforms/iPhoneOS.platform/Developer/SDKs/iPhoneOS18.0.sdk
                export CORRESPONDING_DEVICE_SDK_NAME\=iphoneos18.0
                export CP\=/bin/cp
                export CREATE_INFOPLIST_SECTION_IN_BINARY\=NO
                export CURRENT_ARCH\=undefined_arch
                export CURRENT_PROJECT_VERSION\=1
                export CURRENT_VARIANT\=normal
                export DART_DEFINES\=RkxVVFRFUl9WRVJTSU9OPTMuMzIuOA\=\=,RkxVVFRFUl9DSEFOTkVMPXN0YWJsZQ\=\=,RkxVVFRFUl9HSVRfVVJMPWh0dHBzOi8vZ2l0aHViLmNvbS9mbHV0dGVyL2ZsdXR0ZXIuZ2l0,RkxVVFRFUl9GUkFNRVdPUktfUkVWSVNJT049ZWRhZGE3YzU2ZQ\=\=,RkxVVFRFUl9FTkdJTkVfUkVWSVNJT049ZWYwY2QwMDA5MQ\=\=,RkxVVFRFUl9EQVJUX1ZFUlNJT049My44LjE\=,SU5URUdSQVRJT05fVEVTVF9TSE9VTERfUkVQT1JUX1JFU1VMVFNfVE9fTkFUSVZFPWZhbHNl
                export DART_OBFUSCATION\=false
                export DEAD_CODE_STRIPPING\=YES
                export DEBUGGING_SYMBOLS\=YES
                export DEBUG_INFORMATION_FORMAT\=dwarf
                export DEBUG_INFORMATION_VERSION\=compiler-default
                export DEFAULT_COMPILER\=com.apple.compilers.llvm.clang.1_0
                export DEFAULT_DEXT_INSTALL_PATH\=/System/Library/DriverExtensions
                export DEFAULT_KEXT_INSTALL_PATH\=/System/Library/Extensions
                export DEFINES_MODULE\=NO
                export DEPLOYMENT_LOCATION\=NO
                export DEPLOYMENT_POSTPROCESSING\=NO
                export DEPLOYMENT_TARGET_SETTING_NAME\=IPHONEOS_DEPLOYMENT_TARGET
                export DEPLOYMENT_TARGET_SUGGESTED_VALUES\=12.0\ 12.1\ 12.2\ 12.3\ 12.4\ 13.0\ 13.1\ 13.2\ 13.3\ 13.4\ 13.5\ 13.6\ 14.0\ 14.1\ 14.2\ 14.3\ 14.4\ 14.5\ 14.6\ 14.7\ 15.0\ 15.1\ 15.2\ 15.3\ 15.4\ 15.5\ 15.6\ 16.0\ 16.1\ 16.2\ 16.3\ 16.4\ 16.5\ 16.6\ 17.0\ 17.1\ 17.2\ 17.3\ 17.4\ 17.5\ 17.6\ 18.0
                export DERIVED_FILES_DIR\=/Users/carl.stanley/Library/Developer/Xcode/DerivedData/Runner-dtxbldypbunqjrdrwadgjstoojan/Build/Intermediates.noindex/Runner.build/Debug-iphonesimulator/Runner.build/DerivedSources
                export DERIVED_FILE_DIR\=/Users/carl.stanley/Library/Developer/Xcode/DerivedData/Runner-dtxbldypbunqjrdrwadgjstoojan/Build/Intermediates.noindex/Runner.build/Debug-iphonesimulator/Runner.build/DerivedSources
                export DERIVED_SOURCES_DIR\=/Users/carl.stanley/Library/Developer/Xcode/DerivedData/Runner-dtxbldypbunqjrdrwadgjstoojan/Build/Intermediates.noindex/Runner.build/Debug-iphonesimulator/Runner.build/DerivedSources
                export DEVELOPER_APPLICATIONS_DIR\=/Applications/Xcode.app/Contents/Developer/Applications
                export DEVELOPER_BIN_DIR\=/Applications/Xcode.app/Contents/Developer/usr/bin
                export DEVELOPER_DIR\=/Applications/Xcode.app/Contents/Developer
                export DEVELOPER_FRAMEWORKS_DIR\=/Applications/Xcode.app/Contents/Developer/Library/Frameworks
                export DEVELOPER_FRAMEWORKS_DIR_QUOTED\=/Applications/Xcode.app/Contents/Developer/Library/Frameworks
                export DEVELOPER_LIBRARY_DIR\=/Applications/Xcode.app/Contents/Developer/Library
                export DEVELOPER_SDK_DIR\=/Applications/Xcode.app/Contents/Developer/Platforms/MacOSX.platform/Developer/SDKs
                export DEVELOPER_TOOLS_DIR\=/Applications/Xcode.app/Contents/Developer/Tools
                export DEVELOPER_USR_DIR\=/Applications/Xcode.app/Contents/Developer/usr
                export DEVELOPMENT_LANGUAGE\=en
                export DIFF\=/usr/bin/diff
                export DOCUMENTATION_FOLDER_PATH\=Runner.app/en.lproj/Documentation
                export DONT_GENERATE_INFOPLIST_FILE\=NO
                export DSTROOT\=/tmp/Runner.dst
                export DT_TOOLCHAIN_DIR\=/Applications/Xcode.app/Contents/Developer/Toolchains/XcodeDefault.xctoolchain
                export DWARF_DSYM_FILE_NAME\=Runner.app.dSYM
                export DWARF_DSYM_FILE_SHOULD_ACCOMPANY_PRODUCT\=NO
                export DWARF_DSYM_FOLDER_PATH\=/Users/carl.stanley/sites/UKCPA/ukcpa_flutter/build/ios/Debug-iphonesimulator
                export DYNAMIC_LIBRARY_EXTENSION\=dylib
                export EAGER_COMPILATION_ALLOW_SCRIPTS\=NO
                export EAGER_LINKING\=NO
                export EFFECTIVE_PLATFORM_NAME\=-iphonesimulator
                export EMBEDDED_CONTENT_CONTAINS_SWIFT\=NO
                export EMBED_ASSET_PACKS_IN_PRODUCT_BUNDLE\=NO
                export ENABLE_APP_SANDBOX\=NO
                export ENABLE_BITCODE\=NO
                export ENABLE_CODE_COVERAGE\=YES
                export ENABLE_DEBUG_DYLIB\=YES
                export ENABLE_DEFAULT_HEADER_SEARCH_PATHS\=YES
                export ENABLE_DEFAULT_SEARCH_PATHS\=YES
                export ENABLE_HARDENED_RUNTIME\=NO
                export ENABLE_HEADER_DEPENDENCIES\=YES
                export ENABLE_ON_DEMAND_RESOURCES\=YES
                export ENABLE_PREVIEWS\=NO
                export ENABLE_STRICT_OBJC_MSGSEND\=YES
                export ENABLE_TESTABILITY\=YES
                export ENABLE_TESTING_SEARCH_PATHS\=NO
                export ENABLE_USER_SCRIPT_SANDBOXING\=NO
                export ENABLE_XOJIT_PREVIEWS\=YES
                export ENTITLEMENTS_ALLOWED\=NO
                export ENTITLEMENTS_DESTINATION\=__entitlements
                export ENTITLEMENTS_REQUIRED\=NO
                export EXCLUDED_ARCHS\=i386
                export EXCLUDED_INSTALLSRC_SUBDIRECTORY_PATTERNS\=.DS_Store\ .svn\ .git\ .hg\ CVS
                export EXCLUDED_RECURSIVE_SEARCH_PATH_SUBDIRECTORIES\=\*.nib\ \*.lproj\ \*.framework\ \*.gch\ \*.xcode\*\ \*.xcassets\ \(\*\)\ .DS_Store\ CVS\ .svn\ .git\ .hg\ \*.pbproj\ \*.pbxproj
                export EXECUTABLES_FOLDER_PATH\=Runner.app/Executables
                export EXECUTABLE_BLANK_INJECTION_DYLIB_PATH\=Runner.app/__preview.dylib
                export EXECUTABLE_DEBUG_DYLIB_INSTALL_NAME\=@rpath/Runner.debug.dylib
                export EXECUTABLE_DEBUG_DYLIB_PATH\=Runner.app/Runner.debug.dylib
                export EXECUTABLE_FOLDER_PATH\=Runner.app
                export EXECUTABLE_FOLDER_PATH_SHALLOW_BUNDLE_NO\=Runner.app/MacOS
                export EXECUTABLE_FOLDER_PATH_SHALLOW_BUNDLE_YES\=Runner.app
                export EXECUTABLE_NAME\=Runner
                export EXECUTABLE_PATH\=Runner.app/Runner
                export EXPANDED_CODE_SIGN_IDENTITY\=-
                export EXPANDED_CODE_SIGN_IDENTITY_NAME\=Sign\ to\ Run\ Locally
                export EXTENSIONS_FOLDER_PATH\=Runner.app/Extensions
                export FILE_LIST\=/Users/carl.stanley/Library/Developer/Xcode/DerivedData/Runner-dtxbldypbunqjrdrwadgjstoojan/Build/Intermediates.noindex/Runner.build/Debug-iphonesimulator/Runner.build/Objects/LinkFileList
                export FIXED_FILES_DIR\=/Users/carl.stanley/Library/Developer/Xcode/DerivedData/Runner-dtxbldypbunqjrdrwadgjstoojan/Build/Intermediates.noindex/Runner.build/Debug-iphonesimulator/Runner.build/FixedFiles
                export FLUTTER_APPLICATION_PATH\=/Users/carl.stanley/sites/UKCPA/ukcpa_flutter
                export FLUTTER_BUILD_DIR\=build
                export FLUTTER_BUILD_NAME\=1.0.0
                export FLUTTER_BUILD_NUMBER\=1
                export FLUTTER_ROOT\=/Users/carl.stanley/development/flutter
                export FLUTTER_SUPPRESS_ANALYTICS\=true
                export FLUTTER_TARGET\=/var/folders/20/skb3d8qx2hn9r9z8036y32g40000gp/T/flutter_tools.MwIZIg/flutter_test_listener.FhRBLo/listener.dart
                export FRAMEWORKS_FOLDER_PATH\=Runner.app/Frameworks
                export FRAMEWORK_FLAG_PREFIX\=-framework
                export FRAMEWORK_SEARCH_PATHS\=/Users/carl.stanley/sites/UKCPA/ukcpa_flutter/build/ios/Debug-iphonesimulator\ \ \"/Users/carl.stanley/sites/UKCPA/ukcpa_flutter/build/ios/Debug-iphonesimulator/ReachabilitySwift\"\ \"/Users/carl.stanley/sites/UKCPA/ukcpa_flutter/build/ios/Debug-iphonesimulator/TOCropViewController\"\ \"/Users/carl.stanley/sites/UKCPA/ukcpa_flutter/build/ios/Debug-iphonesimulator/connectivity_plus\"\ \"/Users/carl.stanley/sites/UKCPA/ukcpa_flutter/build/ios/Debug-iphonesimulator/device_info_plus\"\ \"/Users/carl.stanley/sites/UKCPA/ukcpa_flutter/build/ios/Debug-iphonesimulator/flutter_secure_storage\"\ \"/Users/carl.stanley/sites/UKCPA/ukcpa_flutter/build/ios/Debug-iphonesimulator/image_cropper\"\ \"/Users/carl.stanley/sites/UKCPA/ukcpa_flutter/build/ios/Debug-iphonesimulator/image_picker_ios\"\ \"/Users/carl.stanley/sites/UKCPA/ukcpa_flutter/build/ios/Debug-iphonesimulator/integration_test\"\ \"/Users/carl.stanley/sites/UKCPA/ukcpa_flutter/build/ios/Debug-iphonesimulator/local_auth_darwin\"\ \"/Users/carl.stanley/sites/UKCPA/ukcpa_flutter/build/ios/Debug-iphonesimulator/package_info_plus\"\ \"/Users/carl.stanley/sites/UKCPA/ukcpa_flutter/build/ios/Debug-iphonesimulator/path_provider_foundation\"\ \"/Users/carl.stanley/sites/UKCPA/ukcpa_flutter/build/ios/Debug-iphonesimulator/permission_handler_apple\"\ \"/Users/carl.stanley/sites/UKCPA/ukcpa_flutter/build/ios/Debug-iphonesimulator/share_plus\"\ \"/Users/carl.stanley/sites/UKCPA/ukcpa_flutter/build/ios/Debug-iphonesimulator/shared_preferences_foundation\"\ \"/Users/carl.stanley/sites/UKCPA/ukcpa_flutter/build/ios/Debug-iphonesimulator/sqflite_darwin\"\ \"/Users/carl.stanley/sites/UKCPA/ukcpa_flutter/build/ios/Debug-iphonesimulator/url_launcher_ios\"\ \"/Users/carl.stanley/sites/UKCPA/ukcpa_flutter/build/ios/Debug-iphonesimulator/video_player_avfoundation\"\ \"/Users/carl.stanley/sites/UKCPA/ukcpa_flutter/build/ios/Debug-iphonesimulator/wakelock_plus\"
                export FRAMEWORK_VERSION\=A
                export FULL_PRODUCT_NAME\=Runner.app
                export FUSE_BUILD_PHASES\=YES
                export FUSE_BUILD_SCRIPT_PHASES\=NO
                export GCC3_VERSION\=3.3
                export GCC_C_LANGUAGE_STANDARD\=gnu99
                export GCC_DYNAMIC_NO_PIC\=NO
                export GCC_INLINES_ARE_PRIVATE_EXTERN\=YES
                export GCC_NO_COMMON_BLOCKS\=YES
                export GCC_OBJC_LEGACY_DISPATCH\=YES
                export GCC_OPTIMIZATION_LEVEL\=0
                export GCC_PFE_FILE_C_DIALECTS\=c\ objective-c\ c++\ objective-c++
                export GCC_PREPROCESSOR_DEFINITIONS\=DEBUG\=1\ \ COCOAPODS\=1
                export GCC_SYMBOLS_PRIVATE_EXTERN\=NO
                export GCC_TREAT_WARNINGS_AS_ERRORS\=NO
                export GCC_VERSION\=com.apple.compilers.llvm.clang.1_0
                export GCC_VERSION_IDENTIFIER\=com_apple_compilers_llvm_clang_1_0
                export GCC_WARN_64_TO_32_BIT_CONVERSION\=YES
                export GCC_WARN_ABOUT_RETURN_TYPE\=YES_ERROR
                export GCC_WARN_UNDECLARED_SELECTOR\=YES
                export GCC_WARN_UNINITIALIZED_AUTOS\=YES_AGGRESSIVE
                export GCC_WARN_UNUSED_FUNCTION\=YES
                export GCC_WARN_UNUSED_VARIABLE\=YES
                export GENERATED_MODULEMAP_DIR\=/Users/carl.stanley/Library/Developer/Xcode/DerivedData/Runner-dtxbldypbunqjrdrwadgjstoojan/Build/Intermediates.noindex/GeneratedModuleMaps-iphonesimulator
                export GENERATE_INFOPLIST_FILE\=NO
                export GENERATE_INTERMEDIATE_TEXT_BASED_STUBS\=YES
                export GENERATE_MASTER_OBJECT_FILE\=NO
                export GENERATE_PKGINFO_FILE\=YES
                export GENERATE_PROFILING_CODE\=NO
                export GENERATE_TEXT_BASED_STUBS\=NO
                export GID\=20
                export GROUP\=staff
                export HEADERMAP_INCLUDES_FLAT_ENTRIES_FOR_TARGET_BEING_BUILT\=YES
                export HEADERMAP_INCLUDES_FRAMEWORK_ENTRIES_FOR_ALL_PRODUCT_TYPES\=YES
                export HEADERMAP_INCLUDES_FRAMEWORK_ENTRIES_FOR_TARGETS_NOT_BEING_BUILT\=YES
                export HEADERMAP_INCLUDES_NONPUBLIC_NONPRIVATE_HEADERS\=YES
                export HEADERMAP_INCLUDES_PROJECT_HEADERS\=YES
                export HEADERMAP_USES_FRAMEWORK_PREFIX_ENTRIES\=YES
                export HEADERMAP_USES_VFS\=NO
                export HEADER_SEARCH_PATHS\=/Users/carl.stanley/sites/UKCPA/ukcpa_flutter/build/ios/Debug-iphonesimulator/include\ \ \"/Users/carl.stanley/sites/UKCPA/ukcpa_flutter/build/ios/Debug-iphonesimulator/ReachabilitySwift/Reachability.framework/Headers\"\ \"/Users/carl.stanley/sites/UKCPA/ukcpa_flutter/build/ios/Debug-iphonesimulator/TOCropViewController/TOCropViewController.framework/Headers\"\ \"/Users/carl.stanley/sites/UKCPA/ukcpa_flutter/build/ios/Debug-iphonesimulator/connectivity_plus/connectivity_plus.framework/Headers\"\ \"/Users/carl.stanley/sites/UKCPA/ukcpa_flutter/build/ios/Debug-iphonesimulator/device_info_plus/device_info_plus.framework/Headers\"\ \"/Users/carl.stanley/sites/UKCPA/ukcpa_flutter/build/ios/Debug-iphonesimulator/flutter_secure_storage/flutter_secure_storage.framework/Headers\"\ \"/Users/carl.stanley/sites/UKCPA/ukcpa_flutter/build/ios/Debug-iphonesimulator/image_cropper/image_cropper.framework/Headers\"\ \"/Users/carl.stanley/sites/UKCPA/ukcpa_flutter/build/ios/Debug-iphonesimulator/image_picker_ios/image_picker_ios.framework/Headers\"\ \"/Users/carl.stanley/sites/UKCPA/ukcpa_flutter/build/ios/Debug-iphonesimulator/integration_test/integration_test.framework/Headers\"\ \"/Users/carl.stanley/sites/UKCPA/ukcpa_flutter/build/ios/Debug-iphonesimulator/local_auth_darwin/local_auth_darwin.framework/Headers\"\ \"/Users/carl.stanley/sites/UKCPA/ukcpa_flutter/build/ios/Debug-iphonesimulator/package_info_plus/package_info_plus.framework/Headers\"\ \"/Users/carl.stanley/sites/UKCPA/ukcpa_flutter/build/ios/Debug-iphonesimulator/path_provider_foundation/path_provider_foundation.framework/Headers\"\ \"/Users/carl.stanley/sites/UKCPA/ukcpa_flutter/build/ios/Debug-iphonesimulator/permission_handler_apple/permission_handler_apple.framework/Headers\"\ \"/Users/carl.stanley/sites/UKCPA/ukcpa_flutter/build/ios/Debug-iphonesimulator/share_plus/share_plus.framework/Headers\"\ \"/Users/carl.stanley/sites/UKCPA/ukcpa_flutter/build/ios/Debug-iphonesimulator/shared_preferences_foundation/shared_preferences_foundation.framework/Headers\"\ \"/Users/carl.stanley/sites/UKCPA/ukcpa_flutter/build/ios/Debug-iphonesimulator/sqflite_darwin/sqflite_darwin.framework/Headers\"\ \"/Users/carl.stanley/sites/UKCPA/ukcpa_flutter/build/ios/Debug-iphonesimulator/url_launcher_ios/url_launcher_ios.framework/Headers\"\ \"/Users/carl.stanley/sites/UKCPA/ukcpa_flutter/build/ios/Debug-iphonesimulator/video_player_avfoundation/video_player_avfoundation.framework/Headers\"\ \"/Users/carl.stanley/sites/UKCPA/ukcpa_flutter/build/ios/Debug-iphonesimulator/wakelock_plus/wakelock_plus.framework/Headers\"
                export HIDE_BITCODE_SYMBOLS\=YES
                export HOME\=/Users/carl.stanley
                export HOST_ARCH\=arm64
                export HOST_PLATFORM\=macosx
                export ICONV\=/usr/bin/iconv
                export IMPLICIT_DEPENDENCY_DOMAIN\=default
                export INFOPLIST_ENABLE_CFBUNDLEICONS_MERGE\=YES
                export INFOPLIST_EXPAND_BUILD_SETTINGS\=YES
                export INFOPLIST_FILE\=Runner/Info.plist
                export INFOPLIST_OUTPUT_FORMAT\=binary
                export INFOPLIST_PATH\=Runner.app/Info.plist
                export INFOPLIST_PREPROCESS\=NO
                export INFOSTRINGS_PATH\=Runner.app/en.lproj/InfoPlist.strings
                export INLINE_PRIVATE_FRAMEWORKS\=NO
                export INSTALLHDRS_COPY_PHASE\=NO
                export INSTALLHDRS_SCRIPT_PHASE\=NO
                export INSTALL_DIR\=/tmp/Runner.dst/Applications
                export INSTALL_GROUP\=staff
                export INSTALL_MODE_FLAG\=u+w,go-w,a+rX
                export INSTALL_OWNER\=carl.stanley
                export INSTALL_PATH\=/Applications
                export INSTALL_ROOT\=/tmp/Runner.dst
                export IPHONEOS_DEPLOYMENT_TARGET\=12.0
                export IS_UNOPTIMIZED_BUILD\=YES
                export JAVAC_DEFAULT_FLAGS\=-J-Xms64m\ -J-XX:NewSize\=4M\ -J-Dfile.encoding\=UTF8
                export JAVA_APP_STUB\=/System/Library/Frameworks/JavaVM.framework/Resources/MacOS/JavaApplicationStub
                export JAVA_ARCHIVE_CLASSES\=YES
                export JAVA_ARCHIVE_TYPE\=JAR
                export JAVA_COMPILER\=/usr/bin/javac
                export JAVA_FOLDER_PATH\=Runner.app/Java
                export JAVA_FRAMEWORK_RESOURCES_DIRS\=Resources
                export JAVA_JAR_FLAGS\=cv
                export JAVA_SOURCE_SUBDIR\=.
                export JAVA_USE_DEPENDENCIES\=YES
                export JAVA_ZIP_FLAGS\=-urg
                export JIKES_DEFAULT_FLAGS\=+E\ +OLDCSO
                export KEEP_PRIVATE_EXTERNS\=NO
                export LD_DEPENDENCY_INFO_FILE\=/Users/carl.stanley/Library/Developer/Xcode/DerivedData/Runner-dtxbldypbunqjrdrwadgjstoojan/Build/Intermediates.noindex/Runner.build/Debug-iphonesimulator/Runner.build/Objects-normal/undefined_arch/Runner_dependency_info.dat
                export LD_ENTITLEMENTS_SECTION\=/Users/carl.stanley/Library/Developer/Xcode/DerivedData/Runner-dtxbldypbunqjrdrwadgjstoojan/Build/Intermediates.noindex/Runner.build/Debug-iphonesimulator/Runner.build/Runner.app-Simulated.xcent
                export LD_ENTITLEMENTS_SECTION_DER\=/Users/carl.stanley/Library/Developer/Xcode/DerivedData/Runner-dtxbldypbunqjrdrwadgjstoojan/Build/Intermediates.noindex/Runner.build/Debug-iphonesimulator/Runner.build/Runner.app-Simulated.xcent.der
                export LD_EXPORT_SYMBOLS\=YES
                export LD_GENERATE_MAP_FILE\=NO
                export LD_MAP_FILE_PATH\=/Users/carl.stanley/Library/Developer/Xcode/DerivedData/Runner-dtxbldypbunqjrdrwadgjstoojan/Build/Intermediates.noindex/Runner.build/Debug-iphonesimulator/Runner.build/Runner-LinkMap-normal-undefined_arch.txt
                export LD_NO_PIE\=NO
                export LD_QUOTE_LINKER_ARGUMENTS_FOR_COMPILER_DRIVER\=YES
                export LD_RUNPATH_SEARCH_PATHS\=\ /usr/lib/swift\ \'@executable_path/Frameworks\'\ \'@loader_path/Frameworks\'\ @executable_path/Frameworks
                export LD_RUNPATH_SEARCH_PATHS_YES\=@loader_path/../Frameworks
                export LD_SHARED_CACHE_ELIGIBLE\=Automatic
                export LD_WARN_DUPLICATE_LIBRARIES\=NO
                export LD_WARN_UNUSED_DYLIBS\=NO
                export LEGACY_DEVELOPER_DIR\=/Applications/Xcode.app/Contents/PlugIns/Xcode3Core.ideplugin/Contents/SharedSupport/Developer
                export LEX\=lex
                export LIBRARY_DEXT_INSTALL_PATH\=/Library/DriverExtensions
                export LIBRARY_FLAG_NOSPACE\=YES
                export LIBRARY_FLAG_PREFIX\=-l
                export LIBRARY_KEXT_INSTALL_PATH\=/Library/Extensions
                export LIBRARY_SEARCH_PATHS\=/Users/carl.stanley/sites/UKCPA/ukcpa_flutter/build/ios/Debug-iphonesimulator\ /Applications/Xcode.app/Contents/Developer/Toolchains/XcodeDefault.xctoolchain/usr/lib/swift/iphonesimulator\ /Applications/Xcode.app/Contents/Developer/Platforms/iPhoneSimulator.platform/Developer/SDKs/iPhoneSimulator18.0.sdk/usr/lib/swift\ /Applications/Xcode.app/Contents/Developer/Toolchains/XcodeDefault.xctoolchain/usr/lib/swift/iphonesimulator/\ /Applications/Xcode.app/Contents/Developer/Platforms/iPhoneSimulator.platform/Developer/SDKs/iPhoneSimulator18.0.sdk/usr/lib/swift
                export LINKER_DISPLAYS_MANGLED_NAMES\=NO
                export LINK_FILE_LIST_normal_arm64\=/Users/carl.stanley/Library/Developer/Xcode/DerivedData/Runner-dtxbldypbunqjrdrwadgjstoojan/Build/Intermediates.noindex/Runner.build/Debug-iphonesimulator/Runner.build/Objects-normal/arm64/Runner.LinkFileList
                export LINK_OBJC_RUNTIME\=YES
                export LINK_WITH_STANDARD_LIBRARIES\=YES
                export LLVM_TARGET_TRIPLE_OS_VERSION\=ios12.0
                export LLVM_TARGET_TRIPLE_SUFFIX\=-simulator
                export LLVM_TARGET_TRIPLE_VENDOR\=apple
                export LM_AUX_CONST_METADATA_LIST_PATH_normal_arm64\=/Users/carl.stanley/Library/Developer/Xcode/DerivedData/Runner-dtxbldypbunqjrdrwadgjstoojan/Build/Intermediates.noindex/Runner.build/Debug-iphonesimulator/Runner.build/Objects-normal/arm64/Runner.SwiftConstValuesFileList
                export LOCALIZATION_EXPORT_SUPPORTED\=YES
                export LOCALIZATION_PREFERS_STRING_CATALOGS\=NO
                export LOCALIZED_RESOURCES_FOLDER_PATH\=Runner.app/en.lproj
                export LOCALIZED_STRING_MACRO_NAMES\=NSLocalizedString\ CFCopyLocalizedString
                export LOCALIZED_STRING_SWIFTUI_SUPPORT\=YES
                export LOCAL_ADMIN_APPS_DIR\=/Applications/Utilities
                export LOCAL_APPS_DIR\=/Applications
                export LOCAL_DEVELOPER_DIR\=/Library/Developer
                export LOCAL_LIBRARY_DIR\=/Library
                export LOCROOT\=/Users/carl.stanley/sites/UKCPA/ukcpa_flutter/ios
                export LOCSYMROOT\=/Users/carl.stanley/sites/UKCPA/ukcpa_flutter/ios
                export MACH_O_TYPE\=mh_execute
                export MAC_OS_X_PRODUCT_BUILD_VERSION\=24G84
                export MAC_OS_X_VERSION_ACTUAL\=150600
                export MAC_OS_X_VERSION_MAJOR\=150000
                export MAC_OS_X_VERSION_MINOR\=150600
                export MAKE_MERGEABLE\=NO
                export MERGEABLE_LIBRARY\=NO
                export MERGED_BINARY_TYPE\=none
                export MERGE_LINKED_LIBRARIES\=NO
                export METAL_LIBRARY_FILE_BASE\=default
                export METAL_LIBRARY_OUTPUT_DIR\=/Users/carl.stanley/sites/UKCPA/ukcpa_flutter/build/ios/Debug-iphonesimulator/Runner.app
                export MODULES_FOLDER_PATH\=Runner.app/Modules
                export MODULE_CACHE_DIR\=/Users/carl.stanley/Library/Developer/Xcode/DerivedData/ModuleCache.noindex
                export MTL_ENABLE_DEBUG_INFO\=YES
                export NATIVE_ARCH\=arm64
                export NATIVE_ARCH_32_BIT\=arm
                export NATIVE_ARCH_64_BIT\=arm64
                export NATIVE_ARCH_ACTUAL\=arm64
                export NO_COMMON\=YES
                export OBJC_ABI_VERSION\=2
                export OBJECT_FILE_DIR\=/Users/carl.stanley/Library/Developer/Xcode/DerivedData/Runner-dtxbldypbunqjrdrwadgjstoojan/Build/Intermediates.noindex/Runner.build/Debug-iphonesimulator/Runner.build/Objects
                export OBJECT_FILE_DIR_normal\=/Users/carl.stanley/Library/Developer/Xcode/DerivedData/Runner-dtxbldypbunqjrdrwadgjstoojan/Build/Intermediates.noindex/Runner.build/Debug-iphonesimulator/Runner.build/Objects-normal
                export OBJROOT\=/Users/carl.stanley/Library/Developer/Xcode/DerivedData/Runner-dtxbldypbunqjrdrwadgjstoojan/Build/Intermediates.noindex
                export ONLY_ACTIVE_ARCH\=YES
                export OS\=MACOS
                export OSAC\=/usr/bin/osacompile
                export OTHER_LDFLAGS\=\ -ObjC\ -framework\ \"CoreTelephony\"\ -framework\ \"Reachability\"\ -framework\ \"SystemConfiguration\"\ -framework\ \"TOCropViewController\"\ -framework\ \"UIKit\"\ -framework\ \"connectivity_plus\"\ -framework\ \"device_info_plus\"\ -framework\ \"flutter_secure_storage\"\ -framework\ \"image_cropper\"\ -framework\ \"image_picker_ios\"\ -framework\ \"integration_test\"\ -framework\ \"local_auth_darwin\"\ -framework\ \"package_info_plus\"\ -framework\ \"path_provider_foundation\"\ -framework\ \"permission_handler_apple\"\ -framework\ \"share_plus\"\ -framework\ \"shared_preferences_foundation\"\ -framework\ \"sqflite_darwin\"\ -framework\ \"url_launcher_ios\"\ -framework\ \"video_player_avfoundation\"\ -framework\ \"wakelock_plus\"\ -weak_framework\ \"LinkPresentation\"
                export OTHER_MODULE_VERIFIER_FLAGS\=\ \"-F/Users/carl.stanley/sites/UKCPA/ukcpa_flutter/build/ios/Debug-iphonesimulator/Flutter\"\ \"-F/Users/carl.stanley/sites/UKCPA/ukcpa_flutter/build/ios/Debug-iphonesimulator/ReachabilitySwift\"\ \"-F/Users/carl.stanley/sites/UKCPA/ukcpa_flutter/build/ios/Debug-iphonesimulator/TOCropViewController\"\ \"-F/Users/carl.stanley/sites/UKCPA/ukcpa_flutter/build/ios/Debug-iphonesimulator/connectivity_plus\"\ \"-F/Users/carl.stanley/sites/UKCPA/ukcpa_flutter/build/ios/Debug-iphonesimulator/device_info_plus\"\ \"-F/Users/carl.stanley/sites/UKCPA/ukcpa_flutter/build/ios/Debug-iphonesimulator/flutter_secure_storage\"\ \"-F/Users/carl.stanley/sites/UKCPA/ukcpa_flutter/build/ios/Debug-iphonesimulator/image_cropper\"\ \"-F/Users/carl.stanley/sites/UKCPA/ukcpa_flutter/build/ios/Debug-iphonesimulator/image_picker_ios\"\ \"-F/Users/carl.stanley/sites/UKCPA/ukcpa_flutter/build/ios/Debug-iphonesimulator/integration_test\"\ \"-F/Users/carl.stanley/sites/UKCPA/ukcpa_flutter/build/ios/Debug-iphonesimulator/local_auth_darwin\"\ \"-F/Users/carl.stanley/sites/UKCPA/ukcpa_flutter/build/ios/Debug-iphonesimulator/package_info_plus\"\ \"-F/Users/carl.stanley/sites/UKCPA/ukcpa_flutter/build/ios/Debug-iphonesimulator/path_provider_foundation\"\ \"-F/Users/carl.stanley/sites/UKCPA/ukcpa_flutter/build/ios/Debug-iphonesimulator/permission_handler_apple\"\ \"-F/Users/carl.stanley/sites/UKCPA/ukcpa_flutter/build/ios/Debug-iphonesimulator/share_plus\"\ \"-F/Users/carl.stanley/sites/UKCPA/ukcpa_flutter/build/ios/Debug-iphonesimulator/shared_preferences_foundation\"\ \"-F/Users/carl.stanley/sites/UKCPA/ukcpa_flutter/build/ios/Debug-iphonesimulator/sqflite_darwin\"\ \"-F/Users/carl.stanley/sites/UKCPA/ukcpa_flutter/build/ios/Debug-iphonesimulator/url_launcher_ios\"\ \"-F/Users/carl.stanley/sites/UKCPA/ukcpa_flutter/build/ios/Debug-iphonesimulator/video_player_avfoundation\"\ \"-F/Users/carl.stanley/sites/UKCPA/ukcpa_flutter/build/ios/Debug-iphonesimulator/wakelock_plus\"
                export OTHER_SWIFT_FLAGS\=\ -D\ COCOAPODS
                export PACKAGE_CONFIG\=/Users/carl.stanley/sites/UKCPA/ukcpa_flutter/.dart_tool/package_config.json
                export PACKAGE_TYPE\=com.apple.package-type.wrapper.application
                export PASCAL_STRINGS\=YES
                export PATH\=/Applications/Xcode.app/Contents/SharedFrameworks/XCBuild.framework/Versions/A/PlugIns/XCBBuildService.bundle/Contents/PlugIns/XCBSpecifications.ideplugin/Contents/Resources:/Applications/Xcode.app/Contents/SharedFrameworks/XCBuild.framework/Versions/A/PlugIns/XCBBuildService.bundle/Contents/PlugIns/XCBSpecifications.ideplugin:/Applications/Xcode.app/Contents/Developer/Toolchains/XcodeDefault.xctoolchain/usr/bin:/Applications/Xcode.app/Contents/Developer/Toolchains/XcodeDefault.xctoolchain/usr/appleinternal/bin:/Applications/Xcode.app/Contents/Developer/Toolchains/XcodeDefault.xctoolchain/usr/local/bin:/Applications/Xcode.app/Contents/Developer/Toolchains/XcodeDefault.xctoolchain/usr/libexec:/Applications/Xcode.app/Contents/Developer/Platforms/iPhoneSimulator.platform/usr/bin:/Applications/Xcode.app/Contents/Developer/Platforms/iPhoneSimulator.platform/usr/appleinternal/bin:/Applications/Xcode.app/Contents/Developer/Platforms/iPhoneSimulator.platform/usr/local/bin:/Applications/Xcode.app/Contents/Developer/Platforms/iPhoneSimulator.platform/Developer/usr/bin:/Applications/Xcode.app/Contents/Developer/Platforms/iPhoneSimulator.platform/Developer/usr/local/bin:/Applications/Xcode.app/Contents/Developer/usr/bin:/Applications/Xcode.app/Contents/Developer/usr/local/bin:/opt/homebrew/Cellar/pyenv-virtualenv/1.2.4/shims:/Users/carl.stanley/.pyenv/shims:/Users/carl.stanley/.pyenv/bin:/Users/carl.stanley/.nvm/versions/node/v18.17.0/bin:/Users/carl.stanley/development/flutter/bin:/opt/homebrew/bin:/opt/homebrew/sbin:/Users/carl.stanley/.local/bin:/usr/local/bin:/System/Cryptexes/App/usr/bin:/usr/bin:/bin:/usr/sbin:/sbin:/var/run/com.apple.security.cryptexd/codex.system/bootstrap/usr/local/bin:/var/run/com.apple.security.cryptexd/codex.system/bootstrap/usr/bin:/var/run/com.apple.security.cryptexd/codex.system/bootstrap/usr/appleinternal/bin:/Library/Apple/usr/bin:/usr/local/sbin:/usr/local/go/bin:/Users/carl.stanley/.pub-cache/bin
                export PATH_PREFIXES_EXCLUDED_FROM_HEADER_DEPENDENCIES\=/usr/include\ /usr/local/include\ /System/Library/Frameworks\ /System/Library/PrivateFrameworks\ /Applications/Xcode.app/Contents/Developer/Headers\ /Applications/Xcode.app/Contents/Developer/SDKs\ /Applications/Xcode.app/Contents/Developer/Platforms
                export PBDEVELOPMENTPLIST_PATH\=Runner.app/pbdevelopment.plist
                export PER_ARCH_OBJECT_FILE_DIR\=/Users/carl.stanley/Library/Developer/Xcode/DerivedData/Runner-dtxbldypbunqjrdrwadgjstoojan/Build/Intermediates.noindex/Runner.build/Debug-iphonesimulator/Runner.build/Objects-normal/undefined_arch
                export PER_VARIANT_OBJECT_FILE_DIR\=/Users/carl.stanley/Library/Developer/Xcode/DerivedData/Runner-dtxbldypbunqjrdrwadgjstoojan/Build/Intermediates.noindex/Runner.build/Debug-iphonesimulator/Runner.build/Objects-normal
                export PKGINFO_FILE_PATH\=/Users/carl.stanley/Library/Developer/Xcode/DerivedData/Runner-dtxbldypbunqjrdrwadgjstoojan/Build/Intermediates.noindex/Runner.build/Debug-iphonesimulator/Runner.build/PkgInfo
                export PKGINFO_PATH\=Runner.app/PkgInfo
                export PLATFORM_DEVELOPER_APPLICATIONS_DIR\=/Applications/Xcode.app/Contents/Developer/Platforms/iPhoneSimulator.platform/Developer/Applications
                export PLATFORM_DEVELOPER_BIN_DIR\=/Applications/Xcode.app/Contents/Developer/Platforms/iPhoneSimulator.platform/Developer/usr/bin
                export PLATFORM_DEVELOPER_LIBRARY_DIR\=/Applications/Xcode.app/Contents/Developer/Platforms/iPhoneSimulator.platform/Developer/Library
                export PLATFORM_DEVELOPER_SDK_DIR\=/Applications/Xcode.app/Contents/Developer/Platforms/iPhoneSimulator.platform/Developer/SDKs
                export PLATFORM_DEVELOPER_TOOLS_DIR\=/Applications/Xcode.app/Contents/Developer/Platforms/iPhoneSimulator.platform/Developer/Tools
                export PLATFORM_DEVELOPER_USR_DIR\=/Applications/Xcode.app/Contents/Developer/Platforms/iPhoneSimulator.platform/Developer/usr
                export PLATFORM_DIR\=/Applications/Xcode.app/Contents/Developer/Platforms/iPhoneSimulator.platform
                export PLATFORM_DISPLAY_NAME\=iOS\ Simulator
                export PLATFORM_FAMILY_NAME\=iOS
                export PLATFORM_NAME\=iphonesimulator
                export PLATFORM_PREFERRED_ARCH\=x86_64
                export PLATFORM_PRODUCT_BUILD_VERSION\=22A3362
                export PLIST_FILE_OUTPUT_FORMAT\=binary
                export PLUGINS_FOLDER_PATH\=Runner.app/PlugIns
                export PODS_BUILD_DIR\=/Users/carl.stanley/sites/UKCPA/ukcpa_flutter/build/ios
                export PODS_CONFIGURATION_BUILD_DIR\=/Users/carl.stanley/sites/UKCPA/ukcpa_flutter/build/ios/Debug-iphonesimulator
                export PODS_PODFILE_DIR_PATH\=/Users/carl.stanley/sites/UKCPA/ukcpa_flutter/ios/.
                export PODS_ROOT\=/Users/carl.stanley/sites/UKCPA/ukcpa_flutter/ios/Pods
                export PODS_XCFRAMEWORKS_BUILD_DIR\=/Users/carl.stanley/sites/UKCPA/ukcpa_flutter/build/ios/Debug-iphonesimulator/XCFrameworkIntermediates
                export PRECOMPS_INCLUDE_HEADERS_FROM_BUILT_PRODUCTS_DIR\=YES
                export PRECOMP_DESTINATION_DIR\=/Users/carl.stanley/Library/Developer/Xcode/DerivedData/Runner-dtxbldypbunqjrdrwadgjstoojan/Build/Intermediates.noindex/Runner.build/Debug-iphonesimulator/Runner.build/PrefixHeaders
                export PRIVATE_HEADERS_FOLDER_PATH\=Runner.app/PrivateHeaders
                export PROCESSED_INFOPLIST_PATH\=/Users/carl.stanley/Library/Developer/Xcode/DerivedData/Runner-dtxbldypbunqjrdrwadgjstoojan/Build/Intermediates.noindex/Runner.build/Debug-iphonesimulator/Runner.build/Objects-normal/undefined_arch/Processed-Info.plist
                export PRODUCT_BUNDLE_IDENTIFIER\=com.example.ukcpaFlutter
                export PRODUCT_BUNDLE_PACKAGE_TYPE\=APPL
                export PRODUCT_MODULE_NAME\=Runner
                export PRODUCT_NAME\=Runner
                export PRODUCT_SETTINGS_PATH\=/Users/carl.stanley/sites/UKCPA/ukcpa_flutter/ios/Runner/Info.plist
                export PRODUCT_TYPE\=com.apple.product-type.application
                export PROFILING_CODE\=NO
                export PROJECT\=Runner
                export PROJECT_DERIVED_FILE_DIR\=/Users/carl.stanley/Library/Developer/Xcode/DerivedData/Runner-dtxbldypbunqjrdrwadgjstoojan/Build/Intermediates.noindex/Runner.build/DerivedSources
                export PROJECT_DIR\=/Users/carl.stanley/sites/UKCPA/ukcpa_flutter/ios
                export PROJECT_FILE_PATH\=/Users/carl.stanley/sites/UKCPA/ukcpa_flutter/ios/Runner.xcodeproj
                export PROJECT_GUID\=18c1723432283e0cc55f10a6dcfd9e02
                export PROJECT_NAME\=Runner
                export PROJECT_TEMP_DIR\=/Users/carl.stanley/Library/Developer/Xcode/DerivedData/Runner-dtxbldypbunqjrdrwadgjstoojan/Build/Intermediates.noindex/Runner.build
                export PROJECT_TEMP_ROOT\=/Users/carl.stanley/Library/Developer/Xcode/DerivedData/Runner-dtxbldypbunqjrdrwadgjstoojan/Build/Intermediates.noindex
                export PROVISIONING_PROFILE_REQUIRED\=NO
                export PROVISIONING_PROFILE_REQUIRED_YES_YES\=YES
                export PROVISIONING_PROFILE_SUPPORTED\=YES
                export PUBLIC_HEADERS_FOLDER_PATH\=Runner.app/Headers
                export RECOMMENDED_IPHONEOS_DEPLOYMENT_TARGET\=15.0
                export RECURSIVE_SEARCH_PATHS_FOLLOW_SYMLINKS\=YES
                export REMOVE_CVS_FROM_RESOURCES\=YES
                export REMOVE_GIT_FROM_RESOURCES\=YES
                export REMOVE_HEADERS_FROM_EMBEDDED_BUNDLES\=YES
                export REMOVE_HG_FROM_RESOURCES\=YES
                export REMOVE_STATIC_EXECUTABLES_FROM_EMBEDDED_BUNDLES\=YES
                export REMOVE_SVN_FROM_RESOURCES\=YES
                export RESCHEDULE_INDEPENDENT_HEADERS_PHASES\=YES
                export REZ_COLLECTOR_DIR\=/Users/carl.stanley/Library/Developer/Xcode/DerivedData/Runner-dtxbldypbunqjrdrwadgjstoojan/Build/Intermediates.noindex/Runner.build/Debug-iphonesimulator/Runner.build/ResourceManagerResources
                export REZ_OBJECTS_DIR\=/Users/carl.stanley/Library/Developer/Xcode/DerivedData/Runner-dtxbldypbunqjrdrwadgjstoojan/Build/Intermediates.noindex/Runner.build/Debug-iphonesimulator/Runner.build/ResourceManagerResources/Objects
                export REZ_SEARCH_PATHS\=/Users/carl.stanley/sites/UKCPA/ukcpa_flutter/build/ios/Debug-iphonesimulator\ 
                export SCAN_ALL_SOURCE_FILES_FOR_INCLUDES\=NO
                export SCRIPTS_FOLDER_PATH\=Runner.app/Scripts
                export SCRIPT_INPUT_FILE_0\=/Users/carl.stanley/sites/UKCPA/ukcpa_flutter/build/ios/Debug-iphonesimulator/Runner.app/Info.plist
                export SCRIPT_INPUT_FILE_COUNT\=1
                export SCRIPT_INPUT_FILE_LIST_COUNT\=0
                export SCRIPT_OUTPUT_FILE_COUNT\=0
                export SCRIPT_OUTPUT_FILE_LIST_COUNT\=0
                export SDKROOT\=/Applications/Xcode.app/Contents/Developer/Platforms/iPhoneSimulator.platform/Developer/SDKs/iPhoneSimulator18.0.sdk
                export SDK_DIR\=/Applications/Xcode.app/Contents/Developer/Platforms/iPhoneSimulator.platform/Developer/SDKs/iPhoneSimulator18.0.sdk
                export SDK_DIR_iphonesimulator\=/Applications/Xcode.app/Contents/Developer/Platforms/iPhoneSimulator.platform/Developer/SDKs/iPhoneSimulator18.0.sdk
                export SDK_DIR_iphonesimulator18_0\=/Applications/Xcode.app/Contents/Developer/Platforms/iPhoneSimulator.platform/Developer/SDKs/iPhoneSimulator18.0.sdk
                export SDK_NAME\=iphonesimulator18.0
                export SDK_NAMES\=iphonesimulator18.0
                export SDK_PRODUCT_BUILD_VERSION\=22A3362
                export SDK_STAT_CACHE_DIR\=/Users/carl.stanley/Library/Developer/Xcode/DerivedData
                export SDK_STAT_CACHE_ENABLE\=YES
                export SDK_STAT_CACHE_PATH\=/Users/carl.stanley/Library/Developer/Xcode/DerivedData/SDKStatCaches.noindex/iphonesimulator18.0-22A3362-db63dc9361471f152f572502bdbfe70a.sdkstatcache
                export SDK_VERSION\=18.0
                export SDK_VERSION_ACTUAL\=180000
                export SDK_VERSION_MAJOR\=180000
                export SDK_VERSION_MINOR\=180000
                export SED\=/usr/bin/sed
                export SEPARATE_STRIP\=NO
                export SEPARATE_SYMBOL_EDIT\=NO
                export SET_DIR_MODE_OWNER_GROUP\=YES
                export SET_FILE_MODE_OWNER_GROUP\=NO
                export SHALLOW_BUNDLE\=YES
                export SHALLOW_BUNDLE_TRIPLE\=ios-simulator
                export SHALLOW_BUNDLE_ios_macabi\=NO
                export SHALLOW_BUNDLE_macos\=NO
                export SHARED_DERIVED_FILE_DIR\=/Users/carl.stanley/sites/UKCPA/ukcpa_flutter/build/ios/Debug-iphonesimulator/DerivedSources
                export SHARED_FRAMEWORKS_FOLDER_PATH\=Runner.app/SharedFrameworks
                export SHARED_PRECOMPS_DIR\=/Users/carl.stanley/Library/Developer/Xcode/DerivedData/Runner-dtxbldypbunqjrdrwadgjstoojan/Build/Intermediates.noindex/PrecompiledHeaders
                export SHARED_SUPPORT_FOLDER_PATH\=Runner.app/SharedSupport
                export SKIP_INSTALL\=NO
                export SOURCE_ROOT\=/Users/carl.stanley/sites/UKCPA/ukcpa_flutter/ios
                export SRCROOT\=/Users/carl.stanley/sites/UKCPA/ukcpa_flutter/ios
                export STRINGSDATA_DIR\=/Users/carl.stanley/Library/Developer/Xcode/DerivedData/Runner-dtxbldypbunqjrdrwadgjstoojan/Build/Intermediates.noindex/Runner.build/Debug-iphonesimulator/Runner.build/Objects-normal/undefined_arch
                export STRINGSDATA_ROOT\=/Users/carl.stanley/Library/Developer/Xcode/DerivedData/Runner-dtxbldypbunqjrdrwadgjstoojan/Build/Intermediates.noindex/Runner.build/Debug-iphonesimulator/Runner.build
                export STRINGS_FILE_INFOPLIST_RENAME\=YES
                export STRINGS_FILE_OUTPUT_ENCODING\=binary
                export STRIP_BITCODE_FROM_COPIED_FILES\=NO
                export STRIP_INSTALLED_PRODUCT\=NO
                export STRIP_STYLE\=all
                export STRIP_SWIFT_SYMBOLS\=YES
                export SUPPORTED_DEVICE_FAMILIES\=1,2
                export SUPPORTED_PLATFORMS\=iphoneos\ iphonesimulator
                export SUPPORTS_MACCATALYST\=NO
                export SUPPORTS_ON_DEMAND_RESOURCES\=YES
                export SUPPORTS_TEXT_BASED_API\=NO
                export SUPPRESS_WARNINGS\=NO
                export SWIFT_EMIT_LOC_STRINGS\=NO
                export SWIFT_OBJC_BRIDGING_HEADER\=Runner/Runner-Bridging-Header.h
                export SWIFT_OPTIMIZATION_LEVEL\=-Onone
                export SWIFT_PLATFORM_TARGET_PREFIX\=ios
                export SWIFT_RESPONSE_FILE_PATH_normal_arm64\=/Users/carl.stanley/Library/Developer/Xcode/DerivedData/Runner-dtxbldypbunqjrdrwadgjstoojan/Build/Intermediates.noindex/Runner.build/Debug-iphonesimulator/Runner.build/Objects-normal/arm64/Runner.SwiftFileList
                export SWIFT_VERSION\=5.0
                export SYMROOT\=/Users/carl.stanley/Library/Developer/Xcode/DerivedData/Runner-dtxbldypbunqjrdrwadgjstoojan/Build/Products
                export SYSTEM_ADMIN_APPS_DIR\=/Applications/Utilities
                export SYSTEM_APPS_DIR\=/Applications
                export SYSTEM_CORE_SERVICES_DIR\=/System/Library/CoreServices
                export SYSTEM_DEMOS_DIR\=/Applications/Extras
                export SYSTEM_DEVELOPER_APPS_DIR\=/Applications/Xcode.app/Contents/Developer/Applications
                export SYSTEM_DEVELOPER_BIN_DIR\=/Applications/Xcode.app/Contents/Developer/usr/bin
                export SYSTEM_DEVELOPER_DEMOS_DIR\=/Applications/Xcode.app/Contents/Developer/Applications/Utilities/Built\ Examples
                export SYSTEM_DEVELOPER_DIR\=/Applications/Xcode.app/Contents/Developer
                export SYSTEM_DEVELOPER_DOC_DIR\=/Applications/Xcode.app/Contents/Developer/ADC\ Reference\ Library
                export SYSTEM_DEVELOPER_GRAPHICS_TOOLS_DIR\=/Applications/Xcode.app/Contents/Developer/Applications/Graphics\ Tools
                export SYSTEM_DEVELOPER_JAVA_TOOLS_DIR\=/Applications/Xcode.app/Contents/Developer/Applications/Java\ Tools
                export SYSTEM_DEVELOPER_PERFORMANCE_TOOLS_DIR\=/Applications/Xcode.app/Contents/Developer/Applications/Performance\ Tools
                export SYSTEM_DEVELOPER_RELEASENOTES_DIR\=/Applications/Xcode.app/Contents/Developer/ADC\ Reference\ Library/releasenotes
                export SYSTEM_DEVELOPER_TOOLS\=/Applications/Xcode.app/Contents/Developer/Tools
                export SYSTEM_DEVELOPER_TOOLS_DOC_DIR\=/Applications/Xcode.app/Contents/Developer/ADC\ Reference\ Library/documentation/DeveloperTools
                export SYSTEM_DEVELOPER_TOOLS_RELEASENOTES_DIR\=/Applications/Xcode.app/Contents/Developer/ADC\ Reference\ Library/releasenotes/DeveloperTools
                export SYSTEM_DEVELOPER_USR_DIR\=/Applications/Xcode.app/Contents/Developer/usr
                export SYSTEM_DEVELOPER_UTILITIES_DIR\=/Applications/Xcode.app/Contents/Developer/Applications/Utilities
                export SYSTEM_DEXT_INSTALL_PATH\=/System/Library/DriverExtensions
                export SYSTEM_DOCUMENTATION_DIR\=/Library/Documentation
                export SYSTEM_EXTENSIONS_FOLDER_PATH\=Runner.app/SystemExtensions
                export SYSTEM_EXTENSIONS_FOLDER_PATH_SHALLOW_BUNDLE_NO\=Runner.app/Library/SystemExtensions
                export SYSTEM_EXTENSIONS_FOLDER_PATH_SHALLOW_BUNDLE_YES\=Runner.app/SystemExtensions
                export SYSTEM_KEXT_INSTALL_PATH\=/System/Library/Extensions
                export SYSTEM_LIBRARY_DIR\=/System/Library
                export TAPI_DEMANGLE\=YES
                export TAPI_ENABLE_PROJECT_HEADERS\=NO
                export TAPI_LANGUAGE\=objective-c
                export TAPI_LANGUAGE_STANDARD\=compiler-default
                export TAPI_USE_SRCROOT\=YES
                export TAPI_VERIFY_MODE\=Pedantic
                export TARGETED_DEVICE_FAMILY\=1,2
                export TARGETNAME\=Runner
                export TARGET_BUILD_DIR\=/Users/carl.stanley/sites/UKCPA/ukcpa_flutter/build/ios/Debug-iphonesimulator
                export TARGET_DEVICE_IDENTIFIER\=00724C24-F12F-4CA6-A33E-8FD8714B05CA
                export TARGET_DEVICE_MODEL\=iPhone17,1
                export TARGET_DEVICE_OS_VERSION\=18.0
                export TARGET_DEVICE_PLATFORM_NAME\=iphonesimulator
                export TARGET_NAME\=Runner
                export TARGET_TEMP_DIR\=/Users/carl.stanley/Library/Developer/Xcode/DerivedData/Runner-dtxbldypbunqjrdrwadgjstoojan/Build/Intermediates.noindex/Runner.build/Debug-iphonesimulator/Runner.build
                export TEMP_DIR\=/Users/carl.stanley/Library/Developer/Xcode/DerivedData/Runner-dtxbldypbunqjrdrwadgjstoojan/Build/Intermediates.noindex/Runner.build/Debug-iphonesimulator/Runner.build
                export TEMP_FILES_DIR\=/Users/carl.stanley/Library/Developer/Xcode/DerivedData/Runner-dtxbldypbunqjrdrwadgjstoojan/Build/Intermediates.noindex/Runner.build/Debug-iphonesimulator/Runner.build
                export TEMP_FILE_DIR\=/Users/carl.stanley/Library/Developer/Xcode/DerivedData/Runner-dtxbldypbunqjrdrwadgjstoojan/Build/Intermediates.noindex/Runner.build/Debug-iphonesimulator/Runner.build
                export TEMP_ROOT\=/Users/carl.stanley/Library/Developer/Xcode/DerivedData/Runner-dtxbldypbunqjrdrwadgjstoojan/Build/Intermediates.noindex
                export TEST_FRAMEWORK_SEARCH_PATHS\=\ /Applications/Xcode.app/Contents/Developer/Platforms/iPhoneSimulator.platform/Developer/Library/Frameworks\ /Applications/Xcode.app/Contents/Developer/Platforms/iPhoneSimulator.platform/Developer/SDKs/iPhoneSimulator18.0.sdk/Developer/Library/Frameworks
                export TEST_LIBRARY_SEARCH_PATHS\=\ /Applications/Xcode.app/Contents/Developer/Platforms/iPhoneSimulator.platform/Developer/usr/lib
                export TOOLCHAINS\=com.apple.dt.toolchain.XcodeDefault
                export TOOLCHAIN_DIR\=/Applications/Xcode.app/Contents/Developer/Toolchains/XcodeDefault.xctoolchain
                export TRACK_WIDGET_CREATION\=true
                export TREAT_MISSING_BASELINES_AS_TEST_FAILURES\=NO
                export TREAT_MISSING_SCRIPT_PHASE_OUTPUTS_AS_ERRORS\=NO
                export TREE_SHAKE_ICONS\=false
                export TeamIdentifierPrefix\=FAKETEAMID.
                export UID\=502
                export UNINSTALLED_PRODUCTS_DIR\=/Users/carl.stanley/Library/Developer/Xcode/DerivedData/Runner-dtxbldypbunqjrdrwadgjstoojan/Build/Intermediates.noindex/UninstalledProducts
                export UNLOCALIZED_RESOURCES_FOLDER_PATH\=Runner.app
                export UNLOCALIZED_RESOURCES_FOLDER_PATH_SHALLOW_BUNDLE_NO\=Runner.app/Resources
                export UNLOCALIZED_RESOURCES_FOLDER_PATH_SHALLOW_BUNDLE_YES\=Runner.app
                export UNSTRIPPED_PRODUCT\=NO
                export USER\=carl.stanley
                export USER_APPS_DIR\=/Users/carl.stanley/Applications
                export USER_LIBRARY_DIR\=/Users/carl.stanley/Library
                export USE_DYNAMIC_NO_PIC\=YES
                export USE_HEADERMAP\=YES
                export USE_HEADER_SYMLINKS\=NO
                export USE_RECURSIVE_SCRIPT_INPUTS_IN_SCRIPT_PHASES\=YES
                export VALIDATE_DEVELOPMENT_ASSET_PATHS\=YES_ERROR
                export VALIDATE_PRODUCT\=NO
                export VALID_ARCHS\=arm64\ arm64e\ i386\ x86_64
                export VERBOSE_PBXCP\=NO
                export VERBOSE_SCRIPT_LOGGING\=YES
                export VERSIONING_SYSTEM\=apple-generic
                export VERSIONPLIST_PATH\=Runner.app/version.plist
                export VERSION_INFO_BUILDER\=carl.stanley
                export VERSION_INFO_FILE\=Runner_vers.c
                export VERSION_INFO_STRING\=\"@\(\#\)PROGRAM:Runner\ \ PROJECT:Runner-1\"
                export WORKSPACE_DIR\=/Users/carl.stanley/sites/UKCPA/ukcpa_flutter/ios
                export WRAPPER_EXTENSION\=app
                export WRAPPER_NAME\=Runner.app
                export WRAPPER_SUFFIX\=.app
                export WRAP_ASSET_PACKS_IN_SEPARATE_DIRECTORIES\=NO
                export XCODE_APP_SUPPORT_DIR\=/Applications/Xcode.app/Contents/Developer/Library/Xcode
                export XCODE_PRODUCT_BUILD_VERSION\=16A242d
                export XCODE_VERSION_ACTUAL\=1600
                export XCODE_VERSION_MAJOR\=1600
                export XCODE_VERSION_MINOR\=1600
                export XPCSERVICES_FOLDER_PATH\=Runner.app/XPCServices
                export YACC\=yacc
                export _WRAPPER_CONTENTS_DIR_SHALLOW_BUNDLE_NO\=/Contents
                export _WRAPPER_PARENT_PATH_SHALLOW_BUNDLE_NO\=/..
                export _WRAPPER_RESOURCES_DIR_SHALLOW_BUNDLE_NO\=/Resources
                export __IS_NOT_MACOS\=YES
                export __IS_NOT_MACOS_macosx\=NO
                export __IS_NOT_SIMULATOR\=NO
                export __IS_NOT_SIMULATOR_simulator\=NO
                export arch\=undefined_arch
                export variant\=normal
                /bin/sh -c /Users/carl.stanley/Library/Developer/Xcode/DerivedData/Runner-dtxbldypbunqjrdrwadgjstoojan/Build/Intermediates.noindex/Runner.build/Debug-iphonesimulator/Runner.build/Script-3B06AD1E1E4923F5004D2608.sh
            ♦ Copying native assets from /Users/carl.stanley/sites/UKCPA/ukcpa_flutter/build/native_assets/ios/.

            PhaseScriptExecution [CP]\ Embed\ Pods\ Frameworks /Users/carl.stanley/Library/Developer/Xcode/DerivedData/Runner-dtxbldypbunqjrdrwadgjstoojan/Build/Intermediates.noindex/Runner.build/Debug-iphonesimulator/Runner.build/Script-AB21CBACA85D95EE6B52222D.sh (in target 'Runner' from project 'Runner')
                cd /Users/carl.stanley/sites/UKCPA/ukcpa_flutter/ios
                /bin/sh -c /Users/carl.stanley/Library/Developer/Xcode/DerivedData/Runner-dtxbldypbunqjrdrwadgjstoojan/Build/Intermediates.noindex/Runner.build/Debug-iphonesimulator/Runner.build/Script-AB21CBACA85D95EE6B52222D.sh
            mkdir -p /Users/carl.stanley/sites/UKCPA/ukcpa_flutter/build/ios/Debug-iphonesimulator/Runner.app/Frameworks
            rsync --delete -av --filter P .*.?????? --links --filter "- CVS/" --filter "- .svn/" --filter "- .git/" --filter "- .hg/" --filter "- Headers" --filter "- PrivateHeaders" --filter "- Modules" "/Users/carl.stanley/sites/UKCPA/ukcpa_flutter/build/ios/Debug-iphonesimulator/ReachabilitySwift/Reachability.framework" "/Users/carl.stanley/sites/UKCPA/ukcpa_flutter/build/ios/Debug-iphonesimulator/Runner.app/Frameworks"
            Transfer starting: 8 files
            Reachability.framework/
            Reachability.framework/Reachability
            Reachability.framework/ReachabilitySwift.bundle/
            Reachability.framework/ReachabilitySwift.bundle/Info.plist
            Reachability.framework/ReachabilitySwift.bundle/PrivacyInfo.xcprivacy
            Reachability.framework/_CodeSignature/CodeResources

            sent 369260 bytes  received 120 bytes  90092682 bytes/sec
            total size is 369081  speedup is 1.00
            Stripped /Users/carl.stanley/sites/UKCPA/ukcpa_flutter/build/ios/Debug-iphonesimulator/Runner.app/Frameworks/Reachability.framework/Reachability of architectures: x86_64
            Code Signing /Users/carl.stanley/sites/UKCPA/ukcpa_flutter/build/ios/Debug-iphonesimulator/Runner.app/Frameworks/Reachability.framework with Identity Sign to Run Locally
            /usr/bin/codesign --force --sign -  --preserve-metadata=identifier,entitlements '/Users/carl.stanley/sites/UKCPA/ukcpa_flutter/build/ios/Debug-iphonesimulator/Runner.app/Frameworks/Reachability.framework' &
            rsync --delete -av --filter P .*.?????? --links --filter "- CVS/" --filter "- .svn/" --filter "- .git/" --filter "- .hg/" --filter "- Headers" --filter "- PrivateHeaders" --filter "- Modules" "/Users/carl.stanley/sites/UKCPA/ukcpa_flutter/build/ios/Debug-iphonesimulator/TOCropViewController/TOCropViewController.framework" "/Users/carl.stanley/sites/UKCPA/ukcpa_flutter/build/ios/Debug-iphonesimulator/Runner.app/Frameworks"
            /Users/carl.stanley/sites/UKCPA/ukcpa_flutter/build/ios/Debug-iphonesimulator/Runner.app/Frameworks/Reachability.framework: replacing existing signature
            Transfer starting: 68 files
            TOCropViewController.framework/
            TOCropViewController.framework/TOCropViewController
            TOCropViewController.framework/TOCropViewControllerBundle.bundle/
            TOCropViewController.framework/TOCropViewControllerBundle.bundle/Info.plist
            TOCropViewController.framework/TOCropViewControllerBundle.bundle/PrivacyInfo.xcprivacy
            TOCropViewController.framework/TOCropViewControllerBundle.bundle/Base.lproj/
            TOCropViewController.framework/TOCropViewControllerBundle.bundle/Base.lproj/TOCropViewControllerLocalizable.strings
            TOCropViewController.framework/TOCropViewControllerBundle.bundle/ar.lproj/
            TOCropViewController.framework/TOCropViewControllerBundle.bundle/ar.lproj/TOCropViewControllerLocalizable.strings
            TOCropViewController.framework/TOCropViewControllerBundle.bundle/ca.lproj/
            TOCropViewController.framework/TOCropViewControllerBundle.bundle/ca.lproj/TOCropViewControllerLocalizable.strings
            TOCropViewController.framework/TOCropViewControllerBundle.bundle/cs.lproj/
            TOCropViewController.framework/TOCropViewControllerBundle.bundle/cs.lproj/TOCropViewControllerLocalizable.strings
            TOCropViewController.framework/TOCropViewControllerBundle.bundle/da-DK.lproj/
            TOCropViewController.framework/TOCropViewControllerBundle.bundle/da-DK.lproj/TOCropViewControllerLocalizable.strings
            TOCropViewController.framework/TOCropViewControllerBundle.bundle/de.lproj/
            TOCropViewController.framework/TOCropViewControllerBundle.bundle/de.lproj/TOCropViewControllerLocalizable.strings
            TOCropViewController.framework/TOCropViewControllerBundle.bundle/en.lproj/
            TOCropViewController.framework/TOCropViewControllerBundle.bundle/en.lproj/TOCropViewControllerLocalizable.strings
            TOCropViewController.framework/TOCropViewControllerBundle.bundle/es.lproj/
            TOCropViewController.framework/TOCropViewControllerBundle.bundle/es.lproj/TOCropViewControllerLocalizable.strings
            TOCropViewController.framework/TOCropViewControllerBundle.bundle/fa-IR.lproj/
            TOCropViewController.framework/TOCropViewControllerBundle.bundle/fa-IR.lproj/TOCropViewControllerLocalizable.strings
            TOCropViewController.framework/TOCropViewControllerBundle.bundle/fa.lproj/
            TOCropViewController.framework/TOCropViewControllerBundle.bundle/fa.lproj/TOCropViewControllerLocalizable.strings
            TOCropViewController.framework/TOCropViewControllerBundle.bundle/fi.lproj/
            TOCropViewController.framework/TOCropViewControllerBundle.bundle/fi.lproj/TOCropViewControllerLocalizable.strings
            TOCropViewController.framework/TOCropViewControllerBundle.bundle/fr.lproj/
            TOCropViewController.framework/TOCropViewControllerBundle.bundle/fr.lproj/TOCropViewControllerLocalizable.strings
            TOCropViewController.framework/TOCropViewControllerBundle.bundle/hu.lproj/
            TOCropViewController.framework/TOCropViewControllerBundle.bundle/hu.lproj/TOCropViewControllerLocalizable.strings
            TOCropViewController.framework/TOCropViewControllerBundle.bundle/id.lproj/
            TOCropViewController.framework/TOCropViewControllerBundle.bundle/id.lproj/TOCropViewControllerLocalizable.strings
            TOCropViewController.framework/TOCropViewControllerBundle.bundle/it.lproj/
            TOCropViewController.framework/TOCropViewControllerBundle.bundle/it.lproj/TOCropViewControllerLocalizable.strings
            TOCropViewController.framework/TOCropViewControllerBundle.bundle/ja.lproj/
            TOCropViewController.framework/TOCropViewControllerBundle.bundle/ja.lproj/TOCropViewControllerLocalizable.strings
            TOCropViewController.framework/TOCropViewControllerBundle.bundle/ko.lproj/
            TOCropViewController.framework/TOCropViewControllerBundle.bundle/ko.lproj/TOCropViewControllerLocalizable.strings
            TOCropViewController.framework/TOCropViewControllerBundle.bundle/ms.lproj/
            TOCropViewController.framework/TOCropViewControllerBundle.bundle/ms.lproj/TOCropViewControllerLocalizable.strings
            TOCropViewController.framework/TOCropViewControllerBundle.bundle/nl.lproj/
            TOCropViewController.framework/TOCropViewControllerBundle.bundle/nl.lproj/TOCropViewControllerLocalizable.strings
            TOCropViewController.framework/TOCropViewControllerBundle.bundle/pl.lproj/
            TOCropViewController.framework/TOCropViewControllerBundle.bundle/pl.lproj/TOCropViewControllerLocalizable.strings
            TOCropViewController.framework/TOCropViewControllerBundle.bundle/pt-BR.lproj/
            TOCropViewController.framework/TOCropViewControllerBundle.bundle/pt-BR.lproj/TOCropViewControllerLocalizable.strings
            TOCropViewController.framework/TOCropViewControllerBundle.bundle/pt.lproj/
            TOCropViewController.framework/TOCropViewControllerBundle.bundle/pt.lproj/TOCropViewControllerLocalizable.strings
            TOCropViewController.framework/TOCropViewControllerBundle.bundle/ro.lproj/
            TOCropViewController.framework/TOCropViewControllerBundle.bundle/ro.lproj/TOCropViewControllerLocalizable.strings
            TOCropViewController.framework/TOCropViewControllerBundle.bundle/ru.lproj/
            TOCropViewController.framework/TOCropViewControllerBundle.bundle/ru.lproj/TOCropViewControllerLocalizable.strings
            TOCropViewController.framework/TOCropViewControllerBundle.bundle/sk.lproj/
            TOCropViewController.framework/TOCropViewControllerBundle.bundle/sk.lproj/TOCropViewControllerLocalizable.strings
            TOCropViewController.framework/TOCropViewControllerBundle.bundle/tr.lproj/
            TOCropViewController.framework/TOCropViewControllerBundle.bundle/tr.lproj/TOCropViewControllerLocalizable.strings
            TOCropViewController.framework/TOCropViewControllerBundle.bundle/uk.lproj/
            TOCropViewController.framework/TOCropViewControllerBundle.bundle/uk.lproj/TOCropViewControllerLocalizable.strings
            TOCropViewController.framework/TOCropViewControllerBundle.bundle/vi.lproj/
            TOCropViewController.framework/TOCropViewControllerBundle.bundle/vi.lproj/TOCropViewControllerLocalizable.strings
            TOCropViewController.framework/TOCropViewControllerBundle.bundle/zh-Hans.lproj/
            TOCropViewController.framework/TOCropViewControllerBundle.bundle/zh-Hans.lproj/TOCropViewControllerLocalizable.strings
            TOCropViewController.framework/TOCropViewControllerBundle.bundle/zh-Hant.lproj/
            TOCropViewController.framework/TOCropViewControllerBundle.bundle/zh-Hant.lproj/TOCropViewControllerLocalizable.strings
            TOCropViewController.framework/_CodeSignature/CodeResources

            sent 821630 bytes  received 960 bytes  48104678 bytes/sec
            total size is 812640  speedup is 0.99
            Stripped /Users/carl.stanley/sites/UKCPA/ukcpa_flutter/build/ios/Debug-iphonesimulator/Runner.app/Frameworks/TOCropViewController.framework/TOCropViewController of architectures: x86_64
            Code Signing /Users/carl.stanley/sites/UKCPA/ukcpa_flutter/build/ios/Debug-iphonesimulator/Runner.app/Frameworks/TOCropViewController.framework with Identity Sign to Run Locally
            /usr/bin/codesign --force --sign -  --preserve-metadata=identifier,entitlements '/Users/carl.stanley/sites/UKCPA/ukcpa_flutter/build/ios/Debug-iphonesimulator/Runner.app/Frameworks/TOCropViewController.framework' &
            rsync --delete -av --filter P .*.?????? --links --filter "- CVS/" --filter "- .svn/" --filter "- .git/" --filter "- .hg/" --filter "- Headers" --filter "- PrivateHeaders" --filter "- Modules" "/Users/carl.stanley/sites/UKCPA/ukcpa_flutter/build/ios/Debug-iphonesimulator/connectivity_plus/connectivity_plus.framework" "/Users/carl.stanley/sites/UKCPA/ukcpa_flutter/build/ios/Debug-iphonesimulator/Runner.app/Frameworks"
            /Users/carl.stanley/sites/UKCPA/ukcpa_flutter/build/ios/Debug-iphonesimulator/Runner.app/Frameworks/TOCropViewController.framework: replacing existing signature
            Transfer starting: 5 files
            connectivity_plus.framework/
            connectivity_plus.framework/connectivity_plus
            connectivity_plus.framework/_CodeSignature/CodeResources

            sent 355610 bytes  received 70 bytes  114735483 bytes/sec
            total size is 355764  speedup is 1.00
            Stripped /Users/carl.stanley/sites/UKCPA/ukcpa_flutter/build/ios/Debug-iphonesimulator/Runner.app/Frameworks/connectivity_plus.framework/connectivity_plus of architectures: x86_64
            Code Signing /Users/carl.stanley/sites/UKCPA/ukcpa_flutter/build/ios/Debug-iphonesimulator/Runner.app/Frameworks/connectivity_plus.framework with Identity Sign to Run Locally
            /usr/bin/codesign --force --sign -  --preserve-metadata=identifier,entitlements '/Users/carl.stanley/sites/UKCPA/ukcpa_flutter/build/ios/Debug-iphonesimulator/Runner.app/Frameworks/connectivity_plus.framework' &
            rsync --delete -av --filter P .*.?????? --links --filter "- CVS/" --filter "- .svn/" --filter "- .git/" --filter "- .hg/" --filter "- Headers" --filter "- PrivateHeaders" --filter "- Modules" "/Users/carl.stanley/sites/UKCPA/ukcpa_flutter/build/ios/Debug-iphonesimulator/device_info_plus/device_info_plus.framework" "/Users/carl.stanley/sites/UKCPA/ukcpa_flutter/build/ios/Debug-iphonesimulator/Runner.app/Frameworks"
            /Users/carl.stanley/sites/UKCPA/ukcpa_flutter/build/ios/Debug-iphonesimulator/Runner.app/Frameworks/connectivity_plus.framework: replacing existing signature
            Transfer starting: 5 files
            device_info_plus.framework/
            device_info_plus.framework/device_info_plus
            device_info_plus.framework/_CodeSignature/CodeResources

            sent 144112 bytes  received 70 bytes  68658095 bytes/sec
            total size is 144294  speedup is 1.00
            Stripped /Users/carl.stanley/sites/UKCPA/ukcpa_flutter/build/ios/Debug-iphonesimulator/Runner.app/Frameworks/device_info_plus.framework/device_info_plus of architectures: x86_64
            Code Signing /Users/carl.stanley/sites/UKCPA/ukcpa_flutter/build/ios/Debug-iphonesimulator/Runner.app/Frameworks/device_info_plus.framework with Identity Sign to Run Locally
            /usr/bin/codesign --force --sign -  --preserve-metadata=identifier,entitlements '/Users/carl.stanley/sites/UKCPA/ukcpa_flutter/build/ios/Debug-iphonesimulator/Runner.app/Frameworks/device_info_plus.framework' &
            rsync --delete -av --filter P .*.?????? --links --filter "- CVS/" --filter "- .svn/" --filter "- .git/" --filter "- .hg/" --filter "- Headers" --filter "- PrivateHeaders" --filter "- Modules" "/Users/carl.stanley/sites/UKCPA/ukcpa_flutter/build/ios/Debug-iphonesimulator/flutter_secure_storage/flutter_secure_storage.framework" "/Users/carl.stanley/sites/UKCPA/ukcpa_flutter/build/ios/Debug-iphonesimulator/Runner.app/Frameworks"
            /Users/carl.stanley/sites/UKCPA/ukcpa_flutter/build/ios/Debug-iphonesimulator/Runner.app/Frameworks/device_info_plus.framework: replacing existing signature
            Transfer starting: 8 files
            flutter_secure_storage.framework/
            flutter_secure_storage.framework/flutter_secure_storage
            flutter_secure_storage.framework/_CodeSignature/CodeResources
            flutter_secure_storage.framework/flutter_secure_storage.bundle/
            flutter_secure_storage.framework/flutter_secure_storage.bundle/Info.plist
            flutter_secure_storage.framework/flutter_secure_storage.bundle/PrivacyInfo.xcprivacy

            sent 417511 bytes  received 120 bytes  101861219 bytes/sec
            total size is 417245  speedup is 1.00
            Stripped /Users/carl.stanley/sites/UKCPA/ukcpa_flutter/build/ios/Debug-iphonesimulator/Runner.app/Frameworks/flutter_secure_storage.framework/flutter_secure_storage of architectures: x86_64
            Code Signing /Users/carl.stanley/sites/UKCPA/ukcpa_flutter/build/ios/Debug-iphonesimulator/Runner.app/Frameworks/flutter_secure_storage.framework with Identity Sign to Run Locally
            /usr/bin/codesign --force --sign -  --preserve-metadata=identifier,entitlements '/Users/carl.stanley/sites/UKCPA/ukcpa_flutter/build/ios/Debug-iphonesimulator/Runner.app/Frameworks/flutter_secure_storage.framework' &
            rsync --delete -av --filter P .*.?????? --links --filter "- CVS/" --filter "- .svn/" --filter "- .git/" --filter "- .hg/" --filter "- Headers" --filter "- PrivateHeaders" --filter "- Modules" "/Users/carl.stanley/sites/UKCPA/ukcpa_flutter/build/ios/Debug-iphonesimulator/image_cropper/image_cropper.framework" "/Users/carl.stanley/sites/UKCPA/ukcpa_flutter/build/ios/Debug-iphonesimulator/Runner.app/Frameworks"
            /Users/carl.stanley/sites/UKCPA/ukcpa_flutter/build/ios/Debug-iphonesimulator/Runner.app/Frameworks/flutter_secure_storage.framework: replacing existing signature
            Transfer starting: 5 files
            image_cropper.framework/
            image_cropper.framework/image_cropper
            image_cropper.framework/_CodeSignature/CodeResources

            sent 183048 bytes  received 70 bytes  87199047 bytes/sec
            total size is 183236  speedup is 1.00
            Stripped /Users/carl.stanley/sites/UKCPA/ukcpa_flutter/build/ios/Debug-iphonesimulator/Runner.app/Frameworks/image_cropper.framework/image_cropper of architectures: x86_64
            Code Signing /Users/carl.stanley/sites/UKCPA/ukcpa_flutter/build/ios/Debug-iphonesimulator/Runner.app/Frameworks/image_cropper.framework with Identity Sign to Run Locally
            /usr/bin/codesign --force --sign -  --preserve-metadata=identifier,entitlements '/Users/carl.stanley/sites/UKCPA/ukcpa_flutter/build/ios/Debug-iphonesimulator/Runner.app/Frameworks/image_cropper.framework' &
            rsync --delete -av --filter P .*.?????? --links --filter "- CVS/" --filter "- .svn/" --filter "- .git/" --filter "- .hg/" --filter "- Headers" --filter "- PrivateHeaders" --filter "- Modules" "/Users/carl.stanley/sites/UKCPA/ukcpa_flutter/build/ios/Debug-iphonesimulator/image_picker_ios/image_picker_ios.framework" "/Users/carl.stanley/sites/UKCPA/ukcpa_flutter/build/ios/Debug-iphonesimulator/Runner.app/Frameworks"
            /Users/carl.stanley/sites/UKCPA/ukcpa_flutter/build/ios/Debug-iphonesimulator/Runner.app/Frameworks/image_cropper.framework: replacing existing signature
            Transfer starting: 8 files
            image_picker_ios.framework/
            image_picker_ios.framework/image_picker_ios
            image_picker_ios.framework/_CodeSignature/CodeResources
            image_picker_ios.framework/image_picker_ios_privacy.bundle/
            image_picker_ios.framework/image_picker_ios_privacy.bundle/Info.plist
            image_picker_ios.framework/image_picker_ios_privacy.bundle/PrivacyInfo.xcprivacy

            sent 403440 bytes  received 120 bytes  130180645 bytes/sec
            total size is 403210  speedup is 1.00
            Stripped /Users/carl.stanley/sites/UKCPA/ukcpa_flutter/build/ios/Debug-iphonesimulator/Runner.app/Frameworks/image_picker_ios.framework/image_picker_ios of architectures: x86_64
            Code Signing /Users/carl.stanley/sites/UKCPA/ukcpa_flutter/build/ios/Debug-iphonesimulator/Runner.app/Frameworks/image_picker_ios.framework with Identity Sign to Run Locally
            /usr/bin/codesign --force --sign -  --preserve-metadata=identifier,entitlements '/Users/carl.stanley/sites/UKCPA/ukcpa_flutter/build/ios/Debug-iphonesimulator/Runner.app/Frameworks/image_picker_ios.framework' &
            rsync --delete -av --filter P .*.?????? --links --filter "- CVS/" --filter "- .svn/" --filter "- .git/" --filter "- .hg/" --filter "- Headers" --filter "- PrivateHeaders" --filter "- Modules" "/Users/carl.stanley/sites/UKCPA/ukcpa_flutter/build/ios/Debug-iphonesimulator/integration_test/integration_test.framework" "/Users/carl.stanley/sites/UKCPA/ukcpa_flutter/build/ios/Debug-iphonesimulator/Runner.app/Frameworks"
            /Users/carl.stanley/sites/UKCPA/ukcpa_flutter/build/ios/Debug-iphonesimulator/Runner.app/Frameworks/image_picker_ios.framework: replacing existing signature
            Transfer starting: 5 files
            integration_test.framework/
            integration_test.framework/integration_test
            integration_test.framework/_CodeSignature/CodeResources

            sent 170024 bytes  received 70 bytes  80997142 bytes/sec
            total size is 170202  speedup is 1.00
            Stripped /Users/carl.stanley/sites/UKCPA/ukcpa_flutter/build/ios/Debug-iphonesimulator/Runner.app/Frameworks/integration_test.framework/integration_test of architectures: x86_64
            Code Signing /Users/carl.stanley/sites/UKCPA/ukcpa_flutter/build/ios/Debug-iphonesimulator/Runner.app/Frameworks/integration_test.framework with Identity Sign to Run Locally
            /usr/bin/codesign --force --sign -  --preserve-metadata=identifier,entitlements '/Users/carl.stanley/sites/UKCPA/ukcpa_flutter/build/ios/Debug-iphonesimulator/Runner.app/Frameworks/integration_test.framework' &
            rsync --delete -av --filter P .*.?????? --links --filter "- CVS/" --filter "- .svn/" --filter "- .git/" --filter "- .hg/" --filter "- Headers" --filter "- PrivateHeaders" --filter "- Modules" "/Users/carl.stanley/sites/UKCPA/ukcpa_flutter/build/ios/Debug-iphonesimulator/local_auth_darwin/local_auth_darwin.framework" "/Users/carl.stanley/sites/UKCPA/ukcpa_flutter/build/ios/Debug-iphonesimulator/Runner.app/Frameworks"
            /Users/carl.stanley/sites/UKCPA/ukcpa_flutter/build/ios/Debug-iphonesimulator/Runner.app/Frameworks/integration_test.framework: replacing existing signature
            Transfer starting: 8 files
            local_auth_darwin.framework/
            local_auth_darwin.framework/local_auth_darwin
            local_auth_darwin.framework/_CodeSignature/CodeResources
            local_auth_darwin.framework/local_auth_darwin_privacy.bundle/
            local_auth_darwin.framework/local_auth_darwin_privacy.bundle/Info.plist
            local_auth_darwin.framework/local_auth_darwin_privacy.bundle/PrivacyInfo.xcprivacy

            sent 296004 bytes  received 120 bytes  95523870 bytes/sec
            total size is 295780  speedup is 1.00
            Stripped /Users/carl.stanley/sites/UKCPA/ukcpa_flutter/build/ios/Debug-iphonesimulator/Runner.app/Frameworks/local_auth_darwin.framework/local_auth_darwin of architectures: x86_64
            Code Signing /Users/carl.stanley/sites/UKCPA/ukcpa_flutter/build/ios/Debug-iphonesimulator/Runner.app/Frameworks/local_auth_darwin.framework with Identity Sign to Run Locally
            /usr/bin/codesign --force --sign -  --preserve-metadata=identifier,entitlements '/Users/carl.stanley/sites/UKCPA/ukcpa_flutter/build/ios/Debug-iphonesimulator/Runner.app/Frameworks/local_auth_darwin.framework' &
            rsync --delete -av --filter P .*.?????? --links --filter "- CVS/" --filter "- .svn/" --filter "- .git/" --filter "- .hg/" --filter "- Headers" --filter "- PrivateHeaders" --filter "- Modules" "/Users/carl.stanley/sites/UKCPA/ukcpa_flutter/build/ios/Debug-iphonesimulator/package_info_plus/package_info_plus.framework" "/Users/carl.stanley/sites/UKCPA/ukcpa_flutter/build/ios/Debug-iphonesimulator/Runner.app/Frameworks"
            /Users/carl.stanley/sites/UKCPA/ukcpa_flutter/build/ios/Debug-iphonesimulator/Runner.app/Frameworks/local_auth_darwin.framework: replacing existing signature
            Transfer starting: 5 files
            package_info_plus.framework/
            package_info_plus.framework/package_info_plus
            package_info_plus.framework/_CodeSignature/CodeResources

            sent 143450 bytes  received 70 bytes  68342857 bytes/sec
            total size is 143628  speedup is 1.00
            Stripped /Users/carl.stanley/sites/UKCPA/ukcpa_flutter/build/ios/Debug-iphonesimulator/Runner.app/Frameworks/package_info_plus.framework/package_info_plus of architectures: x86_64
            Code Signing /Users/carl.stanley/sites/UKCPA/ukcpa_flutter/build/ios/Debug-iphonesimulator/Runner.app/Frameworks/package_info_plus.framework with Identity Sign to Run Locally
            /usr/bin/codesign --force --sign -  --preserve-metadata=identifier,entitlements '/Users/carl.stanley/sites/UKCPA/ukcpa_flutter/build/ios/Debug-iphonesimulator/Runner.app/Frameworks/package_info_plus.framework' &
            rsync --delete -av --filter P .*.?????? --links --filter "- CVS/" --filter "- .svn/" --filter "- .git/" --filter "- .hg/" --filter "- Headers" --filter "- PrivateHeaders" --filter "- Modules" "/Users/carl.stanley/sites/UKCPA/ukcpa_flutter/build/ios/Debug-iphonesimulator/path_provider_foundation/path_provider_foundation.framework" "/Users/carl.stanley/sites/UKCPA/ukcpa_flutter/build/ios/Debug-iphonesimulator/Runner.app/Frameworks"
            /Users/carl.stanley/sites/UKCPA/ukcpa_flutter/build/ios/Debug-iphonesimulator/Runner.app/Frameworks/package_info_plus.framework: replacing existing signature
            Transfer starting: 8 files
            path_provider_foundation.framework/
            path_provider_foundation.framework/path_provider_foundation
            path_provider_foundation.framework/_CodeSignature/CodeResources
            path_provider_foundation.framework/path_provider_foundation_privacy.bundle/
            path_provider_foundation.framework/path_provider_foundation_privacy.bundle/Info.plist
            path_provider_foundation.framework/path_provider_foundation_privacy.bundle/PrivacyInfo.xcprivacy

            sent 332894 bytes  received 120 bytes  81222926 bytes/sec
            total size is 332596  speedup is 1.00
            Stripped /Users/carl.stanley/sites/UKCPA/ukcpa_flutter/build/ios/Debug-iphonesimulator/Runner.app/Frameworks/path_provider_foundation.framework/path_provider_foundation of architectures: x86_64
            Code Signing /Users/carl.stanley/sites/UKCPA/ukcpa_flutter/build/ios/Debug-iphonesimulator/Runner.app/Frameworks/path_provider_foundation.framework with Identity Sign to Run Locally
            /usr/bin/codesign --force --sign -  --preserve-metadata=identifier,entitlements '/Users/carl.stanley/sites/UKCPA/ukcpa_flutter/build/ios/Debug-iphonesimulator/Runner.app/Frameworks/path_provider_foundation.framework' &
            rsync --delete -av --filter P .*.?????? --links --filter "- CVS/" --filter "- .svn/" --filter "- .git/" --filter "- .hg/" --filter "- Headers" --filter "- PrivateHeaders" --filter "- Modules" "/Users/carl.stanley/sites/UKCPA/ukcpa_flutter/build/ios/Debug-iphonesimulator/share_plus/share_plus.framework" "/Users/carl.stanley/sites/UKCPA/ukcpa_flutter/build/ios/Debug-iphonesimulator/Runner.app/Frameworks"
            /Users/carl.stanley/sites/UKCPA/ukcpa_flutter/build/ios/Debug-iphonesimulator/Runner.app/Frameworks/path_provider_foundation.framework: replacing existing signature
            Transfer starting: 5 files
            share_plus.framework/
            share_plus.framework/share_plus
            share_plus.framework/_CodeSignature/CodeResources

            sent 205662 bytes  received 70 bytes  66365161 bytes/sec
            total size is 205858  speedup is 1.00
            Stripped /Users/carl.stanley/sites/UKCPA/ukcpa_flutter/build/ios/Debug-iphonesimulator/Runner.app/Frameworks/share_plus.framework/share_plus of architectures: x86_64
            Code Signing /Users/carl.stanley/sites/UKCPA/ukcpa_flutter/build/ios/Debug-iphonesimulator/Runner.app/Frameworks/share_plus.framework with Identity Sign to Run Locally
            /usr/bin/codesign --force --sign -  --preserve-metadata=identifier,entitlements '/Users/carl.stanley/sites/UKCPA/ukcpa_flutter/build/ios/Debug-iphonesimulator/Runner.app/Frameworks/share_plus.framework' &
            rsync --delete -av --filter P .*.?????? --links --filter "- CVS/" --filter "- .svn/" --filter "- .git/" --filter "- .hg/" --filter "- Headers" --filter "- PrivateHeaders" --filter "- Modules" "/Users/carl.stanley/sites/UKCPA/ukcpa_flutter/build/ios/Debug-iphonesimulator/shared_preferences_foundation/shared_preferences_foundation.framework" "/Users/carl.stanley/sites/UKCPA/ukcpa_flutter/build/ios/Debug-iphonesimulator/Runner.app/Frameworks"
            /Users/carl.stanley/sites/UKCPA/ukcpa_flutter/build/ios/Debug-iphonesimulator/Runner.app/Frameworks/share_plus.framework: replacing existing signature
            Transfer starting: 8 files
            shared_preferences_foundation.framework/
            shared_preferences_foundation.framework/shared_preferences_foundation
            shared_preferences_foundation.framework/_CodeSignature/CodeResources
            shared_preferences_foundation.framework/shared_preferences_foundation_privacy.bundle/
            shared_preferences_foundation.framework/shared_preferences_foundation_privacy.bundle/Info.plist
            shared_preferences_foundation.framework/shared_preferences_foundation_privacy.bundle/PrivacyInfo.xcprivacy

            sent 459101 bytes  received 120 bytes  112005121 bytes/sec
            total size is 458737  speedup is 1.00
            Stripped /Users/carl.stanley/sites/UKCPA/ukcpa_flutter/build/ios/Debug-iphonesimulator/Runner.app/Frameworks/shared_preferences_foundation.framework/shared_preferences_foundation of architectures: x86_64
            Code Signing /Users/carl.stanley/sites/UKCPA/ukcpa_flutter/build/ios/Debug-iphonesimulator/Runner.app/Frameworks/shared_preferences_foundation.framework with Identity Sign to Run Locally
            /usr/bin/codesign --force --sign -  --preserve-metadata=identifier,entitlements '/Users/carl.stanley/sites/UKCPA/ukcpa_flutter/build/ios/Debug-iphonesimulator/Runner.app/Frameworks/shared_preferences_foundation.framework' &
            rsync --delete -av --filter P .*.?????? --links --filter "- CVS/" --filter "- .svn/" --filter "- .git/" --filter "- .hg/" --filter "- Headers" --filter "- PrivateHeaders" --filter "- Modules" "/Users/carl.stanley/sites/UKCPA/ukcpa_flutter/build/ios/Debug-iphonesimulator/sqflite_darwin/sqflite_darwin.framework" "/Users/carl.stanley/sites/UKCPA/ukcpa_flutter/build/ios/Debug-iphonesimulator/Runner.app/Frameworks"
            /Users/carl.stanley/sites/UKCPA/ukcpa_flutter/build/ios/Debug-iphonesimulator/Runner.app/Frameworks/shared_preferences_foundation.framework: replacing existing signature
            Transfer starting: 8 files
            sqflite_darwin.framework/
            sqflite_darwin.framework/sqflite_darwin
            sqflite_darwin.framework/_CodeSignature/CodeResources
            sqflite_darwin.framework/sqflite_darwin_privacy.bundle/
            sqflite_darwin.framework/sqflite_darwin_privacy.bundle/Info.plist
            sqflite_darwin.framework/sqflite_darwin_privacy.bundle/PrivacyInfo.xcprivacy

            sent 569619 bytes  received 120 bytes  138960731 bytes/sec
            total size is 569387  speedup is 1.00
            Stripped /Users/carl.stanley/sites/UKCPA/ukcpa_flutter/build/ios/Debug-iphonesimulator/Runner.app/Frameworks/sqflite_darwin.framework/sqflite_darwin of architectures: x86_64
            Code Signing /Users/carl.stanley/sites/UKCPA/ukcpa_flutter/build/ios/Debug-iphonesimulator/Runner.app/Frameworks/sqflite_darwin.framework with Identity Sign to Run Locally
            /usr/bin/codesign --force --sign -  --preserve-metadata=identifier,entitlements '/Users/carl.stanley/sites/UKCPA/ukcpa_flutter/build/ios/Debug-iphonesimulator/Runner.app/Frameworks/sqflite_darwin.framework' &
            rsync --delete -av --filter P .*.?????? --links --filter "- CVS/" --filter "- .svn/" --filter "- .git/" --filter "- .hg/" --filter "- Headers" --filter "- PrivateHeaders" --filter "- Modules" "/Users/carl.stanley/sites/UKCPA/ukcpa_flutter/build/ios/Debug-iphonesimulator/url_launcher_ios/url_launcher_ios.framework" "/Users/carl.stanley/sites/UKCPA/ukcpa_flutter/build/ios/Debug-iphonesimulator/Runner.app/Frameworks"
            /Users/carl.stanley/sites/UKCPA/ukcpa_flutter/build/ios/Debug-iphonesimulator/Runner.app/Frameworks/sqflite_darwin.framework: replacing existing signature
            Transfer starting: 8 files
            url_launcher_ios.framework/
            url_launcher_ios.framework/url_launcher_ios
            url_launcher_ios.framework/_CodeSignature/CodeResources
            url_launcher_ios.framework/url_launcher_ios_privacy.bundle/
            url_launcher_ios.framework/url_launcher_ios_privacy.bundle/Info.plist
            url_launcher_ios.framework/url_launcher_ios_privacy.bundle/PrivacyInfo.xcprivacy

            sent 467746 bytes  received 120 bytes  114113658 bytes/sec
            total size is 467508  speedup is 1.00
            Stripped /Users/carl.stanley/sites/UKCPA/ukcpa_flutter/build/ios/Debug-iphonesimulator/Runner.app/Frameworks/url_launcher_ios.framework/url_launcher_ios of architectures: x86_64
            Code Signing /Users/carl.stanley/sites/UKCPA/ukcpa_flutter/build/ios/Debug-iphonesimulator/Runner.app/Frameworks/url_launcher_ios.framework with Identity Sign to Run Locally
            /usr/bin/codesign --force --sign -  --preserve-metadata=identifier,entitlements '/Users/carl.stanley/sites/UKCPA/ukcpa_flutter/build/ios/Debug-iphonesimulator/Runner.app/Frameworks/url_launcher_ios.framework' &
            rsync --delete -av --filter P .*.?????? --links --filter "- CVS/" --filter "- .svn/" --filter "- .git/" --filter "- .hg/" --filter "- Headers" --filter "- PrivateHeaders" --filter "- Modules" "/Users/carl.stanley/sites/UKCPA/ukcpa_flutter/build/ios/Debug-iphonesimulator/video_player_avfoundation/video_player_avfoundation.framework" "/Users/carl.stanley/sites/UKCPA/ukcpa_flutter/build/ios/Debug-iphonesimulator/Runner.app/Frameworks"
            /Users/carl.stanley/sites/UKCPA/ukcpa_flutter/build/ios/Debug-iphonesimulator/Runner.app/Frameworks/url_launcher_ios.framework: replacing existing signature
            Transfer starting: 8 files
            video_player_avfoundation.framework/
            video_player_avfoundation.framework/video_player_avfoundation
            video_player_avfoundation.framework/_CodeSignature/CodeResources
            video_player_avfoundation.framework/video_player_avfoundation_privacy.bundle/
            video_player_avfoundation.framework/video_player_avfoundation_privacy.bundle/Info.plist
            video_player_avfoundation.framework/video_player_avfoundation_privacy.bundle/PrivacyInfo.xcprivacy

            sent 446934 bytes  received 120 bytes  87657647 bytes/sec
            total size is 446610  speedup is 1.00
            Stripped /Users/carl.stanley/sites/UKCPA/ukcpa_flutter/build/ios/Debug-iphonesimulator/Runner.app/Frameworks/video_player_avfoundation.framework/video_player_avfoundation of architectures: x86_64
            Code Signing /Users/carl.stanley/sites/UKCPA/ukcpa_flutter/build/ios/Debug-iphonesimulator/Runner.app/Frameworks/video_player_avfoundation.framework with Identity Sign to Run Locally
            /usr/bin/codesign --force --sign -  --preserve-metadata=identifier,entitlements '/Users/carl.stanley/sites/UKCPA/ukcpa_flutter/build/ios/Debug-iphonesimulator/Runner.app/Frameworks/video_player_avfoundation.framework' &
            rsync --delete -av --filter P .*.?????? --links --filter "- CVS/" --filter "- .svn/" --filter "- .git/" --filter "- .hg/" --filter "- Headers" --filter "- PrivateHeaders" --filter "- Modules" "/Users/carl.stanley/sites/UKCPA/ukcpa_flutter/build/ios/Debug-iphonesimulator/wakelock_plus/wakelock_plus.framework" "/Users/carl.stanley/sites/UKCPA/ukcpa_flutter/build/ios/Debug-iphonesimulator/Runner.app/Frameworks"
            /Users/carl.stanley/sites/UKCPA/ukcpa_flutter/build/ios/Debug-iphonesimulator/Runner.app/Frameworks/video_player_avfoundation.framework: replacing existing signature
            Transfer starting: 5 files
            wakelock_plus.framework/
            wakelock_plus.framework/wakelock_plus
            wakelock_plus.framework/_CodeSignature/CodeResources

            sent 188408 bytes  received 70 bytes  45970243 bytes/sec
            total size is 188596  speedup is 1.00
            Stripped /Users/carl.stanley/sites/UKCPA/ukcpa_flutter/build/ios/Debug-iphonesimulator/Runner.app/Frameworks/wakelock_plus.framework/wakelock_plus of architectures: x86_64
            Code Signing /Users/carl.stanley/sites/UKCPA/ukcpa_flutter/build/ios/Debug-iphonesimulator/Runner.app/Frameworks/wakelock_plus.framework with Identity Sign to Run Locally
            /usr/bin/codesign --force --sign -  --preserve-metadata=identifier,entitlements '/Users/carl.stanley/sites/UKCPA/ukcpa_flutter/build/ios/Debug-iphonesimulator/Runner.app/Frameworks/wakelock_plus.framework' &
            /Users/carl.stanley/sites/UKCPA/ukcpa_flutter/build/ios/Debug-iphonesimulator/Runner.app/Frameworks/wakelock_plus.framework: replacing existing signature

            PhaseScriptExecution [CP]\ Copy\ Pods\ Resources /Users/carl.stanley/Library/Developer/Xcode/DerivedData/Runner-dtxbldypbunqjrdrwadgjstoojan/Build/Intermediates.noindex/Runner.build/Debug-iphonesimulator/Runner.build/Script-2B0CB629833A333016215CE0.sh (in target 'Runner' from project 'Runner')
                cd /Users/carl.stanley/sites/UKCPA/ukcpa_flutter/ios
                /bin/sh -c /Users/carl.stanley/Library/Developer/Xcode/DerivedData/Runner-dtxbldypbunqjrdrwadgjstoojan/Build/Intermediates.noindex/Runner.build/Debug-iphonesimulator/Runner.build/Script-2B0CB629833A333016215CE0.sh
            /Users/carl.stanley/sites/UKCPA/ukcpa_flutter/build/ios/Debug-iphonesimulator/permission_handler_apple/permission_handler_apple_privacy.bundle
            Transfer starting: 3 files

            sent 281 bytes  received 20 bytes  273636 bytes/sec
            total size is 1452  speedup is 4.82

            ExtractAppIntentsMetadata (in target 'Runner' from project 'Runner')
                cd /Users/carl.stanley/sites/UKCPA/ukcpa_flutter/ios
                /Applications/Xcode.app/Contents/Developer/Toolchains/XcodeDefault.xctoolchain/usr/bin/appintentsmetadataprocessor --output /Users/carl.stanley/sites/UKCPA/ukcpa_flutter/build/ios/Debug-iphonesimulator/Runner.app --toolchain-dir /Applications/Xcode.app/Contents/Developer/Toolchains/XcodeDefault.xctoolchain --module-name Runner --sdk-root /Applications/Xcode.app/Contents/Developer/Platforms/iPhoneSimulator.platform/Developer/SDKs/iPhoneSimulator18.0.sdk --xcode-version 16A242d --platform-family iOS --deployment-target 12.0 --bundle-identifier com.example.ukcpaFlutter --target-triple arm64-apple-ios12.0-simulator --binary-file /Users/carl.stanley/sites/UKCPA/ukcpa_flutter/build/ios/Debug-iphonesimulator/Runner.app/Runner --dependency-file /Users/carl.stanley/Library/Developer/Xcode/DerivedData/Runner-dtxbldypbunqjrdrwadgjstoojan/Build/Intermediates.noindex/Runner.build/Debug-iphonesimulator/Runner.build/Objects-normal/arm64/Runner_dependency_info.dat --stringsdata-file /Users/carl.stanley/Library/Developer/Xcode/DerivedData/Runner-dtxbldypbunqjrdrwadgjstoojan/Build/Intermediates.noindex/Runner.build/Debug-iphonesimulator/Runner.build/Objects-normal/arm64/ExtractedAppShortcutsMetadata.stringsdata --source-file-list /Users/carl.stanley/Library/Developer/Xcode/DerivedData/Runner-dtxbldypbunqjrdrwadgjstoojan/Build/Intermediates.noindex/Runner.build/Debug-iphonesimulator/Runner.build/Objects-normal/arm64/Runner.SwiftFileList --metadata-file-list /Users/carl.stanley/Library/Developer/Xcode/DerivedData/Runner-dtxbldypbunqjrdrwadgjstoojan/Build/Intermediates.noindex/Runner.build/Debug-iphonesimulator/Runner.build/Runner.DependencyMetadataFileList --swift-const-vals-list /Users/carl.stanley/Library/Developer/Xcode/DerivedData/Runner-dtxbldypbunqjrdrwadgjstoojan/Build/Intermediates.noindex/Runner.build/Debug-iphonesimulator/Runner.build/Objects-normal/arm64/Runner.SwiftConstValuesFileList --compile-time-extraction --deployment-aware-processing --validate-assistant-intents
            note: Metadata extraction skipped. No AppIntents.framework dependency found. (in target 'Runner' from project 'Runner')

            AppIntentsSSUTraining (in target 'Runner' from project 'Runner')
                cd /Users/carl.stanley/sites/UKCPA/ukcpa_flutter/ios
                /Applications/Xcode.app/Contents/Developer/Toolchains/XcodeDefault.xctoolchain/usr/bin/appintentsnltrainingprocessor --infoplist-path /Users/carl.stanley/sites/UKCPA/ukcpa_flutter/build/ios/Debug-iphonesimulator/Runner.app/Info.plist --temp-dir-path /Users/carl.stanley/Library/Developer/Xcode/DerivedData/Runner-dtxbldypbunqjrdrwadgjstoojan/Build/Intermediates.noindex/Runner.build/Debug-iphonesimulator/Runner.build/ssu --bundle-id com.example.ukcpaFlutter --product-path /Users/carl.stanley/sites/UKCPA/ukcpa_flutter/build/ios/Debug-iphonesimulator/Runner.app --extracted-metadata-path /Users/carl.stanley/sites/UKCPA/ukcpa_flutter/build/ios/Debug-iphonesimulator/Runner.app/Metadata.appintents --archive-ssu-assets
            2025-08-06 15:07:21.814 appintentsnltrainingprocessor[66514:2239078] Parsing options for appintentsnltrainingprocessor
            2025-08-06 15:07:21.815 appintentsnltrainingprocessor[66514:2239078] No AppShortcuts found - Skipping.

            CopySwiftLibs /Users/carl.stanley/sites/UKCPA/ukcpa_flutter/build/ios/Debug-iphonesimulator/Runner.app (in target 'Runner' from project 'Runner')
                cd /Users/carl.stanley/sites/UKCPA/ukcpa_flutter/ios
                builtin-swiftStdLibTool --copy --verbose --sign - --scan-executable /Users/carl.stanley/sites/UKCPA/ukcpa_flutter/build/ios/Debug-iphonesimulator/Runner.app/Runner.debug.dylib --scan-folder /Users/carl.stanley/sites/UKCPA/ukcpa_flutter/build/ios/Debug-iphonesimulator/Runner.app/Frameworks --scan-folder /Users/carl.stanley/sites/UKCPA/ukcpa_flutter/build/ios/Debug-iphonesimulator/Runner.app/PlugIns --scan-folder /Users/carl.stanley/sites/UKCPA/ukcpa_flutter/build/ios/Debug-iphonesimulator/Runner.app/SystemExtensions --scan-folder /Users/carl.stanley/sites/UKCPA/ukcpa_flutter/build/ios/Debug-iphonesimulator/Runner.app/Extensions --scan-folder /Users/carl.stanley/sites/UKCPA/ukcpa_flutter/build/ios/Debug-iphonesimulator/Pods_Runner.framework --platform iphonesimulator --toolchain /Applications/Xcode.app/Contents/Developer/Toolchains/XcodeDefault.xctoolchain --destination /Users/carl.stanley/sites/UKCPA/ukcpa_flutter/build/ios/Debug-iphonesimulator/Runner.app/Frameworks --strip-bitcode --strip-bitcode-tool /Applications/Xcode.app/Contents/Developer/Toolchains/XcodeDefault.xctoolchain/usr/bin/bitcode_strip --emit-dependency-info /Users/carl.stanley/Library/Developer/Xcode/DerivedData/Runner-dtxbldypbunqjrdrwadgjstoojan/Build/Intermediates.noindex/Runner.build/Debug-iphonesimulator/Runner.build/SwiftStdLibToolInputDependencies.dep --filter-for-swift-os

            CodeSign /Users/carl.stanley/sites/UKCPA/ukcpa_flutter/build/ios/Debug-iphonesimulator/Runner.app/Runner.debug.dylib (in target 'Runner' from project 'Runner')
                cd /Users/carl.stanley/sites/UKCPA/ukcpa_flutter/ios

                Signing Identity:     "Sign to Run Locally"

                /usr/bin/codesign --force --sign - --timestamp\=none --generate-entitlement-der /Users/carl.stanley/sites/UKCPA/ukcpa_flutter/build/ios/Debug-iphonesimulator/Runner.app/Runner.debug.dylib

            CodeSign /Users/carl.stanley/sites/UKCPA/ukcpa_flutter/build/ios/Debug-iphonesimulator/Runner.app/__preview.dylib (in target 'Runner' from project 'Runner')
                cd /Users/carl.stanley/sites/UKCPA/ukcpa_flutter/ios

                Signing Identity:     "Sign to Run Locally"

                /usr/bin/codesign --force --sign - --timestamp\=none --generate-entitlement-der /Users/carl.stanley/sites/UKCPA/ukcpa_flutter/build/ios/Debug-iphonesimulator/Runner.app/__preview.dylib
            /Users/carl.stanley/sites/UKCPA/ukcpa_flutter/build/ios/Debug-iphonesimulator/Runner.app/__preview.dylib: replacing existing signature

            CodeSign /Users/carl.stanley/sites/UKCPA/ukcpa_flutter/build/ios/Debug-iphonesimulator/Runner.app (in target 'Runner' from project 'Runner')
                cd /Users/carl.stanley/sites/UKCPA/ukcpa_flutter/ios

                Signing Identity:     "Sign to Run Locally"

                /usr/bin/codesign --force --sign - --timestamp\=none --generate-entitlement-der /Users/carl.stanley/sites/UKCPA/ukcpa_flutter/build/ios/Debug-iphonesimulator/Runner.app
            /Users/carl.stanley/sites/UKCPA/ukcpa_flutter/build/ios/Debug-iphonesimulator/Runner.app: replacing existing signature

            Validate /Users/carl.stanley/sites/UKCPA/ukcpa_flutter/build/ios/Debug-iphonesimulator/Runner.app (in target 'Runner' from project 'Runner')
                cd /Users/carl.stanley/sites/UKCPA/ukcpa_flutter/ios
                builtin-validationUtility /Users/carl.stanley/sites/UKCPA/ukcpa_flutter/build/ios/Debug-iphonesimulator/Runner.app -infoplist-subpath Info.plist


            Result bundle written to path:
            	/var/folders/20/skb3d8qx2hn9r9z8036y32g40000gp/T/flutter_tools.MwIZIg/flutter_ios_build_temp_dirHr63Oi/temporary_xcresult_bundle

            ** BUILD SUCCEEDED **


            --- xcodebuild: WARNING: Using the first of multiple matching destinations:
            { platform:iOS Simulator, id:00724C24-F12F-4CA6-A33E-8FD8714B05CA, OS:18.0, name:iPhone 16 Pro }
            { platform:iOS Simulator, id:00724C24-F12F-4CA6-A33E-8FD8714B05CA, OS:18.0, name:iPhone 16 Pro }
[  +17 ms] Running Xcode build... (completed in 19.7s)
[   +2 ms] Xcode build done.                                           19.7s
[  +15 ms] executing: /usr/bin/arch -arm64e xcrun xcresulttool get --legacy --path /var/folders/20/skb3d8qx2hn9r9z8036y32g40000gp/T/flutter_tools.MwIZIg/flutter_ios_build_temp_dirHr63Oi/temporary_xcresult_bundle --format json
[  +63 ms] {
             "_type" : {
               "_name" : "ActionsInvocationRecord"
             },
             "actions" : {
               "_type" : {
                 "_name" : "Array"
               },
               "_values" : [
                 {
                   "_type" : {
                     "_name" : "ActionRecord"
                   },
                   "actionResult" : {
                     "_type" : {
                       "_name" : "ActionResult"
                     },
                     "coverage" : {
                       "_type" : {
                         "_name" : "CodeCoverageInfo"
                       }
                     },
                     "issues" : {
                       "_type" : {
                         "_name" : "ResultIssueSummaries"
                       }
                     },
                     "metrics" : {
                       "_type" : {
                         "_name" : "ResultMetrics"
                       }
                     },
                     "resultName" : {
                       "_type" : {
                         "_name" : "String"
                       },
                       "_value" : "action"
                     },
                     "status" : {
                       "_type" : {
                         "_name" : "String"
                       },
                       "_value" : "notRequested"
                     }
                   },
                   "buildResult" : {
                     "_type" : {
                       "_name" : "ActionResult"
                     },
                     "coverage" : {
                       "_type" : {
                         "_name" : "CodeCoverageInfo"
                       }
                     },
                     "issues" : {
                       "_type" : {
                         "_name" : "ResultIssueSummaries"
                       },
                       "warningSummaries" : {
                         "_type" : {
                           "_name" : "Array"
                         },
                         "_values" : [
                           {
                             "_type" : {
                               "_name" : "IssueSummary"
                             },
                             "documentLocationInCreatingWorkspace" : {
                               "_type" : {
                                 "_name" : "DocumentLocation"
                               },
                               "concreteTypeName" : {
                                 "_type" : {
                                   "_name" : "String"
                                 },
                                 "_value" : "DVTTextDocumentLocation"
                               },
                               "url" : {
                                 "_type" : {
                                   "_name" : "String"
                                 },
                                 "_value" : "file:\/\/\/Users\/carl.stanley\/.pub-cache\/hosted\/pub.dev\/share_plus-7.2.2\/ios\/Classes\/FPPSharePlusPlugin.m#EndingColumnNumber=43&EndingLineNumber=9&StartingColumnNumber=43&StartingLineNumber=9&Timestamp=776158366.498673"
                               }
                             },
                             "issueType" : {
                               "_type" : {
                                 "_name" : "String"
                               },
                               "_value" : "Semantic Issue"
                             },
                             "message" : {
                               "_type" : {
                                 "_name" : "String"
                               },
                               "_value" : "A function declaration without a prototype is deprecated in all versions of C"
                             }
                           },
                           {
                             "_type" : {
                               "_name" : "IssueSummary"
                             },
                             "documentLocationInCreatingWorkspace" : {
                               "_type" : {
                                 "_name" : "DocumentLocation"
                               },
                               "concreteTypeName" : {
                                 "_type" : {
                                   "_name" : "String"
                                 },
                                 "_value" : "DVTTextDocumentLocation"
                               },
                               "url" : {
                                 "_type" : {
                                   "_name" : "String"
                                 },
                                 "_value" : "file:\/\/\/Users\/carl.stanley\/.pub-cache\/hosted\/pub.dev\/share_plus-7.2.2\/ios\/Classes\/FPPSharePlusPlugin.m#EndingColumnNumber=45&EndingLineNumber=24&StartingColumnNumber=45&StartingLineNumber=24&Timestamp=776158366.498673"
                               }
                             },
                             "issueType" : {
                               "_type" : {
                                 "_name" : "String"
                               },
                               "_value" : "Deprecations"
                             },
                             "message" : {
                               "_type" : {
                                 "_name" : "String"
                               },
                               "_value" : "'keyWindow' is deprecated: first deprecated in iOS 13.0 - Should not be used for applications that support multiple scenes as it returns a key window across all connected scenes"
                             }
                           },
                           {
                             "_type" : {
                               "_name" : "IssueSummary"
                             },
                             "documentLocationInCreatingWorkspace" : {
                               "_type" : {
                                 "_name" : "DocumentLocation"
                               },
                               "concreteTypeName" : {
                                 "_type" : {
                                   "_name" : "String"
                                 },
                                 "_value" : "DVTTextDocumentLocation"
                               },
                               "url" : {
                                 "_type" : {
                                   "_name" : "String"
                                 },
                                 "_value" : "file:\/\/\/Users\/carl.stanley\/.pub-cache\/hosted\/pub.dev\/permission_handler_apple-9.4.7\/ios\/Classes\/strategies\/PhonePermissionStrategy.m#EndingColumnNumber=34&EndingLineNumber=48&StartingColumnNumber=34&StartingLineNumber=48&Timestamp=776158366.498673"
                               }
                             },
                             "issueType" : {
                               "_type" : {
                                 "_name" : "String"
                               },
                               "_value" : "Deprecations"
                             },
                             "message" : {
                               "_type" : {
                                 "_name" : "String"
                               },
                               "_value" : "'subscriberCellularProvider' is deprecated: first deprecated in iOS 12.0"
                             }
                           }
                         ]
                       }
                     },
                     "logRef" : {
                       "_type" : {
                         "_name" : "Reference"
                       },
                       "id" : {
                         "_type" : {
                           "_name" : "String"
                         },
                         "_value" : "0~8UwOVdM2IMUJHSlngNunq1c0qIycBQ8nG8mEYhwNKiw0L_9TxyqowSx-PzfEyp11a3D6IV8MZWnzN4n004yWhA=="
                       },
                       "targetType" : {
                         "_type" : {
                           "_name" : "TypeDefinition"
                         },
                         "name" : {
                           "_type" : {
                             "_name" : "String"
                           },
                           "_value" : "ActivityLogSection"
                         }
                       }
                     },
                     "metrics" : {
                       "_type" : {
                         "_name" : "ResultMetrics"
                       },
                       "warningCount" : {
                         "_type" : {
                           "_name" : "Int"
                         },
                         "_value" : "3"
                       }
                     },
                     "resultName" : {
                       "_type" : {
                         "_name" : "String"
                       },
                       "_value" : "build"
                     },
                     "status" : {
                       "_type" : {
                         "_name" : "String"
                       },
                       "_value" : "succeeded"
                     }
                   },
                   "endedTime" : {
                     "_type" : {
                       "_name" : "Date"
                     },
                     "_value" : "2025-08-06T15:07:22.322+0400"
                   },
                   "runDestination" : {
                     "_type" : {
                       "_name" : "ActionRunDestinationRecord"
                     },
                     "displayName" : {
                       "_type" : {
                         "_name" : "String"
                       },
                       "_value" : "iPhone 16 Pro"
                     },
                     "localComputerRecord" : {
                       "_type" : {
                         "_name" : "ActionDeviceRecord"
                       },
                       "busSpeedInMHz" : {
                         "_type" : {
                           "_name" : "Int"
                         },
                         "_value" : "0"
                       },
                       "cpuCount" : {
                         "_type" : {
                           "_name" : "Int"
                         },
                         "_value" : "1"
                       },
                       "cpuKind" : {
                         "_type" : {
                           "_name" : "String"
                         },
                         "_value" : "Apple M2 Pro"
                       },
                       "cpuSpeedInMHz" : {
                         "_type" : {
                           "_name" : "Int"
                         },
                         "_value" : "0"
                       },
                       "identifier" : {
                         "_type" : {
                           "_name" : "String"
                         },
                         "_value" : "00006020-000E51903C33C01E"
                       },
                       "isConcreteDevice" : {
                         "_type" : {
                           "_name" : "Bool"
                         },
                         "_value" : "true"
                       },
                       "logicalCPUCoresPerPackage" : {
                         "_type" : {
                           "_name" : "Int"
                         },
                         "_value" : "12"
                       },
                       "modelCode" : {
                         "_type" : {
                           "_name" : "String"
                         },
                         "_value" : "Mac14,10"
                       },
                       "modelName" : {
                         "_type" : {
                           "_name" : "String"
                         },
                         "_value" : "MacBook Pro"
                       },
                       "modelUTI" : {
                         "_type" : {
                           "_name" : "String"
                         },
                         "_value" : "com.apple.macbookpro-16-2023"
                       },
                       "name" : {
                         "_type" : {
                           "_name" : "String"
                         },
                         "_value" : "My Mac"
                       },
                       "nativeArchitecture" : {
                         "_type" : {
                           "_name" : "String"
                         },
                         "_value" : "arm64e"
                       },
                       "operatingSystemVersion" : {
                         "_type" : {
                           "_name" : "String"
                         },
                         "_value" : "15.6"
                       },
                       "operatingSystemVersionWithBuildNumber" : {
                         "_type" : {
                           "_name" : "String"
                         },
                         "_value" : "15.6 (24G84)"
                       },
                       "physicalCPUCoresPerPackage" : {
                         "_type" : {
                           "_name" : "Int"
                         },
                         "_value" : "12"
                       },
                       "platformRecord" : {
                         "_type" : {
                           "_name" : "ActionPlatformRecord"
                         },
                         "identifier" : {
                           "_type" : {
                             "_name" : "String"
                           },
                           "_value" : "com.apple.platform.macosx"
                         },
                         "userDescription" : {
                           "_type" : {
                             "_name" : "String"
                           },
                           "_value" : "macOS"
                         }
                       },
                       "ramSizeInMegabytes" : {
                         "_type" : {
                           "_name" : "Int"
                         },
                         "_value" : "32768"
                       }
                     },
                     "targetArchitecture" : {
                       "_type" : {
                         "_name" : "String"
                       },
                       "_value" : "arm64"
                     },
                     "targetDeviceRecord" : {
                       "_type" : {
                         "_name" : "ActionDeviceRecord"
                       },
                       "busSpeedInMHz" : {
                         "_type" : {
                           "_name" : "Int"
                         },
                         "_value" : "0"
                       },
                       "cpuCount" : {
                         "_type" : {
                           "_name" : "Int"
                         },
                         "_value" : "0"
                       },
                       "cpuSpeedInMHz" : {
                         "_type" : {
                           "_name" : "Int"
                         },
                         "_value" : "0"
                       },
                       "identifier" : {
                         "_type" : {
                           "_name" : "String"
                         },
                         "_value" : "00724C24-F12F-4CA6-A33E-8FD8714B05CA"
                       },
                       "isConcreteDevice" : {
                         "_type" : {
                           "_name" : "Bool"
                         },
                         "_value" : "true"
                       },
                       "logicalCPUCoresPerPackage" : {
                         "_type" : {
                           "_name" : "Int"
                         },
                         "_value" : "0"
                       },
                       "modelCode" : {
                         "_type" : {
                           "_name" : "String"
                         },
                         "_value" : "iPhone17,1"
                       },
                       "modelName" : {
                         "_type" : {
                           "_name" : "String"
                         },
                         "_value" : "iPhone 16 Pro"
                       },
                       "modelUTI" : {
                         "_type" : {
                           "_name" : "String"
                         },
                         "_value" : "com.apple.iphone-16-pro-1"
                       },
                       "name" : {
                         "_type" : {
                           "_name" : "String"
                         },
                         "_value" : "iPhone 16 Pro"
                       },
                       "nativeArchitecture" : {
                         "_type" : {
                           "_name" : "String"
                         },
                         "_value" : "arm64"
                       },
                       "operatingSystemVersion" : {
                         "_type" : {
                           "_name" : "String"
                         },
                         "_value" : "18.0"
                       },
                       "operatingSystemVersionWithBuildNumber" : {
                         "_type" : {
                           "_name" : "String"
                         },
                         "_value" : "18.0 (22A3351)"
                       },
                       "physicalCPUCoresPerPackage" : {
                         "_type" : {
                           "_name" : "Int"
                         },
                         "_value" : "0"
                       },
                       "platformRecord" : {
                         "_type" : {
                           "_name" : "ActionPlatformRecord"
                         },
                         "identifier" : {
                           "_type" : {
                             "_name" : "String"
                           },
                           "_value" : "com.apple.platform.iphonesimulator"
                         },
                         "userDescription" : {
                           "_type" : {
                             "_name" : "String"
                           },
                           "_value" : "iOS Simulator"
                         }
                       },
                       "ramSizeInMegabytes" : {
                         "_type" : {
                           "_name" : "Int"
                         },
                         "_value" : "0"
                       }
                     },
                     "targetSDKRecord" : {
                       "_type" : {
                         "_name" : "ActionSDKRecord"
                       },
                       "identifier" : {
                         "_type" : {
                           "_name" : "String"
                         },
                         "_value" : "iphonesimulator18.0"
                       },
                       "name" : {
                         "_type" : {
                           "_name" : "String"
                         },
                         "_value" : "Simulator - iOS 18.0"
                       },
                       "operatingSystemVersion" : {
                         "_type" : {
                           "_name" : "String"
                         },
                         "_value" : "18.0"
                       }
                     }
                   },
                   "schemeCommandName" : {
                     "_type" : {
                       "_name" : "String"
                     },
                     "_value" : "Run"
                   },
                   "schemeTaskName" : {
                     "_type" : {
                       "_name" : "String"
                     },
                     "_value" : "Build"
                   },
                   "startedTime" : {
                     "_type" : {
                       "_name" : "Date"
                     },
                     "_value" : "2025-08-06T15:07:03.587+0400"
                   },
                   "title" : {
                     "_type" : {
                       "_name" : "String"
                     },
                     "_value" : "Build \"Runner\""
                   }
                 }
               ]
             },
             "issues" : {
               "_type" : {
                 "_name" : "ResultIssueSummaries"
               },
               "warningSummaries" : {
                 "_type" : {
                   "_name" : "Array"
                 },
                 "_values" : [
                   {
                     "_type" : {
                       "_name" : "IssueSummary"
                     },
                     "documentLocationInCreatingWorkspace" : {
                       "_type" : {
                         "_name" : "DocumentLocation"
                       },
                       "concreteTypeName" : {
                         "_type" : {
                           "_name" : "String"
                         },
                         "_value" : "DVTTextDocumentLocation"
                       },
                       "url" : {
                         "_type" : {
                           "_name" : "String"
                         },
                         "_value" : "file:\/\/\/Users\/carl.stanley\/.pub-cache\/hosted\/pub.dev\/share_plus-7.2.2\/ios\/Classes\/FPPSharePlusPlugin.m#EndingColumnNumber=43&EndingLineNumber=9&StartingColumnNumber=43&StartingLineNumber=9&Timestamp=776158366.498673"
                       }
                     },
                     "issueType" : {
                       "_type" : {
                         "_name" : "String"
                       },
                       "_value" : "Semantic Issue"
                     },
                     "message" : {
                       "_type" : {
                         "_name" : "String"
                       },
                       "_value" : "A function declaration without a prototype is deprecated in all versions of C"
                     }
                   },
                   {
                     "_type" : {
                       "_name" : "IssueSummary"
                     },
                     "documentLocationInCreatingWorkspace" : {
                       "_type" : {
                         "_name" : "DocumentLocation"
                       },
                       "concreteTypeName" : {
                         "_type" : {
                           "_name" : "String"
                         },
                         "_value" : "DVTTextDocumentLocation"
                       },
                       "url" : {
                         "_type" : {
                           "_name" : "String"
                         },
                         "_value" : "file:\/\/\/Users\/carl.stanley\/.pub-cache\/hosted\/pub.dev\/share_plus-7.2.2\/ios\/Classes\/FPPSharePlusPlugin.m#EndingColumnNumber=45&EndingLineNumber=24&StartingColumnNumber=45&StartingLineNumber=24&Timestamp=776158366.498673"
                       }
                     },
                     "issueType" : {
                       "_type" : {
                         "_name" : "String"
                       },
                       "_value" : "Deprecations"
                     },
                     "message" : {
                       "_type" : {
                         "_name" : "String"
                       },
                       "_value" : "'keyWindow' is deprecated: first deprecated in iOS 13.0 - Should not be used for applications that support multiple scenes as it returns a key window across all connected scenes"
                     }
                   },
                   {
                     "_type" : {
                       "_name" : "IssueSummary"
                     },
                     "documentLocationInCreatingWorkspace" : {
                       "_type" : {
                         "_name" : "DocumentLocation"
                       },
                       "concreteTypeName" : {
                         "_type" : {
                           "_name" : "String"
                         },
                         "_value" : "DVTTextDocumentLocation"
                       },
                       "url" : {
                         "_type" : {
                           "_name" : "String"
                         },
                         "_value" : "file:\/\/\/Users\/carl.stanley\/.pub-cache\/hosted\/pub.dev\/permission_handler_apple-9.4.7\/ios\/Classes\/strategies\/PhonePermissionStrategy.m#EndingColumnNumber=34&EndingLineNumber=48&StartingColumnNumber=34&StartingLineNumber=48&Timestamp=776158366.498673"
                       }
                     },
                     "issueType" : {
                       "_type" : {
                         "_name" : "String"
                       },
                       "_value" : "Deprecations"
                     },
                     "message" : {
                       "_type" : {
                         "_name" : "String"
                       },
                       "_value" : "'subscriberCellularProvider' is deprecated: first deprecated in iOS 12.0"
                     }
                   }
                 ]
               }
             },
             "metadataRef" : {
               "_type" : {
                 "_name" : "Reference"
               },
               "id" : {
                 "_type" : {
                   "_name" : "String"
                 },
                 "_value" : "0~NKi3H7YKsApPlH9_Vw4AgxQKsHfMxiYsAGjsQofKiwTacrdMke4bKS96-Ly83MxT3oZBvK8As0BpLqAhn2eN8g=="
               },
               "targetType" : {
                 "_type" : {
                   "_name" : "TypeDefinition"
                 },
                 "name" : {
                   "_type" : {
                     "_name" : "String"
                   },
                   "_value" : "ActionsInvocationMetadata"
                 }
               }
             },
             "metrics" : {
               "_type" : {
                 "_name" : "ResultMetrics"
               },
               "warningCount" : {
                 "_type" : {
                   "_name" : "Int"
                 },
                 "_value" : "3"
               }
             }
           }
[   +3 ms] executing: rsync -8 -av --delete /Users/carl.stanley/sites/UKCPA/ukcpa_flutter/build/ios/Debug-iphonesimulator/Runner.app /Users/carl.stanley/sites/UKCPA/ukcpa_flutter/build/ios/iphonesimulator
00:24 +0: loading /Users/carl.stanley/sites/UKCPA/ukcpa_flutter/integration_test/app_test.dart                                                                                                         [ +568 ms] Transfer starting: 253 files
           Runner.app/
           Runner.app/Info.plist
           Runner.app/Runner
           Runner.app/Runner.debug.dylib
           Runner.app/__preview.dylib
           Runner.app/Frameworks/
           Runner.app/Frameworks/App.framework/
           Runner.app/Frameworks/App.framework/App
           Runner.app/Frameworks/App.framework/_CodeSignature/CodeResources
           Runner.app/Frameworks/App.framework/flutter_assets/AssetManifest.bin
           Runner.app/Frameworks/App.framework/flutter_assets/AssetManifest.json
           Runner.app/Frameworks/App.framework/flutter_assets/FontManifest.json
           Runner.app/Frameworks/App.framework/flutter_assets/NOTICES.Z
           Runner.app/Frameworks/App.framework/flutter_assets/NativeAssetsManifest.json
           Runner.app/Frameworks/App.framework/flutter_assets/kernel_blob.bin
           Runner.app/Frameworks/App.framework/flutter_assets/shaders/
           Runner.app/Frameworks/App.framework/flutter_assets/shaders/ink_sparkle.frag
           Runner.app/Frameworks/Flutter.framework/
           Runner.app/Frameworks/Flutter.framework/Flutter
           Runner.app/Frameworks/Flutter.framework/_CodeSignature/CodeResources
           Runner.app/Frameworks/Reachability.framework/
           Runner.app/Frameworks/Reachability.framework/Reachability
           Runner.app/Frameworks/Reachability.framework/ReachabilitySwift.bundle/
           Runner.app/Frameworks/Reachability.framework/ReachabilitySwift.bundle/Info.plist
           Runner.app/Frameworks/Reachability.framework/ReachabilitySwift.bundle/PrivacyInfo.xcprivacy
           Runner.app/Frameworks/Reachability.framework/_CodeSignature/CodeResources
           Runner.app/Frameworks/TOCropViewController.framework/
           Runner.app/Frameworks/TOCropViewController.framework/TOCropViewController
           Runner.app/Frameworks/TOCropViewController.framework/TOCropViewControllerBundle.bundle/
           Runner.app/Frameworks/TOCropViewController.framework/TOCropViewControllerBundle.bundle/Info.plist
           Runner.app/Frameworks/TOCropViewController.framework/TOCropViewControllerBundle.bundle/PrivacyInfo.xcprivacy
           Runner.app/Frameworks/TOCropViewController.framework/TOCropViewControllerBundle.bundle/Base.lproj/
           Runner.app/Frameworks/TOCropViewController.framework/TOCropViewControllerBundle.bundle/Base.lproj/TOCropViewControllerLocalizable.strings
           Runner.app/Frameworks/TOCropViewController.framework/TOCropViewControllerBundle.bundle/ar.lproj/
           Runner.app/Frameworks/TOCropViewController.framework/TOCropViewControllerBundle.bundle/ar.lproj/TOCropViewControllerLocalizable.strings
           Runner.app/Frameworks/TOCropViewController.framework/TOCropViewControllerBundle.bundle/ca.lproj/
           Runner.app/Frameworks/TOCropViewController.framework/TOCropViewControllerBundle.bundle/ca.lproj/TOCropViewControllerLocalizable.strings
           Runner.app/Frameworks/TOCropViewController.framework/TOCropViewControllerBundle.bundle/cs.lproj/
           Runner.app/Frameworks/TOCropViewController.framework/TOCropViewControllerBundle.bundle/cs.lproj/TOCropViewControllerLocalizable.strings
           Runner.app/Frameworks/TOCropViewController.framework/TOCropViewControllerBundle.bundle/da-DK.lproj/
           Runner.app/Frameworks/TOCropViewController.framework/TOCropViewControllerBundle.bundle/da-DK.lproj/TOCropViewControllerLocalizable.strings
           Runner.app/Frameworks/TOCropViewController.framework/TOCropViewControllerBundle.bundle/de.lproj/
           Runner.app/Frameworks/TOCropViewController.framework/TOCropViewControllerBundle.bundle/de.lproj/TOCropViewControllerLocalizable.strings
           Runner.app/Frameworks/TOCropViewController.framework/TOCropViewControllerBundle.bundle/en.lproj/
           Runner.app/Frameworks/TOCropViewController.framework/TOCropViewControllerBundle.bundle/en.lproj/TOCropViewControllerLocalizable.strings
           Runner.app/Frameworks/TOCropViewController.framework/TOCropViewControllerBundle.bundle/es.lproj/
           Runner.app/Frameworks/TOCropViewController.framework/TOCropViewControllerBundle.bundle/es.lproj/TOCropViewControllerLocalizable.strings
           Runner.app/Frameworks/TOCropViewController.framework/TOCropViewControllerBundle.bundle/fa-IR.lproj/
           Runner.app/Frameworks/TOCropViewController.framework/TOCropViewControllerBundle.bundle/fa-IR.lproj/TOCropViewControllerLocalizable.strings
           Runner.app/Frameworks/TOCropViewController.framework/TOCropViewControllerBundle.bundle/fa.lproj/
           Runner.app/Frameworks/TOCropViewController.framework/TOCropViewControllerBundle.bundle/fa.lproj/TOCropViewControllerLocalizable.strings
           Runner.app/Frameworks/TOCropViewController.framework/TOCropViewControllerBundle.bundle/fi.lproj/
           Runner.app/Frameworks/TOCropViewController.framework/TOCropViewControllerBundle.bundle/fi.lproj/TOCropViewControllerLocalizable.strings
           Runner.app/Frameworks/TOCropViewController.framework/TOCropViewControllerBundle.bundle/fr.lproj/
           Runner.app/Frameworks/TOCropViewController.framework/TOCropViewControllerBundle.bundle/fr.lproj/TOCropViewControllerLocalizable.strings
           Runner.app/Frameworks/TOCropViewController.framework/TOCropViewControllerBundle.bundle/hu.lproj/
           Runner.app/Frameworks/TOCropViewController.framework/TOCropViewControllerBundle.bundle/hu.lproj/TOCropViewControllerLocalizable.strings
           Runner.app/Frameworks/TOCropViewController.framework/TOCropViewControllerBundle.bundle/id.lproj/
           Runner.app/Frameworks/TOCropViewController.framework/TOCropViewControllerBundle.bundle/id.lproj/TOCropViewControllerLocalizable.strings
           Runner.app/Frameworks/TOCropViewController.framework/TOCropViewControllerBundle.bundle/it.lproj/
           Runner.app/Frameworks/TOCropViewController.framework/TOCropViewControllerBundle.bundle/it.lproj/TOCropViewControllerLocalizable.strings
           Runner.app/Frameworks/TOCropViewController.framework/TOCropViewControllerBundle.bundle/ja.lproj/
           Runner.app/Frameworks/TOCropViewController.framework/TOCropViewControllerBundle.bundle/ja.lproj/TOCropViewControllerLocalizable.strings
           Runner.app/Frameworks/TOCropViewController.framework/TOCropViewControllerBundle.bundle/ko.lproj/
           Runner.app/Frameworks/TOCropViewController.framework/TOCropViewControllerBundle.bundle/ko.lproj/TOCropViewControllerLocalizable.strings
           Runner.app/Frameworks/TOCropViewController.framework/TOCropViewControllerBundle.bundle/ms.lproj/
           Runner.app/Frameworks/TOCropViewController.framework/TOCropViewControllerBundle.bundle/ms.lproj/TOCropViewControllerLocalizable.strings
           Runner.app/Frameworks/TOCropViewController.framework/TOCropViewControllerBundle.bundle/nl.lproj/
           Runner.app/Frameworks/TOCropViewController.framework/TOCropViewControllerBundle.bundle/nl.lproj/TOCropViewControllerLocalizable.strings
           Runner.app/Frameworks/TOCropViewController.framework/TOCropViewControllerBundle.bundle/pl.lproj/
           Runner.app/Frameworks/TOCropViewController.framework/TOCropViewControllerBundle.bundle/pl.lproj/TOCropViewControllerLocalizable.strings
           Runner.app/Frameworks/TOCropViewController.framework/TOCropViewControllerBundle.bundle/pt-BR.lproj/
           Runner.app/Frameworks/TOCropViewController.framework/TOCropViewControllerBundle.bundle/pt-BR.lproj/TOCropViewControllerLocalizable.strings
           Runner.app/Frameworks/TOCropViewController.framework/TOCropViewControllerBundle.bundle/pt.lproj/
           Runner.app/Frameworks/TOCropViewController.framework/TOCropViewControllerBundle.bundle/pt.lproj/TOCropViewControllerLocalizable.strings
           Runner.app/Frameworks/TOCropViewController.framework/TOCropViewControllerBundle.bundle/ro.lproj/
           Runner.app/Frameworks/TOCropViewController.framework/TOCropViewControllerBundle.bundle/ro.lproj/TOCropViewControllerLocalizable.strings
           Runner.app/Frameworks/TOCropViewController.framework/TOCropViewControllerBundle.bundle/ru.lproj/
           Runner.app/Frameworks/TOCropViewController.framework/TOCropViewControllerBundle.bundle/ru.lproj/TOCropViewControllerLocalizable.strings
           Runner.app/Frameworks/TOCropViewController.framework/TOCropViewControllerBundle.bundle/sk.lproj/
           Runner.app/Frameworks/TOCropViewController.framework/TOCropViewControllerBundle.bundle/sk.lproj/TOCropViewControllerLocalizable.strings
           Runner.app/Frameworks/TOCropViewController.framework/TOCropViewControllerBundle.bundle/tr.lproj/
           Runner.app/Frameworks/TOCropViewController.framework/TOCropViewControllerBundle.bundle/tr.lproj/TOCropViewControllerLocalizable.strings
           Runner.app/Frameworks/TOCropViewController.framework/TOCropViewControllerBundle.bundle/uk.lproj/
           Runner.app/Frameworks/TOCropViewController.framework/TOCropViewControllerBundle.bundle/uk.lproj/TOCropViewControllerLocalizable.strings
           Runner.app/Frameworks/TOCropViewController.framework/TOCropViewControllerBundle.bundle/vi.lproj/
           Runner.app/Frameworks/TOCropViewController.framework/TOCropViewControllerBundle.bundle/vi.lproj/TOCropViewControllerLocalizable.strings
           Runner.app/Frameworks/TOCropViewController.framework/TOCropViewControllerBundle.bundle/zh-Hans.lproj/
           Runner.app/Frameworks/TOCropViewController.framework/TOCropViewControllerBundle.bundle/zh-Hans.lproj/TOCropViewControllerLocalizable.strings
           Runner.app/Frameworks/TOCropViewController.framework/TOCropViewControllerBundle.bundle/zh-Hant.lproj/
           Runner.app/Frameworks/TOCropViewController.framework/TOCropViewControllerBundle.bundle/zh-Hant.lproj/TOCropViewControllerLocalizable.strings
           Runner.app/Frameworks/TOCropViewController.framework/_CodeSignature/CodeResources
           Runner.app/Frameworks/connectivity_plus.framework/
           Runner.app/Frameworks/connectivity_plus.framework/connectivity_plus
           Runner.app/Frameworks/connectivity_plus.framework/_CodeSignature/CodeResources
           Runner.app/Frameworks/device_info_plus.framework/
           Runner.app/Frameworks/device_info_plus.framework/device_info_plus
           Runner.app/Frameworks/device_info_plus.framework/_CodeSignature/CodeResources
           Runner.app/Frameworks/flutter_secure_storage.framework/
           Runner.app/Frameworks/flutter_secure_storage.framework/flutter_secure_storage
           Runner.app/Frameworks/flutter_secure_storage.framework/_CodeSignature/CodeResources
           Runner.app/Frameworks/flutter_secure_storage.framework/flutter_secure_storage.bundle/
           Runner.app/Frameworks/flutter_secure_storage.framework/flutter_secure_storage.bundle/Info.plist
           Runner.app/Frameworks/flutter_secure_storage.framework/flutter_secure_storage.bundle/PrivacyInfo.xcprivacy
           Runner.app/Frameworks/image_cropper.framework/
           Runner.app/Frameworks/image_cropper.framework/image_cropper
           Runner.app/Frameworks/image_cropper.framework/_CodeSignature/CodeResources
           Runner.app/Frameworks/image_picker_ios.framework/
           Runner.app/Frameworks/image_picker_ios.framework/image_picker_ios
           Runner.app/Frameworks/image_picker_ios.framework/_CodeSignature/CodeResources
           Runner.app/Frameworks/image_picker_ios.framework/image_picker_ios_privacy.bundle/
           Runner.app/Frameworks/image_picker_ios.framework/image_picker_ios_privacy.bundle/Info.plist
           Runner.app/Frameworks/image_picker_ios.framework/image_picker_ios_privacy.bundle/PrivacyInfo.xcprivacy
           Runner.app/Frameworks/integration_test.framework/
           Runner.app/Frameworks/integration_test.framework/integration_test
           Runner.app/Frameworks/integration_test.framework/_CodeSignature/CodeResources
           Runner.app/Frameworks/local_auth_darwin.framework/
           Runner.app/Frameworks/local_auth_darwin.framework/local_auth_darwin
           Runner.app/Frameworks/local_auth_darwin.framework/_CodeSignature/CodeResources
           Runner.app/Frameworks/local_auth_darwin.framework/local_auth_darwin_privacy.bundle/
           Runner.app/Frameworks/local_auth_darwin.framework/local_auth_darwin_privacy.bundle/Info.plist
           Runner.app/Frameworks/local_auth_darwin.framework/local_auth_darwin_privacy.bundle/PrivacyInfo.xcprivacy
           Runner.app/Frameworks/package_info_plus.framework/
           Runner.app/Frameworks/package_info_plus.framework/package_info_plus
           Runner.app/Frameworks/package_info_plus.framework/_CodeSignature/CodeResources
           Runner.app/Frameworks/path_provider_foundation.framework/
           Runner.app/Frameworks/path_provider_foundation.framework/path_provider_foundation
           Runner.app/Frameworks/path_provider_foundation.framework/_CodeSignature/CodeResources
           Runner.app/Frameworks/path_provider_foundation.framework/path_provider_foundation_privacy.bundle/
           Runner.app/Frameworks/path_provider_foundation.framework/path_provider_foundation_privacy.bundle/Info.plist
           Runner.app/Frameworks/path_provider_foundation.framework/path_provider_foundation_privacy.bundle/PrivacyInfo.xcprivacy
           Runner.app/Frameworks/share_plus.framework/
           Runner.app/Frameworks/share_plus.framework/share_plus
           Runner.app/Frameworks/share_plus.framework/_CodeSignature/CodeResources
           Runner.app/Frameworks/shared_preferences_foundation.framework/
           Runner.app/Frameworks/shared_preferences_foundation.framework/shared_preferences_foundation
           Runner.app/Frameworks/shared_preferences_foundation.framework/_CodeSignature/CodeResources
           Runner.app/Frameworks/shared_preferences_foundation.framework/shared_preferences_foundation_privacy.bundle/
           Runner.app/Frameworks/shared_preferences_foundation.framework/shared_preferences_foundation_privacy.bundle/Info.plist
           Runner.app/Frameworks/shared_preferences_foundation.framework/shared_preferences_foundation_privacy.bundle/PrivacyInfo.xcprivacy
           Runner.app/Frameworks/sqflite_darwin.framework/
           Runner.app/Frameworks/sqflite_darwin.framework/sqflite_darwin
           Runner.app/Frameworks/sqflite_darwin.framework/_CodeSignature/CodeResources
           Runner.app/Frameworks/sqflite_darwin.framework/sqflite_darwin_privacy.bundle/
           Runner.app/Frameworks/sqflite_darwin.framework/sqflite_darwin_privacy.bundle/Info.plist
           Runner.app/Frameworks/sqflite_darwin.framework/sqflite_darwin_privacy.bundle/PrivacyInfo.xcprivacy
           Runner.app/Frameworks/url_launcher_ios.framework/
           Runner.app/Frameworks/url_launcher_ios.framework/url_launcher_ios
           Runner.app/Frameworks/url_launcher_ios.framework/_CodeSignature/CodeResources
           Runner.app/Frameworks/url_launcher_ios.framework/url_launcher_ios_privacy.bundle/
           Runner.app/Frameworks/url_launcher_ios.framework/url_launcher_ios_privacy.bundle/Info.plist
           Runner.app/Frameworks/url_launcher_ios.framework/url_launcher_ios_privacy.bundle/PrivacyInfo.xcprivacy
           Runner.app/Frameworks/video_player_avfoundation.framework/
           Runner.app/Frameworks/video_player_avfoundation.framework/video_player_avfoundation
           Runner.app/Frameworks/video_player_avfoundation.framework/_CodeSignature/CodeResources
           Runner.app/Frameworks/video_player_avfoundation.framework/video_player_avfoundation_privacy.bundle/
           Runner.app/Frameworks/video_player_avfoundation.framework/video_player_avfoundation_privacy.bundle/Info.plist
           Runner.app/Frameworks/video_player_avfoundation.framework/video_player_avfoundation_privacy.bundle/PrivacyInfo.xcprivacy
           Runner.app/Frameworks/wakelock_plus.framework/
           Runner.app/Frameworks/wakelock_plus.framework/wakelock_plus
           Runner.app/Frameworks/wakelock_plus.framework/_CodeSignature/CodeResources
           Runner.app/_CodeSignature/CodeResources

           sent 120640125 bytes  received 2592 bytes  220916896 bytes/sec
           total size is 134319663  speedup is 1.11
[   +1 ms] executing: /usr/bin/arch -arm64e xcrun simctl install 00724C24-F12F-4CA6-A33E-8FD8714B05CA /Users/carl.stanley/sites/UKCPA/ukcpa_flutter/build/ios/iphonesimulator/Runner.app
[ +576 ms] executing: /usr/bin/plutil -convert xml1 -o - /Users/carl.stanley/sites/UKCPA/ukcpa_flutter/build/ios/iphonesimulator/Runner.app/Info.plist
[  +33 ms] Exit code 0 from: /usr/bin/plutil -convert xml1 -o - /Users/carl.stanley/sites/UKCPA/ukcpa_flutter/build/ios/iphonesimulator/Runner.app/Info.plist
[        ] <?xml version="1.0" encoding="UTF-8"?>
           <!DOCTYPE plist PUBLIC "-//Apple//DTD PLIST 1.0//EN" "http://www.apple.com/DTDs/PropertyList-1.0.dtd">
           <plist version="1.0">
           <dict>
           	<key>BuildMachineOSBuild</key>
           	<string>24G84</string>
           	<key>CADisableMinimumFrameDurationOnPhone</key>
           	<true/>
           	<key>CFBundleDevelopmentRegion</key>
           	<string>en</string>
           	<key>CFBundleDisplayName</key>
           	<string>Ukcpa Flutter</string>
           	<key>CFBundleExecutable</key>
           	<string>Runner</string>
           	<key>CFBundleIcons</key>
           	<dict>
           		<key>CFBundlePrimaryIcon</key>
           		<dict>
           			<key>CFBundleIconFiles</key>
           			<array>
           				<string>AppIcon60x60</string>
           			</array>
           			<key>CFBundleIconName</key>
           			<string>AppIcon</string>
           		</dict>
           	</dict>
           	<key>CFBundleIcons~ipad</key>
           	<dict>
           		<key>CFBundlePrimaryIcon</key>
           		<dict>
           			<key>CFBundleIconFiles</key>
           			<array>
           				<string>AppIcon60x60</string>
           				<string>AppIcon76x76</string>
           			</array>
           			<key>CFBundleIconName</key>
           			<string>AppIcon</string>
           		</dict>
           	</dict>
           	<key>CFBundleIdentifier</key>
           	<string>com.example.ukcpaFlutter</string>
           	<key>CFBundleInfoDictionaryVersion</key>
           	<string>6.0</string>
           	<key>CFBundleName</key>
           	<string>ukcpa_flutter</string>
           	<key>CFBundlePackageType</key>
           	<string>APPL</string>
           	<key>CFBundleShortVersionString</key>
           	<string>1.0.0</string>
           	<key>CFBundleSignature</key>
           	<string>????</string>
           	<key>CFBundleSupportedPlatforms</key>
           	<array>
           		<string>iPhoneSimulator</string>
           	</array>
           	<key>CFBundleVersion</key>
           	<string>1</string>
           	<key>DTCompiler</key>
           	<string>com.apple.compilers.llvm.clang.1_0</string>
           	<key>DTPlatformBuild</key>
           	<string>22A3362</string>
           	<key>DTPlatformName</key>
           	<string>iphonesimulator</string>
           	<key>DTPlatformVersion</key>
           	<string>18.0</string>
           	<key>DTSDKBuild</key>
           	<string>22A3362</string>
           	<key>DTSDKName</key>
           	<string>iphonesimulator18.0</string>
           	<key>DTXcode</key>
           	<string>1600</string>
           	<key>DTXcodeBuild</key>
           	<string>16A242d</string>
           	<key>LSRequiresIPhoneOS</key>
           	<true/>
           	<key>MinimumOSVersion</key>
           	<string>12.0</string>
           	<key>NSBonjourServices</key>
           	<array>
           		<string>_dartVmService._tcp</string>
           	</array>
           	<key>NSLocalNetworkUsageDescription</key>
           	<string>Allow Flutter tools on your computer to connect and debug your application. This prompt will not appear on release builds.</string>
           	<key>UIApplicationSupportsIndirectInputEvents</key>
           	<true/>
           	<key>UIDeviceFamily</key>
           	<array>
           		<integer>1</integer>
           		<integer>2</integer>
           	</array>
           	<key>UILaunchStoryboardName</key>
           	<string>LaunchScreen</string>
           	<key>UIMainStoryboardFile</key>
           	<string>Main</string>
           	<key>UISupportedInterfaceOrientations</key>
           	<array>
           		<string>UIInterfaceOrientationPortrait</string>
           		<string>UIInterfaceOrientationLandscapeLeft</string>
           		<string>UIInterfaceOrientationLandscapeRight</string>
           	</array>
           	<key>UISupportedInterfaceOrientations~ipad</key>
           	<array>
           		<string>UIInterfaceOrientationPortrait</string>
           		<string>UIInterfaceOrientationPortraitUpsideDown</string>
           		<string>UIInterfaceOrientationLandscapeLeft</string>
           		<string>UIInterfaceOrientationLandscapeRight</string>
           	</array>
           </dict>
           </plist>
[   +2 ms] executing: /usr/bin/arch -arm64e xcrun simctl launch 00724C24-F12F-4CA6-A33E-8FD8714B05CA com.example.ukcpaFlutter --enable-dart-profiling --disable-vm-service-publication --enable-checked-mode --verify-entry-points
[   +1 ms] executing: /usr/bin/arch -arm64e xcrun simctl spawn 00724C24-F12F-4CA6-A33E-8FD8714B05CA log stream --style json --predicate eventType = logEvent AND processImagePath ENDSWITH "Runner" AND (senderImagePath ENDSWITH "/Flutter" OR senderImagePath ENDSWITH "/libswiftCore.dylib" OR processImageUUID == senderImageUUID) AND NOT(eventMessage CONTAINS ": could not find icon for representation -> com.apple.") AND NOT(eventMessage BEGINSWITH "assertion failed: ") AND NOT(eventMessage CONTAINS " libxpc.dylib ")
00:25 +0: loading /Users/carl.stanley/sites/UKCPA/ukcpa_flutter/integration_test/app_test.dart                                                                                                         [ +161 ms] com.example.ukcpaFlutter: 27925
[        ] Waiting for VM Service port to be available...
00:26 +0: loading /Users/carl.stanley/sites/UKCPA/ukcpa_flutter/integration_test/app_test.dart                                                                                                         00:27 +0: loading /Users/carl.stanley/sites/UKCPA/ukcpa_flutter/integration_test/app_test.dart                                                                                                         00:28 +0: loading /Users/carl.stanley/sites/UKCPA/ukcpa_flutter/integration_test/app_test.dart                                                                                                         00:29 +0: loading /Users/carl.stanley/sites/UKCPA/ukcpa_flutter/integration_test/app_test.dart                                                                                                         00:30 +0: loading /Users/carl.stanley/sites/UKCPA/ukcpa_flutter/integration_test/app_test.dart                                                                                                         00:31 +0: loading /Users/carl.stanley/sites/UKCPA/ukcpa_flutter/integration_test/app_test.dart                                                                                                         00:32 +0: loading /Users/carl.stanley/sites/UKCPA/ukcpa_flutter/integration_test/app_test.dart                                                                                                         00:33 +0: loading /Users/carl.stanley/sites/UKCPA/ukcpa_flutter/integration_test/app_test.dart                                                                                                         00:34 +0: loading /Users/carl.stanley/sites/UKCPA/ukcpa_flutter/integration_test/app_test.dart                                                                                                         00:35 +0: loading /Users/carl.stanley/sites/UKCPA/ukcpa_flutter/integration_test/app_test.dart                                                                                                         00:36 +0: loading /Users/carl.stanley/sites/UKCPA/ukcpa_flutter/integration_test/app_test.dart                                                                                                         00:37 +0: loading /Users/carl.stanley/sites/UKCPA/ukcpa_flutter/integration_test/app_test.dart                                                                                                         00:38 +0: loading /Users/carl.stanley/sites/UKCPA/ukcpa_flutter/integration_test/app_test.dart                                                                                                         00:39 +0: loading /Users/carl.stanley/sites/UKCPA/ukcpa_flutter/integration_test/app_test.dart                                                                                                         00:40 +0: loading /Users/carl.stanley/sites/UKCPA/ukcpa_flutter/integration_test/app_test.dart                                                                                                         00:41 +0: loading /Users/carl.stanley/sites/UKCPA/ukcpa_flutter/integration_test/app_test.dart                                                                                                         00:42 +0: loading /Users/carl.stanley/sites/UKCPA/ukcpa_flutter/integration_test/app_test.dart                                                                                                         00:43 +0: loading /Users/carl.stanley/sites/UKCPA/ukcpa_flutter/integration_test/app_test.dart                                                                                                         00:44 +0: loading /Users/carl.stanley/sites/UKCPA/ukcpa_flutter/integration_test/app_test.dart                                                                                                         00:45 +0: loading /Users/carl.stanley/sites/UKCPA/ukcpa_flutter/integration_test/app_test.dart                                                                                                         00:46 +0: loading /Users/carl.stanley/sites/UKCPA/ukcpa_flutter/integration_test/app_test.dart                                                                                                         00:47 +0: loading /Users/carl.stanley/sites/UKCPA/ukcpa_flutter/integration_test/app_test.dart                                                                                                         00:48 +0: loading /Users/carl.stanley/sites/UKCPA/ukcpa_flutter/integration_test/app_test.dart                                                                                                         00:49 +0: loading /Users/carl.stanley/sites/UKCPA/ukcpa_flutter/integration_test/app_test.dart                                                                                                         00:50 +0: loading /Users/carl.stanley/sites/UKCPA/ukcpa_flutter/integration_test/app_test.dart                                                                                                         00:51 +0: loading /Users/carl.stanley/sites/UKCPA/ukcpa_flutter/integration_test/app_test.dart                                                                                                         00:52 +0: loading /Users/carl.stanley/sites/UKCPA/ukcpa_flutter/integration_test/app_test.dart                                                                                                         00:53 +0: loading /Users/carl.stanley/sites/UKCPA/ukcpa_flutter/integration_test/app_test.dart                                                                                                         00:54 +0: loading /Users/carl.stanley/sites/UKCPA/ukcpa_flutter/integration_test/app_test.dart                                                                                                         00:55 +0: loading /Users/carl.stanley/sites/UKCPA/ukcpa_flutter/integration_test/app_test.dart                                                                                                         00:56 +0: loading /Users/carl.stanley/sites/UKCPA/ukcpa_flutter/integration_test/app_test.dart                                                                                                         00:57 +0: loading /Users/carl.stanley/sites/UKCPA/ukcpa_flutter/integration_test/app_test.dart                                                                                                         00:58 +0: loading /Users/carl.stanley/sites/UKCPA/ukcpa_flutter/integration_test/app_test.dart                                                                                                         00:59 +0: loading /Users/carl.stanley/sites/UKCPA/ukcpa_flutter/integration_test/app_test.dart                                                                                                         01:00 +0: loading /Users/carl.stanley/sites/UKCPA/ukcpa_flutter/integration_test/app_test.dart                                                                                                         01:01 +0: loading /Users/carl.stanley/sites/UKCPA/ukcpa_flutter/integration_test/app_test.dart                                                                                                         01:02 +0: loading /Users/carl.stanley/sites/UKCPA/ukcpa_flutter/integration_test/app_test.dart                                                                                                         01:03 +0: loading /Users/carl.stanley/sites/UKCPA/ukcpa_flutter/integration_test/app_test.dart                                                                                                         01:04 +0: loading /Users/carl.stanley/sites/UKCPA/ukcpa_flutter/integration_test/app_test.dart                                                                                                         01:05 +0: loading /Users/carl.stanley/sites/UKCPA/ukcpa_flutter/integration_test/app_test.dart                                                                                                         01:06 +0: loading /Users/carl.stanley/sites/UKCPA/ukcpa_flutter/integration_test/app_test.dart                                                                                                         01:07 +0: loading /Users/carl.stanley/sites/UKCPA/ukcpa_flutter/integration_test/app_test.dart                                                                                                         01:08 +0: loading /Users/carl.stanley/sites/UKCPA/ukcpa_flutter/integration_test/app_test.dart                                                                                                         01:09 +0: loading /Users/carl.stanley/sites/UKCPA/ukcpa_flutter/integration_test/app_test.dart                                                                                                         01:10 +0: loading /Users/carl.stanley/sites/UKCPA/ukcpa_flutter/integration_test/app_test.dart                                                                                                         01:11 +0: loading /Users/carl.stanley/sites/UKCPA/ukcpa_flutter/integration_test/app_test.dart                                                                                                         01:12 +0: loading /Users/carl.stanley/sites/UKCPA/ukcpa_flutter/integration_test/app_test.dart                                                                                                         01:13 +0: loading /Users/carl.stanley/sites/UKCPA/ukcpa_flutter/integration_test/app_test.dart                                                                                                         01:14 +0: loading /Users/carl.stanley/sites/UKCPA/ukcpa_flutter/integration_test/app_test.dart                                                                                                         01:15 +0: loading /Users/carl.stanley/sites/UKCPA/ukcpa_flutter/integration_test/app_test.dart                                                                                                         01:16 +0: loading /Users/carl.stanley/sites/UKCPA/ukcpa_flutter/integration_test/app_test.dart                                                                                                         01:17 +0: loading /Users/carl.stanley/sites/UKCPA/ukcpa_flutter/integration_test/app_test.dart                                                                                                         01:18 +0: loading /Users/carl.stanley/sites/UKCPA/ukcpa_flutter/integration_test/app_test.dart                                                                                                         01:19 +0: loading /Users/carl.stanley/sites/UKCPA/ukcpa_flutter/integration_test/app_test.dart                                                                                                         01:20 +0: loading /Users/carl.stanley/sites/UKCPA/ukcpa_flutter/integration_test/app_test.dart                                                                                                         01:21 +0: loading /Users/carl.stanley/sites/UKCPA/ukcpa_flutter/integration_test/app_test.dart                                                                                                         01:22 +0: loading /Users/carl.stanley/sites/UKCPA/ukcpa_flutter/integration_test/app_test.dart                                                                                                         01:23 +0: loading /Users/carl.stanley/sites/UKCPA/ukcpa_flutter/integration_test/app_test.dart                                                                                                         01:24 +0: loading /Users/carl.stanley/sites/UKCPA/ukcpa_flutter/integration_test/app_test.dart                                                                                                         01:25 +0: loading /Users/carl.stanley/sites/UKCPA/ukcpa_flutter/integration_test/app_test.dart                                                                                                         01:26 +0: loading /Users/carl.stanley/sites/UKCPA/ukcpa_flutter/integration_test/app_test.dart                                                                                                         01:27 +0: loading /Users/carl.stanley/sites/UKCPA/ukcpa_flutter/integration_test/app_test.dart                                                                                                         01:28 +0: loading /Users/carl.stanley/sites/UKCPA/ukcpa_flutter/integration_test/app_test.dart                                                                                                         01:29 +0: loading /Users/carl.stanley/sites/UKCPA/ukcpa_flutter/integration_test/app_test.dart                                                                                                         01:30 +0: loading /Users/carl.stanley/sites/UKCPA/ukcpa_flutter/integration_test/app_test.dart                                                                                                         01:31 +0: loading /Users/carl.stanley/sites/UKCPA/ukcpa_flutter/integration_test/app_test.dart                                                                                                         01:32 +0: loading /Users/carl.stanley/sites/UKCPA/ukcpa_flutter/integration_test/app_test.dart                                                                                                         01:33 +0: loading /Users/carl.stanley/sites/UKCPA/ukcpa_flutter/integration_test/app_test.dart                                                                                                         01:34 +0: loading /Users/carl.stanley/sites/UKCPA/ukcpa_flutter/integration_test/app_test.dart                                                                                                         01:35 +0: loading /Users/carl.stanley/sites/UKCPA/ukcpa_flutter/integration_test/app_test.dart                                                                                                         01:36 +0: loading /Users/carl.stanley/sites/UKCPA/ukcpa_flutter/integration_test/app_test.dart                                                                                                         01:37 +0: loading /Users/carl.stanley/sites/UKCPA/ukcpa_flutter/integration_test/app_test.dart                                                                                                         01:38 +0: loading /Users/carl.stanley/sites/UKCPA/ukcpa_flutter/integration_test/app_test.dart                                                                                                         01:39 +0: loading /Users/carl.stanley/sites/UKCPA/ukcpa_flutter/integration_test/app_test.dart                                                                                                         01:40 +0: loading /Users/carl.stanley/sites/UKCPA/ukcpa_flutter/integration_test/app_test.dart                                                                                                         01:41 +0: loading /Users/carl.stanley/sites/UKCPA/ukcpa_flutter/integration_test/app_test.dart                                                                                                         01:42 +0: loading /Users/carl.stanley/sites/UKCPA/ukcpa_flutter/integration_test/app_test.dart                                                                                                         01:43 +0: loading /Users/carl.stanley/sites/UKCPA/ukcpa_flutter/integration_test/app_test.dart                                                                                                         01:44 +0: loading /Users/carl.stanley/sites/UKCPA/ukcpa_flutter/integration_test/app_test.dart                                                                                                         01:45 +0: loading /Users/carl.stanley/sites/UKCPA/ukcpa_flutter/integration_test/app_test.dart                                                                                                         01:46 +0: loading /Users/carl.stanley/sites/UKCPA/ukcpa_flutter/integration_test/app_test.dart                                                                                                         01:47 +0: loading /Users/carl.stanley/sites/UKCPA/ukcpa_flutter/integration_test/app_test.dart                                                                                                         01:48 +0: loading /Users/carl.stanley/sites/UKCPA/ukcpa_flutter/integration_test/app_test.dart                                                                                                         01:49 +0: loading /Users/carl.stanley/sites/UKCPA/ukcpa_flutter/integration_test/app_test.dart                                                                                                         01:50 +0: loading /Users/carl.stanley/sites/UKCPA/ukcpa_flutter/integration_test/app_test.dart                                                                                                         01:51 +0: loading /Users/carl.stanley/sites/UKCPA/ukcpa_flutter/integration_test/app_test.dart                                                                                                         01:52 +0: loading /Users/carl.stanley/sites/UKCPA/ukcpa_flutter/integration_test/app_test.dart                                                                                                         01:53 +0: loading /Users/carl.stanley/sites/UKCPA/ukcpa_flutter/integration_test/app_test.dart                                                                                                         01:54 +0: loading /Users/carl.stanley/sites/UKCPA/ukcpa_flutter/integration_test/app_test.dart                                                                                                         01:55 +0: loading /Users/carl.stanley/sites/UKCPA/ukcpa_flutter/integration_test/app_test.dart                                                                                                         01:56 +0: loading /Users/carl.stanley/sites/UKCPA/ukcpa_flutter/integration_test/app_test.dart                                                                                                         01:57 +0: loading /Users/carl.stanley/sites/UKCPA/ukcpa_flutter/integration_test/app_test.dart                                                                                                         01:58 +0: loading /Users/carl.stanley/sites/UKCPA/ukcpa_flutter/integration_test/app_test.dart                                                                                                         01:59 +0: loading /Users/carl.stanley/sites/UKCPA/ukcpa_flutter/integration_test/app_test.dart                                                                                                         02:00 +0: loading /Users/carl.stanley/sites/UKCPA/ukcpa_flutter/integration_test/app_test.dart                                                                                                         02:01 +0: loading /Users/carl.stanley/sites/UKCPA/ukcpa_flutter/integration_test/app_test.dart                                                                                                         02:02 +0: loading /Users/carl.stanley/sites/UKCPA/ukcpa_flutter/integration_test/app_test.dart                                                                                                         02:03 +0: loading /Users/carl.stanley/sites/UKCPA/ukcpa_flutter/integration_test/app_test.dart                                                                                                         02:04 +0: loading /Users/carl.stanley/sites/UKCPA/ukcpa_flutter/integration_test/app_test.dart                                                                                                         02:05 +0: loading /Users/carl.stanley/sites/UKCPA/ukcpa_flutter/integration_test/app_test.dart                                                                                                         02:06 +0: loading /Users/carl.stanley/sites/UKCPA/ukcpa_flutter/integration_test/app_test.dart                                                                                                         02:07 +0: loading /Users/carl.stanley/sites/UKCPA/ukcpa_flutter/integration_test/app_test.dart                                                                                                         02:08 +0: loading /Users/carl.stanley/sites/UKCPA/ukcpa_flutter/integration_test/app_test.dart                                                                                                         02:09 +0: loading /Users/carl.stanley/sites/UKCPA/ukcpa_flutter/integration_test/app_test.dart                                                                                                         02:10 +0: loading /Users/carl.stanley/sites/UKCPA/ukcpa_flutter/integration_test/app_test.dart                                                                                                         02:11 +0: loading /Users/carl.stanley/sites/UKCPA/ukcpa_flutter/integration_test/app_test.dart                                                                                                         02:12 +0: loading /Users/carl.stanley/sites/UKCPA/ukcpa_flutter/integration_test/app_test.dart                                                                                                         02:13 +0: loading /Users/carl.stanley/sites/UKCPA/ukcpa_flutter/integration_test/app_test.dart                                                                                                         02:14 +0: loading /Users/carl.stanley/sites/UKCPA/ukcpa_flutter/integration_test/app_test.dart                                                                                                         02:15 +0: loading /Users/carl.stanley/sites/UKCPA/ukcpa_flutter/integration_test/app_test.dart                                                                                                         02:16 +0: loading /Users/carl.stanley/sites/UKCPA/ukcpa_flutter/integration_test/app_test.dart                                                                                                         02:17 +0: loading /Users/carl.stanley/sites/UKCPA/ukcpa_flutter/integration_test/app_test.dart                                                                                                         02:18 +0: loading /Users/carl.stanley/sites/UKCPA/ukcpa_flutter/integration_test/app_test.dart                                                                                                         02:19 +0: loading /Users/carl.stanley/sites/UKCPA/ukcpa_flutter/integration_test/app_test.dart                                                                                                         02:20 +0: loading /Users/carl.stanley/sites/UKCPA/ukcpa_flutter/integration_test/app_test.dart                                                                                                         02:21 +0: loading /Users/carl.stanley/sites/UKCPA/ukcpa_flutter/integration_test/app_test.dart                                                                                                         02:22 +0: loading /Users/carl.stanley/sites/UKCPA/ukcpa_flutter/integration_test/app_test.dart                                                                                                         02:23 +0: loading /Users/carl.stanley/sites/UKCPA/ukcpa_flutter/integration_test/app_test.dart                                                                                                         02:24 +0: loading /Users/carl.stanley/sites/UKCPA/ukcpa_flutter/integration_test/app_test.dart                                                                                                         02:25 +0: loading /Users/carl.stanley/sites/UKCPA/ukcpa_flutter/integration_test/app_test.dart                                                                                                         02:26 +0: loading /Users/carl.stanley/sites/UKCPA/ukcpa_flutter/integration_test/app_test.dart                                                                                                         02:27 +0: loading /Users/carl.stanley/sites/UKCPA/ukcpa_flutter/integration_test/app_test.dart                                                                                                         02:28 +0: loading /Users/carl.stanley/sites/UKCPA/ukcpa_flutter/integration_test/app_test.dart                                                                                                         02:29 +0: loading /Users/carl.stanley/sites/UKCPA/ukcpa_flutter/integration_test/app_test.dart                                                                                                         02:30 +0: loading /Users/carl.stanley/sites/UKCPA/ukcpa_flutter/integration_test/app_test.dart                                                                                                         02:31 +0: loading /Users/carl.stanley/sites/UKCPA/ukcpa_flutter/integration_test/app_test.dart                                                                                                         02:32 +0: loading /Users/carl.stanley/sites/UKCPA/ukcpa_flutter/integration_test/app_test.dart                                                                                                         02:33 +0: loading /Users/carl.stanley/sites/UKCPA/ukcpa_flutter/integration_test/app_test.dart                                                                                                         02:34 +0: loading /Users/carl.stanley/sites/UKCPA/ukcpa_flutter/integration_test/app_test.dart                                                                                                         02:35 +0: loading /Users/carl.stanley/sites/UKCPA/ukcpa_flutter/integration_test/app_test.dart                                                                                                         02:36 +0: loading /Users/carl.stanley/sites/UKCPA/ukcpa_flutter/integration_test/app_test.dart                                                                                                         02:37 +0: loading /Users/carl.stanley/sites/UKCPA/ukcpa_flutter/integration_test/app_test.dart                                                                                                         02:38 +0: loading /Users/carl.stanley/sites/UKCPA/ukcpa_flutter/integration_test/app_test.dart                                                                                                         02:39 +0: loading /Users/carl.stanley/sites/UKCPA/ukcpa_flutter/integration_test/app_test.dart                                                                                                         02:40 +0: loading /Users/carl.stanley/sites/UKCPA/ukcpa_flutter/integration_test/app_test.dart                                                                                                         02:41 +0: loading /Users/carl.stanley/sites/UKCPA/ukcpa_flutter/integration_test/app_test.dart                                                                                                         02:42 +0: loading /Users/carl.stanley/sites/UKCPA/ukcpa_flutter/integration_test/app_test.dart                                                                                                         02:43 +0: loading /Users/carl.stanley/sites/UKCPA/ukcpa_flutter/integration_test/app_test.dart                                                                                                         02:44 +0: loading /Users/carl.stanley/sites/UKCPA/ukcpa_flutter/integration_test/app_test.dart                                                                                                         02:45 +0: loading /Users/carl.stanley/sites/UKCPA/ukcpa_flutter/integration_test/app_test.dart                                                                                                         02:46 +0: loading /Users/carl.stanley/sites/UKCPA/ukcpa_flutter/integration_test/app_test.dart                                                                                                         02:47 +0: loading /Users/carl.stanley/sites/UKCPA/ukcpa_flutter/integration_test/app_test.dart                                                                                                         02:48 +0: loading /Users/carl.stanley/sites/UKCPA/ukcpa_flutter/integration_test/app_test.dart                                                                                                         02:49 +0: loading /Users/carl.stanley/sites/UKCPA/ukcpa_flutter/integration_test/app_test.dart                                                                                                         02:50 +0: loading /Users/carl.stanley/sites/UKCPA/ukcpa_flutter/integration_test/app_test.dart                                                                                                         02:51 +0: loading /Users/carl.stanley/sites/UKCPA/ukcpa_flutter/integration_test/app_test.dart                                                                                                         02:52 +0: loading /Users/carl.stanley/sites/UKCPA/ukcpa_flutter/integration_test/app_test.dart                                                                                                         02:53 +0: loading /Users/carl.stanley/sites/UKCPA/ukcpa_flutter/integration_test/app_test.dart                                                                                                         02:54 +0: loading /Users/carl.stanley/sites/UKCPA/ukcpa_flutter/integration_test/app_test.dart                                                                                                         02:55 +0: loading /Users/carl.stanley/sites/UKCPA/ukcpa_flutter/integration_test/app_test.dart                                                                                                         02:56 +0: loading /Users/carl.stanley/sites/UKCPA/ukcpa_flutter/integration_test/app_test.dart                                                                                                         02:57 +0: loading /Users/carl.stanley/sites/UKCPA/ukcpa_flutter/integration_test/app_test.dart                                                                                                         02:58 +0: loading /Users/carl.stanley/sites/UKCPA/ukcpa_flutter/integration_test/app_test.dart                                                                                                         02:59 +0: loading /Users/carl.stanley/sites/UKCPA/ukcpa_flutter/integration_test/app_test.dart                                                                                                         03:00 +0: loading /Users/carl.stanley/sites/UKCPA/ukcpa_flutter/integration_test/app_test.dart                                                                                                         03:01 +0: loading /Users/carl.stanley/sites/UKCPA/ukcpa_flutter/integration_test/app_test.dart                                                                                                         03:02 +0: loading /Users/carl.stanley/sites/UKCPA/ukcpa_flutter/integration_test/app_test.dart                                                                                                         03:03 +0: loading /Users/carl.stanley/sites/UKCPA/ukcpa_flutter/integration_test/app_test.dart                                                                                                         03:04 +0: loading /Users/carl.stanley/sites/UKCPA/ukcpa_flutter/integration_test/app_test.dart                                                                                                         03:05 +0: loading /Users/carl.stanley/sites/UKCPA/ukcpa_flutter/integration_test/app_test.dart                                                                                                         03:06 +0: loading /Users/carl.stanley/sites/UKCPA/ukcpa_flutter/integration_test/app_test.dart                                                                                                         03:07 +0: loading /Users/carl.stanley/sites/UKCPA/ukcpa_flutter/integration_test/app_test.dart                                                                                                         03:08 +0: loading /Users/carl.stanley/sites/UKCPA/ukcpa_flutter/integration_test/app_test.dart                                                                                                         03:09 +0: loading /Users/carl.stanley/sites/UKCPA/ukcpa_flutter/integration_test/app_test.dart                                                                                                         03:10 +0: loading /Users/carl.stanley/sites/UKCPA/ukcpa_flutter/integration_test/app_test.dart                                                                                                         03:11 +0: loading /Users/carl.stanley/sites/UKCPA/ukcpa_flutter/integration_test/app_test.dart                                                                                                         03:12 +0: loading /Users/carl.stanley/sites/UKCPA/ukcpa_flutter/integration_test/app_test.dart                                                                                                         03:13 +0: loading /Users/carl.stanley/sites/UKCPA/ukcpa_flutter/integration_test/app_test.dart                                                                                                         03:14 +0: loading /Users/carl.stanley/sites/UKCPA/ukcpa_flutter/integration_test/app_test.dart                                                                                                         03:15 +0: loading /Users/carl.stanley/sites/UKCPA/ukcpa_flutter/integration_test/app_test.dart                                                                                                         03:16 +0: loading /Users/carl.stanley/sites/UKCPA/ukcpa_flutter/integration_test/app_test.dart                                                                                                         03:17 +0: loading /Users/carl.stanley/sites/UKCPA/ukcpa_flutter/integration_test/app_test.dart                                                                                                         03:18 +0: loading /Users/carl.stanley/sites/UKCPA/ukcpa_flutter/integration_test/app_test.dart                                                                                                         03:19 +0: loading /Users/carl.stanley/sites/UKCPA/ukcpa_flutter/integration_test/app_test.dart                                                                                                         03:20 +0: loading /Users/carl.stanley/sites/UKCPA/ukcpa_flutter/integration_test/app_test.dart                                                                                                         03:21 +0: loading /Users/carl.stanley/sites/UKCPA/ukcpa_flutter/integration_test/app_test.dart                                                                                                         03:22 +0: loading /Users/carl.stanley/sites/UKCPA/ukcpa_flutter/integration_test/app_test.dart                                                                                                         03:23 +0: loading /Users/carl.stanley/sites/UKCPA/ukcpa_flutter/integration_test/app_test.dart                                                                                                         03:24 +0: loading /Users/carl.stanley/sites/UKCPA/ukcpa_flutter/integration_test/app_test.dart                                                                                                         03:25 +0: loading /Users/carl.stanley/sites/UKCPA/ukcpa_flutter/integration_test/app_test.dart                                                                                                         03:26 +0: loading /Users/carl.stanley/sites/UKCPA/ukcpa_flutter/integration_test/app_test.dart                                                                                                         03:27 +0: loading /Users/carl.stanley/sites/UKCPA/ukcpa_flutter/integration_test/app_test.dart                                                                                                         03:28 +0: loading /Users/carl.stanley/sites/UKCPA/ukcpa_flutter/integration_test/app_test.dart                                                                                                         03:29 +0: loading /Users/carl.stanley/sites/UKCPA/ukcpa_flutter/integration_test/app_test.dart                                                                                                         03:30 +0: loading /Users/carl.stanley/sites/UKCPA/ukcpa_flutter/integration_test/app_test.dart                                                                                                         03:31 +0: loading /Users/carl.stanley/sites/UKCPA/ukcpa_flutter/integration_test/app_test.dart                                                                                                         03:32 +0: loading /Users/carl.stanley/sites/UKCPA/ukcpa_flutter/integration_test/app_test.dart                                                                                                         03:33 +0: loading /Users/carl.stanley/sites/UKCPA/ukcpa_flutter/integration_test/app_test.dart                                                                                                         03:34 +0: loading /Users/carl.stanley/sites/UKCPA/ukcpa_flutter/integration_test/app_test.dart                                                                                                         03:35 +0: loading /Users/carl.stanley/sites/UKCPA/ukcpa_flutter/integration_test/app_test.dart                                                                                                         03:36 +0: loading /Users/carl.stanley/sites/UKCPA/ukcpa_flutter/integration_test/app_test.dart                                                                                                         03:37 +0: loading /Users/carl.stanley/sites/UKCPA/ukcpa_flutter/integration_test/app_test.dart                                                                                                         03:38 +0: loading /Users/carl.stanley/sites/UKCPA/ukcpa_flutter/integration_test/app_test.dart                                                                                                         03:39 +0: loading /Users/carl.stanley/sites/UKCPA/ukcpa_flutter/integration_test/app_test.dart                                                                                                         03:40 +0: loading /Users/carl.stanley/sites/UKCPA/ukcpa_flutter/integration_test/app_test.dart                                                                                                         03:41 +0: loading /Users/carl.stanley/sites/UKCPA/ukcpa_flutter/integration_test/app_test.dart                                                                                                         03:42 +0: loading /Users/carl.stanley/sites/UKCPA/ukcpa_flutter/integration_test/app_test.dart                                                                                                         03:43 +0: loading /Users/carl.stanley/sites/UKCPA/ukcpa_flutter/integration_test/app_test.dart                                                                                                         03:44 +0: loading /Users/carl.stanley/sites/UKCPA/ukcpa_flutter/integration_test/app_test.dart                                                                                                         03:45 +0: loading /Users/carl.stanley/sites/UKCPA/ukcpa_flutter/integration_test/app_test.dart                                                                                                         03:46 +0: loading /Users/carl.stanley/sites/UKCPA/ukcpa_flutter/integration_test/app_test.dart                                                                                                         03:47 +0: loading /Users/carl.stanley/sites/UKCPA/ukcpa_flutter/integration_test/app_test.dart                                                                                                         03:48 +0: loading /Users/carl.stanley/sites/UKCPA/ukcpa_flutter/integration_test/app_test.dart                                                                                                         03:49 +0: loading /Users/carl.stanley/sites/UKCPA/ukcpa_flutter/integration_test/app_test.dart                                                                                                         03:50 +0: loading /Users/carl.stanley/sites/UKCPA/ukcpa_flutter/integration_test/app_test.dart                                                                                                         03:51 +0: loading /Users/carl.stanley/sites/UKCPA/ukcpa_flutter/integration_test/app_test.dart                                                                                                         03:52 +0: loading /Users/carl.stanley/sites/UKCPA/ukcpa_flutter/integration_test/app_test.dart                                                                                                         03:53 +0: loading /Users/carl.stanley/sites/UKCPA/ukcpa_flutter/integration_test/app_test.dart                                                                                                         03:54 +0: loading /Users/carl.stanley/sites/UKCPA/ukcpa_flutter/integration_test/app_test.dart                                                                                                         03:55 +0: loading /Users/carl.stanley/sites/UKCPA/ukcpa_flutter/integration_test/app_test.dart                                                                                                         03:56 +0: loading /Users/carl.stanley/sites/UKCPA/ukcpa_flutter/integration_test/app_test.dart                                                                                                         03:57 +0: loading /Users/carl.stanley/sites/UKCPA/ukcpa_flutter/integration_test/app_test.dart                                                                                                         03:58 +0: loading /Users/carl.stanley/sites/UKCPA/ukcpa_flutter/integration_test/app_test.dart                                                                                                         03:59 +0: loading /Users/carl.stanley/sites/UKCPA/ukcpa_flutter/integration_test/app_test.dart                                                                                                         04:00 +0: loading /Users/carl.stanley/sites/UKCPA/ukcpa_flutter/integration_test/app_test.dart                                                                                                         04:01 +0: loading /Users/carl.stanley/sites/UKCPA/ukcpa_flutter/integration_test/app_test.dart                                                                                                         04:02 +0: loading /Users/carl.stanley/sites/UKCPA/ukcpa_flutter/integration_test/app_test.dart                                                                                                         04:03 +0: loading /Users/carl.stanley/sites/UKCPA/ukcpa_flutter/integration_test/app_test.dart                                                                                                         04:04 +0: loading /Users/carl.stanley/sites/UKCPA/ukcpa_flutter/integration_test/app_test.dart                                                                                                         04:05 +0: loading /Users/carl.stanley/sites/UKCPA/ukcpa_flutter/integration_test/app_test.dart                                                                                                         04:06 +0: loading /Users/carl.stanley/sites/UKCPA/ukcpa_flutter/integration_test/app_test.dart                                                                                                         04:07 +0: loading /Users/carl.stanley/sites/UKCPA/ukcpa_flutter/integration_test/app_test.dart                                                                                                         04:08 +0: loading /Users/carl.stanley/sites/UKCPA/ukcpa_flutter/integration_test/app_test.dart                                                                                                         04:09 +0: loading /Users/carl.stanley/sites/UKCPA/ukcpa_flutter/integration_test/app_test.dart                                                                                                         04:10 +0: loading /Users/carl.stanley/sites/UKCPA/ukcpa_flutter/integration_test/app_test.dart                                                                                                         04:11 +0: loading /Users/carl.stanley/sites/UKCPA/ukcpa_flutter/integration_test/app_test.dart                                                                                                         04:12 +0: loading /Users/carl.stanley/sites/UKCPA/ukcpa_flutter/integration_test/app_test.dart                                                                                                         04:13 +0: loading /Users/carl.stanley/sites/UKCPA/ukcpa_flutter/integration_test/app_test.dart                                                                                                         04:14 +0: loading /Users/carl.stanley/sites/UKCPA/ukcpa_flutter/integration_test/app_test.dart                                                                                                         04:15 +0: loading /Users/carl.stanley/sites/UKCPA/ukcpa_flutter/integration_test/app_test.dart                                                                                                         04:16 +0: loading /Users/carl.stanley/sites/UKCPA/ukcpa_flutter/integration_test/app_test.dart                                                                                                         04:17 +0: loading /Users/carl.stanley/sites/UKCPA/ukcpa_flutter/integration_test/app_test.dart                                                                                                         04:18 +0: loading /Users/carl.stanley/sites/UKCPA/ukcpa_flutter/integration_test/app_test.dart                                                                                                         04:19 +0: loading /Users/carl.stanley/sites/UKCPA/ukcpa_flutter/integration_test/app_test.dart                                                                                                         04:20 +0: loading /Users/carl.stanley/sites/UKCPA/ukcpa_flutter/integration_test/app_test.dart                                                                                                         04:21 +0: loading /Users/carl.stanley/sites/UKCPA/ukcpa_flutter/integration_test/app_test.dart                                                                                                         04:22 +0: loading /Users/carl.stanley/sites/UKCPA/ukcpa_flutter/integration_test/app_test.dart                                                                                                         04:23 +0: loading /Users/carl.stanley/sites/UKCPA/ukcpa_flutter/integration_test/app_test.dart                                                                                                         04:24 +0: loading /Users/carl.stanley/sites/UKCPA/ukcpa_flutter/integration_test/app_test.dart                                                                                                         04:25 +0: loading /Users/carl.stanley/sites/UKCPA/ukcpa_flutter/integration_test/app_test.dart                                                                                                         04:26 +0: loading /Users/carl.stanley/sites/UKCPA/ukcpa_flutter/integration_test/app_test.dart                                                                                                         04:27 +0: loading /Users/carl.stanley/sites/UKCPA/ukcpa_flutter/integration_test/app_test.dart                                                                                                         04:28 +0: loading /Users/carl.stanley/sites/UKCPA/ukcpa_flutter/integration_test/app_test.dart                                                                                                         04:29 +0: loading /Users/carl.stanley/sites/UKCPA/ukcpa_flutter/integration_test/app_test.dart                                                                                                         04:30 +0: loading /Users/carl.stanley/sites/UKCPA/ukcpa_flutter/integration_test/app_test.dart                                                                                                         04:31 +0: loading /Users/carl.stanley/sites/UKCPA/ukcpa_flutter/integration_test/app_test.dart                                                                                                         04:32 +0: loading /Users/carl.stanley/sites/UKCPA/ukcpa_flutter/integration_test/app_test.dart                                                                                                         04:33 +0: loading /Users/carl.stanley/sites/UKCPA/ukcpa_flutter/integration_test/app_test.dart                                                                                                         04:34 +0: loading /Users/carl.stanley/sites/UKCPA/ukcpa_flutter/integration_test/app_test.dart                                                                                                         04:35 +0: loading /Users/carl.stanley/sites/UKCPA/ukcpa_flutter/integration_test/app_test.dart                                                                                                         04:36 +0: loading /Users/carl.stanley/sites/UKCPA/ukcpa_flutter/integration_test/app_test.dart                                                                                                         04:37 +0: loading /Users/carl.stanley/sites/UKCPA/ukcpa_flutter/integration_test/app_test.dart                                                                                                         04:38 +0: loading /Users/carl.stanley/sites/UKCPA/ukcpa_flutter/integration_test/app_test.dart                                                                                                         04:39 +0: loading /Users/carl.stanley/sites/UKCPA/ukcpa_flutter/integration_test/app_test.dart                                                                                                         04:40 +0: loading /Users/carl.stanley/sites/UKCPA/ukcpa_flutter/integration_test/app_test.dart                                                                                                         04:41 +0: loading /Users/carl.stanley/sites/UKCPA/ukcpa_flutter/integration_test/app_test.dart                                                                                                         04:42 +0: loading /Users/carl.stanley/sites/UKCPA/ukcpa_flutter/integration_test/app_test.dart                                                                                                         04:43 +0: loading /Users/carl.stanley/sites/UKCPA/ukcpa_flutter/integration_test/app_test.dart                                                                                                         04:44 +0: loading /Users/carl.stanley/sites/UKCPA/ukcpa_flutter/integration_test/app_test.dart                                                                                                         04:45 +0: loading /Users/carl.stanley/sites/UKCPA/ukcpa_flutter/integration_test/app_test.dart                                                                                                         04:46 +0: loading /Users/carl.stanley/sites/UKCPA/ukcpa_flutter/integration_test/app_test.dart                                                                                                         04:47 +0: loading /Users/carl.stanley/sites/UKCPA/ukcpa_flutter/integration_test/app_test.dart                                                                                                         04:48 +0: loading /Users/carl.stanley/sites/UKCPA/ukcpa_flutter/integration_test/app_test.dart                                                                                                         04:49 +0: loading /Users/carl.stanley/sites/UKCPA/ukcpa_flutter/integration_test/app_test.dart                                                                                                         04:50 +0: loading /Users/carl.stanley/sites/UKCPA/ukcpa_flutter/integration_test/app_test.dart                                                                                                         04:51 +0: loading /Users/carl.stanley/sites/UKCPA/ukcpa_flutter/integration_test/app_test.dart                                                                                                         04:52 +0: loading /Users/carl.stanley/sites/UKCPA/ukcpa_flutter/integration_test/app_test.dart                                                                                                         04:53 +0: loading /Users/carl.stanley/sites/UKCPA/ukcpa_flutter/integration_test/app_test.dart                                                                                                         04:54 +0: loading /Users/carl.stanley/sites/UKCPA/ukcpa_flutter/integration_test/app_test.dart                                                                                                         